#
# A fatal error has been detected by the Java Runtime Environment:
#
#  SIGSEGV (0xb) at pc=0x00007ae12b4af087, pid=316004, tid=316022
#
# JRE version: OpenJDK Runtime Environment (21.0.9) (build 21.0.9-internal-adhoc.talzuss.openjdk-mmtk)
# Java VM: OpenJDK 64-Bit Server VM (21.0.9-internal-adhoc.talzuss.openjdk-mmtk, mixed mode, sharing, tiered, compressed oops, compressed class ptrs, third-party gc, linux-amd64)
# Problematic frame:
# C  [libmmtk_openjdk.so+0x2af087]  _$LT$mmtk..plan..concurrent..immix..gc_work..SatbFinalDrain$LT$VM$GT$$u20$as$u20$mmtk..scheduler..work..GCWork$LT$VM$GT$$GT$::do_work::h99199484dacfec84+0x477
#
# Core dump will be written. Default location: Core dumps may be processed with "/usr/share/apport/apport -p%p -s%s -c%c -d%d -P%P -u%u -g%g -F%F -- %E" (or dumping to /mydata/gc-bpf-fault/micro/core.316004)
#
# If you would like to submit a bug report, please visit:
#   https://bugreport.java.com/bugreport/crash.jsp
#

---------------  S U M M A R Y ------------

Command Line: -XX:+UseThirdPartyHeap -Xms512m -Xmx512m /mydata/dacapo/dacapo-23.11/dacapo-23.11-MR2-chopin.jar xalan -n 3

Host: AMD EPYC 7302P 16-Core Processor, 32 cores, 125G, Ubuntu 24.04.4 LTS
Time: Tue Jul  7 14:06:41 2026 MDT elapsed time: 3.010913 seconds (0d 0h 0m 3s)

---------------  T H R E A D  ---------------

Current thread (0x00007ae1245381d0):  NamedThread "MMTk Collector Thread" [id=316022, stack(0x00007ae1294f7000,0x00007ae1295f7000) (1024K)]

Stack: [0x00007ae1294f7000,0x00007ae1295f7000],  sp=0x00007ae1295f5910,  free space=1018k
Native frames: (J=compiled Java code, j=interpreted, Vv=VM code, C=native code)
C  [libmmtk_openjdk.so+0x2af087]  _$LT$mmtk..plan..concurrent..immix..gc_work..SatbFinalDrain$LT$VM$GT$$u20$as$u20$mmtk..scheduler..work..GCWork$LT$VM$GT$$GT$::do_work::h99199484dacfec84+0x477

siginfo: si_signo: 11 (SIGSEGV), si_code: 1 (SEGV_MAPERR), si_addr: 0x00007ae28b27bba8

Registers:
RAX=0x0000000058000000, RBX=0x000000000000003f, RCX=0x00007ae12b27bba8, RDX=0x00006e33ef000000
RSP=0x00007ae1295f5910, RBP=0x000000004139fff8, RSI=0x000000004139fff8, RDI=0x00006e33ef000001
R8 =0x00006e33b00008e0, R9 =0x0000000000000100, R10=0x00006e33c8000030, R11=0xd893ba5a8089dc42
R12=0x0000000000274200, R13=0x00007ae12b601880, R14=0x00000000413a0fb0, R15=0x0000000000274200
RIP=0x00007ae12b4af087, EFLAGS=0x0000000000010206, CSGSFS=0x002b000000000033, ERR=0x0000000000000004
  TRAPNO=0x000000000000000e

XMM[0]=0x0000000000000000 0x0000000000000000
XMM[1]=0x0000000000000000 0x00006e33c8000090
XMM[2]=0xff0000ff0000ff00 0xffffff00ff000000
XMM[3]=0x0000000000000000 0x0000000000000000
XMM[4]=0x0000000000000000 0x00006e33c8000090
XMM[5]=0x000000007463656a 0x00000000624f2f67
XMM[6]=0x0000000040004f28 0x000000000000000c
XMM[7]=0x0000000000000001 0x0000000000000004
XMM[8]=0x0000000000009b76 0x0000000040329ce8
XMM[9]=0x0000000000000000 0x0000000000000000
XMM[10]=0x3f3f3f3f3f3f3f3f 0x3f3f3f3f3f3f3f3f
XMM[11]=0x9999999999999999 0x9999999999999999
XMM[12]=0x2020202020202020 0x2020202020202020
XMM[13]=0x0000000000000000 0x0000000000000000
XMM[14]=0x0000000000000000 0x0000000000000000
XMM[15]=0x0000000000000000 0x0000000000000000
  MXCSR=0x00001fa2


Register to memory mapping:

RAX=
[error occurred during error reporting (printing register info), id 0xe0000000, Internal Error (/mydata/mmtk-openjdk/openjdk/share/mmtkHeap.cpp:444)]
RBX=
[error occurred during error reporting (printing register info, attempt 2), id 0xe0000000, Internal Error (/mydata/mmtk-openjdk/openjdk/share/mmtkHeap.cpp:444)]
RCX=
[error occurred during error reporting (printing register info, attempt 3), id 0xe0000000, Internal Error (/mydata/mmtk-openjdk/openjdk/share/mmtkHeap.cpp:444)]
Top of Stack: (sp=0x00007ae1295f5910)
0x00007ae1295f5910:   00007ae1243dfa10 00006e33ef006f28
0x00007ae1295f5920:   0000000040fd56d0 0000000000010000
0x00007ae1295f5930:   00006e33c801f9e0 000000000000c146
0x00007ae1295f5940:   0000000000000040 00006e33c800f9e0
0x00007ae1295f5950:   000000000000003f 00007ae12b6019e0
0x00007ae1295f5960:   00006e33f00f32c0 000000004deb5c60
0x00007ae1295f5970:   00002000013a0000 0000000000020000
0x00007ae1295f5980:   00006e33a0011d00 00006e33a801a018
0x00007ae1295f5990:   00007ae12452c5c0 0000000000000040
0x00007ae1295f59a0:   00007ae12b601880 00007ae1295f5a60
0x00007ae1295f59b0:   00007ae1295f5970 00007ae1295f5a58
0x00007ae1295f59c0:   00007ae1295f5a50 00007ae1295f5a2f
0x00007ae1295f59d0:   00007ae1295f5a38 00007ae1295f5928
0x00007ae1295f59e0:   0000000000000000 00006e33c800f9e0
0x00007ae1295f59f0:   00007ae12452c5c0 00007ae12406d080
0x00007ae1295f5a00:   00007ae12406d400 00007ae12452c460
0x00007ae1295f5a10:   00007ae1295f5a20 00007ae12b4ab283
0x00007ae1295f5a20:   00006e33c800f9e0 0000000000000001
0x00007ae1295f5a30:   00006e33c800fbd8 0000000000000400
0x00007ae1295f5a40:   00006e33c8009f20 0000000000000319
0x00007ae1295f5a50:   0000000040000000 00000000413a0000
0x00007ae1295f5a60:   00000000000013a0 00007ae1295f5978
0x00007ae1295f5a70:   00007ae12b601880 00007ae12b601090
0x00007ae1295f5a80:   0000000000000040 00006e33ef20b360
0x00007ae1295f5a90:   00007ae12406fb00 00007ae1295f59f0
0x00007ae1295f5aa0:   00006e33c800b7e8 00006e33c800ac00
0x00007ae1295f5ab0:   00007ae12406ef00 00007ae12406ec00
0x00007ae1295f5ac0:   00007ae12406e900 00007ae12406e600
0x00007ae1295f5ad0:   00007ae12406e300 00007ae12406e000
0x00007ae1295f5ae0:   00007ae12406dd00 00007ae12406da00
0x00007ae1295f5af0:   00007ae12406d700 00007ae12b601090
0x00007ae1295f5b00:   00007ae12b5c31f8 00007ae12ceadd50 

Instructions: (pc=0x00007ae12b4af087)
0x00007ae12b4aef87:   44 24 30 48 89 84 24 70 01 00 00 48 85 db 0f 84
0x00007ae12b4aef97:   f5 0a 00 00 48 8b 84 24 d8 00 00 00 48 8d 0c d8
0x00007ae12b4aefa7:   48 89 8c 24 20 01 00 00 eb 36 66 66 66 66 66 66
0x00007ae12b4aefb7:   2e 0f 1f 84 00 00 00 00 00 48 8d 94 24 90 00 00
0x00007ae12b4aefc7:   00 e8 a3 17 fd ff 48 8b 84 24 10 01 00 00 48 83
0x00007ae12b4aefd7:   c0 08 48 3b 84 24 20 01 00 00 0f 84 a9 0a 00 00
0x00007ae12b4aefe7:   48 89 84 24 10 01 00 00 48 8b 30 4c 89 ac 24 90
0x00007ae12b4aeff7:   00 00 00 48 8d 84 24 50 01 00 00 48 89 84 24 98
0x00007ae12b4af007:   00 00 00 48 8d 44 24 60 48 89 84 24 a0 00 00 00
0x00007ae12b4af017:   48 8d 84 24 48 01 00 00 48 89 84 24 a8 00 00 00
0x00007ae12b4af027:   48 8d 84 24 40 01 00 00 48 89 84 24 b0 00 00 00
0x00007ae12b4af037:   48 8d 84 24 1f 01 00 00 48 89 84 24 b8 00 00 00
0x00007ae12b4af047:   48 8d 84 24 28 01 00 00 48 89 84 24 c0 00 00 00
0x00007ae12b4af057:   48 8d 44 24 18 48 89 84 24 c8 00 00 00 8b 46 08
0x00007ae12b4af067:   48 8b 15 aa 36 15 00 48 8b 0d ab 36 15 00 48 d3
0x00007ae12b4af077:   e0 48 8d 3c 10 8b 44 10 0c 48 8d 0d 21 cb dc ff
0x00007ae12b4af087:   48 63 04 81 48 01 c8 ff e0 48 89 74 24 10 48 89
0x00007ae12b4af097:   bc 24 78 01 00 00 48 63 87 28 01 00 00 48 85 c0
0x00007ae12b4af0a7:   0f 84 5e 07 00 00 48 8b 94 24 78 01 00 00 48 63
0x00007ae12b4af0b7:   8a ac 00 00 00 48 8d 0c ca 48 63 92 2c 01 00 00
0x00007ae12b4af0c7:   48 8d 34 d1 48 8d 1c d1 48 81 c3 d8 01 00 00 48
0x00007ae12b4af0d7:   8d 04 c6 48 05 d8 01 00 00 48 89 44 24 08 eb 18
0x00007ae12b4af0e7:   66 0f 1f 84 00 00 00 00 00 48 83 c3 08 48 3b 5c
0x00007ae12b4af0f7:   24 08 0f 84 0c 07 00 00 44 8b 63 04 4d 85 e4 74
0x00007ae12b4af107:   e8 4c 63 2b 4c 03 6c 24 10 45 31 ff eb 24 66 66
0x00007ae12b4af117:   2e 0f 1f 84 00 00 00 00 00 48 8b 44 24 20 4a 89
0x00007ae12b4af127:   2c f0 49 ff c6 4c 89 74 24 28 49 ff c7 4d 39 e7
0x00007ae12b4af137:   74 b7 4a 8d 34 bd 00 00 00 00 4c 01 ee 48 89 f0
0x00007ae12b4af147:   48 b9 ff ff ff ff ff ff ff 7f 48 21 c8 48 89 c1
0x00007ae12b4af157:   48 2b 0d 7a 27 15 00 48 89 cf 48 c1 ef 0c 48 3b
0x00007ae12b4af167:   bc 24 50 01 00 00 75 31 48 8b 4c 24 60 48 8b 94
0x00007ae12b4af177:   24 48 01 00 00 48 29 d0 8b 2c 01 48 85 ed 74 aa 


Stack slot to memory mapping:

stack at sp + 0 slots: 
[error occurred during error reporting (inspecting top of stack), id 0xe0000000, Internal Error (/mydata/mmtk-openjdk/openjdk/share/mmtkHeap.cpp:444)]
stack at sp + 1 slots: 
[error occurred during error reporting (inspecting top of stack, attempt 2), id 0xe0000000, Internal Error (/mydata/mmtk-openjdk/openjdk/share/mmtkHeap.cpp:444)]
stack at sp + 2 slots: 
[error occurred during error reporting (inspecting top of stack, attempt 3), id 0xe0000000, Internal Error (/mydata/mmtk-openjdk/openjdk/share/mmtkHeap.cpp:444)]

---------------  P R O C E S S  ---------------

Threads class SMR info:
_java_thread_list=0x00006e33440fd950, length=56, elements={
0x00007ae12402b240, 0x00007ae124526820, 0x00007ae1245280b0, 0x00007ae124529bc0,
0x00007ae1245483f0, 0x00007ae124549d40, 0x00007ae12454b600, 0x00007ae12454d440,
0x00007ae124556e10, 0x00006e336804d8e0, 0x00006e336804eee0, 0x00007ae1245a6170,
0x00007ae1245a9170, 0x00006e3360023fd0, 0x00006e336003eb30, 0x00006e33600401a0,
0x00006e3364098760, 0x00007ae1247a5680, 0x00007ae1247a64f0, 0x00007ae1247979f0,
0x00007ae124798d80, 0x00007ae1247dbc60, 0x00007ae1247dc850, 0x00007ae1247ddcf0,
0x00007ae1247df260, 0x00007ae1247e0630, 0x00007ae1247e1ae0, 0x00007ae1247e3070,
0x00007ae1247e4600, 0x00007ae1247e5ab0, 0x00007ae1247e6f60, 0x00007ae1243e1190,
0x00007ae1243e21b0, 0x00007ae1243e39f0, 0x00007ae12479d7d0, 0x00007ae12479ebf0,
0x00007ae1247a0140, 0x00007ae1247a1720, 0x00007ae1247a2d00, 0x00007ae1247a41a0,
0x00007ae1245c22c0, 0x00007ae1245c3b10, 0x00007ae1245c5360, 0x00007ae1245c6bb0,
0x00007ae1245c8400, 0x00007ae1245d7740, 0x00007ae1245d9150, 0x00007ae1245da9e0,
0x00007ae1245dc270, 0x00006e33681018d0, 0x00006e334404ec30, 0x00006e33600c8850,
0x00006e33440504f0, 0x00006e33481decb0, 0x00006e336411df70, 0x00006e3344054050
}

Java Threads: ( => current thread )
  0x00007ae12402b240 JavaThread "main"                              [_thread_blocked, id=316005, stack(0x00007ae12b700000,0x00007ae12b800000) (1024K)]
  0x00007ae124526820 JavaThread "Reference Handler"          daemon [_thread_blocked, id=316010, stack(0x00007ae12a100000,0x00007ae12a200000) (1024K)]
  0x00007ae1245280b0 JavaThread "Finalizer"                  daemon [_thread_blocked, id=316011, stack(0x00007ae12a000000,0x00007ae12a100000) (1024K)]
  0x00007ae124529bc0 JavaThread "MMTk Finalizer Thread"      daemon [_thread_blocked, id=316012, stack(0x00007ae129f00000,0x00007ae12a000000) (1024K)]
  0x00007ae1245483f0 JavaThread "Signal Dispatcher"          daemon [_thread_blocked, id=316036, stack(0x00007ae1286e9000,0x00007ae1287e9000) (1024K)]
  0x00007ae124549d40 JavaThread "Service Thread"             daemon [_thread_blocked, id=316037, stack(0x00007ae1285e9000,0x00007ae1286e9000) (1024K)]
  0x00007ae12454b600 JavaThread "Monitor Deflation Thread"   daemon [_thread_blocked, id=316038, stack(0x00007ae1284e9000,0x00007ae1285e9000) (1024K)]
  0x00007ae12454d440 JavaThread "C2 CompilerThread0"         daemon [_thread_blocked, id=316039, stack(0x00007ae1283e9000,0x00007ae1284e9000) (1024K)]
  0x00007ae124556e10 JavaThread "C1 CompilerThread0"         daemon [_thread_blocked, id=316040, stack(0x00007ae1282e9000,0x00007ae1283e9000) (1024K)]
  0x00006e336804d8e0 JavaThread "C1 CompilerThread1"         daemon [_thread_blocked, id=316041, stack(0x00007ae128118000,0x00007ae128218000) (1024K)]
  0x00006e336804eee0 JavaThread "C1 CompilerThread2"         daemon [_thread_blocked, id=316042, stack(0x00007ae128018000,0x00007ae128118000) (1024K)]
  0x00007ae1245a6170 JavaThread "Notification Thread"        daemon [_thread_blocked, id=316043, stack(0x00007ae0ec6ff000,0x00007ae0ec7ff000) (1024K)]
  0x00007ae1245a9170 JavaThread "Common-Cleaner"             daemon [_thread_blocked, id=316044, stack(0x00007ae0ec5ff000,0x00007ae0ec6ff000) (1024K)]
  0x00006e3360023fd0 JavaThread "C2 CompilerThread1"         daemon [_thread_blocked, id=316045, stack(0x00007ae0ec4ff000,0x00007ae0ec5ff000) (1024K)]
  0x00006e336003eb30 JavaThread "C1 CompilerThread3"         daemon [_thread_blocked, id=316046, stack(0x00006e34382fc000,0x00006e34383fc000) (1024K)]
  0x00006e33600401a0 JavaThread "C1 CompilerThread4"         daemon [_thread_blocked, id=316047, stack(0x00006e3435100000,0x00006e3435200000) (1024K)]
  0x00006e3364098760 JavaThread "C2 CompilerThread2"         daemon [_thread_blocked, id=316048, stack(0x00006e3435000000,0x00006e3435100000) (1024K)]
  0x00007ae1247a5680 JavaThread "Thread-0"                          [_thread_blocked, id=316049, stack(0x00006e3434f00000,0x00006e3435000000) (1024K)]
  0x00007ae1247a64f0 JavaThread "Thread-1"                          [_thread_blocked, id=316050, stack(0x00006e3434e00000,0x00006e3434f00000) (1024K)]
  0x00007ae1247979f0 JavaThread "Thread-2"                          [_thread_blocked, id=316051, stack(0x00006e3434d00000,0x00006e3434e00000) (1024K)]
  0x00007ae124798d80 JavaThread "Thread-3"                          [_thread_blocked, id=316052, stack(0x00006e3434c00000,0x00006e3434d00000) (1024K)]
  0x00007ae1247dbc60 JavaThread "Thread-4"                          [_thread_blocked, id=316053, stack(0x00006e3434b00000,0x00006e3434c00000) (1024K)]
  0x00007ae1247dc850 JavaThread "Thread-5"                          [_thread_blocked, id=316054, stack(0x00006e3434a00000,0x00006e3434b00000) (1024K)]
  0x00007ae1247ddcf0 JavaThread "Thread-6"                          [_thread_blocked, id=316055, stack(0x00006e3434900000,0x00006e3434a00000) (1024K)]
  0x00007ae1247df260 JavaThread "Thread-7"                          [_thread_blocked, id=316056, stack(0x00006e3434800000,0x00006e3434900000) (1024K)]
  0x00007ae1247e0630 JavaThread "Thread-8"                          [_thread_blocked, id=316057, stack(0x00006e3434700000,0x00006e3434800000) (1024K)]
  0x00007ae1247e1ae0 JavaThread "Thread-9"                          [_thread_blocked, id=316058, stack(0x00006e3434600000,0x00006e3434700000) (1024K)]
  0x00007ae1247e3070 JavaThread "Thread-10"                         [_thread_blocked, id=316059, stack(0x00006e3434500000,0x00006e3434600000) (1024K)]
  0x00007ae1247e4600 JavaThread "Thread-11"                         [_thread_blocked, id=316060, stack(0x00006e3434400000,0x00006e3434500000) (1024K)]
  0x00007ae1247e5ab0 JavaThread "Thread-12"                         [_thread_blocked, id=316061, stack(0x00006e3434300000,0x00006e3434400000) (1024K)]
  0x00007ae1247e6f60 JavaThread "Thread-13"                         [_thread_blocked, id=316062, stack(0x00006e3434200000,0x00006e3434300000) (1024K)]
  0x00007ae1243e1190 JavaThread "Thread-14"                         [_thread_blocked, id=316063, stack(0x00006e3434100000,0x00006e3434200000) (1024K)]
  0x00007ae1243e21b0 JavaThread "Thread-15"                         [_thread_blocked, id=316064, stack(0x00006e3434000000,0x00006e3434100000) (1024K)]
  0x00007ae1243e39f0 JavaThread "Thread-16"                         [_thread_blocked, id=316065, stack(0x00006e33eef00000,0x00006e33ef000000) (1024K)]
  0x00007ae12479d7d0 JavaThread "Thread-17"                         [_thread_blocked, id=316066, stack(0x00006e33eee00000,0x00006e33eef00000) (1024K)]
  0x00007ae12479ebf0 JavaThread "Thread-18"                         [_thread_blocked, id=316067, stack(0x00006e33eed00000,0x00006e33eee00000) (1024K)]
  0x00007ae1247a0140 JavaThread "Thread-19"                         [_thread_blocked, id=316068, stack(0x00006e33eec00000,0x00006e33eed00000) (1024K)]
  0x00007ae1247a1720 JavaThread "Thread-20"                         [_thread_blocked, id=316069, stack(0x00006e33eeb00000,0x00006e33eec00000) (1024K)]
  0x00007ae1247a2d00 JavaThread "Thread-21"                         [_thread_blocked, id=316070, stack(0x00006e33eea00000,0x00006e33eeb00000) (1024K)]
  0x00007ae1247a41a0 JavaThread "Thread-22"                         [_thread_blocked, id=316071, stack(0x00006e33ee900000,0x00006e33eea00000) (1024K)]
  0x00007ae1245c22c0 JavaThread "Thread-23"                         [_thread_blocked, id=316072, stack(0x00006e33ee800000,0x00006e33ee900000) (1024K)]
  0x00007ae1245c3b10 JavaThread "Thread-24"                         [_thread_blocked, id=316073, stack(0x00006e33ee700000,0x00006e33ee800000) (1024K)]
  0x00007ae1245c5360 JavaThread "Thread-25"                         [_thread_blocked, id=316074, stack(0x00006e33ee600000,0x00006e33ee700000) (1024K)]
  0x00007ae1245c6bb0 JavaThread "Thread-26"                         [_thread_blocked, id=316075, stack(0x00006e33ee500000,0x00006e33ee600000) (1024K)]
  0x00007ae1245c8400 JavaThread "Thread-27"                         [_thread_blocked, id=316076, stack(0x00006e33ee400000,0x00006e33ee500000) (1024K)]
  0x00007ae1245d7740 JavaThread "Thread-28"                         [_thread_blocked, id=316077, stack(0x00006e33ee300000,0x00006e33ee400000) (1024K)]
  0x00007ae1245d9150 JavaThread "Thread-29"                         [_thread_blocked, id=316078, stack(0x00006e33ee200000,0x00006e33ee300000) (1024K)]
  0x00007ae1245da9e0 JavaThread "Thread-30"                         [_thread_blocked, id=316079, stack(0x00006e33ee100000,0x00006e33ee200000) (1024K)]
  0x00007ae1245dc270 JavaThread "Thread-31"                         [_thread_blocked, id=316080, stack(0x00006e33ee000000,0x00006e33ee100000) (1024K)]
  0x00006e33681018d0 JavaThread "C2 CompilerThread3"         daemon [_thread_in_native, id=316081, stack(0x00006e33edf00000,0x00006e33ee000000) (1024K)]
  0x00006e334404ec30 JavaThread "C2 CompilerThread4"         daemon [_thread_blocked, id=316082, stack(0x00006e33ede00000,0x00006e33edf00000) (1024K)]
  0x00006e33600c8850 JavaThread "C2 CompilerThread5"         daemon [_thread_blocked, id=316083, stack(0x00006e33edd00000,0x00006e33ede00000) (1024K)]
  0x00006e33440504f0 JavaThread "C2 CompilerThread6"         daemon [_thread_blocked, id=316084, stack(0x00006e33edc00000,0x00006e33edd00000) (1024K)]
  0x00006e33481decb0 JavaThread "C2 CompilerThread7"         daemon [_thread_blocked, id=316085, stack(0x00006e33edb00000,0x00006e33edc00000) (1024K)]
  0x00006e336411df70 JavaThread "C2 CompilerThread8"         daemon [_thread_blocked, id=316086, stack(0x00006e33eda00000,0x00006e33edb00000) (1024K)]
  0x00006e3344054050 JavaThread "C2 CompilerThread9"         daemon [_thread_blocked, id=316087, stack(0x00006e33ed900000,0x00006e33eda00000) (1024K)]
Total: 56

Other Threads:
  0x00007ae12451b380 VMThread "VM Thread"                           [id=316009, stack(0x00007ae12a4fd000,0x00007ae12a5fd000) (1024K)]
  0x00007ae124508fb0 WatcherThread "VM Periodic Task Thread"        [id=316008, stack(0x00007ae12a5fe000,0x00007ae12a6fe000) (1024K)]

=>0x00007ae1245381d0 (exited) NamedThread "MMTk Collector Thread"   [id=316022, stack(0x00007ae1294f7000,0x00007ae1295f7000) (1024K)]
Total: 3

Threads with active compile tasks:
C2 CompilerThread0  3013 2772       4       org.apache.xml.serializer.AttributesImplSerializer::addAttribute (116 bytes)
C2 CompilerThread1  3013 2947   !   4       org.apache.xerces.impl.XMLDocumentFragmentScannerImpl$FragmentContentDispatcher::dispatch (1118 bytes)
C2 CompilerThread2  3013 2933       4       java.util.HashMap::putMapEntries (170 bytes)
C2 CompilerThread3  3013 2318   !   4       org.apache.xalan.templates.ElemApplyTemplates::transformSelectedNodes (979 bytes)
C2 CompilerThread4  3013 2751       4       org.apache.xml.serializer.AttributesImplSerializer::getIndex (45 bytes)
C2 CompilerThread5  3013 2769       4       org.apache.xml.serializer.SerializerBase::addAttribute (25 bytes)
C2 CompilerThread6  3013 2754   !   4       org.apache.xml.serializer.ToStream::addAttributeAlways (273 bytes)
C2 CompilerThread7  3013 2771       4       org.xml.sax.helpers.AttributesImpl::addAttribute (91 bytes)
C2 CompilerThread8  3013 2773       4       org.apache.xml.serializer.ToHTMLStream::processAttribute (101 bytes)
C2 CompilerThread9  3013 2656   !   4       org.apache.xpath.axes.PredicatedNodeTest::acceptNode (99 bytes)
Total: 10

VM state: at safepoint (normal execution)

VM Mutex/Monitor currently owned by a thread:  ([mutex/lock_event])
[0x00007ae12cd580d0] Threads_lock - owner thread: 0x00007ae12451b380
[0x00007ae12cd57fd0] Heap_lock - owner thread: 0x00007ae1243e47f0

Heap address: 0x0000000040000000, size: 3072 MB, Compressed Oops mode: 32-bit

CDS archive(s) mapped at: [0x00006e33ef000000-0x00006e33efca3000-0x00006e33efca3000), size 13250560, SharedBaseAddress: 0x00006e33ef000000, ArchiveRelocationMode: 1.
Compressed class space mapped at: 0x00006e33f0000000-0x00006e3430000000, reserved size: 1073741824
Narrow klass base: 0x00006e33ef000000, Narrow klass shift: 0, Narrow klass range: 0x100000000

GC Precious Log:
<Empty>

Heap:

[error occurred during error reporting (printing heap information), id 0xe0000000, Internal Error (/mydata/mmtk-openjdk/openjdk/share/mmtkHeap.cpp:424)]
Metaspace:

Usage:
  Non-class:      6.96 MB used.
      Class:    966.12 KB used.
       Both:      7.91 MB used.

Virtual space:
  Non-class space:       64.00 MB reserved,       7.06 MB ( 11%) committed,  1 nodes.
      Class space:        1.00 GB reserved,       1.06 MB ( <1%) committed,  1 nodes.
             Both:        1.06 GB reserved,       8.12 MB ( <1%) committed. 

Chunk freelists:
   Non-Class:  7.41 MB
       Class:  14.99 MB
        Both:  22.40 MB

MaxMetaspaceSize: unlimited
CompressedClassSpaceSize: 1.00 GB
Initial GC threshold: 21.00 MB
Current GC threshold: 21.00 MB
CDS: on
 - commit_granule_bytes: 65536.
 - commit_granule_words: 8192.
 - virtual_space_node_default_size: 8388608.
 - enlarge_chunks_in_place: 1.
 - use_allocation_guard: 0.


Internal statistics:

num_allocs_failed_limit: 0.
num_arena_births: 118.
num_arena_deaths: 0.
num_vsnodes_births: 2.
num_vsnodes_deaths: 0.
num_space_committed: 130.
num_space_uncommitted: 0.
num_chunks_returned_to_freelist: 0.
num_chunks_taken_from_freelist: 362.
num_chunk_merges: 0.
num_chunk_splits: 256.
num_chunks_enlarged: 202.
num_inconsistent_stats: 0.

CodeHeap 'non-profiled nmethods': size=118880Kb used=1528Kb max_used=1528Kb free=117351Kb
 bounds [0x00007ae1143e8000, 0x00007ae114658000, 0x00007ae11b800000]
CodeHeap 'profiled nmethods': size=118876Kb used=6318Kb max_used=6318Kb free=112557Kb
 bounds [0x00007ae10c800000, 0x00007ae10ce30000, 0x00007ae113c17000]
CodeHeap 'non-nmethods': size=8004Kb used=3535Kb max_used=3614Kb free=4468Kb
 bounds [0x00007ae113c17000, 0x00007ae113fa7000, 0x00007ae1143e8000]
CodeCache: size=245760Kb, used=11381Kb, max_used=11460Kb, free=234376Kb
 total_blobs=3373, nmethods=2890, adapters=381, full_count=0
Compilation: enabled, stopped_count=0, restarted_count=0

Compilation events (20 events):
Event: 2.984 Thread 0x00006e3360023fd0 2947   !   4       org.apache.xerces.impl.XMLDocumentFragmentScannerImpl$FragmentContentDispatcher::dispatch (1118 bytes)
Event: 2.984 Thread 0x00006e33481decb0 nmethod 2697 0x00007ae114554890 code [0x00007ae114554a20, 0x00007ae114554b48]
Event: 2.984 Thread 0x00006e33481decb0 2735       4       org.apache.xalan.templates.ElemIf::execute (120 bytes)
Event: 2.985 Thread 0x00006e33440504f0 nmethod 2874 0x00007ae114554c90 code [0x00007ae114555020, 0x00007ae1145568a0]
Event: 3.002 Thread 0x00006e33440504f0 2324       4       java.lang.String::<init> (99 bytes)
Event: 3.002 Thread 0x00006e336411df70 nmethod 2935 0x00007ae114557b90 code [0x00007ae114557d60, 0x00007ae114558640]
Event: 3.002 Thread 0x00007ae12454d440 nmethod 2639 0x00007ae114558890 code [0x00007ae114558a80, 0x00007ae114559238]
Event: 3.003 Thread 0x00007ae12454d440 2864       4       java.nio.CharBuffer::position (8 bytes)
Event: 3.003 Thread 0x00006e336411df70 2773       4       org.apache.xml.serializer.ToHTMLStream::processAttribute (101 bytes)
Event: 3.003 Thread 0x00007ae12454d440 nmethod 2864 0x00007ae114559690 code [0x00007ae114559820, 0x00007ae114559908]
Event: 3.003 Thread 0x00007ae12454d440 2772       4       org.apache.xml.serializer.AttributesImplSerializer::addAttribute (116 bytes)
Event: 3.003 Thread 0x00006e33481decb0 nmethod 2735 0x00007ae114559a10 code [0x00007ae114559bc0, 0x00007ae114559da8]
Event: 3.004 Thread 0x00006e33481decb0 2771       4       org.xml.sax.helpers.AttributesImpl::addAttribute (91 bytes)
Event: 3.005 Thread 0x00006e33600c8850 nmethod 2377 0x00007ae11455a010 code [0x00007ae11455a280, 0x00007ae11455aa58]
Event: 3.005 Thread 0x00006e33600c8850 2769       4       org.apache.xml.serializer.SerializerBase::addAttribute (25 bytes)
Event: 3.006 Thread 0x00006e33440504f0 nmethod 2324 0x00007ae11455b190 code [0x00007ae11455b340, 0x00007ae11455b8b8]
Event: 3.006 Thread 0x00006e334404ec30 nmethod 2443 0x00007ae11455bb10 code [0x00007ae11455c1c0, 0x00007ae114561d98]
Event: 3.006 Thread 0x00006e33440504f0 2754   !   4       org.apache.xml.serializer.ToStream::addAttributeAlways (273 bytes)
Event: 3.006 Thread 0x00006e334404ec30 2751       4       org.apache.xml.serializer.AttributesImplSerializer::getIndex (45 bytes)
Event: 3.007 Thread 0x00006e3344054050 nmethod 2656 0x00007ae114565490 code [0x00007ae114565660, 0x00007ae114565d80]

GC Heap History (0 events):
No events

Dll operation events (7 events):
Event: 0.001 Loaded shared library /mydata/openjdk-mmtk/build/b0test/images/jdk/lib/libjava.so
Event: 2.216 Loaded shared library /mydata/openjdk-mmtk/build/b0test/images/jdk/lib/libjsvml.so
Event: 2.229 Loaded shared library /mydata/openjdk-mmtk/build/b0test/images/jdk/lib/libnio.so
Event: 2.233 Loaded shared library /mydata/openjdk-mmtk/build/b0test/images/jdk/lib/libzip.so
Event: 2.246 Loaded shared library /mydata/openjdk-mmtk/build/b0test/images/jdk/lib/libjimage.so
Event: 2.272 Loaded shared library /mydata/openjdk-mmtk/build/b0test/images/jdk/lib/libnet.so
Event: 2.371 Loaded shared library /mydata/openjdk-mmtk/build/b0test/images/jdk/lib/libverify.so

Deoptimization events (20 events):
Event: 2.954 Thread 0x00007ae1247a5680 DEOPT PACKING pc=0x00007ae10cd7193e sp=0x00006e3434ffe600
Event: 2.954 Thread 0x00007ae1247a5680 DEOPT UNPACKING pc=0x00007ae113c6b02f sp=0x00006e3434ffdbf8 mode 0
Event: 2.955 Thread 0x00007ae1247a5680 Uncommon trap: trap_request=0xffffffde fr.pc=0x00007ae1144914a0 relative=0x0000000000000b20
Event: 2.955 Thread 0x00007ae1247a5680 Uncommon trap: reason=class_check action=maybe_recompile pc=0x00007ae1144914a0 method=java.io.Writer.write(Ljava/lang/String;)V @ 7 c2
Event: 2.955 Thread 0x00007ae1247a5680 DEOPT PACKING pc=0x00007ae1144914a0 sp=0x00006e3434ffe7e0
Event: 2.955 Thread 0x00007ae1247a5680 DEOPT UNPACKING pc=0x00007ae113c6a899 sp=0x00006e3434ffe7c8 mode 2
Event: 2.955 Thread 0x00007ae1247a5680 Uncommon trap: trap_request=0xffffffde fr.pc=0x00007ae114481f1c relative=0x000000000000089c
Event: 2.955 Thread 0x00007ae1247a5680 Uncommon trap: reason=class_check action=maybe_recompile pc=0x00007ae114481f1c method=java.nio.charset.CharsetEncoder.encode(Ljava/nio/CharBuffer;Ljava/nio/ByteBuffer;Z)Ljava/nio/charset/CoderResult; @ 57 c2
Event: 2.955 Thread 0x00007ae1247a5680 DEOPT PACKING pc=0x00007ae114481f1c sp=0x00006e3434ffe6c0
Event: 2.955 Thread 0x00007ae1247a5680 DEOPT UNPACKING pc=0x00007ae113c6a899 sp=0x00006e3434ffe478 mode 2
Event: 2.974 Thread 0x00007ae1247e3070 DEOPT PACKING pc=0x00007ae10cc3063d sp=0x00006e34345fe110
Event: 2.974 Thread 0x00007ae1247e3070 DEOPT UNPACKING pc=0x00007ae113c6b02f sp=0x00006e34345fd608 mode 0
Event: 2.982 Thread 0x00007ae1247e0630 DEOPT PACKING pc=0x00007ae10cc3063d sp=0x00006e34347fe060
Event: 2.982 Thread 0x00007ae1247e0630 DEOPT UNPACKING pc=0x00007ae113c6b02f sp=0x00006e34347fd558 mode 0
Event: 2.984 Thread 0x00007ae1247dc850 DEOPT PACKING pc=0x00007ae10cd7caac sp=0x00006e3434afe390
Event: 2.984 Thread 0x00007ae1247dc850 DEOPT UNPACKING pc=0x00007ae113c6b02f sp=0x00006e3434afd8e8 mode 0
Event: 3.006 Thread 0x00007ae1247a64f0 Uncommon trap: trap_request=0xffffff6e fr.pc=0x00007ae11455d27c relative=0x00000000000010bc
Event: 3.006 Thread 0x00007ae1247a64f0 Uncommon trap: reason=loop_limit_check action=maybe_recompile pc=0x00007ae11455d27c method=org.apache.xalan.templates.ElemLiteralResult.execute(Lorg/apache/xalan/transformer/TransformerImpl;)V @ 110 c2
Event: 3.006 Thread 0x00007ae1247a64f0 DEOPT PACKING pc=0x00007ae11455d27c sp=0x00006e3434efd2d0
Event: 3.006 Thread 0x00007ae1247a64f0 DEOPT UNPACKING pc=0x00007ae113c6a899 sp=0x00006e3434efd2e0 mode 2

Classes loaded (20 events):
Event: 2.637 Loading class java/util/ResourceBundle$KeyElementReference
Event: 2.637 Loading class java/util/ResourceBundle$CacheKeyReference
Event: 2.638 Loading class java/util/ResourceBundle$CacheKeyReference done
Event: 2.638 Loading class java/util/ResourceBundle$KeyElementReference done
Event: 2.638 Loading class java/util/ResourceBundle$Control$2
Event: 2.638 Loading class java/util/ResourceBundle$Control$2 done
Event: 2.639 Loading class sun/util/PropertyResourceBundleCharset
Event: 2.639 Loading class sun/util/PropertyResourceBundleCharset done
Event: 2.639 Loading class sun/util/PropertyResourceBundleCharset$PropertiesFileDecoder
Event: 2.639 Loading class sun/util/PropertyResourceBundleCharset$PropertiesFileDecoder done
Event: 2.643 Loading class java/util/ResourceBundle$BundleReference
Event: 2.643 Loading class java/util/ResourceBundle$BundleReference done
Event: 2.643 Loading class sun/util/ResourceBundleEnumeration
Event: 2.643 Loading class sun/util/ResourceBundleEnumeration done
Event: 2.651 Loading class sun/nio/cs/ISO_8859_1$Encoder
Event: 2.651 Loading class sun/nio/cs/ISO_8859_1$Encoder done
Event: 2.682 Loading class java/util/ResourceBundle$Control$1
Event: 2.682 Loading class java/util/ResourceBundle$Control$1 done
Event: 2.697 Loading class java/lang/foreign/MemorySegment
Event: 2.697 Loading class java/lang/foreign/MemorySegment done

Classes unloaded (0 events):
No events

Classes redefined (0 events):
No events

Internal exceptions (13 events):
Event: 2.240 Thread 0x00007ae12402b240 Exception <a 'java/lang/NoSuchMethodError'{0x0000000040334090}: 'java.lang.Object java.lang.invoke.DirectMethodHandle$Holder.newInvokeSpecial(java.lang.Object, int, java.lang.Object)'> (0x0000000040334090) 
thrown [src/hotspot/share/interpreter/linkResolver.cpp, line 772]
Event: 2.249 Thread 0x00007ae12402b240 Exception <a 'java/lang/NoSuchMethodError'{0x00000000402f9e28}: 'void java.lang.invoke.DirectMethodHandle$Holder.invokeStatic(java.lang.Object, java.lang.Object)'> (0x00000000402f9e28) 
thrown [src/hotspot/share/interpreter/linkResolver.cpp, line 772]
Event: 2.249 Thread 0x00007ae12402b240 Exception <a 'java/lang/NoSuchMethodError'{0x00000000402fd820}: 'void java.lang.invoke.DirectMethodHandle$Holder.invokeSpecial(java.lang.Object, java.lang.Object, java.lang.Object)'> (0x00000000402fd820) 
thrown [src/hotspot/share/interpreter/linkResolver.cpp, line 772]
Event: 2.291 Thread 0x00007ae12402b240 Exception <a 'java/lang/NoSuchMethodError'{0x00000000401b5c58}: 'void java.lang.invoke.DirectMethodHandle$Holder.invokeVirtual(java.lang.Object, java.lang.Object)'> (0x00000000401b5c58) 
thrown [src/hotspot/share/interpreter/linkResolver.cpp, line 772]
Event: 2.298 Thread 0x00007ae12402b240 Exception <a 'java/io/FileNotFoundException'{0x0000000040180b60}> (0x0000000040180b60) 
thrown [src/hotspot/share/prims/jni.cpp, line 520]
Event: 2.308 Thread 0x00007ae12402b240 Exception <a 'java/lang/NoSuchMethodError'{0x0000000040121890}: 'java.lang.Object java.lang.invoke.Invokers$Holder.invokeExact_MT(java.lang.Object, java.lang.Object, java.lang.Object, java.lang.Object, java.lang.Object)'> (0x0000000040121890) 
thrown [src/hotspot/share/interpreter/linkResolver.cpp, line 772]
Event: 2.492 Thread 0x00007ae12402b240 Exception <a 'java/lang/NoSuchMethodError'{0x0000000040eba4f8}: 'void java.lang.invoke.DirectMethodHandle$Holder.invokeVirtual(java.lang.Object, java.lang.Object, int)'> (0x0000000040eba4f8) 
thrown [src/hotspot/share/interpreter/linkResolver.cpp, line 772]
Event: 2.493 Thread 0x00007ae12402b240 Exception <a 'java/lang/NoSuchMethodError'{0x0000000040ebec20}: 'int java.lang.invoke.DirectMethodHandle$Holder.invokeSpecial(java.lang.Object, java.lang.Object, java.lang.Object, int)'> (0x0000000040ebec20) 
thrown [src/hotspot/share/interpreter/linkResolver.cpp, line 772]
Event: 2.494 Thread 0x00007ae12402b240 Exception <a 'java/lang/NoSuchMethodError'{0x0000000040ea09e0}: 'java.lang.Object java.lang.invoke.DirectMethodHandle$Holder.invokeStatic(java.lang.Object, java.lang.Object, java.lang.Object, java.lang.Object, int)'> (0x0000000040ea09e0) 
thrown [src/hotspot/share/interpreter/linkResolver.cpp, line 772]
Event: 2.495 Thread 0x00007ae12402b240 Exception <a 'java/lang/NoSuchMethodError'{0x0000000040e9bbe0}: 'void java.lang.invoke.DelegatingMethodHandle$Holder.reinvoke_L(java.lang.Object, java.lang.Object, int)'> (0x0000000040e9bbe0) 
thrown [src/hotspot/share/interpreter/linkResolver.cpp, line 772]
Event: 2.496 Thread 0x00007ae12402b240 Exception <a 'java/lang/NoSuchMethodError'{0x0000000040e92938}: 'int java.lang.invoke.DirectMethodHandle$Holder.invokeSpecial(java.lang.Object, java.lang.Object, java.lang.Object)'> (0x0000000040e92938) 
thrown [src/hotspot/share/interpreter/linkResolver.cpp, line 772]
Event: 2.567 Thread 0x00007ae12402b240 Exception <a 'java/lang/NoSuchMethodError'{0x00000000413bc670}: 'void java.lang.invoke.DelegatingMethodHandle$Holder.reinvoke_L(java.lang.Object, java.lang.Object, int, int)'> (0x00000000413bc670) 
thrown [src/hotspot/share/interpreter/linkResolver.cpp, line 772]
Event: 2.636 Thread 0x00007ae1247e4600 Exception <a 'java/lang/NoSuchMethodError'{0x0000000040bfc328}: 'java.lang.Object java.lang.invoke.DirectMethodHandle$Holder.invokeInterface(java.lang.Object, java.lang.Object)'> (0x0000000040bfc328) 
thrown [src/hotspot/share/interpreter/linkResolver.cpp, line 772]

ZGC Phase Switch (0 events):
No events

VM Operations (20 events):
Event: 2.772 Executing VM operation: ICBufferFull done
Event: 2.773 Executing VM operation: ICBufferFull
Event: 2.774 Executing VM operation: ICBufferFull done
Event: 2.777 Executing VM operation: ICBufferFull
Event: 2.777 Executing VM operation: ICBufferFull done
Event: 2.778 Executing VM operation: ICBufferFull
Event: 2.778 Executing VM operation: ICBufferFull done
Event: 2.782 Executing VM operation: ICBufferFull
Event: 2.782 Executing VM operation: ICBufferFull done
Event: 2.782 Executing VM operation: ICBufferFull
Event: 2.790 Executing VM operation: ICBufferFull done
Event: 2.794 Executing VM operation: ICBufferFull
Event: 2.801 Executing VM operation: ICBufferFull done
Event: 2.804 Executing VM operation: ICBufferFull
Event: 2.809 Executing VM operation: ICBufferFull done
Event: 2.983 Executing VM operation: ICBufferFull
Event: 2.984 Executing VM operation: ICBufferFull done
Event: 2.985 Executing VM operation: ThirdPartyHeapOperation
Event: 3.002 Executing VM operation: ThirdPartyHeapOperation done
Event: 3.007 Executing VM operation: ThirdPartyHeapOperation

Memory protections (20 events):
Event: 2.603 Protecting memory [0x00006e33eec00000,0x00006e33eec04000] with protection modes 0
Event: 2.603 Protecting memory [0x00006e33eeb00000,0x00006e33eeb04000] with protection modes 0
Event: 2.603 Protecting memory [0x00006e33eea00000,0x00006e33eea04000] with protection modes 0
Event: 2.603 Protecting memory [0x00006e33ee900000,0x00006e33ee904000] with protection modes 0
Event: 2.603 Protecting memory [0x00006e33ee800000,0x00006e33ee804000] with protection modes 0
Event: 2.603 Protecting memory [0x00006e33ee700000,0x00006e33ee704000] with protection modes 0
Event: 2.603 Protecting memory [0x00006e33ee600000,0x00006e33ee604000] with protection modes 0
Event: 2.603 Protecting memory [0x00006e33ee500000,0x00006e33ee504000] with protection modes 0
Event: 2.603 Protecting memory [0x00006e33ee400000,0x00006e33ee404000] with protection modes 0
Event: 2.604 Protecting memory [0x00006e33ee300000,0x00006e33ee304000] with protection modes 0
Event: 2.604 Protecting memory [0x00006e33ee200000,0x00006e33ee204000] with protection modes 0
Event: 2.604 Protecting memory [0x00006e33ee100000,0x00006e33ee104000] with protection modes 0
Event: 2.604 Protecting memory [0x00006e33ee000000,0x00006e33ee004000] with protection modes 0
Event: 2.651 Protecting memory [0x00006e33edf00000,0x00006e33edf04000] with protection modes 0
Event: 2.683 Protecting memory [0x00006e33ede00000,0x00006e33ede04000] with protection modes 0
Event: 2.684 Protecting memory [0x00006e33edd00000,0x00006e33edd04000] with protection modes 0
Event: 2.686 Protecting memory [0x00006e33edc00000,0x00006e33edc04000] with protection modes 0
Event: 2.701 Protecting memory [0x00006e33edb00000,0x00006e33edb04000] with protection modes 0
Event: 2.702 Protecting memory [0x00006e33eda00000,0x00006e33eda04000] with protection modes 0
Event: 2.705 Protecting memory [0x00006e33ed900000,0x00006e33ed904000] with protection modes 0

Nmethod flushes (0 events):
No events

Events (20 events):
Event: 2.603 Thread 0x00007ae12402b240 Thread added: 0x00007ae1247a0140
Event: 2.603 Thread 0x00007ae12402b240 Thread added: 0x00007ae1247a1720
Event: 2.603 Thread 0x00007ae12402b240 Thread added: 0x00007ae1247a2d00
Event: 2.603 Thread 0x00007ae12402b240 Thread added: 0x00007ae1247a41a0
Event: 2.603 Thread 0x00007ae12402b240 Thread added: 0x00007ae1245c22c0
Event: 2.603 Thread 0x00007ae12402b240 Thread added: 0x00007ae1245c3b10
Event: 2.603 Thread 0x00007ae12402b240 Thread added: 0x00007ae1245c5360
Event: 2.603 Thread 0x00007ae12402b240 Thread added: 0x00007ae1245c6bb0
Event: 2.603 Thread 0x00007ae12402b240 Thread added: 0x00007ae1245c8400
Event: 2.604 Thread 0x00007ae12402b240 Thread added: 0x00007ae1245d7740
Event: 2.604 Thread 0x00007ae12402b240 Thread added: 0x00007ae1245d9150
Event: 2.604 Thread 0x00007ae12402b240 Thread added: 0x00007ae1245da9e0
Event: 2.604 Thread 0x00007ae12402b240 Thread added: 0x00007ae1245dc270
Event: 2.651 Thread 0x00007ae124556e10 Thread added: 0x00006e33681018d0
Event: 2.683 Thread 0x00006e33600401a0 Thread added: 0x00006e334404ec30
Event: 2.684 Thread 0x00006e336804eee0 Thread added: 0x00006e33600c8850
Event: 2.686 Thread 0x00006e33600401a0 Thread added: 0x00006e33440504f0
Event: 2.701 Thread 0x00006e3364098760 Thread added: 0x00006e33481decb0
Event: 2.702 Thread 0x00007ae12454d440 Thread added: 0x00006e336411df70
Event: 2.704 Thread 0x00006e33600401a0 Thread added: 0x00006e3344054050


Dynamic libraries:
40000000-40400000 rw-p 00000000 00:00 0                                  [anon:mmtk:space:immix]
40400000-40800000 rw-p 00000000 00:00 0                                  [anon:mmtk:space:los]
40800000-41400000 rw-p 00000000 00:00 0                                  [anon:mmtk:space:immix]
41400000-41c00000 rw-p 00000000 00:00 0                                  [anon:mmtk:space:los]
41c00000-42400000 rw-p 00000000 00:00 0                                  [anon:mmtk:space:immix]
42400000-42800000 rw-p 00000000 00:00 0                                  [anon:mmtk:space:los]
42800000-43000000 rw-p 00000000 00:00 0                                  [anon:mmtk:space:immix]
43000000-43400000 rw-p 00000000 00:00 0                                  [anon:mmtk:space:los]
43400000-43800000 rw-p 00000000 00:00 0                                  [anon:mmtk:space:immix]
43800000-43c00000 rw-p 00000000 00:00 0                                  [anon:mmtk:space:los]
43c00000-44400000 rw-p 00000000 00:00 0                                  [anon:mmtk:space:immix]
44400000-44800000 rw-p 00000000 00:00 0                                  [anon:mmtk:space:los]
44800000-45000000 rw-p 00000000 00:00 0                                  [anon:mmtk:space:immix]
45000000-45400000 rw-p 00000000 00:00 0                                  [anon:mmtk:space:los]
45400000-45800000 rw-p 00000000 00:00 0                                  [anon:mmtk:space:immix]
45800000-45c00000 rw-p 00000000 00:00 0                                  [anon:mmtk:space:los]
45c00000-46400000 rw-p 00000000 00:00 0                                  [anon:mmtk:space:immix]
46400000-46800000 rw-p 00000000 00:00 0                                  [anon:mmtk:space:los]
46800000-47000000 rw-p 00000000 00:00 0                                  [anon:mmtk:space:immix]
47000000-47400000 rw-p 00000000 00:00 0                                  [anon:mmtk:space:los]
47400000-47800000 rw-p 00000000 00:00 0                                  [anon:mmtk:space:immix]
47800000-47c00000 rw-p 00000000 00:00 0                                  [anon:mmtk:space:los]
47c00000-48400000 rw-p 00000000 00:00 0                                  [anon:mmtk:space:immix]
48400000-48800000 rw-p 00000000 00:00 0                                  [anon:mmtk:space:los]
48800000-48c00000 rw-p 00000000 00:00 0                                  [anon:mmtk:space:immix]
48c00000-49000000 rw-p 00000000 00:00 0                                  [anon:mmtk:space:los]
49000000-49400000 rw-p 00000000 00:00 0                                  [anon:mmtk:space:immix]
49400000-49800000 rw-p 00000000 00:00 0                                  [anon:mmtk:space:los]
49800000-4a000000 rw-p 00000000 00:00 0                                  [anon:mmtk:space:immix]
4a000000-4a400000 rw-p 00000000 00:00 0                                  [anon:mmtk:space:los]
4a400000-4a800000 rw-p 00000000 00:00 0                                  [anon:mmtk:space:immix]
4a800000-4ac00000 rw-p 00000000 00:00 0                                  [anon:mmtk:space:los]
4ac00000-4b400000 rw-p 00000000 00:00 0                                  [anon:mmtk:space:immix]
4b400000-4b800000 rw-p 00000000 00:00 0                                  [anon:mmtk:space:los]
4b800000-4c000000 rw-p 00000000 00:00 0                                  [anon:mmtk:space:immix]
4c000000-4c400000 rw-p 00000000 00:00 0                                  [anon:mmtk:space:los]
4c400000-4c800000 rw-p 00000000 00:00 0                                  [anon:mmtk:space:immix]
4c800000-4cc00000 rw-p 00000000 00:00 0                                  [anon:mmtk:space:los]
4cc00000-4d400000 rw-p 00000000 00:00 0                                  [anon:mmtk:space:immix]
4d400000-4d800000 rw-p 00000000 00:00 0                                  [anon:mmtk:space:los]
4d800000-4e000000 rw-p 00000000 00:00 0                                  [anon:mmtk:space:immix]
4e000000-4e400000 rw-p 00000000 00:00 0                                  [anon:mmtk:space:los]
4e400000-4e800000 rw-p 00000000 00:00 0                                  [anon:mmtk:space:immix]
4e800000-4ec00000 rw-p 00000000 00:00 0                                  [anon:mmtk:space:los]
4ec00000-4f000000 rw-p 00000000 00:00 0                                  [anon:mmtk:space:immix]
4f000000-4f400000 rw-p 00000000 00:00 0                                  [anon:mmtk:space:los]
4f400000-4fc00000 rw-p 00000000 00:00 0                                  [anon:mmtk:space:immix]
4fc00000-50000000 rw-p 00000000 00:00 0                                  [anon:mmtk:space:los]
50000000-50400000 rw-p 00000000 00:00 0                                  [anon:mmtk:space:immix]
200000000000-2000c00c0000 rw-s 00000000 00:10 68                         anon_inode:bpf-map
59ba116ee000-59ba116ef000 r--p 00000000 fc:00 49676337                   /mydata/openjdk-mmtk/build/b0test/images/jdk/bin/java
59ba116ef000-59ba116f0000 r-xp 00001000 fc:00 49676337                   /mydata/openjdk-mmtk/build/b0test/images/jdk/bin/java
59ba116f0000-59ba116f1000 r--p 00002000 fc:00 49676337                   /mydata/openjdk-mmtk/build/b0test/images/jdk/bin/java
59ba116f1000-59ba116f2000 r--p 00002000 fc:00 49676337                   /mydata/openjdk-mmtk/build/b0test/images/jdk/bin/java
59ba116f2000-59ba116f3000 rw-p 00003000 fc:00 49676337                   /mydata/openjdk-mmtk/build/b0test/images/jdk/bin/java
59ba30402000-59ba3044a000 rw-p 00000000 00:00 0                          [heap]
6e32a4000000-6e32a46f6000 rw-p 00000000 00:00 0 
6e32a46f6000-6e32a8000000 ---p 00000000 00:00 0 
6e32ac000000-6e32ac54e000 rw-p 00000000 00:00 0 
6e32ac54e000-6e32b0000000 ---p 00000000 00:00 0 
6e32b0000000-6e32b04fb000 rw-p 00000000 00:00 0 
6e32b04fb000-6e32b4000000 ---p 00000000 00:00 0 
6e32b4000000-6e32b45c9000 rw-p 00000000 00:00 0 
6e32b45c9000-6e32b8000000 ---p 00000000 00:00 0 
6e32b8000000-6e32b85bd000 rw-p 00000000 00:00 0 
6e32b85bd000-6e32bc000000 ---p 00000000 00:00 0 
6e32bc000000-6e32bc84b000 rw-p 00000000 00:00 0 
6e32bc84b000-6e32c0000000 ---p 00000000 00:00 0 
6e32c0000000-6e32c08f5000 rw-p 00000000 00:00 0 
6e32c08f5000-6e32c4000000 ---p 00000000 00:00 0 
6e32c4000000-6e32c4021000 rw-p 00000000 00:00 0 
6e32c4021000-6e32c8000000 ---p 00000000 00:00 0 
6e32c8000000-6e32c802e000 rw-p 00000000 00:00 0 
6e32c802e000-6e32cc000000 ---p 00000000 00:00 0 
6e32cc000000-6e32cc021000 rw-p 00000000 00:00 0 
6e32cc021000-6e32d0000000 ---p 00000000 00:00 0 
6e32d0000000-6e32d0035000 rw-p 00000000 00:00 0 
6e32d0035000-6e32d4000000 ---p 00000000 00:00 0 
6e32d4000000-6e32d4023000 rw-p 00000000 00:00 0 
6e32d4023000-6e32d8000000 ---p 00000000 00:00 0 
6e32d8000000-6e32d804a000 rw-p 00000000 00:00 0 
6e32d804a000-6e32dc000000 ---p 00000000 00:00 0 
6e32dc000000-6e32dc021000 rw-p 00000000 00:00 0 
6e32dc021000-6e32e0000000 ---p 00000000 00:00 0 
6e32e0000000-6e32e0024000 rw-p 00000000 00:00 0 
6e32e0024000-6e32e4000000 ---p 00000000 00:00 0 
6e32e4000000-6e32e402f000 rw-p 00000000 00:00 0 
6e32e402f000-6e32e8000000 ---p 00000000 00:00 0 
6e32e8000000-6e32e8021000 rw-p 00000000 00:00 0 
6e32e8021000-6e32ec000000 ---p 00000000 00:00 0 
6e32ec000000-6e32ec05a000 rw-p 00000000 00:00 0 
6e32ec05a000-6e32f0000000 ---p 00000000 00:00 0 
6e32f0000000-6e32f0021000 rw-p 00000000 00:00 0 
6e32f0021000-6e32f4000000 ---p 00000000 00:00 0 
6e32f4000000-6e32f4023000 rw-p 00000000 00:00 0 
6e32f4023000-6e32f8000000 ---p 00000000 00:00 0 
6e32f8000000-6e32f8056000 rw-p 00000000 00:00 0 
6e32f8056000-6e32fc000000 ---p 00000000 00:00 0 
6e32fc000000-6e32fc02f000 rw-p 00000000 00:00 0 
6e32fc02f000-6e3300000000 ---p 00000000 00:00 0 
6e3300000000-6e330003d000 rw-p 00000000 00:00 0 
6e330003d000-6e3304000000 ---p 00000000 00:00 0 
6e3304000000-6e3304021000 rw-p 00000000 00:00 0 
6e3304021000-6e3308000000 ---p 00000000 00:00 0 
6e3308000000-6e3308025000 rw-p 00000000 00:00 0 
6e3308025000-6e330c000000 ---p 00000000 00:00 0 
6e330c000000-6e330c04b000 rw-p 00000000 00:00 0 
6e330c04b000-6e3310000000 ---p 00000000 00:00 0 
6e3310000000-6e3310030000 rw-p 00000000 00:00 0 
6e3310030000-6e3314000000 ---p 00000000 00:00 0 
6e3314000000-6e3314028000 rw-p 00000000 00:00 0 
6e3314028000-6e3318000000 ---p 00000000 00:00 0 
6e3318000000-6e3318023000 rw-p 00000000 00:00 0 
6e3318023000-6e331c000000 ---p 00000000 00:00 0 
6e331c000000-6e331c02b000 rw-p 00000000 00:00 0 
6e331c02b000-6e3320000000 ---p 00000000 00:00 0 
6e3320000000-6e3320021000 rw-p 00000000 00:00 0 
6e3320021000-6e3324000000 ---p 00000000 00:00 0 
6e3324000000-6e332402d000 rw-p 00000000 00:00 0 
6e332402d000-6e3328000000 ---p 00000000 00:00 0 
6e3328000000-6e3328028000 rw-p 00000000 00:00 0 
6e3328028000-6e332c000000 ---p 00000000 00:00 0 
6e332c000000-6e332c02c000 rw-p 00000000 00:00 0 
6e332c02c000-6e3330000000 ---p 00000000 00:00 0 
6e3330000000-6e333002e000 rw-p 00000000 00:00 0 
6e333002e000-6e3334000000 ---p 00000000 00:00 0 
6e3334000000-6e3334021000 rw-p 00000000 00:00 0 
6e3334021000-6e3338000000 ---p 00000000 00:00 0 
6e3338000000-6e3338025000 rw-p 00000000 00:00 0 
6e3338025000-6e333c000000 ---p 00000000 00:00 0 
6e333c000000-6e333c027000 rw-p 00000000 00:00 0 
6e333c027000-6e3340000000 ---p 00000000 00:00 0 
6e3340000000-6e3340025000 rw-p 00000000 00:00 0 
6e3340025000-6e3344000000 ---p 00000000 00:00 0 
6e3344000000-6e3344287000 rw-p 00000000 00:00 0 
6e3344287000-6e3348000000 ---p 00000000 00:00 0 
6e3348000000-6e3348780000 rw-p 00000000 00:00 0 
6e3348780000-6e334c000000 ---p 00000000 00:00 0 
6e334c000000-6e334c8c5000 rw-p 00000000 00:00 0 
6e334c8c5000-6e3350000000 ---p 00000000 00:00 0 
6e3350000000-6e3350169000 rw-p 00000000 00:00 0 
6e3350169000-6e3354000000 ---p 00000000 00:00 0 
6e3354000000-6e3354021000 rw-p 00000000 00:00 0 
6e3354021000-6e3358000000 ---p 00000000 00:00 0 
6e3358000000-6e3358021000 rw-p 00000000 00:00 0 
6e3358021000-6e335c000000 ---p 00000000 00:00 0 
6e335c000000-6e335c392000 rw-p 00000000 00:00 0 
6e335c392000-6e3360000000 ---p 00000000 00:00 0 
6e3360000000-6e33602b6000 rw-p 00000000 00:00 0 
6e33602b6000-6e3364000000 ---p 00000000 00:00 0 
6e3364000000-6e33649d7000 rw-p 00000000 00:00 0 
6e33649d7000-6e3368000000 ---p 00000000 00:00 0 
6e3368000000-6e3368375000 rw-p 00000000 00:00 0 
6e3368375000-6e336c000000 ---p 00000000 00:00 0 
6e336c000000-6e336c021000 rw-p 00000000 00:00 0 
6e336c021000-6e3370000000 ---p 00000000 00:00 0 
6e3370000000-6e3370021000 rw-p 00000000 00:00 0 
6e3370021000-6e3374000000 ---p 00000000 00:00 0 
6e3374000000-6e3374021000 rw-p 00000000 00:00 0 
6e3374021000-6e3378000000 ---p 00000000 00:00 0 
6e3378000000-6e3378021000 rw-p 00000000 00:00 0 
6e3378021000-6e337c000000 ---p 00000000 00:00 0 
6e337c000000-6e337c03b000 rw-p 00000000 00:00 0 
6e337c03b000-6e3380000000 ---p 00000000 00:00 0 
6e3380000000-6e338003a000 rw-p 00000000 00:00 0 
6e338003a000-6e3384000000 ---p 00000000 00:00 0 
6e3384000000-6e3384021000 rw-p 00000000 00:00 0 
6e3384021000-6e3388000000 ---p 00000000 00:00 0 
6e3388000000-6e3388033000 rw-p 00000000 00:00 0 
6e3388033000-6e338c000000 ---p 00000000 00:00 0 
6e338c000000-6e338c02b000 rw-p 00000000 00:00 0 
6e338c02b000-6e3390000000 ---p 00000000 00:00 0 
6e3390000000-6e3390021000 rw-p 00000000 00:00 0 
6e3390021000-6e3394000000 ---p 00000000 00:00 0 
6e3394000000-6e339402b000 rw-p 00000000 00:00 0 
6e339402b000-6e3398000000 ---p 00000000 00:00 0 
6e3398000000-6e339802a000 rw-p 00000000 00:00 0 
6e339802a000-6e339c000000 ---p 00000000 00:00 0 
6e339c000000-6e339c023000 rw-p 00000000 00:00 0 
6e339c023000-6e33a0000000 ---p 00000000 00:00 0 
6e33a0000000-6e33a0063000 rw-p 00000000 00:00 0 
6e33a0063000-6e33a4000000 ---p 00000000 00:00 0 
6e33a4000000-6e33a4022000 rw-p 00000000 00:00 0 
6e33a4022000-6e33a8000000 ---p 00000000 00:00 0 
6e33a8000000-6e33a8023000 rw-p 00000000 00:00 0 
6e33a8023000-6e33ac000000 ---p 00000000 00:00 0 
6e33ac000000-6e33ac022000 rw-p 00000000 00:00 0 
6e33ac022000-6e33b0000000 ---p 00000000 00:00 0 
6e33b0000000-6e33b00f3000 rw-p 00000000 00:00 0 
6e33b00f3000-6e33b4000000 ---p 00000000 00:00 0 
6e33b4000000-6e33b4022000 rw-p 00000000 00:00 0 
6e33b4022000-6e33b8000000 ---p 00000000 00:00 0 
6e33b8000000-6e33b8023000 rw-p 00000000 00:00 0 
6e33b8023000-6e33bc000000 ---p 00000000 00:00 0 
6e33bc000000-6e33bc022000 rw-p 00000000 00:00 0 
6e33bc022000-6e33c0000000 ---p 00000000 00:00 0 
6e33c0000000-6e33c0022000 rw-p 00000000 00:00 0 
6e33c0022000-6e33c4000000 ---p 00000000 00:00 0 
6e33c4000000-6e33c404b000 rw-p 00000000 00:00 0 
6e33c404b000-6e33c8000000 ---p 00000000 00:00 0 
6e33c8000000-6e33c80e0000 rw-p 00000000 00:00 0 
6e33c80e0000-6e33cc000000 ---p 00000000 00:00 0 
6e33cc000000-6e33cc02b000 rw-p 00000000 00:00 0 
6e33cc02b000-6e33d0000000 ---p 00000000 00:00 0 
6e33d0000000-6e33d002b000 rw-p 00000000 00:00 0 
6e33d002b000-6e33d4000000 ---p 00000000 00:00 0 
6e33d4000000-6e33d4021000 rw-p 00000000 00:00 0 
6e33d4021000-6e33d8000000 ---p 00000000 00:00 0 
6e33d8000000-6e33d8021000 rw-p 00000000 00:00 0 
6e33d8021000-6e33dc000000 ---p 00000000 00:00 0 
6e33dc000000-6e33dc021000 rw-p 00000000 00:00 0 
6e33dc021000-6e33e0000000 ---p 00000000 00:00 0 
6e33e0000000-6e33e0021000 rw-p 00000000 00:00 0 
6e33e0021000-6e33e4000000 ---p 00000000 00:00 0 
6e33e4000000-6e33e4270000 rw-p 00000000 00:00 0 
6e33e4270000-6e33e4400000 ---p 00000000 00:00 0 
6e33e4400000-6e33e48a0000 rw-p 00000000 00:00 0 
6e33e48a0000-6e33e8000000 ---p 00000000 00:00 0 
6e33e8000000-6e33e8021000 rw-p 00000000 00:00 0 
6e33e8021000-6e33ec000000 ---p 00000000 00:00 0 
6e33ed547000-6e33ed900000 rw-p 00000000 00:00 0 
6e33ed900000-6e33ed904000 ---p 00000000 00:00 0 
6e33ed904000-6e33eda00000 rw-p 00000000 00:00 0 
6e33eda00000-6e33eda04000 ---p 00000000 00:00 0 
6e33eda04000-6e33edb00000 rw-p 00000000 00:00 0 
6e33edb00000-6e33edb04000 ---p 00000000 00:00 0 
6e33edb04000-6e33edc00000 rw-p 00000000 00:00 0 
6e33edc00000-6e33edc04000 ---p 00000000 00:00 0 
6e33edc04000-6e33edd00000 rw-p 00000000 00:00 0 
6e33edd00000-6e33edd04000 ---p 00000000 00:00 0 
6e33edd04000-6e33ede00000 rw-p 00000000 00:00 0 
6e33ede00000-6e33ede04000 ---p 00000000 00:00 0 
6e33ede04000-6e33edf00000 rw-p 00000000 00:00 0 
6e33edf00000-6e33edf04000 ---p 00000000 00:00 0 
6e33edf04000-6e33ee000000 rw-p 00000000 00:00 0 
6e33ee000000-6e33ee004000 ---p 00000000 00:00 0 
6e33ee004000-6e33ee100000 rw-p 00000000 00:00 0 
6e33ee100000-6e33ee104000 ---p 00000000 00:00 0 
6e33ee104000-6e33ee200000 rw-p 00000000 00:00 0 
6e33ee200000-6e33ee204000 ---p 00000000 00:00 0 
6e33ee204000-6e33ee300000 rw-p 00000000 00:00 0 
6e33ee300000-6e33ee304000 ---p 00000000 00:00 0 
6e33ee304000-6e33ee400000 rw-p 00000000 00:00 0 
6e33ee400000-6e33ee404000 ---p 00000000 00:00 0 
6e33ee404000-6e33ee500000 rw-p 00000000 00:00 0 
6e33ee500000-6e33ee504000 ---p 00000000 00:00 0 
6e33ee504000-6e33ee600000 rw-p 00000000 00:00 0 
6e33ee600000-6e33ee604000 ---p 00000000 00:00 0 
6e33ee604000-6e33ee700000 rw-p 00000000 00:00 0 
6e33ee700000-6e33ee704000 ---p 00000000 00:00 0 
6e33ee704000-6e33ee800000 rw-p 00000000 00:00 0 
6e33ee800000-6e33ee804000 ---p 00000000 00:00 0 
6e33ee804000-6e33ee900000 rw-p 00000000 00:00 0 
6e33ee900000-6e33ee904000 ---p 00000000 00:00 0 
6e33ee904000-6e33eea00000 rw-p 00000000 00:00 0 
6e33eea00000-6e33eea04000 ---p 00000000 00:00 0 
6e33eea04000-6e33eeb00000 rw-p 00000000 00:00 0 
6e33eeb00000-6e33eeb04000 ---p 00000000 00:00 0 
6e33eeb04000-6e33eec00000 rw-p 00000000 00:00 0 
6e33eec00000-6e33eec04000 ---p 00000000 00:00 0 
6e33eec04000-6e33eed00000 rw-p 00000000 00:00 0 
6e33eed00000-6e33eed04000 ---p 00000000 00:00 0 
6e33eed04000-6e33eee00000 rw-p 00000000 00:00 0 
6e33eee00000-6e33eee04000 ---p 00000000 00:00 0 
6e33eee04000-6e33eef00000 rw-p 00000000 00:00 0 
6e33eef00000-6e33eef04000 ---p 00000000 00:00 0 
6e33eef04000-6e33ef000000 rw-p 00000000 00:00 0 
6e33ef000000-6e33efca3000 rw-p 00001000 fc:00 49677043                   /mydata/openjdk-mmtk/build/b0test/images/jdk/lib/server/classes.jsa
6e33efca3000-6e33f0000000 ---p 00000000 00:00 0 
6e33f0000000-6e33f0040000 rw-p 00000000 00:00 0 
6e33f0040000-6e33f0110000 rw-p 00000000 00:00 0 
6e33f0110000-6e3430000000 ---p 00000000 00:00 0 
6e3430000000-6e3430021000 rw-p 00000000 00:00 0 
6e3430021000-6e3434004000 ---p 00000000 00:00 0 
6e3434004000-6e3434100000 rw-p 00000000 00:00 0 
6e3434100000-6e3434104000 ---p 00000000 00:00 0 
6e3434104000-6e3434200000 rw-p 00000000 00:00 0 
6e3434200000-6e3434204000 ---p 00000000 00:00 0 
6e3434204000-6e3434300000 rw-p 00000000 00:00 0 
6e3434300000-6e3434304000 ---p 00000000 00:00 0 
6e3434304000-6e3434400000 rw-p 00000000 00:00 0 
6e3434400000-6e3434404000 ---p 00000000 00:00 0 
6e3434404000-6e3434500000 rw-p 00000000 00:00 0 
6e3434500000-6e3434504000 ---p 00000000 00:00 0 
6e3434504000-6e3434600000 rw-p 00000000 00:00 0 
6e3434600000-6e3434604000 ---p 00000000 00:00 0 
6e3434604000-6e3434700000 rw-p 00000000 00:00 0 
6e3434700000-6e3434704000 ---p 00000000 00:00 0 
6e3434704000-6e3434800000 rw-p 00000000 00:00 0 
6e3434800000-6e3434804000 ---p 00000000 00:00 0 
6e3434804000-6e3434900000 rw-p 00000000 00:00 0 
6e3434900000-6e3434904000 ---p 00000000 00:00 0 
6e3434904000-6e3434a00000 rw-p 00000000 00:00 0 
6e3434a00000-6e3434a04000 ---p 00000000 00:00 0 
6e3434a04000-6e3434b00000 rw-p 00000000 00:00 0 
6e3434b00000-6e3434b04000 ---p 00000000 00:00 0 
6e3434b04000-6e3434c00000 rw-p 00000000 00:00 0 
6e3434c00000-6e3434c04000 ---p 00000000 00:00 0 
6e3434c04000-6e3434d00000 rw-p 00000000 00:00 0 
6e3434d00000-6e3434d04000 ---p 00000000 00:00 0 
6e3434d04000-6e3434e00000 rw-p 00000000 00:00 0 
6e3434e00000-6e3434e04000 ---p 00000000 00:00 0 
6e3434e04000-6e3434f00000 rw-p 00000000 00:00 0 
6e3434f00000-6e3434f04000 ---p 00000000 00:00 0 
6e3434f04000-6e3435000000 rw-p 00000000 00:00 0 
6e3435000000-6e3435004000 ---p 00000000 00:00 0 
6e3435004000-6e3435100000 rw-p 00000000 00:00 0 
6e3435100000-6e3435104000 ---p 00000000 00:00 0 
6e3435104000-6e3435200000 rw-p 00000000 00:00 0 
6e3435200000-6e3438200000 rw-p 00000000 00:00 0 
6e34382fc000-6e3438300000 ---p 00000000 00:00 0 
6e3438300000-6e34383fc000 rw-p 00000000 00:00 0 
6e34383fc000-6e3468400000 rw-p 00000000 00:00 0 
6e3468400000-6e3469400000 ---p 00000000 00:00 0                          [anon:mmtk:sidemeta:all:all-quarantined]
6e3469400000-6e3469c00000 rw-p 00000000 00:00 0                          [anon:mmtk:sidemeta:immix:VO_BIT]
6e3469c00000-70346a400000 ---p 00000000 00:00 0                          [anon:mmtk:sidemeta:all:all-quarantined]
70346a400000-70346a800000 rw-p 00000000 00:00 0                          [anon:mmtk:sidemeta:immix:CHUNK_MARK]
70346a800000-70346d400000 ---p 00000000 00:00 0                          [anon:mmtk:sidemeta:all:all-quarantined]
70346d400000-70346dc00000 rw-p 00000000 00:00 0                          [anon:mmtk:sidemeta:immix:VMGlobalLogBitSpec]
70346dc00000-723c6c800000 ---p 00000000 00:00 0                          [anon:mmtk:sidemeta:all:all-quarantined]
723c6c800000-723c6cc00000 rw-p 00000000 00:00 0                          [anon:mmtk:sidemeta:immix:IX_LINE_MARK]
723c6cc00000-72bc6c400000 ---p 00000000 00:00 0                          [anon:mmtk:sidemeta:all:all-quarantined]
72bc6c400000-72bc6c800000 rw-p 00000000 00:00 0                          [anon:mmtk:sidemeta:immix:IX_BLOCK_DEFRAG]
72bc6c800000-72bd6c400000 ---p 00000000 00:00 0                          [anon:mmtk:sidemeta:all:all-quarantined]
72bd6c400000-72bd6c800000 rw-p 00000000 00:00 0                          [anon:mmtk:sidemeta:immix:IX_BLOCK_MARK]
72bd6c800000-78deec400000 ---p 00000000 00:00 0                          [anon:mmtk:sidemeta:all:all-quarantined]
78deec400000-78deec800000 rw-p 00000000 00:00 0                          [anon:mmtk:sidemeta:los:VMLocalLOSMarkNurserySpec]
78deec800000-78e0ed400000 ---p 00000000 00:00 0                          [anon:mmtk:sidemeta:all:all-quarantined]
78e0ed400000-78e0edc00000 rw-p 00000000 00:00 0                          [anon:mmtk:sidemeta:immix:VMLocalMarkBitSpec]
78e0edc00000-7ae0ec400000 ---p 00000000 00:00 0                          [anon:mmtk:sidemeta:all:all-quarantined]
7ae0ec4ff000-7ae0ec503000 ---p 00000000 00:00 0 
7ae0ec503000-7ae0ec5ff000 rw-p 00000000 00:00 0 
7ae0ec5ff000-7ae0ec603000 ---p 00000000 00:00 0 
7ae0ec603000-7ae0ec6ff000 rw-p 00000000 00:00 0 
7ae0ec6ff000-7ae0ec703000 ---p 00000000 00:00 0 
7ae0ec703000-7ae0ec7ff000 rw-p 00000000 00:00 0 
7ae0ec7ff000-7ae10c800000 rw-p 00000000 00:00 0 
7ae10c800000-7ae10ce30000 rwxp 00000000 00:00 0 
7ae10ce30000-7ae113c17000 ---p 00000000 00:00 0 
7ae113c17000-7ae113fa7000 rwxp 00000000 00:00 0 
7ae113fa7000-7ae1143e8000 ---p 00000000 00:00 0 
7ae1143e8000-7ae114658000 rwxp 00000000 00:00 0 
7ae114658000-7ae11b800000 ---p 00000000 00:00 0 
7ae11b800000-7ae123fa0000 r--s 00000000 fc:00 49676297                   /mydata/openjdk-mmtk/build/b0test/images/jdk/lib/modules
7ae124000000-7ae124801000 rw-p 00000000 00:00 0 
7ae124801000-7ae128000000 ---p 00000000 00:00 0 
7ae128018000-7ae12801c000 ---p 00000000 00:00 0 
7ae12801c000-7ae128118000 rw-p 00000000 00:00 0 
7ae128118000-7ae12811c000 ---p 00000000 00:00 0 
7ae12811c000-7ae128218000 rw-p 00000000 00:00 0 
7ae128218000-7ae12821d000 r--p 00000000 fc:00 49676417                   /mydata/openjdk-mmtk/build/b0test/images/jdk/lib/libjsvml.so
7ae12821d000-7ae12825e000 r-xp 00005000 fc:00 49676417                   /mydata/openjdk-mmtk/build/b0test/images/jdk/lib/libjsvml.so
7ae12825e000-7ae1282e7000 r--p 00046000 fc:00 49676417                   /mydata/openjdk-mmtk/build/b0test/images/jdk/lib/libjsvml.so
7ae1282e7000-7ae1282e8000 r--p 000ce000 fc:00 49676417                   /mydata/openjdk-mmtk/build/b0test/images/jdk/lib/libjsvml.so
7ae1282e8000-7ae1282e9000 rw-p 000cf000 fc:00 49676417                   /mydata/openjdk-mmtk/build/b0test/images/jdk/lib/libjsvml.so
7ae1282e9000-7ae1282ed000 ---p 00000000 00:00 0 
7ae1282ed000-7ae1283e9000 rw-p 00000000 00:00 0 
7ae1283e9000-7ae1283ed000 ---p 00000000 00:00 0 
7ae1283ed000-7ae1284e9000 rw-p 00000000 00:00 0 
7ae1284e9000-7ae1284ed000 ---p 00000000 00:00 0 
7ae1284ed000-7ae1285e9000 rw-p 00000000 00:00 0 
7ae1285e9000-7ae1285ed000 ---p 00000000 00:00 0 
7ae1285ed000-7ae1286e9000 rw-p 00000000 00:00 0 
7ae1286e9000-7ae1286ed000 ---p 00000000 00:00 0 
7ae1286ed000-7ae1287e9000 rw-p 00000000 00:00 0 
7ae1287e9000-7ae1287ea000 ---p 00000000 00:00 0 
7ae1287ea000-7ae1288ea000 rw-p 00000000 00:00 0 
7ae1288ea000-7ae1288eb000 ---p 00000000 00:00 0 
7ae1288eb000-7ae1289eb000 rw-p 00000000 00:00 0 
7ae1289eb000-7ae1289ec000 ---p 00000000 00:00 0 
7ae1289ec000-7ae128aec000 rw-p 00000000 00:00 0 
7ae128aec000-7ae128aed000 ---p 00000000 00:00 0 
7ae128aed000-7ae128bed000 rw-p 00000000 00:00 0 
7ae128bed000-7ae128bee000 ---p 00000000 00:00 0 
7ae128bee000-7ae128cee000 rw-p 00000000 00:00 0 
7ae128cee000-7ae128cef000 ---p 00000000 00:00 0 
7ae128cef000-7ae128def000 rw-p 00000000 00:00 0 
7ae128def000-7ae128df0000 ---p 00000000 00:00 0 
7ae128df0000-7ae128ef0000 rw-p 00000000 00:00 0 
7ae128ef0000-7ae128ef1000 ---p 00000000 00:00 0 
7ae128ef1000-7ae128ff1000 rw-p 00000000 00:00 0 
7ae128ff1000-7ae128ff2000 ---p 00000000 00:00 0 
7ae128ff2000-7ae1290f2000 rw-p 00000000 00:00 0 
7ae1290f2000-7ae1290f3000 ---p 00000000 00:00 0 
7ae1290f3000-7ae1291f3000 rw-p 00000000 00:00 0 
7ae1291f3000-7ae1291f4000 ---p 00000000 00:00 0 
7ae1291f4000-7ae1292f4000 rw-p 00000000 00:00 0 
7ae1292f4000-7ae1292f5000 ---p 00000000 00:00 0 
7ae1292f5000-7ae1293f5000 rw-p 00000000 00:00 0 
7ae1293f5000-7ae1293f6000 ---p 00000000 00:00 0 
7ae1293f6000-7ae1294f6000 rw-p 00000000 00:00 0 
7ae1294f6000-7ae1294f7000 ---p 00000000 00:00 0 
7ae1294f7000-7ae1295f7000 rw-p 00000000 00:00 0 
7ae1295f7000-7ae1295f8000 ---p 00000000 00:00 0 
7ae1295f8000-7ae1296f8000 rw-p 00000000 00:00 0 
7ae1296f8000-7ae1296f9000 ---p 00000000 00:00 0 
7ae1296f9000-7ae1297f9000 rw-p 00000000 00:00 0 
7ae1297f9000-7ae1297fa000 ---p 00000000 00:00 0 
7ae1297fa000-7ae1298fa000 rw-p 00000000 00:00 0 
7ae1298fa000-7ae1298fb000 ---p 00000000 00:00 0 
7ae1298fb000-7ae1299fb000 rw-p 00000000 00:00 0 
7ae1299fb000-7ae1299fc000 ---p 00000000 00:00 0 
7ae1299fc000-7ae129afc000 rw-p 00000000 00:00 0 
7ae129afc000-7ae129afd000 ---p 00000000 00:00 0 
7ae129afd000-7ae129bfd000 rw-p 00000000 00:00 0 
7ae129bfd000-7ae129bfe000 ---p 00000000 00:00 0 
7ae129bfe000-7ae129cfe000 rw-p 00000000 00:00 0 
7ae129cfe000-7ae129cff000 ---p 00000000 00:00 0 
7ae129cff000-7ae129dff000 rw-p 00000000 00:00 0 
7ae129dff000-7ae129e00000 ---p 00000000 00:00 0 
7ae129e00000-7ae129f00000 rw-p 00000000 00:00 0 
7ae129f00000-7ae129f04000 ---p 00000000 00:00 0 
7ae129f04000-7ae12a000000 rw-p 00000000 00:00 0 
7ae12a000000-7ae12a004000 ---p 00000000 00:00 0 
7ae12a004000-7ae12a100000 rw-p 00000000 00:00 0 
7ae12a100000-7ae12a104000 ---p 00000000 00:00 0 
7ae12a104000-7ae12a200000 rw-p 00000000 00:00 0 
7ae12a200000-7ae12a4eb000 r--p 00000000 08:03 1410552                    /usr/lib/locale/locale-archive
7ae12a4fc000-7ae12a4fd000 ---p 00000000 00:00 0 
7ae12a4fd000-7ae12a5fd000 rw-p 00000000 00:00 0 
7ae12a5fd000-7ae12a5fe000 ---p 00000000 00:00 0 
7ae12a5fe000-7ae12a6fe000 rw-p 00000000 00:00 0 
7ae12a6fe000-7ae12a6ff000 ---p 00000000 00:00 0 
7ae12a6ff000-7ae12a7ff000 rw-p 00000000 00:00 0 
7ae12a7ff000-7ae12ae00000 rw-p 00000000 00:00 0 
7ae12ae00000-7ae12ae0c000 r--p 00000000 fc:00 13107796                   /mydata/gc-bpf-fault/shim/libgcbpf.so
7ae12ae0c000-7ae12ae6e000 r-xp 0000c000 fc:00 13107796                   /mydata/gc-bpf-fault/shim/libgcbpf.so
7ae12ae6e000-7ae12b01b000 r--p 0006e000 fc:00 13107796                   /mydata/gc-bpf-fault/shim/libgcbpf.so
7ae12b01b000-7ae12b01d000 r--p 0021b000 fc:00 13107796                   /mydata/gc-bpf-fault/shim/libgcbpf.so
7ae12b01d000-7ae12b01e000 rw-p 0021d000 fc:00 13107796                   /mydata/gc-bpf-fault/shim/libgcbpf.so
7ae12b01e000-7ae12b01f000 rw-p 00000000 00:00 0 
7ae12b05d000-7ae12b061000 r--p 00000000 08:03 1410107                    /usr/lib/x86_64-linux-gnu/libzstd.so.1.5.5
7ae12b061000-7ae12b108000 r-xp 00004000 08:03 1410107                    /usr/lib/x86_64-linux-gnu/libzstd.so.1.5.5
7ae12b108000-7ae12b115000 r--p 000ab000 08:03 1410107                    /usr/lib/x86_64-linux-gnu/libzstd.so.1.5.5
7ae12b115000-7ae12b116000 r--p 000b7000 08:03 1410107                    /usr/lib/x86_64-linux-gnu/libzstd.so.1.5.5
7ae12b116000-7ae12b117000 rw-p 000b8000 08:03 1410107                    /usr/lib/x86_64-linux-gnu/libzstd.so.1.5.5
7ae12b117000-7ae12b11c000 rw-p 00000000 00:00 0 
7ae12b11c000-7ae12b200000 ---p 00000000 00:00 0 
7ae12b200000-7ae12b347000 r--p 00000000 fc:00 49676374                   /mydata/openjdk-mmtk/build/b0test/images/jdk/lib/server/libmmtk_openjdk.so
7ae12b347000-7ae12b5c0000 r-xp 00146000 fc:00 49676374                   /mydata/openjdk-mmtk/build/b0test/images/jdk/lib/server/libmmtk_openjdk.so
7ae12b5c0000-7ae12b600000 r--p 003be000 fc:00 49676374                   /mydata/openjdk-mmtk/build/b0test/images/jdk/lib/server/libmmtk_openjdk.so
7ae12b600000-7ae12b603000 rw-p 003fd000 fc:00 49676374                   /mydata/openjdk-mmtk/build/b0test/images/jdk/lib/server/libmmtk_openjdk.so
7ae12b603000-7ae12b605000 rw-p 00000000 00:00 0 
7ae12b617000-7ae12b624000 rw-p 00000000 00:00 0 
7ae12b624000-7ae12b700000 ---p 00000000 00:00 0 
7ae12b700000-7ae12b704000 ---p 00000000 00:00 0 
7ae12b704000-7ae12b800000 rw-p 00000000 00:00 0 
7ae12b800000-7ae12baa9000 r--p 00000000 fc:00 49676373                   /mydata/openjdk-mmtk/build/b0test/images/jdk/lib/server/libjvm.so
7ae12baa9000-7ae12c93c000 r-xp 002a9000 fc:00 49676373                   /mydata/openjdk-mmtk/build/b0test/images/jdk/lib/server/libjvm.so
7ae12c93c000-7ae12cc20000 r--p 0113c000 fc:00 49676373                   /mydata/openjdk-mmtk/build/b0test/images/jdk/lib/server/libjvm.so
7ae12cc20000-7ae12ccf6000 r--p 0141f000 fc:00 49676373                   /mydata/openjdk-mmtk/build/b0test/images/jdk/lib/server/libjvm.so
7ae12ccf6000-7ae12cd26000 rw-p 014f5000 fc:00 49676373                   /mydata/openjdk-mmtk/build/b0test/images/jdk/lib/server/libjvm.so
7ae12cd26000-7ae12cd8c000 rw-p 00000000 00:00 0 
7ae12cda5000-7ae12cdac000 r--s 00000000 08:03 1436340                    /usr/lib/x86_64-linux-gnu/gconv/gconv-modules.cache
7ae12cdac000-7ae12cdb0000 r--p 00000000 fc:00 49676364                   /mydata/openjdk-mmtk/build/b0test/images/jdk/lib/libverify.so
7ae12cdb0000-7ae12cdb7000 r-xp 00004000 fc:00 49676364                   /mydata/openjdk-mmtk/build/b0test/images/jdk/lib/libverify.so
7ae12cdb7000-7ae12cdb9000 r--p 0000b000 fc:00 49676364                   /mydata/openjdk-mmtk/build/b0test/images/jdk/lib/libverify.so
7ae12cdb9000-7ae12cdbb000 r--p 0000c000 fc:00 49676364                   /mydata/openjdk-mmtk/build/b0test/images/jdk/lib/libverify.so
7ae12cdbb000-7ae12cdbc000 rw-p 0000e000 fc:00 49676364                   /mydata/openjdk-mmtk/build/b0test/images/jdk/lib/libverify.so
7ae12cdbc000-7ae12cdbf000 r--p 00000000 fc:00 49676361                   /mydata/openjdk-mmtk/build/b0test/images/jdk/lib/libnet.so
7ae12cdbf000-7ae12cdc7000 r-xp 00003000 fc:00 49676361                   /mydata/openjdk-mmtk/build/b0test/images/jdk/lib/libnet.so
7ae12cdc7000-7ae12cdc9000 r--p 0000b000 fc:00 49676361                   /mydata/openjdk-mmtk/build/b0test/images/jdk/lib/libnet.so
7ae12cdc9000-7ae12cdca000 r--p 0000c000 fc:00 49676361                   /mydata/openjdk-mmtk/build/b0test/images/jdk/lib/libnet.so
7ae12cdca000-7ae12cdcb000 rw-p 0000d000 fc:00 49676361                   /mydata/openjdk-mmtk/build/b0test/images/jdk/lib/libnet.so
7ae12cdcb000-7ae12cdd2000 r--p 00000000 fc:00 49676362                   /mydata/openjdk-mmtk/build/b0test/images/jdk/lib/libnio.so
7ae12cdd2000-7ae12cddb000 r-xp 00007000 fc:00 49676362                   /mydata/openjdk-mmtk/build/b0test/images/jdk/lib/libnio.so
7ae12cddb000-7ae12cddf000 r--p 00010000 fc:00 49676362                   /mydata/openjdk-mmtk/build/b0test/images/jdk/lib/libnio.so
7ae12cddf000-7ae12cde0000 r--p 00014000 fc:00 49676362                   /mydata/openjdk-mmtk/build/b0test/images/jdk/lib/libnio.so
7ae12cde0000-7ae12cde1000 rw-p 00015000 fc:00 49676362                   /mydata/openjdk-mmtk/build/b0test/images/jdk/lib/libnio.so
7ae12cde1000-7ae12cde4000 r--p 00000000 08:03 1410420                    /usr/lib/x86_64-linux-gnu/libelf-0.190.so
7ae12cde4000-7ae12cdfa000 r-xp 00003000 08:03 1410420                    /usr/lib/x86_64-linux-gnu/libelf-0.190.so
7ae12cdfa000-7ae12cdfe000 r--p 00019000 08:03 1410420                    /usr/lib/x86_64-linux-gnu/libelf-0.190.so
7ae12cdfe000-7ae12cdff000 r--p 0001c000 08:03 1410420                    /usr/lib/x86_64-linux-gnu/libelf-0.190.so
7ae12cdff000-7ae12ce00000 rw-p 0001d000 08:03 1410420                    /usr/lib/x86_64-linux-gnu/libelf-0.190.so
7ae12ce00000-7ae12ce28000 r--p 00000000 08:03 1410238                    /usr/lib/x86_64-linux-gnu/libc.so.6
7ae12ce28000-7ae12cfb0000 r-xp 00028000 08:03 1410238                    /usr/lib/x86_64-linux-gnu/libc.so.6
7ae12cfb0000-7ae12cfff000 r--p 001b0000 08:03 1410238                    /usr/lib/x86_64-linux-gnu/libc.so.6
7ae12cfff000-7ae12d003000 r--p 001fe000 08:03 1410238                    /usr/lib/x86_64-linux-gnu/libc.so.6
7ae12d003000-7ae12d005000 rw-p 00202000 08:03 1410238                    /usr/lib/x86_64-linux-gnu/libc.so.6
7ae12d005000-7ae12d012000 rw-p 00000000 00:00 0 
7ae12d015000-7ae12d017000 r--p 00000000 fc:00 49676365                   /mydata/openjdk-mmtk/build/b0test/images/jdk/lib/libzip.so
7ae12d017000-7ae12d01c000 r-xp 00002000 fc:00 49676365                   /mydata/openjdk-mmtk/build/b0test/images/jdk/lib/libzip.so
7ae12d01c000-7ae12d01e000 r--p 00007000 fc:00 49676365                   /mydata/openjdk-mmtk/build/b0test/images/jdk/lib/libzip.so
7ae12d01e000-7ae12d01f000 r--p 00008000 fc:00 49676365                   /mydata/openjdk-mmtk/build/b0test/images/jdk/lib/libzip.so
7ae12d01f000-7ae12d020000 rw-p 00009000 fc:00 49676365                   /mydata/openjdk-mmtk/build/b0test/images/jdk/lib/libzip.so
7ae12d020000-7ae12d028000 rw-p 00000000 00:00 0 
7ae12d028000-7ae12d030000 ---p 00000000 00:00 0 
7ae12d030000-7ae12d03d000 r--p 00000000 fc:00 49676354                   /mydata/openjdk-mmtk/build/b0test/images/jdk/lib/libjava.so
7ae12d03d000-7ae12d04c000 r-xp 0000d000 fc:00 49676354                   /mydata/openjdk-mmtk/build/b0test/images/jdk/lib/libjava.so
7ae12d04c000-7ae12d051000 r--p 0001c000 fc:00 49676354                   /mydata/openjdk-mmtk/build/b0test/images/jdk/lib/libjava.so
7ae12d051000-7ae12d052000 r--p 00021000 fc:00 49676354                   /mydata/openjdk-mmtk/build/b0test/images/jdk/lib/libjava.so
7ae12d052000-7ae12d053000 rw-p 00022000 fc:00 49676354                   /mydata/openjdk-mmtk/build/b0test/images/jdk/lib/libjava.so
7ae12d053000-7ae12d054000 rw-p 00000000 00:00 0 
7ae12d054000-7ae12d05c000 rw-s 00000000 08:03 237599                     /tmp/hsperfdata_root/316004
7ae12d05c000-7ae12d060000 r--p 00000000 fc:00 49676355                   /mydata/openjdk-mmtk/build/b0test/images/jdk/lib/libjimage.so
7ae12d060000-7ae12d077000 r-xp 00004000 fc:00 49676355                   /mydata/openjdk-mmtk/build/b0test/images/jdk/lib/libjimage.so
7ae12d077000-7ae12d07c000 r--p 0001b000 fc:00 49676355                   /mydata/openjdk-mmtk/build/b0test/images/jdk/lib/libjimage.so
7ae12d07c000-7ae12d07e000 r--p 00020000 fc:00 49676355                   /mydata/openjdk-mmtk/build/b0test/images/jdk/lib/libjimage.so
7ae12d07e000-7ae12d07f000 rw-p 00022000 fc:00 49676355                   /mydata/openjdk-mmtk/build/b0test/images/jdk/lib/libjimage.so
7ae12d07f000-7ae12d083000 r--p 00000000 08:03 1410148                    /usr/lib/x86_64-linux-gnu/libgcc_s.so.1
7ae12d083000-7ae12d0a7000 r-xp 00004000 08:03 1410148                    /usr/lib/x86_64-linux-gnu/libgcc_s.so.1
7ae12d0a7000-7ae12d0ab000 r--p 00028000 08:03 1410148                    /usr/lib/x86_64-linux-gnu/libgcc_s.so.1
7ae12d0ab000-7ae12d0ac000 r--p 0002b000 08:03 1410148                    /usr/lib/x86_64-linux-gnu/libgcc_s.so.1
7ae12d0ac000-7ae12d0ad000 rw-p 0002c000 08:03 1410148                    /usr/lib/x86_64-linux-gnu/libgcc_s.so.1
7ae12d0ad000-7ae12d0bd000 r--p 00000000 08:03 1411099                    /usr/lib/x86_64-linux-gnu/libm.so.6
7ae12d0bd000-7ae12d13c000 r-xp 00010000 08:03 1411099                    /usr/lib/x86_64-linux-gnu/libm.so.6
7ae12d13c000-7ae12d194000 r--p 0008f000 08:03 1411099                    /usr/lib/x86_64-linux-gnu/libm.so.6
7ae12d194000-7ae12d195000 r--p 000e7000 08:03 1411099                    /usr/lib/x86_64-linux-gnu/libm.so.6
7ae12d195000-7ae12d196000 rw-p 000e8000 08:03 1411099                    /usr/lib/x86_64-linux-gnu/libm.so.6
7ae12d196000-7ae12d198000 rw-p 00000000 00:00 0 
7ae12d198000-7ae12d19a000 r--p 00000000 08:03 1409104                    /usr/lib/x86_64-linux-gnu/libz.so.1.3
7ae12d19a000-7ae12d1ac000 r-xp 00002000 08:03 1409104                    /usr/lib/x86_64-linux-gnu/libz.so.1.3
7ae12d1ac000-7ae12d1b2000 r--p 00014000 08:03 1409104                    /usr/lib/x86_64-linux-gnu/libz.so.1.3
7ae12d1b2000-7ae12d1b3000 r--p 0001a000 08:03 1409104                    /usr/lib/x86_64-linux-gnu/libz.so.1.3
7ae12d1b3000-7ae12d1b4000 rw-p 0001b000 08:03 1409104                    /usr/lib/x86_64-linux-gnu/libz.so.1.3
7ae12d1b9000-7ae12d1ba000 rw-s 00000000 00:10 68                         anon_inode:bpf-map
7ae12d1ba000-7ae12d1bb000 r--s 00000000 00:10 68                         anon_inode:bpf-map
7ae12d1bb000-7ae12d1bc000 ---p 00000000 00:00 0 
7ae12d1bc000-7ae12d1bd000 r--p 00000000 00:00 0 
7ae12d1bd000-7ae12d1be000 ---p 00000000 00:00 0 
7ae12d1be000-7ae12d1c0000 r--p 00000000 fc:00 49676357                   /mydata/openjdk-mmtk/build/b0test/images/jdk/lib/libjli.so
7ae12d1c0000-7ae12d1ca000 r-xp 00002000 fc:00 49676357                   /mydata/openjdk-mmtk/build/b0test/images/jdk/lib/libjli.so
7ae12d1ca000-7ae12d1cd000 r--p 0000c000 fc:00 49676357                   /mydata/openjdk-mmtk/build/b0test/images/jdk/lib/libjli.so
7ae12d1cd000-7ae12d1ce000 r--p 0000f000 fc:00 49676357                   /mydata/openjdk-mmtk/build/b0test/images/jdk/lib/libjli.so
7ae12d1ce000-7ae12d1cf000 rw-p 00010000 fc:00 49676357                   /mydata/openjdk-mmtk/build/b0test/images/jdk/lib/libjli.so
7ae12d1cf000-7ae12d1d1000 rw-p 00000000 00:00 0 
7ae12d1d1000-7ae12d1d5000 r--p 00000000 00:00 0                          [vvar]
7ae12d1d5000-7ae12d1d7000 r--p 00000000 00:00 0                          [vvar_vclock]
7ae12d1d7000-7ae12d1d9000 r-xp 00000000 00:00 0                          [vdso]
7ae12d1d9000-7ae12d1da000 r--p 00000000 08:03 1409763                    /usr/lib/x86_64-linux-gnu/ld-linux-x86-64.so.2
7ae12d1da000-7ae12d205000 r-xp 00001000 08:03 1409763                    /usr/lib/x86_64-linux-gnu/ld-linux-x86-64.so.2
7ae12d205000-7ae12d20f000 r--p 0002c000 08:03 1409763                    /usr/lib/x86_64-linux-gnu/ld-linux-x86-64.so.2
7ae12d20f000-7ae12d211000 r--p 00036000 08:03 1409763                    /usr/lib/x86_64-linux-gnu/ld-linux-x86-64.so.2
7ae12d211000-7ae12d213000 rw-p 00038000 08:03 1409763                    /usr/lib/x86_64-linux-gnu/ld-linux-x86-64.so.2
7fff29262000-7fff29283000 rw-p 00000000 00:00 0                          [stack]
ffffffffff600000-ffffffffff601000 --xp 00000000 00:00 0                  [vsyscall]
Total number of mappings: 536

JVMTI agents: none


VM Arguments:
jvm_args: -XX:+UseThirdPartyHeap -Xms512m -Xmx512m 
java_command: /mydata/dacapo/dacapo-23.11/dacapo-23.11-MR2-chopin.jar xalan -n 3
java_class_path (initial): /mydata/dacapo/dacapo-23.11/dacapo-23.11-MR2-chopin.jar
Launcher Type: SUN_STANDARD

[Global flags]
     intx CICompilerCount                          = 15                                        {product} {ergonomic}
   size_t InitialHeapSize                          = 536870912                                 {product} {command line}
   size_t MaxHeapSize                              = 536870912                                 {product} {command line}
   size_t MinHeapDeltaBytes                        = 524288                                    {product} {ergonomic}
   size_t MinHeapSize                              = 536870912                                 {product} {command line}
    uintx NonNMethodCodeHeapSize                   = 8192380                                {pd product} {ergonomic}
    uintx NonProfiledCodeHeapSize                  = 121732930                              {pd product} {ergonomic}
    uintx ProfiledCodeHeapSize                     = 121732930                              {pd product} {ergonomic}
    uintx ReservedCodeCacheSize                    = 251658240                              {pd product} {ergonomic}
     bool SegmentedCodeCache                       = true                                      {product} {ergonomic}
   size_t SoftMaxHeapSize                          = 536870912                              {manageable} {ergonomic}
     bool UseCompressedOops                        = true                           {product lp64_product} {ergonomic}

Logging:
Log output configuration:
 #0: stdout all=warning uptime,level,tags foldmultilines=false
 #1: stderr all=off uptime,level,tags foldmultilines=false

Release file:
IMPLEMENTOR="N/A"
JAVA_RUNTIME_VERSION="21.0.9-internal-adhoc.talzuss.openjdk-mmtk"
JAVA_VERSION="21.0.9"
JAVA_VERSION_DATE="2025-10-21"
LIBC="gnu"
MODULES="java.base java.compiler java.datatransfer java.xml java.prefs java.desktop java.instrument java.logging java.management java.security.sasl java.naming java.rmi java.management.rmi java.net.http java.scripting java.security.jgss java.transaction.xa java.sql java.sql.rowset java.xml.crypto java.se java.smartcardio jdk.accessibility jdk.internal.jvmstat jdk.attach jdk.charsets jdk.internal.opt jdk.zipfs jdk.compiler jdk.crypto.ec jdk.crypto.cryptoki jdk.dynalink jdk.internal.ed jdk.editpad jdk.hotspot.agent jdk.httpserver jdk.incubator.vector jdk.internal.le jdk.internal.vm.ci jdk.internal.vm.compiler jdk.internal.vm.compiler.management jdk.jartool jdk.javadoc jdk.jcmd jdk.management jdk.management.agent jdk.jconsole jdk.jdeps jdk.jdwp.agent jdk.jdi jdk.jfr jdk.jlink jdk.jpackage jdk.jshell jdk.jsobject jdk.jstatd jdk.localedata jdk.management.jfr jdk.naming.dns jdk.naming.rmi jdk.net jdk.nio.mapmode jdk.random jdk.sctp jdk.security.auth jdk.security.jgss jdk.unsupported jdk.unsupported.desktop jdk.xml.dom"
OS_ARCH="x86_64"
OS_NAME="Linux"
SOURCE=".:git:b557520f04b3+"

Environment Variables:
PATH=/usr/local/sbin:/usr/local/bin:/usr/sbin:/usr/bin:/sbin:/bin:/snap/bin
SHELL=/bin/bash
LANG=en_US.UTF-8
TERM=tmux-256color

Active Locale:
LC_ALL=en_US.UTF-8
LC_COLLATE=en_US.UTF-8
LC_CTYPE=en_US.UTF-8
LC_MESSAGES=en_US.UTF-8
LC_MONETARY=en_US.UTF-8
LC_NUMERIC=en_US.UTF-8
LC_TIME=en_US.UTF-8

Signal Handlers:
   SIGSEGV: crash_handler in libjvm.so, mask=11100100010111111101111111111110, flags=SA_RESTART|SA_SIGINFO, unblocked
    SIGBUS: crash_handler in libjvm.so, mask=11100100010111111101111111111110, flags=SA_RESTART|SA_SIGINFO, unblocked
    SIGFPE: crash_handler in libjvm.so, mask=11100100010111111101111111111110, flags=SA_RESTART|SA_SIGINFO, unblocked
   SIGPIPE: javaSignalHandler in libjvm.so, mask=11100100010111111101111111111110, flags=SA_RESTART|SA_SIGINFO, blocked
   SIGXFSZ: javaSignalHandler in libjvm.so, mask=11100100010111111101111111111110, flags=SA_RESTART|SA_SIGINFO, blocked
    SIGILL: crash_handler in libjvm.so, mask=11100100010111111101111111111110, flags=SA_RESTART|SA_SIGINFO, unblocked
   SIGUSR2: SR_handler in libjvm.so, mask=00000000000000000000000000000000, flags=SA_RESTART|SA_SIGINFO, blocked
    SIGHUP: UserHandler in libjvm.so, mask=11100100010111111101111111111110, flags=SA_RESTART|SA_SIGINFO, blocked
    SIGINT: UserHandler in libjvm.so, mask=11100100010111111101111111111110, flags=SA_RESTART|SA_SIGINFO, blocked
   SIGTERM: UserHandler in libjvm.so, mask=11100100010111111101111111111110, flags=SA_RESTART|SA_SIGINFO, blocked
   SIGQUIT: UserHandler in libjvm.so, mask=11100100010111111101111111111110, flags=SA_RESTART|SA_SIGINFO, blocked
   SIGTRAP: crash_handler in libjvm.so, mask=11100100010111111101111111111110, flags=SA_RESTART|SA_SIGINFO, unblocked


Periodic native trim disabled

---------------  S Y S T E M  ---------------

OS:
DISTRIB_ID=Ubuntu
DISTRIB_RELEASE=24.04
DISTRIB_CODENAME=noble
DISTRIB_DESCRIPTION="Ubuntu 24.04.4 LTS"
uname: Linux 6.17.0-bpf-fault+ #1 SMP PREEMPT_DYNAMIC Mon Jul  6 16:43:12 MDT 2026 x86_64
OS uptime: 0 days 21:09 hours
libc: glibc 2.39 NPTL 2.39 
rlimit (soft/hard): STACK 8192k/infinity , CORE 0k/0k , NPROC 513205/513205 , NOFILE 1048576/1048576 , AS infinity/infinity , CPU infinity/infinity , DATA infinity/infinity , FSIZE infinity/infinity , MEMLOCK 16436528k/16436528k
load average: 7.30 4.43 2.27

/proc/meminfo:
MemTotal:       131492232 kB
MemFree:        74080864 kB
MemAvailable:   116360756 kB
Buffers:          517600 kB
Cached:         41092996 kB
SwapCached:            0 kB
Active:          3599672 kB
Inactive:       40801160 kB
Active(anon):    2806708 kB
Inactive(anon):        0 kB
Active(file):     792964 kB
Inactive(file): 40801160 kB
Unevictable:       41912 kB
Mlocked:           38840 kB
SwapTotal:       8388604 kB
SwapFree:        8388604 kB
Zswap:                 0 kB
Zswapped:              0 kB
Dirty:              6088 kB
Writeback:             0 kB
AnonPages:       2834536 kB
Mapped:          9730284 kB
Shmem:              5316 kB
KReclaimable:    1872136 kB
Slab:            2393420 kB
SReclaimable:    1872136 kB
SUnreclaim:       521284 kB
KernelStack:       11968 kB
PageTables:        57376 kB
SecPageTables:      8800 kB
NFS_Unstable:          0 kB
Bounce:                0 kB
WritebackTmp:          0 kB
CommitLimit:    74134720 kB
Committed_AS:   163366188 kB
VmallocTotal:   34359738367 kB
VmallocUsed:       37876 kB
VmallocChunk:          0 kB
Percpu:            48896 kB
HardwareCorrupted:     0 kB
AnonHugePages:         0 kB
ShmemHugePages:        0 kB
ShmemPmdMapped:        0 kB
FileHugePages:   2168832 kB
FilePmdMapped:         0 kB
Unaccepted:            0 kB
Balloon:               0 kB
HugePages_Total:       0
HugePages_Free:        0
HugePages_Rsvd:        0
HugePages_Surp:        0
Hugepagesize:       2048 kB
Hugetlb:               0 kB
DirectMap4k:      723776 kB
DirectMap2M:    25077760 kB
DirectMap1G:    108003328 kB

/sys/kernel/mm/transparent_hugepage/enabled: always madvise [never]
/sys/kernel/mm/transparent_hugepage/hpage_pmd_size: 2097152
/sys/kernel/mm/transparent_hugepage/defrag (defrag/compaction efforts parameter): always defer defer+madvise [madvise] never

Process Memory:
Virtual Size: 13620279536K (peak: 13620280340K)
Resident Set Size: 4161560K (peak: 4161560K) (anon: 988280K, file: 3173280K, shmem: 0K)
Swapped out: 0K
C-Heap outstanding allocations: 1388976K, retained: 36555K
glibc malloc tunables: (default)

/proc/sys/kernel/threads-max (system-wide limit on the number of threads): 1026411
/proc/sys/vm/max_map_count (maximum number of memory map areas a process may have): 1048576
/proc/sys/vm/swappiness (control to define how aggressively the kernel swaps out anonymous memory): 60
/proc/sys/kernel/pid_max (system-wide limit on number of process identifiers): 4194304

container information not found.
Steal ticks since vm start: 0
Steal ticks percentage since vm start:  0.000

CPU: total 32 (initial active 32) (32 cores per cpu, 2 threads per core) family 23 model 49 stepping 0 microcode 0x830107c, cx8, cmov, fxsr, ht, mmx, 3dnowpref, sse, sse2, sse3, ssse3, sse4a, sse4.1, sse4.2, popcnt, lzcnt, tsc, tscinvbit, avx, avx2, aes, clmul, bmi1, bmi2, adx, sha, fma, vzeroupper, clflush, clflushopt, rdtscp, rdpid, f16c
CPU Model and flags from /proc/cpuinfo:
model name	: AMD EPYC 7302P 16-Core Processor
flags		: fpu vme de pse tsc msr pae mce cx8 apic sep mtrr pge mca cmov pat pse36 clflush mmx fxsr sse sse2 ht syscall nx mmxext fxsr_opt pdpe1gb rdtscp lm constant_tsc rep_good nopl xtopology nonstop_tsc cpuid extd_apicid aperfmperf rapl pni pclmulqdq monitor ssse3 fma cx16 sse4_1 sse4_2 movbe popcnt aes xsave avx f16c rdrand lahf_lm cmp_legacy svm extapic cr8_legacy abm sse4a misalignsse 3dnowprefetch osvw ibs skinit wdt tce topoext perfctr_core perfctr_nb bpext perfctr_llc mwaitx cpb cat_l3 cdp_l3 hw_pstate ssbd mba ibrs ibpb stibp vmmcall fsgsbase bmi1 avx2 smep bmi2 cqm rdt_a rdseed adx smap clflushopt clwb sha_ni xsaveopt xsavec xgetbv1 xsaves cqm_llc cqm_occup_llc cqm_mbm_total cqm_mbm_local clzero irperf xsaveerptr rdpru wbnoinvd amd_ppin arat npt lbrv svm_lock nrip_save tsc_scale vmcb_clean flushbyasid decodeassists pausefilter pfthreshold avic v_vmsave_vmload vgif v_spec_ctrl umip rdpid overflow_recov succor smca sev sev_es

Online cpus: 0-31
Offline cpus: 
BIOS frequency limitation: <Not Available>
Frequency switch latency (ns): <Not Available>
Available cpu frequencies: <Not Available>
Current governor: <Not Available>
Core performance/turbo boost: <Not Available>

Memory: 4k page, physical 131492232k(116360756k free), swap 8388604k(8388604k free)
Page Sizes: 4k

vm_info: OpenJDK 64-Bit Server VM (21.0.9-internal-adhoc.talzuss.openjdk-mmtk) for linux-amd64 JRE (21.0.9-internal-adhoc.talzuss.openjdk-mmtk), built on 2026-07-06T23:13:08Z by "talzuss" with gcc 13.3.0
heap_info: MMTk OpenJDK 0.32.0 (a3bb9ef-dirty), using MMTk 0.32.0 (6afa497-dirty, BUILTIN_ENV_LOGGER, DEFAULT, EAGER_SWEEPING, VO_BIT)@

END.
