#
# A fatal error has been detected by the Java Runtime Environment:
#
#  SIGSEGV (0xb) at pc=0x000072652ebc38f1, pid=320095, tid=320112
#
# JRE version: OpenJDK Runtime Environment (21.0.9) (build 21.0.9-internal-adhoc.talzuss.openjdk-mmtk)
# Java VM: OpenJDK 64-Bit Server VM (21.0.9-internal-adhoc.talzuss.openjdk-mmtk, mixed mode, sharing, tiered, compressed oops, compressed class ptrs, third-party gc, linux-amd64)
# Problematic frame:
# C  [libmmtk_openjdk.so+0x1c38f1]  mmtk::util::metadata::side_metadata::global::SideMetadataSpec::side_metadata_access::h2ebe702d7e44aa43+0xa1
#
# Core dump will be written. Default location: Core dumps may be processed with "/usr/share/apport/apport -p%p -s%s -c%c -d%d -P%P -u%u -g%g -F%F -- %E" (or dumping to /mydata/gc-bpf-fault/micro/core.320095)
#
# If you would like to submit a bug report, please visit:
#   https://bugreport.java.com/bugreport/crash.jsp
#

---------------  S U M M A R Y ------------

Command Line: -XX:+UseThirdPartyHeap -Xms512m -Xmx512m /mydata/dacapo/dacapo-23.11/dacapo-23.11-MR2-chopin.jar xalan -n 3

Host: AMD EPYC 7302P 16-Core Processor, 32 cores, 125G, Ubuntu 24.04.4 LTS
Time: Tue Jul  7 14:20:10 2026 MDT elapsed time: 3.025678 seconds (0d 0h 0m 3s)

---------------  T H R E A D  ---------------

Current thread (0x00007265285361c0):  NamedThread "MMTk Collector Thread" [id=320112, stack(0x000072652cbf7000,0x000072652ccf7000) (1024K)]

Stack: [0x000072652cbf7000,0x000072652ccf7000],  sp=0x000072652ccf58d0,  free space=1018k
Native frames: (J=compiled Java code, j=interpreted, Vv=VM code, C=native code)
C  [libmmtk_openjdk.so+0x1c38f1]  mmtk::util::metadata::side_metadata::global::SideMetadataSpec::side_metadata_access::h2ebe702d7e44aa43+0xa1

siginfo: si_signo: 11 (SIGSEGV), si_code: 2 (SEGV_ACCERR), si_addr: 0x00007064f1f98521

Registers:
RAX=0x000072652ebc38f1, RBX=0x00000000000a4ee8, RCX=0x000072652ea78480, RDX=0x0000000000000006
RSP=0x000072652ccf58d0, RBP=0x0000000000000008, RSI=0x0000000000000001, RDI=0x000072652ccf59a0
R8 =0x00007064f1f98521, R9 =0xffffffffffffff40, R10=0x0000000000000007, R11=0x4865c3cfe34bd1e6
R12=0x000065b7cc011f70, R13=0x0000000000000001, R14=0x000065b7b4006be0, R15=0x000072652ccf59a0
RIP=0x000072652ebc38f1, EFLAGS=0x0000000000010202, CSGSFS=0x002b000000000033, ERR=0x0000000000000004
  TRAPNO=0x000000000000000e

XMM[0]=0x000065b788006ab0 0x0000000000000024
XMM[1]=0x0000000000000000 0x0000000000783020
XMM[2]=0x000000004ffe60e8 0x000000004ffe60b0
XMM[3]=0x000000004ffe6040 0x000000004ffe6018
XMM[4]=0x0000000000000000 0x000065b7b4000090
XMM[5]=0x000000004aac64e0 0x000000004aac64c8
XMM[6]=0x000000004aac6440 0x000000004aac6418
XMM[7]=0x000000004aac6390 0x000000004aac6378
XMM[8]=0x000000004aac62f0 0x000000004aac62b8
XMM[9]=0x0000000000000000 0x0000000000000000
XMM[10]=0x3f3f3f3f3f3f3f3f 0x3f3f3f3f3f3f3f3f
XMM[11]=0x9999999999999999 0x9999999999999999
XMM[12]=0x2020202020202020 0x2020202020202020
XMM[13]=0x0000000000000000 0x0000000000000000
XMM[14]=0x0000000000000000 0x0000000000000000
XMM[15]=0x0000000000000000 0x0000000000000000
  MXCSR=0x00001fa2


Register to memory mapping:

RAX=
[error occurred during error reporting (printing register info), id 0xe0000000, Internal Error (/mydata/mmtk-openjdk/openjdk/share/mmtkHeap.cpp:444)]
RBX=
[error occurred during error reporting (printing register info, attempt 2), id 0xe0000000, Internal Error (/mydata/mmtk-openjdk/openjdk/share/mmtkHeap.cpp:444)]
RCX=
[error occurred during error reporting (printing register info, attempt 3), id 0xe0000000, Internal Error (/mydata/mmtk-openjdk/openjdk/share/mmtkHeap.cpp:444)]
Top of Stack: (sp=0x000072652ccf58d0)
0x000072652ccf58d0:   0000000000000013 0000000000000000
0x000072652ccf58e0:   00000000000a5078 000065b7cc011de0
0x000072652ccf58f0:   000065b7b4006be0 000072652ccf59a0
0x000072652ccf5900:   0000000000000007 000072652ecafe21
0x000072652ccf5910:   00007265283dda00 000065b7f31b70e0
0x000072652ccf5920:   000000004ffcd388 0000000000020000
0x000072652ccf5930:   000065b7cc011d50 0000000000014a21
0x000072652ccf5940:   0000000000000008 000065b7b4006be0
0x000072652ccf5950:   0000000000000008 000072652ee01104
0x000072652ccf5960:   000065b7f40f32c0 000000004ee3dc40
0x000072652ccf5970:   0000000000000000 000065b7cc011f70
0x000072652ccf5980:   000065b7b800c870 000065b78403a200
0x000072652ccf5990:   000072652852a5b0 0000000000000025
0x000072652ccf59a0:   000072652eddba28 000072652ccf59f0
0x000072652ccf59b0:   000072652ccf5958 0000000000000001
0x000072652ccf59c0:   0000000000000000 000072652ccf5a2f
0x000072652ccf59d0:   000072652ccf5a38 000072652ccf5928
0x000072652ccf59e0:   0000000000000000 000065b7cc009d80
0x000072652ccf59f0:   000000006e614872 000072652ecc9840
0x000072652ccf5a00:   000072652806d400 000072652852a450
0x000072652ccf5a10:   000072652ccf5a20 000072652ecab413
0x000072652ccf5a20:   000065b7cc00a008 0000000000000001
0x000072652ccf5a30:   000065b7cc00a010 0000000000000400
0x000072652ccf5a40:   000065b7cc003f20 0000000000000314
0x000072652ccf5a50:   0000000040000000 000000004ffe6000
0x000072652ccf5a60:   000000000000ffe6 000072652ccf5978
0x000072652ccf5a70:   000072652ee018e8 000072652ee01100
0x000072652ccf5a80:   0000000000000080 000065b7f31b6e58
0x000072652ccf5a90:   000000000000001f 000072652ccf59f0
0x000072652ccf5aa0:   000065b7cc0057c0 000065b7cc0057c0
0x000072652ccf5ab0:   000072652806ef00 000072652806ec00
0x000072652ccf5ac0:   000072652806e900 000072652806e600 

Instructions: (pc=0x000072652ebc38f1)
0x000072652ebc37f1:   00 48 85 c0 74 41 48 8b 18 66 c7 44 24 0c 01 00
0x000072652ebc3801:   c7 44 24 08 01 01 00 01 48 8d 7c 24 08 e8 1d 47
0x000072652ebc3811:   01 00 66 c7 43 04 04 00 c7 43 06 00 00 01 00 c6
0x000072652ebc3821:   43 0a 06 c6 43 0c 06 c6 43 0e 06 66 c7 43 10 03
0x000072652ebc3831:   00 48 83 c4 10 5b c3 48 8d 3d 89 9c 21 00 e8 ac
0x000072652ebc3841:   3e fd ff cc cc cc cc cc cc cc cc cc cc cc cc 48
0x000072652ebc3851:   83 ec 38 48 8b 37 4c 8b 4f 08 4d 8b 01 48 8b 46
0x000072652ebc3861:   18 48 8b 4e 20 ba 03 00 00 00 29 c2 0f 88 8e 00
0x000072652ebc3871:   00 00 48 8b 46 10 44 8b 15 12 e0 23 00 48 03 05
0x000072652ebc3881:   03 e0 23 00 49 d3 e8 89 d1 49 d3 e8 49 01 c0 48
0x000072652ebc3891:   8b 46 18 48 83 f8 03 0f 83 90 00 00 00 41 ba 07
0x000072652ebc38a1:   00 00 00 89 c1 49 d3 ea 49 8b 11 0f b6 4e 20 48
0x000072652ebc38b1:   d3 ea 44 21 d2 89 c1 48 d3 e2 be 01 00 00 00 48
0x000072652ebc38c1:   d3 e6 49 c7 c1 ff ff ff ff 89 f1 49 d3 e1 41 f6
0x000072652ebc38d1:   d1 80 e2 07 89 d1 41 d2 e1 48 8b 47 10 0f b6 00
0x000072652ebc38e1:   48 8d 0d 98 4b eb ff 48 63 04 81 48 01 c8 ff e0
0x000072652ebc38f1:   41 0f b6 00 44 20 c8 89 d1 d2 e8 48 83 c4 38 c3
0x000072652ebc3901:   48 8b 56 10 44 8b 15 84 df 23 00 49 d3 e8 48 03
0x000072652ebc3911:   15 72 df 23 00 04 3d 89 c1 49 d3 e0 49 01 d0 48
0x000072652ebc3921:   8b 46 18 48 83 f8 03 0f 82 70 ff ff ff 48 8b 47
0x000072652ebc3931:   10 0f b6 00 48 8d 0d 30 4b eb ff 48 63 04 81 48
0x000072652ebc3941:   01 c8 ff e0 41 0f b6 00 48 83 c4 38 c3 48 8d 05
0x000072652ebc3951:   c3 51 21 00 48 89 44 24 08 48 c7 44 24 10 01 00
0x000072652ebc3961:   00 00 48 c7 44 24 18 08 00 00 00 0f 57 c0 0f 11
0x000072652ebc3971:   44 24 20 48 8d 35 ad 51 21 00 48 8d 7c 24 08 e8
0x000072652ebc3981:   1b 3f fd ff 48 8d 05 b4 51 21 00 48 89 44 24 08
0x000072652ebc3991:   48 c7 44 24 10 01 00 00 00 48 c7 44 24 18 08 00
0x000072652ebc39a1:   00 00 0f 57 c0 0f 11 44 24 20 48 8d 35 9e 51 21
0x000072652ebc39b1:   00 48 8d 7c 24 08 e8 e4 3e fd ff cc cc cc cc 48
0x000072652ebc39c1:   81 ec 88 00 00 00 48 8b 07 48 8d 48 28 48 8d 50
0x000072652ebc39d1:   10 48 8d 78 18 48 89 44 24 08 48 83 c0 20 4c 8d
0x000072652ebc39e1:   05 aa 0c fe ff 4c 89 44 24 10 48 89 4c 24 18 48 


Stack slot to memory mapping:

stack at sp + 0 slots: 
[error occurred during error reporting (inspecting top of stack), id 0xe0000000, Internal Error (/mydata/mmtk-openjdk/openjdk/share/mmtkHeap.cpp:444)]
stack at sp + 1 slots: 0x0 is null
stack at sp + 2 slots: 
[error occurred during error reporting (inspecting top of stack, attempt 2), id 0xe0000000, Internal Error (/mydata/mmtk-openjdk/openjdk/share/mmtkHeap.cpp:444)]
stack at sp + 3 slots: 
[error occurred during error reporting (inspecting top of stack, attempt 3), id 0xe0000000, Internal Error (/mydata/mmtk-openjdk/openjdk/share/mmtkHeap.cpp:444)]

---------------  P R O C E S S  ---------------

Threads class SMR info:
_java_thread_list=0x000065b6bc05a320, length=56, elements={
0x000072652802b240, 0x0000726528524810, 0x00007265285260a0, 0x0000726528527b90,
0x00007265285463e0, 0x0000726528547d30, 0x00007265285495f0, 0x000072652854b430,
0x0000726528554e00, 0x000065b76c03d650, 0x000065b76c03ec50, 0x000072652859c310,
0x000072652859f310, 0x000065b7600152c0, 0x000065b76403d460, 0x000065b76403ead0,
0x000065b768098fc0, 0x000065b754001a80, 0x0000726528778390, 0x0000726528778db0,
0x0000726528779c60, 0x000072652877e570, 0x000072652877f7a0, 0x0000726528780b70,
0x00007265287820e0, 0x00007265287834b0, 0x00007265287beca0, 0x00007265287c01d0,
0x00007265287c1760, 0x00007265287c2c10, 0x00007265287c40c0, 0x00007265287c5460,
0x00007265287c6910, 0x00007265287c8150, 0x00007265287c9710, 0x00007265287cabb0,
0x00007265283df180, 0x00007265283e02d0, 0x00007265283e18b0, 0x00007265287b7280,
0x00007265287b86a0, 0x00007265287b9b40, 0x00007265287bafe0, 0x00007265287bc480,
0x00007265287bd920, 0x00007265285b7820, 0x00007265285b8d90, 0x00007265285ba230,
0x00007265285bbac0, 0x00007265285bd5d0, 0x000065b7480a6db0, 0x000065b7480a8590,
0x000065b7600c6470, 0x000065b76c0c8c30, 0x000065b7640aa490, 0x000065b6bc08f330
}

Java Threads: ( => current thread )
  0x000072652802b240 JavaThread "main"                              [_thread_blocked, id=320096, stack(0x000072652ee17000,0x000072652ef17000) (1024K)]
  0x0000726528524810 JavaThread "Reference Handler"          daemon [_thread_blocked, id=320100, stack(0x000072652db42000,0x000072652dc42000) (1024K)]
  0x00007265285260a0 JavaThread "Finalizer"                  daemon [_thread_blocked, id=320101, stack(0x000072652d700000,0x000072652d800000) (1024K)]
  0x0000726528527b90 JavaThread "MMTk Finalizer Thread"      daemon [_thread_blocked, id=320102, stack(0x000072652d600000,0x000072652d700000) (1024K)]
  0x00007265285463e0 JavaThread "Signal Dispatcher"          daemon [_thread_blocked, id=320126, stack(0x00007264f04fd000,0x00007264f05fd000) (1024K)]
  0x0000726528547d30 JavaThread "Service Thread"             daemon [_thread_blocked, id=320127, stack(0x000065b83c2fc000,0x000065b83c3fc000) (1024K)]
  0x00007265285495f0 JavaThread "Monitor Deflation Thread"   daemon [_thread_blocked, id=320128, stack(0x000065b839100000,0x000065b839200000) (1024K)]
  0x000072652854b430 JavaThread "C2 CompilerThread0"         daemon [_thread_blocked, id=320129, stack(0x000065b839000000,0x000065b839100000) (1024K)]
  0x0000726528554e00 JavaThread "C1 CompilerThread0"         daemon [_thread_blocked, id=320130, stack(0x000065b838f00000,0x000065b839000000) (1024K)]
  0x000065b76c03d650 JavaThread "C1 CompilerThread1"         daemon [_thread_blocked, id=320131, stack(0x000065b838e00000,0x000065b838f00000) (1024K)]
  0x000065b76c03ec50 JavaThread "C1 CompilerThread2"         daemon [_thread_blocked, id=320132, stack(0x000065b838d00000,0x000065b838e00000) (1024K)]
  0x000072652859c310 JavaThread "Notification Thread"        daemon [_thread_blocked, id=320133, stack(0x000065b838c00000,0x000065b838d00000) (1024K)]
  0x000072652859f310 JavaThread "Common-Cleaner"             daemon [_thread_blocked, id=320134, stack(0x000065b838b00000,0x000065b838c00000) (1024K)]
  0x000065b7600152c0 JavaThread "C2 CompilerThread1"         daemon [_thread_blocked, id=320135, stack(0x000065b838a00000,0x000065b838b00000) (1024K)]
  0x000065b76403d460 JavaThread "C1 CompilerThread3"         daemon [_thread_blocked, id=320136, stack(0x000065b838900000,0x000065b838a00000) (1024K)]
  0x000065b76403ead0 JavaThread "C1 CompilerThread4"         daemon [_thread_blocked, id=320137, stack(0x000065b838800000,0x000065b838900000) (1024K)]
  0x000065b768098fc0 JavaThread "C2 CompilerThread2"         daemon [_thread_in_native, id=320138, stack(0x000065b838700000,0x000065b838800000) (1024K)]
  0x000065b754001a80 JavaThread "C2 CompilerThread3"         daemon [_thread_blocked, id=320139, stack(0x000065b838600000,0x000065b838700000) (1024K)]
  0x0000726528778390 JavaThread "Thread-0"                          [_thread_blocked, id=320140, stack(0x000065b838500000,0x000065b838600000) (1024K)]
  0x0000726528778db0 JavaThread "Thread-1"                          [_thread_blocked, id=320141, stack(0x000065b838400000,0x000065b838500000) (1024K)]
  0x0000726528779c60 JavaThread "Thread-2"                          [_thread_blocked, id=320142, stack(0x000065b838300000,0x000065b838400000) (1024K)]
  0x000072652877e570 JavaThread "Thread-3"                          [_thread_blocked, id=320143, stack(0x000065b838200000,0x000065b838300000) (1024K)]
  0x000072652877f7a0 JavaThread "Thread-4"                          [_thread_blocked, id=320144, stack(0x000065b838100000,0x000065b838200000) (1024K)]
  0x0000726528780b70 JavaThread "Thread-5"                          [_thread_blocked, id=320145, stack(0x000065b838000000,0x000065b838100000) (1024K)]
  0x00007265287820e0 JavaThread "Thread-6"                          [_thread_blocked, id=320146, stack(0x000065b7f2f00000,0x000065b7f3000000) (1024K)]
  0x00007265287834b0 JavaThread "Thread-7"                          [_thread_blocked, id=320147, stack(0x000065b7f2e00000,0x000065b7f2f00000) (1024K)]
  0x00007265287beca0 JavaThread "Thread-8"                          [_thread_blocked, id=320148, stack(0x000065b7f2d00000,0x000065b7f2e00000) (1024K)]
  0x00007265287c01d0 JavaThread "Thread-9"                          [_thread_blocked, id=320149, stack(0x000065b7f2c00000,0x000065b7f2d00000) (1024K)]
  0x00007265287c1760 JavaThread "Thread-10"                         [_thread_blocked, id=320150, stack(0x000065b7f2b00000,0x000065b7f2c00000) (1024K)]
  0x00007265287c2c10 JavaThread "Thread-11"                         [_thread_blocked, id=320151, stack(0x000065b7f2a00000,0x000065b7f2b00000) (1024K)]
  0x00007265287c40c0 JavaThread "Thread-12"                         [_thread_blocked, id=320152, stack(0x000065b7f2900000,0x000065b7f2a00000) (1024K)]
  0x00007265287c5460 JavaThread "Thread-13"                         [_thread_blocked, id=320153, stack(0x000065b7f2800000,0x000065b7f2900000) (1024K)]
  0x00007265287c6910 JavaThread "Thread-14"                         [_thread_blocked, id=320154, stack(0x000065b7f2700000,0x000065b7f2800000) (1024K)]
  0x00007265287c8150 JavaThread "Thread-15"                         [_thread_blocked, id=320155, stack(0x000065b7f2600000,0x000065b7f2700000) (1024K)]
  0x00007265287c9710 JavaThread "Thread-16"                         [_thread_blocked, id=320156, stack(0x000065b7f2500000,0x000065b7f2600000) (1024K)]
  0x00007265287cabb0 JavaThread "Thread-17"                         [_thread_blocked, id=320157, stack(0x000065b7f2400000,0x000065b7f2500000) (1024K)]
  0x00007265283df180 JavaThread "Thread-18"                         [_thread_blocked, id=320158, stack(0x000065b7f2300000,0x000065b7f2400000) (1024K)]
  0x00007265283e02d0 JavaThread "Thread-19"                         [_thread_blocked, id=320159, stack(0x000065b7f2200000,0x000065b7f2300000) (1024K)]
  0x00007265283e18b0 JavaThread "Thread-20"                         [_thread_blocked, id=320160, stack(0x000065b7f2100000,0x000065b7f2200000) (1024K)]
  0x00007265287b7280 JavaThread "Thread-21"                         [_thread_blocked, id=320161, stack(0x000065b7f2000000,0x000065b7f2100000) (1024K)]
  0x00007265287b86a0 JavaThread "Thread-22"                         [_thread_blocked, id=320162, stack(0x000065b7f1f00000,0x000065b7f2000000) (1024K)]
  0x00007265287b9b40 JavaThread "Thread-23"                         [_thread_blocked, id=320163, stack(0x000065b7f1e00000,0x000065b7f1f00000) (1024K)]
  0x00007265287bafe0 JavaThread "Thread-24"                         [_thread_blocked, id=320164, stack(0x000065b7f1d00000,0x000065b7f1e00000) (1024K)]
  0x00007265287bc480 JavaThread "Thread-25"                         [_thread_blocked, id=320165, stack(0x000065b7f1c00000,0x000065b7f1d00000) (1024K)]
  0x00007265287bd920 JavaThread "Thread-26"                         [_thread_blocked, id=320166, stack(0x000065b7f1b00000,0x000065b7f1c00000) (1024K)]
  0x00007265285b7820 JavaThread "Thread-27"                         [_thread_blocked, id=320167, stack(0x000065b7f1a00000,0x000065b7f1b00000) (1024K)]
  0x00007265285b8d90 JavaThread "Thread-28"                         [_thread_blocked, id=320168, stack(0x000065b7f1900000,0x000065b7f1a00000) (1024K)]
  0x00007265285ba230 JavaThread "Thread-29"                         [_thread_blocked, id=320169, stack(0x000065b7f1800000,0x000065b7f1900000) (1024K)]
  0x00007265285bbac0 JavaThread "Thread-30"                         [_thread_blocked, id=320170, stack(0x000065b7f1700000,0x000065b7f1800000) (1024K)]
  0x00007265285bd5d0 JavaThread "Thread-31"                         [_thread_blocked, id=320171, stack(0x000065b7f1600000,0x000065b7f1700000) (1024K)]
  0x000065b7480a6db0 JavaThread "C2 CompilerThread4"         daemon [_thread_blocked, id=320172, stack(0x000065b7f1500000,0x000065b7f1600000) (1024K)]
  0x000065b7480a8590 JavaThread "C2 CompilerThread5"         daemon [_thread_blocked, id=320173, stack(0x000065b7f1400000,0x000065b7f1500000) (1024K)]
  0x000065b7600c6470 JavaThread "C2 CompilerThread6"         daemon [_thread_blocked, id=320174, stack(0x000065b7f1300000,0x000065b7f1400000) (1024K)]
  0x000065b76c0c8c30 JavaThread "C2 CompilerThread7"         daemon [_thread_blocked, id=320175, stack(0x000065b7f1200000,0x000065b7f1300000) (1024K)]
  0x000065b7640aa490 JavaThread "C2 CompilerThread8"         daemon [_thread_in_native, id=320176, stack(0x000065b7f1100000,0x000065b7f1200000) (1024K)]
  0x000065b6bc08f330 JavaThread "C2 CompilerThread9"         daemon [_thread_blocked, id=320177, stack(0x000065b7f1000000,0x000065b7f1100000) (1024K)]
Total: 56

Other Threads:
  0x0000726528519370 VMThread "VM Thread"                           [id=320099, stack(0x000072652dc43000,0x000072652dd43000) (1024K)]
  0x0000726528506fa0 WatcherThread "VM Periodic Task Thread"        [id=320098, stack(0x000072652dd44000,0x000072652de44000) (1024K)]

=>0x00007265285361c0 (exited) NamedThread "MMTk Collector Thread"   [id=320112, stack(0x000072652cbf7000,0x000072652ccf7000) (1024K)]
Total: 3

Threads with active compile tasks:
C2 CompilerThread0  3028 2974   !   4       org.apache.xalan.templates.ElemLiteralResult::execute (312 bytes)
C2 CompilerThread1  3028 2982       4       org.apache.xalan.templates.ElemNumber$NumberFormatStringTokenizer::nextToken (113 bytes)
C2 CompilerThread2  3028 2307   !   4       org.apache.xalan.templates.ElemApplyTemplates::transformSelectedNodes (979 bytes)
C2 CompilerThread3  3028 2841 % !   4       org.apache.xerces.impl.XMLDocumentFragmentScannerImpl$FragmentContentDispatcher::dispatch @ 0 (1118 bytes)
C2 CompilerThread4  3028 2362       4       org.apache.xml.serializer.ToStream::startPrefixMapping (9 bytes)
C2 CompilerThread5  3028 2185       4       org.apache.xerces.impl.XMLNSDocumentScannerImpl::scanEndElement (188 bytes)
C2 CompilerThread6  3028 2865       4       org.apache.xerces.impl.XMLNSDocumentScannerImpl::scanStartElement (866 bytes)
C2 CompilerThread7  3028 2658   !   4       org.apache.xalan.templates.AVT::evaluate (112 bytes)
C2 CompilerThread8  3028 2364       4       org.apache.xml.serializer.ToStream::startPrefixMapping (128 bytes)
C2 CompilerThread9  3028 2973       4       org.apache.xalan.templates.ElemTemplateElement::unexecuteNSDecls (7 bytes)
Total: 10

VM state: at safepoint (normal execution)

VM Mutex/Monitor currently owned by a thread:  ([mutex/lock_event])
[0x00007265305580d0] Threads_lock - owner thread: 0x0000726528519370
[0x0000726530557fd0] Heap_lock - owner thread: 0x00007265283e27e0

Heap address: 0x0000000040000000, size: 3072 MB, Compressed Oops mode: 32-bit

CDS archive(s) mapped at: [0x000065b7f3000000-0x000065b7f3ca3000-0x000065b7f3ca3000), size 13250560, SharedBaseAddress: 0x000065b7f3000000, ArchiveRelocationMode: 1.
Compressed class space mapped at: 0x000065b7f4000000-0x000065b834000000, reserved size: 1073741824
Narrow klass base: 0x000065b7f3000000, Narrow klass shift: 0, Narrow klass range: 0x100000000

GC Precious Log:
<Empty>

Heap:

[error occurred during error reporting (printing heap information), id 0xe0000000, Internal Error (/mydata/mmtk-openjdk/openjdk/share/mmtkHeap.cpp:424)]
Metaspace:

Usage:
  Non-class:      7.04 MB used.
      Class:    972.89 KB used.
       Both:      7.99 MB used.

Virtual space:
  Non-class space:       64.00 MB reserved,       7.19 MB ( 11%) committed,  1 nodes.
      Class space:        1.00 GB reserved,       1.06 MB ( <1%) committed,  1 nodes.
             Both:        1.06 GB reserved,       8.25 MB ( <1%) committed. 

Chunk freelists:
   Non-Class:  7.34 MB
       Class:  14.98 MB
        Both:  22.33 MB

MaxMetaspaceSize: unlimited
CompressedClassSpaceSize: 1.00 GB
Initial GC threshold: 21.00 MB
Current GC threshold: 21.00 MB
CDS: on
 - commit_granule_bytes: 65536.
 - commit_granule_words: 8192.
 - virtual_space_node_default_size: 8388608.
 - enlarge_chunks_in_place: 1.
 - use_allocation_guard: 0.


Internal statistics:

num_allocs_failed_limit: 0.
num_arena_births: 140.
num_arena_deaths: 0.
num_vsnodes_births: 2.
num_vsnodes_deaths: 0.
num_space_committed: 132.
num_space_uncommitted: 0.
num_chunks_returned_to_freelist: 0.
num_chunks_taken_from_freelist: 402.
num_chunk_merges: 0.
num_chunk_splits: 272.
num_chunks_enlarged: 197.
num_inconsistent_stats: 0.

CodeHeap 'non-profiled nmethods': size=118880Kb used=1363Kb max_used=1363Kb free=117516Kb
 bounds [0x00007265183e8000, 0x0000726518658000, 0x000072651f800000]
CodeHeap 'profiled nmethods': size=118876Kb used=6353Kb max_used=6353Kb free=112523Kb
 bounds [0x0000726510800000, 0x0000726510e40000, 0x0000726517c17000]
CodeHeap 'non-nmethods': size=8004Kb used=3590Kb max_used=3610Kb free=4413Kb
 bounds [0x0000726517c17000, 0x0000726517fa7000, 0x00007265183e8000]
CodeCache: size=245760Kb, used=11306Kb, max_used=11326Kb, free=234452Kb
 total_blobs=3383, nmethods=2897, adapters=381, full_count=0
Compilation: enabled, stopped_count=0, restarted_count=0

Compilation events (20 events):
Event: 2.987 Thread 0x000065b76c03d650 2972       2       org.apache.xpath.VariableStack::unlink (36 bytes)
Event: 2.988 Thread 0x000065b76c03ec50 nmethod 2970 0x0000726510e31d90 code [0x0000726510e320a0, 0x0000726510e32ba8]
Event: 2.988 Thread 0x000072652854b430 nmethod 2359 0x0000726518530e10 code [0x0000726518531320, 0x0000726518533d10]
Event: 2.988 Thread 0x000065b76c03d650 nmethod 2972 0x0000726510e33090 code [0x0000726510e33220, 0x0000726510e33378]
Event: 2.988 Thread 0x000065b7600152c0 2448       4       org.apache.xpath.patterns.NodeTest::execute (254 bytes)
Event: 2.988 Thread 0x000072652854b430 2414   !   4       org.apache.xalan.templates.ElemApplyTemplates::execute (141 bytes)
Event: 2.989 Thread 0x0000726528554e00 2975       2       java.util.Hashtable$Enumerator::<init> (51 bytes)
Event: 2.989 Thread 0x000065b76c03d650 2976       2       org.apache.xerces.impl.XMLVersionDetector::reset (72 bytes)
Event: 2.989 Thread 0x0000726528554e00 nmethod 2975 0x0000726510e33490 code [0x0000726510e33620, 0x0000726510e337f8]
Event: 2.990 Thread 0x000065b76c03d650 nmethod 2976 0x0000726510e33910 code [0x0000726510e33b40, 0x0000726510e34110]
Event: 3.018 Thread 0x000072652854b430 nmethod 2414 0x0000726518535b10 code [0x0000726518535d80, 0x0000726518536d08]
Event: 3.018 Thread 0x000072652854b430 2974   !   4       org.apache.xalan.templates.ElemLiteralResult::execute (312 bytes)
Event: 3.018 Thread 0x000065b7600152c0 nmethod 2448 0x0000726518537790 code [0x0000726518537a80, 0x0000726518538bd8]
Event: 3.018 Thread 0x000065b6bc08f330 nmethod 2917 0x0000726518539990 code [0x0000726518539d20, 0x000072651853b5a8]
Event: 3.018 Thread 0x000065b7600152c0 2982       4       org.apache.xalan.templates.ElemNumber$NumberFormatStringTokenizer::nextToken (113 bytes)
Event: 3.018 Thread 0x000065b6bc08f330 2978       4       java.util.HashMap::clear (50 bytes)
Event: 3.019 Thread 0x000065b6bc08f330 nmethod 2978 0x000072651853c890 code [0x000072651853ca00, 0x000072651853cab0]
Event: 3.019 Thread 0x000065b6bc08f330 2977       4       org.apache.xalan.templates.ElemUse::execute (22 bytes)
Event: 3.019 Thread 0x000065b6bc08f330 nmethod 2977 0x000072651853cb90 code [0x000072651853cd00, 0x000072651853cdb0]
Event: 3.019 Thread 0x000065b6bc08f330 2973       4       org.apache.xalan.templates.ElemTemplateElement::unexecuteNSDecls (7 bytes)

GC Heap History (0 events):
No events

Dll operation events (7 events):
Event: 0.001 Loaded shared library /mydata/openjdk-mmtk/build/b0test/images/jdk/lib/libjava.so
Event: 2.201 Loaded shared library /mydata/openjdk-mmtk/build/b0test/images/jdk/lib/libjsvml.so
Event: 2.214 Loaded shared library /mydata/openjdk-mmtk/build/b0test/images/jdk/lib/libnio.so
Event: 2.218 Loaded shared library /mydata/openjdk-mmtk/build/b0test/images/jdk/lib/libzip.so
Event: 2.231 Loaded shared library /mydata/openjdk-mmtk/build/b0test/images/jdk/lib/libjimage.so
Event: 2.258 Loaded shared library /mydata/openjdk-mmtk/build/b0test/images/jdk/lib/libnet.so
Event: 2.358 Loaded shared library /mydata/openjdk-mmtk/build/b0test/images/jdk/lib/libverify.so

Deoptimization events (20 events):
Event: 2.947 Thread 0x00007265283e02d0 DEOPT PACKING pc=0x0000726510d55ee6 sp=0x000065b7f22fe460
Event: 2.947 Thread 0x00007265283e02d0 DEOPT UNPACKING pc=0x0000726517c6b02f sp=0x000065b7f22fd940 mode 0
Event: 2.962 Thread 0x00007265287bd920 DEOPT PACKING pc=0x0000726510d6063e sp=0x000065b7f1bfe5f0
Event: 2.962 Thread 0x00007265287bd920 DEOPT UNPACKING pc=0x0000726517c6b02f sp=0x000065b7f1bfdbe8 mode 0
Event: 2.979 Thread 0x0000726528778390 Uncommon trap: trap_request=0xffffffde fr.pc=0x000072651849bf98 relative=0x0000000000000b78
Event: 2.979 Thread 0x0000726528778390 Uncommon trap: reason=class_check action=maybe_recompile pc=0x000072651849bf98 method=java.io.Writer.write(Ljava/lang/String;)V @ 7 c2
Event: 2.979 Thread 0x0000726528778390 DEOPT PACKING pc=0x000072651849bf98 sp=0x000065b8385fe7e0
Event: 2.979 Thread 0x0000726528778390 DEOPT UNPACKING pc=0x0000726517c6a899 sp=0x000065b8385fe7c8 mode 2
Event: 2.979 Thread 0x0000726528778390 Uncommon trap: trap_request=0xffffffde fr.pc=0x0000726518485614 relative=0x0000000000000894
Event: 2.979 Thread 0x0000726528778390 Uncommon trap: reason=class_check action=maybe_recompile pc=0x0000726518485614 method=java.nio.charset.CharsetEncoder.encode(Ljava/nio/CharBuffer;Ljava/nio/ByteBuffer;Z)Ljava/nio/charset/CoderResult; @ 57 c2
Event: 2.979 Thread 0x0000726528778390 DEOPT PACKING pc=0x0000726518485614 sp=0x000065b8385fe6a0
Event: 2.979 Thread 0x0000726528778390 DEOPT UNPACKING pc=0x0000726517c6a899 sp=0x000065b8385fe468 mode 2
Event: 2.987 Thread 0x00007265287b7280 Uncommon trap: trap_request=0xffffff6e fr.pc=0x0000726518528cdc relative=0x0000000000000f1c
Event: 2.987 Thread 0x00007265287b7280 Uncommon trap: reason=loop_limit_check action=maybe_recompile pc=0x0000726518528cdc method=org.apache.xalan.templates.ElemLiteralResult.execute(Lorg/apache/xalan/transformer/TransformerImpl;)V @ 110 c2
Event: 2.987 Thread 0x00007265287bd920 Uncommon trap: trap_request=0xffffff6e fr.pc=0x0000726518528cdc relative=0x0000000000000f1c
Event: 2.988 Thread 0x00007265287b7280 DEOPT PACKING pc=0x0000726518528cdc sp=0x000065b7f20fcb50
Event: 2.988 Thread 0x00007265287bd920 Uncommon trap: reason=loop_limit_check action=maybe_recompile pc=0x0000726518528cdc method=org.apache.xalan.templates.ElemLiteralResult.execute(Lorg/apache/xalan/transformer/TransformerImpl;)V @ 110 c2
Event: 2.988 Thread 0x00007265287bd920 DEOPT PACKING pc=0x0000726518528cdc sp=0x000065b7f1bfd090
Event: 2.988 Thread 0x00007265287b7280 DEOPT UNPACKING pc=0x0000726517c6a899 sp=0x000065b7f20fcb60 mode 2
Event: 2.988 Thread 0x00007265287bd920 DEOPT UNPACKING pc=0x0000726517c6a899 sp=0x000065b7f1bfd0a0 mode 2

Classes loaded (20 events):
Event: 2.624 Loading class java/util/ResourceBundle$KeyElementReference
Event: 2.624 Loading class java/util/ResourceBundle$CacheKeyReference
Event: 2.624 Loading class java/util/ResourceBundle$CacheKeyReference done
Event: 2.624 Loading class java/util/ResourceBundle$KeyElementReference done
Event: 2.624 Loading class java/util/ResourceBundle$Control$2
Event: 2.624 Loading class java/util/ResourceBundle$Control$2 done
Event: 2.625 Loading class sun/util/PropertyResourceBundleCharset
Event: 2.625 Loading class sun/util/PropertyResourceBundleCharset done
Event: 2.625 Loading class sun/util/PropertyResourceBundleCharset$PropertiesFileDecoder
Event: 2.625 Loading class sun/util/PropertyResourceBundleCharset$PropertiesFileDecoder done
Event: 2.626 Loading class java/util/ResourceBundle$BundleReference
Event: 2.626 Loading class java/util/ResourceBundle$BundleReference done
Event: 2.626 Loading class sun/util/ResourceBundleEnumeration
Event: 2.626 Loading class sun/util/ResourceBundleEnumeration done
Event: 2.644 Loading class sun/nio/cs/ISO_8859_1$Encoder
Event: 2.644 Loading class sun/nio/cs/ISO_8859_1$Encoder done
Event: 2.679 Loading class java/util/ResourceBundle$Control$1
Event: 2.679 Loading class java/util/ResourceBundle$Control$1 done
Event: 2.703 Loading class java/lang/foreign/MemorySegment
Event: 2.703 Loading class java/lang/foreign/MemorySegment done

Classes unloaded (0 events):
No events

Classes redefined (0 events):
No events

Internal exceptions (13 events):
Event: 2.225 Thread 0x000072652802b240 Exception <a 'java/lang/NoSuchMethodError'{0x0000000040334110}: 'java.lang.Object java.lang.invoke.DirectMethodHandle$Holder.newInvokeSpecial(java.lang.Object, int, java.lang.Object)'> (0x0000000040334110) 
thrown [src/hotspot/share/interpreter/linkResolver.cpp, line 772]
Event: 2.234 Thread 0x000072652802b240 Exception <a 'java/lang/NoSuchMethodError'{0x0000000040301f38}: 'void java.lang.invoke.DirectMethodHandle$Holder.invokeStatic(java.lang.Object, java.lang.Object)'> (0x0000000040301f38) 
thrown [src/hotspot/share/interpreter/linkResolver.cpp, line 772]
Event: 2.235 Thread 0x000072652802b240 Exception <a 'java/lang/NoSuchMethodError'{0x0000000040305930}: 'void java.lang.invoke.DirectMethodHandle$Holder.invokeSpecial(java.lang.Object, java.lang.Object, java.lang.Object)'> (0x0000000040305930) 
thrown [src/hotspot/share/interpreter/linkResolver.cpp, line 772]
Event: 2.277 Thread 0x000072652802b240 Exception <a 'java/lang/NoSuchMethodError'{0x00000000401bfdd8}: 'void java.lang.invoke.DirectMethodHandle$Holder.invokeVirtual(java.lang.Object, java.lang.Object)'> (0x00000000401bfdd8) 
thrown [src/hotspot/share/interpreter/linkResolver.cpp, line 772]
Event: 2.284 Thread 0x000072652802b240 Exception <a 'java/io/FileNotFoundException'{0x00000000401804f0}> (0x00000000401804f0) 
thrown [src/hotspot/share/prims/jni.cpp, line 520]
Event: 2.295 Thread 0x000072652802b240 Exception <a 'java/lang/NoSuchMethodError'{0x0000000040127c08}: 'java.lang.Object java.lang.invoke.Invokers$Holder.invokeExact_MT(java.lang.Object, java.lang.Object, java.lang.Object, java.lang.Object, java.lang.Object)'> (0x0000000040127c08) 
thrown [src/hotspot/share/interpreter/linkResolver.cpp, line 772]
Event: 2.481 Thread 0x000072652802b240 Exception <a 'java/lang/NoSuchMethodError'{0x0000000040eb34b8}: 'void java.lang.invoke.DirectMethodHandle$Holder.invokeVirtual(java.lang.Object, java.lang.Object, int)'> (0x0000000040eb34b8) 
thrown [src/hotspot/share/interpreter/linkResolver.cpp, line 772]
Event: 2.481 Thread 0x000072652802b240 Exception <a 'java/lang/NoSuchMethodError'{0x0000000040eb7c48}: 'int java.lang.invoke.DirectMethodHandle$Holder.invokeSpecial(java.lang.Object, java.lang.Object, java.lang.Object, int)'> (0x0000000040eb7c48) 
thrown [src/hotspot/share/interpreter/linkResolver.cpp, line 772]
Event: 2.482 Thread 0x000072652802b240 Exception <a 'java/lang/NoSuchMethodError'{0x0000000040e9aa40}: 'java.lang.Object java.lang.invoke.DirectMethodHandle$Holder.invokeStatic(java.lang.Object, java.lang.Object, java.lang.Object, java.lang.Object, int)'> (0x0000000040e9aa40) 
thrown [src/hotspot/share/interpreter/linkResolver.cpp, line 772]
Event: 2.483 Thread 0x000072652802b240 Exception <a 'java/lang/NoSuchMethodError'{0x0000000040e95c48}: 'void java.lang.invoke.DelegatingMethodHandle$Holder.reinvoke_L(java.lang.Object, java.lang.Object, int)'> (0x0000000040e95c48) 
thrown [src/hotspot/share/interpreter/linkResolver.cpp, line 772]
Event: 2.484 Thread 0x000072652802b240 Exception <a 'java/lang/NoSuchMethodError'{0x0000000040e845a8}: 'int java.lang.invoke.DirectMethodHandle$Holder.invokeSpecial(java.lang.Object, java.lang.Object, java.lang.Object)'> (0x0000000040e845a8) 
thrown [src/hotspot/share/interpreter/linkResolver.cpp, line 772]
Event: 2.555 Thread 0x000072652802b240 Exception <a 'java/lang/NoSuchMethodError'{0x00000000413b19f0}: 'void java.lang.invoke.DelegatingMethodHandle$Holder.reinvoke_L(java.lang.Object, java.lang.Object, int, int)'> (0x00000000413b19f0) 
thrown [src/hotspot/share/interpreter/linkResolver.cpp, line 772]
Event: 2.622 Thread 0x00007265287c1760 Exception <a 'java/lang/NoSuchMethodError'{0x00000000409c64d8}: 'java.lang.Object java.lang.invoke.DirectMethodHandle$Holder.invokeInterface(java.lang.Object, java.lang.Object)'> (0x00000000409c64d8) 
thrown [src/hotspot/share/interpreter/linkResolver.cpp, line 772]

ZGC Phase Switch (0 events):
No events

VM Operations (20 events):
Event: 2.719 Executing VM operation: ICBufferFull done
Event: 2.723 Executing VM operation: ICBufferFull
Event: 2.723 Executing VM operation: ICBufferFull done
Event: 2.723 Executing VM operation: ICBufferFull
Event: 2.724 Executing VM operation: ICBufferFull done
Event: 2.724 Executing VM operation: ICBufferFull
Event: 2.726 Executing VM operation: ICBufferFull done
Event: 2.728 Executing VM operation: ICBufferFull
Event: 2.728 Executing VM operation: ICBufferFull done
Event: 2.728 Executing VM operation: ICBufferFull
Event: 2.735 Executing VM operation: ICBufferFull done
Event: 2.735 Executing VM operation: ICBufferFull
Event: 2.737 Executing VM operation: ICBufferFull done
Event: 2.741 Executing VM operation: ICBufferFull
Event: 2.745 Executing VM operation: ICBufferFull done
Event: 2.860 Executing VM operation: ICBufferFull
Event: 2.864 Executing VM operation: ICBufferFull done
Event: 2.999 Executing VM operation: ThirdPartyHeapOperation
Event: 3.017 Executing VM operation: ThirdPartyHeapOperation done
Event: 3.020 Executing VM operation: ThirdPartyHeapOperation

Memory protections (20 events):
Event: 2.591 Protecting memory [0x000065b7f2300000,0x000065b7f2304000] with protection modes 0
Event: 2.591 Protecting memory [0x000065b7f2200000,0x000065b7f2204000] with protection modes 0
Event: 2.591 Protecting memory [0x000065b7f2100000,0x000065b7f2104000] with protection modes 0
Event: 2.591 Protecting memory [0x000065b7f2000000,0x000065b7f2004000] with protection modes 0
Event: 2.591 Protecting memory [0x000065b7f1f00000,0x000065b7f1f04000] with protection modes 0
Event: 2.591 Protecting memory [0x000065b7f1e00000,0x000065b7f1e04000] with protection modes 0
Event: 2.591 Protecting memory [0x000065b7f1d00000,0x000065b7f1d04000] with protection modes 0
Event: 2.592 Protecting memory [0x000065b7f1c00000,0x000065b7f1c04000] with protection modes 0
Event: 2.592 Protecting memory [0x000065b7f1b00000,0x000065b7f1b04000] with protection modes 0
Event: 2.592 Protecting memory [0x000065b7f1a00000,0x000065b7f1a04000] with protection modes 0
Event: 2.592 Protecting memory [0x000065b7f1900000,0x000065b7f1904000] with protection modes 0
Event: 2.592 Protecting memory [0x000065b7f1800000,0x000065b7f1804000] with protection modes 0
Event: 2.592 Protecting memory [0x000065b7f1700000,0x000065b7f1704000] with protection modes 0
Event: 2.592 Protecting memory [0x000065b7f1600000,0x000065b7f1604000] with protection modes 0
Event: 2.675 Protecting memory [0x000065b7f1500000,0x000065b7f1504000] with protection modes 0
Event: 2.675 Protecting memory [0x000065b7f1400000,0x000065b7f1404000] with protection modes 0
Event: 2.682 Protecting memory [0x000065b7f1300000,0x000065b7f1304000] with protection modes 0
Event: 2.682 Protecting memory [0x000065b7f1200000,0x000065b7f1204000] with protection modes 0
Event: 2.707 Protecting memory [0x000065b7f1100000,0x000065b7f1104000] with protection modes 0
Event: 2.715 Protecting memory [0x000065b7f1000000,0x000065b7f1004000] with protection modes 0

Nmethod flushes (0 events):
No events

Events (20 events):
Event: 2.591 Thread 0x000072652802b240 Thread added: 0x00007265283df180
Event: 2.591 Thread 0x000072652802b240 Thread added: 0x00007265283e02d0
Event: 2.591 Thread 0x000072652802b240 Thread added: 0x00007265283e18b0
Event: 2.591 Thread 0x000072652802b240 Thread added: 0x00007265287b7280
Event: 2.591 Thread 0x000072652802b240 Thread added: 0x00007265287b86a0
Event: 2.591 Thread 0x000072652802b240 Thread added: 0x00007265287b9b40
Event: 2.591 Thread 0x000072652802b240 Thread added: 0x00007265287bafe0
Event: 2.592 Thread 0x000072652802b240 Thread added: 0x00007265287bc480
Event: 2.592 Thread 0x000072652802b240 Thread added: 0x00007265287bd920
Event: 2.592 Thread 0x000072652802b240 Thread added: 0x00007265285b7820
Event: 2.592 Thread 0x000072652802b240 Thread added: 0x00007265285b8d90
Event: 2.592 Thread 0x000072652802b240 Thread added: 0x00007265285ba230
Event: 2.592 Thread 0x000072652802b240 Thread added: 0x00007265285bbac0
Event: 2.592 Thread 0x000072652802b240 Thread added: 0x00007265285bd5d0
Event: 2.675 Thread 0x000065b76403ead0 Thread added: 0x000065b7480a6db0
Event: 2.675 Thread 0x000065b76403ead0 Thread added: 0x000065b7480a8590
Event: 2.682 Thread 0x000065b76c03d650 Thread added: 0x000065b7600c6470
Event: 2.682 Thread 0x0000726528554e00 Thread added: 0x000065b76c0c8c30
Event: 2.704 Thread 0x000065b76c03ec50 Thread added: 0x000065b7640aa490
Event: 2.708 Thread 0x000065b7600c6470 Thread added: 0x000065b6bc08f330


Dynamic libraries:
40000000-40400000 rw-p 00000000 00:00 0                                  [anon:mmtk:space:immix]
40400000-40800000 rw-p 00000000 00:00 0                                  [anon:mmtk:space:los]
40800000-41400000 rw-p 00000000 00:00 0                                  [anon:mmtk:space:immix]
41400000-41800000 rw-p 00000000 00:00 0                                  [anon:mmtk:space:los]
41800000-41c00000 rw-p 00000000 00:00 0                                  [anon:mmtk:space:immix]
41c00000-42000000 rw-p 00000000 00:00 0                                  [anon:mmtk:space:los]
42000000-42400000 rw-p 00000000 00:00 0                                  [anon:mmtk:space:immix]
42400000-42800000 rw-p 00000000 00:00 0                                  [anon:mmtk:space:los]
42800000-43000000 rw-p 00000000 00:00 0                                  [anon:mmtk:space:immix]
43000000-43400000 rw-p 00000000 00:00 0                                  [anon:mmtk:space:los]
43400000-43c00000 rw-p 00000000 00:00 0                                  [anon:mmtk:space:immix]
43c00000-44000000 rw-p 00000000 00:00 0                                  [anon:mmtk:space:los]
44000000-44400000 rw-p 00000000 00:00 0                                  [anon:mmtk:space:immix]
44400000-44800000 rw-p 00000000 00:00 0                                  [anon:mmtk:space:los]
44800000-45000000 rw-p 00000000 00:00 0                                  [anon:mmtk:space:immix]
45000000-45400000 rw-p 00000000 00:00 0                                  [anon:mmtk:space:los]
45400000-45800000 rw-p 00000000 00:00 0                                  [anon:mmtk:space:immix]
45800000-45c00000 rw-p 00000000 00:00 0                                  [anon:mmtk:space:los]
45c00000-46400000 rw-p 00000000 00:00 0                                  [anon:mmtk:space:immix]
46400000-46800000 rw-p 00000000 00:00 0                                  [anon:mmtk:space:los]
46800000-47000000 rw-p 00000000 00:00 0                                  [anon:mmtk:space:immix]
47000000-47400000 rw-p 00000000 00:00 0                                  [anon:mmtk:space:los]
47400000-47800000 rw-p 00000000 00:00 0                                  [anon:mmtk:space:immix]
47800000-47c00000 rw-p 00000000 00:00 0                                  [anon:mmtk:space:los]
47c00000-48400000 rw-p 00000000 00:00 0                                  [anon:mmtk:space:immix]
48400000-48800000 rw-p 00000000 00:00 0                                  [anon:mmtk:space:los]
48800000-49000000 rw-p 00000000 00:00 0                                  [anon:mmtk:space:immix]
49000000-49400000 rw-p 00000000 00:00 0                                  [anon:mmtk:space:los]
49400000-49800000 rw-p 00000000 00:00 0                                  [anon:mmtk:space:immix]
49800000-49c00000 rw-p 00000000 00:00 0                                  [anon:mmtk:space:los]
49c00000-4a400000 rw-p 00000000 00:00 0                                  [anon:mmtk:space:immix]
4a400000-4a800000 rw-p 00000000 00:00 0                                  [anon:mmtk:space:los]
4a800000-4ac00000 rw-p 00000000 00:00 0                                  [anon:mmtk:space:immix]
4ac00000-4b000000 rw-p 00000000 00:00 0                                  [anon:mmtk:space:los]
4b000000-4b400000 rw-p 00000000 00:00 0                                  [anon:mmtk:space:immix]
4b400000-4b800000 rw-p 00000000 00:00 0                                  [anon:mmtk:space:los]
4b800000-4c000000 rw-p 00000000 00:00 0                                  [anon:mmtk:space:immix]
4c000000-4c400000 rw-p 00000000 00:00 0                                  [anon:mmtk:space:los]
4c400000-4cc00000 rw-p 00000000 00:00 0                                  [anon:mmtk:space:immix]
4cc00000-4d000000 rw-p 00000000 00:00 0                                  [anon:mmtk:space:los]
4d000000-4d400000 rw-p 00000000 00:00 0                                  [anon:mmtk:space:immix]
4d400000-4d800000 rw-p 00000000 00:00 0                                  [anon:mmtk:space:los]
4d800000-4dc00000 rw-p 00000000 00:00 0                                  [anon:mmtk:space:immix]
4dc00000-4e000000 rw-p 00000000 00:00 0                                  [anon:mmtk:space:los]
4e000000-4e800000 rw-p 00000000 00:00 0                                  [anon:mmtk:space:immix]
4e800000-4ec00000 rw-p 00000000 00:00 0                                  [anon:mmtk:space:los]
4ec00000-4f400000 rw-p 00000000 00:00 0                                  [anon:mmtk:space:immix]
4f400000-4f800000 rw-p 00000000 00:00 0                                  [anon:mmtk:space:los]
4f800000-50000000 rw-p 00000000 00:00 0                                  [anon:mmtk:space:immix]
50000000-50400000 rw-p 00000000 00:00 0                                  [anon:mmtk:space:los]
200000000000-2000c00c0000 rw-s 00000000 00:10 68                         anon_inode:bpf-map
567ba4c07000-567ba4c08000 r--p 00000000 fc:00 49676337                   /mydata/openjdk-mmtk/build/b0test/images/jdk/bin/java
567ba4c08000-567ba4c09000 r-xp 00001000 fc:00 49676337                   /mydata/openjdk-mmtk/build/b0test/images/jdk/bin/java
567ba4c09000-567ba4c0a000 r--p 00002000 fc:00 49676337                   /mydata/openjdk-mmtk/build/b0test/images/jdk/bin/java
567ba4c0a000-567ba4c0b000 r--p 00002000 fc:00 49676337                   /mydata/openjdk-mmtk/build/b0test/images/jdk/bin/java
567ba4c0b000-567ba4c0c000 rw-p 00003000 fc:00 49676337                   /mydata/openjdk-mmtk/build/b0test/images/jdk/bin/java
567bc4282000-567bc42ca000 rw-p 00000000 00:00 0                          [heap]
65b6a8000000-65b6a8898000 rw-p 00000000 00:00 0 
65b6a8898000-65b6ac000000 ---p 00000000 00:00 0 
65b6b0000000-65b6b0994000 rw-p 00000000 00:00 0 
65b6b0994000-65b6b4000000 ---p 00000000 00:00 0 
65b6b4000000-65b6b46f5000 rw-p 00000000 00:00 0 
65b6b46f5000-65b6b8000000 ---p 00000000 00:00 0 
65b6b8000000-65b6b866e000 rw-p 00000000 00:00 0 
65b6b866e000-65b6bc000000 ---p 00000000 00:00 0 
65b6bc000000-65b6bca1a000 rw-p 00000000 00:00 0 
65b6bca1a000-65b6c0000000 ---p 00000000 00:00 0 
65b6c0000000-65b6c0059000 rw-p 00000000 00:00 0 
65b6c0059000-65b6c4000000 ---p 00000000 00:00 0 
65b6c4000000-65b6c4860000 rw-p 00000000 00:00 0 
65b6c4860000-65b6c8000000 ---p 00000000 00:00 0 
65b6c8000000-65b6c8021000 rw-p 00000000 00:00 0 
65b6c8021000-65b6cc000000 ---p 00000000 00:00 0 
65b6cc000000-65b6cc021000 rw-p 00000000 00:00 0 
65b6cc021000-65b6d0000000 ---p 00000000 00:00 0 
65b6d0000000-65b6d0021000 rw-p 00000000 00:00 0 
65b6d0021000-65b6d4000000 ---p 00000000 00:00 0 
65b6d4000000-65b6d4029000 rw-p 00000000 00:00 0 
65b6d4029000-65b6d8000000 ---p 00000000 00:00 0 
65b6d8000000-65b6d8021000 rw-p 00000000 00:00 0 
65b6d8021000-65b6dc000000 ---p 00000000 00:00 0 
65b6dc000000-65b6dc057000 rw-p 00000000 00:00 0 
65b6dc057000-65b6e0000000 ---p 00000000 00:00 0 
65b6e0000000-65b6e0025000 rw-p 00000000 00:00 0 
65b6e0025000-65b6e4000000 ---p 00000000 00:00 0 
65b6e4000000-65b6e4038000 rw-p 00000000 00:00 0 
65b6e4038000-65b6e8000000 ---p 00000000 00:00 0 
65b6e8000000-65b6e8023000 rw-p 00000000 00:00 0 
65b6e8023000-65b6ec000000 ---p 00000000 00:00 0 
65b6ec000000-65b6ec021000 rw-p 00000000 00:00 0 
65b6ec021000-65b6f0000000 ---p 00000000 00:00 0 
65b6f0000000-65b6f0028000 rw-p 00000000 00:00 0 
65b6f0028000-65b6f4000000 ---p 00000000 00:00 0 
65b6f4000000-65b6f4023000 rw-p 00000000 00:00 0 
65b6f4023000-65b6f8000000 ---p 00000000 00:00 0 
65b6f8000000-65b6f8021000 rw-p 00000000 00:00 0 
65b6f8021000-65b6fc000000 ---p 00000000 00:00 0 
65b6fc000000-65b6fc021000 rw-p 00000000 00:00 0 
65b6fc021000-65b700000000 ---p 00000000 00:00 0 
65b700000000-65b70002d000 rw-p 00000000 00:00 0 
65b70002d000-65b704000000 ---p 00000000 00:00 0 
65b704000000-65b704037000 rw-p 00000000 00:00 0 
65b704037000-65b708000000 ---p 00000000 00:00 0 
65b708000000-65b70804a000 rw-p 00000000 00:00 0 
65b70804a000-65b70c000000 ---p 00000000 00:00 0 
65b70c000000-65b70c03d000 rw-p 00000000 00:00 0 
65b70c03d000-65b710000000 ---p 00000000 00:00 0 
65b710000000-65b71002f000 rw-p 00000000 00:00 0 
65b71002f000-65b714000000 ---p 00000000 00:00 0 
65b714000000-65b714033000 rw-p 00000000 00:00 0 
65b714033000-65b718000000 ---p 00000000 00:00 0 
65b718000000-65b71802a000 rw-p 00000000 00:00 0 
65b71802a000-65b71c000000 ---p 00000000 00:00 0 
65b71c000000-65b71c04c000 rw-p 00000000 00:00 0 
65b71c04c000-65b720000000 ---p 00000000 00:00 0 
65b720000000-65b720032000 rw-p 00000000 00:00 0 
65b720032000-65b724000000 ---p 00000000 00:00 0 
65b724000000-65b724021000 rw-p 00000000 00:00 0 
65b724021000-65b728000000 ---p 00000000 00:00 0 
65b728000000-65b728021000 rw-p 00000000 00:00 0 
65b728021000-65b72c000000 ---p 00000000 00:00 0 
65b72c000000-65b72c021000 rw-p 00000000 00:00 0 
65b72c021000-65b730000000 ---p 00000000 00:00 0 
65b730000000-65b73002b000 rw-p 00000000 00:00 0 
65b73002b000-65b734000000 ---p 00000000 00:00 0 
65b734000000-65b734040000 rw-p 00000000 00:00 0 
65b734040000-65b738000000 ---p 00000000 00:00 0 
65b738000000-65b738022000 rw-p 00000000 00:00 0 
65b738022000-65b73c000000 ---p 00000000 00:00 0 
65b73c000000-65b73c021000 rw-p 00000000 00:00 0 
65b73c021000-65b740000000 ---p 00000000 00:00 0 
65b740000000-65b740915000 rw-p 00000000 00:00 0 
65b740915000-65b744000000 ---p 00000000 00:00 0 
65b744000000-65b744021000 rw-p 00000000 00:00 0 
65b744021000-65b748000000 ---p 00000000 00:00 0 
65b748000000-65b7482ff000 rw-p 00000000 00:00 0 
65b7482ff000-65b74c000000 ---p 00000000 00:00 0 
65b74c000000-65b74c84a000 rw-p 00000000 00:00 0 
65b74c84a000-65b750000000 ---p 00000000 00:00 0 
65b750000000-65b750a54000 rw-p 00000000 00:00 0 
65b750a54000-65b754000000 ---p 00000000 00:00 0 
65b754000000-65b75436c000 rw-p 00000000 00:00 0 
65b75436c000-65b758000000 ---p 00000000 00:00 0 
65b758000000-65b758021000 rw-p 00000000 00:00 0 
65b758021000-65b75c000000 ---p 00000000 00:00 0 
65b75c000000-65b75c021000 rw-p 00000000 00:00 0 
65b75c021000-65b760000000 ---p 00000000 00:00 0 
65b760000000-65b760365000 rw-p 00000000 00:00 0 
65b760365000-65b764000000 ---p 00000000 00:00 0 
65b764000000-65b764293000 rw-p 00000000 00:00 0 
65b764293000-65b768000000 ---p 00000000 00:00 0 
65b768000000-65b768935000 rw-p 00000000 00:00 0 
65b768935000-65b76c000000 ---p 00000000 00:00 0 
65b76c000000-65b76c364000 rw-p 00000000 00:00 0 
65b76c364000-65b770000000 ---p 00000000 00:00 0 
65b770000000-65b770021000 rw-p 00000000 00:00 0 
65b770021000-65b774000000 ---p 00000000 00:00 0 
65b774000000-65b774021000 rw-p 00000000 00:00 0 
65b774021000-65b778000000 ---p 00000000 00:00 0 
65b778000000-65b778021000 rw-p 00000000 00:00 0 
65b778021000-65b77c000000 ---p 00000000 00:00 0 
65b77c000000-65b77c021000 rw-p 00000000 00:00 0 
65b77c021000-65b780000000 ---p 00000000 00:00 0 
65b780000000-65b780021000 rw-p 00000000 00:00 0 
65b780021000-65b784000000 ---p 00000000 00:00 0 
65b784000000-65b78404b000 rw-p 00000000 00:00 0 
65b78404b000-65b788000000 ---p 00000000 00:00 0 
65b788000000-65b788043000 rw-p 00000000 00:00 0 
65b788043000-65b78c000000 ---p 00000000 00:00 0 
65b78c000000-65b78c021000 rw-p 00000000 00:00 0 
65b78c021000-65b790000000 ---p 00000000 00:00 0 
65b790000000-65b790032000 rw-p 00000000 00:00 0 
65b790032000-65b794000000 ---p 00000000 00:00 0 
65b794000000-65b79402b000 rw-p 00000000 00:00 0 
65b79402b000-65b798000000 ---p 00000000 00:00 0 
65b798000000-65b798021000 rw-p 00000000 00:00 0 
65b798021000-65b79c000000 ---p 00000000 00:00 0 
65b79c000000-65b79c043000 rw-p 00000000 00:00 0 
65b79c043000-65b7a0000000 ---p 00000000 00:00 0 
65b7a0000000-65b7a0023000 rw-p 00000000 00:00 0 
65b7a0023000-65b7a4000000 ---p 00000000 00:00 0 
65b7a4000000-65b7a4033000 rw-p 00000000 00:00 0 
65b7a4033000-65b7a8000000 ---p 00000000 00:00 0 
65b7a8000000-65b7a8053000 rw-p 00000000 00:00 0 
65b7a8053000-65b7ac000000 ---p 00000000 00:00 0 
65b7ac000000-65b7ac036000 rw-p 00000000 00:00 0 
65b7ac036000-65b7b0000000 ---p 00000000 00:00 0 
65b7b0000000-65b7b004a000 rw-p 00000000 00:00 0 
65b7b004a000-65b7b4000000 ---p 00000000 00:00 0 
65b7b4000000-65b7b40ed000 rw-p 00000000 00:00 0 
65b7b40ed000-65b7b8000000 ---p 00000000 00:00 0 
65b7b8000000-65b7b804c000 rw-p 00000000 00:00 0 
65b7b804c000-65b7bc000000 ---p 00000000 00:00 0 
65b7bc000000-65b7bc022000 rw-p 00000000 00:00 0 
65b7bc022000-65b7c0000000 ---p 00000000 00:00 0 
65b7c0000000-65b7c0021000 rw-p 00000000 00:00 0 
65b7c0021000-65b7c4000000 ---p 00000000 00:00 0 
65b7c4000000-65b7c4021000 rw-p 00000000 00:00 0 
65b7c4021000-65b7c8000000 ---p 00000000 00:00 0 
65b7c8000000-65b7c8021000 rw-p 00000000 00:00 0 
65b7c8021000-65b7cc000000 ---p 00000000 00:00 0 
65b7cc000000-65b7cc192000 rw-p 00000000 00:00 0 
65b7cc192000-65b7d0000000 ---p 00000000 00:00 0 
65b7d0000000-65b7d003b000 rw-p 00000000 00:00 0 
65b7d003b000-65b7d4000000 ---p 00000000 00:00 0 
65b7d4000000-65b7d4021000 rw-p 00000000 00:00 0 
65b7d4021000-65b7d8000000 ---p 00000000 00:00 0 
65b7d8000000-65b7d8021000 rw-p 00000000 00:00 0 
65b7d8021000-65b7dc000000 ---p 00000000 00:00 0 
65b7dc000000-65b7dc021000 rw-p 00000000 00:00 0 
65b7dc021000-65b7e0000000 ---p 00000000 00:00 0 
65b7e0000000-65b7e0021000 rw-p 00000000 00:00 0 
65b7e0021000-65b7e4000000 ---p 00000000 00:00 0 
65b7e4000000-65b7e4021000 rw-p 00000000 00:00 0 
65b7e4021000-65b7e8000000 ---p 00000000 00:00 0 
65b7e8000000-65b7e8280000 rw-p 00000000 00:00 0 
65b7e8280000-65b7e8400000 ---p 00000000 00:00 0 
65b7e8400000-65b7e88b0000 rw-p 00000000 00:00 0 
65b7e88b0000-65b7ec000000 ---p 00000000 00:00 0 
65b7ec000000-65b7ec021000 rw-p 00000000 00:00 0 
65b7ec021000-65b7f0000000 ---p 00000000 00:00 0 
65b7f0c3f000-65b7f1000000 rw-p 00000000 00:00 0 
65b7f1000000-65b7f1004000 ---p 00000000 00:00 0 
65b7f1004000-65b7f1100000 rw-p 00000000 00:00 0 
65b7f1100000-65b7f1104000 ---p 00000000 00:00 0 
65b7f1104000-65b7f1200000 rw-p 00000000 00:00 0 
65b7f1200000-65b7f1204000 ---p 00000000 00:00 0 
65b7f1204000-65b7f1300000 rw-p 00000000 00:00 0 
65b7f1300000-65b7f1304000 ---p 00000000 00:00 0 
65b7f1304000-65b7f1400000 rw-p 00000000 00:00 0 
65b7f1400000-65b7f1404000 ---p 00000000 00:00 0 
65b7f1404000-65b7f1500000 rw-p 00000000 00:00 0 
65b7f1500000-65b7f1504000 ---p 00000000 00:00 0 
65b7f1504000-65b7f1600000 rw-p 00000000 00:00 0 
65b7f1600000-65b7f1604000 ---p 00000000 00:00 0 
65b7f1604000-65b7f1700000 rw-p 00000000 00:00 0 
65b7f1700000-65b7f1704000 ---p 00000000 00:00 0 
65b7f1704000-65b7f1800000 rw-p 00000000 00:00 0 
65b7f1800000-65b7f1804000 ---p 00000000 00:00 0 
65b7f1804000-65b7f1900000 rw-p 00000000 00:00 0 
65b7f1900000-65b7f1904000 ---p 00000000 00:00 0 
65b7f1904000-65b7f1a00000 rw-p 00000000 00:00 0 
65b7f1a00000-65b7f1a04000 ---p 00000000 00:00 0 
65b7f1a04000-65b7f1b00000 rw-p 00000000 00:00 0 
65b7f1b00000-65b7f1b04000 ---p 00000000 00:00 0 
65b7f1b04000-65b7f1c00000 rw-p 00000000 00:00 0 
65b7f1c00000-65b7f1c04000 ---p 00000000 00:00 0 
65b7f1c04000-65b7f1d00000 rw-p 00000000 00:00 0 
65b7f1d00000-65b7f1d04000 ---p 00000000 00:00 0 
65b7f1d04000-65b7f1e00000 rw-p 00000000 00:00 0 
65b7f1e00000-65b7f1e04000 ---p 00000000 00:00 0 
65b7f1e04000-65b7f1f00000 rw-p 00000000 00:00 0 
65b7f1f00000-65b7f1f04000 ---p 00000000 00:00 0 
65b7f1f04000-65b7f2000000 rw-p 00000000 00:00 0 
65b7f2000000-65b7f2004000 ---p 00000000 00:00 0 
65b7f2004000-65b7f2100000 rw-p 00000000 00:00 0 
65b7f2100000-65b7f2104000 ---p 00000000 00:00 0 
65b7f2104000-65b7f2200000 rw-p 00000000 00:00 0 
65b7f2200000-65b7f2204000 ---p 00000000 00:00 0 
65b7f2204000-65b7f2300000 rw-p 00000000 00:00 0 
65b7f2300000-65b7f2304000 ---p 00000000 00:00 0 
65b7f2304000-65b7f2400000 rw-p 00000000 00:00 0 
65b7f2400000-65b7f2404000 ---p 00000000 00:00 0 
65b7f2404000-65b7f2500000 rw-p 00000000 00:00 0 
65b7f2500000-65b7f2504000 ---p 00000000 00:00 0 
65b7f2504000-65b7f2600000 rw-p 00000000 00:00 0 
65b7f2600000-65b7f2604000 ---p 00000000 00:00 0 
65b7f2604000-65b7f2700000 rw-p 00000000 00:00 0 
65b7f2700000-65b7f2704000 ---p 00000000 00:00 0 
65b7f2704000-65b7f2800000 rw-p 00000000 00:00 0 
65b7f2800000-65b7f2804000 ---p 00000000 00:00 0 
65b7f2804000-65b7f2900000 rw-p 00000000 00:00 0 
65b7f2900000-65b7f2904000 ---p 00000000 00:00 0 
65b7f2904000-65b7f2a00000 rw-p 00000000 00:00 0 
65b7f2a00000-65b7f2a04000 ---p 00000000 00:00 0 
65b7f2a04000-65b7f2b00000 rw-p 00000000 00:00 0 
65b7f2b00000-65b7f2b04000 ---p 00000000 00:00 0 
65b7f2b04000-65b7f2c00000 rw-p 00000000 00:00 0 
65b7f2c00000-65b7f2c04000 ---p 00000000 00:00 0 
65b7f2c04000-65b7f2d00000 rw-p 00000000 00:00 0 
65b7f2d00000-65b7f2d04000 ---p 00000000 00:00 0 
65b7f2d04000-65b7f2e00000 rw-p 00000000 00:00 0 
65b7f2e00000-65b7f2e04000 ---p 00000000 00:00 0 
65b7f2e04000-65b7f2f00000 rw-p 00000000 00:00 0 
65b7f2f00000-65b7f2f04000 ---p 00000000 00:00 0 
65b7f2f04000-65b7f3000000 rw-p 00000000 00:00 0 
65b7f3000000-65b7f3ca3000 rw-p 00001000 fc:00 49677043                   /mydata/openjdk-mmtk/build/b0test/images/jdk/lib/server/classes.jsa
65b7f3ca3000-65b7f4000000 ---p 00000000 00:00 0 
65b7f4000000-65b7f4040000 rw-p 00000000 00:00 0 
65b7f4040000-65b7f4110000 rw-p 00000000 00:00 0 
65b7f4110000-65b834000000 ---p 00000000 00:00 0 
65b834000000-65b834021000 rw-p 00000000 00:00 0 
65b834021000-65b838004000 ---p 00000000 00:00 0 
65b838004000-65b838100000 rw-p 00000000 00:00 0 
65b838100000-65b838104000 ---p 00000000 00:00 0 
65b838104000-65b838200000 rw-p 00000000 00:00 0 
65b838200000-65b838204000 ---p 00000000 00:00 0 
65b838204000-65b838300000 rw-p 00000000 00:00 0 
65b838300000-65b838304000 ---p 00000000 00:00 0 
65b838304000-65b838400000 rw-p 00000000 00:00 0 
65b838400000-65b838404000 ---p 00000000 00:00 0 
65b838404000-65b838500000 rw-p 00000000 00:00 0 
65b838500000-65b838504000 ---p 00000000 00:00 0 
65b838504000-65b838600000 rw-p 00000000 00:00 0 
65b838600000-65b838604000 ---p 00000000 00:00 0 
65b838604000-65b838700000 rw-p 00000000 00:00 0 
65b838700000-65b838704000 ---p 00000000 00:00 0 
65b838704000-65b838800000 rw-p 00000000 00:00 0 
65b838800000-65b838804000 ---p 00000000 00:00 0 
65b838804000-65b838900000 rw-p 00000000 00:00 0 
65b838900000-65b838904000 ---p 00000000 00:00 0 
65b838904000-65b838a00000 rw-p 00000000 00:00 0 
65b838a00000-65b838a04000 ---p 00000000 00:00 0 
65b838a04000-65b838b00000 rw-p 00000000 00:00 0 
65b838b00000-65b838b04000 ---p 00000000 00:00 0 
65b838b04000-65b838c00000 rw-p 00000000 00:00 0 
65b838c00000-65b838c04000 ---p 00000000 00:00 0 
65b838c04000-65b838d00000 rw-p 00000000 00:00 0 
65b838d00000-65b838d04000 ---p 00000000 00:00 0 
65b838d04000-65b838e00000 rw-p 00000000 00:00 0 
65b838e00000-65b838e04000 ---p 00000000 00:00 0 
65b838e04000-65b838f00000 rw-p 00000000 00:00 0 
65b838f00000-65b838f04000 ---p 00000000 00:00 0 
65b838f04000-65b839000000 rw-p 00000000 00:00 0 
65b839000000-65b839004000 ---p 00000000 00:00 0 
65b839004000-65b839100000 rw-p 00000000 00:00 0 
65b839100000-65b839104000 ---p 00000000 00:00 0 
65b839104000-65b839200000 rw-p 00000000 00:00 0 
65b839200000-65b83c200000 rw-p 00000000 00:00 0 
65b83c2fc000-65b83c300000 ---p 00000000 00:00 0 
65b83c300000-65b83c3fc000 rw-p 00000000 00:00 0 
65b83c3fc000-65b86c400000 rw-p 00000000 00:00 0 
65b86c400000-65b86d400000 ---p 00000000 00:00 0                          [anon:mmtk:sidemeta:all:all-quarantined]
65b86d400000-65b86d800000 rw-p 00000000 00:00 0                          [anon:mmtk:sidemeta:immix:VO_BIT]
65b86d800000-65b86dc00000 rw-p 00000000 00:00 0                          [anon:mmtk:sidemeta:los:VO_BIT]
65b86dc00000-67b86e400000 ---p 00000000 00:00 0                          [anon:mmtk:sidemeta:all:all-quarantined]
67b86e400000-67b86e800000 rw-p 00000000 00:00 0                          [anon:mmtk:sidemeta:immix:CHUNK_MARK]
67b86e800000-67b871400000 ---p 00000000 00:00 0                          [anon:mmtk:sidemeta:all:all-quarantined]
67b871400000-67b871800000 rw-p 00000000 00:00 0                          [anon:mmtk:sidemeta:immix:VMGlobalLogBitSpec]
67b871800000-67b871c00000 rw-p 00000000 00:00 0                          [anon:mmtk:sidemeta:los:VMGlobalLogBitSpec]
67b871c00000-69c070800000 ---p 00000000 00:00 0                          [anon:mmtk:sidemeta:all:all-quarantined]
69c070800000-69c070c00000 rw-p 00000000 00:00 0                          [anon:mmtk:sidemeta:immix:IX_LINE_MARK]
69c070c00000-6a4070400000 ---p 00000000 00:00 0                          [anon:mmtk:sidemeta:all:all-quarantined]
6a4070400000-6a4070800000 rw-p 00000000 00:00 0                          [anon:mmtk:sidemeta:immix:IX_BLOCK_DEFRAG]
6a4070800000-6a4170400000 ---p 00000000 00:00 0                          [anon:mmtk:sidemeta:all:all-quarantined]
6a4170400000-6a4170800000 rw-p 00000000 00:00 0                          [anon:mmtk:sidemeta:immix:IX_BLOCK_MARK]
6a4170800000-7062f0400000 ---p 00000000 00:00 0                          [anon:mmtk:sidemeta:all:all-quarantined]
7062f0400000-7062f0800000 rw-p 00000000 00:00 0                          [anon:mmtk:sidemeta:los:VMLocalLOSMarkNurserySpec]
7062f0800000-7064f1400000 ---p 00000000 00:00 0                          [anon:mmtk:sidemeta:all:all-quarantined]
7064f1400000-7064f1800000 rw-p 00000000 00:00 0                          [anon:mmtk:sidemeta:immix:VMLocalMarkBitSpec]
7064f1800000-7264f0400000 ---p 00000000 00:00 0                          [anon:mmtk:sidemeta:all:all-quarantined]
7264f04fd000-7264f0501000 ---p 00000000 00:00 0 
7264f0501000-7264f05fd000 rw-p 00000000 00:00 0 
7264f05fd000-7264f05fe000 ---p 00000000 00:00 0 
7264f05fe000-7264f06fe000 rw-p 00000000 00:00 0 
7264f06fe000-7264f06ff000 ---p 00000000 00:00 0 
7264f06ff000-7264f07ff000 rw-p 00000000 00:00 0 
7264f07ff000-726510800000 rw-p 00000000 00:00 0 
726510800000-726510e40000 rwxp 00000000 00:00 0 
726510e40000-726517c17000 ---p 00000000 00:00 0 
726517c17000-726517fa7000 rwxp 00000000 00:00 0 
726517fa7000-7265183e8000 ---p 00000000 00:00 0 
7265183e8000-726518658000 rwxp 00000000 00:00 0 
726518658000-72651f800000 ---p 00000000 00:00 0 
72651f800000-726527fa0000 r--s 00000000 fc:00 49676297                   /mydata/openjdk-mmtk/build/b0test/images/jdk/lib/modules
726528000000-7265287e0000 rw-p 00000000 00:00 0 
7265287e0000-72652c000000 ---p 00000000 00:00 0 
72652c01a000-72652c01f000 r--p 00000000 fc:00 49676417                   /mydata/openjdk-mmtk/build/b0test/images/jdk/lib/libjsvml.so
72652c01f000-72652c060000 r-xp 00005000 fc:00 49676417                   /mydata/openjdk-mmtk/build/b0test/images/jdk/lib/libjsvml.so
72652c060000-72652c0e9000 r--p 00046000 fc:00 49676417                   /mydata/openjdk-mmtk/build/b0test/images/jdk/lib/libjsvml.so
72652c0e9000-72652c0ea000 r--p 000ce000 fc:00 49676417                   /mydata/openjdk-mmtk/build/b0test/images/jdk/lib/libjsvml.so
72652c0ea000-72652c0eb000 rw-p 000cf000 fc:00 49676417                   /mydata/openjdk-mmtk/build/b0test/images/jdk/lib/libjsvml.so
72652c0eb000-72652c0ec000 ---p 00000000 00:00 0 
72652c0ec000-72652c1ec000 rw-p 00000000 00:00 0 
72652c1ec000-72652c1ed000 ---p 00000000 00:00 0 
72652c1ed000-72652c2ed000 rw-p 00000000 00:00 0 
72652c2ed000-72652c2ee000 ---p 00000000 00:00 0 
72652c2ee000-72652c3ee000 rw-p 00000000 00:00 0 
72652c3ee000-72652c3ef000 ---p 00000000 00:00 0 
72652c3ef000-72652c4ef000 rw-p 00000000 00:00 0 
72652c4ef000-72652c4f0000 ---p 00000000 00:00 0 
72652c4f0000-72652c5f0000 rw-p 00000000 00:00 0 
72652c5f0000-72652c5f1000 ---p 00000000 00:00 0 
72652c5f1000-72652c6f1000 rw-p 00000000 00:00 0 
72652c6f1000-72652c6f2000 ---p 00000000 00:00 0 
72652c6f2000-72652c7f2000 rw-p 00000000 00:00 0 
72652c7f2000-72652c7f3000 ---p 00000000 00:00 0 
72652c7f3000-72652c8f3000 rw-p 00000000 00:00 0 
72652c8f3000-72652c8f4000 ---p 00000000 00:00 0 
72652c8f4000-72652c9f4000 rw-p 00000000 00:00 0 
72652c9f4000-72652c9f5000 ---p 00000000 00:00 0 
72652c9f5000-72652caf5000 rw-p 00000000 00:00 0 
72652caf5000-72652caf6000 ---p 00000000 00:00 0 
72652caf6000-72652cbf6000 rw-p 00000000 00:00 0 
72652cbf6000-72652cbf7000 ---p 00000000 00:00 0 
72652cbf7000-72652ccf7000 rw-p 00000000 00:00 0 
72652ccf7000-72652ccf8000 ---p 00000000 00:00 0 
72652ccf8000-72652cdf8000 rw-p 00000000 00:00 0 
72652cdf8000-72652cdf9000 ---p 00000000 00:00 0 
72652cdf9000-72652cef9000 rw-p 00000000 00:00 0 
72652cef9000-72652cefa000 ---p 00000000 00:00 0 
72652cefa000-72652cffa000 rw-p 00000000 00:00 0 
72652cffa000-72652cffb000 ---p 00000000 00:00 0 
72652cffb000-72652d0fb000 rw-p 00000000 00:00 0 
72652d0fb000-72652d0fc000 ---p 00000000 00:00 0 
72652d0fc000-72652d1fc000 rw-p 00000000 00:00 0 
72652d1fc000-72652d1fd000 ---p 00000000 00:00 0 
72652d1fd000-72652d2fd000 rw-p 00000000 00:00 0 
72652d2fd000-72652d2fe000 ---p 00000000 00:00 0 
72652d2fe000-72652d3fe000 rw-p 00000000 00:00 0 
72652d3fe000-72652d3ff000 ---p 00000000 00:00 0 
72652d3ff000-72652d4ff000 rw-p 00000000 00:00 0 
72652d4ff000-72652d500000 ---p 00000000 00:00 0 
72652d500000-72652d600000 rw-p 00000000 00:00 0 
72652d600000-72652d604000 ---p 00000000 00:00 0 
72652d604000-72652d700000 rw-p 00000000 00:00 0 
72652d700000-72652d704000 ---p 00000000 00:00 0 
72652d704000-72652d800000 rw-p 00000000 00:00 0 
72652d800000-72652daeb000 r--p 00000000 08:03 1410552                    /usr/lib/locale/locale-archive
72652db42000-72652db46000 ---p 00000000 00:00 0 
72652db46000-72652dc42000 rw-p 00000000 00:00 0 
72652dc42000-72652dc43000 ---p 00000000 00:00 0 
72652dc43000-72652dd43000 rw-p 00000000 00:00 0 
72652dd43000-72652dd44000 ---p 00000000 00:00 0 
72652dd44000-72652de44000 rw-p 00000000 00:00 0 
72652de44000-72652de45000 ---p 00000000 00:00 0 
72652de45000-72652df45000 rw-p 00000000 00:00 0 
72652df45000-72652e546000 rw-p 00000000 00:00 0 
72652e546000-72652e54a000 r--p 00000000 08:03 1410107                    /usr/lib/x86_64-linux-gnu/libzstd.so.1.5.5
72652e54a000-72652e5f1000 r-xp 00004000 08:03 1410107                    /usr/lib/x86_64-linux-gnu/libzstd.so.1.5.5
72652e5f1000-72652e5fe000 r--p 000ab000 08:03 1410107                    /usr/lib/x86_64-linux-gnu/libzstd.so.1.5.5
72652e5fe000-72652e5ff000 r--p 000b7000 08:03 1410107                    /usr/lib/x86_64-linux-gnu/libzstd.so.1.5.5
72652e5ff000-72652e600000 rw-p 000b8000 08:03 1410107                    /usr/lib/x86_64-linux-gnu/libzstd.so.1.5.5
72652e600000-72652e60c000 r--p 00000000 fc:00 13107796                   /mydata/gc-bpf-fault/shim/libgcbpf.so
72652e60c000-72652e66e000 r-xp 0000c000 fc:00 13107796                   /mydata/gc-bpf-fault/shim/libgcbpf.so
72652e66e000-72652e81b000 r--p 0006e000 fc:00 13107796                   /mydata/gc-bpf-fault/shim/libgcbpf.so
72652e81b000-72652e81d000 r--p 0021b000 fc:00 13107796                   /mydata/gc-bpf-fault/shim/libgcbpf.so
72652e81d000-72652e81e000 rw-p 0021d000 fc:00 13107796                   /mydata/gc-bpf-fault/shim/libgcbpf.so
72652e81e000-72652e81f000 rw-p 00000000 00:00 0 
72652e82e000-72652e833000 rw-p 00000000 00:00 0 
72652e833000-72652e917000 ---p 00000000 00:00 0 
72652e917000-72652e924000 rw-p 00000000 00:00 0 
72652e924000-72652ea00000 ---p 00000000 00:00 0 
72652ea00000-72652eb47000 r--p 00000000 fc:00 49676374                   /mydata/openjdk-mmtk/build/b0test/images/jdk/lib/server/libmmtk_openjdk.so
72652eb47000-72652edc0000 r-xp 00146000 fc:00 49676374                   /mydata/openjdk-mmtk/build/b0test/images/jdk/lib/server/libmmtk_openjdk.so
72652edc0000-72652ee00000 r--p 003be000 fc:00 49676374                   /mydata/openjdk-mmtk/build/b0test/images/jdk/lib/server/libmmtk_openjdk.so
72652ee00000-72652ee03000 rw-p 003fd000 fc:00 49676374                   /mydata/openjdk-mmtk/build/b0test/images/jdk/lib/server/libmmtk_openjdk.so
72652ee03000-72652ee05000 rw-p 00000000 00:00 0 
72652ee17000-72652ee1b000 ---p 00000000 00:00 0 
72652ee1b000-72652ef17000 rw-p 00000000 00:00 0 
72652ef17000-72652ef27000 r--p 00000000 08:03 1411099                    /usr/lib/x86_64-linux-gnu/libm.so.6
72652ef27000-72652efa6000 r-xp 00010000 08:03 1411099                    /usr/lib/x86_64-linux-gnu/libm.so.6
72652efa6000-72652effe000 r--p 0008f000 08:03 1411099                    /usr/lib/x86_64-linux-gnu/libm.so.6
72652effe000-72652efff000 r--p 000e7000 08:03 1411099                    /usr/lib/x86_64-linux-gnu/libm.so.6
72652efff000-72652f000000 rw-p 000e8000 08:03 1411099                    /usr/lib/x86_64-linux-gnu/libm.so.6
72652f000000-72652f2a9000 r--p 00000000 fc:00 49676373                   /mydata/openjdk-mmtk/build/b0test/images/jdk/lib/server/libjvm.so
72652f2a9000-72653013c000 r-xp 002a9000 fc:00 49676373                   /mydata/openjdk-mmtk/build/b0test/images/jdk/lib/server/libjvm.so
72653013c000-726530420000 r--p 0113c000 fc:00 49676373                   /mydata/openjdk-mmtk/build/b0test/images/jdk/lib/server/libjvm.so
726530420000-7265304f6000 r--p 0141f000 fc:00 49676373                   /mydata/openjdk-mmtk/build/b0test/images/jdk/lib/server/libjvm.so
7265304f6000-726530526000 rw-p 014f5000 fc:00 49676373                   /mydata/openjdk-mmtk/build/b0test/images/jdk/lib/server/libjvm.so
726530526000-72653058c000 rw-p 00000000 00:00 0 
7265305d6000-7265305da000 r--p 00000000 fc:00 49676364                   /mydata/openjdk-mmtk/build/b0test/images/jdk/lib/libverify.so
7265305da000-7265305e1000 r-xp 00004000 fc:00 49676364                   /mydata/openjdk-mmtk/build/b0test/images/jdk/lib/libverify.so
7265305e1000-7265305e3000 r--p 0000b000 fc:00 49676364                   /mydata/openjdk-mmtk/build/b0test/images/jdk/lib/libverify.so
7265305e3000-7265305e5000 r--p 0000c000 fc:00 49676364                   /mydata/openjdk-mmtk/build/b0test/images/jdk/lib/libverify.so
7265305e5000-7265305e6000 rw-p 0000e000 fc:00 49676364                   /mydata/openjdk-mmtk/build/b0test/images/jdk/lib/libverify.so
7265305e6000-7265305e8000 r--p 00000000 fc:00 49676365                   /mydata/openjdk-mmtk/build/b0test/images/jdk/lib/libzip.so
7265305e8000-7265305ed000 r-xp 00002000 fc:00 49676365                   /mydata/openjdk-mmtk/build/b0test/images/jdk/lib/libzip.so
7265305ed000-7265305ef000 r--p 00007000 fc:00 49676365                   /mydata/openjdk-mmtk/build/b0test/images/jdk/lib/libzip.so
7265305ef000-7265305f0000 r--p 00008000 fc:00 49676365                   /mydata/openjdk-mmtk/build/b0test/images/jdk/lib/libzip.so
7265305f0000-7265305f1000 rw-p 00009000 fc:00 49676365                   /mydata/openjdk-mmtk/build/b0test/images/jdk/lib/libzip.so
7265305f1000-7265305f4000 r--p 00000000 fc:00 49676361                   /mydata/openjdk-mmtk/build/b0test/images/jdk/lib/libnet.so
7265305f4000-7265305fc000 r-xp 00003000 fc:00 49676361                   /mydata/openjdk-mmtk/build/b0test/images/jdk/lib/libnet.so
7265305fc000-7265305fe000 r--p 0000b000 fc:00 49676361                   /mydata/openjdk-mmtk/build/b0test/images/jdk/lib/libnet.so
7265305fe000-7265305ff000 r--p 0000c000 fc:00 49676361                   /mydata/openjdk-mmtk/build/b0test/images/jdk/lib/libnet.so
7265305ff000-726530600000 rw-p 0000d000 fc:00 49676361                   /mydata/openjdk-mmtk/build/b0test/images/jdk/lib/libnet.so
726530600000-726530628000 r--p 00000000 08:03 1410238                    /usr/lib/x86_64-linux-gnu/libc.so.6
726530628000-7265307b0000 r-xp 00028000 08:03 1410238                    /usr/lib/x86_64-linux-gnu/libc.so.6
7265307b0000-7265307ff000 r--p 001b0000 08:03 1410238                    /usr/lib/x86_64-linux-gnu/libc.so.6
7265307ff000-726530803000 r--p 001fe000 08:03 1410238                    /usr/lib/x86_64-linux-gnu/libc.so.6
726530803000-726530805000 rw-p 00202000 08:03 1410238                    /usr/lib/x86_64-linux-gnu/libc.so.6
726530805000-726530812000 rw-p 00000000 00:00 0 
726530815000-72653081c000 r--p 00000000 fc:00 49676362                   /mydata/openjdk-mmtk/build/b0test/images/jdk/lib/libnio.so
72653081c000-726530825000 r-xp 00007000 fc:00 49676362                   /mydata/openjdk-mmtk/build/b0test/images/jdk/lib/libnio.so
726530825000-726530829000 r--p 00010000 fc:00 49676362                   /mydata/openjdk-mmtk/build/b0test/images/jdk/lib/libnio.so
726530829000-72653082a000 r--p 00014000 fc:00 49676362                   /mydata/openjdk-mmtk/build/b0test/images/jdk/lib/libnio.so
72653082a000-72653082b000 rw-p 00015000 fc:00 49676362                   /mydata/openjdk-mmtk/build/b0test/images/jdk/lib/libnio.so
72653082b000-72653082e000 r--p 00000000 08:03 1410420                    /usr/lib/x86_64-linux-gnu/libelf-0.190.so
72653082e000-726530844000 r-xp 00003000 08:03 1410420                    /usr/lib/x86_64-linux-gnu/libelf-0.190.so
726530844000-726530848000 r--p 00019000 08:03 1410420                    /usr/lib/x86_64-linux-gnu/libelf-0.190.so
726530848000-726530849000 r--p 0001c000 08:03 1410420                    /usr/lib/x86_64-linux-gnu/libelf-0.190.so
726530849000-72653084a000 rw-p 0001d000 08:03 1410420                    /usr/lib/x86_64-linux-gnu/libelf-0.190.so
72653084d000-726530854000 r--s 00000000 08:03 1436340                    /usr/lib/x86_64-linux-gnu/gconv/gconv-modules.cache
726530854000-72653085c000 rw-p 00000000 00:00 0 
72653085c000-726530864000 ---p 00000000 00:00 0 
726530864000-726530871000 r--p 00000000 fc:00 49676354                   /mydata/openjdk-mmtk/build/b0test/images/jdk/lib/libjava.so
726530871000-726530880000 r-xp 0000d000 fc:00 49676354                   /mydata/openjdk-mmtk/build/b0test/images/jdk/lib/libjava.so
726530880000-726530885000 r--p 0001c000 fc:00 49676354                   /mydata/openjdk-mmtk/build/b0test/images/jdk/lib/libjava.so
726530885000-726530886000 r--p 00021000 fc:00 49676354                   /mydata/openjdk-mmtk/build/b0test/images/jdk/lib/libjava.so
726530886000-726530887000 rw-p 00022000 fc:00 49676354                   /mydata/openjdk-mmtk/build/b0test/images/jdk/lib/libjava.so
726530887000-726530888000 rw-p 00000000 00:00 0 
726530888000-726530890000 rw-s 00000000 08:03 237599                     /tmp/hsperfdata_root/320095
726530890000-726530894000 r--p 00000000 fc:00 49676355                   /mydata/openjdk-mmtk/build/b0test/images/jdk/lib/libjimage.so
726530894000-7265308ab000 r-xp 00004000 fc:00 49676355                   /mydata/openjdk-mmtk/build/b0test/images/jdk/lib/libjimage.so
7265308ab000-7265308b0000 r--p 0001b000 fc:00 49676355                   /mydata/openjdk-mmtk/build/b0test/images/jdk/lib/libjimage.so
7265308b0000-7265308b2000 r--p 00020000 fc:00 49676355                   /mydata/openjdk-mmtk/build/b0test/images/jdk/lib/libjimage.so
7265308b2000-7265308b3000 rw-p 00022000 fc:00 49676355                   /mydata/openjdk-mmtk/build/b0test/images/jdk/lib/libjimage.so
7265308b3000-7265308b7000 r--p 00000000 08:03 1410148                    /usr/lib/x86_64-linux-gnu/libgcc_s.so.1
7265308b7000-7265308db000 r-xp 00004000 08:03 1410148                    /usr/lib/x86_64-linux-gnu/libgcc_s.so.1
7265308db000-7265308df000 r--p 00028000 08:03 1410148                    /usr/lib/x86_64-linux-gnu/libgcc_s.so.1
7265308df000-7265308e0000 r--p 0002b000 08:03 1410148                    /usr/lib/x86_64-linux-gnu/libgcc_s.so.1
7265308e0000-7265308e1000 rw-p 0002c000 08:03 1410148                    /usr/lib/x86_64-linux-gnu/libgcc_s.so.1
7265308e1000-7265308e3000 rw-p 00000000 00:00 0 
7265308e3000-7265308e5000 r--p 00000000 08:03 1409104                    /usr/lib/x86_64-linux-gnu/libz.so.1.3
7265308e5000-7265308f7000 r-xp 00002000 08:03 1409104                    /usr/lib/x86_64-linux-gnu/libz.so.1.3
7265308f7000-7265308fd000 r--p 00014000 08:03 1409104                    /usr/lib/x86_64-linux-gnu/libz.so.1.3
7265308fd000-7265308fe000 r--p 0001a000 08:03 1409104                    /usr/lib/x86_64-linux-gnu/libz.so.1.3
7265308fe000-7265308ff000 rw-p 0001b000 08:03 1409104                    /usr/lib/x86_64-linux-gnu/libz.so.1.3
726530904000-726530905000 rw-s 00000000 00:10 68                         anon_inode:bpf-map
726530905000-726530906000 r--s 00000000 00:10 68                         anon_inode:bpf-map
726530906000-726530907000 ---p 00000000 00:00 0 
726530907000-726530908000 r--p 00000000 00:00 0 
726530908000-726530909000 ---p 00000000 00:00 0 
726530909000-72653090b000 r--p 00000000 fc:00 49676357                   /mydata/openjdk-mmtk/build/b0test/images/jdk/lib/libjli.so
72653090b000-726530915000 r-xp 00002000 fc:00 49676357                   /mydata/openjdk-mmtk/build/b0test/images/jdk/lib/libjli.so
726530915000-726530918000 r--p 0000c000 fc:00 49676357                   /mydata/openjdk-mmtk/build/b0test/images/jdk/lib/libjli.so
726530918000-726530919000 r--p 0000f000 fc:00 49676357                   /mydata/openjdk-mmtk/build/b0test/images/jdk/lib/libjli.so
726530919000-72653091a000 rw-p 00010000 fc:00 49676357                   /mydata/openjdk-mmtk/build/b0test/images/jdk/lib/libjli.so
72653091a000-72653091c000 rw-p 00000000 00:00 0 
72653091c000-726530920000 r--p 00000000 00:00 0                          [vvar]
726530920000-726530922000 r--p 00000000 00:00 0                          [vvar_vclock]
726530922000-726530924000 r-xp 00000000 00:00 0                          [vdso]
726530924000-726530925000 r--p 00000000 08:03 1409763                    /usr/lib/x86_64-linux-gnu/ld-linux-x86-64.so.2
726530925000-726530950000 r-xp 00001000 08:03 1409763                    /usr/lib/x86_64-linux-gnu/ld-linux-x86-64.so.2
726530950000-72653095a000 r--p 0002c000 08:03 1409763                    /usr/lib/x86_64-linux-gnu/ld-linux-x86-64.so.2
72653095a000-72653095c000 r--p 00036000 08:03 1409763                    /usr/lib/x86_64-linux-gnu/ld-linux-x86-64.so.2
72653095c000-72653095e000 rw-p 00038000 08:03 1409763                    /usr/lib/x86_64-linux-gnu/ld-linux-x86-64.so.2
7ffce78b7000-7ffce78d8000 rw-p 00000000 00:00 0                          [stack]
ffffffffff600000-ffffffffff601000 --xp 00000000 00:00 0                  [vsyscall]
Total number of mappings: 539

JVMTI agents: none


VM Arguments:
jvm_args: -XX:+UseThirdPartyHeap -Xms512m -Xmx512m 
java_command: /mydata/dacapo/dacapo-23.11/dacapo-23.11-MR2-chopin.jar xalan -n 3
java_class_path (initial): /mydata/dacapo/dacapo-23.11/dacapo-23.11-MR2-chopin.jar
Launcher Type: SUN_STANDARD

[Global flags]
     intx CICompilerCount                          = 15                                        {product} {ergonomic}
   size_t InitialHeapSize                          = 536870912                                 {product} {command line}
   size_t MaxHeapSize                              = 536870912                                 {product} {command line}
   size_t MinHeapDeltaBytes                        = 524288                                    {product} {ergonomic}
   size_t MinHeapSize                              = 536870912                                 {product} {command line}
    uintx NonNMethodCodeHeapSize                   = 8192380                                {pd product} {ergonomic}
    uintx NonProfiledCodeHeapSize                  = 121732930                              {pd product} {ergonomic}
    uintx ProfiledCodeHeapSize                     = 121732930                              {pd product} {ergonomic}
    uintx ReservedCodeCacheSize                    = 251658240                              {pd product} {ergonomic}
     bool SegmentedCodeCache                       = true                                      {product} {ergonomic}
   size_t SoftMaxHeapSize                          = 536870912                              {manageable} {ergonomic}
     bool UseCompressedOops                        = true                           {product lp64_product} {ergonomic}

Logging:
Log output configuration:
 #0: stdout all=warning uptime,level,tags foldmultilines=false
 #1: stderr all=off uptime,level,tags foldmultilines=false

Release file:
IMPLEMENTOR="N/A"
JAVA_RUNTIME_VERSION="21.0.9-internal-adhoc.talzuss.openjdk-mmtk"
JAVA_VERSION="21.0.9"
JAVA_VERSION_DATE="2025-10-21"
LIBC="gnu"
MODULES="java.base java.compiler java.datatransfer java.xml java.prefs java.desktop java.instrument java.logging java.management java.security.sasl java.naming java.rmi java.management.rmi java.net.http java.scripting java.security.jgss java.transaction.xa java.sql java.sql.rowset java.xml.crypto java.se java.smartcardio jdk.accessibility jdk.internal.jvmstat jdk.attach jdk.charsets jdk.internal.opt jdk.zipfs jdk.compiler jdk.crypto.ec jdk.crypto.cryptoki jdk.dynalink jdk.internal.ed jdk.editpad jdk.hotspot.agent jdk.httpserver jdk.incubator.vector jdk.internal.le jdk.internal.vm.ci jdk.internal.vm.compiler jdk.internal.vm.compiler.management jdk.jartool jdk.javadoc jdk.jcmd jdk.management jdk.management.agent jdk.jconsole jdk.jdeps jdk.jdwp.agent jdk.jdi jdk.jfr jdk.jlink jdk.jpackage jdk.jshell jdk.jsobject jdk.jstatd jdk.localedata jdk.management.jfr jdk.naming.dns jdk.naming.rmi jdk.net jdk.nio.mapmode jdk.random jdk.sctp jdk.security.auth jdk.security.jgss jdk.unsupported jdk.unsupported.desktop jdk.xml.dom"
OS_ARCH="x86_64"
OS_NAME="Linux"
SOURCE=".:git:b557520f04b3+"

Environment Variables:
PATH=/usr/local/sbin:/usr/local/bin:/usr/sbin:/usr/bin:/sbin:/bin:/snap/bin
SHELL=/bin/bash
LANG=en_US.UTF-8
TERM=tmux-256color

Active Locale:
LC_ALL=en_US.UTF-8
LC_COLLATE=en_US.UTF-8
LC_CTYPE=en_US.UTF-8
LC_MESSAGES=en_US.UTF-8
LC_MONETARY=en_US.UTF-8
LC_NUMERIC=en_US.UTF-8
LC_TIME=en_US.UTF-8

Signal Handlers:
   SIGSEGV: crash_handler in libjvm.so, mask=11100100010111111101111111111110, flags=SA_RESTART|SA_SIGINFO, unblocked
    SIGBUS: crash_handler in libjvm.so, mask=11100100010111111101111111111110, flags=SA_RESTART|SA_SIGINFO, unblocked
    SIGFPE: crash_handler in libjvm.so, mask=11100100010111111101111111111110, flags=SA_RESTART|SA_SIGINFO, unblocked
   SIGPIPE: javaSignalHandler in libjvm.so, mask=11100100010111111101111111111110, flags=SA_RESTART|SA_SIGINFO, blocked
   SIGXFSZ: javaSignalHandler in libjvm.so, mask=11100100010111111101111111111110, flags=SA_RESTART|SA_SIGINFO, blocked
    SIGILL: crash_handler in libjvm.so, mask=11100100010111111101111111111110, flags=SA_RESTART|SA_SIGINFO, unblocked
   SIGUSR2: SR_handler in libjvm.so, mask=00000000000000000000000000000000, flags=SA_RESTART|SA_SIGINFO, blocked
    SIGHUP: UserHandler in libjvm.so, mask=11100100010111111101111111111110, flags=SA_RESTART|SA_SIGINFO, blocked
    SIGINT: UserHandler in libjvm.so, mask=11100100010111111101111111111110, flags=SA_RESTART|SA_SIGINFO, blocked
   SIGTERM: UserHandler in libjvm.so, mask=11100100010111111101111111111110, flags=SA_RESTART|SA_SIGINFO, blocked
   SIGQUIT: UserHandler in libjvm.so, mask=11100100010111111101111111111110, flags=SA_RESTART|SA_SIGINFO, blocked
   SIGTRAP: crash_handler in libjvm.so, mask=11100100010111111101111111111110, flags=SA_RESTART|SA_SIGINFO, unblocked


Periodic native trim disabled

---------------  S Y S T E M  ---------------

OS:
DISTRIB_ID=Ubuntu
DISTRIB_RELEASE=24.04
DISTRIB_CODENAME=noble
DISTRIB_DESCRIPTION="Ubuntu 24.04.4 LTS"
uname: Linux 6.17.0-bpf-fault+ #1 SMP PREEMPT_DYNAMIC Mon Jul  6 16:43:12 MDT 2026 x86_64
OS uptime: 0 days 21:23 hours
libc: glibc 2.39 NPTL 2.39 
rlimit (soft/hard): STACK 8192k/infinity , CORE 0k/0k , NPROC 513205/513205 , NOFILE 1048576/1048576 , AS infinity/infinity , CPU infinity/infinity , DATA infinity/infinity , FSIZE infinity/infinity , MEMLOCK 16436528k/16436528k
load average: 0.42 0.90 1.28

/proc/meminfo:
MemTotal:       131492232 kB
MemFree:        73925044 kB
MemAvailable:   116178616 kB
Buffers:          518732 kB
Cached:         41129892 kB
SwapCached:            0 kB
Active:          3683184 kB
Inactive:       40827920 kB
Active(anon):    2878944 kB
Inactive(anon):        0 kB
Active(file):     804240 kB
Inactive(file): 40827920 kB
Unevictable:       41912 kB
Mlocked:           38840 kB
SwapTotal:       8388604 kB
SwapFree:        8388604 kB
Zswap:                 0 kB
Zswapped:              0 kB
Dirty:              5308 kB
Writeback:             0 kB
AnonPages:       2906536 kB
Mapped:          9786116 kB
Shmem:              5316 kB
KReclaimable:    1873096 kB
Slab:            2397120 kB
SReclaimable:    1873096 kB
SUnreclaim:       524024 kB
KernelStack:       12080 kB
PageTables:        57536 kB
SecPageTables:      8800 kB
NFS_Unstable:          0 kB
Bounce:                0 kB
WritebackTmp:          0 kB
CommitLimit:    74134720 kB
Committed_AS:   163245860 kB
VmallocTotal:   34359738367 kB
VmallocUsed:       37920 kB
VmallocChunk:          0 kB
Percpu:            51072 kB
HardwareCorrupted:     0 kB
AnonHugePages:         0 kB
ShmemHugePages:        0 kB
ShmemPmdMapped:        0 kB
FileHugePages:   2168832 kB
FilePmdMapped:         0 kB
Unaccepted:            0 kB
Balloon:               0 kB
HugePages_Total:       0
HugePages_Free:        0
HugePages_Rsvd:        0
HugePages_Surp:        0
Hugepagesize:       2048 kB
Hugetlb:               0 kB
DirectMap4k:      744256 kB
DirectMap2M:    25057280 kB
DirectMap1G:    108003328 kB

/sys/kernel/mm/transparent_hugepage/enabled: always [madvise] never
/sys/kernel/mm/transparent_hugepage/hpage_pmd_size: 2097152
/sys/kernel/mm/transparent_hugepage/defrag (defrag/compaction efforts parameter): always defer defer+madvise [madvise] never

Process Memory:
Virtual Size: 13620284940K (peak: 13620284940K)
Resident Set Size: 4186344K (peak: 4186344K) (anon: 1013036K, file: 3173308K, shmem: 0K)
Swapped out: 0K
C-Heap outstanding allocations: 1417738K, retained: 35093K
glibc malloc tunables: (default)

/proc/sys/kernel/threads-max (system-wide limit on the number of threads): 1026411
/proc/sys/vm/max_map_count (maximum number of memory map areas a process may have): 1048576
/proc/sys/vm/swappiness (control to define how aggressively the kernel swaps out anonymous memory): 60
/proc/sys/kernel/pid_max (system-wide limit on number of process identifiers): 4194304

container information not found.
Steal ticks since vm start: 0
Steal ticks percentage since vm start:  0.000

CPU: total 32 (initial active 32) (32 cores per cpu, 2 threads per core) family 23 model 49 stepping 0 microcode 0x830107c, cx8, cmov, fxsr, ht, mmx, 3dnowpref, sse, sse2, sse3, ssse3, sse4a, sse4.1, sse4.2, popcnt, lzcnt, tsc, tscinvbit, avx, avx2, aes, clmul, bmi1, bmi2, adx, sha, fma, vzeroupper, clflush, clflushopt, rdtscp, rdpid, f16c
CPU Model and flags from /proc/cpuinfo:
model name	: AMD EPYC 7302P 16-Core Processor
flags		: fpu vme de pse tsc msr pae mce cx8 apic sep mtrr pge mca cmov pat pse36 clflush mmx fxsr sse sse2 ht syscall nx mmxext fxsr_opt pdpe1gb rdtscp lm constant_tsc rep_good nopl xtopology nonstop_tsc cpuid extd_apicid aperfmperf rapl pni pclmulqdq monitor ssse3 fma cx16 sse4_1 sse4_2 movbe popcnt aes xsave avx f16c rdrand lahf_lm cmp_legacy svm extapic cr8_legacy abm sse4a misalignsse 3dnowprefetch osvw ibs skinit wdt tce topoext perfctr_core perfctr_nb bpext perfctr_llc mwaitx cpb cat_l3 cdp_l3 hw_pstate ssbd mba ibrs ibpb stibp vmmcall fsgsbase bmi1 avx2 smep bmi2 cqm rdt_a rdseed adx smap clflushopt clwb sha_ni xsaveopt xsavec xgetbv1 xsaves cqm_llc cqm_occup_llc cqm_mbm_total cqm_mbm_local clzero irperf xsaveerptr rdpru wbnoinvd amd_ppin arat npt lbrv svm_lock nrip_save tsc_scale vmcb_clean flushbyasid decodeassists pausefilter pfthreshold avic v_vmsave_vmload vgif v_spec_ctrl umip rdpid overflow_recov succor smca sev sev_es

Online cpus: 0-31
Offline cpus: 
BIOS frequency limitation: <Not Available>
Frequency switch latency (ns): <Not Available>
Available cpu frequencies: <Not Available>
Current governor: <Not Available>
Core performance/turbo boost: <Not Available>

Memory: 4k page, physical 131492232k(116178616k free), swap 8388604k(8388604k free)
Page Sizes: 4k

vm_info: OpenJDK 64-Bit Server VM (21.0.9-internal-adhoc.talzuss.openjdk-mmtk) for linux-amd64 JRE (21.0.9-internal-adhoc.talzuss.openjdk-mmtk), built on 2026-07-06T23:13:08Z by "talzuss" with gcc 13.3.0
heap_info: MMTk OpenJDK 0.32.0 (a3bb9ef-dirty), using MMTk 0.32.0 (6afa497-dirty, BUILTIN_ENV_LOGGER, DEFAULT, EAGER_SWEEPING, VO_BIT)O

END.
