#
# A fatal error has been detected by the Java Runtime Environment:
#
#  SIGSEGV (0xb) at pc=0x00007f27f50af087, pid=315914, tid=315941
#
# JRE version: OpenJDK Runtime Environment (21.0.9) (build 21.0.9-internal-adhoc.talzuss.openjdk-mmtk)
# Java VM: OpenJDK 64-Bit Server VM (21.0.9-internal-adhoc.talzuss.openjdk-mmtk, mixed mode, sharing, tiered, compressed oops, compressed class ptrs, third-party gc, linux-amd64)
# Problematic frame:
# C  [libmmtk_openjdk.so+0x2af087]  _$LT$mmtk..plan..concurrent..immix..gc_work..SatbFinalDrain$LT$VM$GT$$u20$as$u20$mmtk..scheduler..work..GCWork$LT$VM$GT$$GT$::do_work::h99199484dacfec84+0x477
#
# Core dump will be written. Default location: Core dumps may be processed with "/usr/share/apport/apport -p%p -s%s -c%c -d%d -P%P -u%u -g%g -F%F -- %E" (or dumping to /mydata/gc-bpf-fault/micro/core.315914)
#
# If you would like to submit a bug report, please visit:
#   https://bugreport.java.com/bugreport/crash.jsp
#

---------------  S U M M A R Y ------------

Command Line: -XX:+UseThirdPartyHeap -Xms512m -Xmx512m /mydata/dacapo/dacapo-23.11/dacapo-23.11-MR2-chopin.jar xalan -n 3

Host: AMD EPYC 7302P 16-Core Processor, 32 cores, 125G, Ubuntu 24.04.4 LTS
Time: Tue Jul  7 14:06:37 2026 MDT elapsed time: 3.059932 seconds (0d 0h 0m 3s)

---------------  T H R E A D  ---------------

Current thread (0x00007f27f0541a20):  NamedThread "MMTk Collector Thread" [id=315941, stack(0x0000727abaafc000,0x0000727ababfc000) (1024K)]

Stack: [0x0000727abaafc000,0x0000727ababfc000],  sp=0x0000727ababfa910,  free space=1018k
Native frames: (J=compiled Java code, j=interpreted, Vv=VM code, C=native code)
C  [libmmtk_openjdk.so+0x2af087]  _$LT$mmtk..plan..concurrent..immix..gc_work..SatbFinalDrain$LT$VM$GT$$u20$as$u20$mmtk..scheduler..work..GCWork$LT$VM$GT$$GT$::do_work::h99199484dacfec84+0x477

siginfo: si_signo: 11 (SIGSEGV), si_code: 1 (SEGV_MAPERR), si_addr: 0x00007f2954e7bba8

Registers:
RAX=0x0000000058000000, RBX=0x0000000000000049, RCX=0x00007f27f4e7bba8, RDX=0x0000727abb000000
RSP=0x0000727ababfa910, RBP=0x00000000413a7ff8, RSI=0x00000000413a7ff8, RDI=0x0000727abb000001
R8 =0x0000727a540008e0, R9 =0x0000000000000200, R10=0x0000727a54000030, R11=0x2d7a7acb2fb11277
R12=0x0000000000275200, R13=0x00007f27f5201880, R14=0x00000000413a8ff0, R15=0x0000000000275200
RIP=0x00007f27f50af087, EFLAGS=0x0000000000010202, CSGSFS=0x002b000000000033, ERR=0x0000000000000004
  TRAPNO=0x000000000000000e

XMM[0]=0x0000000000000000 0x0000000000000000
XMM[1]=0x0000000000000000 0x0000727a54000090
XMM[2]=0x00ff000000ffff00 0xffff00ffffffff00
XMM[3]=0x0000000000000000 0x0000000000000000
XMM[4]=0x0000000000000000 0x0000727a54000090
XMM[5]=0x000000006176616a 0x00000000656b6f76
XMM[6]=0x000000007954646f 0x0000000076616a4c
XMM[7]=0x00000000532f676e 0x00000000616c2f61
XMM[8]=0x000000002f676e61 0x000000006c2f6176
XMM[9]=0x0000000000000000 0x0000000000000000
XMM[10]=0x3f3f3f3f3f3f3f3f 0x3f3f3f3f3f3f3f3f
XMM[11]=0x9999999999999999 0x9999999999999999
XMM[12]=0x2020202020202020 0x2020202020202020
XMM[13]=0x0000000000000000 0x0000000000000000
XMM[14]=0x0000000000000000 0x0000000000000000
XMM[15]=0x0000000000000000 0x0000000000000000
  MXCSR=0x00001fa2


Register to memory mapping:

RAX=
[error occurred during error reporting (printing register info), id 0xe0000000, Internal Error (/mydata/mmtk-openjdk/openjdk/share/mmtkHeap.cpp:444)]
RBX=
[error occurred during error reporting (printing register info, attempt 2), id 0xe0000000, Internal Error (/mydata/mmtk-openjdk/openjdk/share/mmtkHeap.cpp:444)]
RCX=
[error occurred during error reporting (printing register info, attempt 3), id 0xe0000000, Internal Error (/mydata/mmtk-openjdk/openjdk/share/mmtkHeap.cpp:444)]
Top of Stack: (sp=0x0000727ababfa910)
0x0000727ababfa910:   00007f27f03dda00 0000727abb20b608
0x0000727ababfa920:   000000004135fe80 0000000000010000
0x0000727ababfa930:   0000727a54021cf0 000000000000caab
0x0000727ababfa940:   0000000000000080 0000727a54008340
0x0000727ababfa950:   0000000000000049 00007f27f5201090
0x0000727ababfa960:   0000727abc0f32c0 000000004f99dce0
0x0000727ababfa970:   00002000013a8000 0000000000020000
0x0000727ababfa980:   0000727a90009d90 0000727a5800a2a8
0x0000727ababfa990:   00007f27f052b690 0000000000000040
0x0000727ababfa9a0:   00007f27f5201880 0000727ababfaa60
0x0000727ababfa9b0:   0000727ababfa970 0000727ababfaa58
0x0000727ababfa9c0:   0000727ababfaa50 0000727ababfaa2f
0x0000727ababfa9d0:   0000727ababfaa38 0000727ababfa928
0x0000727ababfa9e0:   0000000000000000 0000727a54008340
0x0000727ababfa9f0:   00007f27f052b690 00007f27f006d080
0x0000727ababfaa00:   00007f27f006d400 00007f27f052b530
0x0000727ababfaa10:   0000727ababfaa20 00007f27f50ab283
0x0000727ababfaa20:   0000727a54008340 0000000000000001
0x0000727ababfaa30:   0000727a54008588 0000000000000400
0x0000727ababfaa40:   0000727a54003cd0 0000000000000392
0x0000727ababfaa50:   0000000040000000 00000000413a8000
0x0000727ababfaa60:   00000000000013a8 0000727ababfa978
0x0000727ababfaa70:   00007f27f5201880 00007f27f5201090
0x0000727ababfaa80:   0000000000000080 0000727abb20b360
0x0000727ababfaa90:   00007f27f006fb00 0000727ababfa9f0
0x0000727ababfaaa0:   0000727a54005960 0000727a54004908
0x0000727ababfaab0:   00007f27f006ef00 00007f27f006ec00
0x0000727ababfaac0:   00007f27f006e900 00007f27f006e600
0x0000727ababfaad0:   00007f27f006e300 00007f27f006e000
0x0000727ababfaae0:   00007f27f006dd00 00007f27f006da00
0x0000727ababfaaf0:   00007f27f006d700 00007f27f5201090
0x0000727ababfab00:   00007f27f51c31f8 00007f27f6aadd50 

Instructions: (pc=0x00007f27f50af087)
0x00007f27f50aef87:   44 24 30 48 89 84 24 70 01 00 00 48 85 db 0f 84
0x00007f27f50aef97:   f5 0a 00 00 48 8b 84 24 d8 00 00 00 48 8d 0c d8
0x00007f27f50aefa7:   48 89 8c 24 20 01 00 00 eb 36 66 66 66 66 66 66
0x00007f27f50aefb7:   2e 0f 1f 84 00 00 00 00 00 48 8d 94 24 90 00 00
0x00007f27f50aefc7:   00 e8 a3 17 fd ff 48 8b 84 24 10 01 00 00 48 83
0x00007f27f50aefd7:   c0 08 48 3b 84 24 20 01 00 00 0f 84 a9 0a 00 00
0x00007f27f50aefe7:   48 89 84 24 10 01 00 00 48 8b 30 4c 89 ac 24 90
0x00007f27f50aeff7:   00 00 00 48 8d 84 24 50 01 00 00 48 89 84 24 98
0x00007f27f50af007:   00 00 00 48 8d 44 24 60 48 89 84 24 a0 00 00 00
0x00007f27f50af017:   48 8d 84 24 48 01 00 00 48 89 84 24 a8 00 00 00
0x00007f27f50af027:   48 8d 84 24 40 01 00 00 48 89 84 24 b0 00 00 00
0x00007f27f50af037:   48 8d 84 24 1f 01 00 00 48 89 84 24 b8 00 00 00
0x00007f27f50af047:   48 8d 84 24 28 01 00 00 48 89 84 24 c0 00 00 00
0x00007f27f50af057:   48 8d 44 24 18 48 89 84 24 c8 00 00 00 8b 46 08
0x00007f27f50af067:   48 8b 15 aa 36 15 00 48 8b 0d ab 36 15 00 48 d3
0x00007f27f50af077:   e0 48 8d 3c 10 8b 44 10 0c 48 8d 0d 21 cb dc ff
0x00007f27f50af087:   48 63 04 81 48 01 c8 ff e0 48 89 74 24 10 48 89
0x00007f27f50af097:   bc 24 78 01 00 00 48 63 87 28 01 00 00 48 85 c0
0x00007f27f50af0a7:   0f 84 5e 07 00 00 48 8b 94 24 78 01 00 00 48 63
0x00007f27f50af0b7:   8a ac 00 00 00 48 8d 0c ca 48 63 92 2c 01 00 00
0x00007f27f50af0c7:   48 8d 34 d1 48 8d 1c d1 48 81 c3 d8 01 00 00 48
0x00007f27f50af0d7:   8d 04 c6 48 05 d8 01 00 00 48 89 44 24 08 eb 18
0x00007f27f50af0e7:   66 0f 1f 84 00 00 00 00 00 48 83 c3 08 48 3b 5c
0x00007f27f50af0f7:   24 08 0f 84 0c 07 00 00 44 8b 63 04 4d 85 e4 74
0x00007f27f50af107:   e8 4c 63 2b 4c 03 6c 24 10 45 31 ff eb 24 66 66
0x00007f27f50af117:   2e 0f 1f 84 00 00 00 00 00 48 8b 44 24 20 4a 89
0x00007f27f50af127:   2c f0 49 ff c6 4c 89 74 24 28 49 ff c7 4d 39 e7
0x00007f27f50af137:   74 b7 4a 8d 34 bd 00 00 00 00 4c 01 ee 48 89 f0
0x00007f27f50af147:   48 b9 ff ff ff ff ff ff ff 7f 48 21 c8 48 89 c1
0x00007f27f50af157:   48 2b 0d 7a 27 15 00 48 89 cf 48 c1 ef 0c 48 3b
0x00007f27f50af167:   bc 24 50 01 00 00 75 31 48 8b 4c 24 60 48 8b 94
0x00007f27f50af177:   24 48 01 00 00 48 29 d0 8b 2c 01 48 85 ed 74 aa 


Stack slot to memory mapping:

stack at sp + 0 slots: 
[error occurred during error reporting (inspecting top of stack), id 0xe0000000, Internal Error (/mydata/mmtk-openjdk/openjdk/share/mmtkHeap.cpp:444)]
stack at sp + 1 slots: 
[error occurred during error reporting (inspecting top of stack, attempt 2), id 0xe0000000, Internal Error (/mydata/mmtk-openjdk/openjdk/share/mmtkHeap.cpp:444)]
stack at sp + 2 slots: 
[error occurred during error reporting (inspecting top of stack, attempt 3), id 0xe0000000, Internal Error (/mydata/mmtk-openjdk/openjdk/share/mmtkHeap.cpp:444)]

---------------  P R O C E S S  ---------------

Threads class SMR info:
_java_thread_list=0x0000727a1c09f790, length=56, elements={
0x00007f27f002b240, 0x00007f27f0524810, 0x00007f27f05260a0, 0x00007f27f0527b90,
0x00007f27f05463e0, 0x00007f27f0547d30, 0x00007f27f05495f0, 0x00007f27f054b430,
0x00007f27f0554e00, 0x0000727a3404d510, 0x0000727a28001650, 0x00007f27f059c120,
0x00007f27f059f120, 0x0000727a2801eab0, 0x0000727a2c01d6a0, 0x0000727a2c01f100,
0x0000727a1c001bd0, 0x00007f27f07b57f0, 0x00007f27f07b6520, 0x00007f27f07b77b0,
0x00007f27f07b8c30, 0x00007f27f07ba000, 0x00007f27f07bb3d0, 0x00007f27f07bc870,
0x00007f27f07bdde0, 0x00007f27f07bf1b0, 0x00007f27f07c0660, 0x00007f27f07c1bf0,
0x00007f27f07c3180, 0x00007f27f07c4630, 0x00007f27f07c5ae0, 0x00007f27f07c6e80,
0x00007f27f07c8330, 0x00007f27f07c9b70, 0x00007f27f07cb130, 0x00007f27f03df180,
0x00007f27f03e02c0, 0x00007f27f03e18a0, 0x00007f27f07ada40, 0x00007f27f07af270,
0x00007f27f07b0710, 0x00007f27f07b1bb0, 0x00007f27f07b3440, 0x00007f27f05b7440,
0x00007f27f05b8650, 0x00007f27f05b9ee0, 0x00007f27f05bb8f0, 0x00007f27f05bd180,
0x00007f27f05bea10, 0x0000727a280cb720, 0x0000727a280cdb10, 0x0000727a340fede0,
0x0000727a281286e0, 0x0000727a140d7290, 0x0000727a1c09cb40, 0x0000727a1c09e470
}

Java Threads: ( => current thread )
  0x00007f27f002b240 JavaThread "main"                              [_thread_blocked, id=315915, stack(0x00007f27f5217000,0x00007f27f5317000) (1024K)]
  0x00007f27f0524810 JavaThread "Reference Handler"          daemon [_thread_blocked, id=315919, stack(0x00007f27b86ff000,0x00007f27b87ff000) (1024K)]
  0x00007f27f05260a0 JavaThread "Finalizer"                  daemon [_thread_blocked, id=315920, stack(0x00007f27b85ff000,0x00007f27b86ff000) (1024K)]
  0x00007f27f0527b90 JavaThread "MMTk Finalizer Thread"      daemon [_thread_blocked, id=315921, stack(0x00007f27b84ff000,0x00007f27b85ff000) (1024K)]
  0x00007f27f05463e0 JavaThread "Signal Dispatcher"          daemon [_thread_blocked, id=315945, stack(0x0000727aba6f8000,0x0000727aba7f8000) (1024K)]
  0x00007f27f0547d30 JavaThread "Service Thread"             daemon [_thread_blocked, id=315946, stack(0x0000727aba5f8000,0x0000727aba6f8000) (1024K)]
  0x00007f27f05495f0 JavaThread "Monitor Deflation Thread"   daemon [_thread_blocked, id=315947, stack(0x0000727aba4f8000,0x0000727aba5f8000) (1024K)]
  0x00007f27f054b430 JavaThread "C2 CompilerThread0"         daemon [_thread_blocked, id=315948, stack(0x0000727aba3f8000,0x0000727aba4f8000) (1024K)]
  0x00007f27f0554e00 JavaThread "C1 CompilerThread0"         daemon [_thread_blocked, id=315949, stack(0x0000727aba2f8000,0x0000727aba3f8000) (1024K)]
  0x0000727a3404d510 JavaThread "C1 CompilerThread1"         daemon [_thread_blocked, id=315950, stack(0x0000727aba1f8000,0x0000727aba2f8000) (1024K)]
  0x0000727a28001650 JavaThread "C1 CompilerThread2"         daemon [_thread_blocked, id=315951, stack(0x0000727aba0f8000,0x0000727aba1f8000) (1024K)]
  0x00007f27f059c120 JavaThread "Notification Thread"        daemon [_thread_blocked, id=315952, stack(0x0000727ab9ff8000,0x0000727aba0f8000) (1024K)]
  0x00007f27f059f120 JavaThread "Common-Cleaner"             daemon [_thread_blocked, id=315953, stack(0x0000727ab9ef8000,0x0000727ab9ff8000) (1024K)]
  0x0000727a2801eab0 JavaThread "C2 CompilerThread1"         daemon [_thread_blocked, id=315954, stack(0x0000727ab9df8000,0x0000727ab9ef8000) (1024K)]
  0x0000727a2c01d6a0 JavaThread "C1 CompilerThread3"         daemon [_thread_blocked, id=315955, stack(0x0000727ab9cf8000,0x0000727ab9df8000) (1024K)]
  0x0000727a2c01f100 JavaThread "C1 CompilerThread4"         daemon [_thread_blocked, id=315956, stack(0x0000727ab9bf8000,0x0000727ab9cf8000) (1024K)]
  0x0000727a1c001bd0 JavaThread "C2 CompilerThread2"         daemon [_thread_blocked, id=315957, stack(0x0000727ab9af8000,0x0000727ab9bf8000) (1024K)]
  0x00007f27f07b57f0 JavaThread "Thread-0"                          [_thread_blocked, id=315958, stack(0x0000727ab99f8000,0x0000727ab9af8000) (1024K)]
  0x00007f27f07b6520 JavaThread "Thread-1"                          [_thread_blocked, id=315959, stack(0x0000727ab98f8000,0x0000727ab99f8000) (1024K)]
  0x00007f27f07b77b0 JavaThread "Thread-2"                          [_thread_blocked, id=315960, stack(0x0000727ab97f8000,0x0000727ab98f8000) (1024K)]
  0x00007f27f07b8c30 JavaThread "Thread-3"                          [_thread_blocked, id=315961, stack(0x0000727ab96f8000,0x0000727ab97f8000) (1024K)]
  0x00007f27f07ba000 JavaThread "Thread-4"                          [_thread_blocked, id=315962, stack(0x0000727ab95f8000,0x0000727ab96f8000) (1024K)]
  0x00007f27f07bb3d0 JavaThread "Thread-5"                          [_thread_blocked, id=315963, stack(0x0000727ab94f8000,0x0000727ab95f8000) (1024K)]
  0x00007f27f07bc870 JavaThread "Thread-6"                          [_thread_blocked, id=315964, stack(0x0000727ab93f8000,0x0000727ab94f8000) (1024K)]
  0x00007f27f07bdde0 JavaThread "Thread-7"                          [_thread_blocked, id=315965, stack(0x0000727ab92f8000,0x0000727ab93f8000) (1024K)]
  0x00007f27f07bf1b0 JavaThread "Thread-8"                          [_thread_blocked, id=315966, stack(0x0000727ab91f8000,0x0000727ab92f8000) (1024K)]
  0x00007f27f07c0660 JavaThread "Thread-9"                          [_thread_blocked, id=315967, stack(0x0000727ab90f8000,0x0000727ab91f8000) (1024K)]
  0x00007f27f07c1bf0 JavaThread "Thread-10"                         [_thread_blocked, id=315968, stack(0x0000727ab8ff8000,0x0000727ab90f8000) (1024K)]
  0x00007f27f07c3180 JavaThread "Thread-11"                         [_thread_blocked, id=315969, stack(0x0000727ab8ef8000,0x0000727ab8ff8000) (1024K)]
  0x00007f27f07c4630 JavaThread "Thread-12"                         [_thread_blocked, id=315970, stack(0x0000727ab8df8000,0x0000727ab8ef8000) (1024K)]
  0x00007f27f07c5ae0 JavaThread "Thread-13"                         [_thread_blocked, id=315971, stack(0x0000727ab8cf8000,0x0000727ab8df8000) (1024K)]
  0x00007f27f07c6e80 JavaThread "Thread-14"                         [_thread_blocked, id=315972, stack(0x0000727ab8bf8000,0x0000727ab8cf8000) (1024K)]
  0x00007f27f07c8330 JavaThread "Thread-15"                         [_thread_blocked, id=315973, stack(0x0000727ab8af8000,0x0000727ab8bf8000) (1024K)]
  0x00007f27f07c9b70 JavaThread "Thread-16"                         [_thread_blocked, id=315974, stack(0x0000727ab89f8000,0x0000727ab8af8000) (1024K)]
  0x00007f27f07cb130 JavaThread "Thread-17"                         [_thread_blocked, id=315975, stack(0x0000727ab88f8000,0x0000727ab89f8000) (1024K)]
  0x00007f27f03df180 JavaThread "Thread-18"                         [_thread_blocked, id=315976, stack(0x0000727ab87f8000,0x0000727ab88f8000) (1024K)]
  0x00007f27f03e02c0 JavaThread "Thread-19"                         [_thread_blocked, id=315977, stack(0x0000727ab86f8000,0x0000727ab87f8000) (1024K)]
  0x00007f27f03e18a0 JavaThread "Thread-20"                         [_thread_blocked, id=315978, stack(0x0000727ab85f8000,0x0000727ab86f8000) (1024K)]
  0x00007f27f07ada40 JavaThread "Thread-21"                         [_thread_blocked, id=315979, stack(0x0000727ab84f8000,0x0000727ab85f8000) (1024K)]
  0x00007f27f07af270 JavaThread "Thread-22"                         [_thread_blocked, id=315980, stack(0x0000727ab83f8000,0x0000727ab84f8000) (1024K)]
  0x00007f27f07b0710 JavaThread "Thread-23"                         [_thread_blocked, id=315981, stack(0x0000727ab82f8000,0x0000727ab83f8000) (1024K)]
  0x00007f27f07b1bb0 JavaThread "Thread-24"                         [_thread_blocked, id=315982, stack(0x0000727ab81f8000,0x0000727ab82f8000) (1024K)]
  0x00007f27f07b3440 JavaThread "Thread-25"                         [_thread_blocked, id=315983, stack(0x0000727ab80f8000,0x0000727ab81f8000) (1024K)]
  0x00007f27f05b7440 JavaThread "Thread-26"                         [_thread_blocked, id=315984, stack(0x00007279a7f00000,0x00007279a8000000) (1024K)]
  0x00007f27f05b8650 JavaThread "Thread-27"                         [_thread_blocked, id=315985, stack(0x00007279a7e00000,0x00007279a7f00000) (1024K)]
  0x00007f27f05b9ee0 JavaThread "Thread-28"                         [_thread_blocked, id=315986, stack(0x00007279a7d00000,0x00007279a7e00000) (1024K)]
  0x00007f27f05bb8f0 JavaThread "Thread-29"                         [_thread_blocked, id=315987, stack(0x00007279a7c00000,0x00007279a7d00000) (1024K)]
  0x00007f27f05bd180 JavaThread "Thread-30"                         [_thread_blocked, id=315988, stack(0x00007279a7b00000,0x00007279a7c00000) (1024K)]
  0x00007f27f05bea10 JavaThread "Thread-31"                         [_thread_blocked, id=315989, stack(0x00007279a7a00000,0x00007279a7b00000) (1024K)]
  0x0000727a280cb720 JavaThread "C2 CompilerThread3"         daemon [_thread_blocked, id=315990, stack(0x00007279a7900000,0x00007279a7a00000) (1024K)]
  0x0000727a280cdb10 JavaThread "C2 CompilerThread4"         daemon [_thread_blocked, id=315991, stack(0x00007279a7800000,0x00007279a7900000) (1024K)]
  0x0000727a340fede0 JavaThread "C2 CompilerThread5"         daemon [_thread_blocked, id=315992, stack(0x00007279a7700000,0x00007279a7800000) (1024K)]
  0x0000727a281286e0 JavaThread "C2 CompilerThread6"         daemon [_thread_blocked, id=315993, stack(0x00007279a7600000,0x00007279a7700000) (1024K)]
  0x0000727a140d7290 JavaThread "C2 CompilerThread7"         daemon [_thread_blocked, id=315994, stack(0x00007279a7500000,0x00007279a7600000) (1024K)]
  0x0000727a1c09cb40 JavaThread "C2 CompilerThread8"         daemon [_thread_in_native, id=315995, stack(0x00007279a7400000,0x00007279a7500000) (1024K)]
  0x0000727a1c09e470 JavaThread "C2 CompilerThread9"         daemon [_thread_blocked, id=315996, stack(0x00007279a7300000,0x00007279a7400000) (1024K)]
Total: 56

Other Threads:
  0x00007f27f0519370 VMThread "VM Thread"                           [id=315918, stack(0x00007f27f4024000,0x00007f27f4124000) (1024K)]
  0x00007f27f0506fa0 WatcherThread "VM Periodic Task Thread"        [id=315917, stack(0x00007f27f4125000,0x00007f27f4225000) (1024K)]

=>0x00007f27f0541a20 (exited) NamedThread "MMTk Collector Thread"   [id=315941, stack(0x0000727abaafc000,0x0000727ababfc000) (1024K)]
Total: 3

Threads with active compile tasks:
C2 CompilerThread0  3063 2945       4       java.util.HashMap::putMapEntries (170 bytes)
C2 CompilerThread1  3063 2956   !   4       org.apache.xerces.impl.XMLDocumentFragmentScannerImpl$FragmentContentDispatcher::dispatch (1118 bytes)
C2 CompilerThread2  3063 2630       4       java.lang.String::regionMatches (150 bytes)
C2 CompilerThread3  3063 2732   !   4       org.apache.xml.serializer.ToStream::addAttributeAlways (273 bytes)
C2 CompilerThread4  3063 2958   !   4       org.apache.xalan.templates.ElemLiteralResult::execute (312 bytes)
C2 CompilerThread5  3063 2769   !   4       org.apache.xpath.XPath::getMatchScore (49 bytes)
C2 CompilerThread6  3063 2607       4       org.apache.xml.dtm.ref.DTMDefaultBase::_firstch (73 bytes)
C2 CompilerThread7  3063 2226   !   4       org.apache.xalan.templates.ElemApplyTemplates::transformSelectedNodes (979 bytes)
C2 CompilerThread8  3063 2731       4       org.apache.xml.serializer.SerializerBase::addAttribute (25 bytes)
C2 CompilerThread9  3063 2790       4       org.apache.xml.dtm.ref.DTMDefaultBaseTraversers$ChildTraverser::next (9 bytes)
Total: 10

VM state: at safepoint (normal execution)

VM Mutex/Monitor currently owned by a thread:  ([mutex/lock_event])
[0x00007f27f69580d0] Threads_lock - owner thread: 0x00007f27f0519370
[0x00007f27f6957fd0] Heap_lock - owner thread: 0x00007f27f03e27e0

Heap address: 0x0000000040000000, size: 3072 MB, Compressed Oops mode: 32-bit

CDS archive(s) mapped at: [0x0000727abb000000-0x0000727abbca3000-0x0000727abbca3000), size 13250560, SharedBaseAddress: 0x0000727abb000000, ArchiveRelocationMode: 1.
Compressed class space mapped at: 0x0000727abc000000-0x0000727afc000000, reserved size: 1073741824
Narrow klass base: 0x0000727abb000000, Narrow klass shift: 0, Narrow klass range: 0x100000000

GC Precious Log:
<Empty>

Heap:

[error occurred during error reporting (printing heap information), id 0xe0000000, Internal Error (/mydata/mmtk-openjdk/openjdk/share/mmtkHeap.cpp:424)]
Metaspace:

Usage:
  Non-class:      7.00 MB used.
      Class:    964.48 KB used.
       Both:      7.95 MB used.

Virtual space:
  Non-class space:       64.00 MB reserved,       7.12 MB ( 11%) committed,  1 nodes.
      Class space:        1.00 GB reserved,       1.06 MB ( <1%) committed,  1 nodes.
             Both:        1.06 GB reserved,       8.19 MB ( <1%) committed. 

Chunk freelists:
   Non-Class:  7.36 MB
       Class:  14.99 MB
        Both:  22.35 MB

MaxMetaspaceSize: unlimited
CompressedClassSpaceSize: 1.00 GB
Initial GC threshold: 21.00 MB
Current GC threshold: 21.00 MB
CDS: on
 - commit_granule_bytes: 65536.
 - commit_granule_words: 8192.
 - virtual_space_node_default_size: 8388608.
 - enlarge_chunks_in_place: 1.
 - use_allocation_guard: 0.


Internal statistics:

num_allocs_failed_limit: 0.
num_arena_births: 118.
num_arena_deaths: 0.
num_vsnodes_births: 2.
num_vsnodes_deaths: 0.
num_space_committed: 131.
num_space_uncommitted: 0.
num_chunks_returned_to_freelist: 0.
num_chunks_taken_from_freelist: 373.
num_chunk_merges: 0.
num_chunk_splits: 257.
num_chunks_enlarged: 197.
num_inconsistent_stats: 0.

CodeHeap 'non-profiled nmethods': size=118880Kb used=1551Kb max_used=1551Kb free=117328Kb
 bounds [0x00007f27e03e8000, 0x00007f27e0658000, 0x00007f27e7800000]
CodeHeap 'profiled nmethods': size=118876Kb used=6476Kb max_used=6476Kb free=112399Kb
 bounds [0x00007f27d8800000, 0x00007f27d8e60000, 0x00007f27dfc17000]
CodeHeap 'non-nmethods': size=8004Kb used=3583Kb max_used=3613Kb free=4420Kb
 bounds [0x00007f27dfc17000, 0x00007f27dffb7000, 0x00007f27e03e8000]
CodeCache: size=245760Kb, used=11610Kb, max_used=11640Kb, free=234147Kb
 total_blobs=3383, nmethods=2899, adapters=381, full_count=0
Compilation: enabled, stopped_count=0, restarted_count=0

Compilation events (20 events):
Event: 3.031 Thread 0x0000727a280cdb10 2958   !   4       org.apache.xalan.templates.ElemLiteralResult::execute (312 bytes)
Event: 3.031 Thread 0x00007f27f0554e00 nmethod 2944 0x00007f27d8e52510 code [0x00007f27d8e52720, 0x00007f27d8e52f10]
Event: 3.050 Thread 0x0000727a1c09e470 nmethod 2739 0x00007f27e055c990 code [0x00007f27e055cb20, 0x00007f27e055cf40]
Event: 3.050 Thread 0x0000727a1c09e470 2963       4       org.apache.xalan.templates.ElemUse::execute (22 bytes)
Event: 3.051 Thread 0x0000727a281286e0 nmethod 2394 0x00007f27e055d110 code [0x00007f27e055d6a0, 0x00007f27e0560e50]
Event: 3.051 Thread 0x0000727a281286e0 2961       4       org.apache.xalan.templates.ElemTemplateElement::unexecuteNSDecls (7 bytes)
Event: 3.051 Thread 0x0000727a1c09e470 nmethod 2963 0x00007f27e0563210 code [0x00007f27e0563380, 0x00007f27e0563430]
Event: 3.051 Thread 0x0000727a1c09e470 2962       4       org.apache.xml.serializer.ToStream::endPrefixMapping (1 bytes)
Event: 3.052 Thread 0x0000727a340fede0 nmethod 2393 0x00007f27e0563510 code [0x00007f27e0563aa0, 0x00007f27e0567288]
Event: 3.052 Thread 0x0000727a1c09e470 nmethod 2962 0x00007f27e0569610 code [0x00007f27e0569780, 0x00007f27e0569808]
Event: 3.052 Thread 0x0000727a1c001bd0 nmethod 2946 0x00007f27e0569910 code [0x00007f27e0569b40, 0x00007f27e056a8b8]
Event: 3.052 Thread 0x0000727a1c09e470 2959       4       org.apache.xalan.templates.ElemTemplateElement::executeNSDecls (7 bytes)
Event: 3.052 Thread 0x0000727a1c001bd0 2630       4       java.lang.String::regionMatches (150 bytes)
Event: 3.052 Thread 0x0000727a340fede0 2769   !   4       org.apache.xpath.XPath::getMatchScore (49 bytes)
Event: 3.054 Thread 0x0000727a281286e0 nmethod 2961 0x00007f27e056b010 code [0x00007f27e056b1a0, 0x00007f27e056b398]
Event: 3.054 Thread 0x0000727a281286e0 2773       4       org.apache.xpath.objects.XString::str (21 bytes)
Event: 3.054 Thread 0x0000727a281286e0 nmethod 2773 0x00007f27e056b590 code [0x00007f27e056b720, 0x00007f27e056b7e8]
Event: 3.054 Thread 0x0000727a281286e0 2607       4       org.apache.xml.dtm.ref.DTMDefaultBase::_firstch (73 bytes)
Event: 3.055 Thread 0x0000727a1c09e470 nmethod 2959 0x00007f27e056b890 code [0x00007f27e056ba40, 0x00007f27e056bcd8]
Event: 3.055 Thread 0x0000727a1c09e470 2790       4       org.apache.xml.dtm.ref.DTMDefaultBaseTraversers$ChildTraverser::next (9 bytes)

GC Heap History (0 events):
No events

Dll operation events (7 events):
Event: 0.001 Loaded shared library /mydata/openjdk-mmtk/build/b0test/images/jdk/lib/libjava.so
Event: 2.216 Loaded shared library /mydata/openjdk-mmtk/build/b0test/images/jdk/lib/libjsvml.so
Event: 2.229 Loaded shared library /mydata/openjdk-mmtk/build/b0test/images/jdk/lib/libnio.so
Event: 2.232 Loaded shared library /mydata/openjdk-mmtk/build/b0test/images/jdk/lib/libzip.so
Event: 2.246 Loaded shared library /mydata/openjdk-mmtk/build/b0test/images/jdk/lib/libjimage.so
Event: 2.272 Loaded shared library /mydata/openjdk-mmtk/build/b0test/images/jdk/lib/libnet.so
Event: 2.369 Loaded shared library /mydata/openjdk-mmtk/build/b0test/images/jdk/lib/libverify.so

Deoptimization events (20 events):
Event: 3.018 Thread 0x00007f27f07c4630 DEOPT PACKING pc=0x00007f27d8cb04bd sp=0x0000727ab8ef6060
Event: 3.018 Thread 0x00007f27f07c4630 DEOPT UNPACKING pc=0x00007f27dfc6b02f sp=0x0000727ab8ef5558 mode 0
Event: 3.027 Thread 0x00007f27f07c5ae0 DEOPT PACKING pc=0x00007f27d8cb04bd sp=0x0000727ab8df6060
Event: 3.027 Thread 0x00007f27f07c5ae0 DEOPT UNPACKING pc=0x00007f27dfc6b02f sp=0x0000727ab8df5558 mode 0
Event: 3.029 Thread 0x00007f27f03e18a0 Uncommon trap: trap_request=0xffffff6e fr.pc=0x00007f27e0550a84 relative=0x0000000000000fc4
Event: 3.029 Thread 0x00007f27f03e18a0 Uncommon trap: reason=loop_limit_check action=maybe_recompile pc=0x00007f27e0550a84 method=org.apache.xalan.templates.ElemLiteralResult.execute(Lorg/apache/xalan/transformer/TransformerImpl;)V @ 110 c2
Event: 3.029 Thread 0x00007f27f03e18a0 DEOPT PACKING pc=0x00007f27e0550a84 sp=0x0000727ab86f4bb0
Event: 3.029 Thread 0x00007f27f07b8c30 Uncommon trap: trap_request=0xffffff6e fr.pc=0x00007f27e0550a84 relative=0x0000000000000fc4
Event: 3.029 Thread 0x00007f27f07b8c30 Uncommon trap: reason=loop_limit_check action=maybe_recompile pc=0x00007f27e0550a84 method=org.apache.xalan.templates.ElemLiteralResult.execute(Lorg/apache/xalan/transformer/TransformerImpl;)V @ 110 c2
Event: 3.029 Thread 0x00007f27f03e18a0 DEOPT UNPACKING pc=0x00007f27dfc6a899 sp=0x0000727ab86f4bc0 mode 2
Event: 3.029 Thread 0x00007f27f07b8c30 DEOPT PACKING pc=0x00007f27e0550a84 sp=0x0000727ab97f5e70
Event: 3.029 Thread 0x00007f27f07b8c30 DEOPT UNPACKING pc=0x00007f27dfc6a899 sp=0x0000727ab97f5e80 mode 2
Event: 3.029 Thread 0x00007f27f07bf1b0 Uncommon trap: trap_request=0xffffff6e fr.pc=0x00007f27e0550a84 relative=0x0000000000000fc4
Event: 3.029 Thread 0x00007f27f07bf1b0 Uncommon trap: reason=loop_limit_check action=maybe_recompile pc=0x00007f27e0550a84 method=org.apache.xalan.templates.ElemLiteralResult.execute(Lorg/apache/xalan/transformer/TransformerImpl;)V @ 110 c2
Event: 3.029 Thread 0x00007f27f07bf1b0 DEOPT PACKING pc=0x00007f27e0550a84 sp=0x0000727ab92f4d00
Event: 3.030 Thread 0x00007f27f07ba000 DEOPT PACKING pc=0x00007f27d8cd062c sp=0x0000727ab96f6280
Event: 3.030 Thread 0x00007f27f07ba000 DEOPT UNPACKING pc=0x00007f27dfc6b02f sp=0x0000727ab96f57d8 mode 0
Event: 3.032 Thread 0x00007f27f07c9b70 DEOPT PACKING pc=0x00007f27d8cd062c sp=0x0000727ab8af6280
Event: 3.033 Thread 0x00007f27f07c9b70 DEOPT UNPACKING pc=0x00007f27dfc6b02f sp=0x0000727ab8af57d8 mode 0
Event: 3.033 Thread 0x00007f27f07bf1b0 DEOPT UNPACKING pc=0x00007f27dfc6a899 sp=0x0000727ab92f4d10 mode 2

Classes loaded (20 events):
Event: 2.632 Loading class java/util/ResourceBundle$KeyElementReference
Event: 2.632 Loading class java/util/ResourceBundle$CacheKeyReference
Event: 2.632 Loading class java/util/ResourceBundle$CacheKeyReference done
Event: 2.632 Loading class java/util/ResourceBundle$KeyElementReference done
Event: 2.633 Loading class java/util/ResourceBundle$Control$2
Event: 2.633 Loading class java/util/ResourceBundle$Control$2 done
Event: 2.633 Loading class sun/util/PropertyResourceBundleCharset
Event: 2.634 Loading class sun/util/PropertyResourceBundleCharset done
Event: 2.634 Loading class sun/util/PropertyResourceBundleCharset$PropertiesFileDecoder
Event: 2.634 Loading class sun/util/PropertyResourceBundleCharset$PropertiesFileDecoder done
Event: 2.637 Loading class java/util/ResourceBundle$BundleReference
Event: 2.637 Loading class java/util/ResourceBundle$BundleReference done
Event: 2.637 Loading class sun/util/ResourceBundleEnumeration
Event: 2.637 Loading class sun/util/ResourceBundleEnumeration done
Event: 2.644 Loading class sun/nio/cs/ISO_8859_1$Encoder
Event: 2.644 Loading class sun/nio/cs/ISO_8859_1$Encoder done
Event: 2.673 Loading class java/util/ResourceBundle$Control$1
Event: 2.673 Loading class java/util/ResourceBundle$Control$1 done
Event: 2.698 Loading class java/lang/foreign/MemorySegment
Event: 2.698 Loading class java/lang/foreign/MemorySegment done

Classes unloaded (0 events):
No events

Classes redefined (0 events):
No events

Internal exceptions (13 events):
Event: 2.239 Thread 0x00007f27f002b240 Exception <a 'java/lang/NoSuchMethodError'{0x0000000040334090}: 'java.lang.Object java.lang.invoke.DirectMethodHandle$Holder.newInvokeSpecial(java.lang.Object, int, java.lang.Object)'> (0x0000000040334090) 
thrown [src/hotspot/share/interpreter/linkResolver.cpp, line 772]
Event: 2.248 Thread 0x00007f27f002b240 Exception <a 'java/lang/NoSuchMethodError'{0x0000000040301e28}: 'void java.lang.invoke.DirectMethodHandle$Holder.invokeStatic(java.lang.Object, java.lang.Object)'> (0x0000000040301e28) 
thrown [src/hotspot/share/interpreter/linkResolver.cpp, line 772]
Event: 2.249 Thread 0x00007f27f002b240 Exception <a 'java/lang/NoSuchMethodError'{0x0000000040305820}: 'void java.lang.invoke.DirectMethodHandle$Holder.invokeSpecial(java.lang.Object, java.lang.Object, java.lang.Object)'> (0x0000000040305820) 
thrown [src/hotspot/share/interpreter/linkResolver.cpp, line 772]
Event: 2.291 Thread 0x00007f27f002b240 Exception <a 'java/lang/NoSuchMethodError'{0x00000000401b5ca8}: 'void java.lang.invoke.DirectMethodHandle$Holder.invokeVirtual(java.lang.Object, java.lang.Object)'> (0x00000000401b5ca8) 
thrown [src/hotspot/share/interpreter/linkResolver.cpp, line 772]
Event: 2.296 Thread 0x00007f27f002b240 Exception <a 'java/io/FileNotFoundException'{0x0000000040196648}> (0x0000000040196648) 
thrown [src/hotspot/share/prims/jni.cpp, line 520]
Event: 2.306 Thread 0x00007f27f002b240 Exception <a 'java/lang/NoSuchMethodError'{0x0000000040128350}: 'java.lang.Object java.lang.invoke.Invokers$Holder.invokeExact_MT(java.lang.Object, java.lang.Object, java.lang.Object, java.lang.Object, java.lang.Object)'> (0x0000000040128350) 
thrown [src/hotspot/share/interpreter/linkResolver.cpp, line 772]
Event: 2.490 Thread 0x00007f27f002b240 Exception <a 'java/lang/NoSuchMethodError'{0x0000000040ebb668}: 'void java.lang.invoke.DirectMethodHandle$Holder.invokeVirtual(java.lang.Object, java.lang.Object, int)'> (0x0000000040ebb668) 
thrown [src/hotspot/share/interpreter/linkResolver.cpp, line 772]
Event: 2.490 Thread 0x00007f27f002b240 Exception <a 'java/lang/NoSuchMethodError'{0x0000000040ebfd90}: 'int java.lang.invoke.DirectMethodHandle$Holder.invokeSpecial(java.lang.Object, java.lang.Object, java.lang.Object, int)'> (0x0000000040ebfd90) 
thrown [src/hotspot/share/interpreter/linkResolver.cpp, line 772]
Event: 2.492 Thread 0x00007f27f002b240 Exception <a 'java/lang/NoSuchMethodError'{0x0000000040ea2a40}: 'java.lang.Object java.lang.invoke.DirectMethodHandle$Holder.invokeStatic(java.lang.Object, java.lang.Object, java.lang.Object, java.lang.Object, int)'> (0x0000000040ea2a40) 
thrown [src/hotspot/share/interpreter/linkResolver.cpp, line 772]
Event: 2.493 Thread 0x00007f27f002b240 Exception <a 'java/lang/NoSuchMethodError'{0x0000000040e9dc48}: 'void java.lang.invoke.DelegatingMethodHandle$Holder.reinvoke_L(java.lang.Object, java.lang.Object, int)'> (0x0000000040e9dc48) 
thrown [src/hotspot/share/interpreter/linkResolver.cpp, line 772]
Event: 2.493 Thread 0x00007f27f002b240 Exception <a 'java/lang/NoSuchMethodError'{0x0000000040e945a8}: 'int java.lang.invoke.DirectMethodHandle$Holder.invokeSpecial(java.lang.Object, java.lang.Object, java.lang.Object)'> (0x0000000040e945a8) 
thrown [src/hotspot/share/interpreter/linkResolver.cpp, line 772]
Event: 2.563 Thread 0x00007f27f002b240 Exception <a 'java/lang/NoSuchMethodError'{0x00000000413b99f0}: 'void java.lang.invoke.DelegatingMethodHandle$Holder.reinvoke_L(java.lang.Object, java.lang.Object, int, int)'> (0x00000000413b99f0) 
thrown [src/hotspot/share/interpreter/linkResolver.cpp, line 772]
Event: 2.630 Thread 0x00007f27f07b0710 Exception <a 'java/lang/NoSuchMethodError'{0x0000000040d68938}: 'java.lang.Object java.lang.invoke.DirectMethodHandle$Holder.invokeInterface(java.lang.Object, java.lang.Object)'> (0x0000000040d68938) 
thrown [src/hotspot/share/interpreter/linkResolver.cpp, line 772]

ZGC Phase Switch (0 events):
No events

VM Operations (20 events):
Event: 2.916 Executing VM operation: ICBufferFull done
Event: 2.916 Executing VM operation: ICBufferFull
Event: 2.918 Executing VM operation: ICBufferFull done
Event: 2.920 Executing VM operation: ICBufferFull
Event: 2.921 Executing VM operation: ICBufferFull done
Event: 2.921 Executing VM operation: ICBufferFull
Event: 2.921 Executing VM operation: ICBufferFull done
Event: 2.926 Executing VM operation: ICBufferFull
Event: 2.927 Executing VM operation: ICBufferFull done
Event: 2.928 Executing VM operation: ICBufferFull
Event: 2.928 Executing VM operation: ICBufferFull done
Event: 2.928 Executing VM operation: ICBufferFull
Event: 2.929 Executing VM operation: ICBufferFull done
Event: 2.929 Executing VM operation: ICBufferFull
Event: 2.929 Executing VM operation: ICBufferFull done
Event: 2.929 Executing VM operation: ICBufferFull
Event: 2.929 Executing VM operation: ICBufferFull done
Event: 3.034 Executing VM operation: ThirdPartyHeapOperation
Event: 3.050 Executing VM operation: ThirdPartyHeapOperation done
Event: 3.055 Executing VM operation: ThirdPartyHeapOperation

Memory protections (20 events):
Event: 2.598 Protecting memory [0x0000727ab85f8000,0x0000727ab85fc000] with protection modes 0
Event: 2.598 Protecting memory [0x0000727ab87f8000,0x0000727ab87fc000] with protection modes 0
Event: 2.598 Protecting memory [0x0000727ab84f8000,0x0000727ab84fc000] with protection modes 0
Event: 2.598 Protecting memory [0x0000727ab83f8000,0x0000727ab83fc000] with protection modes 0
Event: 2.598 Protecting memory [0x0000727ab82f8000,0x0000727ab82fc000] with protection modes 0
Event: 2.598 Protecting memory [0x0000727ab81f8000,0x0000727ab81fc000] with protection modes 0
Event: 2.598 Protecting memory [0x0000727ab80f8000,0x0000727ab80fc000] with protection modes 0
Event: 2.598 Protecting memory [0x00007279a7f00000,0x00007279a7f04000] with protection modes 0
Event: 2.599 Protecting memory [0x00007279a7e00000,0x00007279a7e04000] with protection modes 0
Event: 2.599 Protecting memory [0x00007279a7d00000,0x00007279a7d04000] with protection modes 0
Event: 2.599 Protecting memory [0x00007279a7c00000,0x00007279a7c04000] with protection modes 0
Event: 2.599 Protecting memory [0x00007279a7b00000,0x00007279a7b04000] with protection modes 0
Event: 2.599 Protecting memory [0x00007279a7a00000,0x00007279a7a04000] with protection modes 0
Event: 2.658 Protecting memory [0x00007279a7900000,0x00007279a7904000] with protection modes 0
Event: 2.661 Protecting memory [0x00007279a7800000,0x00007279a7804000] with protection modes 0
Event: 2.676 Protecting memory [0x00007279a7700000,0x00007279a7704000] with protection modes 0
Event: 2.680 Protecting memory [0x00007279a7500000,0x00007279a7504000] with protection modes 0
Event: 2.681 Protecting memory [0x00007279a7600000,0x00007279a7604000] with protection modes 0
Event: 2.699 Protecting memory [0x00007279a7400000,0x00007279a7404000] with protection modes 0
Event: 2.700 Protecting memory [0x00007279a7300000,0x00007279a7304000] with protection modes 0

Nmethod flushes (0 events):
No events

Events (20 events):
Event: 2.598 Thread 0x00007f27f002b240 Thread added: 0x00007f27f03e02c0
Event: 2.598 Thread 0x00007f27f002b240 Thread added: 0x00007f27f03e18a0
Event: 2.598 Thread 0x00007f27f002b240 Thread added: 0x00007f27f07ada40
Event: 2.598 Thread 0x00007f27f002b240 Thread added: 0x00007f27f07af270
Event: 2.598 Thread 0x00007f27f002b240 Thread added: 0x00007f27f07b0710
Event: 2.598 Thread 0x00007f27f002b240 Thread added: 0x00007f27f07b1bb0
Event: 2.598 Thread 0x00007f27f002b240 Thread added: 0x00007f27f07b3440
Event: 2.598 Thread 0x00007f27f002b240 Thread added: 0x00007f27f05b7440
Event: 2.599 Thread 0x00007f27f002b240 Thread added: 0x00007f27f05b8650
Event: 2.599 Thread 0x00007f27f002b240 Thread added: 0x00007f27f05b9ee0
Event: 2.599 Thread 0x00007f27f002b240 Thread added: 0x00007f27f05bb8f0
Event: 2.599 Thread 0x00007f27f002b240 Thread added: 0x00007f27f05bd180
Event: 2.599 Thread 0x00007f27f002b240 Thread added: 0x00007f27f05bea10
Event: 2.658 Thread 0x0000727a3404d510 Thread added: 0x0000727a280cb720
Event: 2.661 Thread 0x0000727a3404d510 Thread added: 0x0000727a280cdb10
Event: 2.675 Thread 0x00007f27f0554e00 Thread added: 0x0000727a340fede0
Event: 2.678 Thread 0x0000727a3404d510 Thread added: 0x0000727a281286e0
Event: 2.680 Thread 0x0000727a1c001bd0 Thread added: 0x0000727a140d7290
Event: 2.698 Thread 0x0000727a2c01d6a0 Thread added: 0x0000727a1c09cb40
Event: 2.700 Thread 0x0000727a2c01d6a0 Thread added: 0x0000727a1c09e470


Dynamic libraries:
40000000-40400000 rw-p 00000000 00:00 0                                  [anon:mmtk:space:immix]
40400000-40800000 rw-p 00000000 00:00 0                                  [anon:mmtk:space:los]
40800000-41400000 rw-p 00000000 00:00 0                                  [anon:mmtk:space:immix]
41400000-41800000 rw-p 00000000 00:00 0                                  [anon:mmtk:space:los]
41800000-41c00000 rw-p 00000000 00:00 0                                  [anon:mmtk:space:immix]
41c00000-42000000 rw-p 00000000 00:00 0                                  [anon:mmtk:space:los]
42000000-42400000 rw-p 00000000 00:00 0                                  [anon:mmtk:space:immix]
42400000-42800000 rw-p 00000000 00:00 0                                  [anon:mmtk:space:los]
42800000-43000000 rw-p 00000000 00:00 0                                  [anon:mmtk:space:immix]
43000000-43400000 rw-p 00000000 00:00 0                                  [anon:mmtk:space:los]
43400000-43800000 rw-p 00000000 00:00 0                                  [anon:mmtk:space:immix]
43800000-43c00000 rw-p 00000000 00:00 0                                  [anon:mmtk:space:los]
43c00000-44400000 rw-p 00000000 00:00 0                                  [anon:mmtk:space:immix]
44400000-44800000 rw-p 00000000 00:00 0                                  [anon:mmtk:space:los]
44800000-45000000 rw-p 00000000 00:00 0                                  [anon:mmtk:space:immix]
45000000-45400000 rw-p 00000000 00:00 0                                  [anon:mmtk:space:los]
45400000-45800000 rw-p 00000000 00:00 0                                  [anon:mmtk:space:immix]
45800000-45c00000 rw-p 00000000 00:00 0                                  [anon:mmtk:space:los]
45c00000-46400000 rw-p 00000000 00:00 0                                  [anon:mmtk:space:immix]
46400000-46800000 rw-p 00000000 00:00 0                                  [anon:mmtk:space:los]
46800000-47000000 rw-p 00000000 00:00 0                                  [anon:mmtk:space:immix]
47000000-47400000 rw-p 00000000 00:00 0                                  [anon:mmtk:space:los]
47400000-47800000 rw-p 00000000 00:00 0                                  [anon:mmtk:space:immix]
47800000-47c00000 rw-p 00000000 00:00 0                                  [anon:mmtk:space:los]
47c00000-48400000 rw-p 00000000 00:00 0                                  [anon:mmtk:space:immix]
48400000-48800000 rw-p 00000000 00:00 0                                  [anon:mmtk:space:los]
48800000-48c00000 rw-p 00000000 00:00 0                                  [anon:mmtk:space:immix]
48c00000-49000000 rw-p 00000000 00:00 0                                  [anon:mmtk:space:los]
49000000-49800000 rw-p 00000000 00:00 0                                  [anon:mmtk:space:immix]
49800000-49c00000 rw-p 00000000 00:00 0                                  [anon:mmtk:space:los]
49c00000-4a400000 rw-p 00000000 00:00 0                                  [anon:mmtk:space:immix]
4a400000-4a800000 rw-p 00000000 00:00 0                                  [anon:mmtk:space:los]
4a800000-4ac00000 rw-p 00000000 00:00 0                                  [anon:mmtk:space:immix]
4ac00000-4b000000 rw-p 00000000 00:00 0                                  [anon:mmtk:space:los]
4b000000-4b400000 rw-p 00000000 00:00 0                                  [anon:mmtk:space:immix]
4b400000-4b800000 rw-p 00000000 00:00 0                                  [anon:mmtk:space:los]
4b800000-4c000000 rw-p 00000000 00:00 0                                  [anon:mmtk:space:immix]
4c000000-4c400000 rw-p 00000000 00:00 0                                  [anon:mmtk:space:los]
4c400000-4c800000 rw-p 00000000 00:00 0                                  [anon:mmtk:space:immix]
4c800000-4cc00000 rw-p 00000000 00:00 0                                  [anon:mmtk:space:los]
4cc00000-4d400000 rw-p 00000000 00:00 0                                  [anon:mmtk:space:immix]
4d400000-4d800000 rw-p 00000000 00:00 0                                  [anon:mmtk:space:los]
4d800000-4dc00000 rw-p 00000000 00:00 0                                  [anon:mmtk:space:immix]
4dc00000-4e000000 rw-p 00000000 00:00 0                                  [anon:mmtk:space:los]
4e000000-4e800000 rw-p 00000000 00:00 0                                  [anon:mmtk:space:immix]
4e800000-4ec00000 rw-p 00000000 00:00 0                                  [anon:mmtk:space:los]
4ec00000-4f400000 rw-p 00000000 00:00 0                                  [anon:mmtk:space:immix]
4f400000-4f800000 rw-p 00000000 00:00 0                                  [anon:mmtk:space:los]
4f800000-4fc00000 rw-p 00000000 00:00 0                                  [anon:mmtk:space:immix]
4fc00000-50000000 rw-p 00000000 00:00 0                                  [anon:mmtk:space:los]
50000000-50400000 rw-p 00000000 00:00 0                                  [anon:mmtk:space:immix]
200000000000-2000c00c0000 rw-s 00000000 00:10 68                         anon_inode:bpf-map
5cd5dbec8000-5cd5dbec9000 r--p 00000000 fc:00 49676337                   /mydata/openjdk-mmtk/build/b0test/images/jdk/bin/java
5cd5dbec9000-5cd5dbeca000 r-xp 00001000 fc:00 49676337                   /mydata/openjdk-mmtk/build/b0test/images/jdk/bin/java
5cd5dbeca000-5cd5dbecb000 r--p 00002000 fc:00 49676337                   /mydata/openjdk-mmtk/build/b0test/images/jdk/bin/java
5cd5dbecb000-5cd5dbecc000 r--p 00002000 fc:00 49676337                   /mydata/openjdk-mmtk/build/b0test/images/jdk/bin/java
5cd5dbecc000-5cd5dbecd000 rw-p 00003000 fc:00 49676337                   /mydata/openjdk-mmtk/build/b0test/images/jdk/bin/java
5cd60d58c000-5cd60d5d4000 rw-p 00000000 00:00 0                          [heap]
727970000000-727970464000 rw-p 00000000 00:00 0 
727970464000-727974000000 ---p 00000000 00:00 0 
727974000000-72797473b000 rw-p 00000000 00:00 0 
72797473b000-727978000000 ---p 00000000 00:00 0 
727978000000-727978766000 rw-p 00000000 00:00 0 
727978766000-72797c000000 ---p 00000000 00:00 0 
72797c000000-72797c74f000 rw-p 00000000 00:00 0 
72797c74f000-727980000000 ---p 00000000 00:00 0 
727980000000-727980921000 rw-p 00000000 00:00 0 
727980921000-727984000000 ---p 00000000 00:00 0 
727984000000-7279846f5000 rw-p 00000000 00:00 0 
7279846f5000-727988000000 ---p 00000000 00:00 0 
727988000000-727988021000 rw-p 00000000 00:00 0 
727988021000-72798c000000 ---p 00000000 00:00 0 
72798c000000-72798c7a6000 rw-p 00000000 00:00 0 
72798c7a6000-727990000000 ---p 00000000 00:00 0 
727990000000-72799005c000 rw-p 00000000 00:00 0 
72799005c000-727994000000 ---p 00000000 00:00 0 
727994000000-727994021000 rw-p 00000000 00:00 0 
727994021000-727998000000 ---p 00000000 00:00 0 
727998000000-727998021000 rw-p 00000000 00:00 0 
727998021000-72799c000000 ---p 00000000 00:00 0 
72799c000000-72799c021000 rw-p 00000000 00:00 0 
72799c021000-7279a0000000 ---p 00000000 00:00 0 
7279a0000000-7279a0021000 rw-p 00000000 00:00 0 
7279a0021000-7279a4000000 ---p 00000000 00:00 0 
7279a7300000-7279a7304000 ---p 00000000 00:00 0 
7279a7304000-7279a7400000 rw-p 00000000 00:00 0 
7279a7400000-7279a7404000 ---p 00000000 00:00 0 
7279a7404000-7279a7500000 rw-p 00000000 00:00 0 
7279a7500000-7279a7504000 ---p 00000000 00:00 0 
7279a7504000-7279a7600000 rw-p 00000000 00:00 0 
7279a7600000-7279a7604000 ---p 00000000 00:00 0 
7279a7604000-7279a7700000 rw-p 00000000 00:00 0 
7279a7700000-7279a7704000 ---p 00000000 00:00 0 
7279a7704000-7279a7800000 rw-p 00000000 00:00 0 
7279a7800000-7279a7804000 ---p 00000000 00:00 0 
7279a7804000-7279a7900000 rw-p 00000000 00:00 0 
7279a7900000-7279a7904000 ---p 00000000 00:00 0 
7279a7904000-7279a7a00000 rw-p 00000000 00:00 0 
7279a7a00000-7279a7a04000 ---p 00000000 00:00 0 
7279a7a04000-7279a7b00000 rw-p 00000000 00:00 0 
7279a7b00000-7279a7b04000 ---p 00000000 00:00 0 
7279a7b04000-7279a7c00000 rw-p 00000000 00:00 0 
7279a7c00000-7279a7c04000 ---p 00000000 00:00 0 
7279a7c04000-7279a7d00000 rw-p 00000000 00:00 0 
7279a7d00000-7279a7d04000 ---p 00000000 00:00 0 
7279a7d04000-7279a7e00000 rw-p 00000000 00:00 0 
7279a7e00000-7279a7e04000 ---p 00000000 00:00 0 
7279a7e04000-7279a7f00000 rw-p 00000000 00:00 0 
7279a7f00000-7279a7f04000 ---p 00000000 00:00 0 
7279a7f04000-7279a8000000 rw-p 00000000 00:00 0 
7279a8000000-7279a805a000 rw-p 00000000 00:00 0 
7279a805a000-7279ac000000 ---p 00000000 00:00 0 
7279ac000000-7279ac021000 rw-p 00000000 00:00 0 
7279ac021000-7279b0000000 ---p 00000000 00:00 0 
7279b0000000-7279b0021000 rw-p 00000000 00:00 0 
7279b0021000-7279b4000000 ---p 00000000 00:00 0 
7279b4000000-7279b4026000 rw-p 00000000 00:00 0 
7279b4026000-7279b8000000 ---p 00000000 00:00 0 
7279b8000000-7279b804b000 rw-p 00000000 00:00 0 
7279b804b000-7279bc000000 ---p 00000000 00:00 0 
7279bc000000-7279bc023000 rw-p 00000000 00:00 0 
7279bc023000-7279c0000000 ---p 00000000 00:00 0 
7279c0000000-7279c0021000 rw-p 00000000 00:00 0 
7279c0021000-7279c4000000 ---p 00000000 00:00 0 
7279c4000000-7279c4021000 rw-p 00000000 00:00 0 
7279c4021000-7279c8000000 ---p 00000000 00:00 0 
7279c8000000-7279c8030000 rw-p 00000000 00:00 0 
7279c8030000-7279cc000000 ---p 00000000 00:00 0 
7279cc000000-7279cc021000 rw-p 00000000 00:00 0 
7279cc021000-7279d0000000 ---p 00000000 00:00 0 
7279d0000000-7279d002f000 rw-p 00000000 00:00 0 
7279d002f000-7279d4000000 ---p 00000000 00:00 0 
7279d4000000-7279d4021000 rw-p 00000000 00:00 0 
7279d4021000-7279d8000000 ---p 00000000 00:00 0 
7279d8000000-7279d8021000 rw-p 00000000 00:00 0 
7279d8021000-7279dc000000 ---p 00000000 00:00 0 
7279dc000000-7279dc024000 rw-p 00000000 00:00 0 
7279dc024000-7279e0000000 ---p 00000000 00:00 0 
7279e0000000-7279e0057000 rw-p 00000000 00:00 0 
7279e0057000-7279e4000000 ---p 00000000 00:00 0 
7279e4000000-7279e404a000 rw-p 00000000 00:00 0 
7279e404a000-7279e8000000 ---p 00000000 00:00 0 
7279e8000000-7279e8024000 rw-p 00000000 00:00 0 
7279e8024000-7279ec000000 ---p 00000000 00:00 0 
7279ec000000-7279ec021000 rw-p 00000000 00:00 0 
7279ec021000-7279f0000000 ---p 00000000 00:00 0 
7279f0000000-7279f0021000 rw-p 00000000 00:00 0 
7279f0021000-7279f4000000 ---p 00000000 00:00 0 
7279f4000000-7279f4025000 rw-p 00000000 00:00 0 
7279f4025000-7279f8000000 ---p 00000000 00:00 0 
7279f8000000-7279f8021000 rw-p 00000000 00:00 0 
7279f8021000-7279fc000000 ---p 00000000 00:00 0 
7279fc000000-7279fc021000 rw-p 00000000 00:00 0 
7279fc021000-727a00000000 ---p 00000000 00:00 0 
727a00000000-727a00021000 rw-p 00000000 00:00 0 
727a00021000-727a04000000 ---p 00000000 00:00 0 
727a04000000-727a04021000 rw-p 00000000 00:00 0 
727a04021000-727a08000000 ---p 00000000 00:00 0 
727a08000000-727a08039000 rw-p 00000000 00:00 0 
727a08039000-727a0c000000 ---p 00000000 00:00 0 
727a0c000000-727a0c021000 rw-p 00000000 00:00 0 
727a0c021000-727a10000000 ---p 00000000 00:00 0 
727a10000000-727a101a9000 rw-p 00000000 00:00 0 
727a101a9000-727a14000000 ---p 00000000 00:00 0 
727a14000000-727a1466a000 rw-p 00000000 00:00 0 
727a1466a000-727a18000000 ---p 00000000 00:00 0 
727a18000000-727a18615000 rw-p 00000000 00:00 0 
727a18615000-727a1c000000 ---p 00000000 00:00 0 
727a1c000000-727a1c27d000 rw-p 00000000 00:00 0 
727a1c27d000-727a20000000 ---p 00000000 00:00 0 
727a20000000-727a20021000 rw-p 00000000 00:00 0 
727a20021000-727a24000000 ---p 00000000 00:00 0 
727a24000000-727a24021000 rw-p 00000000 00:00 0 
727a24021000-727a28000000 ---p 00000000 00:00 0 
727a28000000-727a2829f000 rw-p 00000000 00:00 0 
727a2829f000-727a2c000000 ---p 00000000 00:00 0 
727a2c000000-727a2c2fe000 rw-p 00000000 00:00 0 
727a2c2fe000-727a30000000 ---p 00000000 00:00 0 
727a30000000-727a30813000 rw-p 00000000 00:00 0 
727a30813000-727a34000000 ---p 00000000 00:00 0 
727a34000000-727a34340000 rw-p 00000000 00:00 0 
727a34340000-727a38000000 ---p 00000000 00:00 0 
727a38000000-727a38021000 rw-p 00000000 00:00 0 
727a38021000-727a3c000000 ---p 00000000 00:00 0 
727a3c000000-727a3c021000 rw-p 00000000 00:00 0 
727a3c021000-727a40000000 ---p 00000000 00:00 0 
727a40000000-727a4002a000 rw-p 00000000 00:00 0 
727a4002a000-727a44000000 ---p 00000000 00:00 0 
727a44000000-727a44021000 rw-p 00000000 00:00 0 
727a44021000-727a48000000 ---p 00000000 00:00 0 
727a48000000-727a4804b000 rw-p 00000000 00:00 0 
727a4804b000-727a4c000000 ---p 00000000 00:00 0 
727a4c000000-727a4c021000 rw-p 00000000 00:00 0 
727a4c021000-727a50000000 ---p 00000000 00:00 0 
727a50000000-727a50023000 rw-p 00000000 00:00 0 
727a50023000-727a54000000 ---p 00000000 00:00 0 
727a54000000-727a54183000 rw-p 00000000 00:00 0 
727a54183000-727a58000000 ---p 00000000 00:00 0 
727a58000000-727a5802b000 rw-p 00000000 00:00 0 
727a5802b000-727a5c000000 ---p 00000000 00:00 0 
727a5c000000-727a5c021000 rw-p 00000000 00:00 0 
727a5c021000-727a60000000 ---p 00000000 00:00 0 
727a60000000-727a60021000 rw-p 00000000 00:00 0 
727a60021000-727a64000000 ---p 00000000 00:00 0 
727a64000000-727a64026000 rw-p 00000000 00:00 0 
727a64026000-727a68000000 ---p 00000000 00:00 0 
727a68000000-727a68021000 rw-p 00000000 00:00 0 
727a68021000-727a6c000000 ---p 00000000 00:00 0 
727a6c000000-727a6c03b000 rw-p 00000000 00:00 0 
727a6c03b000-727a70000000 ---p 00000000 00:00 0 
727a70000000-727a70023000 rw-p 00000000 00:00 0 
727a70023000-727a74000000 ---p 00000000 00:00 0 
727a74000000-727a7404a000 rw-p 00000000 00:00 0 
727a7404a000-727a78000000 ---p 00000000 00:00 0 
727a78000000-727a78032000 rw-p 00000000 00:00 0 
727a78032000-727a7c000000 ---p 00000000 00:00 0 
727a7c000000-727a7c02b000 rw-p 00000000 00:00 0 
727a7c02b000-727a80000000 ---p 00000000 00:00 0 
727a80000000-727a80033000 rw-p 00000000 00:00 0 
727a80033000-727a84000000 ---p 00000000 00:00 0 
727a84000000-727a84021000 rw-p 00000000 00:00 0 
727a84021000-727a88000000 ---p 00000000 00:00 0 
727a88000000-727a8803f000 rw-p 00000000 00:00 0 
727a8803f000-727a8c000000 ---p 00000000 00:00 0 
727a8c000000-727a8c032000 rw-p 00000000 00:00 0 
727a8c032000-727a90000000 ---p 00000000 00:00 0 
727a90000000-727a90033000 rw-p 00000000 00:00 0 
727a90033000-727a94000000 ---p 00000000 00:00 0 
727a94000000-727a94024000 rw-p 00000000 00:00 0 
727a94024000-727a98000000 ---p 00000000 00:00 0 
727a98000000-727a98023000 rw-p 00000000 00:00 0 
727a98023000-727a9c000000 ---p 00000000 00:00 0 
727a9c000000-727a9c022000 rw-p 00000000 00:00 0 
727a9c022000-727aa0000000 ---p 00000000 00:00 0 
727aa0000000-727aa0021000 rw-p 00000000 00:00 0 
727aa0021000-727aa4000000 ---p 00000000 00:00 0 
727aa4000000-727aa4021000 rw-p 00000000 00:00 0 
727aa4021000-727aa8000000 ---p 00000000 00:00 0 
727aa8000000-727aa8021000 rw-p 00000000 00:00 0 
727aa8021000-727aac000000 ---p 00000000 00:00 0 
727aac000000-727aac021000 rw-p 00000000 00:00 0 
727aac021000-727ab0000000 ---p 00000000 00:00 0 
727ab0000000-727ab0270000 rw-p 00000000 00:00 0 
727ab0270000-727ab0400000 ---p 00000000 00:00 0 
727ab0400000-727ab08b0000 rw-p 00000000 00:00 0 
727ab08b0000-727ab4000000 ---p 00000000 00:00 0 
727ab4000000-727ab4021000 rw-p 00000000 00:00 0 
727ab4021000-727ab8000000 ---p 00000000 00:00 0 
727ab80f8000-727ab80fc000 ---p 00000000 00:00 0 
727ab80fc000-727ab81f8000 rw-p 00000000 00:00 0 
727ab81f8000-727ab81fc000 ---p 00000000 00:00 0 
727ab81fc000-727ab82f8000 rw-p 00000000 00:00 0 
727ab82f8000-727ab82fc000 ---p 00000000 00:00 0 
727ab82fc000-727ab83f8000 rw-p 00000000 00:00 0 
727ab83f8000-727ab83fc000 ---p 00000000 00:00 0 
727ab83fc000-727ab84f8000 rw-p 00000000 00:00 0 
727ab84f8000-727ab84fc000 ---p 00000000 00:00 0 
727ab84fc000-727ab85f8000 rw-p 00000000 00:00 0 
727ab85f8000-727ab85fc000 ---p 00000000 00:00 0 
727ab85fc000-727ab86f8000 rw-p 00000000 00:00 0 
727ab86f8000-727ab86fc000 ---p 00000000 00:00 0 
727ab86fc000-727ab87f8000 rw-p 00000000 00:00 0 
727ab87f8000-727ab87fc000 ---p 00000000 00:00 0 
727ab87fc000-727ab88f8000 rw-p 00000000 00:00 0 
727ab88f8000-727ab88fc000 ---p 00000000 00:00 0 
727ab88fc000-727ab89f8000 rw-p 00000000 00:00 0 
727ab89f8000-727ab89fc000 ---p 00000000 00:00 0 
727ab89fc000-727ab8af8000 rw-p 00000000 00:00 0 
727ab8af8000-727ab8afc000 ---p 00000000 00:00 0 
727ab8afc000-727ab8bf8000 rw-p 00000000 00:00 0 
727ab8bf8000-727ab8bfc000 ---p 00000000 00:00 0 
727ab8bfc000-727ab8cf8000 rw-p 00000000 00:00 0 
727ab8cf8000-727ab8cfc000 ---p 00000000 00:00 0 
727ab8cfc000-727ab8df8000 rw-p 00000000 00:00 0 
727ab8df8000-727ab8dfc000 ---p 00000000 00:00 0 
727ab8dfc000-727ab8ef8000 rw-p 00000000 00:00 0 
727ab8ef8000-727ab8efc000 ---p 00000000 00:00 0 
727ab8efc000-727ab8ff8000 rw-p 00000000 00:00 0 
727ab8ff8000-727ab8ffc000 ---p 00000000 00:00 0 
727ab8ffc000-727ab90f8000 rw-p 00000000 00:00 0 
727ab90f8000-727ab90fc000 ---p 00000000 00:00 0 
727ab90fc000-727ab91f8000 rw-p 00000000 00:00 0 
727ab91f8000-727ab91fc000 ---p 00000000 00:00 0 
727ab91fc000-727ab92f8000 rw-p 00000000 00:00 0 
727ab92f8000-727ab92fc000 ---p 00000000 00:00 0 
727ab92fc000-727ab93f8000 rw-p 00000000 00:00 0 
727ab93f8000-727ab93fc000 ---p 00000000 00:00 0 
727ab93fc000-727ab94f8000 rw-p 00000000 00:00 0 
727ab94f8000-727ab94fc000 ---p 00000000 00:00 0 
727ab94fc000-727ab95f8000 rw-p 00000000 00:00 0 
727ab95f8000-727ab95fc000 ---p 00000000 00:00 0 
727ab95fc000-727ab96f8000 rw-p 00000000 00:00 0 
727ab96f8000-727ab96fc000 ---p 00000000 00:00 0 
727ab96fc000-727ab97f8000 rw-p 00000000 00:00 0 
727ab97f8000-727ab97fc000 ---p 00000000 00:00 0 
727ab97fc000-727ab98f8000 rw-p 00000000 00:00 0 
727ab98f8000-727ab98fc000 ---p 00000000 00:00 0 
727ab98fc000-727ab99f8000 rw-p 00000000 00:00 0 
727ab99f8000-727ab99fc000 ---p 00000000 00:00 0 
727ab99fc000-727ab9af8000 rw-p 00000000 00:00 0 
727ab9af8000-727ab9afc000 ---p 00000000 00:00 0 
727ab9afc000-727ab9bf8000 rw-p 00000000 00:00 0 
727ab9bf8000-727ab9bfc000 ---p 00000000 00:00 0 
727ab9bfc000-727ab9cf8000 rw-p 00000000 00:00 0 
727ab9cf8000-727ab9cfc000 ---p 00000000 00:00 0 
727ab9cfc000-727ab9df8000 rw-p 00000000 00:00 0 
727ab9df8000-727ab9dfc000 ---p 00000000 00:00 0 
727ab9dfc000-727ab9ef8000 rw-p 00000000 00:00 0 
727ab9ef8000-727ab9efc000 ---p 00000000 00:00 0 
727ab9efc000-727ab9ff8000 rw-p 00000000 00:00 0 
727ab9ff8000-727ab9ffc000 ---p 00000000 00:00 0 
727ab9ffc000-727aba0f8000 rw-p 00000000 00:00 0 
727aba0f8000-727aba0fc000 ---p 00000000 00:00 0 
727aba0fc000-727aba1f8000 rw-p 00000000 00:00 0 
727aba1f8000-727aba1fc000 ---p 00000000 00:00 0 
727aba1fc000-727aba2f8000 rw-p 00000000 00:00 0 
727aba2f8000-727aba2fc000 ---p 00000000 00:00 0 
727aba2fc000-727aba3f8000 rw-p 00000000 00:00 0 
727aba3f8000-727aba3fc000 ---p 00000000 00:00 0 
727aba3fc000-727aba4f8000 rw-p 00000000 00:00 0 
727aba4f8000-727aba4fc000 ---p 00000000 00:00 0 
727aba4fc000-727aba5f8000 rw-p 00000000 00:00 0 
727aba5f8000-727aba5fc000 ---p 00000000 00:00 0 
727aba5fc000-727aba6f8000 rw-p 00000000 00:00 0 
727aba6f8000-727aba6fc000 ---p 00000000 00:00 0 
727aba6fc000-727aba7f8000 rw-p 00000000 00:00 0 
727aba7f8000-727aba7f9000 ---p 00000000 00:00 0 
727aba7f9000-727aba8f9000 rw-p 00000000 00:00 0 
727aba8f9000-727aba8fa000 ---p 00000000 00:00 0 
727aba8fa000-727aba9fa000 rw-p 00000000 00:00 0 
727aba9fa000-727aba9fb000 ---p 00000000 00:00 0 
727aba9fb000-727abaafb000 rw-p 00000000 00:00 0 
727abaafb000-727abaafc000 ---p 00000000 00:00 0 
727abaafc000-727ababfc000 rw-p 00000000 00:00 0 
727ababfc000-727ababfd000 ---p 00000000 00:00 0 
727ababfd000-727abacfd000 rw-p 00000000 00:00 0 
727abacfd000-727abacfe000 ---p 00000000 00:00 0 
727abacfe000-727abadfe000 rw-p 00000000 00:00 0 
727abadfe000-727abadff000 ---p 00000000 00:00 0 
727abadff000-727abaeff000 rw-p 00000000 00:00 0 
727abaeff000-727abaf00000 ---p 00000000 00:00 0 
727abaf00000-727abb000000 rw-p 00000000 00:00 0 
727abb000000-727abbca3000 rw-p 00001000 fc:00 49677043                   /mydata/openjdk-mmtk/build/b0test/images/jdk/lib/server/classes.jsa
727abbca3000-727abc000000 ---p 00000000 00:00 0 
727abc000000-727abc040000 rw-p 00000000 00:00 0 
727abc040000-727abc110000 rw-p 00000000 00:00 0 
727abc110000-727afc000000 ---p 00000000 00:00 0 
727afc000000-727afc021000 rw-p 00000000 00:00 0 
727afc021000-727b00000000 ---p 00000000 00:00 0 
727b000f3000-727b000f4000 ---p 00000000 00:00 0 
727b000f4000-727b001f4000 rw-p 00000000 00:00 0 
727b001f4000-727b001f5000 ---p 00000000 00:00 0 
727b001f5000-727b002f5000 rw-p 00000000 00:00 0 
727b002f5000-727b002f6000 ---p 00000000 00:00 0 
727b002f6000-727b003f6000 rw-p 00000000 00:00 0 
727b003f6000-727b003f7000 ---p 00000000 00:00 0 
727b003f7000-727b004f7000 rw-p 00000000 00:00 0 
727b004f7000-727b004f8000 ---p 00000000 00:00 0 
727b004f8000-727b005f8000 rw-p 00000000 00:00 0 
727b005f8000-727b005f9000 ---p 00000000 00:00 0 
727b005f9000-727b006f9000 rw-p 00000000 00:00 0 
727b006f9000-727b006fa000 ---p 00000000 00:00 0 
727b006fa000-727b007fa000 rw-p 00000000 00:00 0 
727b007fa000-727b007fb000 ---p 00000000 00:00 0 
727b007fb000-727b008fb000 rw-p 00000000 00:00 0 
727b008fb000-727b008fc000 ---p 00000000 00:00 0 
727b008fc000-727b009fc000 rw-p 00000000 00:00 0 
727b009fc000-727b009fd000 ---p 00000000 00:00 0 
727b009fd000-727b00afd000 rw-p 00000000 00:00 0 
727b00afd000-727b00afe000 ---p 00000000 00:00 0 
727b00afe000-727b00bfe000 rw-p 00000000 00:00 0 
727b00bfe000-727b00bff000 ---p 00000000 00:00 0 
727b00bff000-727b00cff000 rw-p 00000000 00:00 0 
727b00cff000-727b00d00000 ---p 00000000 00:00 0 
727b00d00000-727b00e00000 rw-p 00000000 00:00 0 
727b00e00000-727b010eb000 r--p 00000000 08:03 1410552                    /usr/lib/locale/locale-archive
727b010ff000-727b01100000 ---p 00000000 00:00 0 
727b01100000-727b01200000 rw-p 00000000 00:00 0 
727b01200000-727b04200000 rw-p 00000000 00:00 0 
727b042fb000-727b042fc000 ---p 00000000 00:00 0 
727b042fc000-727b043fc000 rw-p 00000000 00:00 0 
727b043fc000-727b34400000 rw-p 00000000 00:00 0 
727b34400000-727b35400000 ---p 00000000 00:00 0                          [anon:mmtk:sidemeta:all:all-quarantined]
727b35400000-727b35c00000 rw-p 00000000 00:00 0                          [anon:mmtk:sidemeta:immix:VO_BIT]
727b35c00000-747b36400000 ---p 00000000 00:00 0                          [anon:mmtk:sidemeta:all:all-quarantined]
747b36400000-747b36800000 rw-p 00000000 00:00 0                          [anon:mmtk:sidemeta:immix:CHUNK_MARK]
747b36800000-747b39400000 ---p 00000000 00:00 0                          [anon:mmtk:sidemeta:all:all-quarantined]
747b39400000-747b39c00000 rw-p 00000000 00:00 0                          [anon:mmtk:sidemeta:immix:VMGlobalLogBitSpec]
747b39c00000-768338800000 ---p 00000000 00:00 0                          [anon:mmtk:sidemeta:all:all-quarantined]
768338800000-768338c00000 rw-p 00000000 00:00 0                          [anon:mmtk:sidemeta:immix:IX_LINE_MARK]
768338c00000-770338400000 ---p 00000000 00:00 0                          [anon:mmtk:sidemeta:all:all-quarantined]
770338400000-770338800000 rw-p 00000000 00:00 0                          [anon:mmtk:sidemeta:immix:IX_BLOCK_DEFRAG]
770338800000-770438400000 ---p 00000000 00:00 0                          [anon:mmtk:sidemeta:all:all-quarantined]
770438400000-770438800000 rw-p 00000000 00:00 0                          [anon:mmtk:sidemeta:immix:IX_BLOCK_MARK]
770438800000-7d25b8400000 ---p 00000000 00:00 0                          [anon:mmtk:sidemeta:all:all-quarantined]
7d25b8400000-7d25b8800000 rw-p 00000000 00:00 0                          [anon:mmtk:sidemeta:los:VMLocalLOSMarkNurserySpec]
7d25b8800000-7d27b9400000 ---p 00000000 00:00 0                          [anon:mmtk:sidemeta:all:all-quarantined]
7d27b9400000-7d27b9c00000 rw-p 00000000 00:00 0                          [anon:mmtk:sidemeta:immix:VMLocalMarkBitSpec]
7d27b9c00000-7f27b8400000 ---p 00000000 00:00 0                          [anon:mmtk:sidemeta:all:all-quarantined]
7f27b842e000-7f27b8433000 r--p 00000000 fc:00 49676417                   /mydata/openjdk-mmtk/build/b0test/images/jdk/lib/libjsvml.so
7f27b8433000-7f27b8474000 r-xp 00005000 fc:00 49676417                   /mydata/openjdk-mmtk/build/b0test/images/jdk/lib/libjsvml.so
7f27b8474000-7f27b84fd000 r--p 00046000 fc:00 49676417                   /mydata/openjdk-mmtk/build/b0test/images/jdk/lib/libjsvml.so
7f27b84fd000-7f27b84fe000 r--p 000ce000 fc:00 49676417                   /mydata/openjdk-mmtk/build/b0test/images/jdk/lib/libjsvml.so
7f27b84fe000-7f27b84ff000 rw-p 000cf000 fc:00 49676417                   /mydata/openjdk-mmtk/build/b0test/images/jdk/lib/libjsvml.so
7f27b84ff000-7f27b8503000 ---p 00000000 00:00 0 
7f27b8503000-7f27b85ff000 rw-p 00000000 00:00 0 
7f27b85ff000-7f27b8603000 ---p 00000000 00:00 0 
7f27b8603000-7f27b86ff000 rw-p 00000000 00:00 0 
7f27b86ff000-7f27b8703000 ---p 00000000 00:00 0 
7f27b8703000-7f27b87ff000 rw-p 00000000 00:00 0 
7f27b87ff000-7f27d8800000 rw-p 00000000 00:00 0 
7f27d8800000-7f27d8e60000 rwxp 00000000 00:00 0 
7f27d8e60000-7f27dfc17000 ---p 00000000 00:00 0 
7f27dfc17000-7f27dffb7000 rwxp 00000000 00:00 0 
7f27dffb7000-7f27e03e8000 ---p 00000000 00:00 0 
7f27e03e8000-7f27e0658000 rwxp 00000000 00:00 0 
7f27e0658000-7f27e7800000 ---p 00000000 00:00 0 
7f27e7800000-7f27effa0000 r--s 00000000 fc:00 49676297                   /mydata/openjdk-mmtk/build/b0test/images/jdk/lib/modules
7f27f0000000-7f27f07e0000 rw-p 00000000 00:00 0 
7f27f07e0000-7f27f4000000 ---p 00000000 00:00 0 
7f27f4013000-7f27f4017000 r--p 00000000 fc:00 49676364                   /mydata/openjdk-mmtk/build/b0test/images/jdk/lib/libverify.so
7f27f4017000-7f27f401e000 r-xp 00004000 fc:00 49676364                   /mydata/openjdk-mmtk/build/b0test/images/jdk/lib/libverify.so
7f27f401e000-7f27f4020000 r--p 0000b000 fc:00 49676364                   /mydata/openjdk-mmtk/build/b0test/images/jdk/lib/libverify.so
7f27f4020000-7f27f4022000 r--p 0000c000 fc:00 49676364                   /mydata/openjdk-mmtk/build/b0test/images/jdk/lib/libverify.so
7f27f4022000-7f27f4023000 rw-p 0000e000 fc:00 49676364                   /mydata/openjdk-mmtk/build/b0test/images/jdk/lib/libverify.so
7f27f4023000-7f27f4024000 ---p 00000000 00:00 0 
7f27f4024000-7f27f4124000 rw-p 00000000 00:00 0 
7f27f4124000-7f27f4125000 ---p 00000000 00:00 0 
7f27f4125000-7f27f4225000 rw-p 00000000 00:00 0 
7f27f4225000-7f27f4226000 ---p 00000000 00:00 0 
7f27f4226000-7f27f4326000 rw-p 00000000 00:00 0 
7f27f4326000-7f27f4927000 rw-p 00000000 00:00 0 
7f27f4927000-7f27f492b000 r--p 00000000 08:03 1410107                    /usr/lib/x86_64-linux-gnu/libzstd.so.1.5.5
7f27f492b000-7f27f49d2000 r-xp 00004000 08:03 1410107                    /usr/lib/x86_64-linux-gnu/libzstd.so.1.5.5
7f27f49d2000-7f27f49df000 r--p 000ab000 08:03 1410107                    /usr/lib/x86_64-linux-gnu/libzstd.so.1.5.5
7f27f49df000-7f27f49e0000 r--p 000b7000 08:03 1410107                    /usr/lib/x86_64-linux-gnu/libzstd.so.1.5.5
7f27f49e0000-7f27f49e1000 rw-p 000b8000 08:03 1410107                    /usr/lib/x86_64-linux-gnu/libzstd.so.1.5.5
7f27f49e1000-7f27f49e4000 r--p 00000000 08:03 1410420                    /usr/lib/x86_64-linux-gnu/libelf-0.190.so
7f27f49e4000-7f27f49fa000 r-xp 00003000 08:03 1410420                    /usr/lib/x86_64-linux-gnu/libelf-0.190.so
7f27f49fa000-7f27f49fe000 r--p 00019000 08:03 1410420                    /usr/lib/x86_64-linux-gnu/libelf-0.190.so
7f27f49fe000-7f27f49ff000 r--p 0001c000 08:03 1410420                    /usr/lib/x86_64-linux-gnu/libelf-0.190.so
7f27f49ff000-7f27f4a00000 rw-p 0001d000 08:03 1410420                    /usr/lib/x86_64-linux-gnu/libelf-0.190.so
7f27f4a00000-7f27f4a0c000 r--p 00000000 fc:00 13107796                   /mydata/gc-bpf-fault/shim/libgcbpf.so
7f27f4a0c000-7f27f4a6e000 r-xp 0000c000 fc:00 13107796                   /mydata/gc-bpf-fault/shim/libgcbpf.so
7f27f4a6e000-7f27f4c1b000 r--p 0006e000 fc:00 13107796                   /mydata/gc-bpf-fault/shim/libgcbpf.so
7f27f4c1b000-7f27f4c1d000 r--p 0021b000 fc:00 13107796                   /mydata/gc-bpf-fault/shim/libgcbpf.so
7f27f4c1d000-7f27f4c1e000 rw-p 0021d000 fc:00 13107796                   /mydata/gc-bpf-fault/shim/libgcbpf.so
7f27f4c1e000-7f27f4c1f000 rw-p 00000000 00:00 0 
7f27f4c2e000-7f27f4c33000 rw-p 00000000 00:00 0 
7f27f4c33000-7f27f4d17000 ---p 00000000 00:00 0 
7f27f4d17000-7f27f4d24000 rw-p 00000000 00:00 0 
7f27f4d24000-7f27f4e00000 ---p 00000000 00:00 0 
7f27f4e00000-7f27f4f47000 r--p 00000000 fc:00 49676374                   /mydata/openjdk-mmtk/build/b0test/images/jdk/lib/server/libmmtk_openjdk.so
7f27f4f47000-7f27f51c0000 r-xp 00146000 fc:00 49676374                   /mydata/openjdk-mmtk/build/b0test/images/jdk/lib/server/libmmtk_openjdk.so
7f27f51c0000-7f27f5200000 r--p 003be000 fc:00 49676374                   /mydata/openjdk-mmtk/build/b0test/images/jdk/lib/server/libmmtk_openjdk.so
7f27f5200000-7f27f5203000 rw-p 003fd000 fc:00 49676374                   /mydata/openjdk-mmtk/build/b0test/images/jdk/lib/server/libmmtk_openjdk.so
7f27f5203000-7f27f5205000 rw-p 00000000 00:00 0 
7f27f5208000-7f27f520b000 r--p 00000000 fc:00 49676361                   /mydata/openjdk-mmtk/build/b0test/images/jdk/lib/libnet.so
7f27f520b000-7f27f5213000 r-xp 00003000 fc:00 49676361                   /mydata/openjdk-mmtk/build/b0test/images/jdk/lib/libnet.so
7f27f5213000-7f27f5215000 r--p 0000b000 fc:00 49676361                   /mydata/openjdk-mmtk/build/b0test/images/jdk/lib/libnet.so
7f27f5215000-7f27f5216000 r--p 0000c000 fc:00 49676361                   /mydata/openjdk-mmtk/build/b0test/images/jdk/lib/libnet.so
7f27f5216000-7f27f5217000 rw-p 0000d000 fc:00 49676361                   /mydata/openjdk-mmtk/build/b0test/images/jdk/lib/libnet.so
7f27f5217000-7f27f521b000 ---p 00000000 00:00 0 
7f27f521b000-7f27f5317000 rw-p 00000000 00:00 0 
7f27f5317000-7f27f5327000 r--p 00000000 08:03 1411099                    /usr/lib/x86_64-linux-gnu/libm.so.6
7f27f5327000-7f27f53a6000 r-xp 00010000 08:03 1411099                    /usr/lib/x86_64-linux-gnu/libm.so.6
7f27f53a6000-7f27f53fe000 r--p 0008f000 08:03 1411099                    /usr/lib/x86_64-linux-gnu/libm.so.6
7f27f53fe000-7f27f53ff000 r--p 000e7000 08:03 1411099                    /usr/lib/x86_64-linux-gnu/libm.so.6
7f27f53ff000-7f27f5400000 rw-p 000e8000 08:03 1411099                    /usr/lib/x86_64-linux-gnu/libm.so.6
7f27f5400000-7f27f56a9000 r--p 00000000 fc:00 49676373                   /mydata/openjdk-mmtk/build/b0test/images/jdk/lib/server/libjvm.so
7f27f56a9000-7f27f653c000 r-xp 002a9000 fc:00 49676373                   /mydata/openjdk-mmtk/build/b0test/images/jdk/lib/server/libjvm.so
7f27f653c000-7f27f6820000 r--p 0113c000 fc:00 49676373                   /mydata/openjdk-mmtk/build/b0test/images/jdk/lib/server/libjvm.so
7f27f6820000-7f27f68f6000 r--p 0141f000 fc:00 49676373                   /mydata/openjdk-mmtk/build/b0test/images/jdk/lib/server/libjvm.so
7f27f68f6000-7f27f6926000 rw-p 014f5000 fc:00 49676373                   /mydata/openjdk-mmtk/build/b0test/images/jdk/lib/server/libjvm.so
7f27f6926000-7f27f698c000 rw-p 00000000 00:00 0 
7f27f698c000-7f27f6993000 r--s 00000000 08:03 1436340                    /usr/lib/x86_64-linux-gnu/gconv/gconv-modules.cache
7f27f6993000-7f27f699a000 r--p 00000000 fc:00 49676362                   /mydata/openjdk-mmtk/build/b0test/images/jdk/lib/libnio.so
7f27f699a000-7f27f69a3000 r-xp 00007000 fc:00 49676362                   /mydata/openjdk-mmtk/build/b0test/images/jdk/lib/libnio.so
7f27f69a3000-7f27f69a7000 r--p 00010000 fc:00 49676362                   /mydata/openjdk-mmtk/build/b0test/images/jdk/lib/libnio.so
7f27f69a7000-7f27f69a8000 r--p 00014000 fc:00 49676362                   /mydata/openjdk-mmtk/build/b0test/images/jdk/lib/libnio.so
7f27f69a8000-7f27f69a9000 rw-p 00015000 fc:00 49676362                   /mydata/openjdk-mmtk/build/b0test/images/jdk/lib/libnio.so
7f27f69a9000-7f27f69b1000 rw-p 00000000 00:00 0 
7f27f69b1000-7f27f69b9000 ---p 00000000 00:00 0 
7f27f69b9000-7f27f69c6000 r--p 00000000 fc:00 49676354                   /mydata/openjdk-mmtk/build/b0test/images/jdk/lib/libjava.so
7f27f69c6000-7f27f69d5000 r-xp 0000d000 fc:00 49676354                   /mydata/openjdk-mmtk/build/b0test/images/jdk/lib/libjava.so
7f27f69d5000-7f27f69da000 r--p 0001c000 fc:00 49676354                   /mydata/openjdk-mmtk/build/b0test/images/jdk/lib/libjava.so
7f27f69da000-7f27f69db000 r--p 00021000 fc:00 49676354                   /mydata/openjdk-mmtk/build/b0test/images/jdk/lib/libjava.so
7f27f69db000-7f27f69dc000 rw-p 00022000 fc:00 49676354                   /mydata/openjdk-mmtk/build/b0test/images/jdk/lib/libjava.so
7f27f69dc000-7f27f69dd000 rw-p 00000000 00:00 0 
7f27f69dd000-7f27f69e1000 r--p 00000000 fc:00 49676355                   /mydata/openjdk-mmtk/build/b0test/images/jdk/lib/libjimage.so
7f27f69e1000-7f27f69f8000 r-xp 00004000 fc:00 49676355                   /mydata/openjdk-mmtk/build/b0test/images/jdk/lib/libjimage.so
7f27f69f8000-7f27f69fd000 r--p 0001b000 fc:00 49676355                   /mydata/openjdk-mmtk/build/b0test/images/jdk/lib/libjimage.so
7f27f69fd000-7f27f69ff000 r--p 00020000 fc:00 49676355                   /mydata/openjdk-mmtk/build/b0test/images/jdk/lib/libjimage.so
7f27f69ff000-7f27f6a00000 rw-p 00022000 fc:00 49676355                   /mydata/openjdk-mmtk/build/b0test/images/jdk/lib/libjimage.so
7f27f6a00000-7f27f6a28000 r--p 00000000 08:03 1410238                    /usr/lib/x86_64-linux-gnu/libc.so.6
7f27f6a28000-7f27f6bb0000 r-xp 00028000 08:03 1410238                    /usr/lib/x86_64-linux-gnu/libc.so.6
7f27f6bb0000-7f27f6bff000 r--p 001b0000 08:03 1410238                    /usr/lib/x86_64-linux-gnu/libc.so.6
7f27f6bff000-7f27f6c03000 r--p 001fe000 08:03 1410238                    /usr/lib/x86_64-linux-gnu/libc.so.6
7f27f6c03000-7f27f6c05000 rw-p 00202000 08:03 1410238                    /usr/lib/x86_64-linux-gnu/libc.so.6
7f27f6c05000-7f27f6c12000 rw-p 00000000 00:00 0 
7f27f6c13000-7f27f6c15000 r--p 00000000 fc:00 49676365                   /mydata/openjdk-mmtk/build/b0test/images/jdk/lib/libzip.so
7f27f6c15000-7f27f6c1a000 r-xp 00002000 fc:00 49676365                   /mydata/openjdk-mmtk/build/b0test/images/jdk/lib/libzip.so
7f27f6c1a000-7f27f6c1c000 r--p 00007000 fc:00 49676365                   /mydata/openjdk-mmtk/build/b0test/images/jdk/lib/libzip.so
7f27f6c1c000-7f27f6c1d000 r--p 00008000 fc:00 49676365                   /mydata/openjdk-mmtk/build/b0test/images/jdk/lib/libzip.so
7f27f6c1d000-7f27f6c1e000 rw-p 00009000 fc:00 49676365                   /mydata/openjdk-mmtk/build/b0test/images/jdk/lib/libzip.so
7f27f6c1e000-7f27f6c26000 rw-s 00000000 08:03 237599                     /tmp/hsperfdata_root/315914
7f27f6c26000-7f27f6c2a000 r--p 00000000 08:03 1410148                    /usr/lib/x86_64-linux-gnu/libgcc_s.so.1
7f27f6c2a000-7f27f6c4e000 r-xp 00004000 08:03 1410148                    /usr/lib/x86_64-linux-gnu/libgcc_s.so.1
7f27f6c4e000-7f27f6c52000 r--p 00028000 08:03 1410148                    /usr/lib/x86_64-linux-gnu/libgcc_s.so.1
7f27f6c52000-7f27f6c53000 r--p 0002b000 08:03 1410148                    /usr/lib/x86_64-linux-gnu/libgcc_s.so.1
7f27f6c53000-7f27f6c54000 rw-p 0002c000 08:03 1410148                    /usr/lib/x86_64-linux-gnu/libgcc_s.so.1
7f27f6c54000-7f27f6c56000 rw-p 00000000 00:00 0 
7f27f6c56000-7f27f6c58000 r--p 00000000 08:03 1409104                    /usr/lib/x86_64-linux-gnu/libz.so.1.3
7f27f6c58000-7f27f6c6a000 r-xp 00002000 08:03 1409104                    /usr/lib/x86_64-linux-gnu/libz.so.1.3
7f27f6c6a000-7f27f6c70000 r--p 00014000 08:03 1409104                    /usr/lib/x86_64-linux-gnu/libz.so.1.3
7f27f6c70000-7f27f6c71000 r--p 0001a000 08:03 1409104                    /usr/lib/x86_64-linux-gnu/libz.so.1.3
7f27f6c71000-7f27f6c72000 rw-p 0001b000 08:03 1409104                    /usr/lib/x86_64-linux-gnu/libz.so.1.3
7f27f6c77000-7f27f6c78000 rw-s 00000000 00:10 68                         anon_inode:bpf-map
7f27f6c78000-7f27f6c79000 r--s 00000000 00:10 68                         anon_inode:bpf-map
7f27f6c79000-7f27f6c7a000 ---p 00000000 00:00 0 
7f27f6c7a000-7f27f6c7b000 r--p 00000000 00:00 0 
7f27f6c7b000-7f27f6c7c000 ---p 00000000 00:00 0 
7f27f6c7c000-7f27f6c7e000 r--p 00000000 fc:00 49676357                   /mydata/openjdk-mmtk/build/b0test/images/jdk/lib/libjli.so
7f27f6c7e000-7f27f6c88000 r-xp 00002000 fc:00 49676357                   /mydata/openjdk-mmtk/build/b0test/images/jdk/lib/libjli.so
7f27f6c88000-7f27f6c8b000 r--p 0000c000 fc:00 49676357                   /mydata/openjdk-mmtk/build/b0test/images/jdk/lib/libjli.so
7f27f6c8b000-7f27f6c8c000 r--p 0000f000 fc:00 49676357                   /mydata/openjdk-mmtk/build/b0test/images/jdk/lib/libjli.so
7f27f6c8c000-7f27f6c8d000 rw-p 00010000 fc:00 49676357                   /mydata/openjdk-mmtk/build/b0test/images/jdk/lib/libjli.so
7f27f6c8d000-7f27f6c8f000 rw-p 00000000 00:00 0 
7f27f6c8f000-7f27f6c93000 r--p 00000000 00:00 0                          [vvar]
7f27f6c93000-7f27f6c95000 r--p 00000000 00:00 0                          [vvar_vclock]
7f27f6c95000-7f27f6c97000 r-xp 00000000 00:00 0                          [vdso]
7f27f6c97000-7f27f6c98000 r--p 00000000 08:03 1409763                    /usr/lib/x86_64-linux-gnu/ld-linux-x86-64.so.2
7f27f6c98000-7f27f6cc3000 r-xp 00001000 08:03 1409763                    /usr/lib/x86_64-linux-gnu/ld-linux-x86-64.so.2
7f27f6cc3000-7f27f6ccd000 r--p 0002c000 08:03 1409763                    /usr/lib/x86_64-linux-gnu/ld-linux-x86-64.so.2
7f27f6ccd000-7f27f6ccf000 r--p 00036000 08:03 1409763                    /usr/lib/x86_64-linux-gnu/ld-linux-x86-64.so.2
7f27f6ccf000-7f27f6cd1000 rw-p 00038000 08:03 1409763                    /usr/lib/x86_64-linux-gnu/ld-linux-x86-64.so.2
7ffc99657000-7ffc99678000 rw-p 00000000 00:00 0                          [stack]
ffffffffff600000-ffffffffff601000 --xp 00000000 00:00 0                  [vsyscall]
Total number of mappings: 538

JVMTI agents: none


VM Arguments:
jvm_args: -XX:+UseThirdPartyHeap -Xms512m -Xmx512m 
java_command: /mydata/dacapo/dacapo-23.11/dacapo-23.11-MR2-chopin.jar xalan -n 3
java_class_path (initial): /mydata/dacapo/dacapo-23.11/dacapo-23.11-MR2-chopin.jar
Launcher Type: SUN_STANDARD

[Global flags]
     intx CICompilerCount                          = 15                                        {product} {ergonomic}
   size_t InitialHeapSize                          = 536870912                                 {product} {command line}
   size_t MaxHeapSize                              = 536870912                                 {product} {command line}
   size_t MinHeapDeltaBytes                        = 524288                                    {product} {ergonomic}
   size_t MinHeapSize                              = 536870912                                 {product} {command line}
    uintx NonNMethodCodeHeapSize                   = 8192380                                {pd product} {ergonomic}
    uintx NonProfiledCodeHeapSize                  = 121732930                              {pd product} {ergonomic}
    uintx ProfiledCodeHeapSize                     = 121732930                              {pd product} {ergonomic}
    uintx ReservedCodeCacheSize                    = 251658240                              {pd product} {ergonomic}
     bool SegmentedCodeCache                       = true                                      {product} {ergonomic}
   size_t SoftMaxHeapSize                          = 536870912                              {manageable} {ergonomic}
     bool UseCompressedOops                        = true                           {product lp64_product} {ergonomic}

Logging:
Log output configuration:
 #0: stdout all=warning uptime,level,tags foldmultilines=false
 #1: stderr all=off uptime,level,tags foldmultilines=false

Release file:
IMPLEMENTOR="N/A"
JAVA_RUNTIME_VERSION="21.0.9-internal-adhoc.talzuss.openjdk-mmtk"
JAVA_VERSION="21.0.9"
JAVA_VERSION_DATE="2025-10-21"
LIBC="gnu"
MODULES="java.base java.compiler java.datatransfer java.xml java.prefs java.desktop java.instrument java.logging java.management java.security.sasl java.naming java.rmi java.management.rmi java.net.http java.scripting java.security.jgss java.transaction.xa java.sql java.sql.rowset java.xml.crypto java.se java.smartcardio jdk.accessibility jdk.internal.jvmstat jdk.attach jdk.charsets jdk.internal.opt jdk.zipfs jdk.compiler jdk.crypto.ec jdk.crypto.cryptoki jdk.dynalink jdk.internal.ed jdk.editpad jdk.hotspot.agent jdk.httpserver jdk.incubator.vector jdk.internal.le jdk.internal.vm.ci jdk.internal.vm.compiler jdk.internal.vm.compiler.management jdk.jartool jdk.javadoc jdk.jcmd jdk.management jdk.management.agent jdk.jconsole jdk.jdeps jdk.jdwp.agent jdk.jdi jdk.jfr jdk.jlink jdk.jpackage jdk.jshell jdk.jsobject jdk.jstatd jdk.localedata jdk.management.jfr jdk.naming.dns jdk.naming.rmi jdk.net jdk.nio.mapmode jdk.random jdk.sctp jdk.security.auth jdk.security.jgss jdk.unsupported jdk.unsupported.desktop jdk.xml.dom"
OS_ARCH="x86_64"
OS_NAME="Linux"
SOURCE=".:git:b557520f04b3+"

Environment Variables:
PATH=/usr/local/sbin:/usr/local/bin:/usr/sbin:/usr/bin:/sbin:/bin:/snap/bin
SHELL=/bin/bash
LANG=en_US.UTF-8
TERM=tmux-256color

Active Locale:
LC_ALL=en_US.UTF-8
LC_COLLATE=en_US.UTF-8
LC_CTYPE=en_US.UTF-8
LC_MESSAGES=en_US.UTF-8
LC_MONETARY=en_US.UTF-8
LC_NUMERIC=en_US.UTF-8
LC_TIME=en_US.UTF-8

Signal Handlers:
   SIGSEGV: crash_handler in libjvm.so, mask=11100100010111111101111111111110, flags=SA_RESTART|SA_SIGINFO, unblocked
    SIGBUS: crash_handler in libjvm.so, mask=11100100010111111101111111111110, flags=SA_RESTART|SA_SIGINFO, unblocked
    SIGFPE: crash_handler in libjvm.so, mask=11100100010111111101111111111110, flags=SA_RESTART|SA_SIGINFO, unblocked
   SIGPIPE: javaSignalHandler in libjvm.so, mask=11100100010111111101111111111110, flags=SA_RESTART|SA_SIGINFO, blocked
   SIGXFSZ: javaSignalHandler in libjvm.so, mask=11100100010111111101111111111110, flags=SA_RESTART|SA_SIGINFO, blocked
    SIGILL: crash_handler in libjvm.so, mask=11100100010111111101111111111110, flags=SA_RESTART|SA_SIGINFO, unblocked
   SIGUSR2: SR_handler in libjvm.so, mask=00000000000000000000000000000000, flags=SA_RESTART|SA_SIGINFO, blocked
    SIGHUP: UserHandler in libjvm.so, mask=11100100010111111101111111111110, flags=SA_RESTART|SA_SIGINFO, blocked
    SIGINT: UserHandler in libjvm.so, mask=11100100010111111101111111111110, flags=SA_RESTART|SA_SIGINFO, blocked
   SIGTERM: UserHandler in libjvm.so, mask=11100100010111111101111111111110, flags=SA_RESTART|SA_SIGINFO, blocked
   SIGQUIT: UserHandler in libjvm.so, mask=11100100010111111101111111111110, flags=SA_RESTART|SA_SIGINFO, blocked
   SIGTRAP: crash_handler in libjvm.so, mask=11100100010111111101111111111110, flags=SA_RESTART|SA_SIGINFO, unblocked


Periodic native trim disabled

---------------  S Y S T E M  ---------------

OS:
DISTRIB_ID=Ubuntu
DISTRIB_RELEASE=24.04
DISTRIB_CODENAME=noble
DISTRIB_DESCRIPTION="Ubuntu 24.04.4 LTS"
uname: Linux 6.17.0-bpf-fault+ #1 SMP PREEMPT_DYNAMIC Mon Jul  6 16:43:12 MDT 2026 x86_64
OS uptime: 0 days 21:09 hours
libc: glibc 2.39 NPTL 2.39 
rlimit (soft/hard): STACK 8192k/infinity , CORE 0k/0k , NPROC 513205/513205 , NOFILE 1048576/1048576 , AS infinity/infinity , CPU infinity/infinity , DATA infinity/infinity , FSIZE infinity/infinity , MEMLOCK 16436528k/16436528k
load average: 7.30 4.43 2.27

/proc/meminfo:
MemTotal:       131492232 kB
MemFree:        74080824 kB
MemAvailable:   116359136 kB
Buffers:          517592 kB
Cached:         41091448 kB
SwapCached:            0 kB
Active:          3607360 kB
Inactive:       40799616 kB
Active(anon):    2814396 kB
Inactive(anon):        0 kB
Active(file):     792964 kB
Inactive(file): 40799616 kB
Unevictable:       41912 kB
Mlocked:           38840 kB
SwapTotal:       8388604 kB
SwapFree:        8388604 kB
Zswap:                 0 kB
Zswapped:              0 kB
Dirty:              4492 kB
Writeback:             0 kB
AnonPages:       2841376 kB
Mapped:          9730216 kB
Shmem:              5316 kB
KReclaimable:    1872100 kB
Slab:            2393612 kB
SReclaimable:    1872100 kB
SUnreclaim:       521512 kB
KernelStack:       11936 kB
PageTables:        57120 kB
SecPageTables:      8800 kB
NFS_Unstable:          0 kB
Bounce:                0 kB
WritebackTmp:          0 kB
CommitLimit:    74134720 kB
Committed_AS:   163363804 kB
VmallocTotal:   34359738367 kB
VmallocUsed:       37780 kB
VmallocChunk:          0 kB
Percpu:            48896 kB
HardwareCorrupted:     0 kB
AnonHugePages:         0 kB
ShmemHugePages:        0 kB
ShmemPmdMapped:        0 kB
FileHugePages:   2168832 kB
FilePmdMapped:         0 kB
Unaccepted:            0 kB
Balloon:               0 kB
HugePages_Total:       0
HugePages_Free:        0
HugePages_Rsvd:        0
HugePages_Surp:        0
Hugepagesize:       2048 kB
Hugetlb:               0 kB
DirectMap4k:      721728 kB
DirectMap2M:    25079808 kB
DirectMap1G:    108003328 kB

/sys/kernel/mm/transparent_hugepage/enabled: always madvise [never]
/sys/kernel/mm/transparent_hugepage/hpage_pmd_size: 2097152
/sys/kernel/mm/transparent_hugepage/defrag (defrag/compaction efforts parameter): always defer defer+madvise [madvise] never

Process Memory:
Virtual Size: 13620279536K (peak: 13620280224K)
Resident Set Size: 4163756K (peak: 4163756K) (anon: 990440K, file: 3173316K, shmem: 0K)
Swapped out: 0K
C-Heap outstanding allocations: 1389758K, retained: 37961K
glibc malloc tunables: (default)

/proc/sys/kernel/threads-max (system-wide limit on the number of threads): 1026411
/proc/sys/vm/max_map_count (maximum number of memory map areas a process may have): 1048576
/proc/sys/vm/swappiness (control to define how aggressively the kernel swaps out anonymous memory): 60
/proc/sys/kernel/pid_max (system-wide limit on number of process identifiers): 4194304

container information not found.
Steal ticks since vm start: 0
Steal ticks percentage since vm start:  0.000

CPU: total 32 (initial active 32) (32 cores per cpu, 2 threads per core) family 23 model 49 stepping 0 microcode 0x830107c, cx8, cmov, fxsr, ht, mmx, 3dnowpref, sse, sse2, sse3, ssse3, sse4a, sse4.1, sse4.2, popcnt, lzcnt, tsc, tscinvbit, avx, avx2, aes, clmul, bmi1, bmi2, adx, sha, fma, vzeroupper, clflush, clflushopt, rdtscp, rdpid, f16c
CPU Model and flags from /proc/cpuinfo:
model name	: AMD EPYC 7302P 16-Core Processor
flags		: fpu vme de pse tsc msr pae mce cx8 apic sep mtrr pge mca cmov pat pse36 clflush mmx fxsr sse sse2 ht syscall nx mmxext fxsr_opt pdpe1gb rdtscp lm constant_tsc rep_good nopl xtopology nonstop_tsc cpuid extd_apicid aperfmperf rapl pni pclmulqdq monitor ssse3 fma cx16 sse4_1 sse4_2 movbe popcnt aes xsave avx f16c rdrand lahf_lm cmp_legacy svm extapic cr8_legacy abm sse4a misalignsse 3dnowprefetch osvw ibs skinit wdt tce topoext perfctr_core perfctr_nb bpext perfctr_llc mwaitx cpb cat_l3 cdp_l3 hw_pstate ssbd mba ibrs ibpb stibp vmmcall fsgsbase bmi1 avx2 smep bmi2 cqm rdt_a rdseed adx smap clflushopt clwb sha_ni xsaveopt xsavec xgetbv1 xsaves cqm_llc cqm_occup_llc cqm_mbm_total cqm_mbm_local clzero irperf xsaveerptr rdpru wbnoinvd amd_ppin arat npt lbrv svm_lock nrip_save tsc_scale vmcb_clean flushbyasid decodeassists pausefilter pfthreshold avic v_vmsave_vmload vgif v_spec_ctrl umip rdpid overflow_recov succor smca sev sev_es

Online cpus: 0-31
Offline cpus: 
BIOS frequency limitation: <Not Available>
Frequency switch latency (ns): <Not Available>
Available cpu frequencies: <Not Available>
Current governor: <Not Available>
Core performance/turbo boost: <Not Available>

Memory: 4k page, physical 131492232k(116359136k free), swap 8388604k(8388604k free)
Page Sizes: 4k

vm_info: OpenJDK 64-Bit Server VM (21.0.9-internal-adhoc.talzuss.openjdk-mmtk) for linux-amd64 JRE (21.0.9-internal-adhoc.talzuss.openjdk-mmtk), built on 2026-07-06T23:13:08Z by "talzuss" with gcc 13.3.0
heap_info: MMTk OpenJDK 0.32.0 (a3bb9ef-dirty), using MMTk 0.32.0 (6afa497-dirty, BUILTIN_ENV_LOGGER, DEFAULT, EAGER_SWEEPING, VO_BIT)@

END.
