#
# A fatal error has been detected by the Java Runtime Environment:
#
#  SIGSEGV (0xb) at pc=0x00007271c12af217, pid=320216, tid=320234
#
# JRE version: OpenJDK Runtime Environment (21.0.9) (build 21.0.9-internal-adhoc.talzuss.openjdk-mmtk)
# Java VM: OpenJDK 64-Bit Server VM (21.0.9-internal-adhoc.talzuss.openjdk-mmtk, mixed mode, sharing, tiered, compressed oops, compressed class ptrs, third-party gc, linux-amd64)
# Problematic frame:
# C  [libmmtk_openjdk.so+0x2af217]  _$LT$mmtk..plan..concurrent..immix..gc_work..SatbFinalDrain$LT$VM$GT$$u20$as$u20$mmtk..scheduler..work..GCWork$LT$VM$GT$$GT$::do_work::h99199484dacfec84+0x477
#
# Core dump will be written. Default location: Core dumps may be processed with "/usr/share/apport/apport -p%p -s%s -c%c -d%d -P%P -u%u -g%g -F%F -- %E" (or dumping to /mydata/gc-bpf-fault/micro/core.320216)
#
# If you would like to submit a bug report, please visit:
#   https://bugreport.java.com/bugreport/crash.jsp
#

---------------  S U M M A R Y ------------

Command Line: -XX:+UseThirdPartyHeap -Xms512m -Xmx512m /mydata/dacapo/dacapo-23.11/dacapo-23.11-MR2-chopin.jar xalan -n 3

Host: AMD EPYC 7302P 16-Core Processor, 32 cores, 125G, Ubuntu 24.04.4 LTS
Time: Tue Jul  7 14:20:45 2026 MDT elapsed time: 3.124085 seconds (0d 0h 0m 3s)

---------------  T H R E A D  ---------------

Current thread (0x00007271bc5381b0):  NamedThread "MMTk Collector Thread" [id=320234, stack(0x000065c4cc7fb000,0x000065c4cc8fb000) (1024K)]

Stack: [0x000065c4cc7fb000,0x000065c4cc8fb000],  sp=0x000065c4cc8f9910,  free space=1018k
Native frames: (J=compiled Java code, j=interpreted, Vv=VM code, C=native code)
C  [libmmtk_openjdk.so+0x2af217]  _$LT$mmtk..plan..concurrent..immix..gc_work..SatbFinalDrain$LT$VM$GT$$u20$as$u20$mmtk..scheduler..work..GCWork$LT$VM$GT$$GT$::do_work::h99199484dacfec84+0x477

siginfo: si_signo: 11 (SIGSEGV), si_code: 1 (SEGV_MAPERR), si_addr: 0x000072732107bba8

Registers:
RAX=0x0000000058000000, RBX=0x0000000000000053, RCX=0x00007271c107bba8, RDX=0x000065c487000000
RSP=0x000065c4cc8f9910, RBP=0x00000000413afff8, RSI=0x00000000413afff8, RDI=0x000065c487000001
R8 =0x000065c4480008e0, R9 =0x0000000000000200, R10=0x000065c434000030, R11=0x00bf6fa611687056
R12=0x0000000000276200, R13=0x00007271c14018e8, R14=0x00000000413b0fc8, R15=0x0000000000276200
RIP=0x00007271c12af217, EFLAGS=0x0000000000010206, CSGSFS=0x002b000000000033, ERR=0x0000000000000004
  TRAPNO=0x000000000000000e

XMM[0]=0x0000000000000000 0x0000000000000000
XMM[1]=0x0000000000000000 0x000065c434000090
XMM[2]=0x00ff000000000000 0xffffff00ffffffff
XMM[3]=0x0000000000000000 0x0000000000000000
XMM[4]=0x0000000000000000 0x000065c434000090
XMM[5]=0x000000004005fc30 0x0000000040053678
XMM[6]=0x000000004009cf28 0x00000000400b7430
XMM[7]=0x000000004005f410 0x00000000403ffed8
XMM[8]=0x00000000312e3332 0x0000000031312e33
XMM[9]=0x0000000000000000 0x0000000000000000
XMM[10]=0x3f3f3f3f3f3f3f3f 0x3f3f3f3f3f3f3f3f
XMM[11]=0x9999999999999999 0x9999999999999999
XMM[12]=0x2020202020202020 0x2020202020202020
XMM[13]=0x0000000000000000 0x0000000000000000
XMM[14]=0x0000000000000000 0x0000000000000000
XMM[15]=0x0000000000000000 0x0000000000000000
  MXCSR=0x00001fa2


Register to memory mapping:

RAX=
[error occurred during error reporting (printing register info), id 0xe0000000, Internal Error (/mydata/mmtk-openjdk/openjdk/share/mmtkHeap.cpp:444)]
RBX=
[error occurred during error reporting (printing register info, attempt 2), id 0xe0000000, Internal Error (/mydata/mmtk-openjdk/openjdk/share/mmtkHeap.cpp:444)]
RCX=
[error occurred during error reporting (printing register info, attempt 3), id 0xe0000000, Internal Error (/mydata/mmtk-openjdk/openjdk/share/mmtkHeap.cpp:444)]
Top of Stack: (sp=0x000065c4cc8f9910)
0x000065c4cc8f9910:   00007271bc3dfa10 000065c48720b608
0x000065c4cc8f9920:   0000000040f67c70 0000000000010000
0x000065c4cc8f9930:   000065c434011f10 000000000000b982
0x000065c4cc8f9940:   0000000000000080 000065c4340093b0
0x000065c4cc8f9950:   0000000000000053 00007271c1401100
0x000065c4cc8f9960:   000065c4880cc958 00000000403c7f88
0x000065c4cc8f9970:   00002000013b0000 0000000000020000
0x000065c4cc8f9980:   000065c414012200 000065c460003c50
0x000065c4cc8f9990:   00007271bc52c5a0 0000000000000040
0x000065c4cc8f99a0:   00007271c14018e8 000065c4cc8f9a60
0x000065c4cc8f99b0:   000065c4cc8f9970 000065c4cc8f9a58
0x000065c4cc8f99c0:   000065c4cc8f9a50 000065c4cc8f9a2f
0x000065c4cc8f99d0:   000065c4cc8f9a38 000065c4cc8f9928
0x000065c4cc8f99e0:   0000000000000000 000065c4340093b0
0x000065c4cc8f99f0:   00007271bc52c5a0 00007271bc06d080
0x000065c4cc8f9a00:   00007271bc06d400 00007271bc52c440
0x000065c4cc8f9a10:   000065c4cc8f9a20 00007271c12ab413
0x000065c4cc8f9a20:   000065c4340093b0 0000000000000001
0x000065c4cc8f9a30:   000065c434009648 0000000000000400
0x000065c4cc8f9a40:   000065c43400e0d0 0000000000000274
0x000065c4cc8f9a50:   0000000040000000 00000000413b0000
0x000065c4cc8f9a60:   00000000000013b0 000065c4cc8f9978
0x000065c4cc8f9a70:   00007271c14018e8 00007271c1401100
0x000065c4cc8f9a80:   0000000000000080 000065c48720b360
0x000065c4cc8f9a90:   00007271bc06fb00 000065c4cc8f99f0
0x000065c4cc8f9aa0:   000065c43400f470 000065c43400ec98
0x000065c4cc8f9ab0:   00007271bc06ef00 00007271bc06ec00
0x000065c4cc8f9ac0:   00007271bc06e900 00007271bc06e600
0x000065c4cc8f9ad0:   00007271bc06e300 00007271bc06e000
0x000065c4cc8f9ae0:   00007271bc06dd00 00007271bc06da00
0x000065c4cc8f9af0:   00007271bc06d700 00007271c1401100
0x000065c4cc8f9b00:   00007271c13c3268 00007271c2cadd50 

Instructions: (pc=0x00007271c12af217)
0x00007271c12af117:   44 24 30 48 89 84 24 70 01 00 00 48 85 db 0f 84
0x00007271c12af127:   f5 0a 00 00 48 8b 84 24 d8 00 00 00 48 8d 0c d8
0x00007271c12af137:   48 89 8c 24 20 01 00 00 eb 36 66 66 66 66 66 66
0x00007271c12af147:   2e 0f 1f 84 00 00 00 00 00 48 8d 94 24 90 00 00
0x00007271c12af157:   00 e8 a3 17 fd ff 48 8b 84 24 10 01 00 00 48 83
0x00007271c12af167:   c0 08 48 3b 84 24 20 01 00 00 0f 84 a9 0a 00 00
0x00007271c12af177:   48 89 84 24 10 01 00 00 48 8b 30 4c 89 ac 24 90
0x00007271c12af187:   00 00 00 48 8d 84 24 50 01 00 00 48 89 84 24 98
0x00007271c12af197:   00 00 00 48 8d 44 24 60 48 89 84 24 a0 00 00 00
0x00007271c12af1a7:   48 8d 84 24 48 01 00 00 48 89 84 24 a8 00 00 00
0x00007271c12af1b7:   48 8d 84 24 40 01 00 00 48 89 84 24 b0 00 00 00
0x00007271c12af1c7:   48 8d 84 24 1f 01 00 00 48 89 84 24 b8 00 00 00
0x00007271c12af1d7:   48 8d 84 24 28 01 00 00 48 89 84 24 c0 00 00 00
0x00007271c12af1e7:   48 8d 44 24 18 48 89 84 24 c8 00 00 00 8b 46 08
0x00007271c12af1f7:   48 8b 15 9a 35 15 00 48 8b 0d 9b 35 15 00 48 d3
0x00007271c12af207:   e0 48 8d 3c 10 8b 44 10 0c 48 8d 0d 91 c9 dc ff
0x00007271c12af217:   48 63 04 81 48 01 c8 ff e0 48 89 74 24 10 48 89
0x00007271c12af227:   bc 24 78 01 00 00 48 63 87 28 01 00 00 48 85 c0
0x00007271c12af237:   0f 84 5e 07 00 00 48 8b 94 24 78 01 00 00 48 63
0x00007271c12af247:   8a ac 00 00 00 48 8d 0c ca 48 63 92 2c 01 00 00
0x00007271c12af257:   48 8d 34 d1 48 8d 1c d1 48 81 c3 d8 01 00 00 48
0x00007271c12af267:   8d 04 c6 48 05 d8 01 00 00 48 89 44 24 08 eb 18
0x00007271c12af277:   66 0f 1f 84 00 00 00 00 00 48 83 c3 08 48 3b 5c
0x00007271c12af287:   24 08 0f 84 0c 07 00 00 44 8b 63 04 4d 85 e4 74
0x00007271c12af297:   e8 4c 63 2b 4c 03 6c 24 10 45 31 ff eb 24 66 66
0x00007271c12af2a7:   2e 0f 1f 84 00 00 00 00 00 48 8b 44 24 20 4a 89
0x00007271c12af2b7:   2c f0 49 ff c6 4c 89 74 24 28 49 ff c7 4d 39 e7
0x00007271c12af2c7:   74 b7 4a 8d 34 bd 00 00 00 00 4c 01 ee 48 89 f0
0x00007271c12af2d7:   48 b9 ff ff ff ff ff ff ff 7f 48 21 c8 48 89 c1
0x00007271c12af2e7:   48 2b 0d 52 26 15 00 48 89 cf 48 c1 ef 0c 48 3b
0x00007271c12af2f7:   bc 24 50 01 00 00 75 31 48 8b 4c 24 60 48 8b 94
0x00007271c12af307:   24 48 01 00 00 48 29 d0 8b 2c 01 48 85 ed 74 aa 


Stack slot to memory mapping:

stack at sp + 0 slots: 
[error occurred during error reporting (inspecting top of stack), id 0xe0000000, Internal Error (/mydata/mmtk-openjdk/openjdk/share/mmtkHeap.cpp:444)]
stack at sp + 1 slots: 
[error occurred during error reporting (inspecting top of stack, attempt 2), id 0xe0000000, Internal Error (/mydata/mmtk-openjdk/openjdk/share/mmtkHeap.cpp:444)]
stack at sp + 2 slots: 
[error occurred during error reporting (inspecting top of stack, attempt 3), id 0xe0000000, Internal Error (/mydata/mmtk-openjdk/openjdk/share/mmtkHeap.cpp:444)]

---------------  P R O C E S S  ---------------

Threads class SMR info:
_java_thread_list=0x000065c34407e260, length=56, elements={
0x00007271bc02b240, 0x00007271bc526820, 0x00007271bc5280b0, 0x00007271bc529ba0,
0x00007271bc5483d0, 0x00007271bc549d20, 0x00007271bc54b5e0, 0x00007271bc54d420,
0x00007271bc556df0, 0x000065c40004d510, 0x000065c40004eb10, 0x00007271bc5a6290,
0x00007271bc5a9290, 0x000065c4000646c0, 0x000065c3fc0ab590, 0x000065c3f4025760,
0x00007271bc7ab240, 0x00007271bc7a0b30, 0x00007271bc7a1d20, 0x00007271bc7d9ef0,
0x00007271bc7db330, 0x00007271bc7dc700, 0x00007271bc7ddad0, 0x00007271bc7def70,
0x00007271bc7e04e0, 0x00007271bc7e18b0, 0x00007271bc7e2d60, 0x00007271bc7e42f0,
0x00007271bc7e5880, 0x00007271bc7e6d30, 0x00007271bc3e1190, 0x00007271bc3e20a0,
0x00007271bc3e3550, 0x00007271bc7a3830, 0x00007271bc7a4d90, 0x00007271bc7a6230,
0x00007271bc7a7800, 0x00007271bc7a8de0, 0x00007271bc7aa3c0, 0x00007271bc5c1db0,
0x00007271bc5c30a0, 0x00007271bc5c4540, 0x00007271bc5c5dd0, 0x00007271bc5c7660,
0x00007271bc5e1130, 0x00007271bc5e2320, 0x00007271bc5e3cd0, 0x00007271bc5e5560,
0x000065c3f80b8e80, 0x000065c3e4017240, 0x000065c3f812e970, 0x000065c3f81300c0,
0x000065c3f8131800, 0x000065c358017fa0, 0x000065c34407b820, 0x000065c34407cf90
}

Java Threads: ( => current thread )
  0x00007271bc02b240 JavaThread "main"                              [_thread_blocked, id=320217, stack(0x00007271c1500000,0x00007271c1600000) (1024K)]
  0x00007271bc526820 JavaThread "Reference Handler"          daemon [_thread_blocked, id=320222, stack(0x00007271c01fc000,0x00007271c02fc000) (1024K)]
  0x00007271bc5280b0 JavaThread "Finalizer"                  daemon [_thread_blocked, id=320223, stack(0x00007271c00fc000,0x00007271c01fc000) (1024K)]
  0x00007271bc529ba0 JavaThread "MMTk Finalizer Thread"      daemon [_thread_blocked, id=320224, stack(0x00007271846ff000,0x00007271847ff000) (1024K)]
  0x00007271bc5483d0 JavaThread "Signal Dispatcher"          daemon [_thread_blocked, id=320248, stack(0x000065c4868fa000,0x000065c4869fa000) (1024K)]
  0x00007271bc549d20 JavaThread "Service Thread"             daemon [_thread_blocked, id=320249, stack(0x000065c4867fa000,0x000065c4868fa000) (1024K)]
  0x00007271bc54b5e0 JavaThread "Monitor Deflation Thread"   daemon [_thread_blocked, id=320250, stack(0x000065c4866fa000,0x000065c4867fa000) (1024K)]
  0x00007271bc54d420 JavaThread "C2 CompilerThread0"         daemon [_thread_blocked, id=320251, stack(0x000065c4865fa000,0x000065c4866fa000) (1024K)]
  0x00007271bc556df0 JavaThread "C1 CompilerThread0"         daemon [_thread_blocked, id=320252, stack(0x000065c4864fa000,0x000065c4865fa000) (1024K)]
  0x000065c40004d510 JavaThread "C1 CompilerThread1"         daemon [_thread_blocked, id=320253, stack(0x000065c4863fa000,0x000065c4864fa000) (1024K)]
  0x000065c40004eb10 JavaThread "C1 CompilerThread2"         daemon [_thread_blocked, id=320254, stack(0x000065c4862fa000,0x000065c4863fa000) (1024K)]
  0x00007271bc5a6290 JavaThread "Notification Thread"        daemon [_thread_blocked, id=320255, stack(0x000065c4861fa000,0x000065c4862fa000) (1024K)]
  0x00007271bc5a9290 JavaThread "Common-Cleaner"             daemon [_thread_blocked, id=320256, stack(0x000065c4860fa000,0x000065c4861fa000) (1024K)]
  0x000065c4000646c0 JavaThread "C2 CompilerThread1"         daemon [_thread_blocked, id=320257, stack(0x000065c485ffa000,0x000065c4860fa000) (1024K)]
  0x000065c3fc0ab590 JavaThread "C2 CompilerThread2"         daemon [_thread_blocked, id=320258, stack(0x000065c485efa000,0x000065c485ffa000) (1024K)]
  0x000065c3f4025760 JavaThread "C2 CompilerThread3"         daemon [_thread_in_native, id=320259, stack(0x000065c485dfa000,0x000065c485efa000) (1024K)]
  0x00007271bc7ab240 JavaThread "Thread-0"                          [_thread_blocked, id=320260, stack(0x000065c485cfa000,0x000065c485dfa000) (1024K)]
  0x00007271bc7a0b30 JavaThread "Thread-1"                          [_thread_blocked, id=320261, stack(0x000065c485bfa000,0x000065c485cfa000) (1024K)]
  0x00007271bc7a1d20 JavaThread "Thread-2"                          [_thread_blocked, id=320262, stack(0x000065c485afa000,0x000065c485bfa000) (1024K)]
  0x00007271bc7d9ef0 JavaThread "Thread-3"                          [_thread_blocked, id=320263, stack(0x000065c4859fa000,0x000065c485afa000) (1024K)]
  0x00007271bc7db330 JavaThread "Thread-4"                          [_thread_blocked, id=320264, stack(0x000065c4858fa000,0x000065c4859fa000) (1024K)]
  0x00007271bc7dc700 JavaThread "Thread-5"                          [_thread_blocked, id=320265, stack(0x000065c4857fa000,0x000065c4858fa000) (1024K)]
  0x00007271bc7ddad0 JavaThread "Thread-6"                          [_thread_blocked, id=320266, stack(0x000065c4856fa000,0x000065c4857fa000) (1024K)]
  0x00007271bc7def70 JavaThread "Thread-7"                          [_thread_blocked, id=320267, stack(0x000065c4855fa000,0x000065c4856fa000) (1024K)]
  0x00007271bc7e04e0 JavaThread "Thread-8"                          [_thread_blocked, id=320268, stack(0x000065c4854fa000,0x000065c4855fa000) (1024K)]
  0x00007271bc7e18b0 JavaThread "Thread-9"                          [_thread_blocked, id=320269, stack(0x000065c4853fa000,0x000065c4854fa000) (1024K)]
  0x00007271bc7e2d60 JavaThread "Thread-10"                         [_thread_blocked, id=320270, stack(0x000065c4852fa000,0x000065c4853fa000) (1024K)]
  0x00007271bc7e42f0 JavaThread "Thread-11"                         [_thread_blocked, id=320271, stack(0x000065c4851fa000,0x000065c4852fa000) (1024K)]
  0x00007271bc7e5880 JavaThread "Thread-12"                         [_thread_blocked, id=320272, stack(0x000065c4850fa000,0x000065c4851fa000) (1024K)]
  0x00007271bc7e6d30 JavaThread "Thread-13"                         [_thread_blocked, id=320273, stack(0x000065c484ffa000,0x000065c4850fa000) (1024K)]
  0x00007271bc3e1190 JavaThread "Thread-14"                         [_thread_blocked, id=320274, stack(0x000065c484efa000,0x000065c484ffa000) (1024K)]
  0x00007271bc3e20a0 JavaThread "Thread-15"                         [_thread_blocked, id=320275, stack(0x000065c484dfa000,0x000065c484efa000) (1024K)]
  0x00007271bc3e3550 JavaThread "Thread-16"                         [_thread_blocked, id=320276, stack(0x000065c484cfa000,0x000065c484dfa000) (1024K)]
  0x00007271bc7a3830 JavaThread "Thread-17"                         [_thread_blocked, id=320277, stack(0x000065c484bfa000,0x000065c484cfa000) (1024K)]
  0x00007271bc7a4d90 JavaThread "Thread-18"                         [_thread_blocked, id=320278, stack(0x000065c484afa000,0x000065c484bfa000) (1024K)]
  0x00007271bc7a6230 JavaThread "Thread-19"                         [_thread_blocked, id=320279, stack(0x000065c4849fa000,0x000065c484afa000) (1024K)]
  0x00007271bc7a7800 JavaThread "Thread-20"                         [_thread_blocked, id=320280, stack(0x000065c4848fa000,0x000065c4849fa000) (1024K)]
  0x00007271bc7a8de0 JavaThread "Thread-21"                         [_thread_blocked, id=320281, stack(0x000065c4847fa000,0x000065c4848fa000) (1024K)]
  0x00007271bc7aa3c0 JavaThread "Thread-22"                         [_thread_blocked, id=320282, stack(0x000065c4846fa000,0x000065c4847fa000) (1024K)]
  0x00007271bc5c1db0 JavaThread "Thread-23"                         [_thread_blocked, id=320283, stack(0x000065c4845fa000,0x000065c4846fa000) (1024K)]
  0x00007271bc5c30a0 JavaThread "Thread-24"                         [_thread_blocked, id=320284, stack(0x000065c4844fa000,0x000065c4845fa000) (1024K)]
  0x00007271bc5c4540 JavaThread "Thread-25"                         [_thread_blocked, id=320285, stack(0x000065c4843fa000,0x000065c4844fa000) (1024K)]
  0x00007271bc5c5dd0 JavaThread "Thread-26"                         [_thread_blocked, id=320286, stack(0x000065c4842fa000,0x000065c4843fa000) (1024K)]
  0x00007271bc5c7660 JavaThread "Thread-27"                         [_thread_blocked, id=320287, stack(0x000065c4841fa000,0x000065c4842fa000) (1024K)]
  0x00007271bc5e1130 JavaThread "Thread-28"                         [_thread_blocked, id=320288, stack(0x000065c4840fa000,0x000065c4841fa000) (1024K)]
  0x00007271bc5e2320 JavaThread "Thread-29"                         [_thread_blocked, id=320289, stack(0x000065c36bf00000,0x000065c36c000000) (1024K)]
  0x00007271bc5e3cd0 JavaThread "Thread-30"                         [_thread_blocked, id=320290, stack(0x000065c36be00000,0x000065c36bf00000) (1024K)]
  0x00007271bc5e5560 JavaThread "Thread-31"                         [_thread_blocked, id=320291, stack(0x000065c36bd00000,0x000065c36be00000) (1024K)]
  0x000065c3f80b8e80 JavaThread "C2 CompilerThread4"         daemon [_thread_blocked, id=320292, stack(0x000065c36bc00000,0x000065c36bd00000) (1024K)]
  0x000065c3e4017240 JavaThread "C2 CompilerThread5"         daemon [_thread_blocked, id=320293, stack(0x000065c36bb00000,0x000065c36bc00000) (1024K)]
  0x000065c3f812e970 JavaThread "C2 CompilerThread6"         daemon [_thread_blocked, id=320294, stack(0x000065c36ba00000,0x000065c36bb00000) (1024K)]
  0x000065c3f81300c0 JavaThread "C1 CompilerThread3"         daemon [_thread_blocked, id=320295, stack(0x000065c36b900000,0x000065c36ba00000) (1024K)]
  0x000065c3f8131800 JavaThread "C1 CompilerThread4"         daemon [_thread_blocked, id=320296, stack(0x000065c36b800000,0x000065c36b900000) (1024K)]
  0x000065c358017fa0 JavaThread "C2 CompilerThread7"         daemon [_thread_blocked, id=320297, stack(0x000065c36b700000,0x000065c36b800000) (1024K)]
  0x000065c34407b820 JavaThread "C2 CompilerThread8"         daemon [_thread_blocked, id=320298, stack(0x000065c36b600000,0x000065c36b700000) (1024K)]
  0x000065c34407cf90 JavaThread "C2 CompilerThread9"         daemon [_thread_in_native, id=320299, stack(0x000065c36b500000,0x000065c36b600000) (1024K)]
Total: 56

Other Threads:
  0x00007271bc51b380 VMThread "VM Thread"                           [id=320221, stack(0x00007271c02fd000,0x00007271c03fd000) (1024K)]
  0x00007271bc508fb0 WatcherThread "VM Periodic Task Thread"        [id=320220, stack(0x00007271c03fe000,0x00007271c04fe000) (1024K)]

=>0x00007271bc5381b0 (exited) NamedThread "MMTk Collector Thread"   [id=320234, stack(0x000065c4cc7fb000,0x000065c4cc8fb000) (1024K)]
Total: 3

Threads with active compile tasks:
C2 CompilerThread0  3127 2812       4       java.io.StringWriter::write (25 bytes)
C2 CompilerThread1  3127 2814   !   4       org.apache.xml.serializer.ToTextStream::characters (65 bytes)
C2 CompilerThread2  3127 2813       4       org.apache.xml.dtm.ref.sax2dtm.SAX2DTM::_dataOrQName (48 bytes)
C2 CompilerThread3  3127 2727   !   4       org.apache.xalan.templates.ElemLiteralResult::execute (312 bytes)
C2 CompilerThread4  3127 2771       4       org.apache.xpath.axes.AxesWalker::setRoot (78 bytes)
C2 CompilerThread5  3127 2886   !   4       org.apache.xerces.impl.XMLDocumentFragmentScannerImpl$FragmentContentDispatcher::dispatch (1118 bytes)
C2 CompilerThread6  3127 2819   !   4       org.apache.xpath.objects.XNodeSet::iter (27 bytes)
C2 CompilerThread7  3127 2892       4       org.apache.xerces.impl.XMLScanner::scanAttributeValue (995 bytes)
C2 CompilerThread8  3127 2849       4       org.apache.xalan.templates.ElemNumber::getCountMatchPattern (318 bytes)
C2 CompilerThread9  3127 2282   !   4       org.apache.xalan.templates.ElemApplyTemplates::transformSelectedNodes (979 bytes)
Total: 10

VM state: at safepoint (normal execution)

VM Mutex/Monitor currently owned by a thread:  ([mutex/lock_event])
[0x00007271c2b580d0] Threads_lock - owner thread: 0x00007271bc51b380
[0x00007271c2b57fd0] Heap_lock - owner thread: 0x00007271bc3e47f0

Heap address: 0x0000000040000000, size: 3072 MB, Compressed Oops mode: 32-bit

CDS archive(s) mapped at: [0x000065c487000000-0x000065c487ca3000-0x000065c487ca3000), size 13250560, SharedBaseAddress: 0x000065c487000000, ArchiveRelocationMode: 1.
Compressed class space mapped at: 0x000065c488000000-0x000065c4c8000000, reserved size: 1073741824
Narrow klass base: 0x000065c487000000, Narrow klass shift: 0, Narrow klass range: 0x100000000

GC Precious Log:
<Empty>

Heap:

[error occurred during error reporting (printing heap information), id 0xe0000000, Internal Error (/mydata/mmtk-openjdk/openjdk/share/mmtkHeap.cpp:424)]
Metaspace:

Usage:
  Non-class:      7.00 MB used.
      Class:    965.52 KB used.
       Both:      7.95 MB used.

Virtual space:
  Non-class space:       64.00 MB reserved,       7.12 MB ( 11%) committed,  1 nodes.
      Class space:        1.00 GB reserved,       1.06 MB ( <1%) committed,  1 nodes.
             Both:        1.06 GB reserved,       8.19 MB ( <1%) committed. 

Chunk freelists:
   Non-Class:  7.38 MB
       Class:  14.99 MB
        Both:  22.37 MB

MaxMetaspaceSize: unlimited
CompressedClassSpaceSize: 1.00 GB
Initial GC threshold: 21.00 MB
Current GC threshold: 21.00 MB
CDS: on
 - commit_granule_bytes: 65536.
 - commit_granule_words: 8192.
 - virtual_space_node_default_size: 8388608.
 - enlarge_chunks_in_place: 1.
 - use_allocation_guard: 0.


Internal statistics:

num_allocs_failed_limit: 0.
num_arena_births: 122.
num_arena_deaths: 0.
num_vsnodes_births: 2.
num_vsnodes_deaths: 0.
num_space_committed: 131.
num_space_uncommitted: 0.
num_chunks_returned_to_freelist: 0.
num_chunks_taken_from_freelist: 367.
num_chunk_merges: 0.
num_chunk_splits: 257.
num_chunks_enlarged: 202.
num_inconsistent_stats: 0.

CodeHeap 'non-profiled nmethods': size=118880Kb used=1634Kb max_used=1634Kb free=117245Kb
 bounds [0x00007271ac3e8000, 0x00007271ac658000, 0x00007271b3800000]
CodeHeap 'profiled nmethods': size=118876Kb used=6630Kb max_used=6630Kb free=112245Kb
 bounds [0x00007271a4800000, 0x00007271a4e80000, 0x00007271abc17000]
CodeHeap 'non-nmethods': size=8004Kb used=3529Kb max_used=3614Kb free=4474Kb
 bounds [0x00007271abc17000, 0x00007271abfb7000, 0x00007271ac3e8000]
CodeCache: size=245760Kb, used=11793Kb, max_used=11878Kb, free=233964Kb
 total_blobs=3393, nmethods=2911, adapters=381, full_count=0
Compilation: enabled, stopped_count=0, restarted_count=0

Compilation events (20 events):
Event: 3.096 Thread 0x000065c3f81300c0 nmethod 2943 0x00007271a4e70e90 code [0x00007271a4e71640, 0x00007271a4e76370]
Event: 3.097 Thread 0x000065c40004eb10 nmethod 2949 0x00007271a4e78d90 code [0x00007271a4e78f40, 0x00007271a4e79178]
Event: 3.097 Thread 0x000065c3f812e970 nmethod 2875 0x00007271ac57b590 code [0x00007271ac57b880, 0x00007271ac57cfc8]
Event: 3.097 Thread 0x000065c3f812e970 2950       4       org.apache.xpath.axes.WalkingIterator::detach (39 bytes)
Event: 3.099 Thread 0x000065c3f812e970 nmethod 2950 0x00007271ac57db10 code [0x00007271ac57dca0, 0x00007271ac57de20]
Event: 3.099 Thread 0x000065c3f812e970 2714       4       java.lang.StringUTF16::compress (20 bytes)
Event: 3.117 Thread 0x000065c3fc0ab590 nmethod 2779 0x00007271ac57df90 code [0x00007271ac57e140, 0x00007271ac57e678]
Event: 3.118 Thread 0x000065c34407b820 nmethod 2699 0x00007271ac57e910 code [0x00007271ac57eaa0, 0x00007271ac57ee38]
Event: 3.118 Thread 0x000065c34407b820 2696       4       java.lang.String::<init> (14 bytes)
Event: 3.118 Thread 0x00007271bc54d420 nmethod 2891 0x00007271ac57ef90 code [0x00007271ac57f140, 0x00007271ac57f620]
Event: 3.118 Thread 0x00007271bc54d420 2812       4       java.io.StringWriter::write (25 bytes)
Event: 3.119 Thread 0x000065c40004d510 2953       3       org.apache.xerces.impl.XMLEntityManager$CharacterBufferPool::returnToPool (73 bytes)
Event: 3.119 Thread 0x000065c40004d510 nmethod 2953 0x00007271a4e79290 code [0x00007271a4e79460, 0x00007271a4e799a8]
Event: 3.119 Thread 0x000065c3f812e970 nmethod 2714 0x00007271ac57f890 code [0x00007271ac57fa20, 0x00007271ac57fcb8]
Event: 3.120 Thread 0x000065c4000646c0 nmethod 2948 0x00007271ac57fd90 code [0x00007271ac57ff20, 0x00007271ac5800e0]
Event: 3.120 Thread 0x000065c4000646c0 2814   !   4       org.apache.xml.serializer.ToTextStream::characters (65 bytes)
Event: 3.120 Thread 0x000065c3fc0ab590 2813       4       org.apache.xml.dtm.ref.sax2dtm.SAX2DTM::_dataOrQName (48 bytes)
Event: 3.120 Thread 0x000065c3f812e970 2819   !   4       org.apache.xpath.objects.XNodeSet::iter (27 bytes)
Event: 3.120 Thread 0x000065c34407b820 nmethod 2696 0x00007271ac580210 code [0x00007271ac5803c0, 0x00007271ac580820]
Event: 3.120 Thread 0x000065c34407b820 2849       4       org.apache.xalan.templates.ElemNumber::getCountMatchPattern (318 bytes)

GC Heap History (0 events):
No events

Dll operation events (7 events):
Event: 0.001 Loaded shared library /mydata/openjdk-mmtk/build/b0test/images/jdk/lib/libjava.so
Event: 2.201 Loaded shared library /mydata/openjdk-mmtk/build/b0test/images/jdk/lib/libjsvml.so
Event: 2.214 Loaded shared library /mydata/openjdk-mmtk/build/b0test/images/jdk/lib/libnio.so
Event: 2.218 Loaded shared library /mydata/openjdk-mmtk/build/b0test/images/jdk/lib/libzip.so
Event: 2.231 Loaded shared library /mydata/openjdk-mmtk/build/b0test/images/jdk/lib/libjimage.so
Event: 2.259 Loaded shared library /mydata/openjdk-mmtk/build/b0test/images/jdk/lib/libnet.so
Event: 2.366 Loaded shared library /mydata/openjdk-mmtk/build/b0test/images/jdk/lib/libverify.so

Deoptimization events (20 events):
Event: 3.080 Thread 0x00007271bc7ab240 Uncommon trap: trap_request=0xffffffde fr.pc=0x00007271ac48ff20 relative=0x0000000000000b20
Event: 3.080 Thread 0x00007271bc7ab240 Uncommon trap: reason=class_check action=maybe_recompile pc=0x00007271ac48ff20 method=java.io.Writer.write(Ljava/lang/String;)V @ 7 c2
Event: 3.080 Thread 0x00007271bc7ab240 DEOPT PACKING pc=0x00007271ac48ff20 sp=0x000065c485df87e0
Event: 3.080 Thread 0x00007271bc7ab240 DEOPT UNPACKING pc=0x00007271abc6a899 sp=0x000065c485df87c8 mode 2
Event: 3.080 Thread 0x00007271bc7ab240 Uncommon trap: trap_request=0xffffffde fr.pc=0x00007271ac479b9c relative=0x000000000000089c
Event: 3.080 Thread 0x00007271bc7ab240 Uncommon trap: reason=class_check action=maybe_recompile pc=0x00007271ac479b9c method=java.nio.charset.CharsetEncoder.encode(Ljava/nio/CharBuffer;Ljava/nio/ByteBuffer;Z)Ljava/nio/charset/CoderResult; @ 57 c2
Event: 3.080 Thread 0x00007271bc7ab240 DEOPT PACKING pc=0x00007271ac479b9c sp=0x000065c485df86c0
Event: 3.080 Thread 0x00007271bc7ab240 DEOPT UNPACKING pc=0x00007271abc6a899 sp=0x000065c485df8478 mode 2
Event: 3.080 Thread 0x00007271bc7ab240 Uncommon trap: trap_request=0xffffffde fr.pc=0x00007271ac4f0b38 relative=0x00000000000001b8
Event: 3.080 Thread 0x00007271bc7ab240 Uncommon trap: reason=class_check action=maybe_recompile pc=0x00007271ac4f0b38 method=sun.nio.cs.StreamEncoder.writeBytes()V @ 127 c2
Event: 3.080 Thread 0x00007271bc7ab240 DEOPT PACKING pc=0x00007271ac4f0b38 sp=0x000065c485df86a0
Event: 3.080 Thread 0x00007271bc7ab240 DEOPT UNPACKING pc=0x00007271abc6a899 sp=0x000065c485df8630 mode 2
Event: 3.081 Thread 0x00007271bc5c7660 DEOPT PACKING pc=0x00007271a4d3d1b9 sp=0x000065c4842f7680
Event: 3.081 Thread 0x00007271bc5c7660 DEOPT UNPACKING pc=0x00007271abc6b02f sp=0x000065c4842f6ac8 mode 0
Event: 3.082 Thread 0x00007271bc5e1130 DEOPT PACKING pc=0x00007271a4cf7b2c sp=0x000065c4841f82a0
Event: 3.082 Thread 0x00007271bc5e1130 DEOPT UNPACKING pc=0x00007271abc6b02f sp=0x000065c4841f77f8 mode 0
Event: 3.084 Thread 0x00007271bc7ab240 DEOPT PACKING pc=0x00007271a4ca903d sp=0x000065c485df8100
Event: 3.084 Thread 0x00007271bc7ab240 DEOPT UNPACKING pc=0x00007271abc6b02f sp=0x000065c485df75f8 mode 0
Event: 3.085 Thread 0x00007271bc7d9ef0 DEOPT PACKING pc=0x00007271a4cf7b2c sp=0x000065c485af82a0
Event: 3.085 Thread 0x00007271bc7d9ef0 DEOPT UNPACKING pc=0x00007271abc6b02f sp=0x000065c485af77f8 mode 0

Classes loaded (20 events):
Event: 2.641 Loading class java/util/ResourceBundle$KeyElementReference
Event: 2.641 Loading class java/util/ResourceBundle$CacheKeyReference
Event: 2.641 Loading class java/util/ResourceBundle$CacheKeyReference done
Event: 2.641 Loading class java/util/ResourceBundle$KeyElementReference done
Event: 2.641 Loading class java/util/ResourceBundle$Control$2
Event: 2.641 Loading class java/util/ResourceBundle$Control$2 done
Event: 2.642 Loading class sun/util/PropertyResourceBundleCharset
Event: 2.642 Loading class sun/util/PropertyResourceBundleCharset done
Event: 2.642 Loading class sun/util/PropertyResourceBundleCharset$PropertiesFileDecoder
Event: 2.642 Loading class sun/util/PropertyResourceBundleCharset$PropertiesFileDecoder done
Event: 2.643 Loading class java/util/ResourceBundle$BundleReference
Event: 2.643 Loading class java/util/ResourceBundle$BundleReference done
Event: 2.643 Loading class sun/util/ResourceBundleEnumeration
Event: 2.643 Loading class sun/util/ResourceBundleEnumeration done
Event: 2.650 Loading class sun/nio/cs/ISO_8859_1$Encoder
Event: 2.650 Loading class sun/nio/cs/ISO_8859_1$Encoder done
Event: 2.684 Loading class java/util/ResourceBundle$Control$1
Event: 2.684 Loading class java/util/ResourceBundle$Control$1 done
Event: 2.703 Loading class java/lang/foreign/MemorySegment
Event: 2.704 Loading class java/lang/foreign/MemorySegment done

Classes unloaded (0 events):
No events

Classes redefined (0 events):
No events

Internal exceptions (13 events):
Event: 2.225 Thread 0x00007271bc02b240 Exception <a 'java/lang/NoSuchMethodError'{0x0000000040334090}: 'java.lang.Object java.lang.invoke.DirectMethodHandle$Holder.newInvokeSpecial(java.lang.Object, int, java.lang.Object)'> (0x0000000040334090) 
thrown [src/hotspot/share/interpreter/linkResolver.cpp, line 772]
Event: 2.234 Thread 0x00007271bc02b240 Exception <a 'java/lang/NoSuchMethodError'{0x00000000402f9e28}: 'void java.lang.invoke.DirectMethodHandle$Holder.invokeStatic(java.lang.Object, java.lang.Object)'> (0x00000000402f9e28) 
thrown [src/hotspot/share/interpreter/linkResolver.cpp, line 772]
Event: 2.235 Thread 0x00007271bc02b240 Exception <a 'java/lang/NoSuchMethodError'{0x00000000402fd820}: 'void java.lang.invoke.DirectMethodHandle$Holder.invokeSpecial(java.lang.Object, java.lang.Object, java.lang.Object)'> (0x00000000402fd820) 
thrown [src/hotspot/share/interpreter/linkResolver.cpp, line 772]
Event: 2.280 Thread 0x00007271bc02b240 Exception <a 'java/lang/NoSuchMethodError'{0x00000000401be078}: 'void java.lang.invoke.DirectMethodHandle$Holder.invokeVirtual(java.lang.Object, java.lang.Object)'> (0x00000000401be078) 
thrown [src/hotspot/share/interpreter/linkResolver.cpp, line 772]
Event: 2.289 Thread 0x00007271bc02b240 Exception <a 'java/io/FileNotFoundException'{0x000000004019fc60}> (0x000000004019fc60) 
thrown [src/hotspot/share/prims/jni.cpp, line 520]
Event: 2.300 Thread 0x00007271bc02b240 Exception <a 'java/lang/NoSuchMethodError'{0x0000000040137c70}: 'java.lang.Object java.lang.invoke.Invokers$Holder.invokeExact_MT(java.lang.Object, java.lang.Object, java.lang.Object, java.lang.Object, java.lang.Object)'> (0x0000000040137c70) 
thrown [src/hotspot/share/interpreter/linkResolver.cpp, line 772]
Event: 2.495 Thread 0x00007271bc02b240 Exception <a 'java/lang/NoSuchMethodError'{0x0000000040ec0e98}: 'void java.lang.invoke.DirectMethodHandle$Holder.invokeVirtual(java.lang.Object, java.lang.Object, int)'> (0x0000000040ec0e98) 
thrown [src/hotspot/share/interpreter/linkResolver.cpp, line 772]
Event: 2.495 Thread 0x00007271bc02b240 Exception <a 'java/lang/NoSuchMethodError'{0x0000000040ec55c0}: 'int java.lang.invoke.DirectMethodHandle$Holder.invokeSpecial(java.lang.Object, java.lang.Object, java.lang.Object, int)'> (0x0000000040ec55c0) 
thrown [src/hotspot/share/interpreter/linkResolver.cpp, line 772]
Event: 2.497 Thread 0x00007271bc02b240 Exception <a 'java/lang/NoSuchMethodError'{0x0000000040ea8390}: 'java.lang.Object java.lang.invoke.DirectMethodHandle$Holder.invokeStatic(java.lang.Object, java.lang.Object, java.lang.Object, java.lang.Object, int)'> (0x0000000040ea8390) 
thrown [src/hotspot/share/interpreter/linkResolver.cpp, line 772]
Event: 2.498 Thread 0x00007271bc02b240 Exception <a 'java/lang/NoSuchMethodError'{0x0000000040ea3598}: 'void java.lang.invoke.DelegatingMethodHandle$Holder.reinvoke_L(java.lang.Object, java.lang.Object, int)'> (0x0000000040ea3598) 
thrown [src/hotspot/share/interpreter/linkResolver.cpp, line 772]
Event: 2.499 Thread 0x00007271bc02b240 Exception <a 'java/lang/NoSuchMethodError'{0x0000000040e9a2e0}: 'int java.lang.invoke.DirectMethodHandle$Holder.invokeSpecial(java.lang.Object, java.lang.Object, java.lang.Object)'> (0x0000000040e9a2e0) 
thrown [src/hotspot/share/interpreter/linkResolver.cpp, line 772]
Event: 2.570 Thread 0x00007271bc02b240 Exception <a 'java/lang/NoSuchMethodError'{0x00000000413ce268}: 'void java.lang.invoke.DelegatingMethodHandle$Holder.reinvoke_L(java.lang.Object, java.lang.Object, int, int)'> (0x00000000413ce268) 
thrown [src/hotspot/share/interpreter/linkResolver.cpp, line 772]
Event: 2.639 Thread 0x00007271bc5c30a0 Exception <a 'java/lang/NoSuchMethodError'{0x00000000408f28c0}: 'java.lang.Object java.lang.invoke.DirectMethodHandle$Holder.invokeInterface(java.lang.Object, java.lang.Object)'> (0x00000000408f28c0) 
thrown [src/hotspot/share/interpreter/linkResolver.cpp, line 772]

ZGC Phase Switch (0 events):
No events

VM Operations (20 events):
Event: 2.599 Executing VM operation: ThirdPartyHeapOperation done
Event: 2.601 Executing VM operation: ThirdPartyHeapOperation
Event: 2.605 Executing VM operation: ThirdPartyHeapOperation done
Event: 2.617 Executing VM operation: HandshakeAllThreads (Deoptimize)
Event: 2.617 Executing VM operation: HandshakeAllThreads (Deoptimize) done
Event: 2.636 Executing VM operation: HandshakeAllThreads (Deoptimize)
Event: 2.636 Executing VM operation: HandshakeAllThreads (Deoptimize) done
Event: 2.688 Executing VM operation: HandshakeAllThreads (Deoptimize)
Event: 2.693 Executing VM operation: HandshakeAllThreads (Deoptimize) done
Event: 2.725 Executing VM operation: ICBufferFull
Event: 2.726 Executing VM operation: ICBufferFull done
Event: 2.730 Executing VM operation: ICBufferFull
Event: 2.731 Executing VM operation: ICBufferFull done
Event: 2.816 Executing VM operation: ICBufferFull
Event: 2.817 Executing VM operation: ICBufferFull done
Event: 3.063 Executing VM operation: ICBufferFull
Event: 3.069 Executing VM operation: ICBufferFull done
Event: 3.099 Executing VM operation: ThirdPartyHeapOperation
Event: 3.117 Executing VM operation: ThirdPartyHeapOperation done
Event: 3.120 Executing VM operation: ThirdPartyHeapOperation

Memory protections (20 events):
Event: 2.606 Protecting memory [0x000065c4848fa000,0x000065c4848fe000] with protection modes 0
Event: 2.606 Protecting memory [0x000065c4847fa000,0x000065c4847fe000] with protection modes 0
Event: 2.606 Protecting memory [0x000065c4846fa000,0x000065c4846fe000] with protection modes 0
Event: 2.606 Protecting memory [0x000065c4845fa000,0x000065c4845fe000] with protection modes 0
Event: 2.606 Protecting memory [0x000065c4844fa000,0x000065c4844fe000] with protection modes 0
Event: 2.606 Protecting memory [0x000065c4843fa000,0x000065c4843fe000] with protection modes 0
Event: 2.607 Protecting memory [0x000065c4842fa000,0x000065c4842fe000] with protection modes 0
Event: 2.607 Protecting memory [0x000065c4841fa000,0x000065c4841fe000] with protection modes 0
Event: 2.607 Protecting memory [0x000065c4840fa000,0x000065c4840fe000] with protection modes 0
Event: 2.607 Protecting memory [0x000065c36bf00000,0x000065c36bf04000] with protection modes 0
Event: 2.607 Protecting memory [0x000065c36be00000,0x000065c36be04000] with protection modes 0
Event: 2.607 Protecting memory [0x000065c36bd00000,0x000065c36bd04000] with protection modes 0
Event: 2.680 Protecting memory [0x000065c36bc00000,0x000065c36bc04000] with protection modes 0
Event: 2.683 Protecting memory [0x000065c36bb00000,0x000065c36bb04000] with protection modes 0
Event: 2.687 Protecting memory [0x000065c36ba00000,0x000065c36ba04000] with protection modes 0
Event: 2.687 Protecting memory [0x000065c36b900000,0x000065c36b904000] with protection modes 0
Event: 2.687 Protecting memory [0x000065c36b800000,0x000065c36b804000] with protection modes 0
Event: 2.699 Protecting memory [0x000065c36b700000,0x000065c36b704000] with protection modes 0
Event: 2.706 Protecting memory [0x000065c36b600000,0x000065c36b604000] with protection modes 0
Event: 2.707 Protecting memory [0x000065c36b500000,0x000065c36b504000] with protection modes 0

Nmethod flushes (0 events):
No events

Events (20 events):
Event: 2.606 Thread 0x00007271bc02b240 Thread added: 0x00007271bc7a7800
Event: 2.606 Thread 0x00007271bc02b240 Thread added: 0x00007271bc7a8de0
Event: 2.606 Thread 0x00007271bc02b240 Thread added: 0x00007271bc7aa3c0
Event: 2.606 Thread 0x00007271bc02b240 Thread added: 0x00007271bc5c1db0
Event: 2.606 Thread 0x00007271bc02b240 Thread added: 0x00007271bc5c30a0
Event: 2.606 Thread 0x00007271bc02b240 Thread added: 0x00007271bc5c4540
Event: 2.607 Thread 0x00007271bc02b240 Thread added: 0x00007271bc5c5dd0
Event: 2.607 Thread 0x00007271bc02b240 Thread added: 0x00007271bc5c7660
Event: 2.607 Thread 0x00007271bc02b240 Thread added: 0x00007271bc5e1130
Event: 2.607 Thread 0x00007271bc02b240 Thread added: 0x00007271bc5e2320
Event: 2.607 Thread 0x00007271bc02b240 Thread added: 0x00007271bc5e3cd0
Event: 2.607 Thread 0x00007271bc02b240 Thread added: 0x00007271bc5e5560
Event: 2.680 Thread 0x000065c40004eb10 Thread added: 0x000065c3f80b8e80
Event: 2.683 Thread 0x000065c4000646c0 Thread added: 0x000065c3e4017240
Event: 2.687 Thread 0x000065c40004eb10 Thread added: 0x000065c3f812e970
Event: 2.687 Thread 0x000065c40004eb10 Thread added: 0x000065c3f81300c0
Event: 2.687 Thread 0x000065c40004eb10 Thread added: 0x000065c3f8131800
Event: 2.696 Thread 0x000065c3e4017240 Thread added: 0x000065c358017fa0
Event: 2.706 Thread 0x000065c3f8131800 Thread added: 0x000065c34407b820
Event: 2.707 Thread 0x000065c3f8131800 Thread added: 0x000065c34407cf90


Dynamic libraries:
40000000-40400000 rw-p 00000000 00:00 0                                  [anon:mmtk:space:immix]
40400000-40800000 rw-p 00000000 00:00 0                                  [anon:mmtk:space:los]
40800000-41400000 rw-p 00000000 00:00 0                                  [anon:mmtk:space:immix]
41400000-41800000 rw-p 00000000 00:00 0                                  [anon:mmtk:space:los]
41800000-41c00000 rw-p 00000000 00:00 0                                  [anon:mmtk:space:immix]
41c00000-42000000 rw-p 00000000 00:00 0                                  [anon:mmtk:space:los]
42000000-42400000 rw-p 00000000 00:00 0                                  [anon:mmtk:space:immix]
42400000-42800000 rw-p 00000000 00:00 0                                  [anon:mmtk:space:los]
42800000-43000000 rw-p 00000000 00:00 0                                  [anon:mmtk:space:immix]
43000000-43400000 rw-p 00000000 00:00 0                                  [anon:mmtk:space:los]
43400000-43c00000 rw-p 00000000 00:00 0                                  [anon:mmtk:space:immix]
43c00000-44000000 rw-p 00000000 00:00 0                                  [anon:mmtk:space:los]
44000000-44400000 rw-p 00000000 00:00 0                                  [anon:mmtk:space:immix]
44400000-44800000 rw-p 00000000 00:00 0                                  [anon:mmtk:space:los]
44800000-45000000 rw-p 00000000 00:00 0                                  [anon:mmtk:space:immix]
45000000-45400000 rw-p 00000000 00:00 0                                  [anon:mmtk:space:los]
45400000-45800000 rw-p 00000000 00:00 0                                  [anon:mmtk:space:immix]
45800000-45c00000 rw-p 00000000 00:00 0                                  [anon:mmtk:space:los]
45c00000-46400000 rw-p 00000000 00:00 0                                  [anon:mmtk:space:immix]
46400000-46800000 rw-p 00000000 00:00 0                                  [anon:mmtk:space:los]
46800000-47000000 rw-p 00000000 00:00 0                                  [anon:mmtk:space:immix]
47000000-47400000 rw-p 00000000 00:00 0                                  [anon:mmtk:space:los]
47400000-47800000 rw-p 00000000 00:00 0                                  [anon:mmtk:space:immix]
47800000-47c00000 rw-p 00000000 00:00 0                                  [anon:mmtk:space:los]
47c00000-48400000 rw-p 00000000 00:00 0                                  [anon:mmtk:space:immix]
48400000-48800000 rw-p 00000000 00:00 0                                  [anon:mmtk:space:los]
48800000-48c00000 rw-p 00000000 00:00 0                                  [anon:mmtk:space:immix]
48c00000-49000000 rw-p 00000000 00:00 0                                  [anon:mmtk:space:los]
49000000-49400000 rw-p 00000000 00:00 0                                  [anon:mmtk:space:immix]
49400000-49800000 rw-p 00000000 00:00 0                                  [anon:mmtk:space:los]
49800000-4a000000 rw-p 00000000 00:00 0                                  [anon:mmtk:space:immix]
4a000000-4a400000 rw-p 00000000 00:00 0                                  [anon:mmtk:space:los]
4a400000-4ac00000 rw-p 00000000 00:00 0                                  [anon:mmtk:space:immix]
4ac00000-4b000000 rw-p 00000000 00:00 0                                  [anon:mmtk:space:los]
4b000000-4b400000 rw-p 00000000 00:00 0                                  [anon:mmtk:space:immix]
4b400000-4b800000 rw-p 00000000 00:00 0                                  [anon:mmtk:space:los]
4b800000-4c000000 rw-p 00000000 00:00 0                                  [anon:mmtk:space:immix]
4c000000-4c400000 rw-p 00000000 00:00 0                                  [anon:mmtk:space:los]
4c400000-4c800000 rw-p 00000000 00:00 0                                  [anon:mmtk:space:immix]
4c800000-4cc00000 rw-p 00000000 00:00 0                                  [anon:mmtk:space:los]
4cc00000-4d400000 rw-p 00000000 00:00 0                                  [anon:mmtk:space:immix]
4d400000-4d800000 rw-p 00000000 00:00 0                                  [anon:mmtk:space:los]
4d800000-4e000000 rw-p 00000000 00:00 0                                  [anon:mmtk:space:immix]
4e000000-4e400000 rw-p 00000000 00:00 0                                  [anon:mmtk:space:los]
4e400000-4e800000 rw-p 00000000 00:00 0                                  [anon:mmtk:space:immix]
4e800000-4ec00000 rw-p 00000000 00:00 0                                  [anon:mmtk:space:los]
4ec00000-4f400000 rw-p 00000000 00:00 0                                  [anon:mmtk:space:immix]
4f400000-4f800000 rw-p 00000000 00:00 0                                  [anon:mmtk:space:los]
4f800000-4fc00000 rw-p 00000000 00:00 0                                  [anon:mmtk:space:immix]
4fc00000-50000000 rw-p 00000000 00:00 0                                  [anon:mmtk:space:los]
50000000-50400000 rw-p 00000000 00:00 0                                  [anon:mmtk:space:immix]
200000000000-2000c00c0000 rw-s 00000000 00:10 68                         anon_inode:bpf-map
5962167d8000-5962167d9000 r--p 00000000 fc:00 49676337                   /mydata/openjdk-mmtk/build/b0test/images/jdk/bin/java
5962167d9000-5962167da000 r-xp 00001000 fc:00 49676337                   /mydata/openjdk-mmtk/build/b0test/images/jdk/bin/java
5962167da000-5962167db000 r--p 00002000 fc:00 49676337                   /mydata/openjdk-mmtk/build/b0test/images/jdk/bin/java
5962167db000-5962167dc000 r--p 00002000 fc:00 49676337                   /mydata/openjdk-mmtk/build/b0test/images/jdk/bin/java
5962167dc000-5962167dd000 rw-p 00003000 fc:00 49676337                   /mydata/openjdk-mmtk/build/b0test/images/jdk/bin/java
596225684000-5962256cc000 rw-p 00000000 00:00 0                          [heap]
65c33c000000-65c33c511000 rw-p 00000000 00:00 0 
65c33c511000-65c340000000 ---p 00000000 00:00 0 
65c340000000-65c340d06000 rw-p 00000000 00:00 0 
65c340d06000-65c344000000 ---p 00000000 00:00 0 
65c344000000-65c344185000 rw-p 00000000 00:00 0 
65c344185000-65c348000000 ---p 00000000 00:00 0 
65c348000000-65c34873d000 rw-p 00000000 00:00 0 
65c34873d000-65c34c000000 ---p 00000000 00:00 0 
65c34c000000-65c34c6fb000 rw-p 00000000 00:00 0 
65c34c6fb000-65c350000000 ---p 00000000 00:00 0 
65c350000000-65c3501fd000 rw-p 00000000 00:00 0 
65c3501fd000-65c354000000 ---p 00000000 00:00 0 
65c354000000-65c354834000 rw-p 00000000 00:00 0 
65c354834000-65c358000000 ---p 00000000 00:00 0 
65c358000000-65c358524000 rw-p 00000000 00:00 0 
65c358524000-65c35c000000 ---p 00000000 00:00 0 
65c35c000000-65c35c021000 rw-p 00000000 00:00 0 
65c35c021000-65c360000000 ---p 00000000 00:00 0 
65c360000000-65c360021000 rw-p 00000000 00:00 0 
65c360021000-65c364000000 ---p 00000000 00:00 0 
65c364000000-65c364021000 rw-p 00000000 00:00 0 
65c364021000-65c368000000 ---p 00000000 00:00 0 
65c36b2c7000-65c36b500000 rw-p 00000000 00:00 0 
65c36b500000-65c36b504000 ---p 00000000 00:00 0 
65c36b504000-65c36b600000 rw-p 00000000 00:00 0 
65c36b600000-65c36b604000 ---p 00000000 00:00 0 
65c36b604000-65c36b700000 rw-p 00000000 00:00 0 
65c36b700000-65c36b704000 ---p 00000000 00:00 0 
65c36b704000-65c36b800000 rw-p 00000000 00:00 0 
65c36b800000-65c36b804000 ---p 00000000 00:00 0 
65c36b804000-65c36b900000 rw-p 00000000 00:00 0 
65c36b900000-65c36b904000 ---p 00000000 00:00 0 
65c36b904000-65c36ba00000 rw-p 00000000 00:00 0 
65c36ba00000-65c36ba04000 ---p 00000000 00:00 0 
65c36ba04000-65c36bb00000 rw-p 00000000 00:00 0 
65c36bb00000-65c36bb04000 ---p 00000000 00:00 0 
65c36bb04000-65c36bc00000 rw-p 00000000 00:00 0 
65c36bc00000-65c36bc04000 ---p 00000000 00:00 0 
65c36bc04000-65c36bd00000 rw-p 00000000 00:00 0 
65c36bd00000-65c36bd04000 ---p 00000000 00:00 0 
65c36bd04000-65c36be00000 rw-p 00000000 00:00 0 
65c36be00000-65c36be04000 ---p 00000000 00:00 0 
65c36be04000-65c36bf00000 rw-p 00000000 00:00 0 
65c36bf00000-65c36bf04000 ---p 00000000 00:00 0 
65c36bf04000-65c36c000000 rw-p 00000000 00:00 0 
65c36c000000-65c36c025000 rw-p 00000000 00:00 0 
65c36c025000-65c370000000 ---p 00000000 00:00 0 
65c370000000-65c370021000 rw-p 00000000 00:00 0 
65c370021000-65c374000000 ---p 00000000 00:00 0 
65c374000000-65c374021000 rw-p 00000000 00:00 0 
65c374021000-65c378000000 ---p 00000000 00:00 0 
65c378000000-65c378051000 rw-p 00000000 00:00 0 
65c378051000-65c37c000000 ---p 00000000 00:00 0 
65c37c000000-65c37c021000 rw-p 00000000 00:00 0 
65c37c021000-65c380000000 ---p 00000000 00:00 0 
65c380000000-65c38002b000 rw-p 00000000 00:00 0 
65c38002b000-65c384000000 ---p 00000000 00:00 0 
65c384000000-65c384021000 rw-p 00000000 00:00 0 
65c384021000-65c388000000 ---p 00000000 00:00 0 
65c388000000-65c388021000 rw-p 00000000 00:00 0 
65c388021000-65c38c000000 ---p 00000000 00:00 0 
65c38c000000-65c38c021000 rw-p 00000000 00:00 0 
65c38c021000-65c390000000 ---p 00000000 00:00 0 
65c390000000-65c390021000 rw-p 00000000 00:00 0 
65c390021000-65c394000000 ---p 00000000 00:00 0 
65c394000000-65c394054000 rw-p 00000000 00:00 0 
65c394054000-65c398000000 ---p 00000000 00:00 0 
65c398000000-65c398021000 rw-p 00000000 00:00 0 
65c398021000-65c39c000000 ---p 00000000 00:00 0 
65c39c000000-65c39c024000 rw-p 00000000 00:00 0 
65c39c024000-65c3a0000000 ---p 00000000 00:00 0 
65c3a0000000-65c3a0021000 rw-p 00000000 00:00 0 
65c3a0021000-65c3a4000000 ---p 00000000 00:00 0 
65c3a4000000-65c3a4021000 rw-p 00000000 00:00 0 
65c3a4021000-65c3a8000000 ---p 00000000 00:00 0 
65c3a8000000-65c3a8029000 rw-p 00000000 00:00 0 
65c3a8029000-65c3ac000000 ---p 00000000 00:00 0 
65c3ac000000-65c3ac022000 rw-p 00000000 00:00 0 
65c3ac022000-65c3b0000000 ---p 00000000 00:00 0 
65c3b0000000-65c3b0023000 rw-p 00000000 00:00 0 
65c3b0023000-65c3b4000000 ---p 00000000 00:00 0 
65c3b4000000-65c3b4031000 rw-p 00000000 00:00 0 
65c3b4031000-65c3b8000000 ---p 00000000 00:00 0 
65c3b8000000-65c3b8026000 rw-p 00000000 00:00 0 
65c3b8026000-65c3bc000000 ---p 00000000 00:00 0 
65c3bc000000-65c3bc04a000 rw-p 00000000 00:00 0 
65c3bc04a000-65c3c0000000 ---p 00000000 00:00 0 
65c3c0000000-65c3c0041000 rw-p 00000000 00:00 0 
65c3c0041000-65c3c4000000 ---p 00000000 00:00 0 
65c3c4000000-65c3c402b000 rw-p 00000000 00:00 0 
65c3c402b000-65c3c8000000 ---p 00000000 00:00 0 
65c3c8000000-65c3c8024000 rw-p 00000000 00:00 0 
65c3c8024000-65c3cc000000 ---p 00000000 00:00 0 
65c3cc000000-65c3cc021000 rw-p 00000000 00:00 0 
65c3cc021000-65c3d0000000 ---p 00000000 00:00 0 
65c3d0000000-65c3d0021000 rw-p 00000000 00:00 0 
65c3d0021000-65c3d4000000 ---p 00000000 00:00 0 
65c3d4000000-65c3d4021000 rw-p 00000000 00:00 0 
65c3d4021000-65c3d8000000 ---p 00000000 00:00 0 
65c3d8000000-65c3d805a000 rw-p 00000000 00:00 0 
65c3d805a000-65c3dc000000 ---p 00000000 00:00 0 
65c3dc000000-65c3dc8cf000 rw-p 00000000 00:00 0 
65c3dc8cf000-65c3e0000000 ---p 00000000 00:00 0 
65c3e0000000-65c3e0031000 rw-p 00000000 00:00 0 
65c3e0031000-65c3e4000000 ---p 00000000 00:00 0 
65c3e4000000-65c3e47b6000 rw-p 00000000 00:00 0 
65c3e47b6000-65c3e8000000 ---p 00000000 00:00 0 
65c3e8000000-65c3e8705000 rw-p 00000000 00:00 0 
65c3e8705000-65c3ec000000 ---p 00000000 00:00 0 
65c3ec000000-65c3ec021000 rw-p 00000000 00:00 0 
65c3ec021000-65c3f0000000 ---p 00000000 00:00 0 
65c3f0000000-65c3f0021000 rw-p 00000000 00:00 0 
65c3f0021000-65c3f4000000 ---p 00000000 00:00 0 
65c3f4000000-65c3f42c0000 rw-p 00000000 00:00 0 
65c3f42c0000-65c3f8000000 ---p 00000000 00:00 0 
65c3f8000000-65c3f8321000 rw-p 00000000 00:00 0 
65c3f8321000-65c3fc000000 ---p 00000000 00:00 0 
65c3fc000000-65c3fc67c000 rw-p 00000000 00:00 0 
65c3fc67c000-65c400000000 ---p 00000000 00:00 0 
65c400000000-65c400242000 rw-p 00000000 00:00 0 
65c400242000-65c404000000 ---p 00000000 00:00 0 
65c404000000-65c404021000 rw-p 00000000 00:00 0 
65c404021000-65c408000000 ---p 00000000 00:00 0 
65c408000000-65c408021000 rw-p 00000000 00:00 0 
65c408021000-65c40c000000 ---p 00000000 00:00 0 
65c40c000000-65c40c023000 rw-p 00000000 00:00 0 
65c40c023000-65c410000000 ---p 00000000 00:00 0 
65c410000000-65c410021000 rw-p 00000000 00:00 0 
65c410021000-65c414000000 ---p 00000000 00:00 0 
65c414000000-65c41402b000 rw-p 00000000 00:00 0 
65c41402b000-65c418000000 ---p 00000000 00:00 0 
65c418000000-65c418021000 rw-p 00000000 00:00 0 
65c418021000-65c41c000000 ---p 00000000 00:00 0 
65c41c000000-65c41c022000 rw-p 00000000 00:00 0 
65c41c022000-65c420000000 ---p 00000000 00:00 0 
65c420000000-65c420022000 rw-p 00000000 00:00 0 
65c420022000-65c424000000 ---p 00000000 00:00 0 
65c424000000-65c42402b000 rw-p 00000000 00:00 0 
65c42402b000-65c428000000 ---p 00000000 00:00 0 
65c428000000-65c428023000 rw-p 00000000 00:00 0 
65c428023000-65c42c000000 ---p 00000000 00:00 0 
65c42c000000-65c42c032000 rw-p 00000000 00:00 0 
65c42c032000-65c430000000 ---p 00000000 00:00 0 
65c430000000-65c430032000 rw-p 00000000 00:00 0 
65c430032000-65c434000000 ---p 00000000 00:00 0 
65c434000000-65c4340d2000 rw-p 00000000 00:00 0 
65c4340d2000-65c438000000 ---p 00000000 00:00 0 
65c438000000-65c43805a000 rw-p 00000000 00:00 0 
65c43805a000-65c43c000000 ---p 00000000 00:00 0 
65c43c000000-65c43c023000 rw-p 00000000 00:00 0 
65c43c023000-65c440000000 ---p 00000000 00:00 0 
65c440000000-65c440032000 rw-p 00000000 00:00 0 
65c440032000-65c444000000 ---p 00000000 00:00 0 
65c444000000-65c44402a000 rw-p 00000000 00:00 0 
65c44402a000-65c448000000 ---p 00000000 00:00 0 
65c448000000-65c4480f4000 rw-p 00000000 00:00 0 
65c4480f4000-65c44c000000 ---p 00000000 00:00 0 
65c44c000000-65c44c022000 rw-p 00000000 00:00 0 
65c44c022000-65c450000000 ---p 00000000 00:00 0 
65c450000000-65c450021000 rw-p 00000000 00:00 0 
65c450021000-65c454000000 ---p 00000000 00:00 0 
65c454000000-65c454021000 rw-p 00000000 00:00 0 
65c454021000-65c458000000 ---p 00000000 00:00 0 
65c458000000-65c458021000 rw-p 00000000 00:00 0 
65c458021000-65c45c000000 ---p 00000000 00:00 0 
65c45c000000-65c45c03e000 rw-p 00000000 00:00 0 
65c45c03e000-65c460000000 ---p 00000000 00:00 0 
65c460000000-65c460023000 rw-p 00000000 00:00 0 
65c460023000-65c464000000 ---p 00000000 00:00 0 
65c464000000-65c464023000 rw-p 00000000 00:00 0 
65c464023000-65c468000000 ---p 00000000 00:00 0 
65c468000000-65c468027000 rw-p 00000000 00:00 0 
65c468027000-65c46c000000 ---p 00000000 00:00 0 
65c46c000000-65c46c021000 rw-p 00000000 00:00 0 
65c46c021000-65c470000000 ---p 00000000 00:00 0 
65c470000000-65c470021000 rw-p 00000000 00:00 0 
65c470021000-65c474000000 ---p 00000000 00:00 0 
65c474000000-65c474021000 rw-p 00000000 00:00 0 
65c474021000-65c478000000 ---p 00000000 00:00 0 
65c478000000-65c478021000 rw-p 00000000 00:00 0 
65c478021000-65c47c000000 ---p 00000000 00:00 0 
65c47c000000-65c47c280000 rw-p 00000000 00:00 0 
65c47c280000-65c47c400000 ---p 00000000 00:00 0 
65c47c400000-65c47c8a0000 rw-p 00000000 00:00 0 
65c47c8a0000-65c480000000 ---p 00000000 00:00 0 
65c480000000-65c480021000 rw-p 00000000 00:00 0 
65c480021000-65c484000000 ---p 00000000 00:00 0 
65c4840fa000-65c4840fe000 ---p 00000000 00:00 0 
65c4840fe000-65c4841fa000 rw-p 00000000 00:00 0 
65c4841fa000-65c4841fe000 ---p 00000000 00:00 0 
65c4841fe000-65c4842fa000 rw-p 00000000 00:00 0 
65c4842fa000-65c4842fe000 ---p 00000000 00:00 0 
65c4842fe000-65c4843fa000 rw-p 00000000 00:00 0 
65c4843fa000-65c4843fe000 ---p 00000000 00:00 0 
65c4843fe000-65c4844fa000 rw-p 00000000 00:00 0 
65c4844fa000-65c4844fe000 ---p 00000000 00:00 0 
65c4844fe000-65c4845fa000 rw-p 00000000 00:00 0 
65c4845fa000-65c4845fe000 ---p 00000000 00:00 0 
65c4845fe000-65c4846fa000 rw-p 00000000 00:00 0 
65c4846fa000-65c4846fe000 ---p 00000000 00:00 0 
65c4846fe000-65c4847fa000 rw-p 00000000 00:00 0 
65c4847fa000-65c4847fe000 ---p 00000000 00:00 0 
65c4847fe000-65c4848fa000 rw-p 00000000 00:00 0 
65c4848fa000-65c4848fe000 ---p 00000000 00:00 0 
65c4848fe000-65c4849fa000 rw-p 00000000 00:00 0 
65c4849fa000-65c4849fe000 ---p 00000000 00:00 0 
65c4849fe000-65c484afa000 rw-p 00000000 00:00 0 
65c484afa000-65c484afe000 ---p 00000000 00:00 0 
65c484afe000-65c484bfa000 rw-p 00000000 00:00 0 
65c484bfa000-65c484bfe000 ---p 00000000 00:00 0 
65c484bfe000-65c484cfa000 rw-p 00000000 00:00 0 
65c484cfa000-65c484cfe000 ---p 00000000 00:00 0 
65c484cfe000-65c484dfa000 rw-p 00000000 00:00 0 
65c484dfa000-65c484dfe000 ---p 00000000 00:00 0 
65c484dfe000-65c484efa000 rw-p 00000000 00:00 0 
65c484efa000-65c484efe000 ---p 00000000 00:00 0 
65c484efe000-65c484ffa000 rw-p 00000000 00:00 0 
65c484ffa000-65c484ffe000 ---p 00000000 00:00 0 
65c484ffe000-65c4850fa000 rw-p 00000000 00:00 0 
65c4850fa000-65c4850fe000 ---p 00000000 00:00 0 
65c4850fe000-65c4851fa000 rw-p 00000000 00:00 0 
65c4851fa000-65c4851fe000 ---p 00000000 00:00 0 
65c4851fe000-65c4852fa000 rw-p 00000000 00:00 0 
65c4852fa000-65c4852fe000 ---p 00000000 00:00 0 
65c4852fe000-65c4853fa000 rw-p 00000000 00:00 0 
65c4853fa000-65c4853fe000 ---p 00000000 00:00 0 
65c4853fe000-65c4854fa000 rw-p 00000000 00:00 0 
65c4854fa000-65c4854fe000 ---p 00000000 00:00 0 
65c4854fe000-65c4855fa000 rw-p 00000000 00:00 0 
65c4855fa000-65c4855fe000 ---p 00000000 00:00 0 
65c4855fe000-65c4856fa000 rw-p 00000000 00:00 0 
65c4856fa000-65c4856fe000 ---p 00000000 00:00 0 
65c4856fe000-65c4857fa000 rw-p 00000000 00:00 0 
65c4857fa000-65c4857fe000 ---p 00000000 00:00 0 
65c4857fe000-65c4858fa000 rw-p 00000000 00:00 0 
65c4858fa000-65c4858fe000 ---p 00000000 00:00 0 
65c4858fe000-65c4859fa000 rw-p 00000000 00:00 0 
65c4859fa000-65c4859fe000 ---p 00000000 00:00 0 
65c4859fe000-65c485afa000 rw-p 00000000 00:00 0 
65c485afa000-65c485afe000 ---p 00000000 00:00 0 
65c485afe000-65c485bfa000 rw-p 00000000 00:00 0 
65c485bfa000-65c485bfe000 ---p 00000000 00:00 0 
65c485bfe000-65c485cfa000 rw-p 00000000 00:00 0 
65c485cfa000-65c485cfe000 ---p 00000000 00:00 0 
65c485cfe000-65c485dfa000 rw-p 00000000 00:00 0 
65c485dfa000-65c485dfe000 ---p 00000000 00:00 0 
65c485dfe000-65c485efa000 rw-p 00000000 00:00 0 
65c485efa000-65c485efe000 ---p 00000000 00:00 0 
65c485efe000-65c485ffa000 rw-p 00000000 00:00 0 
65c485ffa000-65c485ffe000 ---p 00000000 00:00 0 
65c485ffe000-65c4860fa000 rw-p 00000000 00:00 0 
65c4860fa000-65c4860fe000 ---p 00000000 00:00 0 
65c4860fe000-65c4861fa000 rw-p 00000000 00:00 0 
65c4861fa000-65c4861fe000 ---p 00000000 00:00 0 
65c4861fe000-65c4862fa000 rw-p 00000000 00:00 0 
65c4862fa000-65c4862fe000 ---p 00000000 00:00 0 
65c4862fe000-65c4863fa000 rw-p 00000000 00:00 0 
65c4863fa000-65c4863fe000 ---p 00000000 00:00 0 
65c4863fe000-65c4864fa000 rw-p 00000000 00:00 0 
65c4864fa000-65c4864fe000 ---p 00000000 00:00 0 
65c4864fe000-65c4865fa000 rw-p 00000000 00:00 0 
65c4865fa000-65c4865fe000 ---p 00000000 00:00 0 
65c4865fe000-65c4866fa000 rw-p 00000000 00:00 0 
65c4866fa000-65c4866fe000 ---p 00000000 00:00 0 
65c4866fe000-65c4867fa000 rw-p 00000000 00:00 0 
65c4867fa000-65c4867fe000 ---p 00000000 00:00 0 
65c4867fe000-65c4868fa000 rw-p 00000000 00:00 0 
65c4868fa000-65c4868fe000 ---p 00000000 00:00 0 
65c4868fe000-65c4869fa000 rw-p 00000000 00:00 0 
65c4869fa000-65c4869fb000 ---p 00000000 00:00 0 
65c4869fb000-65c486afb000 rw-p 00000000 00:00 0 
65c486afb000-65c486afc000 ---p 00000000 00:00 0 
65c486afc000-65c486bfc000 rw-p 00000000 00:00 0 
65c486bfc000-65c486bfd000 ---p 00000000 00:00 0 
65c486bfd000-65c486cfd000 rw-p 00000000 00:00 0 
65c486cfd000-65c486cfe000 ---p 00000000 00:00 0 
65c486cfe000-65c486dfe000 rw-p 00000000 00:00 0 
65c486dfe000-65c486dff000 ---p 00000000 00:00 0 
65c486dff000-65c486eff000 rw-p 00000000 00:00 0 
65c486eff000-65c486f00000 ---p 00000000 00:00 0 
65c486f00000-65c487000000 rw-p 00000000 00:00 0 
65c487000000-65c487ca3000 rw-p 00001000 fc:00 49677043                   /mydata/openjdk-mmtk/build/b0test/images/jdk/lib/server/classes.jsa
65c487ca3000-65c488000000 ---p 00000000 00:00 0 
65c488000000-65c488040000 rw-p 00000000 00:00 0 
65c488040000-65c488110000 rw-p 00000000 00:00 0 
65c488110000-65c4c8000000 ---p 00000000 00:00 0 
65c4c8000000-65c4c8021000 rw-p 00000000 00:00 0 
65c4c8021000-65c4cc000000 ---p 00000000 00:00 0 
65c4cc0f3000-65c4cc0f4000 ---p 00000000 00:00 0 
65c4cc0f4000-65c4cc1f4000 rw-p 00000000 00:00 0 
65c4cc1f4000-65c4cc1f5000 ---p 00000000 00:00 0 
65c4cc1f5000-65c4cc2f5000 rw-p 00000000 00:00 0 
65c4cc2f5000-65c4cc2f6000 ---p 00000000 00:00 0 
65c4cc2f6000-65c4cc3f6000 rw-p 00000000 00:00 0 
65c4cc3f6000-65c4cc3f7000 ---p 00000000 00:00 0 
65c4cc3f7000-65c4cc4f7000 rw-p 00000000 00:00 0 
65c4cc4f7000-65c4cc4f8000 ---p 00000000 00:00 0 
65c4cc4f8000-65c4cc5f8000 rw-p 00000000 00:00 0 
65c4cc5f8000-65c4cc5f9000 ---p 00000000 00:00 0 
65c4cc5f9000-65c4cc6f9000 rw-p 00000000 00:00 0 
65c4cc6f9000-65c4cc6fa000 ---p 00000000 00:00 0 
65c4cc6fa000-65c4cc7fa000 rw-p 00000000 00:00 0 
65c4cc7fa000-65c4cc7fb000 ---p 00000000 00:00 0 
65c4cc7fb000-65c4cc8fb000 rw-p 00000000 00:00 0 
65c4cc8fb000-65c4cc8fc000 ---p 00000000 00:00 0 
65c4cc8fc000-65c4cc9fc000 rw-p 00000000 00:00 0 
65c4cc9fc000-65c4cc9fd000 ---p 00000000 00:00 0 
65c4cc9fd000-65c4ccafd000 rw-p 00000000 00:00 0 
65c4ccafd000-65c4ccafe000 ---p 00000000 00:00 0 
65c4ccafe000-65c4ccbfe000 rw-p 00000000 00:00 0 
65c4ccbfe000-65c4ccbff000 ---p 00000000 00:00 0 
65c4ccbff000-65c4cccff000 rw-p 00000000 00:00 0 
65c4cccff000-65c4ccd00000 ---p 00000000 00:00 0 
65c4ccd00000-65c4cce00000 rw-p 00000000 00:00 0 
65c4cce00000-65c4cd0eb000 r--p 00000000 08:03 1410552                    /usr/lib/locale/locale-archive
65c4cd0ff000-65c4cd100000 ---p 00000000 00:00 0 
65c4cd100000-65c4cd200000 rw-p 00000000 00:00 0 
65c4cd200000-65c4d0200000 rw-p 00000000 00:00 0 
65c4d02fb000-65c4d02fc000 ---p 00000000 00:00 0 
65c4d02fc000-65c4d03fc000 rw-p 00000000 00:00 0 
65c4d03fc000-65c500400000 rw-p 00000000 00:00 0 
65c500400000-65c501400000 ---p 00000000 00:00 0                          [anon:mmtk:sidemeta:all:all-quarantined]
65c501400000-65c501c00000 rw-p 00000000 00:00 0                          [anon:mmtk:sidemeta:immix:VO_BIT]
65c501c00000-67c502400000 ---p 00000000 00:00 0                          [anon:mmtk:sidemeta:all:all-quarantined]
67c502400000-67c502800000 rw-p 00000000 00:00 0                          [anon:mmtk:sidemeta:immix:CHUNK_MARK]
67c502800000-67c505400000 ---p 00000000 00:00 0                          [anon:mmtk:sidemeta:all:all-quarantined]
67c505400000-67c505c00000 rw-p 00000000 00:00 0                          [anon:mmtk:sidemeta:immix:VMGlobalLogBitSpec]
67c505c00000-69cd04800000 ---p 00000000 00:00 0                          [anon:mmtk:sidemeta:all:all-quarantined]
69cd04800000-69cd04c00000 rw-p 00000000 00:00 0                          [anon:mmtk:sidemeta:immix:IX_LINE_MARK]
69cd04c00000-6a4d04400000 ---p 00000000 00:00 0                          [anon:mmtk:sidemeta:all:all-quarantined]
6a4d04400000-6a4d04800000 rw-p 00000000 00:00 0                          [anon:mmtk:sidemeta:immix:IX_BLOCK_DEFRAG]
6a4d04800000-6a4e04400000 ---p 00000000 00:00 0                          [anon:mmtk:sidemeta:all:all-quarantined]
6a4e04400000-6a4e04800000 rw-p 00000000 00:00 0                          [anon:mmtk:sidemeta:immix:IX_BLOCK_MARK]
6a4e04800000-706f84400000 ---p 00000000 00:00 0                          [anon:mmtk:sidemeta:all:all-quarantined]
706f84400000-706f84800000 rw-p 00000000 00:00 0                          [anon:mmtk:sidemeta:los:VMLocalLOSMarkNurserySpec]
706f84800000-707185400000 ---p 00000000 00:00 0                          [anon:mmtk:sidemeta:all:all-quarantined]
707185400000-707185c00000 rw-p 00000000 00:00 0                          [anon:mmtk:sidemeta:immix:VMLocalMarkBitSpec]
707185c00000-727184400000 ---p 00000000 00:00 0                          [anon:mmtk:sidemeta:all:all-quarantined]
7271844fd000-7271844fe000 ---p 00000000 00:00 0 
7271844fe000-7271845fe000 rw-p 00000000 00:00 0 
7271845fe000-7271845ff000 ---p 00000000 00:00 0 
7271845ff000-7271846ff000 rw-p 00000000 00:00 0 
7271846ff000-727184703000 ---p 00000000 00:00 0 
727184703000-7271847ff000 rw-p 00000000 00:00 0 
7271847ff000-7271a4800000 rw-p 00000000 00:00 0 
7271a4800000-7271a4e80000 rwxp 00000000 00:00 0 
7271a4e80000-7271abc17000 ---p 00000000 00:00 0 
7271abc17000-7271abfb7000 rwxp 00000000 00:00 0 
7271abfb7000-7271ac3e8000 ---p 00000000 00:00 0 
7271ac3e8000-7271ac658000 rwxp 00000000 00:00 0 
7271ac658000-7271b3800000 ---p 00000000 00:00 0 
7271b3800000-7271bbfa0000 r--s 00000000 fc:00 49676297                   /mydata/openjdk-mmtk/build/b0test/images/jdk/lib/modules
7271bc000000-7271bc801000 rw-p 00000000 00:00 0 
7271bc801000-7271c0000000 ---p 00000000 00:00 0 
7271c002b000-7271c0030000 r--p 00000000 fc:00 49676417                   /mydata/openjdk-mmtk/build/b0test/images/jdk/lib/libjsvml.so
7271c0030000-7271c0071000 r-xp 00005000 fc:00 49676417                   /mydata/openjdk-mmtk/build/b0test/images/jdk/lib/libjsvml.so
7271c0071000-7271c00fa000 r--p 00046000 fc:00 49676417                   /mydata/openjdk-mmtk/build/b0test/images/jdk/lib/libjsvml.so
7271c00fa000-7271c00fb000 r--p 000ce000 fc:00 49676417                   /mydata/openjdk-mmtk/build/b0test/images/jdk/lib/libjsvml.so
7271c00fb000-7271c00fc000 rw-p 000cf000 fc:00 49676417                   /mydata/openjdk-mmtk/build/b0test/images/jdk/lib/libjsvml.so
7271c00fc000-7271c0100000 ---p 00000000 00:00 0 
7271c0100000-7271c01fc000 rw-p 00000000 00:00 0 
7271c01fc000-7271c0200000 ---p 00000000 00:00 0 
7271c0200000-7271c02fc000 rw-p 00000000 00:00 0 
7271c02fc000-7271c02fd000 ---p 00000000 00:00 0 
7271c02fd000-7271c03fd000 rw-p 00000000 00:00 0 
7271c03fd000-7271c03fe000 ---p 00000000 00:00 0 
7271c03fe000-7271c04fe000 rw-p 00000000 00:00 0 
7271c04fe000-7271c04ff000 ---p 00000000 00:00 0 
7271c04ff000-7271c05ff000 rw-p 00000000 00:00 0 
7271c05ff000-7271c0c00000 rw-p 00000000 00:00 0 
7271c0c00000-7271c0c0c000 r--p 00000000 fc:00 13107796                   /mydata/gc-bpf-fault/shim/libgcbpf.so
7271c0c0c000-7271c0c6e000 r-xp 0000c000 fc:00 13107796                   /mydata/gc-bpf-fault/shim/libgcbpf.so
7271c0c6e000-7271c0e1b000 r--p 0006e000 fc:00 13107796                   /mydata/gc-bpf-fault/shim/libgcbpf.so
7271c0e1b000-7271c0e1d000 r--p 0021b000 fc:00 13107796                   /mydata/gc-bpf-fault/shim/libgcbpf.so
7271c0e1d000-7271c0e1e000 rw-p 0021d000 fc:00 13107796                   /mydata/gc-bpf-fault/shim/libgcbpf.so
7271c0e1e000-7271c0e1f000 rw-p 00000000 00:00 0 
7271c0e5d000-7271c0e61000 r--p 00000000 08:03 1410107                    /usr/lib/x86_64-linux-gnu/libzstd.so.1.5.5
7271c0e61000-7271c0f08000 r-xp 00004000 08:03 1410107                    /usr/lib/x86_64-linux-gnu/libzstd.so.1.5.5
7271c0f08000-7271c0f15000 r--p 000ab000 08:03 1410107                    /usr/lib/x86_64-linux-gnu/libzstd.so.1.5.5
7271c0f15000-7271c0f16000 r--p 000b7000 08:03 1410107                    /usr/lib/x86_64-linux-gnu/libzstd.so.1.5.5
7271c0f16000-7271c0f17000 rw-p 000b8000 08:03 1410107                    /usr/lib/x86_64-linux-gnu/libzstd.so.1.5.5
7271c0f17000-7271c0f1c000 rw-p 00000000 00:00 0 
7271c0f1c000-7271c1000000 ---p 00000000 00:00 0 
7271c1000000-7271c1147000 r--p 00000000 fc:00 49676374                   /mydata/openjdk-mmtk/build/b0test/images/jdk/lib/server/libmmtk_openjdk.so
7271c1147000-7271c13c0000 r-xp 00146000 fc:00 49676374                   /mydata/openjdk-mmtk/build/b0test/images/jdk/lib/server/libmmtk_openjdk.so
7271c13c0000-7271c1400000 r--p 003be000 fc:00 49676374                   /mydata/openjdk-mmtk/build/b0test/images/jdk/lib/server/libmmtk_openjdk.so
7271c1400000-7271c1403000 rw-p 003fd000 fc:00 49676374                   /mydata/openjdk-mmtk/build/b0test/images/jdk/lib/server/libmmtk_openjdk.so
7271c1403000-7271c1405000 rw-p 00000000 00:00 0 
7271c1407000-7271c140b000 r--p 00000000 fc:00 49676364                   /mydata/openjdk-mmtk/build/b0test/images/jdk/lib/libverify.so
7271c140b000-7271c1412000 r-xp 00004000 fc:00 49676364                   /mydata/openjdk-mmtk/build/b0test/images/jdk/lib/libverify.so
7271c1412000-7271c1414000 r--p 0000b000 fc:00 49676364                   /mydata/openjdk-mmtk/build/b0test/images/jdk/lib/libverify.so
7271c1414000-7271c1416000 r--p 0000c000 fc:00 49676364                   /mydata/openjdk-mmtk/build/b0test/images/jdk/lib/libverify.so
7271c1416000-7271c1417000 rw-p 0000e000 fc:00 49676364                   /mydata/openjdk-mmtk/build/b0test/images/jdk/lib/libverify.so
7271c1417000-7271c1424000 rw-p 00000000 00:00 0 
7271c1424000-7271c1500000 ---p 00000000 00:00 0 
7271c1500000-7271c1504000 ---p 00000000 00:00 0 
7271c1504000-7271c1600000 rw-p 00000000 00:00 0 
7271c1600000-7271c18a9000 r--p 00000000 fc:00 49676373                   /mydata/openjdk-mmtk/build/b0test/images/jdk/lib/server/libjvm.so
7271c18a9000-7271c273c000 r-xp 002a9000 fc:00 49676373                   /mydata/openjdk-mmtk/build/b0test/images/jdk/lib/server/libjvm.so
7271c273c000-7271c2a20000 r--p 0113c000 fc:00 49676373                   /mydata/openjdk-mmtk/build/b0test/images/jdk/lib/server/libjvm.so
7271c2a20000-7271c2af6000 r--p 0141f000 fc:00 49676373                   /mydata/openjdk-mmtk/build/b0test/images/jdk/lib/server/libjvm.so
7271c2af6000-7271c2b26000 rw-p 014f5000 fc:00 49676373                   /mydata/openjdk-mmtk/build/b0test/images/jdk/lib/server/libjvm.so
7271c2b26000-7271c2b8c000 rw-p 00000000 00:00 0 
7271c2b91000-7271c2b98000 r--s 00000000 08:03 1436340                    /usr/lib/x86_64-linux-gnu/gconv/gconv-modules.cache
7271c2b98000-7271c2b9b000 r--p 00000000 fc:00 49676361                   /mydata/openjdk-mmtk/build/b0test/images/jdk/lib/libnet.so
7271c2b9b000-7271c2ba3000 r-xp 00003000 fc:00 49676361                   /mydata/openjdk-mmtk/build/b0test/images/jdk/lib/libnet.so
7271c2ba3000-7271c2ba5000 r--p 0000b000 fc:00 49676361                   /mydata/openjdk-mmtk/build/b0test/images/jdk/lib/libnet.so
7271c2ba5000-7271c2ba6000 r--p 0000c000 fc:00 49676361                   /mydata/openjdk-mmtk/build/b0test/images/jdk/lib/libnet.so
7271c2ba6000-7271c2ba7000 rw-p 0000d000 fc:00 49676361                   /mydata/openjdk-mmtk/build/b0test/images/jdk/lib/libnet.so
7271c2ba7000-7271c2bae000 r--p 00000000 fc:00 49676362                   /mydata/openjdk-mmtk/build/b0test/images/jdk/lib/libnio.so
7271c2bae000-7271c2bb7000 r-xp 00007000 fc:00 49676362                   /mydata/openjdk-mmtk/build/b0test/images/jdk/lib/libnio.so
7271c2bb7000-7271c2bbb000 r--p 00010000 fc:00 49676362                   /mydata/openjdk-mmtk/build/b0test/images/jdk/lib/libnio.so
7271c2bbb000-7271c2bbc000 r--p 00014000 fc:00 49676362                   /mydata/openjdk-mmtk/build/b0test/images/jdk/lib/libnio.so
7271c2bbc000-7271c2bbd000 rw-p 00015000 fc:00 49676362                   /mydata/openjdk-mmtk/build/b0test/images/jdk/lib/libnio.so
7271c2bbd000-7271c2bc0000 r--p 00000000 08:03 1410420                    /usr/lib/x86_64-linux-gnu/libelf-0.190.so
7271c2bc0000-7271c2bd6000 r-xp 00003000 08:03 1410420                    /usr/lib/x86_64-linux-gnu/libelf-0.190.so
7271c2bd6000-7271c2bda000 r--p 00019000 08:03 1410420                    /usr/lib/x86_64-linux-gnu/libelf-0.190.so
7271c2bda000-7271c2bdb000 r--p 0001c000 08:03 1410420                    /usr/lib/x86_64-linux-gnu/libelf-0.190.so
7271c2bdb000-7271c2bdc000 rw-p 0001d000 08:03 1410420                    /usr/lib/x86_64-linux-gnu/libelf-0.190.so
7271c2bdc000-7271c2be9000 r--p 00000000 fc:00 49676354                   /mydata/openjdk-mmtk/build/b0test/images/jdk/lib/libjava.so
7271c2be9000-7271c2bf8000 r-xp 0000d000 fc:00 49676354                   /mydata/openjdk-mmtk/build/b0test/images/jdk/lib/libjava.so
7271c2bf8000-7271c2bfd000 r--p 0001c000 fc:00 49676354                   /mydata/openjdk-mmtk/build/b0test/images/jdk/lib/libjava.so
7271c2bfd000-7271c2bfe000 r--p 00021000 fc:00 49676354                   /mydata/openjdk-mmtk/build/b0test/images/jdk/lib/libjava.so
7271c2bfe000-7271c2bff000 rw-p 00022000 fc:00 49676354                   /mydata/openjdk-mmtk/build/b0test/images/jdk/lib/libjava.so
7271c2bff000-7271c2c00000 rw-p 00000000 00:00 0 
7271c2c00000-7271c2c28000 r--p 00000000 08:03 1410238                    /usr/lib/x86_64-linux-gnu/libc.so.6
7271c2c28000-7271c2db0000 r-xp 00028000 08:03 1410238                    /usr/lib/x86_64-linux-gnu/libc.so.6
7271c2db0000-7271c2dff000 r--p 001b0000 08:03 1410238                    /usr/lib/x86_64-linux-gnu/libc.so.6
7271c2dff000-7271c2e03000 r--p 001fe000 08:03 1410238                    /usr/lib/x86_64-linux-gnu/libc.so.6
7271c2e03000-7271c2e05000 rw-p 00202000 08:03 1410238                    /usr/lib/x86_64-linux-gnu/libc.so.6
7271c2e05000-7271c2e12000 rw-p 00000000 00:00 0 
7271c2e14000-7271c2e16000 r--p 00000000 fc:00 49676365                   /mydata/openjdk-mmtk/build/b0test/images/jdk/lib/libzip.so
7271c2e16000-7271c2e1b000 r-xp 00002000 fc:00 49676365                   /mydata/openjdk-mmtk/build/b0test/images/jdk/lib/libzip.so
7271c2e1b000-7271c2e1d000 r--p 00007000 fc:00 49676365                   /mydata/openjdk-mmtk/build/b0test/images/jdk/lib/libzip.so
7271c2e1d000-7271c2e1e000 r--p 00008000 fc:00 49676365                   /mydata/openjdk-mmtk/build/b0test/images/jdk/lib/libzip.so
7271c2e1e000-7271c2e1f000 rw-p 00009000 fc:00 49676365                   /mydata/openjdk-mmtk/build/b0test/images/jdk/lib/libzip.so
7271c2e1f000-7271c2e27000 rw-p 00000000 00:00 0 
7271c2e27000-7271c2e2f000 ---p 00000000 00:00 0 
7271c2e2f000-7271c2e37000 rw-s 00000000 08:03 237599                     /tmp/hsperfdata_root/320216
7271c2e37000-7271c2e3b000 r--p 00000000 fc:00 49676355                   /mydata/openjdk-mmtk/build/b0test/images/jdk/lib/libjimage.so
7271c2e3b000-7271c2e52000 r-xp 00004000 fc:00 49676355                   /mydata/openjdk-mmtk/build/b0test/images/jdk/lib/libjimage.so
7271c2e52000-7271c2e57000 r--p 0001b000 fc:00 49676355                   /mydata/openjdk-mmtk/build/b0test/images/jdk/lib/libjimage.so
7271c2e57000-7271c2e59000 r--p 00020000 fc:00 49676355                   /mydata/openjdk-mmtk/build/b0test/images/jdk/lib/libjimage.so
7271c2e59000-7271c2e5a000 rw-p 00022000 fc:00 49676355                   /mydata/openjdk-mmtk/build/b0test/images/jdk/lib/libjimage.so
7271c2e5a000-7271c2e5e000 r--p 00000000 08:03 1410148                    /usr/lib/x86_64-linux-gnu/libgcc_s.so.1
7271c2e5e000-7271c2e82000 r-xp 00004000 08:03 1410148                    /usr/lib/x86_64-linux-gnu/libgcc_s.so.1
7271c2e82000-7271c2e86000 r--p 00028000 08:03 1410148                    /usr/lib/x86_64-linux-gnu/libgcc_s.so.1
7271c2e86000-7271c2e87000 r--p 0002b000 08:03 1410148                    /usr/lib/x86_64-linux-gnu/libgcc_s.so.1
7271c2e87000-7271c2e88000 rw-p 0002c000 08:03 1410148                    /usr/lib/x86_64-linux-gnu/libgcc_s.so.1
7271c2e88000-7271c2e98000 r--p 00000000 08:03 1411099                    /usr/lib/x86_64-linux-gnu/libm.so.6
7271c2e98000-7271c2f17000 r-xp 00010000 08:03 1411099                    /usr/lib/x86_64-linux-gnu/libm.so.6
7271c2f17000-7271c2f6f000 r--p 0008f000 08:03 1411099                    /usr/lib/x86_64-linux-gnu/libm.so.6
7271c2f6f000-7271c2f70000 r--p 000e7000 08:03 1411099                    /usr/lib/x86_64-linux-gnu/libm.so.6
7271c2f70000-7271c2f71000 rw-p 000e8000 08:03 1411099                    /usr/lib/x86_64-linux-gnu/libm.so.6
7271c2f71000-7271c2f73000 rw-p 00000000 00:00 0 
7271c2f73000-7271c2f75000 r--p 00000000 08:03 1409104                    /usr/lib/x86_64-linux-gnu/libz.so.1.3
7271c2f75000-7271c2f87000 r-xp 00002000 08:03 1409104                    /usr/lib/x86_64-linux-gnu/libz.so.1.3
7271c2f87000-7271c2f8d000 r--p 00014000 08:03 1409104                    /usr/lib/x86_64-linux-gnu/libz.so.1.3
7271c2f8d000-7271c2f8e000 r--p 0001a000 08:03 1409104                    /usr/lib/x86_64-linux-gnu/libz.so.1.3
7271c2f8e000-7271c2f8f000 rw-p 0001b000 08:03 1409104                    /usr/lib/x86_64-linux-gnu/libz.so.1.3
7271c2f94000-7271c2f95000 rw-s 00000000 00:10 68                         anon_inode:bpf-map
7271c2f95000-7271c2f96000 r--s 00000000 00:10 68                         anon_inode:bpf-map
7271c2f96000-7271c2f97000 ---p 00000000 00:00 0 
7271c2f97000-7271c2f98000 r--p 00000000 00:00 0 
7271c2f98000-7271c2f99000 ---p 00000000 00:00 0 
7271c2f99000-7271c2f9b000 r--p 00000000 fc:00 49676357                   /mydata/openjdk-mmtk/build/b0test/images/jdk/lib/libjli.so
7271c2f9b000-7271c2fa5000 r-xp 00002000 fc:00 49676357                   /mydata/openjdk-mmtk/build/b0test/images/jdk/lib/libjli.so
7271c2fa5000-7271c2fa8000 r--p 0000c000 fc:00 49676357                   /mydata/openjdk-mmtk/build/b0test/images/jdk/lib/libjli.so
7271c2fa8000-7271c2fa9000 r--p 0000f000 fc:00 49676357                   /mydata/openjdk-mmtk/build/b0test/images/jdk/lib/libjli.so
7271c2fa9000-7271c2faa000 rw-p 00010000 fc:00 49676357                   /mydata/openjdk-mmtk/build/b0test/images/jdk/lib/libjli.so
7271c2faa000-7271c2fac000 rw-p 00000000 00:00 0 
7271c2fac000-7271c2fb0000 r--p 00000000 00:00 0                          [vvar]
7271c2fb0000-7271c2fb2000 r--p 00000000 00:00 0                          [vvar_vclock]
7271c2fb2000-7271c2fb4000 r-xp 00000000 00:00 0                          [vdso]
7271c2fb4000-7271c2fb5000 r--p 00000000 08:03 1409763                    /usr/lib/x86_64-linux-gnu/ld-linux-x86-64.so.2
7271c2fb5000-7271c2fe0000 r-xp 00001000 08:03 1409763                    /usr/lib/x86_64-linux-gnu/ld-linux-x86-64.so.2
7271c2fe0000-7271c2fea000 r--p 0002c000 08:03 1409763                    /usr/lib/x86_64-linux-gnu/ld-linux-x86-64.so.2
7271c2fea000-7271c2fec000 r--p 00036000 08:03 1409763                    /usr/lib/x86_64-linux-gnu/ld-linux-x86-64.so.2
7271c2fec000-7271c2fee000 rw-p 00038000 08:03 1409763                    /usr/lib/x86_64-linux-gnu/ld-linux-x86-64.so.2
7ffd26181000-7ffd261a2000 rw-p 00000000 00:00 0                          [stack]
ffffffffff600000-ffffffffff601000 --xp 00000000 00:00 0                  [vsyscall]
Total number of mappings: 539

JVMTI agents: none


VM Arguments:
jvm_args: -XX:+UseThirdPartyHeap -Xms512m -Xmx512m 
java_command: /mydata/dacapo/dacapo-23.11/dacapo-23.11-MR2-chopin.jar xalan -n 3
java_class_path (initial): /mydata/dacapo/dacapo-23.11/dacapo-23.11-MR2-chopin.jar
Launcher Type: SUN_STANDARD

[Global flags]
     intx CICompilerCount                          = 15                                        {product} {ergonomic}
   size_t InitialHeapSize                          = 536870912                                 {product} {command line}
   size_t MaxHeapSize                              = 536870912                                 {product} {command line}
   size_t MinHeapDeltaBytes                        = 524288                                    {product} {ergonomic}
   size_t MinHeapSize                              = 536870912                                 {product} {command line}
    uintx NonNMethodCodeHeapSize                   = 8192380                                {pd product} {ergonomic}
    uintx NonProfiledCodeHeapSize                  = 121732930                              {pd product} {ergonomic}
    uintx ProfiledCodeHeapSize                     = 121732930                              {pd product} {ergonomic}
    uintx ReservedCodeCacheSize                    = 251658240                              {pd product} {ergonomic}
     bool SegmentedCodeCache                       = true                                      {product} {ergonomic}
   size_t SoftMaxHeapSize                          = 536870912                              {manageable} {ergonomic}
     bool UseCompressedOops                        = true                           {product lp64_product} {ergonomic}

Logging:
Log output configuration:
 #0: stdout all=warning uptime,level,tags foldmultilines=false
 #1: stderr all=off uptime,level,tags foldmultilines=false

Release file:
IMPLEMENTOR="N/A"
JAVA_RUNTIME_VERSION="21.0.9-internal-adhoc.talzuss.openjdk-mmtk"
JAVA_VERSION="21.0.9"
JAVA_VERSION_DATE="2025-10-21"
LIBC="gnu"
MODULES="java.base java.compiler java.datatransfer java.xml java.prefs java.desktop java.instrument java.logging java.management java.security.sasl java.naming java.rmi java.management.rmi java.net.http java.scripting java.security.jgss java.transaction.xa java.sql java.sql.rowset java.xml.crypto java.se java.smartcardio jdk.accessibility jdk.internal.jvmstat jdk.attach jdk.charsets jdk.internal.opt jdk.zipfs jdk.compiler jdk.crypto.ec jdk.crypto.cryptoki jdk.dynalink jdk.internal.ed jdk.editpad jdk.hotspot.agent jdk.httpserver jdk.incubator.vector jdk.internal.le jdk.internal.vm.ci jdk.internal.vm.compiler jdk.internal.vm.compiler.management jdk.jartool jdk.javadoc jdk.jcmd jdk.management jdk.management.agent jdk.jconsole jdk.jdeps jdk.jdwp.agent jdk.jdi jdk.jfr jdk.jlink jdk.jpackage jdk.jshell jdk.jsobject jdk.jstatd jdk.localedata jdk.management.jfr jdk.naming.dns jdk.naming.rmi jdk.net jdk.nio.mapmode jdk.random jdk.sctp jdk.security.auth jdk.security.jgss jdk.unsupported jdk.unsupported.desktop jdk.xml.dom"
OS_ARCH="x86_64"
OS_NAME="Linux"
SOURCE=".:git:b557520f04b3+"

Environment Variables:
PATH=/usr/local/sbin:/usr/local/bin:/usr/sbin:/usr/bin:/sbin:/bin:/snap/bin
SHELL=/bin/bash
LANG=en_US.UTF-8
TERM=tmux-256color

Active Locale:
LC_ALL=en_US.UTF-8
LC_COLLATE=en_US.UTF-8
LC_CTYPE=en_US.UTF-8
LC_MESSAGES=en_US.UTF-8
LC_MONETARY=en_US.UTF-8
LC_NUMERIC=en_US.UTF-8
LC_TIME=en_US.UTF-8

Signal Handlers:
   SIGSEGV: crash_handler in libjvm.so, mask=11100100010111111101111111111110, flags=SA_RESTART|SA_SIGINFO, unblocked
    SIGBUS: crash_handler in libjvm.so, mask=11100100010111111101111111111110, flags=SA_RESTART|SA_SIGINFO, unblocked
    SIGFPE: crash_handler in libjvm.so, mask=11100100010111111101111111111110, flags=SA_RESTART|SA_SIGINFO, unblocked
   SIGPIPE: javaSignalHandler in libjvm.so, mask=11100100010111111101111111111110, flags=SA_RESTART|SA_SIGINFO, blocked
   SIGXFSZ: javaSignalHandler in libjvm.so, mask=11100100010111111101111111111110, flags=SA_RESTART|SA_SIGINFO, blocked
    SIGILL: crash_handler in libjvm.so, mask=11100100010111111101111111111110, flags=SA_RESTART|SA_SIGINFO, unblocked
   SIGUSR2: SR_handler in libjvm.so, mask=00000000000000000000000000000000, flags=SA_RESTART|SA_SIGINFO, blocked
    SIGHUP: UserHandler in libjvm.so, mask=11100100010111111101111111111110, flags=SA_RESTART|SA_SIGINFO, blocked
    SIGINT: UserHandler in libjvm.so, mask=11100100010111111101111111111110, flags=SA_RESTART|SA_SIGINFO, blocked
   SIGTERM: UserHandler in libjvm.so, mask=11100100010111111101111111111110, flags=SA_RESTART|SA_SIGINFO, blocked
   SIGQUIT: UserHandler in libjvm.so, mask=11100100010111111101111111111110, flags=SA_RESTART|SA_SIGINFO, blocked
   SIGTRAP: crash_handler in libjvm.so, mask=11100100010111111101111111111110, flags=SA_RESTART|SA_SIGINFO, unblocked


Periodic native trim disabled

---------------  S Y S T E M  ---------------

OS:
DISTRIB_ID=Ubuntu
DISTRIB_RELEASE=24.04
DISTRIB_CODENAME=noble
DISTRIB_DESCRIPTION="Ubuntu 24.04.4 LTS"
uname: Linux 6.17.0-bpf-fault+ #1 SMP PREEMPT_DYNAMIC Mon Jul  6 16:43:12 MDT 2026 x86_64
OS uptime: 0 days 21:23 hours
libc: glibc 2.39 NPTL 2.39 
rlimit (soft/hard): STACK 8192k/infinity , CORE 0k/0k , NPROC 513205/513205 , NOFILE 1048576/1048576 , AS infinity/infinity , CPU infinity/infinity , DATA infinity/infinity , FSIZE infinity/infinity , MEMLOCK 16436528k/16436528k
load average: 0.30 0.81 1.24

/proc/meminfo:
MemTotal:       131492232 kB
MemFree:        73922056 kB
MemAvailable:   116176044 kB
Buffers:          518784 kB
Cached:         41130280 kB
SwapCached:            0 kB
Active:          3684668 kB
Inactive:       40828356 kB
Active(anon):    2880428 kB
Inactive(anon):        0 kB
Active(file):     804240 kB
Inactive(file): 40828356 kB
Unevictable:       41912 kB
Mlocked:           38840 kB
SwapTotal:       8388604 kB
SwapFree:        8388604 kB
Zswap:                 0 kB
Zswapped:              0 kB
Dirty:              5844 kB
Writeback:             0 kB
AnonPages:       2908084 kB
Mapped:          9786084 kB
Shmem:              5316 kB
KReclaimable:    1873076 kB
Slab:            2397132 kB
SReclaimable:    1873076 kB
SUnreclaim:       524056 kB
KernelStack:       12096 kB
PageTables:        57580 kB
SecPageTables:      8800 kB
NFS_Unstable:          0 kB
Bounce:                0 kB
WritebackTmp:          0 kB
CommitLimit:    74134720 kB
Committed_AS:   163232948 kB
VmallocTotal:   34359738367 kB
VmallocUsed:       38016 kB
VmallocChunk:          0 kB
Percpu:            51072 kB
HardwareCorrupted:     0 kB
AnonHugePages:         0 kB
ShmemHugePages:        0 kB
ShmemPmdMapped:        0 kB
FileHugePages:   2168832 kB
FilePmdMapped:         0 kB
Unaccepted:            0 kB
Balloon:               0 kB
HugePages_Total:       0
HugePages_Free:        0
HugePages_Rsvd:        0
HugePages_Surp:        0
Hugepagesize:       2048 kB
Hugetlb:               0 kB
DirectMap4k:      746304 kB
DirectMap2M:    25055232 kB
DirectMap1G:    108003328 kB

/sys/kernel/mm/transparent_hugepage/enabled: always [madvise] never
/sys/kernel/mm/transparent_hugepage/hpage_pmd_size: 2097152
/sys/kernel/mm/transparent_hugepage/defrag (defrag/compaction efforts parameter): always defer defer+madvise [madvise] never

Process Memory:
Virtual Size: 13620281812K (peak: 13620281812K)
Resident Set Size: 4169080K (peak: 4169080K) (anon: 995768K, file: 3173312K, shmem: 0K)
Swapped out: 0K
C-Heap outstanding allocations: 1393740K, retained: 39883K
glibc malloc tunables: (default)

/proc/sys/kernel/threads-max (system-wide limit on the number of threads): 1026411
/proc/sys/vm/max_map_count (maximum number of memory map areas a process may have): 1048576
/proc/sys/vm/swappiness (control to define how aggressively the kernel swaps out anonymous memory): 60
/proc/sys/kernel/pid_max (system-wide limit on number of process identifiers): 4194304

container information not found.
Steal ticks since vm start: 0
Steal ticks percentage since vm start:  0.000

CPU: total 32 (initial active 32) (32 cores per cpu, 2 threads per core) family 23 model 49 stepping 0 microcode 0x830107c, cx8, cmov, fxsr, ht, mmx, 3dnowpref, sse, sse2, sse3, ssse3, sse4a, sse4.1, sse4.2, popcnt, lzcnt, tsc, tscinvbit, avx, avx2, aes, clmul, bmi1, bmi2, adx, sha, fma, vzeroupper, clflush, clflushopt, rdtscp, rdpid, f16c
CPU Model and flags from /proc/cpuinfo:
model name	: AMD EPYC 7302P 16-Core Processor
flags		: fpu vme de pse tsc msr pae mce cx8 apic sep mtrr pge mca cmov pat pse36 clflush mmx fxsr sse sse2 ht syscall nx mmxext fxsr_opt pdpe1gb rdtscp lm constant_tsc rep_good nopl xtopology nonstop_tsc cpuid extd_apicid aperfmperf rapl pni pclmulqdq monitor ssse3 fma cx16 sse4_1 sse4_2 movbe popcnt aes xsave avx f16c rdrand lahf_lm cmp_legacy svm extapic cr8_legacy abm sse4a misalignsse 3dnowprefetch osvw ibs skinit wdt tce topoext perfctr_core perfctr_nb bpext perfctr_llc mwaitx cpb cat_l3 cdp_l3 hw_pstate ssbd mba ibrs ibpb stibp vmmcall fsgsbase bmi1 avx2 smep bmi2 cqm rdt_a rdseed adx smap clflushopt clwb sha_ni xsaveopt xsavec xgetbv1 xsaves cqm_llc cqm_occup_llc cqm_mbm_total cqm_mbm_local clzero irperf xsaveerptr rdpru wbnoinvd amd_ppin arat npt lbrv svm_lock nrip_save tsc_scale vmcb_clean flushbyasid decodeassists pausefilter pfthreshold avic v_vmsave_vmload vgif v_spec_ctrl umip rdpid overflow_recov succor smca sev sev_es

Online cpus: 0-31
Offline cpus: 
BIOS frequency limitation: <Not Available>
Frequency switch latency (ns): <Not Available>
Available cpu frequencies: <Not Available>
Current governor: <Not Available>
Core performance/turbo boost: <Not Available>

Memory: 4k page, physical 131492232k(116176044k free), swap 8388604k(8388604k free)
Page Sizes: 4k

vm_info: OpenJDK 64-Bit Server VM (21.0.9-internal-adhoc.talzuss.openjdk-mmtk) for linux-amd64 JRE (21.0.9-internal-adhoc.talzuss.openjdk-mmtk), built on 2026-07-06T23:13:08Z by "talzuss" with gcc 13.3.0
heap_info: MMTk OpenJDK 0.32.0 (a3bb9ef-dirty), using MMTk 0.32.0 (6afa497-dirty, BUILTIN_ENV_LOGGER, DEFAULT, EAGER_SWEEPING, VO_BIT)

END.
