#
# A fatal error has been detected by the Java Runtime Environment:
#
#  SIGSEGV (0xb) at pc=0x000072acfbeaf087, pid=316095, tid=316117
#
# JRE version: OpenJDK Runtime Environment (21.0.9) (build 21.0.9-internal-adhoc.talzuss.openjdk-mmtk)
# Java VM: OpenJDK 64-Bit Server VM (21.0.9-internal-adhoc.talzuss.openjdk-mmtk, mixed mode, sharing, tiered, compressed oops, compressed class ptrs, third-party gc, linux-amd64)
# Problematic frame:
# C  [libmmtk_openjdk.so+0x2af087]  _$LT$mmtk..plan..concurrent..immix..gc_work..SatbFinalDrain$LT$VM$GT$$u20$as$u20$mmtk..scheduler..work..GCWork$LT$VM$GT$$GT$::do_work::h99199484dacfec84+0x477
#
# Core dump will be written. Default location: Core dumps may be processed with "/usr/share/apport/apport -p%p -s%s -c%c -d%d -P%P -u%u -g%g -F%F -- %E" (or dumping to /mydata/gc-bpf-fault/micro/core.316095)
#
# If you would like to submit a bug report, please visit:
#   https://bugreport.java.com/bugreport/crash.jsp
#

---------------  S U M M A R Y ------------

Command Line: -XX:+UseThirdPartyHeap -Xms512m -Xmx512m /mydata/dacapo/dacapo-23.11/dacapo-23.11-MR2-chopin.jar xalan -n 3

Host: AMD EPYC 7302P 16-Core Processor, 32 cores, 125G, Ubuntu 24.04.4 LTS
Time: Tue Jul  7 14:06:44 2026 MDT elapsed time: 3.085389 seconds (0d 0h 0m 3s)

---------------  T H R E A D  ---------------

Current thread (0x000072acf453ab80):  NamedThread "MMTk Collector Thread" [id=316117, stack(0x0000660006ff7000,0x00006600070f7000) (1024K)]

Stack: [0x0000660006ff7000,0x00006600070f7000],  sp=0x00006600070f5910,  free space=1018k
Native frames: (J=compiled Java code, j=interpreted, Vv=VM code, C=native code)
C  [libmmtk_openjdk.so+0x2af087]  _$LT$mmtk..plan..concurrent..immix..gc_work..SatbFinalDrain$LT$VM$GT$$u20$as$u20$mmtk..scheduler..work..GCWork$LT$VM$GT$$GT$::do_work::h99199484dacfec84+0x477

siginfo: si_signo: 11 (SIGSEGV), si_code: 1 (SEGV_MAPERR), si_addr: 0x000072ae5bc7bba8

Registers:
RAX=0x0000000058000000, RBX=0x0000000000000057, RCX=0x000072acfbc7bba8, RDX=0x000065ffbf000000
RSP=0x00006600070f5910, RBP=0x000000004139fff8, RSI=0x000000004139fff8, RDI=0x000065ffbf000001
R8 =0x000065ff700008e0, R9 =0x0000000000000200, R10=0x000065ff68000030, R11=0x1f12f3c4b8d4660a
R12=0x0000000000274200, R13=0x000072acfc001880, R14=0x00000000413a0f88, R15=0x0000000000274200
RIP=0x000072acfbeaf087, EFLAGS=0x0000000000010202, CSGSFS=0x002b000000000033, ERR=0x0000000000000004
  TRAPNO=0x000000000000000e

XMM[0]=0x0000000000000000 0x0000000000000000
XMM[1]=0x0000000000000000 0x000065ff68000090
XMM[2]=0x206bffffff18ffff 0xff75570c6f2d2072
XMM[3]=0x0000000000000000 0x00000000ff000000
XMM[4]=0x0000000000000000 0x000065ff68000090
XMM[5]=0x00000000400bf280 0x00000000400bf248
XMM[6]=0x00000000400bf1f0 0x00000000400bf188
XMM[7]=0x00000000400bf070 0x00000000400bf040
XMM[8]=0x00000000400b9428 0x00000000400b9428
XMM[9]=0x0000000000000000 0x0000000000000000
XMM[10]=0x3f3f3f3f3f3f3f3f 0x3f3f3f3f3f3f3f3f
XMM[11]=0x9999999999999999 0x9999999999999999
XMM[12]=0x2020202020202020 0x2020202020202020
XMM[13]=0x0000000000000000 0x0000000000000000
XMM[14]=0x0000000000000000 0x0000000000000000
XMM[15]=0x0000000000000000 0x0000000000000000
  MXCSR=0x00001fa2


Register to memory mapping:

RAX=
[error occurred during error reporting (printing register info), id 0xe0000000, Internal Error (/mydata/mmtk-openjdk/openjdk/share/mmtkHeap.cpp:444)]
RBX=
[error occurred during error reporting (printing register info, attempt 2), id 0xe0000000, Internal Error (/mydata/mmtk-openjdk/openjdk/share/mmtkHeap.cpp:444)]
RCX=
[error occurred during error reporting (printing register info, attempt 3), id 0xe0000000, Internal Error (/mydata/mmtk-openjdk/openjdk/share/mmtkHeap.cpp:444)]
Top of Stack: (sp=0x00006600070f5910)
0x00006600070f5910:   000072acf43dda00 000065ffbf2540c8
0x00006600070f5920:   0000000041375fb0 0000000000010000
0x00006600070f5930:   000065ff680115b0 000000000000bc92
0x00006600070f5940:   0000000000000080 000065ff680091e0
0x00006600070f5950:   0000000000000057 000072acfc001090
0x00006600070f5960:   000000000000003e 0000000000023000
0x00006600070f5970:   00002000013a0000 0000000000008030
0x00006600070f5980:   000072ac00000000 000065ff700024a8
0x00006600070f5990:   000072acf452ac70 0000000000000040
0x00006600070f59a0:   000072acfc001880 00006600070f5a60
0x00006600070f59b0:   00006600070f5970 00006600070f5a58
0x00006600070f59c0:   00006600070f5a50 00006600070f5a2f
0x00006600070f59d0:   00006600070f5a38 00006600070f5928
0x00006600070f59e0:   0000000000000000 000065ff680091e0
0x00006600070f59f0:   000072acf452ac70 000072acf406d080
0x00006600070f5a00:   000072acf406d400 000072acf452ab10
0x00006600070f5a10:   00006600070f5a20 000072acfbeab283
0x00006600070f5a20:   000065ff680091e0 0000000000000001
0x00006600070f5a30:   000065ff68009498 0000000000000400
0x00006600070f5a40:   000065ff68003cc0 00000000000003e1
0x00006600070f5a50:   0000000040000000 00000000413a0000
0x00006600070f5a60:   00000000000013a0 00006600070f5978
0x00006600070f5a70:   000072acfc001880 000072acfc001090
0x00006600070f5a80:   0000000000000080 000065ffbf253e40
0x00006600070f5a90:   000072acf406fb00 00006600070f59f0
0x00006600070f5aa0:   000065ff68005bc8 000065ff68004990
0x00006600070f5ab0:   000072acf406ef00 000072acf406ec00
0x00006600070f5ac0:   000072acf406e900 000072acf406e600
0x00006600070f5ad0:   000072acf406e300 000072acf406e000
0x00006600070f5ae0:   000072acf406dd00 000072acf406da00
0x00006600070f5af0:   000072acf406d700 000072acfc001090
0x00006600070f5b00:   000072acfbfc31f8 000072acfd8add50 

Instructions: (pc=0x000072acfbeaf087)
0x000072acfbeaef87:   44 24 30 48 89 84 24 70 01 00 00 48 85 db 0f 84
0x000072acfbeaef97:   f5 0a 00 00 48 8b 84 24 d8 00 00 00 48 8d 0c d8
0x000072acfbeaefa7:   48 89 8c 24 20 01 00 00 eb 36 66 66 66 66 66 66
0x000072acfbeaefb7:   2e 0f 1f 84 00 00 00 00 00 48 8d 94 24 90 00 00
0x000072acfbeaefc7:   00 e8 a3 17 fd ff 48 8b 84 24 10 01 00 00 48 83
0x000072acfbeaefd7:   c0 08 48 3b 84 24 20 01 00 00 0f 84 a9 0a 00 00
0x000072acfbeaefe7:   48 89 84 24 10 01 00 00 48 8b 30 4c 89 ac 24 90
0x000072acfbeaeff7:   00 00 00 48 8d 84 24 50 01 00 00 48 89 84 24 98
0x000072acfbeaf007:   00 00 00 48 8d 44 24 60 48 89 84 24 a0 00 00 00
0x000072acfbeaf017:   48 8d 84 24 48 01 00 00 48 89 84 24 a8 00 00 00
0x000072acfbeaf027:   48 8d 84 24 40 01 00 00 48 89 84 24 b0 00 00 00
0x000072acfbeaf037:   48 8d 84 24 1f 01 00 00 48 89 84 24 b8 00 00 00
0x000072acfbeaf047:   48 8d 84 24 28 01 00 00 48 89 84 24 c0 00 00 00
0x000072acfbeaf057:   48 8d 44 24 18 48 89 84 24 c8 00 00 00 8b 46 08
0x000072acfbeaf067:   48 8b 15 aa 36 15 00 48 8b 0d ab 36 15 00 48 d3
0x000072acfbeaf077:   e0 48 8d 3c 10 8b 44 10 0c 48 8d 0d 21 cb dc ff
0x000072acfbeaf087:   48 63 04 81 48 01 c8 ff e0 48 89 74 24 10 48 89
0x000072acfbeaf097:   bc 24 78 01 00 00 48 63 87 28 01 00 00 48 85 c0
0x000072acfbeaf0a7:   0f 84 5e 07 00 00 48 8b 94 24 78 01 00 00 48 63
0x000072acfbeaf0b7:   8a ac 00 00 00 48 8d 0c ca 48 63 92 2c 01 00 00
0x000072acfbeaf0c7:   48 8d 34 d1 48 8d 1c d1 48 81 c3 d8 01 00 00 48
0x000072acfbeaf0d7:   8d 04 c6 48 05 d8 01 00 00 48 89 44 24 08 eb 18
0x000072acfbeaf0e7:   66 0f 1f 84 00 00 00 00 00 48 83 c3 08 48 3b 5c
0x000072acfbeaf0f7:   24 08 0f 84 0c 07 00 00 44 8b 63 04 4d 85 e4 74
0x000072acfbeaf107:   e8 4c 63 2b 4c 03 6c 24 10 45 31 ff eb 24 66 66
0x000072acfbeaf117:   2e 0f 1f 84 00 00 00 00 00 48 8b 44 24 20 4a 89
0x000072acfbeaf127:   2c f0 49 ff c6 4c 89 74 24 28 49 ff c7 4d 39 e7
0x000072acfbeaf137:   74 b7 4a 8d 34 bd 00 00 00 00 4c 01 ee 48 89 f0
0x000072acfbeaf147:   48 b9 ff ff ff ff ff ff ff 7f 48 21 c8 48 89 c1
0x000072acfbeaf157:   48 2b 0d 7a 27 15 00 48 89 cf 48 c1 ef 0c 48 3b
0x000072acfbeaf167:   bc 24 50 01 00 00 75 31 48 8b 4c 24 60 48 8b 94
0x000072acfbeaf177:   24 48 01 00 00 48 29 d0 8b 2c 01 48 85 ed 74 aa 


Stack slot to memory mapping:

stack at sp + 0 slots: 
[error occurred during error reporting (inspecting top of stack), id 0xe0000000, Internal Error (/mydata/mmtk-openjdk/openjdk/share/mmtkHeap.cpp:444)]
stack at sp + 1 slots: 
[error occurred during error reporting (inspecting top of stack, attempt 2), id 0xe0000000, Internal Error (/mydata/mmtk-openjdk/openjdk/share/mmtkHeap.cpp:444)]
stack at sp + 2 slots: 
[error occurred during error reporting (inspecting top of stack, attempt 3), id 0xe0000000, Internal Error (/mydata/mmtk-openjdk/openjdk/share/mmtkHeap.cpp:444)]

---------------  P R O C E S S  ---------------

Threads class SMR info:
_java_thread_list=0x000065ff38194970, length=56, elements={
0x000072acf402b240, 0x000072acf4524810, 0x000072acf45260a0, 0x000072acf4527bb0,
0x000072acf45463e0, 0x000072acf4547d30, 0x000072acf45495f0, 0x000072acf454b430,
0x000072acf4554e00, 0x000065ff38045600, 0x000065ff2c001650, 0x000072acf45a4210,
0x000072acf45a7210, 0x000065ff3805a1d0, 0x000065ff2c04f230, 0x000065ff2c050860,
0x000065ff1c0123b0, 0x000072acf47bc540, 0x000072acf47bcf60, 0x000072acf47cf950,
0x000072acf47d0370, 0x000072acf47d16a0, 0x000072acf47d2a70, 0x000072acf47d3f10,
0x000072acf47d5480, 0x000072acf47d6850, 0x000072acf47d7d00, 0x000072acf47d9290,
0x000072acf47da820, 0x000072acf47dbcd0, 0x000072acf47dd180, 0x000072acf43df180,
0x000072acf43e01a0, 0x000072acf43e19e0, 0x000072acf47c8230, 0x000072acf47c9600,
0x000072acf47cab70, 0x000072acf47cc150, 0x000072acf47cd730, 0x000072acf47cebd0,
0x000072acf45bfd00, 0x000072acf45c10f0, 0x000072acf45c2590, 0x000072acf45c3a30,
0x000072acf45c4ed0, 0x000072acf45c6370, 0x000072acf45d58e0, 0x000072acf45d7060,
0x000072acf45d88f0, 0x000065ff140843e0, 0x000065ff2c0c80d0, 0x000065fe90002660,
0x000065ff3812fa40, 0x000065ff200b1cd0, 0x000065fe8c019680, 0x000065ff381934d0
}

Java Threads: ( => current thread )
  0x000072acf402b240 JavaThread "main"                              [_thread_blocked, id=316096, stack(0x000072acfc100000,0x000072acfc200000) (1024K)]
  0x000072acf4524810 JavaThread "Reference Handler"          daemon [_thread_blocked, id=316101, stack(0x000072acf82fe000,0x000072acf83fe000) (1024K)]
  0x000072acf45260a0 JavaThread "Finalizer"                  daemon [_thread_blocked, id=316102, stack(0x000072acf81fe000,0x000072acf82fe000) (1024K)]
  0x000072acf4527bb0 JavaThread "MMTk Finalizer Thread"      daemon [_thread_blocked, id=316103, stack(0x000072acf80fe000,0x000072acf81fe000) (1024K)]
  0x000072acf45463e0 JavaThread "Signal Dispatcher"          daemon [_thread_blocked, id=316127, stack(0x00006600065ed000,0x00006600066ed000) (1024K)]
  0x000072acf4547d30 JavaThread "Service Thread"             daemon [_thread_blocked, id=316128, stack(0x00006600064ed000,0x00006600065ed000) (1024K)]
  0x000072acf45495f0 JavaThread "Monitor Deflation Thread"   daemon [_thread_blocked, id=316129, stack(0x00006600063ed000,0x00006600064ed000) (1024K)]
  0x000072acf454b430 JavaThread "C2 CompilerThread0"         daemon [_thread_in_native, id=316130, stack(0x00006600062ed000,0x00006600063ed000) (1024K)]
  0x000072acf4554e00 JavaThread "C1 CompilerThread0"         daemon [_thread_blocked, id=316131, stack(0x00006600061ed000,0x00006600062ed000) (1024K)]
  0x000065ff38045600 JavaThread "C1 CompilerThread1"         daemon [_thread_blocked, id=316132, stack(0x00006600060ed000,0x00006600061ed000) (1024K)]
  0x000065ff2c001650 JavaThread "C1 CompilerThread2"         daemon [_thread_blocked, id=316133, stack(0x0000660005fed000,0x00006600060ed000) (1024K)]
  0x000072acf45a4210 JavaThread "Notification Thread"        daemon [_thread_blocked, id=316134, stack(0x0000660005eed000,0x0000660005fed000) (1024K)]
  0x000072acf45a7210 JavaThread "Common-Cleaner"             daemon [_thread_blocked, id=316135, stack(0x0000660005ded000,0x0000660005eed000) (1024K)]
  0x000065ff3805a1d0 JavaThread "C2 CompilerThread1"         daemon [_thread_blocked, id=316136, stack(0x0000660005ced000,0x0000660005ded000) (1024K)]
  0x000065ff2c04f230 JavaThread "C1 CompilerThread3"         daemon [_thread_blocked, id=316137, stack(0x0000660005bed000,0x0000660005ced000) (1024K)]
  0x000065ff2c050860 JavaThread "C1 CompilerThread4"         daemon [_thread_blocked, id=316138, stack(0x0000660005aed000,0x0000660005bed000) (1024K)]
  0x000065ff1c0123b0 JavaThread "C2 CompilerThread2"         daemon [_thread_blocked, id=316139, stack(0x00006600059ed000,0x0000660005aed000) (1024K)]
  0x000072acf47bc540 JavaThread "Thread-0"                          [_thread_blocked, id=316141, stack(0x00006600058ed000,0x00006600059ed000) (1024K)]
  0x000072acf47bcf60 JavaThread "Thread-1"                          [_thread_blocked, id=316142, stack(0x00006600057ed000,0x00006600058ed000) (1024K)]
  0x000072acf47cf950 JavaThread "Thread-2"                          [_thread_blocked, id=316143, stack(0x00006600056ed000,0x00006600057ed000) (1024K)]
  0x000072acf47d0370 JavaThread "Thread-3"                          [_thread_blocked, id=316144, stack(0x00006600055ed000,0x00006600056ed000) (1024K)]
  0x000072acf47d16a0 JavaThread "Thread-4"                          [_thread_blocked, id=316145, stack(0x00006600054ed000,0x00006600055ed000) (1024K)]
  0x000072acf47d2a70 JavaThread "Thread-5"                          [_thread_blocked, id=316146, stack(0x00006600053ed000,0x00006600054ed000) (1024K)]
  0x000072acf47d3f10 JavaThread "Thread-6"                          [_thread_blocked, id=316147, stack(0x00006600052ed000,0x00006600053ed000) (1024K)]
  0x000072acf47d5480 JavaThread "Thread-7"                          [_thread_blocked, id=316148, stack(0x00006600051ed000,0x00006600052ed000) (1024K)]
  0x000072acf47d6850 JavaThread "Thread-8"                          [_thread_blocked, id=316149, stack(0x00006600050ed000,0x00006600051ed000) (1024K)]
  0x000072acf47d7d00 JavaThread "Thread-9"                          [_thread_blocked, id=316150, stack(0x0000660004fed000,0x00006600050ed000) (1024K)]
  0x000072acf47d9290 JavaThread "Thread-10"                         [_thread_blocked, id=316151, stack(0x0000660004eed000,0x0000660004fed000) (1024K)]
  0x000072acf47da820 JavaThread "Thread-11"                         [_thread_blocked, id=316152, stack(0x0000660004ded000,0x0000660004eed000) (1024K)]
  0x000072acf47dbcd0 JavaThread "Thread-12"                         [_thread_blocked, id=316153, stack(0x0000660004ced000,0x0000660004ded000) (1024K)]
  0x000072acf47dd180 JavaThread "Thread-13"                         [_thread_blocked, id=316154, stack(0x0000660004bed000,0x0000660004ced000) (1024K)]
  0x000072acf43df180 JavaThread "Thread-14"                         [_thread_blocked, id=316155, stack(0x0000660004aed000,0x0000660004bed000) (1024K)]
  0x000072acf43e01a0 JavaThread "Thread-15"                         [_thread_blocked, id=316156, stack(0x00006600049ed000,0x0000660004aed000) (1024K)]
  0x000072acf43e19e0 JavaThread "Thread-16"                         [_thread_blocked, id=316157, stack(0x00006600048ed000,0x00006600049ed000) (1024K)]
  0x000072acf47c8230 JavaThread "Thread-17"                         [_thread_blocked, id=316158, stack(0x00006600047ed000,0x00006600048ed000) (1024K)]
  0x000072acf47c9600 JavaThread "Thread-18"                         [_thread_blocked, id=316159, stack(0x00006600046ed000,0x00006600047ed000) (1024K)]
  0x000072acf47cab70 JavaThread "Thread-19"                         [_thread_blocked, id=316160, stack(0x00006600045ed000,0x00006600046ed000) (1024K)]
  0x000072acf47cc150 JavaThread "Thread-20"                         [_thread_blocked, id=316161, stack(0x00006600044ed000,0x00006600045ed000) (1024K)]
  0x000072acf47cd730 JavaThread "Thread-21"                         [_thread_blocked, id=316162, stack(0x00006600043ed000,0x00006600044ed000) (1024K)]
  0x000072acf47cebd0 JavaThread "Thread-22"                         [_thread_blocked, id=316163, stack(0x00006600042ed000,0x00006600043ed000) (1024K)]
  0x000072acf45bfd00 JavaThread "Thread-23"                         [_thread_blocked, id=316164, stack(0x00006600041ed000,0x00006600042ed000) (1024K)]
  0x000072acf45c10f0 JavaThread "Thread-24"                         [_thread_blocked, id=316165, stack(0x00006600040ed000,0x00006600041ed000) (1024K)]
  0x000072acf45c2590 JavaThread "Thread-25"                         [_thread_blocked, id=316166, stack(0x000065ffbef00000,0x000065ffbf000000) (1024K)]
  0x000072acf45c3a30 JavaThread "Thread-26"                         [_thread_blocked, id=316167, stack(0x000065ffbee00000,0x000065ffbef00000) (1024K)]
  0x000072acf45c4ed0 JavaThread "Thread-27"                         [_thread_blocked, id=316168, stack(0x000065ffbed00000,0x000065ffbee00000) (1024K)]
  0x000072acf45c6370 JavaThread "Thread-28"                         [_thread_blocked, id=316169, stack(0x000065ffbec00000,0x000065ffbed00000) (1024K)]
  0x000072acf45d58e0 JavaThread "Thread-29"                         [_thread_blocked, id=316170, stack(0x000065ffbeb00000,0x000065ffbec00000) (1024K)]
  0x000072acf45d7060 JavaThread "Thread-30"                         [_thread_blocked, id=316171, stack(0x000065ffbea00000,0x000065ffbeb00000) (1024K)]
  0x000072acf45d88f0 JavaThread "Thread-31"                         [_thread_blocked, id=316172, stack(0x000065ffbe900000,0x000065ffbea00000) (1024K)]
  0x000065ff140843e0 JavaThread "C2 CompilerThread3"         daemon [_thread_blocked, id=316173, stack(0x000065ffbe800000,0x000065ffbe900000) (1024K)]
  0x000065ff2c0c80d0 JavaThread "C2 CompilerThread4"         daemon [_thread_blocked, id=316174, stack(0x000065ffbe700000,0x000065ffbe800000) (1024K)]
  0x000065fe90002660 JavaThread "C2 CompilerThread5"         daemon [_thread_blocked, id=316175, stack(0x000065ffbe600000,0x000065ffbe700000) (1024K)]
  0x000065ff3812fa40 JavaThread "C2 CompilerThread6"         daemon [_thread_blocked, id=316176, stack(0x000065ffbe500000,0x000065ffbe600000) (1024K)]
  0x000065ff200b1cd0 JavaThread "C2 CompilerThread7"         daemon [_thread_blocked, id=316177, stack(0x000065ffbe400000,0x000065ffbe500000) (1024K)]
  0x000065fe8c019680 JavaThread "C2 CompilerThread8"         daemon [_thread_blocked, id=316178, stack(0x000065ffbe300000,0x000065ffbe400000) (1024K)]
  0x000065ff381934d0 JavaThread "C2 CompilerThread9"         daemon [_thread_in_native, id=316179, stack(0x000065ffbe200000,0x000065ffbe300000) (1024K)]
Total: 56

Other Threads:
  0x000072acf4519370 VMThread "VM Thread"                           [id=316100, stack(0x000072acf83ff000,0x000072acf84ff000) (1024K)]
  0x000072acf4506fa0 WatcherThread "VM Periodic Task Thread"        [id=316099, stack(0x000072acf8500000,0x000072acf8600000) (1024K)]

=>0x000072acf453ab80 (exited) NamedThread "MMTk Collector Thread"   [id=316117, stack(0x0000660006ff7000,0x00006600070f7000) (1024K)]
Total: 3

Threads with active compile tasks:
C2 CompilerThread0  3088 2248   !   4       org.apache.xalan.templates.ElemApplyTemplates::transformSelectedNodes (979 bytes)
C2 CompilerThread1  3088 2976 %     4       java.util.HashMap::putMapEntries @ 110 (170 bytes)
C2 CompilerThread2  3088 2709       4       org.apache.xalan.templates.ElemIf::execute (120 bytes)
C2 CompilerThread3  3088 2732       4       org.apache.xml.serializer.SerializerBase::addAttribute (25 bytes)
C2 CompilerThread4  3088 2974       4       org.apache.xalan.templates.ElemNumber$NumberFormatStringTokenizer::nextToken (113 bytes)
C2 CompilerThread5  3088 2835       4       org.apache.xerces.impl.XMLNSDocumentScannerImpl::scanStartElement (866 bytes)
C2 CompilerThread6  3088 2889   !   4       org.apache.xalan.templates.ElemLiteralResult::execute (312 bytes)
C2 CompilerThread7  3088 2372   !   4       java.io.FileOutputStream::write (47 bytes)
C2 CompilerThread8  3088 2637   !   4       org.apache.xpath.axes.PredicatedNodeTest::acceptNode (99 bytes)
C2 CompilerThread9  3088 2084   !   4       org.apache.xalan.templates.TemplateList::getTemplateFast (329 bytes)
Total: 10

VM state: at safepoint (normal execution)

VM Mutex/Monitor currently owned by a thread:  ([mutex/lock_event])
[0x000072acfd7580d0] Threads_lock - owner thread: 0x000072acf4519370
[0x000072acfd757fd0] Heap_lock - owner thread: 0x000072acf43e27e0

Heap address: 0x0000000040000000, size: 3072 MB, Compressed Oops mode: 32-bit

CDS archive(s) mapped at: [0x000065ffbf000000-0x000065ffbfca3000-0x000065ffbfca3000), size 13250560, SharedBaseAddress: 0x000065ffbf000000, ArchiveRelocationMode: 1.
Compressed class space mapped at: 0x000065ffc0000000-0x0000660000000000, reserved size: 1073741824
Narrow klass base: 0x000065ffbf000000, Narrow klass shift: 0, Narrow klass range: 0x100000000

GC Precious Log:
<Empty>

Heap:

[error occurred during error reporting (printing heap information), id 0xe0000000, Internal Error (/mydata/mmtk-openjdk/openjdk/share/mmtkHeap.cpp:424)]
Metaspace:

Usage:
  Non-class:      7.02 MB used.
      Class:    967.59 KB used.
       Both:      7.96 MB used.

Virtual space:
  Non-class space:       64.00 MB reserved,       7.19 MB ( 11%) committed,  1 nodes.
      Class space:        1.00 GB reserved,       1.06 MB ( <1%) committed,  1 nodes.
             Both:        1.06 GB reserved,       8.25 MB ( <1%) committed. 

Chunk freelists:
   Non-Class:  7.36 MB
       Class:  14.99 MB
        Both:  22.35 MB

MaxMetaspaceSize: unlimited
CompressedClassSpaceSize: 1.00 GB
Initial GC threshold: 21.00 MB
Current GC threshold: 21.00 MB
CDS: on
 - commit_granule_bytes: 65536.
 - commit_granule_words: 8192.
 - virtual_space_node_default_size: 8388608.
 - enlarge_chunks_in_place: 1.
 - use_allocation_guard: 0.


Internal statistics:

num_allocs_failed_limit: 0.
num_arena_births: 126.
num_arena_deaths: 0.
num_vsnodes_births: 2.
num_vsnodes_deaths: 0.
num_space_committed: 132.
num_space_uncommitted: 0.
num_chunks_returned_to_freelist: 0.
num_chunks_taken_from_freelist: 378.
num_chunk_merges: 0.
num_chunk_splits: 263.
num_chunks_enlarged: 200.
num_inconsistent_stats: 0.

CodeHeap 'non-profiled nmethods': size=118880Kb used=1418Kb max_used=1418Kb free=117461Kb
 bounds [0x000072ace43e8000, 0x000072ace4658000, 0x000072aceb800000]
CodeHeap 'profiled nmethods': size=118876Kb used=6288Kb max_used=6288Kb free=112587Kb
 bounds [0x000072acdc800000, 0x000072acdce30000, 0x000072ace3c17000]
CodeHeap 'non-nmethods': size=8004Kb used=3555Kb max_used=3618Kb free=4448Kb
 bounds [0x000072ace3c17000, 0x000072ace3fa7000, 0x000072ace43e8000]
CodeCache: size=245760Kb, used=11261Kb, max_used=11324Kb, free=234496Kb
 total_blobs=3380, nmethods=2894, adapters=381, full_count=0
Compilation: enabled, stopped_count=0, restarted_count=0

Compilation events (20 events):
Event: 3.056 Thread 0x000065ff2c0c80d0 2974       4       org.apache.xalan.templates.ElemNumber$NumberFormatStringTokenizer::nextToken (113 bytes)
Event: 3.056 Thread 0x000065fe8c019680 nmethod 2838 0x000072ace4533210 code [0x000072ace4533400, 0x000072ace45337a0]
Event: 3.056 Thread 0x000065fe8c019680 2973       4       java.util.HashMap::clear (50 bytes)
Event: 3.056 Thread 0x000065fe8c019680 nmethod 2973 0x000072ace4533b90 code [0x000072ace4533d00, 0x000072ace4533db0]
Event: 3.056 Thread 0x000065fe8c019680 2637   !   4       org.apache.xpath.axes.PredicatedNodeTest::acceptNode (99 bytes)
Event: 3.057 Thread 0x000065ff3805a1d0 nmethod 2834% 0x000072ace4533e90 code [0x000072ace45345c0, 0x000072ace4537d78]
Event: 3.058 Thread 0x000065ff3805a1d0 2976 %     4       java.util.HashMap::putMapEntries @ 110 (170 bytes)
Event: 3.080 Thread 0x000065ff140843e0 nmethod 2398 0x000072ace453a190 code [0x000072ace453a700, 0x000072ace453d998]
Event: 3.080 Thread 0x000065ff1c0123b0 nmethod 2894 0x000072ace453f910 code [0x000072ace453fce0, 0x000072ace4541bb8]
Event: 3.080 Thread 0x000065ff140843e0 2736       4       org.apache.xpath.NodeSetDTM::size (5 bytes)
Event: 3.080 Thread 0x000065ff1c0123b0 2677       4       org.apache.xml.serializer.CharInfo$CharKey::equals (20 bytes)
Event: 3.080 Thread 0x000065ff140843e0 nmethod 2736 0x000072ace4543090 code [0x000072ace4543200, 0x000072ace4543288]
Event: 3.080 Thread 0x000065ff140843e0 2842       4       org.apache.xpath.NodeSetDTM::elementAt (11 bytes)
Event: 3.081 Thread 0x000065ff200b1cd0 nmethod 2404 0x000072ace4543390 code [0x000072ace4543920, 0x000072ace4547130]
Event: 3.081 Thread 0x000065ff1c0123b0 nmethod 2677 0x000072ace4549490 code [0x000072ace4549620, 0x000072ace4549710]
Event: 3.081 Thread 0x000065ff1c0123b0 2709       4       org.apache.xalan.templates.ElemIf::execute (120 bytes)
Event: 3.081 Thread 0x000065ff200b1cd0 2372   !   4       java.io.FileOutputStream::write (47 bytes)
Event: 3.081 Thread 0x000065ff140843e0 nmethod 2842 0x000072ace4549810 code [0x000072ace45499a0, 0x000072ace4549ac8]
Event: 3.081 Thread 0x000065ff140843e0 2732       4       org.apache.xml.serializer.SerializerBase::addAttribute (25 bytes)
Event: 3.082 Thread 0x000065fe8c019680 nmethod 2637 0x000072ace4549c10 code [0x000072ace4549de0, 0x000072ace454a500]

GC Heap History (0 events):
No events

Dll operation events (7 events):
Event: 0.001 Loaded shared library /mydata/openjdk-mmtk/build/b0test/images/jdk/lib/libjava.so
Event: 2.235 Loaded shared library /mydata/openjdk-mmtk/build/b0test/images/jdk/lib/libjsvml.so
Event: 2.248 Loaded shared library /mydata/openjdk-mmtk/build/b0test/images/jdk/lib/libnio.so
Event: 2.251 Loaded shared library /mydata/openjdk-mmtk/build/b0test/images/jdk/lib/libzip.so
Event: 2.265 Loaded shared library /mydata/openjdk-mmtk/build/b0test/images/jdk/lib/libjimage.so
Event: 2.292 Loaded shared library /mydata/openjdk-mmtk/build/b0test/images/jdk/lib/libnet.so
Event: 2.395 Loaded shared library /mydata/openjdk-mmtk/build/b0test/images/jdk/lib/libverify.so

Deoptimization events (20 events):
Event: 2.929 Thread 0x000072acf47da820 DEOPT UNPACKING pc=0x000072ace3c6a899 sp=0x0000660004eeb248 mode 2
Event: 2.929 Thread 0x000072acf45c6370 DEOPT UNPACKING pc=0x000072ace3c6a899 sp=0x000065ffbecfe248 mode 2
Event: 2.929 Thread 0x000072acf45d88f0 Uncommon trap: trap_request=0xffffff6e fr.pc=0x000072ace44f4274 relative=0x0000000000000374
Event: 2.929 Thread 0x000072acf45d88f0 Uncommon trap: reason=loop_limit_check action=maybe_recompile pc=0x000072ace44f4274 method=org.apache.xml.dtm.ref.DTMDefaultBase.getFirstAttributeIdentity(I)I @ 19 c2
Event: 2.929 Thread 0x000072acf45d88f0 DEOPT PACKING pc=0x000072ace44f4274 sp=0x000065ffbe9fcd90
Event: 2.929 Thread 0x000072acf45d88f0 DEOPT UNPACKING pc=0x000072ace3c6a899 sp=0x000065ffbe9fcd50 mode 2
Event: 2.933 Thread 0x000072acf47c9600 DEOPT PACKING pc=0x000072acdcd4a6e6 sp=0x00006600047eb480
Event: 2.933 Thread 0x000072acf47c9600 DEOPT UNPACKING pc=0x000072ace3c6b02f sp=0x00006600047ea960 mode 0
Event: 2.989 Thread 0x000072acf47c8230 DEOPT PACKING pc=0x000072acdcd5ba80 sp=0x00006600048eb500
Event: 2.989 Thread 0x000072acf47c8230 DEOPT UNPACKING pc=0x000072ace3c6b02f sp=0x00006600048eaaf0 mode 0
Event: 3.017 Thread 0x000072acf47d6850 DEOPT PACKING pc=0x000072acdcd56e3e sp=0x00006600051eb600
Event: 3.017 Thread 0x000072acf47d6850 DEOPT UNPACKING pc=0x000072ace3c6b02f sp=0x00006600051eabf8 mode 0
Event: 3.029 Thread 0x000072acf47bc540 Uncommon trap: trap_request=0xffffff6e fr.pc=0x000072ace451d4a8 relative=0x0000000000000fe8
Event: 3.029 Thread 0x000072acf47bc540 Uncommon trap: reason=loop_limit_check action=maybe_recompile pc=0x000072ace451d4a8 method=org.apache.xalan.templates.ElemLiteralResult.execute(Lorg/apache/xalan/transformer/TransformerImpl;)V @ 110 c2
Event: 3.029 Thread 0x000072acf47bc540 DEOPT PACKING pc=0x000072ace451d4a8 sp=0x00006600059eae90
Event: 3.029 Thread 0x000072acf47bc540 DEOPT UNPACKING pc=0x000072ace3c6a899 sp=0x00006600059eae90 mode 2
Event: 3.031 Thread 0x000072acf45bfd00 Uncommon trap: trap_request=0xffffff6e fr.pc=0x000072ace451d4a8 relative=0x0000000000000fe8
Event: 3.031 Thread 0x000072acf45bfd00 Uncommon trap: reason=loop_limit_check action=maybe_recompile pc=0x000072ace451d4a8 method=org.apache.xalan.templates.ElemLiteralResult.execute(Lorg/apache/xalan/transformer/TransformerImpl;)V @ 110 c2
Event: 3.031 Thread 0x000072acf45bfd00 DEOPT PACKING pc=0x000072ace451d4a8 sp=0x00006600042e9d20
Event: 3.031 Thread 0x000072acf45bfd00 DEOPT UNPACKING pc=0x000072ace3c6a899 sp=0x00006600042e9d20 mode 2

Classes loaded (20 events):
Event: 2.667 Loading class java/util/ResourceBundle$KeyElementReference
Event: 2.667 Loading class java/util/ResourceBundle$CacheKeyReference
Event: 2.667 Loading class java/util/ResourceBundle$CacheKeyReference done
Event: 2.667 Loading class java/util/ResourceBundle$KeyElementReference done
Event: 2.668 Loading class java/util/ResourceBundle$Control$2
Event: 2.668 Loading class java/util/ResourceBundle$Control$2 done
Event: 2.668 Loading class sun/util/PropertyResourceBundleCharset
Event: 2.668 Loading class sun/util/PropertyResourceBundleCharset done
Event: 2.668 Loading class sun/util/PropertyResourceBundleCharset$PropertiesFileDecoder
Event: 2.668 Loading class sun/util/PropertyResourceBundleCharset$PropertiesFileDecoder done
Event: 2.669 Loading class java/util/ResourceBundle$BundleReference
Event: 2.669 Loading class java/util/ResourceBundle$BundleReference done
Event: 2.670 Loading class sun/util/ResourceBundleEnumeration
Event: 2.670 Loading class sun/util/ResourceBundleEnumeration done
Event: 2.678 Loading class sun/nio/cs/ISO_8859_1$Encoder
Event: 2.678 Loading class sun/nio/cs/ISO_8859_1$Encoder done
Event: 2.708 Loading class java/util/ResourceBundle$Control$1
Event: 2.708 Loading class java/util/ResourceBundle$Control$1 done
Event: 2.729 Loading class java/lang/foreign/MemorySegment
Event: 2.729 Loading class java/lang/foreign/MemorySegment done

Classes unloaded (0 events):
No events

Classes redefined (0 events):
No events

Internal exceptions (13 events):
Event: 2.258 Thread 0x000072acf402b240 Exception <a 'java/lang/NoSuchMethodError'{0x000000004033c090}: 'java.lang.Object java.lang.invoke.DirectMethodHandle$Holder.newInvokeSpecial(java.lang.Object, int, java.lang.Object)'> (0x000000004033c090) 
thrown [src/hotspot/share/interpreter/linkResolver.cpp, line 772]
Event: 2.268 Thread 0x000072acf402b240 Exception <a 'java/lang/NoSuchMethodError'{0x0000000040301e28}: 'void java.lang.invoke.DirectMethodHandle$Holder.invokeStatic(java.lang.Object, java.lang.Object)'> (0x0000000040301e28) 
thrown [src/hotspot/share/interpreter/linkResolver.cpp, line 772]
Event: 2.268 Thread 0x000072acf402b240 Exception <a 'java/lang/NoSuchMethodError'{0x0000000040305820}: 'void java.lang.invoke.DirectMethodHandle$Holder.invokeSpecial(java.lang.Object, java.lang.Object, java.lang.Object)'> (0x0000000040305820) 
thrown [src/hotspot/share/interpreter/linkResolver.cpp, line 772]
Event: 2.312 Thread 0x000072acf402b240 Exception <a 'java/lang/NoSuchMethodError'{0x00000000401b5c58}: 'void java.lang.invoke.DirectMethodHandle$Holder.invokeVirtual(java.lang.Object, java.lang.Object)'> (0x00000000401b5c58) 
thrown [src/hotspot/share/interpreter/linkResolver.cpp, line 772]
Event: 2.319 Thread 0x000072acf402b240 Exception <a 'java/io/FileNotFoundException'{0x0000000040180b60}> (0x0000000040180b60) 
thrown [src/hotspot/share/prims/jni.cpp, line 520]
Event: 2.330 Thread 0x000072acf402b240 Exception <a 'java/lang/NoSuchMethodError'{0x0000000040121890}: 'java.lang.Object java.lang.invoke.Invokers$Holder.invokeExact_MT(java.lang.Object, java.lang.Object, java.lang.Object, java.lang.Object, java.lang.Object)'> (0x0000000040121890) 
thrown [src/hotspot/share/interpreter/linkResolver.cpp, line 772]
Event: 2.520 Thread 0x000072acf402b240 Exception <a 'java/lang/NoSuchMethodError'{0x0000000040ebaeb0}: 'void java.lang.invoke.DirectMethodHandle$Holder.invokeVirtual(java.lang.Object, java.lang.Object, int)'> (0x0000000040ebaeb0) 
thrown [src/hotspot/share/interpreter/linkResolver.cpp, line 772]
Event: 2.520 Thread 0x000072acf402b240 Exception <a 'java/lang/NoSuchMethodError'{0x0000000040ebf5d8}: 'int java.lang.invoke.DirectMethodHandle$Holder.invokeSpecial(java.lang.Object, java.lang.Object, java.lang.Object, int)'> (0x0000000040ebf5d8) 
thrown [src/hotspot/share/interpreter/linkResolver.cpp, line 772]
Event: 2.522 Thread 0x000072acf402b240 Exception <a 'java/lang/NoSuchMethodError'{0x0000000040e98930}: 'java.lang.Object java.lang.invoke.DirectMethodHandle$Holder.invokeStatic(java.lang.Object, java.lang.Object, java.lang.Object, java.lang.Object, int)'> (0x0000000040e98930) 
thrown [src/hotspot/share/interpreter/linkResolver.cpp, line 772]
Event: 2.523 Thread 0x000072acf402b240 Exception <a 'java/lang/NoSuchMethodError'{0x0000000040e93b30}: 'void java.lang.invoke.DelegatingMethodHandle$Holder.reinvoke_L(java.lang.Object, java.lang.Object, int)'> (0x0000000040e93b30) 
thrown [src/hotspot/share/interpreter/linkResolver.cpp, line 772]
Event: 2.524 Thread 0x000072acf402b240 Exception <a 'java/lang/NoSuchMethodError'{0x0000000040e8a8a0}: 'int java.lang.invoke.DirectMethodHandle$Holder.invokeSpecial(java.lang.Object, java.lang.Object, java.lang.Object)'> (0x0000000040e8a8a0) 
thrown [src/hotspot/share/interpreter/linkResolver.cpp, line 772]
Event: 2.596 Thread 0x000072acf402b240 Exception <a 'java/lang/NoSuchMethodError'{0x00000000413bc670}: 'void java.lang.invoke.DelegatingMethodHandle$Holder.reinvoke_L(java.lang.Object, java.lang.Object, int, int)'> (0x00000000413bc670) 
thrown [src/hotspot/share/interpreter/linkResolver.cpp, line 772]
Event: 2.665 Thread 0x000072acf45c10f0 Exception <a 'java/lang/NoSuchMethodError'{0x00000000408e8188}: 'java.lang.Object java.lang.invoke.DirectMethodHandle$Holder.invokeInterface(java.lang.Object, java.lang.Object)'> (0x00000000408e8188) 
thrown [src/hotspot/share/interpreter/linkResolver.cpp, line 772]

ZGC Phase Switch (0 events):
No events

VM Operations (20 events):
Event: 2.712 Executing VM operation: HandshakeAllThreads (Deoptimize) done
Event: 2.753 Executing VM operation: ICBufferFull
Event: 2.754 Executing VM operation: ICBufferFull done
Event: 2.759 Executing VM operation: ICBufferFull
Event: 2.759 Executing VM operation: ICBufferFull done
Event: 2.762 Executing VM operation: ICBufferFull
Event: 2.762 Executing VM operation: ICBufferFull done
Event: 2.854 Executing VM operation: ICBufferFull
Event: 2.854 Executing VM operation: ICBufferFull done
Event: 3.039 Executing VM operation: ICBufferFull
Event: 3.039 Executing VM operation: ICBufferFull done
Event: 3.040 Executing VM operation: ICBufferFull
Event: 3.040 Executing VM operation: ICBufferFull done
Event: 3.044 Executing VM operation: ICBufferFull
Event: 3.044 Executing VM operation: ICBufferFull done
Event: 3.046 Executing VM operation: ICBufferFull
Event: 3.046 Executing VM operation: ICBufferFull done
Event: 3.059 Executing VM operation: ThirdPartyHeapOperation
Event: 3.077 Executing VM operation: ThirdPartyHeapOperation done
Event: 3.082 Executing VM operation: ThirdPartyHeapOperation

Memory protections (20 events):
Event: 2.630 Protecting memory [0x00006600045ed000,0x00006600045f1000] with protection modes 0
Event: 2.631 Protecting memory [0x00006600044ed000,0x00006600044f1000] with protection modes 0
Event: 2.631 Protecting memory [0x00006600043ed000,0x00006600043f1000] with protection modes 0
Event: 2.631 Protecting memory [0x00006600042ed000,0x00006600042f1000] with protection modes 0
Event: 2.631 Protecting memory [0x00006600041ed000,0x00006600041f1000] with protection modes 0
Event: 2.631 Protecting memory [0x00006600040ed000,0x00006600040f1000] with protection modes 0
Event: 2.631 Protecting memory [0x000065ffbef00000,0x000065ffbef04000] with protection modes 0
Event: 2.631 Protecting memory [0x000065ffbee00000,0x000065ffbee04000] with protection modes 0
Event: 2.631 Protecting memory [0x000065ffbed00000,0x000065ffbed04000] with protection modes 0
Event: 2.631 Protecting memory [0x000065ffbec00000,0x000065ffbec04000] with protection modes 0
Event: 2.631 Protecting memory [0x000065ffbeb00000,0x000065ffbeb04000] with protection modes 0
Event: 2.632 Protecting memory [0x000065ffbea00000,0x000065ffbea04000] with protection modes 0
Event: 2.632 Protecting memory [0x000065ffbe900000,0x000065ffbe904000] with protection modes 0
Event: 2.678 Protecting memory [0x000065ffbe800000,0x000065ffbe804000] with protection modes 0
Event: 2.706 Protecting memory [0x000065ffbe700000,0x000065ffbe704000] with protection modes 0
Event: 2.706 Protecting memory [0x000065ffbe600000,0x000065ffbe604000] with protection modes 0
Event: 2.708 Protecting memory [0x000065ffbe500000,0x000065ffbe504000] with protection modes 0
Event: 2.716 Protecting memory [0x000065ffbe400000,0x000065ffbe404000] with protection modes 0
Event: 2.718 Protecting memory [0x000065ffbe300000,0x000065ffbe304000] with protection modes 0
Event: 2.735 Protecting memory [0x000065ffbe200000,0x000065ffbe204000] with protection modes 0

Nmethod flushes (0 events):
No events

Events (20 events):
Event: 2.630 Thread 0x000072acf402b240 Thread added: 0x000072acf47cab70
Event: 2.630 Thread 0x000072acf402b240 Thread added: 0x000072acf47cc150
Event: 2.631 Thread 0x000072acf402b240 Thread added: 0x000072acf47cd730
Event: 2.631 Thread 0x000072acf402b240 Thread added: 0x000072acf47cebd0
Event: 2.631 Thread 0x000072acf402b240 Thread added: 0x000072acf45bfd00
Event: 2.631 Thread 0x000072acf402b240 Thread added: 0x000072acf45c10f0
Event: 2.631 Thread 0x000072acf402b240 Thread added: 0x000072acf45c2590
Event: 2.631 Thread 0x000072acf402b240 Thread added: 0x000072acf45c3a30
Event: 2.631 Thread 0x000072acf402b240 Thread added: 0x000072acf45c4ed0
Event: 2.631 Thread 0x000072acf402b240 Thread added: 0x000072acf45c6370
Event: 2.631 Thread 0x000072acf402b240 Thread added: 0x000072acf45d58e0
Event: 2.631 Thread 0x000072acf402b240 Thread added: 0x000072acf45d7060
Event: 2.632 Thread 0x000072acf402b240 Thread added: 0x000072acf45d88f0
Event: 2.678 Thread 0x000065ff2c050860 Thread added: 0x000065ff140843e0
Event: 2.706 Thread 0x000065ff38045600 Thread added: 0x000065ff2c0c80d0
Event: 2.706 Thread 0x000065ff2c0c80d0 Thread added: 0x000065fe90002660
Event: 2.708 Thread 0x000072acf4554e00 Thread added: 0x000065ff3812fa40
Event: 2.714 Thread 0x000065ff2c04f230 Thread added: 0x000065ff200b1cd0
Event: 2.716 Thread 0x000065ff140843e0 Thread added: 0x000065fe8c019680
Event: 2.735 Thread 0x000072acf4554e00 Thread added: 0x000065ff381934d0


Dynamic libraries:
40000000-40400000 rw-p 00000000 00:00 0                                  [anon:mmtk:space:immix]
40400000-40800000 rw-p 00000000 00:00 0                                  [anon:mmtk:space:los]
40800000-41400000 rw-p 00000000 00:00 0                                  [anon:mmtk:space:immix]
41400000-41800000 rw-p 00000000 00:00 0                                  [anon:mmtk:space:los]
41800000-41c00000 rw-p 00000000 00:00 0                                  [anon:mmtk:space:immix]
41c00000-42000000 rw-p 00000000 00:00 0                                  [anon:mmtk:space:los]
42000000-42400000 rw-p 00000000 00:00 0                                  [anon:mmtk:space:immix]
42400000-42800000 rw-p 00000000 00:00 0                                  [anon:mmtk:space:los]
42800000-43000000 rw-p 00000000 00:00 0                                  [anon:mmtk:space:immix]
43000000-43400000 rw-p 00000000 00:00 0                                  [anon:mmtk:space:los]
43400000-43800000 rw-p 00000000 00:00 0                                  [anon:mmtk:space:immix]
43800000-43c00000 rw-p 00000000 00:00 0                                  [anon:mmtk:space:los]
43c00000-44400000 rw-p 00000000 00:00 0                                  [anon:mmtk:space:immix]
44400000-44800000 rw-p 00000000 00:00 0                                  [anon:mmtk:space:los]
44800000-45000000 rw-p 00000000 00:00 0                                  [anon:mmtk:space:immix]
45000000-45400000 rw-p 00000000 00:00 0                                  [anon:mmtk:space:los]
45400000-45c00000 rw-p 00000000 00:00 0                                  [anon:mmtk:space:immix]
45c00000-46000000 rw-p 00000000 00:00 0                                  [anon:mmtk:space:los]
46000000-46800000 rw-p 00000000 00:00 0                                  [anon:mmtk:space:immix]
46800000-47000000 rw-p 00000000 00:00 0                                  [anon:mmtk:space:los]
47000000-47800000 rw-p 00000000 00:00 0                                  [anon:mmtk:space:immix]
47800000-47c00000 rw-p 00000000 00:00 0                                  [anon:mmtk:space:los]
47c00000-48400000 rw-p 00000000 00:00 0                                  [anon:mmtk:space:immix]
48400000-48800000 rw-p 00000000 00:00 0                                  [anon:mmtk:space:los]
48800000-48c00000 rw-p 00000000 00:00 0                                  [anon:mmtk:space:immix]
48c00000-49000000 rw-p 00000000 00:00 0                                  [anon:mmtk:space:los]
49000000-49400000 rw-p 00000000 00:00 0                                  [anon:mmtk:space:immix]
49400000-49800000 rw-p 00000000 00:00 0                                  [anon:mmtk:space:los]
49800000-4a000000 rw-p 00000000 00:00 0                                  [anon:mmtk:space:immix]
4a000000-4a400000 rw-p 00000000 00:00 0                                  [anon:mmtk:space:los]
4a400000-4a800000 rw-p 00000000 00:00 0                                  [anon:mmtk:space:immix]
4a800000-4ac00000 rw-p 00000000 00:00 0                                  [anon:mmtk:space:los]
4ac00000-4b800000 rw-p 00000000 00:00 0                                  [anon:mmtk:space:immix]
4b800000-4bc00000 rw-p 00000000 00:00 0                                  [anon:mmtk:space:los]
4bc00000-4c000000 rw-p 00000000 00:00 0                                  [anon:mmtk:space:immix]
4c000000-4c400000 rw-p 00000000 00:00 0                                  [anon:mmtk:space:los]
4c400000-4c800000 rw-p 00000000 00:00 0                                  [anon:mmtk:space:immix]
4c800000-4cc00000 rw-p 00000000 00:00 0                                  [anon:mmtk:space:los]
4cc00000-4d400000 rw-p 00000000 00:00 0                                  [anon:mmtk:space:immix]
4d400000-4d800000 rw-p 00000000 00:00 0                                  [anon:mmtk:space:los]
4d800000-4e000000 rw-p 00000000 00:00 0                                  [anon:mmtk:space:immix]
4e000000-4e400000 rw-p 00000000 00:00 0                                  [anon:mmtk:space:los]
4e400000-4e800000 rw-p 00000000 00:00 0                                  [anon:mmtk:space:immix]
4e800000-4ec00000 rw-p 00000000 00:00 0                                  [anon:mmtk:space:los]
4ec00000-4f000000 rw-p 00000000 00:00 0                                  [anon:mmtk:space:immix]
4f000000-4f400000 rw-p 00000000 00:00 0                                  [anon:mmtk:space:los]
4f400000-4fc00000 rw-p 00000000 00:00 0                                  [anon:mmtk:space:immix]
4fc00000-50000000 rw-p 00000000 00:00 0                                  [anon:mmtk:space:los]
50000000-50400000 rw-p 00000000 00:00 0                                  [anon:mmtk:space:immix]
200000000000-2000c00c0000 rw-s 00000000 00:10 68                         anon_inode:bpf-map
63af1b593000-63af1b594000 r--p 00000000 fc:00 49676337                   /mydata/openjdk-mmtk/build/b0test/images/jdk/bin/java
63af1b594000-63af1b595000 r-xp 00001000 fc:00 49676337                   /mydata/openjdk-mmtk/build/b0test/images/jdk/bin/java
63af1b595000-63af1b596000 r--p 00002000 fc:00 49676337                   /mydata/openjdk-mmtk/build/b0test/images/jdk/bin/java
63af1b596000-63af1b597000 r--p 00002000 fc:00 49676337                   /mydata/openjdk-mmtk/build/b0test/images/jdk/bin/java
63af1b597000-63af1b598000 rw-p 00003000 fc:00 49676337                   /mydata/openjdk-mmtk/build/b0test/images/jdk/bin/java
63af4ef2a000-63af4ef72000 rw-p 00000000 00:00 0                          [heap]
65fe74000000-65fe74920000 rw-p 00000000 00:00 0 
65fe74920000-65fe78000000 ---p 00000000 00:00 0 
65fe7c000000-65fe7c8cd000 rw-p 00000000 00:00 0 
65fe7c8cd000-65fe80000000 ---p 00000000 00:00 0 
65fe80000000-65fe80a40000 rw-p 00000000 00:00 0 
65fe80a40000-65fe84000000 ---p 00000000 00:00 0 
65fe84000000-65fe8485e000 rw-p 00000000 00:00 0 
65fe8485e000-65fe88000000 ---p 00000000 00:00 0 
65fe88000000-65fe889d2000 rw-p 00000000 00:00 0 
65fe889d2000-65fe8c000000 ---p 00000000 00:00 0 
65fe8c000000-65fe8c97d000 rw-p 00000000 00:00 0 
65fe8c97d000-65fe90000000 ---p 00000000 00:00 0 
65fe90000000-65fe9079c000 rw-p 00000000 00:00 0 
65fe9079c000-65fe94000000 ---p 00000000 00:00 0 
65fe94000000-65fe94021000 rw-p 00000000 00:00 0 
65fe94021000-65fe98000000 ---p 00000000 00:00 0 
65fe98000000-65fe98021000 rw-p 00000000 00:00 0 
65fe98021000-65fe9c000000 ---p 00000000 00:00 0 
65fe9c000000-65fe9c02e000 rw-p 00000000 00:00 0 
65fe9c02e000-65fea0000000 ---p 00000000 00:00 0 
65fea0000000-65fea0032000 rw-p 00000000 00:00 0 
65fea0032000-65fea4000000 ---p 00000000 00:00 0 
65fea4000000-65fea4078000 rw-p 00000000 00:00 0 
65fea4078000-65fea8000000 ---p 00000000 00:00 0 
65fea8000000-65fea8021000 rw-p 00000000 00:00 0 
65fea8021000-65feac000000 ---p 00000000 00:00 0 
65feac000000-65feac021000 rw-p 00000000 00:00 0 
65feac021000-65feb0000000 ---p 00000000 00:00 0 
65feb0000000-65feb0021000 rw-p 00000000 00:00 0 
65feb0021000-65feb4000000 ---p 00000000 00:00 0 
65feb4000000-65feb402d000 rw-p 00000000 00:00 0 
65feb402d000-65feb8000000 ---p 00000000 00:00 0 
65feb8000000-65feb8021000 rw-p 00000000 00:00 0 
65feb8021000-65febc000000 ---p 00000000 00:00 0 
65febc000000-65febc021000 rw-p 00000000 00:00 0 
65febc021000-65fec0000000 ---p 00000000 00:00 0 
65fec0000000-65fec0021000 rw-p 00000000 00:00 0 
65fec0021000-65fec4000000 ---p 00000000 00:00 0 
65fec4000000-65fec4059000 rw-p 00000000 00:00 0 
65fec4059000-65fec8000000 ---p 00000000 00:00 0 
65fec8000000-65fec8021000 rw-p 00000000 00:00 0 
65fec8021000-65fecc000000 ---p 00000000 00:00 0 
65fecc000000-65fecc021000 rw-p 00000000 00:00 0 
65fecc021000-65fed0000000 ---p 00000000 00:00 0 
65fed0000000-65fed0027000 rw-p 00000000 00:00 0 
65fed0027000-65fed4000000 ---p 00000000 00:00 0 
65fed4000000-65fed4033000 rw-p 00000000 00:00 0 
65fed4033000-65fed8000000 ---p 00000000 00:00 0 
65fed8000000-65fed8022000 rw-p 00000000 00:00 0 
65fed8022000-65fedc000000 ---p 00000000 00:00 0 
65fedc000000-65fedc021000 rw-p 00000000 00:00 0 
65fedc021000-65fee0000000 ---p 00000000 00:00 0 
65fee0000000-65fee004a000 rw-p 00000000 00:00 0 
65fee004a000-65fee4000000 ---p 00000000 00:00 0 
65fee4000000-65fee4022000 rw-p 00000000 00:00 0 
65fee4022000-65fee8000000 ---p 00000000 00:00 0 
65fee8000000-65fee8021000 rw-p 00000000 00:00 0 
65fee8021000-65feec000000 ---p 00000000 00:00 0 
65feec000000-65feec02d000 rw-p 00000000 00:00 0 
65feec02d000-65fef0000000 ---p 00000000 00:00 0 
65fef0000000-65fef004a000 rw-p 00000000 00:00 0 
65fef004a000-65fef4000000 ---p 00000000 00:00 0 
65fef4000000-65fef402a000 rw-p 00000000 00:00 0 
65fef402a000-65fef8000000 ---p 00000000 00:00 0 
65fef8000000-65fef8022000 rw-p 00000000 00:00 0 
65fef8022000-65fefc000000 ---p 00000000 00:00 0 
65fefc000000-65fefc021000 rw-p 00000000 00:00 0 
65fefc021000-65ff00000000 ---p 00000000 00:00 0 
65ff00000000-65ff00021000 rw-p 00000000 00:00 0 
65ff00021000-65ff04000000 ---p 00000000 00:00 0 
65ff04000000-65ff04026000 rw-p 00000000 00:00 0 
65ff04026000-65ff08000000 ---p 00000000 00:00 0 
65ff08000000-65ff0802c000 rw-p 00000000 00:00 0 
65ff0802c000-65ff0c000000 ---p 00000000 00:00 0 
65ff0c000000-65ff0c143000 rw-p 00000000 00:00 0 
65ff0c143000-65ff10000000 ---p 00000000 00:00 0 
65ff10000000-65ff1002b000 rw-p 00000000 00:00 0 
65ff1002b000-65ff14000000 ---p 00000000 00:00 0 
65ff14000000-65ff142d0000 rw-p 00000000 00:00 0 
65ff142d0000-65ff18000000 ---p 00000000 00:00 0 
65ff18000000-65ff187b1000 rw-p 00000000 00:00 0 
65ff187b1000-65ff1c000000 ---p 00000000 00:00 0 
65ff1c000000-65ff1ca1a000 rw-p 00000000 00:00 0 
65ff1ca1a000-65ff20000000 ---p 00000000 00:00 0 
65ff20000000-65ff20275000 rw-p 00000000 00:00 0 
65ff20275000-65ff24000000 ---p 00000000 00:00 0 
65ff24000000-65ff24021000 rw-p 00000000 00:00 0 
65ff24021000-65ff28000000 ---p 00000000 00:00 0 
65ff28000000-65ff28021000 rw-p 00000000 00:00 0 
65ff28021000-65ff2c000000 ---p 00000000 00:00 0 
65ff2c000000-65ff2c2cf000 rw-p 00000000 00:00 0 
65ff2c2cf000-65ff30000000 ---p 00000000 00:00 0 
65ff30000000-65ff30256000 rw-p 00000000 00:00 0 
65ff30256000-65ff34000000 ---p 00000000 00:00 0 
65ff34000000-65ff34dc3000 rw-p 00000000 00:00 0 
65ff34dc3000-65ff38000000 ---p 00000000 00:00 0 
65ff38000000-65ff382a6000 rw-p 00000000 00:00 0 
65ff382a6000-65ff3c000000 ---p 00000000 00:00 0 
65ff3c000000-65ff3c021000 rw-p 00000000 00:00 0 
65ff3c021000-65ff40000000 ---p 00000000 00:00 0 
65ff40000000-65ff40021000 rw-p 00000000 00:00 0 
65ff40021000-65ff44000000 ---p 00000000 00:00 0 
65ff44000000-65ff44021000 rw-p 00000000 00:00 0 
65ff44021000-65ff48000000 ---p 00000000 00:00 0 
65ff48000000-65ff48021000 rw-p 00000000 00:00 0 
65ff48021000-65ff4c000000 ---p 00000000 00:00 0 
65ff4c000000-65ff4c03a000 rw-p 00000000 00:00 0 
65ff4c03a000-65ff50000000 ---p 00000000 00:00 0 
65ff50000000-65ff50022000 rw-p 00000000 00:00 0 
65ff50022000-65ff54000000 ---p 00000000 00:00 0 
65ff54000000-65ff54033000 rw-p 00000000 00:00 0 
65ff54033000-65ff58000000 ---p 00000000 00:00 0 
65ff58000000-65ff58028000 rw-p 00000000 00:00 0 
65ff58028000-65ff5c000000 ---p 00000000 00:00 0 
65ff5c000000-65ff5c032000 rw-p 00000000 00:00 0 
65ff5c032000-65ff60000000 ---p 00000000 00:00 0 
65ff60000000-65ff60032000 rw-p 00000000 00:00 0 
65ff60032000-65ff64000000 ---p 00000000 00:00 0 
65ff64000000-65ff64022000 rw-p 00000000 00:00 0 
65ff64022000-65ff68000000 ---p 00000000 00:00 0 
65ff68000000-65ff680d2000 rw-p 00000000 00:00 0 
65ff680d2000-65ff6c000000 ---p 00000000 00:00 0 
65ff6c000000-65ff6c03b000 rw-p 00000000 00:00 0 
65ff6c03b000-65ff70000000 ---p 00000000 00:00 0 
65ff70000000-65ff700ec000 rw-p 00000000 00:00 0 
65ff700ec000-65ff74000000 ---p 00000000 00:00 0 
65ff74000000-65ff74043000 rw-p 00000000 00:00 0 
65ff74043000-65ff78000000 ---p 00000000 00:00 0 
65ff78000000-65ff78022000 rw-p 00000000 00:00 0 
65ff78022000-65ff7c000000 ---p 00000000 00:00 0 
65ff7c000000-65ff7c024000 rw-p 00000000 00:00 0 
65ff7c024000-65ff80000000 ---p 00000000 00:00 0 
65ff80000000-65ff80022000 rw-p 00000000 00:00 0 
65ff80022000-65ff84000000 ---p 00000000 00:00 0 
65ff84000000-65ff84032000 rw-p 00000000 00:00 0 
65ff84032000-65ff88000000 ---p 00000000 00:00 0 
65ff88000000-65ff88021000 rw-p 00000000 00:00 0 
65ff88021000-65ff8c000000 ---p 00000000 00:00 0 
65ff8c000000-65ff8c02a000 rw-p 00000000 00:00 0 
65ff8c02a000-65ff90000000 ---p 00000000 00:00 0 
65ff90000000-65ff90033000 rw-p 00000000 00:00 0 
65ff90033000-65ff94000000 ---p 00000000 00:00 0 
65ff94000000-65ff9402b000 rw-p 00000000 00:00 0 
65ff9402b000-65ff98000000 ---p 00000000 00:00 0 
65ff98000000-65ff98023000 rw-p 00000000 00:00 0 
65ff98023000-65ff9c000000 ---p 00000000 00:00 0 
65ff9c000000-65ff9c02b000 rw-p 00000000 00:00 0 
65ff9c02b000-65ffa0000000 ---p 00000000 00:00 0 
65ffa0000000-65ffa0022000 rw-p 00000000 00:00 0 
65ffa0022000-65ffa4000000 ---p 00000000 00:00 0 
65ffa4000000-65ffa4021000 rw-p 00000000 00:00 0 
65ffa4021000-65ffa8000000 ---p 00000000 00:00 0 
65ffa8000000-65ffa8021000 rw-p 00000000 00:00 0 
65ffa8021000-65ffac000000 ---p 00000000 00:00 0 
65ffac000000-65ffac021000 rw-p 00000000 00:00 0 
65ffac021000-65ffb0000000 ---p 00000000 00:00 0 
65ffb0000000-65ffb0021000 rw-p 00000000 00:00 0 
65ffb0021000-65ffb4000000 ---p 00000000 00:00 0 
65ffb4000000-65ffb4280000 rw-p 00000000 00:00 0 
65ffb4280000-65ffb4400000 ---p 00000000 00:00 0 
65ffb4400000-65ffb48b0000 rw-p 00000000 00:00 0 
65ffb48b0000-65ffb8000000 ---p 00000000 00:00 0 
65ffb8000000-65ffb8021000 rw-p 00000000 00:00 0 
65ffb8021000-65ffbc000000 ---p 00000000 00:00 0 
65ffbd848000-65ffbde8e000 rw-p 00000000 00:00 0 
65ffbdf9a000-65ffbe200000 rw-p 00000000 00:00 0 
65ffbe200000-65ffbe204000 ---p 00000000 00:00 0 
65ffbe204000-65ffbe300000 rw-p 00000000 00:00 0 
65ffbe300000-65ffbe304000 ---p 00000000 00:00 0 
65ffbe304000-65ffbe400000 rw-p 00000000 00:00 0 
65ffbe400000-65ffbe404000 ---p 00000000 00:00 0 
65ffbe404000-65ffbe500000 rw-p 00000000 00:00 0 
65ffbe500000-65ffbe504000 ---p 00000000 00:00 0 
65ffbe504000-65ffbe600000 rw-p 00000000 00:00 0 
65ffbe600000-65ffbe604000 ---p 00000000 00:00 0 
65ffbe604000-65ffbe700000 rw-p 00000000 00:00 0 
65ffbe700000-65ffbe704000 ---p 00000000 00:00 0 
65ffbe704000-65ffbe800000 rw-p 00000000 00:00 0 
65ffbe800000-65ffbe804000 ---p 00000000 00:00 0 
65ffbe804000-65ffbe900000 rw-p 00000000 00:00 0 
65ffbe900000-65ffbe904000 ---p 00000000 00:00 0 
65ffbe904000-65ffbea00000 rw-p 00000000 00:00 0 
65ffbea00000-65ffbea04000 ---p 00000000 00:00 0 
65ffbea04000-65ffbeb00000 rw-p 00000000 00:00 0 
65ffbeb00000-65ffbeb04000 ---p 00000000 00:00 0 
65ffbeb04000-65ffbec00000 rw-p 00000000 00:00 0 
65ffbec00000-65ffbec04000 ---p 00000000 00:00 0 
65ffbec04000-65ffbed00000 rw-p 00000000 00:00 0 
65ffbed00000-65ffbed04000 ---p 00000000 00:00 0 
65ffbed04000-65ffbee00000 rw-p 00000000 00:00 0 
65ffbee00000-65ffbee04000 ---p 00000000 00:00 0 
65ffbee04000-65ffbef00000 rw-p 00000000 00:00 0 
65ffbef00000-65ffbef04000 ---p 00000000 00:00 0 
65ffbef04000-65ffbf000000 rw-p 00000000 00:00 0 
65ffbf000000-65ffbfca3000 rw-p 00001000 fc:00 49677043                   /mydata/openjdk-mmtk/build/b0test/images/jdk/lib/server/classes.jsa
65ffbfca3000-65ffc0000000 ---p 00000000 00:00 0 
65ffc0000000-65ffc0040000 rw-p 00000000 00:00 0 
65ffc0040000-65ffc0110000 rw-p 00000000 00:00 0 
65ffc0110000-660000000000 ---p 00000000 00:00 0 
660000000000-660000021000 rw-p 00000000 00:00 0 
660000021000-660004000000 ---p 00000000 00:00 0 
6600040ed000-6600040f1000 ---p 00000000 00:00 0 
6600040f1000-6600041ed000 rw-p 00000000 00:00 0 
6600041ed000-6600041f1000 ---p 00000000 00:00 0 
6600041f1000-6600042ed000 rw-p 00000000 00:00 0 
6600042ed000-6600042f1000 ---p 00000000 00:00 0 
6600042f1000-6600043ed000 rw-p 00000000 00:00 0 
6600043ed000-6600043f1000 ---p 00000000 00:00 0 
6600043f1000-6600044ed000 rw-p 00000000 00:00 0 
6600044ed000-6600044f1000 ---p 00000000 00:00 0 
6600044f1000-6600045ed000 rw-p 00000000 00:00 0 
6600045ed000-6600045f1000 ---p 00000000 00:00 0 
6600045f1000-6600046ed000 rw-p 00000000 00:00 0 
6600046ed000-6600046f1000 ---p 00000000 00:00 0 
6600046f1000-6600047ed000 rw-p 00000000 00:00 0 
6600047ed000-6600047f1000 ---p 00000000 00:00 0 
6600047f1000-6600048ed000 rw-p 00000000 00:00 0 
6600048ed000-6600048f1000 ---p 00000000 00:00 0 
6600048f1000-6600049ed000 rw-p 00000000 00:00 0 
6600049ed000-6600049f1000 ---p 00000000 00:00 0 
6600049f1000-660004aed000 rw-p 00000000 00:00 0 
660004aed000-660004af1000 ---p 00000000 00:00 0 
660004af1000-660004bed000 rw-p 00000000 00:00 0 
660004bed000-660004bf1000 ---p 00000000 00:00 0 
660004bf1000-660004ced000 rw-p 00000000 00:00 0 
660004ced000-660004cf1000 ---p 00000000 00:00 0 
660004cf1000-660004ded000 rw-p 00000000 00:00 0 
660004ded000-660004df1000 ---p 00000000 00:00 0 
660004df1000-660004eed000 rw-p 00000000 00:00 0 
660004eed000-660004ef1000 ---p 00000000 00:00 0 
660004ef1000-660004fed000 rw-p 00000000 00:00 0 
660004fed000-660004ff1000 ---p 00000000 00:00 0 
660004ff1000-6600050ed000 rw-p 00000000 00:00 0 
6600050ed000-6600050f1000 ---p 00000000 00:00 0 
6600050f1000-6600051ed000 rw-p 00000000 00:00 0 
6600051ed000-6600051f1000 ---p 00000000 00:00 0 
6600051f1000-6600052ed000 rw-p 00000000 00:00 0 
6600052ed000-6600052f1000 ---p 00000000 00:00 0 
6600052f1000-6600053ed000 rw-p 00000000 00:00 0 
6600053ed000-6600053f1000 ---p 00000000 00:00 0 
6600053f1000-6600054ed000 rw-p 00000000 00:00 0 
6600054ed000-6600054f1000 ---p 00000000 00:00 0 
6600054f1000-6600055ed000 rw-p 00000000 00:00 0 
6600055ed000-6600055f1000 ---p 00000000 00:00 0 
6600055f1000-6600056ed000 rw-p 00000000 00:00 0 
6600056ed000-6600056f1000 ---p 00000000 00:00 0 
6600056f1000-6600057ed000 rw-p 00000000 00:00 0 
6600057ed000-6600057f1000 ---p 00000000 00:00 0 
6600057f1000-6600058ed000 rw-p 00000000 00:00 0 
6600058ed000-6600058f1000 ---p 00000000 00:00 0 
6600058f1000-6600059ed000 rw-p 00000000 00:00 0 
6600059ed000-6600059f1000 ---p 00000000 00:00 0 
6600059f1000-660005aed000 rw-p 00000000 00:00 0 
660005aed000-660005af1000 ---p 00000000 00:00 0 
660005af1000-660005bed000 rw-p 00000000 00:00 0 
660005bed000-660005bf1000 ---p 00000000 00:00 0 
660005bf1000-660005ced000 rw-p 00000000 00:00 0 
660005ced000-660005cf1000 ---p 00000000 00:00 0 
660005cf1000-660005ded000 rw-p 00000000 00:00 0 
660005ded000-660005df1000 ---p 00000000 00:00 0 
660005df1000-660005eed000 rw-p 00000000 00:00 0 
660005eed000-660005ef1000 ---p 00000000 00:00 0 
660005ef1000-660005fed000 rw-p 00000000 00:00 0 
660005fed000-660005ff1000 ---p 00000000 00:00 0 
660005ff1000-6600060ed000 rw-p 00000000 00:00 0 
6600060ed000-6600060f1000 ---p 00000000 00:00 0 
6600060f1000-6600061ed000 rw-p 00000000 00:00 0 
6600061ed000-6600061f1000 ---p 00000000 00:00 0 
6600061f1000-6600062ed000 rw-p 00000000 00:00 0 
6600062ed000-6600062f1000 ---p 00000000 00:00 0 
6600062f1000-6600063ed000 rw-p 00000000 00:00 0 
6600063ed000-6600063f1000 ---p 00000000 00:00 0 
6600063f1000-6600064ed000 rw-p 00000000 00:00 0 
6600064ed000-6600064f1000 ---p 00000000 00:00 0 
6600064f1000-6600065ed000 rw-p 00000000 00:00 0 
6600065ed000-6600065f1000 ---p 00000000 00:00 0 
6600065f1000-6600066ed000 rw-p 00000000 00:00 0 
6600066ed000-6600066ee000 ---p 00000000 00:00 0 
6600066ee000-6600067ee000 rw-p 00000000 00:00 0 
6600067ee000-6600067ef000 ---p 00000000 00:00 0 
6600067ef000-6600068ef000 rw-p 00000000 00:00 0 
6600068ef000-6600068f0000 ---p 00000000 00:00 0 
6600068f0000-6600069f0000 rw-p 00000000 00:00 0 
6600069f0000-6600069f1000 ---p 00000000 00:00 0 
6600069f1000-660006af1000 rw-p 00000000 00:00 0 
660006af1000-660006af2000 ---p 00000000 00:00 0 
660006af2000-660006bf2000 rw-p 00000000 00:00 0 
660006bf2000-660006bf3000 ---p 00000000 00:00 0 
660006bf3000-660006cf3000 rw-p 00000000 00:00 0 
660006cf3000-660006cf4000 ---p 00000000 00:00 0 
660006cf4000-660006df4000 rw-p 00000000 00:00 0 
660006df4000-660006df5000 ---p 00000000 00:00 0 
660006df5000-660006ef5000 rw-p 00000000 00:00 0 
660006ef5000-660006ef6000 ---p 00000000 00:00 0 
660006ef6000-660006ff6000 rw-p 00000000 00:00 0 
660006ff6000-660006ff7000 ---p 00000000 00:00 0 
660006ff7000-6600070f7000 rw-p 00000000 00:00 0 
6600070f7000-6600070f8000 ---p 00000000 00:00 0 
6600070f8000-6600071f8000 rw-p 00000000 00:00 0 
6600071f8000-6600071f9000 ---p 00000000 00:00 0 
6600071f9000-6600072f9000 rw-p 00000000 00:00 0 
6600072f9000-6600072fa000 ---p 00000000 00:00 0 
6600072fa000-6600073fa000 rw-p 00000000 00:00 0 
6600073fa000-6600073fb000 ---p 00000000 00:00 0 
6600073fb000-6600074fb000 rw-p 00000000 00:00 0 
6600074fb000-6600074fc000 ---p 00000000 00:00 0 
6600074fc000-6600075fc000 rw-p 00000000 00:00 0 
6600075fc000-6600075fd000 ---p 00000000 00:00 0 
6600075fd000-6600076fd000 rw-p 00000000 00:00 0 
6600076fd000-6600076fe000 ---p 00000000 00:00 0 
6600076fe000-6600077fe000 rw-p 00000000 00:00 0 
6600077fe000-6600077ff000 ---p 00000000 00:00 0 
6600077ff000-6600078ff000 rw-p 00000000 00:00 0 
6600078ff000-660007900000 ---p 00000000 00:00 0 
660007900000-660007a00000 rw-p 00000000 00:00 0 
660007a00000-660007ceb000 r--p 00000000 08:03 1410552                    /usr/lib/locale/locale-archive
660007cfa000-660007cfb000 ---p 00000000 00:00 0 
660007cfb000-660007dfb000 rw-p 00000000 00:00 0 
660007dfb000-660038400000 rw-p 00000000 00:00 0 
660038400000-660039400000 ---p 00000000 00:00 0                          [anon:mmtk:sidemeta:all:all-quarantined]
660039400000-660039c00000 rw-p 00000000 00:00 0                          [anon:mmtk:sidemeta:immix:VO_BIT]
660039c00000-68003a400000 ---p 00000000 00:00 0                          [anon:mmtk:sidemeta:all:all-quarantined]
68003a400000-68003a800000 rw-p 00000000 00:00 0                          [anon:mmtk:sidemeta:immix:CHUNK_MARK]
68003a800000-68003d400000 ---p 00000000 00:00 0                          [anon:mmtk:sidemeta:all:all-quarantined]
68003d400000-68003dc00000 rw-p 00000000 00:00 0                          [anon:mmtk:sidemeta:immix:VMGlobalLogBitSpec]
68003dc00000-6a083c800000 ---p 00000000 00:00 0                          [anon:mmtk:sidemeta:all:all-quarantined]
6a083c800000-6a083cc00000 rw-p 00000000 00:00 0                          [anon:mmtk:sidemeta:immix:IX_LINE_MARK]
6a083cc00000-6a883c400000 ---p 00000000 00:00 0                          [anon:mmtk:sidemeta:all:all-quarantined]
6a883c400000-6a883c800000 rw-p 00000000 00:00 0                          [anon:mmtk:sidemeta:immix:IX_BLOCK_DEFRAG]
6a883c800000-6a893c400000 ---p 00000000 00:00 0                          [anon:mmtk:sidemeta:all:all-quarantined]
6a893c400000-6a893c800000 rw-p 00000000 00:00 0                          [anon:mmtk:sidemeta:immix:IX_BLOCK_MARK]
6a893c800000-70aabc400000 ---p 00000000 00:00 0                          [anon:mmtk:sidemeta:all:all-quarantined]
70aabc400000-70aabc800000 rw-p 00000000 00:00 0                          [anon:mmtk:sidemeta:los:VMLocalLOSMarkNurserySpec]
70aabc800000-70acbd400000 ---p 00000000 00:00 0                          [anon:mmtk:sidemeta:all:all-quarantined]
70acbd400000-70acbdc00000 rw-p 00000000 00:00 0                          [anon:mmtk:sidemeta:immix:VMLocalMarkBitSpec]
70acbdc00000-72acbc400000 ---p 00000000 00:00 0                          [anon:mmtk:sidemeta:all:all-quarantined]
72acbc4fc000-72acbc4fd000 ---p 00000000 00:00 0 
72acbc4fd000-72acbc5fd000 rw-p 00000000 00:00 0 
72acbc5fd000-72acbc5fe000 ---p 00000000 00:00 0 
72acbc5fe000-72acbc6fe000 rw-p 00000000 00:00 0 
72acbc6fe000-72acbc6ff000 ---p 00000000 00:00 0 
72acbc6ff000-72acbc7ff000 rw-p 00000000 00:00 0 
72acbc7ff000-72acdc800000 rw-p 00000000 00:00 0 
72acdc800000-72acdce30000 rwxp 00000000 00:00 0 
72acdce30000-72ace3c17000 ---p 00000000 00:00 0 
72ace3c17000-72ace3fa7000 rwxp 00000000 00:00 0 
72ace3fa7000-72ace43e8000 ---p 00000000 00:00 0 
72ace43e8000-72ace4658000 rwxp 00000000 00:00 0 
72ace4658000-72aceb800000 ---p 00000000 00:00 0 
72aceb800000-72acf3fa0000 r--s 00000000 fc:00 49676297                   /mydata/openjdk-mmtk/build/b0test/images/jdk/lib/modules
72acf4000000-72acf47ed000 rw-p 00000000 00:00 0 
72acf47ed000-72acf8000000 ---p 00000000 00:00 0 
72acf802d000-72acf8032000 r--p 00000000 fc:00 49676417                   /mydata/openjdk-mmtk/build/b0test/images/jdk/lib/libjsvml.so
72acf8032000-72acf8073000 r-xp 00005000 fc:00 49676417                   /mydata/openjdk-mmtk/build/b0test/images/jdk/lib/libjsvml.so
72acf8073000-72acf80fc000 r--p 00046000 fc:00 49676417                   /mydata/openjdk-mmtk/build/b0test/images/jdk/lib/libjsvml.so
72acf80fc000-72acf80fd000 r--p 000ce000 fc:00 49676417                   /mydata/openjdk-mmtk/build/b0test/images/jdk/lib/libjsvml.so
72acf80fd000-72acf80fe000 rw-p 000cf000 fc:00 49676417                   /mydata/openjdk-mmtk/build/b0test/images/jdk/lib/libjsvml.so
72acf80fe000-72acf8102000 ---p 00000000 00:00 0 
72acf8102000-72acf81fe000 rw-p 00000000 00:00 0 
72acf81fe000-72acf8202000 ---p 00000000 00:00 0 
72acf8202000-72acf82fe000 rw-p 00000000 00:00 0 
72acf82fe000-72acf8302000 ---p 00000000 00:00 0 
72acf8302000-72acf83fe000 rw-p 00000000 00:00 0 
72acf83fe000-72acf83ff000 ---p 00000000 00:00 0 
72acf83ff000-72acf84ff000 rw-p 00000000 00:00 0 
72acf84ff000-72acf8500000 ---p 00000000 00:00 0 
72acf8500000-72acf8600000 rw-p 00000000 00:00 0 
72acf8600000-72acfb600000 rw-p 00000000 00:00 0 
72acfb645000-72acfb646000 ---p 00000000 00:00 0 
72acfb646000-72acfb746000 rw-p 00000000 00:00 0 
72acfb746000-72acfb74a000 r--p 00000000 08:03 1410107                    /usr/lib/x86_64-linux-gnu/libzstd.so.1.5.5
72acfb74a000-72acfb7f1000 r-xp 00004000 08:03 1410107                    /usr/lib/x86_64-linux-gnu/libzstd.so.1.5.5
72acfb7f1000-72acfb7fe000 r--p 000ab000 08:03 1410107                    /usr/lib/x86_64-linux-gnu/libzstd.so.1.5.5
72acfb7fe000-72acfb7ff000 r--p 000b7000 08:03 1410107                    /usr/lib/x86_64-linux-gnu/libzstd.so.1.5.5
72acfb7ff000-72acfb800000 rw-p 000b8000 08:03 1410107                    /usr/lib/x86_64-linux-gnu/libzstd.so.1.5.5
72acfb800000-72acfb80c000 r--p 00000000 fc:00 13107796                   /mydata/gc-bpf-fault/shim/libgcbpf.so
72acfb80c000-72acfb86e000 r-xp 0000c000 fc:00 13107796                   /mydata/gc-bpf-fault/shim/libgcbpf.so
72acfb86e000-72acfba1b000 r--p 0006e000 fc:00 13107796                   /mydata/gc-bpf-fault/shim/libgcbpf.so
72acfba1b000-72acfba1d000 r--p 0021b000 fc:00 13107796                   /mydata/gc-bpf-fault/shim/libgcbpf.so
72acfba1d000-72acfba1e000 rw-p 0021d000 fc:00 13107796                   /mydata/gc-bpf-fault/shim/libgcbpf.so
72acfba1e000-72acfba1f000 rw-p 00000000 00:00 0 
72acfba2e000-72acfba33000 rw-p 00000000 00:00 0 
72acfba33000-72acfbb17000 ---p 00000000 00:00 0 
72acfbb17000-72acfbb24000 rw-p 00000000 00:00 0 
72acfbb24000-72acfbc00000 ---p 00000000 00:00 0 
72acfbc00000-72acfbd47000 r--p 00000000 fc:00 49676374                   /mydata/openjdk-mmtk/build/b0test/images/jdk/lib/server/libmmtk_openjdk.so
72acfbd47000-72acfbfc0000 r-xp 00146000 fc:00 49676374                   /mydata/openjdk-mmtk/build/b0test/images/jdk/lib/server/libmmtk_openjdk.so
72acfbfc0000-72acfc000000 r--p 003be000 fc:00 49676374                   /mydata/openjdk-mmtk/build/b0test/images/jdk/lib/server/libmmtk_openjdk.so
72acfc000000-72acfc003000 rw-p 003fd000 fc:00 49676374                   /mydata/openjdk-mmtk/build/b0test/images/jdk/lib/server/libmmtk_openjdk.so
72acfc003000-72acfc005000 rw-p 00000000 00:00 0 
72acfc097000-72acfc09e000 r--s 00000000 08:03 1436340                    /usr/lib/x86_64-linux-gnu/gconv/gconv-modules.cache
72acfc09e000-72acfc0a2000 r--p 00000000 fc:00 49676364                   /mydata/openjdk-mmtk/build/b0test/images/jdk/lib/libverify.so
72acfc0a2000-72acfc0a9000 r-xp 00004000 fc:00 49676364                   /mydata/openjdk-mmtk/build/b0test/images/jdk/lib/libverify.so
72acfc0a9000-72acfc0ab000 r--p 0000b000 fc:00 49676364                   /mydata/openjdk-mmtk/build/b0test/images/jdk/lib/libverify.so
72acfc0ab000-72acfc0ad000 r--p 0000c000 fc:00 49676364                   /mydata/openjdk-mmtk/build/b0test/images/jdk/lib/libverify.so
72acfc0ad000-72acfc0ae000 rw-p 0000e000 fc:00 49676364                   /mydata/openjdk-mmtk/build/b0test/images/jdk/lib/libverify.so
72acfc0ae000-72acfc0b1000 r--p 00000000 fc:00 49676361                   /mydata/openjdk-mmtk/build/b0test/images/jdk/lib/libnet.so
72acfc0b1000-72acfc0b9000 r-xp 00003000 fc:00 49676361                   /mydata/openjdk-mmtk/build/b0test/images/jdk/lib/libnet.so
72acfc0b9000-72acfc0bb000 r--p 0000b000 fc:00 49676361                   /mydata/openjdk-mmtk/build/b0test/images/jdk/lib/libnet.so
72acfc0bb000-72acfc0bc000 r--p 0000c000 fc:00 49676361                   /mydata/openjdk-mmtk/build/b0test/images/jdk/lib/libnet.so
72acfc0bc000-72acfc0bd000 rw-p 0000d000 fc:00 49676361                   /mydata/openjdk-mmtk/build/b0test/images/jdk/lib/libnet.so
72acfc0bd000-72acfc0c0000 r--p 00000000 08:03 1410420                    /usr/lib/x86_64-linux-gnu/libelf-0.190.so
72acfc0c0000-72acfc0d6000 r-xp 00003000 08:03 1410420                    /usr/lib/x86_64-linux-gnu/libelf-0.190.so
72acfc0d6000-72acfc0da000 r--p 00019000 08:03 1410420                    /usr/lib/x86_64-linux-gnu/libelf-0.190.so
72acfc0da000-72acfc0db000 r--p 0001c000 08:03 1410420                    /usr/lib/x86_64-linux-gnu/libelf-0.190.so
72acfc0db000-72acfc0dc000 rw-p 0001d000 08:03 1410420                    /usr/lib/x86_64-linux-gnu/libelf-0.190.so
72acfc0dc000-72acfc0e9000 r--p 00000000 fc:00 49676354                   /mydata/openjdk-mmtk/build/b0test/images/jdk/lib/libjava.so
72acfc0e9000-72acfc0f8000 r-xp 0000d000 fc:00 49676354                   /mydata/openjdk-mmtk/build/b0test/images/jdk/lib/libjava.so
72acfc0f8000-72acfc0fd000 r--p 0001c000 fc:00 49676354                   /mydata/openjdk-mmtk/build/b0test/images/jdk/lib/libjava.so
72acfc0fd000-72acfc0fe000 r--p 00021000 fc:00 49676354                   /mydata/openjdk-mmtk/build/b0test/images/jdk/lib/libjava.so
72acfc0fe000-72acfc0ff000 rw-p 00022000 fc:00 49676354                   /mydata/openjdk-mmtk/build/b0test/images/jdk/lib/libjava.so
72acfc0ff000-72acfc100000 rw-p 00000000 00:00 0 
72acfc100000-72acfc104000 ---p 00000000 00:00 0 
72acfc104000-72acfc200000 rw-p 00000000 00:00 0 
72acfc200000-72acfc4a9000 r--p 00000000 fc:00 49676373                   /mydata/openjdk-mmtk/build/b0test/images/jdk/lib/server/libjvm.so
72acfc4a9000-72acfd33c000 r-xp 002a9000 fc:00 49676373                   /mydata/openjdk-mmtk/build/b0test/images/jdk/lib/server/libjvm.so
72acfd33c000-72acfd620000 r--p 0113c000 fc:00 49676373                   /mydata/openjdk-mmtk/build/b0test/images/jdk/lib/server/libjvm.so
72acfd620000-72acfd6f6000 r--p 0141f000 fc:00 49676373                   /mydata/openjdk-mmtk/build/b0test/images/jdk/lib/server/libjvm.so
72acfd6f6000-72acfd726000 rw-p 014f5000 fc:00 49676373                   /mydata/openjdk-mmtk/build/b0test/images/jdk/lib/server/libjvm.so
72acfd726000-72acfd78c000 rw-p 00000000 00:00 0 
72acfd78e000-72acfd790000 r--p 00000000 fc:00 49676365                   /mydata/openjdk-mmtk/build/b0test/images/jdk/lib/libzip.so
72acfd790000-72acfd795000 r-xp 00002000 fc:00 49676365                   /mydata/openjdk-mmtk/build/b0test/images/jdk/lib/libzip.so
72acfd795000-72acfd797000 r--p 00007000 fc:00 49676365                   /mydata/openjdk-mmtk/build/b0test/images/jdk/lib/libzip.so
72acfd797000-72acfd798000 r--p 00008000 fc:00 49676365                   /mydata/openjdk-mmtk/build/b0test/images/jdk/lib/libzip.so
72acfd798000-72acfd799000 rw-p 00009000 fc:00 49676365                   /mydata/openjdk-mmtk/build/b0test/images/jdk/lib/libzip.so
72acfd799000-72acfd7a0000 r--p 00000000 fc:00 49676362                   /mydata/openjdk-mmtk/build/b0test/images/jdk/lib/libnio.so
72acfd7a0000-72acfd7a9000 r-xp 00007000 fc:00 49676362                   /mydata/openjdk-mmtk/build/b0test/images/jdk/lib/libnio.so
72acfd7a9000-72acfd7ad000 r--p 00010000 fc:00 49676362                   /mydata/openjdk-mmtk/build/b0test/images/jdk/lib/libnio.so
72acfd7ad000-72acfd7ae000 r--p 00014000 fc:00 49676362                   /mydata/openjdk-mmtk/build/b0test/images/jdk/lib/libnio.so
72acfd7ae000-72acfd7af000 rw-p 00015000 fc:00 49676362                   /mydata/openjdk-mmtk/build/b0test/images/jdk/lib/libnio.so
72acfd7af000-72acfd7b3000 r--p 00000000 fc:00 49676355                   /mydata/openjdk-mmtk/build/b0test/images/jdk/lib/libjimage.so
72acfd7b3000-72acfd7ca000 r-xp 00004000 fc:00 49676355                   /mydata/openjdk-mmtk/build/b0test/images/jdk/lib/libjimage.so
72acfd7ca000-72acfd7cf000 r--p 0001b000 fc:00 49676355                   /mydata/openjdk-mmtk/build/b0test/images/jdk/lib/libjimage.so
72acfd7cf000-72acfd7d1000 r--p 00020000 fc:00 49676355                   /mydata/openjdk-mmtk/build/b0test/images/jdk/lib/libjimage.so
72acfd7d1000-72acfd7d2000 rw-p 00022000 fc:00 49676355                   /mydata/openjdk-mmtk/build/b0test/images/jdk/lib/libjimage.so
72acfd7d2000-72acfd7d6000 r--p 00000000 08:03 1410148                    /usr/lib/x86_64-linux-gnu/libgcc_s.so.1
72acfd7d6000-72acfd7fa000 r-xp 00004000 08:03 1410148                    /usr/lib/x86_64-linux-gnu/libgcc_s.so.1
72acfd7fa000-72acfd7fe000 r--p 00028000 08:03 1410148                    /usr/lib/x86_64-linux-gnu/libgcc_s.so.1
72acfd7fe000-72acfd7ff000 r--p 0002b000 08:03 1410148                    /usr/lib/x86_64-linux-gnu/libgcc_s.so.1
72acfd7ff000-72acfd800000 rw-p 0002c000 08:03 1410148                    /usr/lib/x86_64-linux-gnu/libgcc_s.so.1
72acfd800000-72acfd828000 r--p 00000000 08:03 1410238                    /usr/lib/x86_64-linux-gnu/libc.so.6
72acfd828000-72acfd9b0000 r-xp 00028000 08:03 1410238                    /usr/lib/x86_64-linux-gnu/libc.so.6
72acfd9b0000-72acfd9ff000 r--p 001b0000 08:03 1410238                    /usr/lib/x86_64-linux-gnu/libc.so.6
72acfd9ff000-72acfda03000 r--p 001fe000 08:03 1410238                    /usr/lib/x86_64-linux-gnu/libc.so.6
72acfda03000-72acfda05000 rw-p 00202000 08:03 1410238                    /usr/lib/x86_64-linux-gnu/libc.so.6
72acfda05000-72acfda12000 rw-p 00000000 00:00 0 
72acfda15000-72acfda1d000 rw-p 00000000 00:00 0 
72acfda1d000-72acfda25000 ---p 00000000 00:00 0 
72acfda25000-72acfda2d000 rw-s 00000000 08:03 237599                     /tmp/hsperfdata_root/316095
72acfda2d000-72acfda3d000 r--p 00000000 08:03 1411099                    /usr/lib/x86_64-linux-gnu/libm.so.6
72acfda3d000-72acfdabc000 r-xp 00010000 08:03 1411099                    /usr/lib/x86_64-linux-gnu/libm.so.6
72acfdabc000-72acfdb14000 r--p 0008f000 08:03 1411099                    /usr/lib/x86_64-linux-gnu/libm.so.6
72acfdb14000-72acfdb15000 r--p 000e7000 08:03 1411099                    /usr/lib/x86_64-linux-gnu/libm.so.6
72acfdb15000-72acfdb16000 rw-p 000e8000 08:03 1411099                    /usr/lib/x86_64-linux-gnu/libm.so.6
72acfdb16000-72acfdb18000 rw-p 00000000 00:00 0 
72acfdb18000-72acfdb1a000 r--p 00000000 08:03 1409104                    /usr/lib/x86_64-linux-gnu/libz.so.1.3
72acfdb1a000-72acfdb2c000 r-xp 00002000 08:03 1409104                    /usr/lib/x86_64-linux-gnu/libz.so.1.3
72acfdb2c000-72acfdb32000 r--p 00014000 08:03 1409104                    /usr/lib/x86_64-linux-gnu/libz.so.1.3
72acfdb32000-72acfdb33000 r--p 0001a000 08:03 1409104                    /usr/lib/x86_64-linux-gnu/libz.so.1.3
72acfdb33000-72acfdb34000 rw-p 0001b000 08:03 1409104                    /usr/lib/x86_64-linux-gnu/libz.so.1.3
72acfdb39000-72acfdb3a000 rw-s 00000000 00:10 68                         anon_inode:bpf-map
72acfdb3a000-72acfdb3b000 r--s 00000000 00:10 68                         anon_inode:bpf-map
72acfdb3b000-72acfdb3c000 ---p 00000000 00:00 0 
72acfdb3c000-72acfdb3d000 r--p 00000000 00:00 0 
72acfdb3d000-72acfdb3e000 ---p 00000000 00:00 0 
72acfdb3e000-72acfdb40000 r--p 00000000 fc:00 49676357                   /mydata/openjdk-mmtk/build/b0test/images/jdk/lib/libjli.so
72acfdb40000-72acfdb4a000 r-xp 00002000 fc:00 49676357                   /mydata/openjdk-mmtk/build/b0test/images/jdk/lib/libjli.so
72acfdb4a000-72acfdb4d000 r--p 0000c000 fc:00 49676357                   /mydata/openjdk-mmtk/build/b0test/images/jdk/lib/libjli.so
72acfdb4d000-72acfdb4e000 r--p 0000f000 fc:00 49676357                   /mydata/openjdk-mmtk/build/b0test/images/jdk/lib/libjli.so
72acfdb4e000-72acfdb4f000 rw-p 00010000 fc:00 49676357                   /mydata/openjdk-mmtk/build/b0test/images/jdk/lib/libjli.so
72acfdb4f000-72acfdb51000 rw-p 00000000 00:00 0 
72acfdb51000-72acfdb55000 r--p 00000000 00:00 0                          [vvar]
72acfdb55000-72acfdb57000 r--p 00000000 00:00 0                          [vvar_vclock]
72acfdb57000-72acfdb59000 r-xp 00000000 00:00 0                          [vdso]
72acfdb59000-72acfdb5a000 r--p 00000000 08:03 1409763                    /usr/lib/x86_64-linux-gnu/ld-linux-x86-64.so.2
72acfdb5a000-72acfdb85000 r-xp 00001000 08:03 1409763                    /usr/lib/x86_64-linux-gnu/ld-linux-x86-64.so.2
72acfdb85000-72acfdb8f000 r--p 0002c000 08:03 1409763                    /usr/lib/x86_64-linux-gnu/ld-linux-x86-64.so.2
72acfdb8f000-72acfdb91000 r--p 00036000 08:03 1409763                    /usr/lib/x86_64-linux-gnu/ld-linux-x86-64.so.2
72acfdb91000-72acfdb93000 rw-p 00038000 08:03 1409763                    /usr/lib/x86_64-linux-gnu/ld-linux-x86-64.so.2
7fffc26d9000-7fffc26fa000 rw-p 00000000 00:00 0                          [stack]
ffffffffff600000-ffffffffff601000 --xp 00000000 00:00 0                  [vsyscall]
Total number of mappings: 537

JVMTI agents: none


VM Arguments:
jvm_args: -XX:+UseThirdPartyHeap -Xms512m -Xmx512m 
java_command: /mydata/dacapo/dacapo-23.11/dacapo-23.11-MR2-chopin.jar xalan -n 3
java_class_path (initial): /mydata/dacapo/dacapo-23.11/dacapo-23.11-MR2-chopin.jar
Launcher Type: SUN_STANDARD

[Global flags]
     intx CICompilerCount                          = 15                                        {product} {ergonomic}
   size_t InitialHeapSize                          = 536870912                                 {product} {command line}
   size_t MaxHeapSize                              = 536870912                                 {product} {command line}
   size_t MinHeapDeltaBytes                        = 524288                                    {product} {ergonomic}
   size_t MinHeapSize                              = 536870912                                 {product} {command line}
    uintx NonNMethodCodeHeapSize                   = 8192380                                {pd product} {ergonomic}
    uintx NonProfiledCodeHeapSize                  = 121732930                              {pd product} {ergonomic}
    uintx ProfiledCodeHeapSize                     = 121732930                              {pd product} {ergonomic}
    uintx ReservedCodeCacheSize                    = 251658240                              {pd product} {ergonomic}
     bool SegmentedCodeCache                       = true                                      {product} {ergonomic}
   size_t SoftMaxHeapSize                          = 536870912                              {manageable} {ergonomic}
     bool UseCompressedOops                        = true                           {product lp64_product} {ergonomic}

Logging:
Log output configuration:
 #0: stdout all=warning uptime,level,tags foldmultilines=false
 #1: stderr all=off uptime,level,tags foldmultilines=false

Release file:
IMPLEMENTOR="N/A"
JAVA_RUNTIME_VERSION="21.0.9-internal-adhoc.talzuss.openjdk-mmtk"
JAVA_VERSION="21.0.9"
JAVA_VERSION_DATE="2025-10-21"
LIBC="gnu"
MODULES="java.base java.compiler java.datatransfer java.xml java.prefs java.desktop java.instrument java.logging java.management java.security.sasl java.naming java.rmi java.management.rmi java.net.http java.scripting java.security.jgss java.transaction.xa java.sql java.sql.rowset java.xml.crypto java.se java.smartcardio jdk.accessibility jdk.internal.jvmstat jdk.attach jdk.charsets jdk.internal.opt jdk.zipfs jdk.compiler jdk.crypto.ec jdk.crypto.cryptoki jdk.dynalink jdk.internal.ed jdk.editpad jdk.hotspot.agent jdk.httpserver jdk.incubator.vector jdk.internal.le jdk.internal.vm.ci jdk.internal.vm.compiler jdk.internal.vm.compiler.management jdk.jartool jdk.javadoc jdk.jcmd jdk.management jdk.management.agent jdk.jconsole jdk.jdeps jdk.jdwp.agent jdk.jdi jdk.jfr jdk.jlink jdk.jpackage jdk.jshell jdk.jsobject jdk.jstatd jdk.localedata jdk.management.jfr jdk.naming.dns jdk.naming.rmi jdk.net jdk.nio.mapmode jdk.random jdk.sctp jdk.security.auth jdk.security.jgss jdk.unsupported jdk.unsupported.desktop jdk.xml.dom"
OS_ARCH="x86_64"
OS_NAME="Linux"
SOURCE=".:git:b557520f04b3+"

Environment Variables:
PATH=/usr/local/sbin:/usr/local/bin:/usr/sbin:/usr/bin:/sbin:/bin:/snap/bin
SHELL=/bin/bash
LANG=en_US.UTF-8
TERM=tmux-256color

Active Locale:
LC_ALL=en_US.UTF-8
LC_COLLATE=en_US.UTF-8
LC_CTYPE=en_US.UTF-8
LC_MESSAGES=en_US.UTF-8
LC_MONETARY=en_US.UTF-8
LC_NUMERIC=en_US.UTF-8
LC_TIME=en_US.UTF-8

Signal Handlers:
   SIGSEGV: crash_handler in libjvm.so, mask=11100100010111111101111111111110, flags=SA_RESTART|SA_SIGINFO, unblocked
    SIGBUS: crash_handler in libjvm.so, mask=11100100010111111101111111111110, flags=SA_RESTART|SA_SIGINFO, unblocked
    SIGFPE: crash_handler in libjvm.so, mask=11100100010111111101111111111110, flags=SA_RESTART|SA_SIGINFO, unblocked
   SIGPIPE: javaSignalHandler in libjvm.so, mask=11100100010111111101111111111110, flags=SA_RESTART|SA_SIGINFO, blocked
   SIGXFSZ: javaSignalHandler in libjvm.so, mask=11100100010111111101111111111110, flags=SA_RESTART|SA_SIGINFO, blocked
    SIGILL: crash_handler in libjvm.so, mask=11100100010111111101111111111110, flags=SA_RESTART|SA_SIGINFO, unblocked
   SIGUSR2: SR_handler in libjvm.so, mask=00000000000000000000000000000000, flags=SA_RESTART|SA_SIGINFO, blocked
    SIGHUP: UserHandler in libjvm.so, mask=11100100010111111101111111111110, flags=SA_RESTART|SA_SIGINFO, blocked
    SIGINT: UserHandler in libjvm.so, mask=11100100010111111101111111111110, flags=SA_RESTART|SA_SIGINFO, blocked
   SIGTERM: UserHandler in libjvm.so, mask=11100100010111111101111111111110, flags=SA_RESTART|SA_SIGINFO, blocked
   SIGQUIT: UserHandler in libjvm.so, mask=11100100010111111101111111111110, flags=SA_RESTART|SA_SIGINFO, blocked
   SIGTRAP: crash_handler in libjvm.so, mask=11100100010111111101111111111110, flags=SA_RESTART|SA_SIGINFO, unblocked


Periodic native trim disabled

---------------  S Y S T E M  ---------------

OS:
DISTRIB_ID=Ubuntu
DISTRIB_RELEASE=24.04
DISTRIB_CODENAME=noble
DISTRIB_DESCRIPTION="Ubuntu 24.04.4 LTS"
uname: Linux 6.17.0-bpf-fault+ #1 SMP PREEMPT_DYNAMIC Mon Jul  6 16:43:12 MDT 2026 x86_64
OS uptime: 0 days 21:09 hours
libc: glibc 2.39 NPTL 2.39 
rlimit (soft/hard): STACK 8192k/infinity , CORE 0k/0k , NPROC 513205/513205 , NOFILE 1048576/1048576 , AS infinity/infinity , CPU infinity/infinity , DATA infinity/infinity , FSIZE infinity/infinity , MEMLOCK 16436528k/16436528k
load average: 6.95 4.40 2.28

/proc/meminfo:
MemTotal:       131492232 kB
MemFree:        74002104 kB
MemAvailable:   116281760 kB
Buffers:          517616 kB
Cached:         41092780 kB
SwapCached:            0 kB
Active:          3636760 kB
Inactive:       40800936 kB
Active(anon):    2843796 kB
Inactive(anon):        0 kB
Active(file):     792964 kB
Inactive(file): 40800936 kB
Unevictable:       41912 kB
Mlocked:           38840 kB
SwapTotal:       8388604 kB
SwapFree:        8388604 kB
Zswap:                 0 kB
Zswapped:              0 kB
Dirty:              6040 kB
Writeback:             0 kB
AnonPages:       2871280 kB
Mapped:          9730284 kB
Shmem:              5316 kB
KReclaimable:    1872124 kB
Slab:            2393488 kB
SReclaimable:    1872124 kB
SUnreclaim:       521364 kB
KernelStack:       11984 kB
PageTables:        57440 kB
SecPageTables:      8800 kB
NFS_Unstable:          0 kB
Bounce:                0 kB
WritebackTmp:          0 kB
CommitLimit:    74134720 kB
Committed_AS:   163400412 kB
VmallocTotal:   34359738367 kB
VmallocUsed:       37892 kB
VmallocChunk:          0 kB
Percpu:            48896 kB
HardwareCorrupted:     0 kB
AnonHugePages:         0 kB
ShmemHugePages:        0 kB
ShmemPmdMapped:        0 kB
FileHugePages:   2168832 kB
FilePmdMapped:         0 kB
Unaccepted:            0 kB
Balloon:               0 kB
HugePages_Total:       0
HugePages_Free:        0
HugePages_Rsvd:        0
HugePages_Surp:        0
Hugepagesize:       2048 kB
Hugetlb:               0 kB
DirectMap4k:      725824 kB
DirectMap2M:    25075712 kB
DirectMap1G:    108003328 kB

/sys/kernel/mm/transparent_hugepage/enabled: always madvise [never]
/sys/kernel/mm/transparent_hugepage/hpage_pmd_size: 2097152
/sys/kernel/mm/transparent_hugepage/defrag (defrag/compaction efforts parameter): always defer defer+madvise [madvise] never

Process Memory:
Virtual Size: 13620288416K (peak: 13620288416K)
Resident Set Size: 4195548K (peak: 4195548K) (anon: 1022204K, file: 3173344K, shmem: 0K)
Swapped out: 0K
C-Heap outstanding allocations: 1419132K, retained: 41115K
glibc malloc tunables: (default)

/proc/sys/kernel/threads-max (system-wide limit on the number of threads): 1026411
/proc/sys/vm/max_map_count (maximum number of memory map areas a process may have): 1048576
/proc/sys/vm/swappiness (control to define how aggressively the kernel swaps out anonymous memory): 60
/proc/sys/kernel/pid_max (system-wide limit on number of process identifiers): 4194304

container information not found.
Steal ticks since vm start: 0
Steal ticks percentage since vm start:  0.000

CPU: total 32 (initial active 32) (32 cores per cpu, 2 threads per core) family 23 model 49 stepping 0 microcode 0x830107c, cx8, cmov, fxsr, ht, mmx, 3dnowpref, sse, sse2, sse3, ssse3, sse4a, sse4.1, sse4.2, popcnt, lzcnt, tsc, tscinvbit, avx, avx2, aes, clmul, bmi1, bmi2, adx, sha, fma, vzeroupper, clflush, clflushopt, rdtscp, rdpid, f16c
CPU Model and flags from /proc/cpuinfo:
model name	: AMD EPYC 7302P 16-Core Processor
flags		: fpu vme de pse tsc msr pae mce cx8 apic sep mtrr pge mca cmov pat pse36 clflush mmx fxsr sse sse2 ht syscall nx mmxext fxsr_opt pdpe1gb rdtscp lm constant_tsc rep_good nopl xtopology nonstop_tsc cpuid extd_apicid aperfmperf rapl pni pclmulqdq monitor ssse3 fma cx16 sse4_1 sse4_2 movbe popcnt aes xsave avx f16c rdrand lahf_lm cmp_legacy svm extapic cr8_legacy abm sse4a misalignsse 3dnowprefetch osvw ibs skinit wdt tce topoext perfctr_core perfctr_nb bpext perfctr_llc mwaitx cpb cat_l3 cdp_l3 hw_pstate ssbd mba ibrs ibpb stibp vmmcall fsgsbase bmi1 avx2 smep bmi2 cqm rdt_a rdseed adx smap clflushopt clwb sha_ni xsaveopt xsavec xgetbv1 xsaves cqm_llc cqm_occup_llc cqm_mbm_total cqm_mbm_local clzero irperf xsaveerptr rdpru wbnoinvd amd_ppin arat npt lbrv svm_lock nrip_save tsc_scale vmcb_clean flushbyasid decodeassists pausefilter pfthreshold avic v_vmsave_vmload vgif v_spec_ctrl umip rdpid overflow_recov succor smca sev sev_es

Online cpus: 0-31
Offline cpus: 
BIOS frequency limitation: <Not Available>
Frequency switch latency (ns): <Not Available>
Available cpu frequencies: <Not Available>
Current governor: <Not Available>
Core performance/turbo boost: <Not Available>

Memory: 4k page, physical 131492232k(116281760k free), swap 8388604k(8388604k free)
Page Sizes: 4k

vm_info: OpenJDK 64-Bit Server VM (21.0.9-internal-adhoc.talzuss.openjdk-mmtk) for linux-amd64 JRE (21.0.9-internal-adhoc.talzuss.openjdk-mmtk), built on 2026-07-06T23:13:08Z by "talzuss" with gcc 13.3.0
heap_info: MMTk OpenJDK 0.32.0 (a3bb9ef-dirty), using MMTk 0.32.0 (6afa497-dirty, BUILTIN_ENV_LOGGER, DEFAULT, EAGER_SWEEPING, VO_BIT)A

END.
