#
# A fatal error has been detected by the Java Runtime Environment:
#
#  SIGSEGV (0xb) at pc=0x000076b60f7c38f1, pid=319936, tid=319953
#
# JRE version: OpenJDK Runtime Environment (21.0.9) (build 21.0.9-internal-adhoc.talzuss.openjdk-mmtk)
# Java VM: OpenJDK 64-Bit Server VM (21.0.9-internal-adhoc.talzuss.openjdk-mmtk, mixed mode, sharing, tiered, compressed oops, compressed class ptrs, third-party gc, linux-amd64)
# Problematic frame:
# C  [libmmtk_openjdk.so+0x1c38f1]  mmtk::util::metadata::side_metadata::global::SideMetadataSpec::side_metadata_access::h2ebe702d7e44aa43+0xa1
#
# Core dump will be written. Default location: Core dumps may be processed with "/usr/share/apport/apport -p%p -s%s -c%c -d%d -P%P -u%u -g%g -F%F -- %E" (or dumping to /mydata/gc-bpf-fault/micro/core.319936)
#
# If you would like to submit a bug report, please visit:
#   https://bugreport.java.com/bugreport/crash.jsp
#

---------------  S U M M A R Y ------------

Command Line: -XX:+UseThirdPartyHeap -Xms512m -Xmx512m /mydata/dacapo/dacapo-23.11/dacapo-23.11-MR2-chopin.jar xalan -n 3

Host: AMD EPYC 7302P 16-Core Processor, 32 cores, 125G, Ubuntu 24.04.4 LTS
Time: Tue Jul  7 14:18:58 2026 MDT elapsed time: 3.070660 seconds (0d 0h 0m 3s)

---------------  T H R E A D  ---------------

Current thread (0x000076b6085361c0):  NamedThread "MMTk Collector Thread" [id=319953, stack(0x00006a091aef7000,0x00006a091aff7000) (1024K)]

Stack: [0x00006a091aef7000,0x00006a091aff7000],  sp=0x00006a091aff58d0,  free space=1018k
Native frames: (J=compiled Java code, j=interpreted, Vv=VM code, C=native code)
C  [libmmtk_openjdk.so+0x1c38f1]  mmtk::util::metadata::side_metadata::global::SideMetadataSpec::side_metadata_access::h2ebe702d7e44aa43+0xa1

siginfo: si_signo: 11 (SIGSEGV), si_code: 2 (SEGV_ACCERR), si_addr: 0x000074b5d0400000

Registers:
RAX=0x000076b60f7c38f1, RBX=0x000000000008ffa8, RCX=0x000076b60f678480, RDX=0x0000000000000000
RSP=0x00006a091aff58d0, RBP=0x0000000000000008, RSI=0x0000000000000001, RDI=0x00006a091aff59a0
R8 =0x000074b5d0400000, R9 =0xffffffffffffff01, R10=0x0000000000000007, R11=0xdadecdc1f9b40d4f
R12=0x00006a08580139e0, R13=0x0000000000000001, R14=0x00006a088400a8f0, R15=0x00006a091aff59a0
RIP=0x000076b60f7c38f1, EFLAGS=0x0000000000010202, CSGSFS=0x002b000000000033, ERR=0x0000000000000004
  TRAPNO=0x000000000000000e

XMM[0]=0x00006a089c013950 0x0000000000000024
XMM[1]=0x0000000000000025 0x0000000000783020
XMM[2]=0xffff266529782d5a 0x49ff7e1aff554a10
XMM[3]=0x0000000000000000 0x000000000000ff00
XMM[4]=0x0000000000000000 0x00006a089c000090
XMM[5]=0x0000000040da7ef0 0x00000000400bbce0
XMM[6]=0x00000000400bbbe8 0x00000000400bbb90
XMM[7]=0x0000000040de3ec0 0x00000000400bbae0
XMM[8]=0x0000000040f3ab60 0x00000000400bbae0
XMM[9]=0x0000000000000000 0x0000000000000000
XMM[10]=0x3f3f3f3f3f3f3f3f 0x3f3f3f3f3f3f3f3f
XMM[11]=0x9999999999999999 0x9999999999999999
XMM[12]=0x2020202020202020 0x2020202020202020
XMM[13]=0x0000000000000000 0x0000000000000000
XMM[14]=0x0000000000000000 0x0000000000000000
XMM[15]=0x0000000000000000 0x0000000000000000
  MXCSR=0x00001fa2


Register to memory mapping:

RAX=
[error occurred during error reporting (printing register info), id 0xe0000000, Internal Error (/mydata/mmtk-openjdk/openjdk/share/mmtkHeap.cpp:444)]
RBX=
[error occurred during error reporting (printing register info, attempt 2), id 0xe0000000, Internal Error (/mydata/mmtk-openjdk/openjdk/share/mmtkHeap.cpp:444)]
RCX=
[error occurred during error reporting (printing register info, attempt 3), id 0xe0000000, Internal Error (/mydata/mmtk-openjdk/openjdk/share/mmtkHeap.cpp:444)]
Top of Stack: (sp=0x00006a091aff58d0)
0x00006a091aff58d0:   0000000000000013 0000000000000000
0x00006a091aff58e0:   00000000000917a8 00006a08580121e0
0x00006a091aff58f0:   00006a088400a8f0 00006a091aff59a0
0x00006a091aff5900:   0000000000000007 000076b60f8afe21
0x00006a091aff5910:   000076b6083dda00 00006a08d320b608
0x00006a091aff5920:   00000000503cc510 0000000000020000
0x00006a091aff5930:   00006a0858012100 0000000000012311
0x00006a091aff5940:   0000000000000008 00006a088400a8f0
0x00006a091aff5950:   0000000000000008 000076b60fa01104
0x00006a091aff5960:   00006a08d31b4388 00000000403e80b8
0x00006a091aff5970:   0000000000000000 00006a08580139e0
0x00006a091aff5980:   00006a0858009ce0 00006a08a400b9f0
0x00006a091aff5990:   000076b60852a5b0 00000000000001d3
0x00006a091aff59a0:   000076b60f9dba28 00006a091aff59f0
0x00006a091aff59b0:   00006a091aff5958 0000000000000001
0x00006a091aff59c0:   0000000000000000 00006a091aff5a2f
0x00006a091aff59d0:   00006a091aff5a38 00006a091aff5928
0x00006a091aff59e0:   0000000000000000 00006a085800a2d0
0x00006a091aff59f0:   0000000000000001 000076b60f8c9840
0x00006a091aff5a00:   000076b60806d400 000076b60852a450
0x00006a091aff5a10:   00006a091aff5a20 000076b60f8ab413
0x00006a091aff5a20:   00006a085800a618 0000000000000001
0x00006a091aff5a30:   00006a085800a620 0000000000000400
0x00006a091aff5a40:   00006a0858003d30 00000000000002b6
0x00006a091aff5a50:   0000000040000000 00000000503f9000
0x00006a091aff5a60:   00000000000103f9 00006a091aff5978
0x00006a091aff5a70:   000076b60fa018e8 000076b60fa01100
0x00006a091aff5a80:   0000000000000080 00006a08d320b360
0x00006a091aff5a90:   0000000000000149 00006a091aff59f0
0x00006a091aff5aa0:   00006a08580052e0 00006a08580052e0
0x00006a091aff5ab0:   000076b60806ef00 000076b60806ec00
0x00006a091aff5ac0:   000076b60806e900 000076b60806e600 

Instructions: (pc=0x000076b60f7c38f1)
0x000076b60f7c37f1:   00 48 85 c0 74 41 48 8b 18 66 c7 44 24 0c 01 00
0x000076b60f7c3801:   c7 44 24 08 01 01 00 01 48 8d 7c 24 08 e8 1d 47
0x000076b60f7c3811:   01 00 66 c7 43 04 04 00 c7 43 06 00 00 01 00 c6
0x000076b60f7c3821:   43 0a 06 c6 43 0c 06 c6 43 0e 06 66 c7 43 10 03
0x000076b60f7c3831:   00 48 83 c4 10 5b c3 48 8d 3d 89 9c 21 00 e8 ac
0x000076b60f7c3841:   3e fd ff cc cc cc cc cc cc cc cc cc cc cc cc 48
0x000076b60f7c3851:   83 ec 38 48 8b 37 4c 8b 4f 08 4d 8b 01 48 8b 46
0x000076b60f7c3861:   18 48 8b 4e 20 ba 03 00 00 00 29 c2 0f 88 8e 00
0x000076b60f7c3871:   00 00 48 8b 46 10 44 8b 15 12 e0 23 00 48 03 05
0x000076b60f7c3881:   03 e0 23 00 49 d3 e8 89 d1 49 d3 e8 49 01 c0 48
0x000076b60f7c3891:   8b 46 18 48 83 f8 03 0f 83 90 00 00 00 41 ba 07
0x000076b60f7c38a1:   00 00 00 89 c1 49 d3 ea 49 8b 11 0f b6 4e 20 48
0x000076b60f7c38b1:   d3 ea 44 21 d2 89 c1 48 d3 e2 be 01 00 00 00 48
0x000076b60f7c38c1:   d3 e6 49 c7 c1 ff ff ff ff 89 f1 49 d3 e1 41 f6
0x000076b60f7c38d1:   d1 80 e2 07 89 d1 41 d2 e1 48 8b 47 10 0f b6 00
0x000076b60f7c38e1:   48 8d 0d 98 4b eb ff 48 63 04 81 48 01 c8 ff e0
0x000076b60f7c38f1:   41 0f b6 00 44 20 c8 89 d1 d2 e8 48 83 c4 38 c3
0x000076b60f7c3901:   48 8b 56 10 44 8b 15 84 df 23 00 49 d3 e8 48 03
0x000076b60f7c3911:   15 72 df 23 00 04 3d 89 c1 49 d3 e0 49 01 d0 48
0x000076b60f7c3921:   8b 46 18 48 83 f8 03 0f 82 70 ff ff ff 48 8b 47
0x000076b60f7c3931:   10 0f b6 00 48 8d 0d 30 4b eb ff 48 63 04 81 48
0x000076b60f7c3941:   01 c8 ff e0 41 0f b6 00 48 83 c4 38 c3 48 8d 05
0x000076b60f7c3951:   c3 51 21 00 48 89 44 24 08 48 c7 44 24 10 01 00
0x000076b60f7c3961:   00 00 48 c7 44 24 18 08 00 00 00 0f 57 c0 0f 11
0x000076b60f7c3971:   44 24 20 48 8d 35 ad 51 21 00 48 8d 7c 24 08 e8
0x000076b60f7c3981:   1b 3f fd ff 48 8d 05 b4 51 21 00 48 89 44 24 08
0x000076b60f7c3991:   48 c7 44 24 10 01 00 00 00 48 c7 44 24 18 08 00
0x000076b60f7c39a1:   00 00 0f 57 c0 0f 11 44 24 20 48 8d 35 9e 51 21
0x000076b60f7c39b1:   00 48 8d 7c 24 08 e8 e4 3e fd ff cc cc cc cc 48
0x000076b60f7c39c1:   81 ec 88 00 00 00 48 8b 07 48 8d 48 28 48 8d 50
0x000076b60f7c39d1:   10 48 8d 78 18 48 89 44 24 08 48 83 c0 20 4c 8d
0x000076b60f7c39e1:   05 aa 0c fe ff 4c 89 44 24 10 48 89 4c 24 18 48 


Stack slot to memory mapping:

stack at sp + 0 slots: 
[error occurred during error reporting (inspecting top of stack), id 0xe0000000, Internal Error (/mydata/mmtk-openjdk/openjdk/share/mmtkHeap.cpp:444)]
stack at sp + 1 slots: 0x0 is null
stack at sp + 2 slots: 
[error occurred during error reporting (inspecting top of stack, attempt 2), id 0xe0000000, Internal Error (/mydata/mmtk-openjdk/openjdk/share/mmtkHeap.cpp:444)]
stack at sp + 3 slots: 
[error occurred during error reporting (inspecting top of stack, attempt 3), id 0xe0000000, Internal Error (/mydata/mmtk-openjdk/openjdk/share/mmtkHeap.cpp:444)]

---------------  P R O C E S S  ---------------

Threads class SMR info:
_java_thread_list=0x00006a0830109c20, length=56, elements={
0x000076b60802b240, 0x000076b608524810, 0x000076b6085260a0, 0x000076b608527b90,
0x000076b6085463e0, 0x000076b608547d30, 0x000076b6085495f0, 0x000076b60854b430,
0x000076b608554e00, 0x00006a084c055500, 0x00006a0840001660, 0x000076b60859c3f0,
0x000076b60859f3f0, 0x00006a084001dc50, 0x00006a084003fc30, 0x00006a08400412a0,
0x000076b6087acf10, 0x000076b6087add80, 0x000076b6087aeda0, 0x000076b6087b0130,
0x000076b6087b15b0, 0x000076b6087b2980, 0x000076b6087b3d50, 0x000076b6087b52c0,
0x000076b6087b6830, 0x000076b6087b7c00, 0x000076b6087b90b0, 0x000076b6087ba640,
0x000076b6087bbbd0, 0x000076b6087bd080, 0x000076b6087be530, 0x000076b6087bf8d0,
0x000076b6087c0d80, 0x000076b6087c25c0, 0x000076b6083df180, 0x000076b6083e0190,
0x000076b6083e1760, 0x000076b6087a5440, 0x000076b6087a6a20, 0x000076b6087a7ec0,
0x000076b6087a9750, 0x000076b6087aafe0, 0x000076b6087ac480, 0x000076b6085b8180,
0x000076b6085b9620, 0x000076b6085baac0, 0x000076b6085bc0e0, 0x000076b6085bd580,
0x00006a084c100b70, 0x00006a08440c09f0, 0x00006a0834063480, 0x00006a084c12fcd0,
0x00006a08440ce840, 0x00006a08440d0900, 0x00006a0830177a10, 0x00006a08301089f0
}

Java Threads: ( => current thread )
  0x000076b60802b240 JavaThread "main"                              [_thread_blocked, id=319937, stack(0x000076b60fb00000,0x000076b60fc00000) (1024K)]
  0x000076b608524810 JavaThread "Reference Handler"          daemon [_thread_blocked, id=319941, stack(0x000076b5d04fd000,0x000076b5d05fd000) (1024K)]
  0x000076b6085260a0 JavaThread "Finalizer"                  daemon [_thread_blocked, id=319942, stack(0x00006a091bcfb000,0x00006a091bdfb000) (1024K)]
  0x000076b608527b90 JavaThread "MMTk Finalizer Thread"      daemon [_thread_blocked, id=319943, stack(0x00006a091b900000,0x00006a091ba00000) (1024K)]
  0x000076b6085463e0 JavaThread "Signal Dispatcher"          daemon [_thread_blocked, id=319967, stack(0x00006a091a0e9000,0x00006a091a1e9000) (1024K)]
  0x000076b608547d30 JavaThread "Service Thread"             daemon [_thread_blocked, id=319968, stack(0x00006a0919fe9000,0x00006a091a0e9000) (1024K)]
  0x000076b6085495f0 JavaThread "Monitor Deflation Thread"   daemon [_thread_blocked, id=319969, stack(0x00006a0919ee9000,0x00006a0919fe9000) (1024K)]
  0x000076b60854b430 JavaThread "C2 CompilerThread0"         daemon [_thread_in_native, id=319970, stack(0x00006a0919de9000,0x00006a0919ee9000) (1024K)]
  0x000076b608554e00 JavaThread "C1 CompilerThread0"         daemon [_thread_blocked, id=319971, stack(0x00006a0919ce9000,0x00006a0919de9000) (1024K)]
  0x00006a084c055500 JavaThread "C1 CompilerThread1"         daemon [_thread_blocked, id=319972, stack(0x00006a0919be9000,0x00006a0919ce9000) (1024K)]
  0x00006a0840001660 JavaThread "C1 CompilerThread2"         daemon [_thread_blocked, id=319973, stack(0x00006a0919ae9000,0x00006a0919be9000) (1024K)]
  0x000076b60859c3f0 JavaThread "Notification Thread"        daemon [_thread_blocked, id=319974, stack(0x00006a09199e9000,0x00006a0919ae9000) (1024K)]
  0x000076b60859f3f0 JavaThread "Common-Cleaner"             daemon [_thread_blocked, id=319975, stack(0x00006a09198e9000,0x00006a09199e9000) (1024K)]
  0x00006a084001dc50 JavaThread "C2 CompilerThread1"         daemon [_thread_blocked, id=319976, stack(0x00006a09197e9000,0x00006a09198e9000) (1024K)]
  0x00006a084003fc30 JavaThread "C1 CompilerThread3"         daemon [_thread_blocked, id=319977, stack(0x00006a09196e9000,0x00006a09197e9000) (1024K)]
  0x00006a08400412a0 JavaThread "C1 CompilerThread4"         daemon [_thread_blocked, id=319978, stack(0x00006a09195e9000,0x00006a09196e9000) (1024K)]
  0x000076b6087acf10 JavaThread "Thread-0"                          [_thread_blocked, id=319980, stack(0x00006a09194e9000,0x00006a09195e9000) (1024K)]
  0x000076b6087add80 JavaThread "Thread-1"                          [_thread_blocked, id=319981, stack(0x00006a09193e9000,0x00006a09194e9000) (1024K)]
  0x000076b6087aeda0 JavaThread "Thread-2"                          [_thread_blocked, id=319982, stack(0x00006a09192e9000,0x00006a09193e9000) (1024K)]
  0x000076b6087b0130 JavaThread "Thread-3"                          [_thread_blocked, id=319983, stack(0x00006a09191e9000,0x00006a09192e9000) (1024K)]
  0x000076b6087b15b0 JavaThread "Thread-4"                          [_thread_blocked, id=319984, stack(0x00006a09190e9000,0x00006a09191e9000) (1024K)]
  0x000076b6087b2980 JavaThread "Thread-5"                          [_thread_blocked, id=319985, stack(0x00006a0918fe9000,0x00006a09190e9000) (1024K)]
  0x000076b6087b3d50 JavaThread "Thread-6"                          [_thread_blocked, id=319986, stack(0x00006a0918ee9000,0x00006a0918fe9000) (1024K)]
  0x000076b6087b52c0 JavaThread "Thread-7"                          [_thread_blocked, id=319987, stack(0x00006a0918de9000,0x00006a0918ee9000) (1024K)]
  0x000076b6087b6830 JavaThread "Thread-8"                          [_thread_blocked, id=319988, stack(0x00006a0918ce9000,0x00006a0918de9000) (1024K)]
  0x000076b6087b7c00 JavaThread "Thread-9"                          [_thread_blocked, id=319989, stack(0x00006a0918be9000,0x00006a0918ce9000) (1024K)]
  0x000076b6087b90b0 JavaThread "Thread-10"                         [_thread_blocked, id=319990, stack(0x00006a0918ae9000,0x00006a0918be9000) (1024K)]
  0x000076b6087ba640 JavaThread "Thread-11"                         [_thread_blocked, id=319991, stack(0x00006a09189e9000,0x00006a0918ae9000) (1024K)]
  0x000076b6087bbbd0 JavaThread "Thread-12"                         [_thread_blocked, id=319992, stack(0x00006a09188e9000,0x00006a09189e9000) (1024K)]
  0x000076b6087bd080 JavaThread "Thread-13"                         [_thread_blocked, id=319993, stack(0x00006a09187e9000,0x00006a09188e9000) (1024K)]
  0x000076b6087be530 JavaThread "Thread-14"                         [_thread_blocked, id=319994, stack(0x00006a09186e9000,0x00006a09187e9000) (1024K)]
  0x000076b6087bf8d0 JavaThread "Thread-15"                         [_thread_blocked, id=319995, stack(0x00006a09185e9000,0x00006a09186e9000) (1024K)]
  0x000076b6087c0d80 JavaThread "Thread-16"                         [_thread_blocked, id=319996, stack(0x00006a09184e9000,0x00006a09185e9000) (1024K)]
  0x000076b6087c25c0 JavaThread "Thread-17"                         [_thread_blocked, id=319997, stack(0x00006a09183e9000,0x00006a09184e9000) (1024K)]
  0x000076b6083df180 JavaThread "Thread-18"                         [_thread_blocked, id=319998, stack(0x00006a09182e9000,0x00006a09183e9000) (1024K)]
  0x000076b6083e0190 JavaThread "Thread-19"                         [_thread_blocked, id=319999, stack(0x00006a09181e9000,0x00006a09182e9000) (1024K)]
  0x000076b6083e1760 JavaThread "Thread-20"                         [_thread_blocked, id=320000, stack(0x00006a09180e9000,0x00006a09181e9000) (1024K)]
  0x000076b6087a5440 JavaThread "Thread-21"                         [_thread_blocked, id=320001, stack(0x00006a08d2f00000,0x00006a08d3000000) (1024K)]
  0x000076b6087a6a20 JavaThread "Thread-22"                         [_thread_blocked, id=320002, stack(0x00006a08d2e00000,0x00006a08d2f00000) (1024K)]
  0x000076b6087a7ec0 JavaThread "Thread-23"                         [_thread_blocked, id=320003, stack(0x00006a08d2d00000,0x00006a08d2e00000) (1024K)]
  0x000076b6087a9750 JavaThread "Thread-24"                         [_thread_blocked, id=320004, stack(0x00006a08d2c00000,0x00006a08d2d00000) (1024K)]
  0x000076b6087aafe0 JavaThread "Thread-25"                         [_thread_blocked, id=320005, stack(0x00006a08d2b00000,0x00006a08d2c00000) (1024K)]
  0x000076b6087ac480 JavaThread "Thread-26"                         [_thread_blocked, id=320006, stack(0x00006a08d2a00000,0x00006a08d2b00000) (1024K)]
  0x000076b6085b8180 JavaThread "Thread-27"                         [_thread_blocked, id=320007, stack(0x00006a08d2900000,0x00006a08d2a00000) (1024K)]
  0x000076b6085b9620 JavaThread "Thread-28"                         [_thread_blocked, id=320008, stack(0x00006a08d2800000,0x00006a08d2900000) (1024K)]
  0x000076b6085baac0 JavaThread "Thread-29"                         [_thread_blocked, id=320009, stack(0x00006a08d2700000,0x00006a08d2800000) (1024K)]
  0x000076b6085bc0e0 JavaThread "Thread-30"                         [_thread_blocked, id=320010, stack(0x00006a08d2600000,0x00006a08d2700000) (1024K)]
  0x000076b6085bd580 JavaThread "Thread-31"                         [_thread_blocked, id=320011, stack(0x00006a08d2500000,0x00006a08d2600000) (1024K)]
  0x00006a084c100b70 JavaThread "C2 CompilerThread2"         daemon [_thread_in_native, id=320012, stack(0x00006a08d2400000,0x00006a08d2500000) (1024K)]
  0x00006a08440c09f0 JavaThread "C2 CompilerThread3"         daemon [_thread_blocked, id=320013, stack(0x00006a08d2300000,0x00006a08d2400000) (1024K)]
  0x00006a0834063480 JavaThread "C2 CompilerThread4"         daemon [_thread_blocked, id=320014, stack(0x00006a08d2200000,0x00006a08d2300000) (1024K)]
  0x00006a084c12fcd0 JavaThread "C2 CompilerThread5"         daemon [_thread_blocked, id=320015, stack(0x00006a08d2100000,0x00006a08d2200000) (1024K)]
  0x00006a08440ce840 JavaThread "C2 CompilerThread6"         daemon [_thread_blocked, id=320016, stack(0x00006a08d2000000,0x00006a08d2100000) (1024K)]
  0x00006a08440d0900 JavaThread "C2 CompilerThread7"         daemon [_thread_blocked, id=320017, stack(0x00006a08d1f00000,0x00006a08d2000000) (1024K)]
  0x00006a0830177a10 JavaThread "C2 CompilerThread8"         daemon [_thread_blocked, id=320018, stack(0x00006a08d1e00000,0x00006a08d1f00000) (1024K)]
  0x00006a08301089f0 JavaThread "C2 CompilerThread9"         daemon [_thread_blocked, id=320019, stack(0x00006a08d1d00000,0x00006a08d1e00000) (1024K)]
Total: 56

Other Threads:
  0x000076b608519370 VMThread "VM Thread"                           [id=319940, stack(0x000076b5d05fe000,0x000076b5d06fe000) (1024K)]
  0x000076b608506fa0 WatcherThread "VM Periodic Task Thread"        [id=319939, stack(0x000076b5d06ff000,0x000076b5d07ff000) (1024K)]

=>0x000076b6085361c0 (exited) NamedThread "MMTk Collector Thread"   [id=319953, stack(0x00006a091aef7000,0x00006a091aff7000) (1024K)]
Total: 3

Threads with active compile tasks:
C2 CompilerThread0  3073 2746       4       org.apache.xml.serializer.ToHTMLStream::processAttribute (101 bytes)
C2 CompilerThread1  3073 2781       4       org.apache.xml.serializer.SerializerBase::addAttribute (25 bytes)
C2 CompilerThread2  3073 2373   !   4       org.apache.xalan.templates.ElemApplyTemplates::transformSelectedNodes (979 bytes)
C2 CompilerThread3  3073 2784   !   4       org.apache.xml.serializer.ToStream::addAttributeAlways (273 bytes)
C2 CompilerThread4  3073 2984   !   4       org.apache.xalan.templates.ElemLiteralResult::execute (312 bytes)
C2 CompilerThread5  3073 2783       4       org.xml.sax.helpers.AttributesImpl::addAttribute (91 bytes)
C2 CompilerThread6  3073 2985       4       org.apache.xalan.templates.ElemTemplateElement::unexecuteNSDecls (7 bytes)
C2 CompilerThread7  3073 2782       4       org.apache.xml.serializer.AttributesImplSerializer::addAttribute (116 bytes)
C2 CompilerThread8  3073 2969 % !   4       org.apache.xerces.impl.XMLDocumentFragmentScannerImpl$FragmentContentDispatcher::dispatch @ 145 (1118 bytes)
C2 CompilerThread9  3073 2728   !   4       org.apache.xalan.templates.AVT::evaluate (112 bytes)
Total: 10

VM state: at safepoint (normal execution)

VM Mutex/Monitor currently owned by a thread:  ([mutex/lock_event])
[0x000076b6111580d0] Threads_lock - owner thread: 0x000076b608519370
[0x000076b611157fd0] Heap_lock - owner thread: 0x000076b6083e27e0

Heap address: 0x0000000040000000, size: 3072 MB, Compressed Oops mode: 32-bit

CDS archive(s) mapped at: [0x00006a08d3000000-0x00006a08d3ca3000-0x00006a08d3ca3000), size 13250560, SharedBaseAddress: 0x00006a08d3000000, ArchiveRelocationMode: 1.
Compressed class space mapped at: 0x00006a08d4000000-0x00006a0914000000, reserved size: 1073741824
Narrow klass base: 0x00006a08d3000000, Narrow klass shift: 0, Narrow klass range: 0x100000000

GC Precious Log:
<Empty>

Heap:

[error occurred during error reporting (printing heap information), id 0xe0000000, Internal Error (/mydata/mmtk-openjdk/openjdk/share/mmtkHeap.cpp:424)]
Metaspace:

Usage:
  Non-class:      7.02 MB used.
      Class:    965.00 KB used.
       Both:      7.97 MB used.

Virtual space:
  Non-class space:       64.00 MB reserved,       7.12 MB ( 11%) committed,  1 nodes.
      Class space:        1.00 GB reserved,       1.06 MB ( <1%) committed,  1 nodes.
             Both:        1.06 GB reserved,       8.19 MB ( <1%) committed. 

Chunk freelists:
   Non-Class:  7.34 MB
       Class:  14.99 MB
        Both:  22.34 MB

MaxMetaspaceSize: unlimited
CompressedClassSpaceSize: 1.00 GB
Initial GC threshold: 21.00 MB
Current GC threshold: 21.00 MB
CDS: on
 - commit_granule_bytes: 65536.
 - commit_granule_words: 8192.
 - virtual_space_node_default_size: 8388608.
 - enlarge_chunks_in_place: 1.
 - use_allocation_guard: 0.


Internal statistics:

num_allocs_failed_limit: 0.
num_arena_births: 120.
num_arena_deaths: 0.
num_vsnodes_births: 2.
num_vsnodes_deaths: 0.
num_space_committed: 131.
num_space_uncommitted: 0.
num_chunks_returned_to_freelist: 0.
num_chunks_taken_from_freelist: 365.
num_chunk_merges: 0.
num_chunk_splits: 260.
num_chunks_enlarged: 205.
num_inconsistent_stats: 0.

CodeHeap 'non-profiled nmethods': size=118880Kb used=1498Kb max_used=1498Kb free=117382Kb
 bounds [0x000076b5f83e8000, 0x000076b5f8658000, 0x000076b5ff800000]
CodeHeap 'profiled nmethods': size=118876Kb used=6508Kb max_used=6508Kb free=112367Kb
 bounds [0x000076b5f0800000, 0x000076b5f0e60000, 0x000076b5f7c17000]
CodeHeap 'non-nmethods': size=8004Kb used=3560Kb max_used=3600Kb free=4443Kb
 bounds [0x000076b5f7c17000, 0x000076b5f7fa7000, 0x000076b5f83e8000]
CodeCache: size=245760Kb, used=11566Kb, max_used=11606Kb, free=234192Kb
 total_blobs=3408, nmethods=2926, adapters=379, full_count=0
Compilation: enabled, stopped_count=0, restarted_count=0

Compilation events (20 events):
Event: 3.034 Thread 0x00006a08400412a0 nmethod 2954 0x000076b5f0e57290 code [0x000076b5f0e57500, 0x000076b5f0e588d0]
Event: 3.038 Thread 0x00006a084c055500 nmethod 2949 0x000076b5f0e58e10 code [0x000076b5f0e59100, 0x000076b5f0e59d80]
Event: 3.038 Thread 0x00006a0840001660 2987       2       org.apache.xalan.templates.StylesheetRoot::getTemplateComposed (15 bytes)
Event: 3.038 Thread 0x00006a0840001660 nmethod 2987 0x000076b5f0e5a490 code [0x000076b5f0e5a640, 0x000076b5f0e5a768]
Event: 3.038 Thread 0x00006a0840001660 2988       2       java.util.Hashtable$Enumerator::<init> (51 bytes)
Event: 3.038 Thread 0x00006a0840001660 nmethod 2988 0x000076b5f0e5a890 code [0x000076b5f0e5aa20, 0x000076b5f0e5abf8]
Event: 3.042 Thread 0x000076b608554e00 2990       2       org.apache.xerces.impl.XMLEntityManager$CharacterBufferPool::returnToPool (73 bytes)
Event: 3.042 Thread 0x000076b608554e00 nmethod 2990 0x000076b5f0e5ad10 code [0x000076b5f0e5aec0, 0x000076b5f0e5b208]
Event: 3.044 Thread 0x00006a0834063480 nmethod 2804 0x000076b5f8553690 code [0x000076b5f8553b60, 0x000076b5f8556340]
Event: 3.044 Thread 0x00006a0834063480 2984   !   4       org.apache.xalan.templates.ElemLiteralResult::execute (312 bytes)
Event: 3.062 Thread 0x00006a08440c09f0 nmethod 2983 0x000076b5f8557a90 code [0x000076b5f8557c40, 0x000076b5f8557ed8]
Event: 3.062 Thread 0x00006a08440d0900 nmethod 2981 0x000076b5f8558110 code [0x000076b5f8558340, 0x000076b5f8558f18]
Event: 3.062 Thread 0x00006a08440d0900 2986       4       org.apache.xalan.templates.ElemUse::execute (22 bytes)
Event: 3.063 Thread 0x00006a08440ce840 nmethod 2975 0x000076b5f8559490 code [0x000076b5f85596c0, 0x000076b5f855a438]
Event: 3.063 Thread 0x00006a08440ce840 2985       4       org.apache.xalan.templates.ElemTemplateElement::unexecuteNSDecls (7 bytes)
Event: 3.063 Thread 0x00006a08440c09f0 2784   !   4       org.apache.xml.serializer.ToStream::addAttributeAlways (273 bytes)
Event: 3.063 Thread 0x00006a084c12fcd0 nmethod 2302 0x000076b5f855ab90 code [0x000076b5f855aee0, 0x000076b5f855d030]
Event: 3.063 Thread 0x00006a08440d0900 nmethod 2986 0x000076b5f855e510 code [0x000076b5f855e680, 0x000076b5f855e730]
Event: 3.063 Thread 0x00006a08440d0900 2782       4       org.apache.xml.serializer.AttributesImplSerializer::addAttribute (116 bytes)
Event: 3.063 Thread 0x00006a084c12fcd0 2783       4       org.xml.sax.helpers.AttributesImpl::addAttribute (91 bytes)

GC Heap History (0 events):
No events

Dll operation events (7 events):
Event: 0.001 Loaded shared library /mydata/openjdk-mmtk/build/b0test/images/jdk/lib/libjava.so
Event: 2.215 Loaded shared library /mydata/openjdk-mmtk/build/b0test/images/jdk/lib/libjsvml.so
Event: 2.228 Loaded shared library /mydata/openjdk-mmtk/build/b0test/images/jdk/lib/libnio.so
Event: 2.232 Loaded shared library /mydata/openjdk-mmtk/build/b0test/images/jdk/lib/libzip.so
Event: 2.246 Loaded shared library /mydata/openjdk-mmtk/build/b0test/images/jdk/lib/libjimage.so
Event: 2.273 Loaded shared library /mydata/openjdk-mmtk/build/b0test/images/jdk/lib/libnet.so
Event: 2.400 Loaded shared library /mydata/openjdk-mmtk/build/b0test/images/jdk/lib/libverify.so

Deoptimization events (20 events):
Event: 3.031 Thread 0x000076b6087a5440 DEOPT PACKING pc=0x000076b5f0d6222c sp=0x00006a08d2ffe2e0
Event: 3.031 Thread 0x000076b6087a5440 DEOPT UNPACKING pc=0x000076b5f7c6b02f sp=0x00006a08d2ffd838 mode 0
Event: 3.031 Thread 0x000076b6087a5440 Uncommon trap: trap_request=0xffffff6e fr.pc=0x000076b5f8547978 relative=0x0000000000000f98
Event: 3.031 Thread 0x000076b6087a5440 Uncommon trap: reason=loop_limit_check action=maybe_recompile pc=0x000076b5f8547978 method=org.apache.xalan.templates.ElemLiteralResult.execute(Lorg/apache/xalan/transformer/TransformerImpl;)V @ 110 c2
Event: 3.031 Thread 0x000076b6087a5440 DEOPT PACKING pc=0x000076b5f8547978 sp=0x00006a08d2ffddd0
Event: 3.031 Thread 0x000076b6083df180 Uncommon trap: trap_request=0xffffff6e fr.pc=0x000076b5f8547978 relative=0x0000000000000f98
Event: 3.031 Thread 0x000076b6087a9750 Uncommon trap: trap_request=0xffffff6e fr.pc=0x000076b5f8547978 relative=0x0000000000000f98
Event: 3.031 Thread 0x000076b6087a9750 Uncommon trap: reason=loop_limit_check action=maybe_recompile pc=0x000076b5f8547978 method=org.apache.xalan.templates.ElemLiteralResult.execute(Lorg/apache/xalan/transformer/TransformerImpl;)V @ 110 c2
Event: 3.031 Thread 0x000076b6087a5440 DEOPT UNPACKING pc=0x000076b5f7c6a899 sp=0x00006a08d2ffdde0 mode 2
Event: 3.032 Thread 0x000076b6087a9750 DEOPT PACKING pc=0x000076b5f8547978 sp=0x00006a08d2cfbba0
Event: 3.031 Thread 0x000076b6083df180 Uncommon trap: reason=loop_limit_check action=maybe_recompile pc=0x000076b5f8547978 method=org.apache.xalan.templates.ElemLiteralResult.execute(Lorg/apache/xalan/transformer/TransformerImpl;)V @ 110 c2
Event: 3.032 Thread 0x000076b6087a9750 DEOPT UNPACKING pc=0x000076b5f7c6a899 sp=0x00006a08d2cfbbb0 mode 2
Event: 3.032 Thread 0x000076b6083df180 DEOPT PACKING pc=0x000076b5f8547978 sp=0x00006a09183e5960
Event: 3.032 Thread 0x000076b6083df180 DEOPT UNPACKING pc=0x000076b5f7c6a899 sp=0x00006a09183e5970 mode 2
Event: 3.033 Thread 0x000076b6083e0190 DEOPT PACKING pc=0x000076b5f0cb553d sp=0x00006a09182e70b0
Event: 3.033 Thread 0x000076b6083e0190 DEOPT UNPACKING pc=0x000076b5f7c6b02f sp=0x00006a09182e65a8 mode 0
Event: 3.038 Thread 0x000076b6087c25c0 DEOPT PACKING pc=0x000076b5f0d6222c sp=0x00006a09184e72e0
Event: 3.038 Thread 0x000076b6087c25c0 DEOPT UNPACKING pc=0x000076b5f7c6b02f sp=0x00006a09184e6838 mode 0
Event: 3.040 Thread 0x000076b6087be530 DEOPT PACKING pc=0x000076b5f0cb553d sp=0x00006a09187e7060
Event: 3.040 Thread 0x000076b6087be530 DEOPT UNPACKING pc=0x000076b5f7c6b02f sp=0x00006a09187e6558 mode 0

Classes loaded (20 events):
Event: 2.666 Loading class java/util/ResourceBundle$KeyElementReference
Event: 2.666 Loading class java/util/ResourceBundle$CacheKeyReference
Event: 2.666 Loading class java/util/ResourceBundle$CacheKeyReference done
Event: 2.667 Loading class java/util/ResourceBundle$KeyElementReference done
Event: 2.667 Loading class java/util/ResourceBundle$Control$2
Event: 2.667 Loading class java/util/ResourceBundle$Control$2 done
Event: 2.668 Loading class sun/util/PropertyResourceBundleCharset
Event: 2.668 Loading class sun/util/PropertyResourceBundleCharset done
Event: 2.668 Loading class sun/util/PropertyResourceBundleCharset$PropertiesFileDecoder
Event: 2.668 Loading class sun/util/PropertyResourceBundleCharset$PropertiesFileDecoder done
Event: 2.673 Loading class java/util/ResourceBundle$BundleReference
Event: 2.673 Loading class java/util/ResourceBundle$BundleReference done
Event: 2.673 Loading class sun/util/ResourceBundleEnumeration
Event: 2.673 Loading class sun/util/ResourceBundleEnumeration done
Event: 2.689 Loading class sun/nio/cs/ISO_8859_1$Encoder
Event: 2.689 Loading class sun/nio/cs/ISO_8859_1$Encoder done
Event: 2.709 Loading class java/util/ResourceBundle$Control$1
Event: 2.709 Loading class java/util/ResourceBundle$Control$1 done
Event: 2.736 Loading class java/lang/foreign/MemorySegment
Event: 2.736 Loading class java/lang/foreign/MemorySegment done

Classes unloaded (0 events):
No events

Classes redefined (0 events):
No events

Internal exceptions (13 events):
Event: 2.239 Thread 0x000076b60802b240 Exception <a 'java/lang/NoSuchMethodError'{0x0000000040334110}: 'java.lang.Object java.lang.invoke.DirectMethodHandle$Holder.newInvokeSpecial(java.lang.Object, int, java.lang.Object)'> (0x0000000040334110) 
thrown [src/hotspot/share/interpreter/linkResolver.cpp, line 772]
Event: 2.248 Thread 0x000076b60802b240 Exception <a 'java/lang/NoSuchMethodError'{0x00000000402f9f38}: 'void java.lang.invoke.DirectMethodHandle$Holder.invokeStatic(java.lang.Object, java.lang.Object)'> (0x00000000402f9f38) 
thrown [src/hotspot/share/interpreter/linkResolver.cpp, line 772]
Event: 2.249 Thread 0x000076b60802b240 Exception <a 'java/lang/NoSuchMethodError'{0x00000000402fd930}: 'void java.lang.invoke.DirectMethodHandle$Holder.invokeSpecial(java.lang.Object, java.lang.Object, java.lang.Object)'> (0x00000000402fd930) 
thrown [src/hotspot/share/interpreter/linkResolver.cpp, line 772]
Event: 2.292 Thread 0x000076b60802b240 Exception <a 'java/lang/NoSuchMethodError'{0x00000000401bfdd8}: 'void java.lang.invoke.DirectMethodHandle$Holder.invokeVirtual(java.lang.Object, java.lang.Object)'> (0x00000000401bfdd8) 
thrown [src/hotspot/share/interpreter/linkResolver.cpp, line 772]
Event: 2.325 Thread 0x000076b60802b240 Exception <a 'java/io/FileNotFoundException'{0x0000000040188d38}> (0x0000000040188d38) 
thrown [src/hotspot/share/prims/jni.cpp, line 520]
Event: 2.336 Thread 0x000076b60802b240 Exception <a 'java/lang/NoSuchMethodError'{0x000000004012fc70}: 'java.lang.Object java.lang.invoke.Invokers$Holder.invokeExact_MT(java.lang.Object, java.lang.Object, java.lang.Object, java.lang.Object, java.lang.Object)'> (0x000000004012fc70) 
thrown [src/hotspot/share/interpreter/linkResolver.cpp, line 772]
Event: 2.522 Thread 0x000076b60802b240 Exception <a 'java/lang/NoSuchMethodError'{0x0000000040ebb668}: 'void java.lang.invoke.DirectMethodHandle$Holder.invokeVirtual(java.lang.Object, java.lang.Object, int)'> (0x0000000040ebb668) 
thrown [src/hotspot/share/interpreter/linkResolver.cpp, line 772]
Event: 2.523 Thread 0x000076b60802b240 Exception <a 'java/lang/NoSuchMethodError'{0x0000000040ebfd90}: 'int java.lang.invoke.DirectMethodHandle$Holder.invokeSpecial(java.lang.Object, java.lang.Object, java.lang.Object, int)'> (0x0000000040ebfd90) 
thrown [src/hotspot/share/interpreter/linkResolver.cpp, line 772]
Event: 2.524 Thread 0x000076b60802b240 Exception <a 'java/lang/NoSuchMethodError'{0x0000000040ea2a40}: 'java.lang.Object java.lang.invoke.DirectMethodHandle$Holder.invokeStatic(java.lang.Object, java.lang.Object, java.lang.Object, java.lang.Object, int)'> (0x0000000040ea2a40) 
thrown [src/hotspot/share/interpreter/linkResolver.cpp, line 772]
Event: 2.525 Thread 0x000076b60802b240 Exception <a 'java/lang/NoSuchMethodError'{0x0000000040e9dc48}: 'void java.lang.invoke.DelegatingMethodHandle$Holder.reinvoke_L(java.lang.Object, java.lang.Object, int)'> (0x0000000040e9dc48) 
thrown [src/hotspot/share/interpreter/linkResolver.cpp, line 772]
Event: 2.526 Thread 0x000076b60802b240 Exception <a 'java/lang/NoSuchMethodError'{0x0000000040e945a8}: 'int java.lang.invoke.DirectMethodHandle$Holder.invokeSpecial(java.lang.Object, java.lang.Object, java.lang.Object)'> (0x0000000040e945a8) 
thrown [src/hotspot/share/interpreter/linkResolver.cpp, line 772]
Event: 2.596 Thread 0x000076b60802b240 Exception <a 'java/lang/NoSuchMethodError'{0x00000000413b99f0}: 'void java.lang.invoke.DelegatingMethodHandle$Holder.reinvoke_L(java.lang.Object, java.lang.Object, int, int)'> (0x00000000413b99f0) 
thrown [src/hotspot/share/interpreter/linkResolver.cpp, line 772]
Event: 2.665 Thread 0x000076b6087b52c0 Exception <a 'java/lang/NoSuchMethodError'{0x0000000040ddaaa0}: 'java.lang.Object java.lang.invoke.DirectMethodHandle$Holder.invokeInterface(java.lang.Object, java.lang.Object)'> (0x0000000040ddaaa0) 
thrown [src/hotspot/share/interpreter/linkResolver.cpp, line 772]

ZGC Phase Switch (0 events):
No events

VM Operations (20 events):
Event: 2.792 Executing VM operation: ICBufferFull done
Event: 2.795 Executing VM operation: ICBufferFull
Event: 2.795 Executing VM operation: ICBufferFull done
Event: 2.798 Executing VM operation: ICBufferFull
Event: 2.799 Executing VM operation: ICBufferFull done
Event: 2.805 Executing VM operation: ICBufferFull
Event: 2.811 Executing VM operation: ICBufferFull done
Event: 2.814 Executing VM operation: ICBufferFull
Event: 2.818 Executing VM operation: ICBufferFull done
Event: 2.822 Executing VM operation: ICBufferFull
Event: 2.822 Executing VM operation: ICBufferFull done
Event: 2.826 Executing VM operation: ICBufferFull
Event: 2.832 Executing VM operation: ICBufferFull done
Event: 2.832 Executing VM operation: ICBufferFull
Event: 2.833 Executing VM operation: ICBufferFull done
Event: 2.994 Executing VM operation: ICBufferFull
Event: 2.994 Executing VM operation: ICBufferFull done
Event: 3.044 Executing VM operation: ThirdPartyHeapOperation
Event: 3.062 Executing VM operation: ThirdPartyHeapOperation done
Event: 3.066 Executing VM operation: ThirdPartyHeapOperation

Memory protections (20 events):
Event: 2.632 Protecting memory [0x00006a09180e9000,0x00006a09180ed000] with protection modes 0
Event: 2.632 Protecting memory [0x00006a08d2f00000,0x00006a08d2f04000] with protection modes 0
Event: 2.632 Protecting memory [0x00006a08d2e00000,0x00006a08d2e04000] with protection modes 0
Event: 2.632 Protecting memory [0x00006a08d2d00000,0x00006a08d2d04000] with protection modes 0
Event: 2.632 Protecting memory [0x00006a08d2c00000,0x00006a08d2c04000] with protection modes 0
Event: 2.632 Protecting memory [0x00006a08d2b00000,0x00006a08d2b04000] with protection modes 0
Event: 2.632 Protecting memory [0x00006a08d2a00000,0x00006a08d2a04000] with protection modes 0
Event: 2.633 Protecting memory [0x00006a08d2900000,0x00006a08d2904000] with protection modes 0
Event: 2.633 Protecting memory [0x00006a08d2800000,0x00006a08d2804000] with protection modes 0
Event: 2.633 Protecting memory [0x00006a08d2700000,0x00006a08d2704000] with protection modes 0
Event: 2.633 Protecting memory [0x00006a08d2600000,0x00006a08d2604000] with protection modes 0
Event: 2.633 Protecting memory [0x00006a08d2500000,0x00006a08d2504000] with protection modes 0
Event: 2.680 Protecting memory [0x00006a08d2400000,0x00006a08d2404000] with protection modes 0
Event: 2.681 Protecting memory [0x00006a08d2300000,0x00006a08d2304000] with protection modes 0
Event: 2.685 Protecting memory [0x00006a08d2200000,0x00006a08d2204000] with protection modes 0
Event: 2.733 Protecting memory [0x00006a08d2100000,0x00006a08d2104000] with protection modes 0
Event: 2.735 Protecting memory [0x00006a08d2000000,0x00006a08d2004000] with protection modes 0
Event: 2.744 Protecting memory [0x00006a08d1f00000,0x00006a08d1f04000] with protection modes 0
Event: 2.747 Protecting memory [0x00006a08d1e00000,0x00006a08d1e04000] with protection modes 0
Event: 2.749 Protecting memory [0x00006a08d1d00000,0x00006a08d1d04000] with protection modes 0

Nmethod flushes (0 events):
No events

Events (20 events):
Event: 2.632 Thread 0x000076b60802b240 Thread added: 0x000076b6083e1760
Event: 2.632 Thread 0x000076b60802b240 Thread added: 0x000076b6087a5440
Event: 2.632 Thread 0x000076b60802b240 Thread added: 0x000076b6087a6a20
Event: 2.632 Thread 0x000076b60802b240 Thread added: 0x000076b6087a7ec0
Event: 2.632 Thread 0x000076b60802b240 Thread added: 0x000076b6087a9750
Event: 2.632 Thread 0x000076b60802b240 Thread added: 0x000076b6087aafe0
Event: 2.632 Thread 0x000076b60802b240 Thread added: 0x000076b6087ac480
Event: 2.633 Thread 0x000076b60802b240 Thread added: 0x000076b6085b8180
Event: 2.633 Thread 0x000076b60802b240 Thread added: 0x000076b6085b9620
Event: 2.633 Thread 0x000076b60802b240 Thread added: 0x000076b6085baac0
Event: 2.633 Thread 0x000076b60802b240 Thread added: 0x000076b6085bc0e0
Event: 2.633 Thread 0x000076b60802b240 Thread added: 0x000076b6085bd580
Event: 2.680 Thread 0x000076b608554e00 Thread added: 0x00006a084c100b70
Event: 2.681 Thread 0x00006a0840001660 Thread added: 0x00006a08440c09f0
Event: 2.685 Thread 0x00006a084003fc30 Thread added: 0x00006a0834063480
Event: 2.733 Thread 0x000076b608554e00 Thread added: 0x00006a084c12fcd0
Event: 2.735 Thread 0x00006a0840001660 Thread added: 0x00006a08440ce840
Event: 2.744 Thread 0x00006a0840001660 Thread added: 0x00006a08440d0900
Event: 2.747 Thread 0x00006a084001dc50 Thread added: 0x00006a0830177a10
Event: 2.749 Thread 0x00006a084001dc50 Thread added: 0x00006a08301089f0


Dynamic libraries:
40000000-40400000 rw-p 00000000 00:00 0                                  [anon:mmtk:space:immix]
40400000-40800000 rw-p 00000000 00:00 0                                  [anon:mmtk:space:los]
40800000-41400000 rw-p 00000000 00:00 0                                  [anon:mmtk:space:immix]
41400000-41c00000 rw-p 00000000 00:00 0                                  [anon:mmtk:space:los]
41c00000-42400000 rw-p 00000000 00:00 0                                  [anon:mmtk:space:immix]
42400000-42800000 rw-p 00000000 00:00 0                                  [anon:mmtk:space:los]
42800000-43000000 rw-p 00000000 00:00 0                                  [anon:mmtk:space:immix]
43000000-43400000 rw-p 00000000 00:00 0                                  [anon:mmtk:space:los]
43400000-43c00000 rw-p 00000000 00:00 0                                  [anon:mmtk:space:immix]
43c00000-44000000 rw-p 00000000 00:00 0                                  [anon:mmtk:space:los]
44000000-44400000 rw-p 00000000 00:00 0                                  [anon:mmtk:space:immix]
44400000-44800000 rw-p 00000000 00:00 0                                  [anon:mmtk:space:los]
44800000-45000000 rw-p 00000000 00:00 0                                  [anon:mmtk:space:immix]
45000000-45400000 rw-p 00000000 00:00 0                                  [anon:mmtk:space:los]
45400000-45c00000 rw-p 00000000 00:00 0                                  [anon:mmtk:space:immix]
45c00000-46000000 rw-p 00000000 00:00 0                                  [anon:mmtk:space:los]
46000000-46400000 rw-p 00000000 00:00 0                                  [anon:mmtk:space:immix]
46400000-46800000 rw-p 00000000 00:00 0                                  [anon:mmtk:space:los]
46800000-46c00000 rw-p 00000000 00:00 0                                  [anon:mmtk:space:immix]
46c00000-47000000 rw-p 00000000 00:00 0                                  [anon:mmtk:space:los]
47000000-47800000 rw-p 00000000 00:00 0                                  [anon:mmtk:space:immix]
47800000-47c00000 rw-p 00000000 00:00 0                                  [anon:mmtk:space:los]
47c00000-48400000 rw-p 00000000 00:00 0                                  [anon:mmtk:space:immix]
48400000-48800000 rw-p 00000000 00:00 0                                  [anon:mmtk:space:los]
48800000-48c00000 rw-p 00000000 00:00 0                                  [anon:mmtk:space:immix]
48c00000-49000000 rw-p 00000000 00:00 0                                  [anon:mmtk:space:los]
49000000-49800000 rw-p 00000000 00:00 0                                  [anon:mmtk:space:immix]
49800000-49c00000 rw-p 00000000 00:00 0                                  [anon:mmtk:space:los]
49c00000-4a400000 rw-p 00000000 00:00 0                                  [anon:mmtk:space:immix]
4a400000-4a800000 rw-p 00000000 00:00 0                                  [anon:mmtk:space:los]
4a800000-4ac00000 rw-p 00000000 00:00 0                                  [anon:mmtk:space:immix]
4ac00000-4b000000 rw-p 00000000 00:00 0                                  [anon:mmtk:space:los]
4b000000-4b800000 rw-p 00000000 00:00 0                                  [anon:mmtk:space:immix]
4b800000-4bc00000 rw-p 00000000 00:00 0                                  [anon:mmtk:space:los]
4bc00000-4c000000 rw-p 00000000 00:00 0                                  [anon:mmtk:space:immix]
4c000000-4c400000 rw-p 00000000 00:00 0                                  [anon:mmtk:space:los]
4c400000-4cc00000 rw-p 00000000 00:00 0                                  [anon:mmtk:space:immix]
4cc00000-4d000000 rw-p 00000000 00:00 0                                  [anon:mmtk:space:los]
4d000000-4d400000 rw-p 00000000 00:00 0                                  [anon:mmtk:space:immix]
4d400000-4d800000 rw-p 00000000 00:00 0                                  [anon:mmtk:space:los]
4d800000-4e000000 rw-p 00000000 00:00 0                                  [anon:mmtk:space:immix]
4e000000-4e400000 rw-p 00000000 00:00 0                                  [anon:mmtk:space:los]
4e400000-4ec00000 rw-p 00000000 00:00 0                                  [anon:mmtk:space:immix]
4ec00000-4f000000 rw-p 00000000 00:00 0                                  [anon:mmtk:space:los]
4f000000-4f400000 rw-p 00000000 00:00 0                                  [anon:mmtk:space:immix]
4f400000-4f800000 rw-p 00000000 00:00 0                                  [anon:mmtk:space:los]
4f800000-4fc00000 rw-p 00000000 00:00 0                                  [anon:mmtk:space:immix]
4fc00000-50000000 rw-p 00000000 00:00 0                                  [anon:mmtk:space:los]
50000000-50400000 rw-p 00000000 00:00 0                                  [anon:mmtk:space:immix]
200000000000-2000c00c0000 rw-s 00000000 00:10 68                         anon_inode:bpf-map
61ec5d2a9000-61ec5d2aa000 r--p 00000000 fc:00 49676337                   /mydata/openjdk-mmtk/build/b0test/images/jdk/bin/java
61ec5d2aa000-61ec5d2ab000 r-xp 00001000 fc:00 49676337                   /mydata/openjdk-mmtk/build/b0test/images/jdk/bin/java
61ec5d2ab000-61ec5d2ac000 r--p 00002000 fc:00 49676337                   /mydata/openjdk-mmtk/build/b0test/images/jdk/bin/java
61ec5d2ac000-61ec5d2ad000 r--p 00002000 fc:00 49676337                   /mydata/openjdk-mmtk/build/b0test/images/jdk/bin/java
61ec5d2ad000-61ec5d2ae000 rw-p 00003000 fc:00 49676337                   /mydata/openjdk-mmtk/build/b0test/images/jdk/bin/java
61ec68619000-61ec68661000 rw-p 00000000 00:00 0                          [heap]
6a0788000000-6a07885f6000 rw-p 00000000 00:00 0 
6a07885f6000-6a078c000000 ---p 00000000 00:00 0 
6a0790000000-6a079078c000 rw-p 00000000 00:00 0 
6a079078c000-6a0794000000 ---p 00000000 00:00 0 
6a0794000000-6a07945df000 rw-p 00000000 00:00 0 
6a07945df000-6a0798000000 ---p 00000000 00:00 0 
6a0798000000-6a0798533000 rw-p 00000000 00:00 0 
6a0798533000-6a079c000000 ---p 00000000 00:00 0 
6a079c000000-6a079c6f8000 rw-p 00000000 00:00 0 
6a079c6f8000-6a07a0000000 ---p 00000000 00:00 0 
6a07a0000000-6a07a088e000 rw-p 00000000 00:00 0 
6a07a088e000-6a07a4000000 ---p 00000000 00:00 0 
6a07a4000000-6a07a45c4000 rw-p 00000000 00:00 0 
6a07a45c4000-6a07a8000000 ---p 00000000 00:00 0 
6a07a8000000-6a07a8047000 rw-p 00000000 00:00 0 
6a07a8047000-6a07ac000000 ---p 00000000 00:00 0 
6a07ac000000-6a07acb0c000 rw-p 00000000 00:00 0 
6a07acb0c000-6a07b0000000 ---p 00000000 00:00 0 
6a07b0000000-6a07b0043000 rw-p 00000000 00:00 0 
6a07b0043000-6a07b4000000 ---p 00000000 00:00 0 
6a07b4000000-6a07b4021000 rw-p 00000000 00:00 0 
6a07b4021000-6a07b8000000 ---p 00000000 00:00 0 
6a07b8000000-6a07b8021000 rw-p 00000000 00:00 0 
6a07b8021000-6a07bc000000 ---p 00000000 00:00 0 
6a07bc000000-6a07bc040000 rw-p 00000000 00:00 0 
6a07bc040000-6a07c0000000 ---p 00000000 00:00 0 
6a07c0000000-6a07c0021000 rw-p 00000000 00:00 0 
6a07c0021000-6a07c4000000 ---p 00000000 00:00 0 
6a07c4000000-6a07c4021000 rw-p 00000000 00:00 0 
6a07c4021000-6a07c8000000 ---p 00000000 00:00 0 
6a07c8000000-6a07c8021000 rw-p 00000000 00:00 0 
6a07c8021000-6a07cc000000 ---p 00000000 00:00 0 
6a07cc000000-6a07cc033000 rw-p 00000000 00:00 0 
6a07cc033000-6a07d0000000 ---p 00000000 00:00 0 
6a07d0000000-6a07d0021000 rw-p 00000000 00:00 0 
6a07d0021000-6a07d4000000 ---p 00000000 00:00 0 
6a07d4000000-6a07d4021000 rw-p 00000000 00:00 0 
6a07d4021000-6a07d8000000 ---p 00000000 00:00 0 
6a07d8000000-6a07d8021000 rw-p 00000000 00:00 0 
6a07d8021000-6a07dc000000 ---p 00000000 00:00 0 
6a07dc000000-6a07dc021000 rw-p 00000000 00:00 0 
6a07dc021000-6a07e0000000 ---p 00000000 00:00 0 
6a07e0000000-6a07e0025000 rw-p 00000000 00:00 0 
6a07e0025000-6a07e4000000 ---p 00000000 00:00 0 
6a07e4000000-6a07e4021000 rw-p 00000000 00:00 0 
6a07e4021000-6a07e8000000 ---p 00000000 00:00 0 
6a07e8000000-6a07e805a000 rw-p 00000000 00:00 0 
6a07e805a000-6a07ec000000 ---p 00000000 00:00 0 
6a07ec000000-6a07ec021000 rw-p 00000000 00:00 0 
6a07ec021000-6a07f0000000 ---p 00000000 00:00 0 
6a07f0000000-6a07f0021000 rw-p 00000000 00:00 0 
6a07f0021000-6a07f4000000 ---p 00000000 00:00 0 
6a07f4000000-6a07f4021000 rw-p 00000000 00:00 0 
6a07f4021000-6a07f8000000 ---p 00000000 00:00 0 
6a07f8000000-6a07f8024000 rw-p 00000000 00:00 0 
6a07f8024000-6a07fc000000 ---p 00000000 00:00 0 
6a07fc000000-6a07fc027000 rw-p 00000000 00:00 0 
6a07fc027000-6a0800000000 ---p 00000000 00:00 0 
6a0800000000-6a080002d000 rw-p 00000000 00:00 0 
6a080002d000-6a0804000000 ---p 00000000 00:00 0 
6a0804000000-6a080402d000 rw-p 00000000 00:00 0 
6a080402d000-6a0808000000 ---p 00000000 00:00 0 
6a0808000000-6a0808034000 rw-p 00000000 00:00 0 
6a0808034000-6a080c000000 ---p 00000000 00:00 0 
6a080c000000-6a080c04a000 rw-p 00000000 00:00 0 
6a080c04a000-6a0810000000 ---p 00000000 00:00 0 
6a0810000000-6a0810050000 rw-p 00000000 00:00 0 
6a0810050000-6a0814000000 ---p 00000000 00:00 0 
6a0814000000-6a0814021000 rw-p 00000000 00:00 0 
6a0814021000-6a0818000000 ---p 00000000 00:00 0 
6a0818000000-6a0818026000 rw-p 00000000 00:00 0 
6a0818026000-6a081c000000 ---p 00000000 00:00 0 
6a081c000000-6a081c02b000 rw-p 00000000 00:00 0 
6a081c02b000-6a0820000000 ---p 00000000 00:00 0 
6a0820000000-6a082003a000 rw-p 00000000 00:00 0 
6a082003a000-6a0824000000 ---p 00000000 00:00 0 
6a0824000000-6a0824024000 rw-p 00000000 00:00 0 
6a0824024000-6a0828000000 ---p 00000000 00:00 0 
6a0828000000-6a08281ef000 rw-p 00000000 00:00 0 
6a08281ef000-6a082c000000 ---p 00000000 00:00 0 
6a082c000000-6a082c14a000 rw-p 00000000 00:00 0 
6a082c14a000-6a0830000000 ---p 00000000 00:00 0 
6a0830000000-6a0830841000 rw-p 00000000 00:00 0 
6a0830841000-6a0834000000 ---p 00000000 00:00 0 
6a0834000000-6a0834282000 rw-p 00000000 00:00 0 
6a0834282000-6a0838000000 ---p 00000000 00:00 0 
6a0838000000-6a0838021000 rw-p 00000000 00:00 0 
6a0838021000-6a083c000000 ---p 00000000 00:00 0 
6a083c000000-6a083c021000 rw-p 00000000 00:00 0 
6a083c021000-6a0840000000 ---p 00000000 00:00 0 
6a0840000000-6a0840257000 rw-p 00000000 00:00 0 
6a0840257000-6a0844000000 ---p 00000000 00:00 0 
6a0844000000-6a0844225000 rw-p 00000000 00:00 0 
6a0844225000-6a0848000000 ---p 00000000 00:00 0 
6a0848000000-6a0848675000 rw-p 00000000 00:00 0 
6a0848675000-6a084c000000 ---p 00000000 00:00 0 
6a084c000000-6a084c1f4000 rw-p 00000000 00:00 0 
6a084c1f4000-6a0850000000 ---p 00000000 00:00 0 
6a0850000000-6a0850021000 rw-p 00000000 00:00 0 
6a0850021000-6a0854000000 ---p 00000000 00:00 0 
6a0854000000-6a0854021000 rw-p 00000000 00:00 0 
6a0854021000-6a0858000000 ---p 00000000 00:00 0 
6a0858000000-6a0858193000 rw-p 00000000 00:00 0 
6a0858193000-6a085c000000 ---p 00000000 00:00 0 
6a085c000000-6a085c021000 rw-p 00000000 00:00 0 
6a085c021000-6a0860000000 ---p 00000000 00:00 0 
6a0860000000-6a0860032000 rw-p 00000000 00:00 0 
6a0860032000-6a0864000000 ---p 00000000 00:00 0 
6a0864000000-6a086402b000 rw-p 00000000 00:00 0 
6a086402b000-6a0868000000 ---p 00000000 00:00 0 
6a0868000000-6a0868022000 rw-p 00000000 00:00 0 
6a0868022000-6a086c000000 ---p 00000000 00:00 0 
6a086c000000-6a086c021000 rw-p 00000000 00:00 0 
6a086c021000-6a0870000000 ---p 00000000 00:00 0 
6a0870000000-6a0870021000 rw-p 00000000 00:00 0 
6a0870021000-6a0874000000 ---p 00000000 00:00 0 
6a0874000000-6a087403d000 rw-p 00000000 00:00 0 
6a087403d000-6a0878000000 ---p 00000000 00:00 0 
6a0878000000-6a0878033000 rw-p 00000000 00:00 0 
6a0878033000-6a087c000000 ---p 00000000 00:00 0 
6a087c000000-6a087c033000 rw-p 00000000 00:00 0 
6a087c033000-6a0880000000 ---p 00000000 00:00 0 
6a0880000000-6a088002e000 rw-p 00000000 00:00 0 
6a088002e000-6a0884000000 ---p 00000000 00:00 0 
6a0884000000-6a0884033000 rw-p 00000000 00:00 0 
6a0884033000-6a0888000000 ---p 00000000 00:00 0 
6a0888000000-6a0888021000 rw-p 00000000 00:00 0 
6a0888021000-6a088c000000 ---p 00000000 00:00 0 
6a088c000000-6a088c033000 rw-p 00000000 00:00 0 
6a088c033000-6a0890000000 ---p 00000000 00:00 0 
6a0890000000-6a089004a000 rw-p 00000000 00:00 0 
6a089004a000-6a0894000000 ---p 00000000 00:00 0 
6a0894000000-6a08940f3000 rw-p 00000000 00:00 0 
6a08940f3000-6a0898000000 ---p 00000000 00:00 0 
6a0898000000-6a0898021000 rw-p 00000000 00:00 0 
6a0898021000-6a089c000000 ---p 00000000 00:00 0 
6a089c000000-6a089c04b000 rw-p 00000000 00:00 0 
6a089c04b000-6a08a0000000 ---p 00000000 00:00 0 
6a08a0000000-6a08a0033000 rw-p 00000000 00:00 0 
6a08a0033000-6a08a4000000 ---p 00000000 00:00 0 
6a08a4000000-6a08a402b000 rw-p 00000000 00:00 0 
6a08a402b000-6a08a8000000 ---p 00000000 00:00 0 
6a08a8000000-6a08a804b000 rw-p 00000000 00:00 0 
6a08a804b000-6a08ac000000 ---p 00000000 00:00 0 
6a08ac000000-6a08ac02a000 rw-p 00000000 00:00 0 
6a08ac02a000-6a08b0000000 ---p 00000000 00:00 0 
6a08b0000000-6a08b0021000 rw-p 00000000 00:00 0 
6a08b0021000-6a08b4000000 ---p 00000000 00:00 0 
6a08b4000000-6a08b4032000 rw-p 00000000 00:00 0 
6a08b4032000-6a08b8000000 ---p 00000000 00:00 0 
6a08b8000000-6a08b8021000 rw-p 00000000 00:00 0 
6a08b8021000-6a08bc000000 ---p 00000000 00:00 0 
6a08bc000000-6a08bc021000 rw-p 00000000 00:00 0 
6a08bc021000-6a08c0000000 ---p 00000000 00:00 0 
6a08c0000000-6a08c0021000 rw-p 00000000 00:00 0 
6a08c0021000-6a08c4000000 ---p 00000000 00:00 0 
6a08c4000000-6a08c4021000 rw-p 00000000 00:00 0 
6a08c4021000-6a08c8000000 ---p 00000000 00:00 0 
6a08c8000000-6a08c8270000 rw-p 00000000 00:00 0 
6a08c8270000-6a08c8400000 ---p 00000000 00:00 0 
6a08c8400000-6a08c88b0000 rw-p 00000000 00:00 0 
6a08c88b0000-6a08cc000000 ---p 00000000 00:00 0 
6a08cc000000-6a08cc021000 rw-p 00000000 00:00 0 
6a08cc021000-6a08d0000000 ---p 00000000 00:00 0 
6a08d1b48000-6a08d1d00000 rw-p 00000000 00:00 0 
6a08d1d00000-6a08d1d04000 ---p 00000000 00:00 0 
6a08d1d04000-6a08d1e00000 rw-p 00000000 00:00 0 
6a08d1e00000-6a08d1e04000 ---p 00000000 00:00 0 
6a08d1e04000-6a08d1f00000 rw-p 00000000 00:00 0 
6a08d1f00000-6a08d1f04000 ---p 00000000 00:00 0 
6a08d1f04000-6a08d2000000 rw-p 00000000 00:00 0 
6a08d2000000-6a08d2004000 ---p 00000000 00:00 0 
6a08d2004000-6a08d2100000 rw-p 00000000 00:00 0 
6a08d2100000-6a08d2104000 ---p 00000000 00:00 0 
6a08d2104000-6a08d2200000 rw-p 00000000 00:00 0 
6a08d2200000-6a08d2204000 ---p 00000000 00:00 0 
6a08d2204000-6a08d2300000 rw-p 00000000 00:00 0 
6a08d2300000-6a08d2304000 ---p 00000000 00:00 0 
6a08d2304000-6a08d2400000 rw-p 00000000 00:00 0 
6a08d2400000-6a08d2404000 ---p 00000000 00:00 0 
6a08d2404000-6a08d2500000 rw-p 00000000 00:00 0 
6a08d2500000-6a08d2504000 ---p 00000000 00:00 0 
6a08d2504000-6a08d2600000 rw-p 00000000 00:00 0 
6a08d2600000-6a08d2604000 ---p 00000000 00:00 0 
6a08d2604000-6a08d2700000 rw-p 00000000 00:00 0 
6a08d2700000-6a08d2704000 ---p 00000000 00:00 0 
6a08d2704000-6a08d2800000 rw-p 00000000 00:00 0 
6a08d2800000-6a08d2804000 ---p 00000000 00:00 0 
6a08d2804000-6a08d2900000 rw-p 00000000 00:00 0 
6a08d2900000-6a08d2904000 ---p 00000000 00:00 0 
6a08d2904000-6a08d2a00000 rw-p 00000000 00:00 0 
6a08d2a00000-6a08d2a04000 ---p 00000000 00:00 0 
6a08d2a04000-6a08d2b00000 rw-p 00000000 00:00 0 
6a08d2b00000-6a08d2b04000 ---p 00000000 00:00 0 
6a08d2b04000-6a08d2c00000 rw-p 00000000 00:00 0 
6a08d2c00000-6a08d2c04000 ---p 00000000 00:00 0 
6a08d2c04000-6a08d2d00000 rw-p 00000000 00:00 0 
6a08d2d00000-6a08d2d04000 ---p 00000000 00:00 0 
6a08d2d04000-6a08d2e00000 rw-p 00000000 00:00 0 
6a08d2e00000-6a08d2e04000 ---p 00000000 00:00 0 
6a08d2e04000-6a08d2f00000 rw-p 00000000 00:00 0 
6a08d2f00000-6a08d2f04000 ---p 00000000 00:00 0 
6a08d2f04000-6a08d3000000 rw-p 00000000 00:00 0 
6a08d3000000-6a08d3ca3000 rw-p 00001000 fc:00 49677043                   /mydata/openjdk-mmtk/build/b0test/images/jdk/lib/server/classes.jsa
6a08d3ca3000-6a08d4000000 ---p 00000000 00:00 0 
6a08d4000000-6a08d4040000 rw-p 00000000 00:00 0 
6a08d4040000-6a08d4110000 rw-p 00000000 00:00 0 
6a08d4110000-6a0914000000 ---p 00000000 00:00 0 
6a0914000000-6a0914021000 rw-p 00000000 00:00 0 
6a0914021000-6a0918000000 ---p 00000000 00:00 0 
6a09180e9000-6a09180ed000 ---p 00000000 00:00 0 
6a09180ed000-6a09181e9000 rw-p 00000000 00:00 0 
6a09181e9000-6a09181ed000 ---p 00000000 00:00 0 
6a09181ed000-6a09182e9000 rw-p 00000000 00:00 0 
6a09182e9000-6a09182ed000 ---p 00000000 00:00 0 
6a09182ed000-6a09183e9000 rw-p 00000000 00:00 0 
6a09183e9000-6a09183ed000 ---p 00000000 00:00 0 
6a09183ed000-6a09184e9000 rw-p 00000000 00:00 0 
6a09184e9000-6a09184ed000 ---p 00000000 00:00 0 
6a09184ed000-6a09185e9000 rw-p 00000000 00:00 0 
6a09185e9000-6a09185ed000 ---p 00000000 00:00 0 
6a09185ed000-6a09186e9000 rw-p 00000000 00:00 0 
6a09186e9000-6a09186ed000 ---p 00000000 00:00 0 
6a09186ed000-6a09187e9000 rw-p 00000000 00:00 0 
6a09187e9000-6a09187ed000 ---p 00000000 00:00 0 
6a09187ed000-6a09188e9000 rw-p 00000000 00:00 0 
6a09188e9000-6a09188ed000 ---p 00000000 00:00 0 
6a09188ed000-6a09189e9000 rw-p 00000000 00:00 0 
6a09189e9000-6a09189ed000 ---p 00000000 00:00 0 
6a09189ed000-6a0918ae9000 rw-p 00000000 00:00 0 
6a0918ae9000-6a0918aed000 ---p 00000000 00:00 0 
6a0918aed000-6a0918be9000 rw-p 00000000 00:00 0 
6a0918be9000-6a0918bed000 ---p 00000000 00:00 0 
6a0918bed000-6a0918ce9000 rw-p 00000000 00:00 0 
6a0918ce9000-6a0918ced000 ---p 00000000 00:00 0 
6a0918ced000-6a0918de9000 rw-p 00000000 00:00 0 
6a0918de9000-6a0918ded000 ---p 00000000 00:00 0 
6a0918ded000-6a0918ee9000 rw-p 00000000 00:00 0 
6a0918ee9000-6a0918eed000 ---p 00000000 00:00 0 
6a0918eed000-6a0918fe9000 rw-p 00000000 00:00 0 
6a0918fe9000-6a0918fed000 ---p 00000000 00:00 0 
6a0918fed000-6a09190e9000 rw-p 00000000 00:00 0 
6a09190e9000-6a09190ed000 ---p 00000000 00:00 0 
6a09190ed000-6a09191e9000 rw-p 00000000 00:00 0 
6a09191e9000-6a09191ed000 ---p 00000000 00:00 0 
6a09191ed000-6a09192e9000 rw-p 00000000 00:00 0 
6a09192e9000-6a09192ed000 ---p 00000000 00:00 0 
6a09192ed000-6a09193e9000 rw-p 00000000 00:00 0 
6a09193e9000-6a09193ed000 ---p 00000000 00:00 0 
6a09193ed000-6a09194e9000 rw-p 00000000 00:00 0 
6a09194e9000-6a09194ed000 ---p 00000000 00:00 0 
6a09194ed000-6a09195e9000 rw-p 00000000 00:00 0 
6a09195e9000-6a09195ed000 ---p 00000000 00:00 0 
6a09195ed000-6a09196e9000 rw-p 00000000 00:00 0 
6a09196e9000-6a09196ed000 ---p 00000000 00:00 0 
6a09196ed000-6a09197e9000 rw-p 00000000 00:00 0 
6a09197e9000-6a09197ed000 ---p 00000000 00:00 0 
6a09197ed000-6a09198e9000 rw-p 00000000 00:00 0 
6a09198e9000-6a09198ed000 ---p 00000000 00:00 0 
6a09198ed000-6a09199e9000 rw-p 00000000 00:00 0 
6a09199e9000-6a09199ed000 ---p 00000000 00:00 0 
6a09199ed000-6a0919ae9000 rw-p 00000000 00:00 0 
6a0919ae9000-6a0919aed000 ---p 00000000 00:00 0 
6a0919aed000-6a0919be9000 rw-p 00000000 00:00 0 
6a0919be9000-6a0919bed000 ---p 00000000 00:00 0 
6a0919bed000-6a0919ce9000 rw-p 00000000 00:00 0 
6a0919ce9000-6a0919ced000 ---p 00000000 00:00 0 
6a0919ced000-6a0919de9000 rw-p 00000000 00:00 0 
6a0919de9000-6a0919ded000 ---p 00000000 00:00 0 
6a0919ded000-6a0919ee9000 rw-p 00000000 00:00 0 
6a0919ee9000-6a0919eed000 ---p 00000000 00:00 0 
6a0919eed000-6a0919fe9000 rw-p 00000000 00:00 0 
6a0919fe9000-6a0919fed000 ---p 00000000 00:00 0 
6a0919fed000-6a091a0e9000 rw-p 00000000 00:00 0 
6a091a0e9000-6a091a0ed000 ---p 00000000 00:00 0 
6a091a0ed000-6a091a1e9000 rw-p 00000000 00:00 0 
6a091a1e9000-6a091a1ea000 ---p 00000000 00:00 0 
6a091a1ea000-6a091a2ea000 rw-p 00000000 00:00 0 
6a091a2ea000-6a091a2eb000 ---p 00000000 00:00 0 
6a091a2eb000-6a091a3eb000 rw-p 00000000 00:00 0 
6a091a3eb000-6a091a3ec000 ---p 00000000 00:00 0 
6a091a3ec000-6a091a4ec000 rw-p 00000000 00:00 0 
6a091a4ec000-6a091a4ed000 ---p 00000000 00:00 0 
6a091a4ed000-6a091a5ed000 rw-p 00000000 00:00 0 
6a091a5ed000-6a091a5ee000 ---p 00000000 00:00 0 
6a091a5ee000-6a091a6ee000 rw-p 00000000 00:00 0 
6a091a6ee000-6a091a6ef000 ---p 00000000 00:00 0 
6a091a6ef000-6a091a7ef000 rw-p 00000000 00:00 0 
6a091a7ef000-6a091a7f0000 ---p 00000000 00:00 0 
6a091a7f0000-6a091a8f0000 rw-p 00000000 00:00 0 
6a091a8f0000-6a091a8f1000 ---p 00000000 00:00 0 
6a091a8f1000-6a091a9f1000 rw-p 00000000 00:00 0 
6a091a9f1000-6a091a9f2000 ---p 00000000 00:00 0 
6a091a9f2000-6a091aaf2000 rw-p 00000000 00:00 0 
6a091aaf2000-6a091aaf3000 ---p 00000000 00:00 0 
6a091aaf3000-6a091abf3000 rw-p 00000000 00:00 0 
6a091abf3000-6a091abf4000 ---p 00000000 00:00 0 
6a091abf4000-6a091acf4000 rw-p 00000000 00:00 0 
6a091acf4000-6a091acf5000 ---p 00000000 00:00 0 
6a091acf5000-6a091adf5000 rw-p 00000000 00:00 0 
6a091adf5000-6a091adf6000 ---p 00000000 00:00 0 
6a091adf6000-6a091aef6000 rw-p 00000000 00:00 0 
6a091aef6000-6a091aef7000 ---p 00000000 00:00 0 
6a091aef7000-6a091aff7000 rw-p 00000000 00:00 0 
6a091aff7000-6a091aff8000 ---p 00000000 00:00 0 
6a091aff8000-6a091b0f8000 rw-p 00000000 00:00 0 
6a091b0f8000-6a091b0f9000 ---p 00000000 00:00 0 
6a091b0f9000-6a091b1f9000 rw-p 00000000 00:00 0 
6a091b1f9000-6a091b1fa000 ---p 00000000 00:00 0 
6a091b1fa000-6a091b2fa000 rw-p 00000000 00:00 0 
6a091b2fa000-6a091b2fb000 ---p 00000000 00:00 0 
6a091b2fb000-6a091b3fb000 rw-p 00000000 00:00 0 
6a091b3fb000-6a091b3fc000 ---p 00000000 00:00 0 
6a091b3fc000-6a091b4fc000 rw-p 00000000 00:00 0 
6a091b4fc000-6a091b4fd000 ---p 00000000 00:00 0 
6a091b4fd000-6a091b5fd000 rw-p 00000000 00:00 0 
6a091b5fd000-6a091b5fe000 ---p 00000000 00:00 0 
6a091b5fe000-6a091b6fe000 rw-p 00000000 00:00 0 
6a091b6fe000-6a091b6ff000 ---p 00000000 00:00 0 
6a091b6ff000-6a091b7ff000 rw-p 00000000 00:00 0 
6a091b7ff000-6a091b800000 ---p 00000000 00:00 0 
6a091b800000-6a091b900000 rw-p 00000000 00:00 0 
6a091b900000-6a091b904000 ---p 00000000 00:00 0 
6a091b904000-6a091ba00000 rw-p 00000000 00:00 0 
6a091ba00000-6a091bceb000 r--p 00000000 08:03 1410552                    /usr/lib/locale/locale-archive
6a091bcfb000-6a091bcff000 ---p 00000000 00:00 0 
6a091bcff000-6a091bdfb000 rw-p 00000000 00:00 0 
6a091bdfb000-6a094c400000 rw-p 00000000 00:00 0 
6a094c400000-6a094d400000 ---p 00000000 00:00 0                          [anon:mmtk:sidemeta:all:all-quarantined]
6a094d400000-6a094dc00000 rw-p 00000000 00:00 0                          [anon:mmtk:sidemeta:immix:VO_BIT]
6a094dc00000-6c094e400000 ---p 00000000 00:00 0                          [anon:mmtk:sidemeta:all:all-quarantined]
6c094e400000-6c094e800000 rw-p 00000000 00:00 0                          [anon:mmtk:sidemeta:immix:CHUNK_MARK]
6c094e800000-6c0951400000 ---p 00000000 00:00 0                          [anon:mmtk:sidemeta:all:all-quarantined]
6c0951400000-6c0951c00000 rw-p 00000000 00:00 0                          [anon:mmtk:sidemeta:immix:VMGlobalLogBitSpec]
6c0951c00000-6e1150800000 ---p 00000000 00:00 0                          [anon:mmtk:sidemeta:all:all-quarantined]
6e1150800000-6e1150c00000 rw-p 00000000 00:00 0                          [anon:mmtk:sidemeta:immix:IX_LINE_MARK]
6e1150c00000-6e9150400000 ---p 00000000 00:00 0                          [anon:mmtk:sidemeta:all:all-quarantined]
6e9150400000-6e9150800000 rw-p 00000000 00:00 0                          [anon:mmtk:sidemeta:immix:IX_BLOCK_DEFRAG]
6e9150800000-6e9250400000 ---p 00000000 00:00 0                          [anon:mmtk:sidemeta:all:all-quarantined]
6e9250400000-6e9250800000 rw-p 00000000 00:00 0                          [anon:mmtk:sidemeta:immix:IX_BLOCK_MARK]
6e9250800000-74b3d0400000 ---p 00000000 00:00 0                          [anon:mmtk:sidemeta:all:all-quarantined]
74b3d0400000-74b3d0800000 rw-p 00000000 00:00 0                          [anon:mmtk:sidemeta:los:VMLocalLOSMarkNurserySpec]
74b3d0800000-74b5d1400000 ---p 00000000 00:00 0                          [anon:mmtk:sidemeta:all:all-quarantined]
74b5d1400000-74b5d1c00000 rw-p 00000000 00:00 0                          [anon:mmtk:sidemeta:immix:VMLocalMarkBitSpec]
74b5d1c00000-76b5d0400000 ---p 00000000 00:00 0                          [anon:mmtk:sidemeta:all:all-quarantined]
76b5d04fd000-76b5d0501000 ---p 00000000 00:00 0 
76b5d0501000-76b5d05fd000 rw-p 00000000 00:00 0 
76b5d05fd000-76b5d05fe000 ---p 00000000 00:00 0 
76b5d05fe000-76b5d06fe000 rw-p 00000000 00:00 0 
76b5d06fe000-76b5d06ff000 ---p 00000000 00:00 0 
76b5d06ff000-76b5d07ff000 rw-p 00000000 00:00 0 
76b5d07ff000-76b5f0800000 rw-p 00000000 00:00 0 
76b5f0800000-76b5f0e60000 rwxp 00000000 00:00 0 
76b5f0e60000-76b5f7c17000 ---p 00000000 00:00 0 
76b5f7c17000-76b5f7fa7000 rwxp 00000000 00:00 0 
76b5f7fa7000-76b5f83e8000 ---p 00000000 00:00 0 
76b5f83e8000-76b5f8658000 rwxp 00000000 00:00 0 
76b5f8658000-76b5ff800000 ---p 00000000 00:00 0 
76b5ff800000-76b607fa0000 r--s 00000000 fc:00 49676297                   /mydata/openjdk-mmtk/build/b0test/images/jdk/lib/modules
76b608000000-76b6087d8000 rw-p 00000000 00:00 0 
76b6087d8000-76b60c000000 ---p 00000000 00:00 0 
76b60c02e000-76b60c033000 r--p 00000000 fc:00 49676417                   /mydata/openjdk-mmtk/build/b0test/images/jdk/lib/libjsvml.so
76b60c033000-76b60c074000 r-xp 00005000 fc:00 49676417                   /mydata/openjdk-mmtk/build/b0test/images/jdk/lib/libjsvml.so
76b60c074000-76b60c0fd000 r--p 00046000 fc:00 49676417                   /mydata/openjdk-mmtk/build/b0test/images/jdk/lib/libjsvml.so
76b60c0fd000-76b60c0fe000 r--p 000ce000 fc:00 49676417                   /mydata/openjdk-mmtk/build/b0test/images/jdk/lib/libjsvml.so
76b60c0fe000-76b60c0ff000 rw-p 000cf000 fc:00 49676417                   /mydata/openjdk-mmtk/build/b0test/images/jdk/lib/libjsvml.so
76b60c0ff000-76b60c100000 ---p 00000000 00:00 0 
76b60c100000-76b60c200000 rw-p 00000000 00:00 0 
76b60c200000-76b60f200000 rw-p 00000000 00:00 0 
76b60f200000-76b60f20c000 r--p 00000000 fc:00 13107796                   /mydata/gc-bpf-fault/shim/libgcbpf.so
76b60f20c000-76b60f26e000 r-xp 0000c000 fc:00 13107796                   /mydata/gc-bpf-fault/shim/libgcbpf.so
76b60f26e000-76b60f41b000 r--p 0006e000 fc:00 13107796                   /mydata/gc-bpf-fault/shim/libgcbpf.so
76b60f41b000-76b60f41d000 r--p 0021b000 fc:00 13107796                   /mydata/gc-bpf-fault/shim/libgcbpf.so
76b60f41d000-76b60f41e000 rw-p 0021d000 fc:00 13107796                   /mydata/gc-bpf-fault/shim/libgcbpf.so
76b60f41e000-76b60f41f000 rw-p 00000000 00:00 0 
76b60f45d000-76b60f461000 r--p 00000000 08:03 1410107                    /usr/lib/x86_64-linux-gnu/libzstd.so.1.5.5
76b60f461000-76b60f508000 r-xp 00004000 08:03 1410107                    /usr/lib/x86_64-linux-gnu/libzstd.so.1.5.5
76b60f508000-76b60f515000 r--p 000ab000 08:03 1410107                    /usr/lib/x86_64-linux-gnu/libzstd.so.1.5.5
76b60f515000-76b60f516000 r--p 000b7000 08:03 1410107                    /usr/lib/x86_64-linux-gnu/libzstd.so.1.5.5
76b60f516000-76b60f517000 rw-p 000b8000 08:03 1410107                    /usr/lib/x86_64-linux-gnu/libzstd.so.1.5.5
76b60f517000-76b60f51c000 rw-p 00000000 00:00 0 
76b60f51c000-76b60f600000 ---p 00000000 00:00 0 
76b60f600000-76b60f747000 r--p 00000000 fc:00 49676374                   /mydata/openjdk-mmtk/build/b0test/images/jdk/lib/server/libmmtk_openjdk.so
76b60f747000-76b60f9c0000 r-xp 00146000 fc:00 49676374                   /mydata/openjdk-mmtk/build/b0test/images/jdk/lib/server/libmmtk_openjdk.so
76b60f9c0000-76b60fa00000 r--p 003be000 fc:00 49676374                   /mydata/openjdk-mmtk/build/b0test/images/jdk/lib/server/libmmtk_openjdk.so
76b60fa00000-76b60fa03000 rw-p 003fd000 fc:00 49676374                   /mydata/openjdk-mmtk/build/b0test/images/jdk/lib/server/libmmtk_openjdk.so
76b60fa03000-76b60fa05000 rw-p 00000000 00:00 0 
76b60fa17000-76b60fa24000 rw-p 00000000 00:00 0 
76b60fa24000-76b60fb00000 ---p 00000000 00:00 0 
76b60fb00000-76b60fb04000 ---p 00000000 00:00 0 
76b60fb04000-76b60fc00000 rw-p 00000000 00:00 0 
76b60fc00000-76b60fea9000 r--p 00000000 fc:00 49676373                   /mydata/openjdk-mmtk/build/b0test/images/jdk/lib/server/libjvm.so
76b60fea9000-76b610d3c000 r-xp 002a9000 fc:00 49676373                   /mydata/openjdk-mmtk/build/b0test/images/jdk/lib/server/libjvm.so
76b610d3c000-76b611020000 r--p 0113c000 fc:00 49676373                   /mydata/openjdk-mmtk/build/b0test/images/jdk/lib/server/libjvm.so
76b611020000-76b6110f6000 r--p 0141f000 fc:00 49676373                   /mydata/openjdk-mmtk/build/b0test/images/jdk/lib/server/libjvm.so
76b6110f6000-76b611126000 rw-p 014f5000 fc:00 49676373                   /mydata/openjdk-mmtk/build/b0test/images/jdk/lib/server/libjvm.so
76b611126000-76b61118c000 rw-p 00000000 00:00 0 
76b6111e5000-76b6111e9000 r--p 00000000 fc:00 49676364                   /mydata/openjdk-mmtk/build/b0test/images/jdk/lib/libverify.so
76b6111e9000-76b6111f0000 r-xp 00004000 fc:00 49676364                   /mydata/openjdk-mmtk/build/b0test/images/jdk/lib/libverify.so
76b6111f0000-76b6111f2000 r--p 0000b000 fc:00 49676364                   /mydata/openjdk-mmtk/build/b0test/images/jdk/lib/libverify.so
76b6111f2000-76b6111f4000 r--p 0000c000 fc:00 49676364                   /mydata/openjdk-mmtk/build/b0test/images/jdk/lib/libverify.so
76b6111f4000-76b6111f5000 rw-p 0000e000 fc:00 49676364                   /mydata/openjdk-mmtk/build/b0test/images/jdk/lib/libverify.so
76b6111f5000-76b6111f7000 r--p 00000000 fc:00 49676365                   /mydata/openjdk-mmtk/build/b0test/images/jdk/lib/libzip.so
76b6111f7000-76b6111fc000 r-xp 00002000 fc:00 49676365                   /mydata/openjdk-mmtk/build/b0test/images/jdk/lib/libzip.so
76b6111fc000-76b6111fe000 r--p 00007000 fc:00 49676365                   /mydata/openjdk-mmtk/build/b0test/images/jdk/lib/libzip.so
76b6111fe000-76b6111ff000 r--p 00008000 fc:00 49676365                   /mydata/openjdk-mmtk/build/b0test/images/jdk/lib/libzip.so
76b6111ff000-76b611200000 rw-p 00009000 fc:00 49676365                   /mydata/openjdk-mmtk/build/b0test/images/jdk/lib/libzip.so
76b611200000-76b611228000 r--p 00000000 08:03 1410238                    /usr/lib/x86_64-linux-gnu/libc.so.6
76b611228000-76b6113b0000 r-xp 00028000 08:03 1410238                    /usr/lib/x86_64-linux-gnu/libc.so.6
76b6113b0000-76b6113ff000 r--p 001b0000 08:03 1410238                    /usr/lib/x86_64-linux-gnu/libc.so.6
76b6113ff000-76b611403000 r--p 001fe000 08:03 1410238                    /usr/lib/x86_64-linux-gnu/libc.so.6
76b611403000-76b611405000 rw-p 00202000 08:03 1410238                    /usr/lib/x86_64-linux-gnu/libc.so.6
76b611405000-76b611412000 rw-p 00000000 00:00 0 
76b61141a000-76b61141d000 r--p 00000000 fc:00 49676361                   /mydata/openjdk-mmtk/build/b0test/images/jdk/lib/libnet.so
76b61141d000-76b611425000 r-xp 00003000 fc:00 49676361                   /mydata/openjdk-mmtk/build/b0test/images/jdk/lib/libnet.so
76b611425000-76b611427000 r--p 0000b000 fc:00 49676361                   /mydata/openjdk-mmtk/build/b0test/images/jdk/lib/libnet.so
76b611427000-76b611428000 r--p 0000c000 fc:00 49676361                   /mydata/openjdk-mmtk/build/b0test/images/jdk/lib/libnet.so
76b611428000-76b611429000 rw-p 0000d000 fc:00 49676361                   /mydata/openjdk-mmtk/build/b0test/images/jdk/lib/libnet.so
76b611429000-76b611430000 r--p 00000000 fc:00 49676362                   /mydata/openjdk-mmtk/build/b0test/images/jdk/lib/libnio.so
76b611430000-76b611439000 r-xp 00007000 fc:00 49676362                   /mydata/openjdk-mmtk/build/b0test/images/jdk/lib/libnio.so
76b611439000-76b61143d000 r--p 00010000 fc:00 49676362                   /mydata/openjdk-mmtk/build/b0test/images/jdk/lib/libnio.so
76b61143d000-76b61143e000 r--p 00014000 fc:00 49676362                   /mydata/openjdk-mmtk/build/b0test/images/jdk/lib/libnio.so
76b61143e000-76b61143f000 rw-p 00015000 fc:00 49676362                   /mydata/openjdk-mmtk/build/b0test/images/jdk/lib/libnio.so
76b61143f000-76b611442000 r--p 00000000 08:03 1410420                    /usr/lib/x86_64-linux-gnu/libelf-0.190.so
76b611442000-76b611458000 r-xp 00003000 08:03 1410420                    /usr/lib/x86_64-linux-gnu/libelf-0.190.so
76b611458000-76b61145c000 r--p 00019000 08:03 1410420                    /usr/lib/x86_64-linux-gnu/libelf-0.190.so
76b61145c000-76b61145d000 r--p 0001c000 08:03 1410420                    /usr/lib/x86_64-linux-gnu/libelf-0.190.so
76b61145d000-76b61145e000 rw-p 0001d000 08:03 1410420                    /usr/lib/x86_64-linux-gnu/libelf-0.190.so
76b611461000-76b611468000 r--s 00000000 08:03 1436340                    /usr/lib/x86_64-linux-gnu/gconv/gconv-modules.cache
76b611468000-76b611470000 rw-p 00000000 00:00 0 
76b611470000-76b611478000 ---p 00000000 00:00 0 
76b611478000-76b611485000 r--p 00000000 fc:00 49676354                   /mydata/openjdk-mmtk/build/b0test/images/jdk/lib/libjava.so
76b611485000-76b611494000 r-xp 0000d000 fc:00 49676354                   /mydata/openjdk-mmtk/build/b0test/images/jdk/lib/libjava.so
76b611494000-76b611499000 r--p 0001c000 fc:00 49676354                   /mydata/openjdk-mmtk/build/b0test/images/jdk/lib/libjava.so
76b611499000-76b61149a000 r--p 00021000 fc:00 49676354                   /mydata/openjdk-mmtk/build/b0test/images/jdk/lib/libjava.so
76b61149a000-76b61149b000 rw-p 00022000 fc:00 49676354                   /mydata/openjdk-mmtk/build/b0test/images/jdk/lib/libjava.so
76b61149b000-76b61149c000 rw-p 00000000 00:00 0 
76b61149c000-76b6114a4000 rw-s 00000000 08:03 237599                     /tmp/hsperfdata_root/319936
76b6114a4000-76b6114a8000 r--p 00000000 fc:00 49676355                   /mydata/openjdk-mmtk/build/b0test/images/jdk/lib/libjimage.so
76b6114a8000-76b6114bf000 r-xp 00004000 fc:00 49676355                   /mydata/openjdk-mmtk/build/b0test/images/jdk/lib/libjimage.so
76b6114bf000-76b6114c4000 r--p 0001b000 fc:00 49676355                   /mydata/openjdk-mmtk/build/b0test/images/jdk/lib/libjimage.so
76b6114c4000-76b6114c6000 r--p 00020000 fc:00 49676355                   /mydata/openjdk-mmtk/build/b0test/images/jdk/lib/libjimage.so
76b6114c6000-76b6114c7000 rw-p 00022000 fc:00 49676355                   /mydata/openjdk-mmtk/build/b0test/images/jdk/lib/libjimage.so
76b6114c7000-76b6114cb000 r--p 00000000 08:03 1410148                    /usr/lib/x86_64-linux-gnu/libgcc_s.so.1
76b6114cb000-76b6114ef000 r-xp 00004000 08:03 1410148                    /usr/lib/x86_64-linux-gnu/libgcc_s.so.1
76b6114ef000-76b6114f3000 r--p 00028000 08:03 1410148                    /usr/lib/x86_64-linux-gnu/libgcc_s.so.1
76b6114f3000-76b6114f4000 r--p 0002b000 08:03 1410148                    /usr/lib/x86_64-linux-gnu/libgcc_s.so.1
76b6114f4000-76b6114f5000 rw-p 0002c000 08:03 1410148                    /usr/lib/x86_64-linux-gnu/libgcc_s.so.1
76b6114f5000-76b611505000 r--p 00000000 08:03 1411099                    /usr/lib/x86_64-linux-gnu/libm.so.6
76b611505000-76b611584000 r-xp 00010000 08:03 1411099                    /usr/lib/x86_64-linux-gnu/libm.so.6
76b611584000-76b6115dc000 r--p 0008f000 08:03 1411099                    /usr/lib/x86_64-linux-gnu/libm.so.6
76b6115dc000-76b6115dd000 r--p 000e7000 08:03 1411099                    /usr/lib/x86_64-linux-gnu/libm.so.6
76b6115dd000-76b6115de000 rw-p 000e8000 08:03 1411099                    /usr/lib/x86_64-linux-gnu/libm.so.6
76b6115de000-76b6115e0000 rw-p 00000000 00:00 0 
76b6115e0000-76b6115e2000 r--p 00000000 08:03 1409104                    /usr/lib/x86_64-linux-gnu/libz.so.1.3
76b6115e2000-76b6115f4000 r-xp 00002000 08:03 1409104                    /usr/lib/x86_64-linux-gnu/libz.so.1.3
76b6115f4000-76b6115fa000 r--p 00014000 08:03 1409104                    /usr/lib/x86_64-linux-gnu/libz.so.1.3
76b6115fa000-76b6115fb000 r--p 0001a000 08:03 1409104                    /usr/lib/x86_64-linux-gnu/libz.so.1.3
76b6115fb000-76b6115fc000 rw-p 0001b000 08:03 1409104                    /usr/lib/x86_64-linux-gnu/libz.so.1.3
76b611601000-76b611602000 rw-s 00000000 00:10 68                         anon_inode:bpf-map
76b611602000-76b611603000 r--s 00000000 00:10 68                         anon_inode:bpf-map
76b611603000-76b611604000 ---p 00000000 00:00 0 
76b611604000-76b611605000 r--p 00000000 00:00 0 
76b611605000-76b611606000 ---p 00000000 00:00 0 
76b611606000-76b611608000 r--p 00000000 fc:00 49676357                   /mydata/openjdk-mmtk/build/b0test/images/jdk/lib/libjli.so
76b611608000-76b611612000 r-xp 00002000 fc:00 49676357                   /mydata/openjdk-mmtk/build/b0test/images/jdk/lib/libjli.so
76b611612000-76b611615000 r--p 0000c000 fc:00 49676357                   /mydata/openjdk-mmtk/build/b0test/images/jdk/lib/libjli.so
76b611615000-76b611616000 r--p 0000f000 fc:00 49676357                   /mydata/openjdk-mmtk/build/b0test/images/jdk/lib/libjli.so
76b611616000-76b611617000 rw-p 00010000 fc:00 49676357                   /mydata/openjdk-mmtk/build/b0test/images/jdk/lib/libjli.so
76b611617000-76b611619000 rw-p 00000000 00:00 0 
76b611619000-76b61161d000 r--p 00000000 00:00 0                          [vvar]
76b61161d000-76b61161f000 r--p 00000000 00:00 0                          [vvar_vclock]
76b61161f000-76b611621000 r-xp 00000000 00:00 0                          [vdso]
76b611621000-76b611622000 r--p 00000000 08:03 1409763                    /usr/lib/x86_64-linux-gnu/ld-linux-x86-64.so.2
76b611622000-76b61164d000 r-xp 00001000 08:03 1409763                    /usr/lib/x86_64-linux-gnu/ld-linux-x86-64.so.2
76b61164d000-76b611657000 r--p 0002c000 08:03 1409763                    /usr/lib/x86_64-linux-gnu/ld-linux-x86-64.so.2
76b611657000-76b611659000 r--p 00036000 08:03 1409763                    /usr/lib/x86_64-linux-gnu/ld-linux-x86-64.so.2
76b611659000-76b61165b000 rw-p 00038000 08:03 1409763                    /usr/lib/x86_64-linux-gnu/ld-linux-x86-64.so.2
7ffc5ac07000-7ffc5ac28000 rw-p 00000000 00:00 0                          [stack]
ffffffffff600000-ffffffffff601000 --xp 00000000 00:00 0                  [vsyscall]
Total number of mappings: 536

JVMTI agents: none


VM Arguments:
jvm_args: -XX:+UseThirdPartyHeap -Xms512m -Xmx512m 
java_command: /mydata/dacapo/dacapo-23.11/dacapo-23.11-MR2-chopin.jar xalan -n 3
java_class_path (initial): /mydata/dacapo/dacapo-23.11/dacapo-23.11-MR2-chopin.jar
Launcher Type: SUN_STANDARD

[Global flags]
     intx CICompilerCount                          = 15                                        {product} {ergonomic}
   size_t InitialHeapSize                          = 536870912                                 {product} {command line}
   size_t MaxHeapSize                              = 536870912                                 {product} {command line}
   size_t MinHeapDeltaBytes                        = 524288                                    {product} {ergonomic}
   size_t MinHeapSize                              = 536870912                                 {product} {command line}
    uintx NonNMethodCodeHeapSize                   = 8192380                                {pd product} {ergonomic}
    uintx NonProfiledCodeHeapSize                  = 121732930                              {pd product} {ergonomic}
    uintx ProfiledCodeHeapSize                     = 121732930                              {pd product} {ergonomic}
    uintx ReservedCodeCacheSize                    = 251658240                              {pd product} {ergonomic}
     bool SegmentedCodeCache                       = true                                      {product} {ergonomic}
   size_t SoftMaxHeapSize                          = 536870912                              {manageable} {ergonomic}
     bool UseCompressedOops                        = true                           {product lp64_product} {ergonomic}

Logging:
Log output configuration:
 #0: stdout all=warning uptime,level,tags foldmultilines=false
 #1: stderr all=off uptime,level,tags foldmultilines=false

Release file:
IMPLEMENTOR="N/A"
JAVA_RUNTIME_VERSION="21.0.9-internal-adhoc.talzuss.openjdk-mmtk"
JAVA_VERSION="21.0.9"
JAVA_VERSION_DATE="2025-10-21"
LIBC="gnu"
MODULES="java.base java.compiler java.datatransfer java.xml java.prefs java.desktop java.instrument java.logging java.management java.security.sasl java.naming java.rmi java.management.rmi java.net.http java.scripting java.security.jgss java.transaction.xa java.sql java.sql.rowset java.xml.crypto java.se java.smartcardio jdk.accessibility jdk.internal.jvmstat jdk.attach jdk.charsets jdk.internal.opt jdk.zipfs jdk.compiler jdk.crypto.ec jdk.crypto.cryptoki jdk.dynalink jdk.internal.ed jdk.editpad jdk.hotspot.agent jdk.httpserver jdk.incubator.vector jdk.internal.le jdk.internal.vm.ci jdk.internal.vm.compiler jdk.internal.vm.compiler.management jdk.jartool jdk.javadoc jdk.jcmd jdk.management jdk.management.agent jdk.jconsole jdk.jdeps jdk.jdwp.agent jdk.jdi jdk.jfr jdk.jlink jdk.jpackage jdk.jshell jdk.jsobject jdk.jstatd jdk.localedata jdk.management.jfr jdk.naming.dns jdk.naming.rmi jdk.net jdk.nio.mapmode jdk.random jdk.sctp jdk.security.auth jdk.security.jgss jdk.unsupported jdk.unsupported.desktop jdk.xml.dom"
OS_ARCH="x86_64"
OS_NAME="Linux"
SOURCE=".:git:b557520f04b3+"

Environment Variables:
PATH=/usr/local/sbin:/usr/local/bin:/usr/sbin:/usr/bin:/sbin:/bin:/snap/bin
SHELL=/bin/bash
LANG=en_US.UTF-8
TERM=tmux-256color

Active Locale:
LC_ALL=en_US.UTF-8
LC_COLLATE=en_US.UTF-8
LC_CTYPE=en_US.UTF-8
LC_MESSAGES=en_US.UTF-8
LC_MONETARY=en_US.UTF-8
LC_NUMERIC=en_US.UTF-8
LC_TIME=en_US.UTF-8

Signal Handlers:
   SIGSEGV: crash_handler in libjvm.so, mask=11100100010111111101111111111110, flags=SA_RESTART|SA_SIGINFO, unblocked
    SIGBUS: crash_handler in libjvm.so, mask=11100100010111111101111111111110, flags=SA_RESTART|SA_SIGINFO, unblocked
    SIGFPE: crash_handler in libjvm.so, mask=11100100010111111101111111111110, flags=SA_RESTART|SA_SIGINFO, unblocked
   SIGPIPE: javaSignalHandler in libjvm.so, mask=11100100010111111101111111111110, flags=SA_RESTART|SA_SIGINFO, blocked
   SIGXFSZ: javaSignalHandler in libjvm.so, mask=11100100010111111101111111111110, flags=SA_RESTART|SA_SIGINFO, blocked
    SIGILL: crash_handler in libjvm.so, mask=11100100010111111101111111111110, flags=SA_RESTART|SA_SIGINFO, unblocked
   SIGUSR2: SR_handler in libjvm.so, mask=00000000000000000000000000000000, flags=SA_RESTART|SA_SIGINFO, blocked
    SIGHUP: UserHandler in libjvm.so, mask=11100100010111111101111111111110, flags=SA_RESTART|SA_SIGINFO, blocked
    SIGINT: UserHandler in libjvm.so, mask=11100100010111111101111111111110, flags=SA_RESTART|SA_SIGINFO, blocked
   SIGTERM: UserHandler in libjvm.so, mask=11100100010111111101111111111110, flags=SA_RESTART|SA_SIGINFO, blocked
   SIGQUIT: UserHandler in libjvm.so, mask=11100100010111111101111111111110, flags=SA_RESTART|SA_SIGINFO, blocked
   SIGTRAP: crash_handler in libjvm.so, mask=11100100010111111101111111111110, flags=SA_RESTART|SA_SIGINFO, unblocked


Periodic native trim disabled

---------------  S Y S T E M  ---------------

OS:
DISTRIB_ID=Ubuntu
DISTRIB_RELEASE=24.04
DISTRIB_CODENAME=noble
DISTRIB_DESCRIPTION="Ubuntu 24.04.4 LTS"
uname: Linux 6.17.0-bpf-fault+ #1 SMP PREEMPT_DYNAMIC Mon Jul  6 16:43:12 MDT 2026 x86_64
OS uptime: 0 days 21:22 hours
libc: glibc 2.39 NPTL 2.39 
rlimit (soft/hard): STACK 8192k/infinity , CORE 0k/0k , NPROC 513205/513205 , NOFILE 1048576/1048576 , AS infinity/infinity , CPU infinity/infinity , DATA infinity/infinity , FSIZE infinity/infinity , MEMLOCK 16436528k/16436528k
load average: 0.45 1.05 1.36

/proc/meminfo:
MemTotal:       131492232 kB
MemFree:        73834004 kB
MemAvailable:   116084564 kB
Buffers:          518640 kB
Cached:         41127000 kB
SwapCached:            0 kB
Active:          3624052 kB
Inactive:       40824948 kB
Active(anon):    2819812 kB
Inactive(anon):        0 kB
Active(file):     804240 kB
Inactive(file): 40824948 kB
Unevictable:       41912 kB
Mlocked:           38840 kB
SwapTotal:       8388604 kB
SwapFree:        8388604 kB
Zswap:                 0 kB
Zswapped:              0 kB
Dirty:              2560 kB
Writeback:             0 kB
AnonPages:       2848976 kB
Mapped:          9729088 kB
Shmem:              5316 kB
KReclaimable:    1873056 kB
Slab:            2397260 kB
SReclaimable:    1873056 kB
SUnreclaim:       524204 kB
KernelStack:       11824 kB
PageTables:        56204 kB
SecPageTables:      8800 kB
NFS_Unstable:          0 kB
Bounce:                0 kB
WritebackTmp:          0 kB
CommitLimit:    74134720 kB
Committed_AS:   163192004 kB
VmallocTotal:   34359738367 kB
VmallocUsed:       37764 kB
VmallocChunk:          0 kB
Percpu:            51072 kB
HardwareCorrupted:     0 kB
AnonHugePages:         0 kB
ShmemHugePages:        0 kB
ShmemPmdMapped:        0 kB
FileHugePages:   2168832 kB
FilePmdMapped:         0 kB
Unaccepted:            0 kB
Balloon:               0 kB
HugePages_Total:       0
HugePages_Free:        0
HugePages_Rsvd:        0
HugePages_Surp:        0
Hugepagesize:       2048 kB
Hugetlb:               0 kB
DirectMap4k:      740160 kB
DirectMap2M:    25061376 kB
DirectMap1G:    108003328 kB

/sys/kernel/mm/transparent_hugepage/enabled: always [madvise] never
/sys/kernel/mm/transparent_hugepage/hpage_pmd_size: 2097152
/sys/kernel/mm/transparent_hugepage/defrag (defrag/compaction efforts parameter): always defer defer+madvise [madvise] never

Process Memory:
Virtual Size: 13620281296K (peak: 13620281296K)
Resident Set Size: 4160176K (peak: 4160176K) (anon: 986852K, file: 3173324K, shmem: 0K)
Swapped out: 0K
C-Heap outstanding allocations: 1391144K, retained: 33515K
glibc malloc tunables: (default)

/proc/sys/kernel/threads-max (system-wide limit on the number of threads): 1026411
/proc/sys/vm/max_map_count (maximum number of memory map areas a process may have): 1048576
/proc/sys/vm/swappiness (control to define how aggressively the kernel swaps out anonymous memory): 60
/proc/sys/kernel/pid_max (system-wide limit on number of process identifiers): 4194304

container information not found.
Steal ticks since vm start: 0
Steal ticks percentage since vm start:  0.000

CPU: total 32 (initial active 32) (32 cores per cpu, 2 threads per core) family 23 model 49 stepping 0 microcode 0x830107c, cx8, cmov, fxsr, ht, mmx, 3dnowpref, sse, sse2, sse3, ssse3, sse4a, sse4.1, sse4.2, popcnt, lzcnt, tsc, tscinvbit, avx, avx2, aes, clmul, bmi1, bmi2, adx, sha, fma, vzeroupper, clflush, clflushopt, rdtscp, rdpid, f16c
CPU Model and flags from /proc/cpuinfo:
model name	: AMD EPYC 7302P 16-Core Processor
flags		: fpu vme de pse tsc msr pae mce cx8 apic sep mtrr pge mca cmov pat pse36 clflush mmx fxsr sse sse2 ht syscall nx mmxext fxsr_opt pdpe1gb rdtscp lm constant_tsc rep_good nopl xtopology nonstop_tsc cpuid extd_apicid aperfmperf rapl pni pclmulqdq monitor ssse3 fma cx16 sse4_1 sse4_2 movbe popcnt aes xsave avx f16c rdrand lahf_lm cmp_legacy svm extapic cr8_legacy abm sse4a misalignsse 3dnowprefetch osvw ibs skinit wdt tce topoext perfctr_core perfctr_nb bpext perfctr_llc mwaitx cpb cat_l3 cdp_l3 hw_pstate ssbd mba ibrs ibpb stibp vmmcall fsgsbase bmi1 avx2 smep bmi2 cqm rdt_a rdseed adx smap clflushopt clwb sha_ni xsaveopt xsavec xgetbv1 xsaves cqm_llc cqm_occup_llc cqm_mbm_total cqm_mbm_local clzero irperf xsaveerptr rdpru wbnoinvd amd_ppin arat npt lbrv svm_lock nrip_save tsc_scale vmcb_clean flushbyasid decodeassists pausefilter pfthreshold avic v_vmsave_vmload vgif v_spec_ctrl umip rdpid overflow_recov succor smca sev sev_es

Online cpus: 0-31
Offline cpus: 
BIOS frequency limitation: <Not Available>
Frequency switch latency (ns): <Not Available>
Available cpu frequencies: <Not Available>
Current governor: <Not Available>
Core performance/turbo boost: <Not Available>

Memory: 4k page, physical 131492232k(116084564k free), swap 8388604k(8388604k free)
Page Sizes: 4k

vm_info: OpenJDK 64-Bit Server VM (21.0.9-internal-adhoc.talzuss.openjdk-mmtk) for linux-amd64 JRE (21.0.9-internal-adhoc.talzuss.openjdk-mmtk), built on 2026-07-06T23:13:08Z by "talzuss" with gcc 13.3.0
heap_info: MMTk OpenJDK 0.32.0 (a3bb9ef-dirty), using MMTk 0.32.0 (6afa497-dirty, BUILTIN_ENV_LOGGER, DEFAULT, EAGER_SWEEPING, VO_BIT)@

END.
