Using scaled threading model. 32 processors detected, 32 threads used to drive the workload, in a possible range of [1,1024]
Version: h2 2.2.220 derby 10.15.2.0 (use -p to print nominal benchmark stats)
Preparing the H2 database...
TPCC configuration: scale: 16, terminals: 32, transactions: 100000
java.lang.reflect.InvocationTargetException
java.lang.reflect.InvocationTargetException
	at java.base/jdk.internal.reflect.DirectMethodHandleAccessor.invoke(DirectMethodHandleAccessor.java:118)
	at java.base/java.lang.reflect.Method.invoke(Method.java:580)
	at org.dacapo.harness.H2.preIteration(H2.java:95)
	at org.dacapo.harness.Benchmark.run(Benchmark.java:243)
	at org.dacapo.harness.TestHarness.runBenchmark(TestHarness.java:225)
	at org.dacapo.harness.TestHarness.main(TestHarness.java:170)
	at java.base/jdk.internal.reflect.DirectMethodHandleAccessor.invoke(DirectMethodHandleAccessor.java:103)
	at java.base/java.lang.reflect.Method.invoke(Method.java:580)
	at Harness.main(Harness.java:39)
Caused by: org.h2.jdbc.JdbcSQLNonTransientConnectionException: Out of memory.; SQL statement:


ALTER TABLE CUSTOMER ADD CONSTRAINT
    CUSTOMER_PK PRIMARY KEY(C_W_ID, C_D_ID, C_I [90108-220]
	at org.h2.message.DbException.getJdbcSQLException(DbException.java:690)
	at org.h2.message.DbException.getJdbcSQLException(DbException.java:489)
	at org.h2.message.DbException.get(DbException.java:212)
	at org.h2.message.DbException.convert(DbException.java:401)
	at org.h2.command.Command.executeUpdate(Command.java:262)
	at org.h2.jdbc.JdbcStatement.executeInternal(JdbcStatement.java:252)
	at org.h2.jdbc.JdbcStatement.execute(JdbcStatement.java:223)
	at org.h2.tools.RunScript.execute(RunScript.java:169)
	at org.dacapo.h2.TPCC.runScript(Unknown Source)
	at org.dacapo.h2.TPCC.runScript(Unknown Source)
	at org.dacapo.h2.TPCC.runScript(Unknown Source)
	at org.dacapo.h2.TPCC.createIndexes(Unknown Source)
	at org.dacapo.h2.TPCC.preIterationMemoryDB(Unknown Source)
	at org.dacapo.h2.TPCC.preIteration(Unknown Source)
	at java.base/jdk.internal.reflect.DirectMethodHandleAccessor.invoke(DirectMethodHandleAccessor.java:103)
	... 8 more
Caused by: java.lang.OutOfMemoryError: Java heap space
	at org.h2.mvstore.Page.clone(Page.java:392)
	at org.h2.mvstore.Page.copy(Page.java:381)
	at org.h2.mvstore.MVMap.replacePage(MVMap.java:1359)
	at org.h2.mvstore.MVMap.operate(MVMap.java:1863)
	at org.h2.mvstore.tx.TransactionMap.set(TransactionMap.java:363)
	at org.h2.mvstore.tx.TransactionMap.set(TransactionMap.java:350)
	at org.h2.mvstore.tx.TransactionMap.put(TransactionMap.java:265)
	at org.h2.mvstore.db.MVSecondaryIndex.add(MVSecondaryIndex.java:188)
	at org.h2.mvstore.db.MVTable.addRowsToIndex(MVTable.java:723)
	at org.h2.mvstore.db.MVTable.rebuildIndexBuffered(MVTable.java:467)
	at org.h2.mvstore.db.MVTable.rebuildIndex(MVTable.java:387)
	at org.h2.mvstore.db.MVTable.addIndex(MVTable.java:367)
	at org.h2.command.ddl.AlterTableAddConstraint.tryUpdate(AlterTableAddConstraint.java:149)
	at org.h2.command.ddl.AlterTableAddConstraint.update(AlterTableAddConstraint.java:74)
	at org.h2.command.ddl.AlterTable.update(AlterTable.java:46)
	at org.h2.command.CommandContainer.update(CommandContainer.java:169)
	at org.h2.command.Command.executeUpdate(Command.java:252)
	at org.h2.jdbc.JdbcStatement.executeInternal(JdbcStatement.java:252)
	at org.h2.jdbc.JdbcStatement.execute(JdbcStatement.java:223)
	at org.h2.tools.RunScript.execute(RunScript.java:169)
	at org.dacapo.h2.TPCC.runScript(Unknown Source)
	at org.dacapo.h2.TPCC.runScript(Unknown Source)
	at org.dacapo.h2.TPCC.runScript(Unknown Source)
	at org.dacapo.h2.TPCC.createIndexes(Unknown Source)
	at org.dacapo.h2.TPCC.preIterationMemoryDB(Unknown Source)
	at org.dacapo.h2.TPCC.preIteration(Unknown Source)
	at java.base/java.lang.invoke.DirectMethodHandle$Holder.invokeVirtual(DirectMethodHandle$Holder)
	at java.base/java.lang.invoke.LambdaForm$MH/0x000063d8c4018800.invoke(LambdaForm$MH)
	at java.base/java.lang.invoke.Invokers$Holder.invokeExact_MT(Invokers$Holder)
	at java.base/jdk.internal.reflect.DirectMethodHandleAccessor.invokeImpl(DirectMethodHandleAccessor.java:154)
	at java.base/jdk.internal.reflect.DirectMethodHandleAccessor.invoke(DirectMethodHandleAccessor.java:103)
	at java.base/java.lang.reflect.Method.invoke(Method.java:580)
