#
# A fatal error has been detected by the Java Runtime Environment:
#
#  SIGSEGV (0xb) at pc=0x00007b185bd1f3c7, pid=512803, tid=512894
#
# JRE version: OpenJDK Runtime Environment (21.0.9) (build 21.0.9-internal-adhoc.talzuss.openjdk-mmtk)
# Java VM: OpenJDK 64-Bit Server VM (21.0.9-internal-adhoc.talzuss.openjdk-mmtk, mixed mode, sharing, tiered, compressed oops, compressed class ptrs, third-party gc, linux-amd64)
# Problematic frame:
# v  ~BufferBlob::vtable chunks 0x00007b185bd1f3c7
#
# No core dump will be written. Core dumps have been disabled. To enable core dumping, try "ulimit -c unlimited" before starting Java again
#
# If you would like to submit a bug report, please visit:
#   https://bugreport.java.com/bugreport/crash.jsp
#

---------------  S U M M A R Y ------------

Command Line: -XX:+UseThirdPartyHeap -Xms512m -Xmx512m /mydata/dacapo/dacapo-23.11/dacapo-23.11-MR2-chopin.jar xalan -n 3

Host: AMD EPYC 7302P 16-Core Processor, 32 cores, 125G, Ubuntu 24.04.4 LTS
Time: Tue Jul  7 23:52:18 2026 MDT elapsed time: 7.510695 seconds (0d 0h 0m 7s)

---------------  T H R E A D  ---------------

Current thread (0x00007b186c5e1a50):  JavaThread "Thread-40"        [_thread_in_Java, id=512894, stack(0x00006e6b343ed000,0x00006e6b344ed000) (1024K)]

Stack: [0x00006e6b343ed000,0x00006e6b344ed000],  sp=0x00006e6b344eb5f8,  free space=1017k
Native frames: (J=compiled Java code, j=interpreted, Vv=VM code, C=native code)
v  ~BufferBlob::vtable chunks 0x00007b185bd1f3c7

siginfo: si_signo: 11 (SIGSEGV), si_code: 2 (SEGV_ACCERR), si_addr: 0x00006e6cb70005b1

Registers:
RAX=0x00006e6b3801ea90, RBX=0x0000000000000000, RCX=0x0000000045548a30, RDX=0x00000000010d0c00
RSP=0x00006e6b344eb5f8, RBP=0x0000000000000001, RSI=0x0000000040028828, RDI=0x0000000000000001
R8 =0x00000000413a39c8, R9 =0x0000000040028828, R10=0x00006e6b37000001, R11=0x000000003000007b
R12=0x0000000000000000, R13=0x0000000000000000, R14=0x00006e6b3801ea90, R15=0x00007b186c5e1a50
RIP=0x00007b185bd1f3c7, EFLAGS=0x0000000000010202, CSGSFS=0x002b000000000033, ERR=0x0000000000000004
  TRAPNO=0x000000000000000e

XMM[0]=0x0000000000000000 0x0000000041336098
XMM[1]=0x0000000000000000 0x0000000000000000
XMM[2]=0x0000000000000000 0x0000000000000001
XMM[3]=0x0000000000000000 0x0000000000000000
XMM[4]=0x0000000000000000 0x0000000000000001
XMM[5]=0x0000000000000000 0x0000000000000109
XMM[6]=0x0000000000000000 0x0000000000000000
XMM[7]=0x0000000000000000 0x0000000000000000
XMM[8]=0xff00ff00ff00ff00 0xff00ff00ff00ff00
XMM[9]=0x0000000000000000 0x0000000000000000
XMM[10]=0x0000000000000000 0x000000003bbd35ba
XMM[11]=0x0d1890d00d1890d0 0x0d1890d0fabd6962
XMM[12]=0x0000000000000000 0x00000000eda4d892
XMM[13]=0x0000000000000000 0x0000000000000000
XMM[14]=0x0000000000000000 0x0000000000000000
XMM[15]=0x0000000000000000 0x0000000000000000
  MXCSR=0x00001fa2


Register to memory mapping:

RAX=
[error occurred during error reporting (printing register info), id 0xe0000000, Internal Error (/mydata/mmtk-openjdk/openjdk/share/mmtkHeap.cpp:444)]
RBX=0x0 is null
RCX=
[error occurred during error reporting (printing register info, attempt 2), id 0xe0000000, Internal Error (/mydata/mmtk-openjdk/openjdk/share/mmtkHeap.cpp:444)]
RDX=
[error occurred during error reporting (printing register info, attempt 3), id 0xe0000000, Internal Error (/mydata/mmtk-openjdk/openjdk/share/mmtkHeap.cpp:444)]
Top of Stack: (sp=0x00006e6b344eb5f8)
0x00006e6b344eb5f8:   00007b185c584c88 0001000300000001
0x00006e6b344eb608:   0000000300000001 0000000041336398
0x00006e6b344eb618:   00000000413a6248 00000000413a62a8
0x00006e6b344eb628:   00000000413d6458 0000000040e7ce68
0x00006e6b344eb638:   40fe2fb0413a3b78 0000000600000000
0x00006e6b344eb648:   0000000200010000 0000000045548c90
0x00006e6b344eb658:   00000000413a3b78 00000000413a6400
0x00006e6b344eb668:   00000000413a3700 00000000413a64a0
0x00006e6b344eb678:   413d6458413316e8 4133639800000001
0x00006e6b344eb688:   413a64a0413a6400 413a6248413a62a8
0x00006e6b344eb698:   0000000040fe2fb0 0000000045548c90
0x00006e6b344eb6a8:   00000000413316e8 0000000041336398
0x00006e6b344eb6b8:   413a397000000000 0000000040e052d0
0x00006e6b344eb6c8:   00000000413a3970 0000000000000001
0x00006e6b344eb6d8:   00006e6b37002770 0000000000010003
0x00006e6b344eb6e8:   00007b186c5e1a50 00006e6b344eb750
0x00006e6b344eb6f8:   0000000a00000000 0000000000000001
0x00006e6b344eb708:   00007b186c5e1a50 00006e6b37002770
0x00006e6b344eb718:   0000000000000012 0000000000000000
0x00006e6b344eb728:   00007b185c529384 00007b186c5e1a50
0x00006e6b344eb738:   0000000040e7ce68 0000000000000000
0x00006e6b344eb748:   0000000000000500 00006e6b413a3b20
0x00006e6b344eb758:   00007b18715d597b 00000000413a3700
0x00006e6b344eb768:   0000000000000000 0000000000000001
0x00006e6b344eb778:   0000000000000500 00000000413a3b78
0x00006e6b344eb788:   00007b185bd1b027 00000000413a3700
0x00006e6b344eb798:   00007b185c850668 00000000413a3700
0x00006e6b344eb7a8:   0000000040e781b0 00000001413a3b78
0x00006e6b344eb7b8:   00000000413a3b78 0000000040e7ce68
0x00006e6b344eb7c8:   0000000045548ac0 00000000413a3700
0x00006e6b344eb7d8:   0000000041336398 0000000100000009
0x00006e6b344eb7e8:   00007b18715d5763 00000000413d67d0 

Instructions: (pc=0x00007b185bd1f3c7)
0x00007b185bd1f2c7:   c2 48 8b 98 48 06 00 00 ff 63 40 00 00 00 00 00
0x00007b185bd1f2d7:   00 00 00 00 00 00 00 00 00 8b 00 17 00 00 00 01
0x00007b185bd1f2e7:   00 8b 46 08 49 ba 00 00 00 37 6b 6e 00 00 49 03
0x00007b185bd1f2f7:   c2 48 8b 98 30 06 00 00 ff 63 40 00 00 00 00 00
0x00007b185bd1f307:   00 00 00 00 00 00 00 00 00 7a 00 17 00 00 00 01
0x00007b185bd1f317:   00 8b 46 08 49 ba 00 00 00 37 6b 6e 00 00 49 03
0x00007b185bd1f327:   c2 48 8b 98 a8 05 00 00 ff 63 40 00 00 00 00 00
0x00007b185bd1f337:   00 00 00 00 00 00 00 00 00 a3 00 17 00 00 00 01
0x00007b185bd1f347:   00 8b 46 08 49 ba 00 00 00 37 6b 6e 00 00 49 03
0x00007b185bd1f357:   c2 48 8b 98 f0 06 00 00 ff 63 40 00 00 00 00 00
0x00007b185bd1f367:   00 00 00 00 00 00 00 00 00 1a 00 17 00 00 00 01
0x00007b185bd1f377:   00 8b 46 08 49 ba 00 00 00 37 6b 6e 00 00 49 03
0x00007b185bd1f387:   c2 48 8b 98 a8 02 00 00 ff 63 40 00 00 00 00 00
0x00007b185bd1f397:   00 00 00 00 00 00 00 00 00 04 00 7f 00 07 00 00
0x00007b185bd1f3a7:   00 4c 8b 70 08 48 8b 00 44 8b 56 08 49 bb 00 00
0x00007b185bd1f3b7:   00 37 6b 6e 00 00 4d 03 d3 45 8b 9a ac 00 00 00
0x00007b185bd1f3c7:   4b 8b 9c da d8 01 00 00 4f 8d 9c da e8 01 00 00
0x00007b185bd1f3d7:   4d 33 ed 49 3b c6 75 24 48 85 db 74 46 48 3b c3
0x00007b185bd1f3e7:   74 35 49 8b 1b 49 83 c3 10 48 3b c3 74 29 48 85
0x00007b185bd1f3f7:   db 75 ef eb 2e 49 8b 1b 49 83 c3 10 48 3b c3 45
0x00007b185bd1f407:   0f 44 6b f8 4c 3b f3 74 07 48 85 db 75 e7 eb 13
0x00007b185bd1f417:   4d 85 ed 74 cd eb 04 45 8b 6b f8 4b 8b 5c 2a 20
0x00007b185bd1f427:   ff 63 40 e9 51 eb ef ff 00 00 00 00 00 00 00 00
0x00007b185bd1f437:   00 00 00 00 00 00 00 00 00 00 00 00 00 00 00 00
0x00007b185bd1f447:   00 00 00 00 00 00 00 00 00 00 00 00 00 00 00 00
0x00007b185bd1f457:   00 03 00 7f 00 07 00 00 00 4c 8b 70 08 48 8b 00
0x00007b185bd1f467:   44 8b 56 08 49 bb 00 00 00 37 6b 6e 00 00 4d 03
0x00007b185bd1f477:   d3 45 8b 9a ac 00 00 00 4b 8b 9c da d8 01 00 00
0x00007b185bd1f487:   4f 8d 9c da e8 01 00 00 4d 33 ed 49 3b c6 75 24
0x00007b185bd1f497:   48 85 db 74 46 48 3b c3 74 35 49 8b 1b 49 83 c3
0x00007b185bd1f4a7:   10 48 3b c3 74 29 48 85 db 75 ef eb 2e 49 8b 1b
0x00007b185bd1f4b7:   49 83 c3 10 48 3b c3 45 0f 44 6b f8 4c 3b f3 74 


Stack slot to memory mapping:

stack at sp + 0 slots: 0x00007b185c584c88 is at entry_point+4232 in (nmethod*)0x00007b185c583390
Compiled method (c2) 7512 2301   !   4       org.apache.xalan.templates.ElemApplyTemplates::transformSelectedNodes (979 bytes)
 total in heap  [0x00007b185c583390,0x00007b185c596ce0] = 80208
 relocation     [0x00007b185c5834e8,0x00007b185c583be8] = 1792
 main code      [0x00007b185c583c00,0x00007b185c58efa8] = 45992
 stub code      [0x00007b185c58efa8,0x00007b185c58f038] = 144
 oops           [0x00007b185c58f038,0x00007b185c58f048] = 16
 metadata       [0x00007b185c58f048,0x00007b185c58f3c8] = 896
 scopes data    [0x00007b185c58f3c8,0x00007b185c595170] = 23976
 scopes pcs     [0x00007b185c595170,0x00007b185c5965d0] = 5216
 dependencies   [0x00007b185c5965d0,0x00007b185c5966c0] = 240
 handler table  [0x00007b185c5966c0,0x00007b185c5969d8] = 792
 nul chk table  [0x00007b185c5969d8,0x00007b185c596ce0] = 776
stack at sp + 1 slots: 
[error occurred during error reporting (inspecting top of stack), id 0xe0000000, Internal Error (/mydata/mmtk-openjdk/openjdk/share/mmtkHeap.cpp:444)]
stack at sp + 2 slots: 
[error occurred during error reporting (inspecting top of stack, attempt 2), id 0xe0000000, Internal Error (/mydata/mmtk-openjdk/openjdk/share/mmtkHeap.cpp:444)]
stack at sp + 3 slots: 
[error occurred during error reporting (inspecting top of stack, attempt 3), id 0xe0000000, Internal Error (/mydata/mmtk-openjdk/openjdk/share/mmtkHeap.cpp:444)]
--------------------------------------------------------------------------------
Decoding CodeBlob, name: vtable chunks, at  [0x00007b185bd1ed00, 0x00007b185bd1f708]  2568 bytes
[MachCode]
  0x00007b185bd1ed00: 0000 0000 | 0000 0000 | 0300 1700 | 0000 0100 | 8b46 0849 | ba00 0000 | 376b 6e00 | 0049 03c2 
  0x00007b185bd1ed20: 488b 98f0 | 0100 00ff | 6340 0000 | 0000 0000 | 0000 0000 | 0000 0000 | 0000 0000 | 0000 0000 
  0x00007b185bd1ed40: 0000 0000 | 0000 0000 | 0000 0000 | 0000 0000 | 0000 0000 | 0000 0000 | 0100 1700 | 0000 0100 
  0x00007b185bd1ed60: 8b46 0849 | ba00 0000 | 376b 6e00 | 0049 03c2 | 488b 98e0 | 0100 00ff | 6340 0000 | 0000 0000 
  0x00007b185bd1ed80: 0000 0000 | 0000 0000 | 0000 7e00 | 0700 0000 | 4c8b 7008 | 488b 0044 | 8b56 0849 | bb00 0000 
  0x00007b185bd1eda0: 376b 6e00 | 004d 03d3 | 458b 9aac | 0000 004b | 8b9c dad8 | 0100 004f | 8d9c dae8 | 0100 004d 
  0x00007b185bd1edc0: 33ed 493b | c675 2448 | 85db 7445 | 483b c374 | 3549 8b1b | 4983 c310 | 483b c374 | 2948 85db 
  0x00007b185bd1ede0: 75ef eb2d | 498b 1b49 | 83c3 1048 | 3bc3 450f | 446b f84c | 3bf3 7407 | 4885 db75 | e7eb 124d 
  0x00007b185bd1ee00: 85ed 74cd | eb04 458b | 6bf8 4b8b | 1c2a ff63 | 40e9 6af1 | efff 0000 | 0000 0000 | 0000 0000 
  0x00007b185bd1ee20: 0000 0000 | 0000 0000 | 0000 0000 | 0000 0000 | 0000 0000 | 0000 0000 | 0000 0000 | 0000 0000 
  0x00007b185bd1ee40: 0000 0000 | 0000 0000 | 0000 0000 | 0000 0000 | 0000 0000 | 0000 0000 | 0000 0000 | 0000 0000 
  0x00007b185bd1ee60: 0000 0000 | 0000 0000 | 0000 0000 | 0000 0000 | 0000 0000 | 0000 0000 | 0000 0000 | 0000 0000 
  0x00007b185bd1ee80: 0000 0000 | 0000 0000 | 0000 0000 | 0000 0000 | 0000 0000 | 0000 0000 | 0200 7f00 | 0700 0000 
  0x00007b185bd1eea0: 4c8b 7008 | 488b 0044 | 8b56 0849 | bb00 0000 | 376b 6e00 | 004d 03d3 | 458b 9aac | 0000 004b 
  0x00007b185bd1eec0: 8b9c dad8 | 0100 004f | 8d9c dae8 | 0100 004d | 33ed 493b | c675 2448 | 85db 7446 | 483b c374 
  0x00007b185bd1eee0: 3549 8b1b | 4983 c310 | 483b c374 | 2948 85db | 75ef eb2e | 498b 1b49 | 83c3 1048 | 3bc3 450f 
  0x00007b185bd1ef00: 446b f84c | 3bf3 7407 | 4885 db75 | e7eb 134d | 85ed 74cd | eb04 458b | 6bf8 4b8b | 5c2a 10ff 
  0x00007b185bd1ef20: 6340 e959 | f0ef ff00 | 0000 0000 | 0000 0000 | 0000 0000 | 0000 0000 | 0000 0000 | 0000 0000 
  0x00007b185bd1ef40: 0000 0000 | 0000 0000 | 0000 0000 | 0000 0000 | 1c00 1700 | 0000 0100 | 8b46 0849 | ba00 0000 
  0x00007b185bd1ef60: 376b 6e00 | 0049 03c2 | 488b 98b8 | 0200 00ff | 6340 0000 | 0000 0000 | 0000 0000 | 0000 0000 
  0x00007b185bd1ef80: 1e00 1700 | 0000 0100 | 8b46 0849 | ba00 0000 | 376b 6e00 | 0049 03c2 | 488b 98c8 | 0200 00ff 
  0x00007b185bd1efa0: 6340 0000 | 0000 0000 | 0000 0000 | 0000 0000 | 0700 1700 | 0000 0100 | 8b46 0849 | ba00 0000 
  0x00007b185bd1efc0: 376b 6e00 | 0049 03c2 | 488b 9810 | 0200 00ff | 6340 0000 | 0000 0000 | 0000 0000 | 0000 0000 
  0x00007b185bd1efe0: 2800 1700 | 0000 0100 | 8b46 0849 | ba00 0000 | 376b 6e00 | 0049 03c2 | 488b 9818 | 0300 00ff 
  0x00007b185bd1f000: 6340 0000 | 0000 0000 | 0000 0000 | 0000 0000 | 0600 1700 | 0000 0100 | 8b46 0849 | ba00 0000 
  0x00007b185bd1f020: 376b 6e00 | 0049 03c2 | 488b 9808 | 0200 00ff | 6340 0000 | 0000 0000 | 0000 0000 | 0000 0000 
  0x00007b185bd1f040: 0800 1700 | 0000 0100 | 8b46 0849 | ba00 0000 | 376b 6e00 | 0049 03c2 | 488b 9818 | 0200 00ff 
  0x00007b185bd1f060: 6340 0000 | 0000 0000 | 0000 0000 | 0000 0000 | 0500 1700 | 0000 0100 | 8b46 0849 | ba00 0000 
  0x00007b185bd1f080: 376b 6e00 | 0049 03c2 | 488b 9800 | 0200 00ff | 6340 0000 | 0000 0000 | 0000 0000 | 0000 0000 
  0x00007b185bd1f0a0: bf00 1700 | 0000 0100 | 8b46 0849 | ba00 0000 | 376b 6e00 | 0049 03c2 | 488b 98d0 | 0700 00ff 
  0x00007b185bd1f0c0: 6340 0000 | 0000 0000 | 0000 0000 | 0000 0000 | 8f00 1700 | 0000 0100 | 8b46 0849 | ba00 0000 
  0x00007b185bd1f0e0: 376b 6e00 | 0049 03c2 | 488b 9850 | 0600 00ff | 6340 0000 | 0000 0000 | 0000 0000 | 0000 0000 
  0x00007b185bd1f100: a800 1700 | 0000 0100 | 8b46 0849 | ba00 0000 | 376b 6e00 | 0049 03c2 | 488b 9818 | 0700 00ff 
  0x00007b185bd1f120: 6340 0000 | 0000 0000 | 0000 0000 | 0000 0000 | b600 1700 | 0000 0100 | 8b46 0849 | ba00 0000 
  0x00007b185bd1f140: 376b 6e00 | 0049 03c2 | 488b 9888 | 0700 00ff | 6340 0000 | 0000 0000 | 0000 0000 | 0000 0000 
  0x00007b185bd1f160: b500 1700 | 0000 0100 | 8b46 0849 | ba00 0000 | 376b 6e00 | 0049 03c2 | 488b 9880 | 0700 00ff 
  0x00007b185bd1f180: 6340 0000 | 0000 0000 | 0000 0000 | 0000 0000 | 9600 1700 | 0000 0100 | 8b46 0849 | ba00 0000 
  0x00007b185bd1f1a0: 376b 6e00 | 0049 03c2 | 488b 9888 | 0600 00ff | 6340 0000 | 0000 0000 | 0000 0000 | 0000 0000 
  0x00007b185bd1f1c0: c300 1700 | 0000 0100 | 8b46 0849 | ba00 0000 | 376b 6e00 | 0049 03c2 | 488b 98f0 | 0700 00ff 
  0x00007b185bd1f1e0: 6340 0000 | 0000 0000 | 0000 0000 | 0000 0000 | 2e00 1700 | 0000 0100 | 8b46 0849 | ba00 0000 
  0x00007b185bd1f200: 376b 6e00 | 0049 03c2 | 488b 9848 | 0300 00ff | 6340 0000 | 0000 0000 | 0000 0000 | 0000 0000 
  0x00007b185bd1f220: 2200 1700 | 0000 0100 | 8b46 0849 | ba00 0000 | 376b 6e00 | 0049 03c2 | 488b 98e8 | 0200 00ff 
  0x00007b185bd1f240: 6340 0000 | 0000 0000 | 0000 0000 | 0000 0000 | a100 1700 | 0000 0100 | 8b46 0849 | ba00 0000 
  0x00007b185bd1f260: 376b 6e00 | 0049 03c2 | 488b 98e0 | 0600 00ff | 6340 0000 | 0000 0000 | 0000 0000 | 0000 0000 
  0x00007b185bd1f280: 7600 1700 | 0000 0100 | 8b46 0849 | ba00 0000 | 376b 6e00 | 0049 03c2 | 488b 9888 | 0500 00ff 
  0x00007b185bd1f2a0: 6340 0000 | 0000 0000 | 0000 0000 | 0000 0000 | 8e00 1700 | 0000 0100 | 8b46 0849 | ba00 0000 
  0x00007b185bd1f2c0: 376b 6e00 | 0049 03c2 | 488b 9848 | 0600 00ff | 6340 0000 | 0000 0000 | 0000 0000 | 0000 0000 
  0x00007b185bd1f2e0: 8b00 1700 | 0000 0100 | 8b46 0849 | ba00 0000 | 376b 6e00 | 0049 03c2 | 488b 9830 | 0600 00ff 
  0x00007b185bd1f300: 6340 0000 | 0000 0000 | 0000 0000 | 0000 0000 | 7a00 1700 | 0000 0100 | 8b46 0849 | ba00 0000 
  0x00007b185bd1f320: 376b 6e00 | 0049 03c2 | 488b 98a8 | 0500 00ff | 6340 0000 | 0000 0000 | 0000 0000 | 0000 0000 
  0x00007b185bd1f340: a300 1700 | 0000 0100 | 8b46 0849 | ba00 0000 | 376b 6e00 | 0049 03c2 | 488b 98f0 | 0600 00ff 
  0x00007b185bd1f360: 6340 0000 | 0000 0000 | 0000 0000 | 0000 0000 | 1a00 1700 | 0000 0100 | 8b46 0849 | ba00 0000 
  0x00007b185bd1f380: 376b 6e00 | 0049 03c2 | 488b 98a8 | 0200 00ff | 6340 0000 | 0000 0000 | 0000 0000 | 0000 0000 
  0x00007b185bd1f3a0: 0400 7f00 | 0700 0000 | 4c8b 7008 | 488b 0044 | 8b56 0849 | bb00 0000 | 376b 6e00 | 004d 03d3 
  0x00007b185bd1f3c0: 458b 9aac | 0000 004b | 8b9c dad8 | 0100 004f | 8d9c dae8 | 0100 004d | 33ed 493b | c675 2448 
  0x00007b185bd1f3e0: 85db 7446 | 483b c374 | 3549 8b1b | 4983 c310 | 483b c374 | 2948 85db | 75ef eb2e | 498b 1b49 
  0x00007b185bd1f400: 83c3 1048 | 3bc3 450f | 446b f84c | 3bf3 7407 | 4885 db75 | e7eb 134d | 85ed 74cd | eb04 458b 
  0x00007b185bd1f420: 6bf8 4b8b | 5c2a 20ff | 6340 e951 | ebef ff00 | 0000 0000 | 0000 0000 | 0000 0000 | 0000 0000 
  0x00007b185bd1f440: 0000 0000 | 0000 0000 | 0000 0000 | 0000 0000 | 0000 0000 | 0000 0000 | 0300 7f00 | 0700 0000 
  0x00007b185bd1f460: 4c8b 7008 | 488b 0044 | 8b56 0849 | bb00 0000 | 376b 6e00 | 004d 03d3 | 458b 9aac | 0000 004b 
  0x00007b185bd1f480: 8b9c dad8 | 0100 004f | 8d9c dae8 | 0100 004d | 33ed 493b | c675 2448 | 85db 7446 | 483b c374 
  0x00007b185bd1f4a0: 3549 8b1b | 4983 c310 | 483b c374 | 2948 85db | 75ef eb2e | 498b 1b49 | 83c3 1048 | 3bc3 450f 
  0x00007b185bd1f4c0: 446b f84c | 3bf3 7407 | 4885 db75 | e7eb 134d | 85ed 74cd | eb04 458b | 6bf8 4b8b | 5c2a 18ff 
  0x00007b185bd1f4e0: 6340 e999 | eaef ff00 | 0000 0000 | 0000 0000 | 0000 0000 | 0000 0000 | 0000 0000 | 0000 0000 
  0x00007b185bd1f500: 0000 0000 | 0000 0000 | e8f1 d15b | 187b 0000 | 0500 7f00 | 0700 0000 | 4c8b 7008 | 488b 0044 
  0x00007b185bd1f520: 8b56 0849 | bb00 0000 | 376b 6e00 | 004d 03d3 | 458b 9aac | 0000 004b | 8b9c dad8 | 0100 004f 
  0x00007b185bd1f540: 8d9c dae8 | 0100 004d | 33ed 493b | c675 2448 | 85db 7446 | 483b c374 | 3549 8b1b | 4983 c310 
  0x00007b185bd1f560: 483b c374 | 2948 85db | 75ef eb2e | 498b 1b49 | 83c3 1048 | 3bc3 450f | 446b f84c | 3bf3 7407 
  0x00007b185bd1f580: 4885 db75 | e7eb 134d | 85ed 74cd | eb04 458b | 6bf8 4b8b | 5c2a 28ff | 6340 e9e1 | e9ef ff00 
  0x00007b185bd1f5a0: 0000 0000 | 0000 0000 | 0000 0000 | 0000 0000 | 0000 0000 | 0000 0000 | 0000 0000 | 0000 0000 
  0x00007b185bd1f5c0: 0000 0000 | 0000 0000 | 0c00 1700 | 0000 0100 | 8b46 0849 | ba00 0000 | 376b 6e00 | 0049 03c2 
  0x00007b185bd1f5e0: 488b 9838 | 0200 00ff | 6340 0000 | 0000 0000 | 0000 0000 | 0000 0000 | 0700 7f00 | 0700 0000 
  0x00007b185bd1f600: 4c8b 7008 | 488b 0044 | 8b56 0849 | bb00 0000 | 376b 6e00 | 004d 03d3 | 458b 9aac | 0000 004b 
  0x00007b185bd1f620: 8b9c dad8 | 0100 004f | 8d9c dae8 | 0100 004d | 33ed 493b | c675 2448 | 85db 7446 | 483b c374 
  0x00007b185bd1f640: 3549 8b1b | 4983 c310 | 483b c374 | 2948 85db | 75ef eb2e | 498b 1b49 | 83c3 1048 | 3bc3 450f 
  0x00007b185bd1f660: 446b f84c | 3bf3 7407 | 4885 db75 | e7eb 134d | 85ed 74cd | eb04 458b | 6bf8 4b8b | 5c2a 38ff 
  0x00007b185bd1f680: 6340 e9f9 | e8ef ff00 | 0000 0000 | 0000 0000 | 0000 0000 | 0000 0000 | 0000 0000 | 0000 0000 
  0x00007b185bd1f6a0: 0000 0000 | 0000 0000 | 0000 0000 | 0000 0000 | 0000 0000 | 0000 0000 | 0000 0000 | 0000 0000 
  0x00007b185bd1f6c0: 0000 0000 | 0000 0000 | 0000 0000 | 0000 0000 | 0000 0000 | 0000 0000 | 0000 0000 | 0000 0000 
  0x00007b185bd1f6e0: 0000 0000 | 0000 0000 | 0000 0000 | 0000 0000 | 0000 0000 | 0000 0000 | 0000 0000 | 0000 0000 
  0x00007b185bd1f700: 0000 0000 | 0000 0000 
[/MachCode]
--------------------------------------------------------------------------------


---------------  P R O C E S S  ---------------

Threads class SMR info:
_java_thread_list=0x00006e6a6c0062e0, length=44, elements={
0x00007b186c02b240, 0x00007b186c527000, 0x00007b186c528890, 0x00007b186c52a3a0,
0x00007b186c548bd0, 0x00007b186c54a520, 0x00007b186c54bde0, 0x00007b186c54dc20,
0x00007b186c5575f0, 0x00007b186c5a6310, 0x00007b186c5a9320, 0x00007b186c7b01f0,
0x00007b186c5cfc30, 0x00007b186c3d5090, 0x00007b186c7b2b90, 0x00007b186c5e01f0,
0x00007b186c7b1350, 0x00007b186c5d65f0, 0x00007b186c5de7b0, 0x00007b186c5e1a50,
0x00007b186c7bb790, 0x00007b186c5d3b50, 0x00007b186c5d5130, 0x00007b186c3e41f0,
0x00007b186c7b8d20, 0x00007b186c5dba80, 0x00007b186c5d7a40, 0x00007b186c7b7880,
0x00007b186c7b6310, 0x00007b186c7bf550, 0x00007b186c7bcd20, 0x00007b186c7be1b0,
0x00007b186c065d20, 0x00007b186c3d6e30, 0x00007b186c3d7bf0, 0x00007b186c3d8aa0,
0x00007b186c3d9950, 0x00007b186c3da800, 0x00007b186c3db6b0, 0x00007b186c3dc560,
0x00007b186c3dd410, 0x00007b186c3de2c0, 0x00006e6ab03fd880, 0x00006e6a5800fe70
}

Java Threads: ( => current thread )
  0x00007b186c02b240 JavaThread "main"                              [_thread_blocked, id=512804, stack(0x00007b1870617000,0x00007b1870717000) (1024K)]
  0x00007b186c527000 JavaThread "Reference Handler"          daemon [_thread_blocked, id=512808, stack(0x00006e6b802fc000,0x00006e6b803fc000) (1024K)]
  0x00007b186c528890 JavaThread "Finalizer"                  daemon [_thread_blocked, id=512809, stack(0x00006e6b7c8ff000,0x00006e6b7c9ff000) (1024K)]
  0x00007b186c52a3a0 JavaThread "MMTk Finalizer Thread"      daemon [_thread_blocked, id=512810, stack(0x00006e6b7c500000,0x00006e6b7c600000) (1024K)]
  0x00007b186c548bd0 JavaThread "Signal Dispatcher"          daemon [_thread_blocked, id=512834, stack(0x00006e6b35bed000,0x00006e6b35ced000) (1024K)]
  0x00007b186c54a520 JavaThread "Service Thread"             daemon [_thread_blocked, id=512835, stack(0x00006e6b35aed000,0x00006e6b35bed000) (1024K)]
  0x00007b186c54bde0 JavaThread "Monitor Deflation Thread"   daemon [_thread_blocked, id=512836, stack(0x00006e6b359ed000,0x00006e6b35aed000) (1024K)]
  0x00007b186c54dc20 JavaThread "C2 CompilerThread0"         daemon [_thread_blocked, id=512837, stack(0x00006e6b358ed000,0x00006e6b359ed000) (1024K)]
  0x00007b186c5575f0 JavaThread "C1 CompilerThread0"         daemon [_thread_blocked, id=512838, stack(0x00006e6b357ed000,0x00006e6b358ed000) (1024K)]
  0x00007b186c5a6310 JavaThread "Notification Thread"        daemon [_thread_blocked, id=512840, stack(0x00006e6b355ed000,0x00006e6b356ed000) (1024K)]
  0x00007b186c5a9320 JavaThread "Common-Cleaner"             daemon [_thread_blocked, id=512841, stack(0x00006e6b354ed000,0x00006e6b355ed000) (1024K)]
  0x00007b186c7b01f0 JavaThread "Thread-32"                         [_thread_blocked, id=512886, stack(0x00006e6b34fed000,0x00006e6b350ed000) (1024K)]
  0x00007b186c5cfc30 JavaThread "Thread-33"                         [_thread_in_native, id=512887, stack(0x00006e6b353ed000,0x00006e6b354ed000) (1024K)]
  0x00007b186c3d5090 JavaThread "Thread-34"                         [_thread_in_Java, id=512888, stack(0x00006e6a52e00000,0x00006e6a52f00000) (1024K)]
  0x00007b186c7b2b90 JavaThread "Thread-35"                         [_thread_in_Java, id=512889, stack(0x00006e6b34bed000,0x00006e6b34ced000) (1024K)]
  0x00007b186c5e01f0 JavaThread "Thread-36"                         [_thread_in_Java, id=512890, stack(0x00006e6a53800000,0x00006e6a53900000) (1024K)]
  0x00007b186c7b1350 JavaThread "Thread-37"                         [_thread_blocked, id=512891, stack(0x00006e6a53c00000,0x00006e6a53d00000) (1024K)]
  0x00007b186c5d65f0 JavaThread "Thread-38"                         [_thread_blocked, id=512892, stack(0x00006e6a53500000,0x00006e6a53600000) (1024K)]
  0x00007b186c5de7b0 JavaThread "Thread-39"                         [_thread_in_native, id=512893, stack(0x00006e6b34ced000,0x00006e6b34ded000) (1024K)]
=>0x00007b186c5e1a50 JavaThread "Thread-40"                         [_thread_in_Java, id=512894, stack(0x00006e6b343ed000,0x00006e6b344ed000) (1024K)]
  0x00007b186c7bb790 JavaThread "Thread-41"                         [_thread_blocked, id=512895, stack(0x00006e6a53e00000,0x00006e6a53f00000) (1024K)]
  0x00007b186c5d3b50 JavaThread "Thread-42"                         [_thread_blocked, id=512896, stack(0x00006e6a53000000,0x00006e6a53100000) (1024K)]
  0x00007b186c5d5130 JavaThread "Thread-43"                         [_thread_blocked, id=512897, stack(0x00006e6a53200000,0x00006e6a53300000) (1024K)]
  0x00007b186c3e41f0 JavaThread "Thread-45"                         [_thread_blocked, id=512899, stack(0x00006e6b34aed000,0x00006e6b34bed000) (1024K)]
  0x00007b186c7b8d20 JavaThread "Thread-46"                         [_thread_in_vm, id=512900, stack(0x00006e6b347ed000,0x00006e6b348ed000) (1024K)]
  0x00007b186c5dba80 JavaThread "Thread-47"                         [_thread_blocked, id=512901, stack(0x00006e6b346ed000,0x00006e6b347ed000) (1024K)]
  0x00007b186c5d7a40 JavaThread "Thread-48"                         [_thread_in_vm, id=512902, stack(0x00006e6b344ed000,0x00006e6b345ed000) (1024K)]
  0x00007b186c7b7880 JavaThread "Thread-49"                         [_thread_in_vm, id=512903, stack(0x00006e6b34eed000,0x00006e6b34fed000) (1024K)]
  0x00007b186c7b6310 JavaThread "Thread-50"                         [_thread_blocked, id=512904, stack(0x00006e6a53f00000,0x00006e6a54000000) (1024K)]
  0x00007b186c7bf550 JavaThread "Thread-51"                         [_thread_in_vm, id=512905, stack(0x00006e6b342ed000,0x00006e6b343ed000) (1024K)]
  0x00007b186c7bcd20 JavaThread "Thread-52"                         [_thread_in_Java, id=512906, stack(0x00006e6b349ed000,0x00006e6b34aed000) (1024K)]
  0x00007b186c7be1b0 JavaThread "Thread-53"                         [_thread_blocked, id=512907, stack(0x00006e6a52f00000,0x00006e6a53000000) (1024K)]
  0x00007b186c065d20 JavaThread "Thread-54"                         [_thread_in_Java, id=512908, stack(0x00006e6a53400000,0x00006e6a53500000) (1024K)]
  0x00007b186c3d6e30 JavaThread "Thread-55"                         [_thread_blocked, id=512909, stack(0x00006e6a53300000,0x00006e6a53400000) (1024K)]
  0x00007b186c3d7bf0 JavaThread "Thread-56"                         [_thread_in_Java, id=512910, stack(0x00006e6a53100000,0x00006e6a53200000) (1024K)]
  0x00007b186c3d8aa0 JavaThread "Thread-57"                         [_thread_in_vm, id=512911, stack(0x00006e6b340ed000,0x00006e6b341ed000) (1024K)]
  0x00007b186c3d9950 JavaThread "Thread-58"                         [_thread_blocked, id=512912, stack(0x00006e6b34ded000,0x00006e6b34eed000) (1024K)]
  0x00007b186c3da800 JavaThread "Thread-59"                         [_thread_blocked, id=512913, stack(0x00006e6a53a00000,0x00006e6a53b00000) (1024K)]
  0x00007b186c3db6b0 JavaThread "Thread-60"                         [_thread_in_native, id=512914, stack(0x00006e6a53d00000,0x00006e6a53e00000) (1024K)]
  0x00007b186c3dc560 JavaThread "Thread-61"                         [_thread_blocked, id=512915, stack(0x00006e6a53900000,0x00006e6a53a00000) (1024K)]
  0x00007b186c3dd410 JavaThread "Thread-62"                         [_thread_in_native, id=512916, stack(0x00006e6a53700000,0x00006e6a53800000) (1024K)]
  0x00007b186c3de2c0 JavaThread "Thread-63"                         [_thread_in_Java, id=512917, stack(0x00006e6b345ed000,0x00006e6b346ed000) (1024K)]
  0x00006e6ab03fd880 JavaThread "C2 CompilerThread1"         daemon [_thread_blocked, id=512919, stack(0x00006e6b341ed000,0x00006e6b342ed000) (1024K)]
  0x00006e6a5800fe70 JavaThread "C2 CompilerThread2"         daemon [_thread_blocked, id=512924, stack(0x00006e6a53b00000,0x00006e6a53c00000) (1024K)]
Total: 44

Other Threads:
  0x00007b186c51bb50 VMThread "VM Thread"                           [id=512807, stack(0x00007b1834443000,0x00007b1834543000) (1024K)]
  0x00007b186c509780 WatcherThread "VM Periodic Task Thread"        [id=512806, stack(0x00007b1834544000,0x00007b1834644000) (1024K)]
Total: 2

Threads with active compile tasks:
Total: 0

VM state: not at safepoint (normal execution)

VM Mutex/Monitor currently owned by a thread: None

Heap address: 0x0000000040000000, size: 3072 MB, Compressed Oops mode: 32-bit

CDS archive(s) mapped at: [0x00006e6b37000000-0x00006e6b37ca3000-0x00006e6b37ca3000), size 13250560, SharedBaseAddress: 0x00006e6b37000000, ArchiveRelocationMode: 1.
Compressed class space mapped at: 0x00006e6b38000000-0x00006e6b78000000, reserved size: 1073741824
Narrow klass base: 0x00006e6b37000000, Narrow klass shift: 0, Narrow klass range: 0x100000000

GC Precious Log:
<Empty>

Heap:

[error occurred during error reporting (printing heap information), id 0xe0000000, Internal Error (/mydata/mmtk-openjdk/openjdk/share/mmtkHeap.cpp:424)]
Metaspace:

Usage:
  Non-class:      7.24 MB used.
      Class:    975.59 KB used.
       Both:      8.19 MB used.

Virtual space:
  Non-class space:       64.00 MB reserved,       7.38 MB ( 12%) committed,  1 nodes.
      Class space:        1.00 GB reserved,       1.06 MB ( <1%) committed,  1 nodes.
             Both:        1.06 GB reserved,       8.44 MB ( <1%) committed. 

Chunk freelists:
   Non-Class:  7.17 MB
       Class:  14.98 MB
        Both:  22.15 MB

MaxMetaspaceSize: unlimited
CompressedClassSpaceSize: 1.00 GB
Initial GC threshold: 21.00 MB
Current GC threshold: 21.00 MB
CDS: on
 - commit_granule_bytes: 65536.
 - commit_granule_words: 8192.
 - virtual_space_node_default_size: 8388608.
 - enlarge_chunks_in_place: 1.
 - use_allocation_guard: 0.


Internal statistics:

num_allocs_failed_limit: 0.
num_arena_births: 120.
num_arena_deaths: 0.
num_vsnodes_births: 2.
num_vsnodes_deaths: 0.
num_space_committed: 135.
num_space_uncommitted: 0.
num_chunks_returned_to_freelist: 0.
num_chunks_taken_from_freelist: 388.
num_chunk_merges: 0.
num_chunk_splits: 264.
num_chunks_enlarged: 205.
num_inconsistent_stats: 0.

CodeHeap 'non-profiled nmethods': size=118880Kb used=4845Kb max_used=4845Kb free=114034Kb
 bounds [0x00007b185c3e8000, 0x00007b185c8a8000, 0x00007b1863800000]
CodeHeap 'profiled nmethods': size=118876Kb used=7647Kb max_used=7647Kb free=111228Kb
 bounds [0x00007b1854800000, 0x00007b1854f80000, 0x00007b185bc17000]
CodeHeap 'non-nmethods': size=8004Kb used=1211Kb max_used=3585Kb free=6792Kb
 bounds [0x00007b185bc17000, 0x00007b185bfa7000, 0x00007b185c3e8000]
CodeCache: size=245760Kb, used=13703Kb, max_used=16077Kb, free=232054Kb
 total_blobs=4313, nmethods=3834, adapters=382, full_count=0
Compilation: enabled, stopped_count=0, restarted_count=0

Compilation events (20 events):
Event: 6.849 Thread 0x00006e6ab03fd880 3830   !   4       org.apache.xerces.parsers.XML11Configuration::parse (161 bytes)
Event: 6.865 Thread 0x00007b186c54dc20 3831       4       org.apache.xerces.parsers.XML11Configuration::configurePipeline (605 bytes)
Event: 6.959 Thread 0x00007b186c54dc20 nmethod 3831 0x00007b185c891d90 code [0x00007b185c892060, 0x00007b185c8929d0]
Event: 6.959 Thread 0x00007b186c54dc20 3833       4       org.apache.xerces.parsers.XML11Configuration::resetCommon (41 bytes)
Event: 6.982 Thread 0x00006e6ab03fd880 nmethod 3830 0x00007b185c893210 code [0x00007b185c893780, 0x00007b185c896508]
Event: 6.983 Thread 0x00006e6ab03fd880 3832   !   4       org.apache.xerces.impl.dtd.XMLDTDValidator::reset (366 bytes)
Event: 6.983 Thread 0x00006e6a5800fe70 3835       4       org.apache.xerces.impl.XMLNSDocumentScannerImpl::reset (16 bytes)
Event: 6.987 Thread 0x00007b186c54dc20 nmethod 3833 0x00007b185c898090 code [0x00007b185c898480, 0x00007b185c899b50]
Event: 6.987 Thread 0x00007b186c54dc20 3838   !   4       org.apache.xerces.impl.dtd.XMLDTDProcessor::reset (235 bytes)
Event: 6.994 Thread 0x00006e6a5800fe70 nmethod 3835 0x00007b185c89ab10 code [0x00007b185c89ae40, 0x00007b185c89b860]
Event: 6.994 Thread 0x00006e6a5800fe70 3836   !   4       org.apache.xerces.impl.XMLDocumentFragmentScannerImpl::reset (128 bytes)
Event: 6.996 Thread 0x00007b186c54dc20 nmethod 3838 0x00007b185c89c110 code [0x00007b185c89c380, 0x00007b185c89cae8]
Event: 6.996 Thread 0x00007b186c54dc20 3837   !   4       org.apache.xerces.impl.XMLDocumentScannerImpl::reset (206 bytes)
Event: 7.000 Thread 0x00006e6a5800fe70 nmethod 3836 0x00007b185c89d010 code [0x00007b185c89d260, 0x00007b185c89d770]
Event: 7.000 Thread 0x00006e6a5800fe70 3834   !   4       org.apache.xerces.impl.XMLEntityManager::reset (257 bytes)
Event: 7.000 Thread 0x00006e6ab03fd880 nmethod 3832 0x00007b185c89dc10 code [0x00007b185c89df60, 0x00007b185c89f198]
Event: 7.000 Thread 0x00006e6ab03fd880 3839       4       java.lang.String::toUpperCase (29 bytes)
Event: 7.006 Thread 0x00007b186c54dc20 nmethod 3837 0x00007b185c89fb90 code [0x00007b185c89fec0, 0x00007b185c8a08e0]
Event: 7.010 Thread 0x00006e6ab03fd880 nmethod 3839 0x00007b185c8a1190 code [0x00007b185c8a1380, 0x00007b185c8a1ce8]
Event: 7.011 Thread 0x00006e6a5800fe70 nmethod 3834 0x00007b185c8a2110 code [0x00007b185c8a23e0, 0x00007b185c8a2f00]

GC Heap History (0 events):
No events

Dll operation events (7 events):
Event: 0.002 Loaded shared library /mydata/openjdk-mmtk/build/b0test/images/jdk/lib/libjava.so
Event: 2.227 Loaded shared library /mydata/openjdk-mmtk/build/b0test/images/jdk/lib/libjsvml.so
Event: 2.240 Loaded shared library /mydata/openjdk-mmtk/build/b0test/images/jdk/lib/libnio.so
Event: 2.244 Loaded shared library /mydata/openjdk-mmtk/build/b0test/images/jdk/lib/libzip.so
Event: 2.257 Loaded shared library /mydata/openjdk-mmtk/build/b0test/images/jdk/lib/libjimage.so
Event: 2.284 Loaded shared library /mydata/openjdk-mmtk/build/b0test/images/jdk/lib/libnet.so
Event: 2.412 Loaded shared library /mydata/openjdk-mmtk/build/b0test/images/jdk/lib/libverify.so

Deoptimization events (20 events):
Event: 5.427 Thread 0x00007b186c5cfc30 Uncommon trap: trap_request=0xfffffff4 fr.pc=0x00007b185c83bde0 relative=0x0000000000000740
Event: 5.427 Thread 0x00007b186c5cfc30 Uncommon trap: reason=null_check action=make_not_entrant pc=0x00007b185c83bde0 method=org.apache.xerces.parsers.AbstractSAXParser.getErrorHandler()Lorg/xml/sax/ErrorHandler; @ 13 c2
Event: 5.427 Thread 0x00007b186c5cfc30 DEOPT PACKING pc=0x00007b185c83bde0 sp=0x00006e6b354eb800
Event: 5.427 Thread 0x00007b186c5cfc30 DEOPT UNPACKING pc=0x00007b185bc6a399 sp=0x00006e6b354eb748 mode 2
Event: 5.427 Thread 0x00007b186c3d5090 Uncommon trap: trap_request=0xfffffff4 fr.pc=0x00007b185c83bde0 relative=0x0000000000000740
Event: 5.427 Thread 0x00007b186c3d5090 Uncommon trap: reason=null_check action=make_not_entrant pc=0x00007b185c83bde0 method=org.apache.xerces.parsers.AbstractSAXParser.getErrorHandler()Lorg/xml/sax/ErrorHandler; @ 13 c2
Event: 5.427 Thread 0x00007b186c3d5090 DEOPT PACKING pc=0x00007b185c83bde0 sp=0x00006e6a52efe800
Event: 5.427 Thread 0x00007b186c3d5090 DEOPT UNPACKING pc=0x00007b185bc6a399 sp=0x00006e6a52efe748 mode 2
Event: 5.427 Thread 0x00007b186c7b01f0 Uncommon trap: trap_request=0xfffffff4 fr.pc=0x00007b185c83bde0 relative=0x0000000000000740
Event: 5.427 Thread 0x00007b186c7b01f0 Uncommon trap: reason=null_check action=make_not_entrant pc=0x00007b185c83bde0 method=org.apache.xerces.parsers.AbstractSAXParser.getErrorHandler()Lorg/xml/sax/ErrorHandler; @ 13 c2
Event: 5.427 Thread 0x00007b186c7b01f0 DEOPT PACKING pc=0x00007b185c83bde0 sp=0x00006e6b350eb800
Event: 5.427 Thread 0x00007b186c7b01f0 DEOPT UNPACKING pc=0x00007b185bc6a399 sp=0x00006e6b350eb748 mode 2
Event: 5.428 Thread 0x00007b186c5d3b50 Uncommon trap: trap_request=0xfffffff4 fr.pc=0x00007b185c83bde0 relative=0x0000000000000740
Event: 5.428 Thread 0x00007b186c5d3b50 Uncommon trap: reason=null_check action=make_not_entrant pc=0x00007b185c83bde0 method=org.apache.xerces.parsers.AbstractSAXParser.getErrorHandler()Lorg/xml/sax/ErrorHandler; @ 13 c2
Event: 5.428 Thread 0x00007b186c5d3b50 DEOPT PACKING pc=0x00007b185c83bde0 sp=0x00006e6a530fe800
Event: 5.428 Thread 0x00007b186c5d3b50 DEOPT UNPACKING pc=0x00007b185bc6a399 sp=0x00006e6a530fe748 mode 2
Event: 5.428 Thread 0x00007b186c3dc560 Uncommon trap: trap_request=0xfffffff4 fr.pc=0x00007b185c83bde0 relative=0x0000000000000740
Event: 5.428 Thread 0x00007b186c3dc560 Uncommon trap: reason=null_check action=make_not_entrant pc=0x00007b185c83bde0 method=org.apache.xerces.parsers.AbstractSAXParser.getErrorHandler()Lorg/xml/sax/ErrorHandler; @ 13 c2
Event: 5.428 Thread 0x00007b186c3dc560 DEOPT PACKING pc=0x00007b185c83bde0 sp=0x00006e6a539fe800
Event: 5.428 Thread 0x00007b186c3dc560 DEOPT UNPACKING pc=0x00007b185bc6a399 sp=0x00006e6a539fe748 mode 2

Classes loaded (20 events):
Event: 2.679 Loading class sun/util/ResourceBundleEnumeration
Event: 2.679 Loading class sun/util/ResourceBundleEnumeration done
Event: 2.687 Loading class sun/nio/cs/ISO_8859_1$Encoder
Event: 2.687 Loading class sun/nio/cs/ISO_8859_1$Encoder done
Event: 2.714 Loading class java/util/ResourceBundle$Control$1
Event: 2.714 Loading class java/util/ResourceBundle$Control$1 done
Event: 2.733 Loading class java/lang/foreign/MemorySegment
Event: 2.733 Loading class java/lang/foreign/MemorySegment done
Event: 3.779 Loading class java/net/Proxy
Event: 3.779 Loading class java/net/Proxy done
Event: 5.373 Loading class java/io/FileOutputStream$1
Event: 5.373 Loading class java/io/FileOutputStream$1 done
Event: 5.374 Loading class java/security/NoSuchAlgorithmException
Event: 5.374 Loading class java/security/GeneralSecurityException
Event: 5.374 Loading class java/security/GeneralSecurityException done
Event: 5.374 Loading class java/security/NoSuchAlgorithmException done
Event: 5.374 Loading class sun/security/provider/SHA
Event: 5.374 Loading class sun/security/provider/SHA done
Event: 5.375 Loading class sun/security/provider/ByteArrayAccess$BE
Event: 5.375 Loading class sun/security/provider/ByteArrayAccess$BE done

Classes unloaded (0 events):
No events

Classes redefined (0 events):
No events

Internal exceptions (20 events):
Event: 2.251 Thread 0x00007b186c02b240 Exception <a 'java/lang/NoSuchMethodError'{0x0000000040334090}: 'java.lang.Object java.lang.invoke.DirectMethodHandle$Holder.newInvokeSpecial(java.lang.Object, int, java.lang.Object)'> (0x0000000040334090) 
thrown [src/hotspot/share/interpreter/linkResolver.cpp, line 772]
Event: 2.260 Thread 0x00007b186c02b240 Exception <a 'java/lang/NoSuchMethodError'{0x0000000040301e28}: 'void java.lang.invoke.DirectMethodHandle$Holder.invokeStatic(java.lang.Object, java.lang.Object)'> (0x0000000040301e28) 
thrown [src/hotspot/share/interpreter/linkResolver.cpp, line 772]
Event: 2.260 Thread 0x00007b186c02b240 Exception <a 'java/lang/NoSuchMethodError'{0x0000000040305820}: 'void java.lang.invoke.DirectMethodHandle$Holder.invokeSpecial(java.lang.Object, java.lang.Object, java.lang.Object)'> (0x0000000040305820) 
thrown [src/hotspot/share/interpreter/linkResolver.cpp, line 772]
Event: 2.303 Thread 0x00007b186c02b240 Exception <a 'java/lang/NoSuchMethodError'{0x00000000401b5c58}: 'void java.lang.invoke.DirectMethodHandle$Holder.invokeVirtual(java.lang.Object, java.lang.Object)'> (0x00000000401b5c58) 
thrown [src/hotspot/share/interpreter/linkResolver.cpp, line 772]
Event: 2.338 Thread 0x00007b186c02b240 Exception <a 'java/io/FileNotFoundException'{0x0000000040188780}> (0x0000000040188780) 
thrown [src/hotspot/share/prims/jni.cpp, line 520]
Event: 2.349 Thread 0x00007b186c02b240 Exception <a 'java/lang/NoSuchMethodError'{0x0000000040128438}: 'java.lang.Object java.lang.invoke.Invokers$Holder.invokeExact_MT(java.lang.Object, java.lang.Object, java.lang.Object, java.lang.Object, java.lang.Object)'> (0x0000000040128438) 
thrown [src/hotspot/share/interpreter/linkResolver.cpp, line 772]
Event: 2.533 Thread 0x00007b186c02b240 Exception <a 'java/lang/NoSuchMethodError'{0x0000000040eb3668}: 'void java.lang.invoke.DirectMethodHandle$Holder.invokeVirtual(java.lang.Object, java.lang.Object, int)'> (0x0000000040eb3668) 
thrown [src/hotspot/share/interpreter/linkResolver.cpp, line 772]
Event: 2.534 Thread 0x00007b186c02b240 Exception <a 'java/lang/NoSuchMethodError'{0x0000000040eb7d90}: 'int java.lang.invoke.DirectMethodHandle$Holder.invokeSpecial(java.lang.Object, java.lang.Object, java.lang.Object, int)'> (0x0000000040eb7d90) 
thrown [src/hotspot/share/interpreter/linkResolver.cpp, line 772]
Event: 2.535 Thread 0x00007b186c02b240 Exception <a 'java/lang/NoSuchMethodError'{0x0000000040e9aa40}: 'java.lang.Object java.lang.invoke.DirectMethodHandle$Holder.invokeStatic(java.lang.Object, java.lang.Object, java.lang.Object, java.lang.Object, int)'> (0x0000000040e9aa40) 
thrown [src/hotspot/share/interpreter/linkResolver.cpp, line 772]
Event: 2.536 Thread 0x00007b186c02b240 Exception <a 'java/lang/NoSuchMethodError'{0x0000000040e95c48}: 'void java.lang.invoke.DelegatingMethodHandle$Holder.reinvoke_L(java.lang.Object, java.lang.Object, int)'> (0x0000000040e95c48) 
thrown [src/hotspot/share/interpreter/linkResolver.cpp, line 772]
Event: 2.537 Thread 0x00007b186c02b240 Exception <a 'java/lang/NoSuchMethodError'{0x0000000040e8c5a8}: 'int java.lang.invoke.DirectMethodHandle$Holder.invokeSpecial(java.lang.Object, java.lang.Object, java.lang.Object)'> (0x0000000040e8c5a8) 
thrown [src/hotspot/share/interpreter/linkResolver.cpp, line 772]
Event: 2.606 Thread 0x00007b186c02b240 Exception <a 'java/lang/NoSuchMethodError'{0x00000000413b6210}: 'void java.lang.invoke.DelegatingMethodHandle$Holder.reinvoke_L(java.lang.Object, java.lang.Object, int, int)'> (0x00000000413b6210) 
thrown [src/hotspot/share/interpreter/linkResolver.cpp, line 772]
Event: 2.674 Thread 0x00007b186c3e19b0 Exception <a 'java/lang/NoSuchMethodError'{0x0000000040d5b388}: 'java.lang.Object java.lang.invoke.DirectMethodHandle$Holder.invokeInterface(java.lang.Object, java.lang.Object)'> (0x0000000040d5b388) 
thrown [src/hotspot/share/interpreter/linkResolver.cpp, line 772]
Event: 3.628 Thread 0x00007b186c5d5150 Implicit null exception at 0x00007b185c68ae0e to 0x00007b185c68d3b4
Event: 3.628 Thread 0x00007b186c7b4f90 Implicit null exception at 0x00007b185c68ae0e to 0x00007b185c68d3b4
Event: 3.629 Thread 0x00007b186c5da630 Implicit null exception at 0x00007b185c68ae0e to 0x00007b185c68d3b4
Event: 3.629 Thread 0x00007b186c5d65f0 Implicit null exception at 0x00007b185c68ae0e to 0x00007b185c68d3b4
Event: 5.423 Thread 0x00007b186c3dd410 Implicit null exception at 0x00007b185c80e937 to 0x00007b185c80f5c4
Event: 5.423 Thread 0x00007b186c3dd410 Implicit null exception at 0x00007b185c7c4c3f to 0x00007b185c7c93e0
Event: 5.424 Thread 0x00007b186c3da800 Implicit null exception at 0x00007b185c80e937 to 0x00007b185c80f5c4

ZGC Phase Switch (0 events):
No events

VM Operations (20 events):
Event: 6.870 Executing VM operation: ThirdPartyHeapOperation
Event: 6.891 Executing VM operation: ThirdPartyHeapOperation done
Event: 6.894 Executing VM operation: ThirdPartyHeapOperation
Event: 6.959 Executing VM operation: ThirdPartyHeapOperation done
Event: 7.013 Executing VM operation: ThirdPartyHeapOperation
Event: 7.033 Executing VM operation: ThirdPartyHeapOperation done
Event: 7.038 Executing VM operation: ThirdPartyHeapOperation
Event: 7.102 Executing VM operation: ThirdPartyHeapOperation done
Event: 7.162 Executing VM operation: ThirdPartyHeapOperation
Event: 7.182 Executing VM operation: ThirdPartyHeapOperation done
Event: 7.185 Executing VM operation: ThirdPartyHeapOperation
Event: 7.237 Executing VM operation: ThirdPartyHeapOperation done
Event: 7.295 Executing VM operation: ThirdPartyHeapOperation
Event: 7.315 Executing VM operation: ThirdPartyHeapOperation done
Event: 7.318 Executing VM operation: ThirdPartyHeapOperation
Event: 7.362 Executing VM operation: ThirdPartyHeapOperation done
Event: 7.423 Executing VM operation: ThirdPartyHeapOperation
Event: 7.443 Executing VM operation: ThirdPartyHeapOperation done
Event: 7.447 Executing VM operation: ThirdPartyHeapOperation
Event: 7.500 Executing VM operation: ThirdPartyHeapOperation done

Memory protections (20 events):
Event: 5.397 Protecting memory [0x00006e6b34eed000,0x00006e6b34ef1000] with protection modes 0
Event: 5.397 Protecting memory [0x00006e6a53f00000,0x00006e6a53f04000] with protection modes 0
Event: 5.397 Protecting memory [0x00006e6b342ed000,0x00006e6b342f1000] with protection modes 0
Event: 5.397 Protecting memory [0x00006e6b349ed000,0x00006e6b349f1000] with protection modes 0
Event: 5.397 Protecting memory [0x00006e6a52f00000,0x00006e6a52f04000] with protection modes 0
Event: 5.397 Protecting memory [0x00006e6a53400000,0x00006e6a53404000] with protection modes 0
Event: 5.397 Protecting memory [0x00006e6a53300000,0x00006e6a53304000] with protection modes 0
Event: 5.397 Protecting memory [0x00006e6a53100000,0x00006e6a53104000] with protection modes 0
Event: 5.397 Protecting memory [0x00006e6b340ed000,0x00006e6b340f1000] with protection modes 0
Event: 5.397 Protecting memory [0x00006e6b34ded000,0x00006e6b34df1000] with protection modes 0
Event: 5.397 Protecting memory [0x00006e6a53a00000,0x00006e6a53a04000] with protection modes 0
Event: 5.397 Protecting memory [0x00006e6a53d00000,0x00006e6a53d04000] with protection modes 0
Event: 5.397 Protecting memory [0x00006e6a53900000,0x00006e6a53904000] with protection modes 0
Event: 5.397 Protecting memory [0x00006e6a53700000,0x00006e6a53704000] with protection modes 0
Event: 5.398 Protecting memory [0x00006e6b345ed000,0x00006e6b345f1000] with protection modes 0
Event: 5.426 Protecting memory [0x00006e6a53600000,0x00006e6a53604000] with protection modes 0
Event: 5.428 Protecting memory [0x00006e6b341ed000,0x00006e6b341f1000] with protection modes 0
Event: 5.429 Protecting memory [0x00006e6a53b00000,0x00006e6a53b04000] with protection modes 0
Event: 5.602 Protecting memory [0x00006e6a53b00000,0x00006e6a53b04000] with protection modes 0
Event: 6.983 Protecting memory [0x00006e6a53b00000,0x00006e6a53b04000] with protection modes 0

Nmethod flushes (0 events):
No events

Events (20 events):
Event: 5.397 Thread 0x00007b186c02b240 Thread added: 0x00007b186c7bcd20
Event: 5.397 Thread 0x00007b186c02b240 Thread added: 0x00007b186c7be1b0
Event: 5.397 Thread 0x00007b186c02b240 Thread added: 0x00007b186c065d20
Event: 5.397 Thread 0x00007b186c02b240 Thread added: 0x00007b186c3d6e30
Event: 5.397 Thread 0x00007b186c02b240 Thread added: 0x00007b186c3d7bf0
Event: 5.397 Thread 0x00007b186c02b240 Thread added: 0x00007b186c3d8aa0
Event: 5.397 Thread 0x00007b186c02b240 Thread added: 0x00007b186c3d9950
Event: 5.397 Thread 0x00007b186c02b240 Thread added: 0x00007b186c3da800
Event: 5.397 Thread 0x00007b186c02b240 Thread added: 0x00007b186c3db6b0
Event: 5.397 Thread 0x00007b186c02b240 Thread added: 0x00007b186c3dc560
Event: 5.397 Thread 0x00007b186c02b240 Thread added: 0x00007b186c3dd410
Event: 5.398 Thread 0x00007b186c02b240 Thread added: 0x00007b186c3de2c0
Event: 5.426 Thread 0x00007b186c5575f0 Thread added: 0x00006e6ab03fbf00
Event: 5.428 Thread 0x00007b186c5575f0 Thread added: 0x00006e6ab03fd880
Event: 5.429 Thread 0x00006e6ab03fbf00 Thread added: 0x00006e6a20003a70
Event: 5.596 Thread 0x00006e6a20003a70 Thread exited: 0x00006e6a20003a70
Event: 5.602 Thread 0x00007b186c54dc20 Thread added: 0x00006e6aac92cfd0
Event: 6.074 Thread 0x00006e6ab03fbf00 Thread exited: 0x00006e6ab03fbf00
Event: 6.692 Thread 0x00006e6aac92cfd0 Thread exited: 0x00006e6aac92cfd0
Event: 6.983 Thread 0x00006e6ab03fd880 Thread added: 0x00006e6a5800fe70


Dynamic libraries:
40000000-40400000 rw-p 00000000 00:00 0                                  [anon:mmtk:space:immix]
40400000-40800000 rw-p 00000000 00:00 0                                  [anon:mmtk:space:los]
40800000-41400000 rw-p 00000000 00:00 0                                  [anon:mmtk:space:immix]
41400000-41c00000 rw-p 00000000 00:00 0                                  [anon:mmtk:space:los]
41c00000-42400000 rw-p 00000000 00:00 0                                  [anon:mmtk:space:immix]
42400000-42800000 rw-p 00000000 00:00 0                                  [anon:mmtk:space:los]
42800000-42c00000 rw-p 00000000 00:00 0                                  [anon:mmtk:space:immix]
42c00000-43000000 rw-p 00000000 00:00 0                                  [anon:mmtk:space:los]
43000000-43800000 rw-p 00000000 00:00 0                                  [anon:mmtk:space:immix]
43800000-43c00000 rw-p 00000000 00:00 0                                  [anon:mmtk:space:los]
43c00000-44800000 rw-p 00000000 00:00 0                                  [anon:mmtk:space:immix]
44800000-44c00000 rw-p 00000000 00:00 0                                  [anon:mmtk:space:los]
44c00000-45000000 rw-p 00000000 00:00 0                                  [anon:mmtk:space:immix]
45000000-45400000 rw-p 00000000 00:00 0                                  [anon:mmtk:space:los]
45400000-45c00000 rw-p 00000000 00:00 0                                  [anon:mmtk:space:immix]
45c00000-46000000 rw-p 00000000 00:00 0                                  [anon:mmtk:space:los]
46000000-46400000 rw-p 00000000 00:00 0                                  [anon:mmtk:space:immix]
46400000-46800000 rw-p 00000000 00:00 0                                  [anon:mmtk:space:los]
46800000-46c00000 rw-p 00000000 00:00 0                                  [anon:mmtk:space:immix]
46c00000-47000000 rw-p 00000000 00:00 0                                  [anon:mmtk:space:los]
47000000-47800000 rw-p 00000000 00:00 0                                  [anon:mmtk:space:immix]
47800000-47c00000 rw-p 00000000 00:00 0                                  [anon:mmtk:space:los]
47c00000-48000000 rw-p 00000000 00:00 0                                  [anon:mmtk:space:immix]
48000000-48400000 rw-p 00000000 00:00 0                                  [anon:mmtk:space:los]
48400000-48c00000 rw-p 00000000 00:00 0                                  [anon:mmtk:space:immix]
48c00000-49000000 rw-p 00000000 00:00 0                                  [anon:mmtk:space:los]
49000000-49400000 rw-p 00000000 00:00 0                                  [anon:mmtk:space:immix]
49400000-49800000 rw-p 00000000 00:00 0                                  [anon:mmtk:space:los]
49800000-4a000000 rw-p 00000000 00:00 0                                  [anon:mmtk:space:immix]
4a000000-4a400000 rw-p 00000000 00:00 0                                  [anon:mmtk:space:los]
4a400000-4ac00000 rw-p 00000000 00:00 0                                  [anon:mmtk:space:immix]
4ac00000-4b000000 rw-p 00000000 00:00 0                                  [anon:mmtk:space:los]
4b000000-4b400000 rw-p 00000000 00:00 0                                  [anon:mmtk:space:immix]
4b400000-4b800000 rw-p 00000000 00:00 0                                  [anon:mmtk:space:los]
4b800000-4c000000 rw-p 00000000 00:00 0                                  [anon:mmtk:space:immix]
4c000000-4c400000 rw-p 00000000 00:00 0                                  [anon:mmtk:space:los]
4c400000-4c800000 rw-p 00000000 00:00 0                                  [anon:mmtk:space:immix]
4c800000-4cc00000 rw-p 00000000 00:00 0                                  [anon:mmtk:space:los]
4cc00000-4d400000 rw-p 00000000 00:00 0                                  [anon:mmtk:space:immix]
4d400000-4d800000 rw-p 00000000 00:00 0                                  [anon:mmtk:space:los]
4d800000-4dc00000 rw-p 00000000 00:00 0                                  [anon:mmtk:space:immix]
4dc00000-4e000000 rw-p 00000000 00:00 0                                  [anon:mmtk:space:los]
4e000000-4e800000 rw-p 00000000 00:00 0                                  [anon:mmtk:space:immix]
4e800000-4ec00000 rw-p 00000000 00:00 0                                  [anon:mmtk:space:los]
4ec00000-4f000000 rw-p 00000000 00:00 0                                  [anon:mmtk:space:immix]
4f000000-4f400000 rw-p 00000000 00:00 0                                  [anon:mmtk:space:los]
4f400000-4fc00000 rw-p 00000000 00:00 0                                  [anon:mmtk:space:immix]
4fc00000-50000000 rw-p 00000000 00:00 0                                  [anon:mmtk:space:los]
50000000-50400000 rw-p 00000000 00:00 0                                  [anon:mmtk:space:immix]
50400000-50800000 rw-p 00000000 00:00 0                                  [anon:mmtk:space:los]
50800000-51000000 rw-p 00000000 00:00 0                                  [anon:mmtk:space:immix]
51000000-51400000 rw-p 00000000 00:00 0                                  [anon:mmtk:space:los]
51400000-51800000 rw-p 00000000 00:00 0                                  [anon:mmtk:space:immix]
51800000-51c00000 rw-p 00000000 00:00 0                                  [anon:mmtk:space:los]
51c00000-52400000 rw-p 00000000 00:00 0                                  [anon:mmtk:space:immix]
52400000-52800000 rw-p 00000000 00:00 0                                  [anon:mmtk:space:los]
52800000-52c00000 rw-p 00000000 00:00 0                                  [anon:mmtk:space:immix]
52c00000-53000000 rw-p 00000000 00:00 0                                  [anon:mmtk:space:immix]
53000000-53400000 rw-p 00000000 00:00 0                                  [anon:mmtk:space:los]
53400000-57000000 rw-p 00000000 00:00 0                                  [anon:mmtk:space:los]
57000000-59000000 rw-p 00000000 00:00 0                                  [anon:mmtk:space:los]
59000000-5cc00000 rw-p 00000000 00:00 0                                  [anon:mmtk:space:los]
5cc00000-5f000000 rw-p 00000000 00:00 0                                  [anon:mmtk:space:los]
5f000000-62400000 rw-p 00000000 00:00 0                                  [anon:mmtk:space:los]
62400000-62c00000 rw-p 00000000 00:00 0                                  [anon:mmtk:space:los]
200000000000-2000c00c0000 rw-s 00000000 00:10 68                         anon_inode:bpf-map
64742120e000-64742120f000 r--p 00000000 fc:00 49676352                   /mydata/openjdk-mmtk/build/b0test/images/jdk/bin/java
64742120f000-647421210000 r-xp 00001000 fc:00 49676352                   /mydata/openjdk-mmtk/build/b0test/images/jdk/bin/java
647421210000-647421211000 r--p 00002000 fc:00 49676352                   /mydata/openjdk-mmtk/build/b0test/images/jdk/bin/java
647421211000-647421212000 r--p 00002000 fc:00 49676352                   /mydata/openjdk-mmtk/build/b0test/images/jdk/bin/java
647421212000-647421213000 rw-p 00003000 fc:00 49676352                   /mydata/openjdk-mmtk/build/b0test/images/jdk/bin/java
6474562e1000-647456329000 rw-p 00000000 00:00 0                          [heap]
6e69e8000000-6e69e8dbf000 rw-p 00000000 00:00 0 
6e69e8dbf000-6e69ec000000 ---p 00000000 00:00 0 
6e69f0000000-6e69f0ac8000 rw-p 00000000 00:00 0 
6e69f0ac8000-6e69f4000000 ---p 00000000 00:00 0 
6e69f4000000-6e69f4a3d000 rw-p 00000000 00:00 0 
6e69f4a3d000-6e69f8000000 ---p 00000000 00:00 0 
6e69f8000000-6e69f8f7a000 rw-p 00000000 00:00 0 
6e69f8f7a000-6e69fc000000 ---p 00000000 00:00 0 
6e69fc000000-6e69fc811000 rw-p 00000000 00:00 0 
6e69fc811000-6e6a00000000 ---p 00000000 00:00 0 
6e6a00000000-6e6a01081000 rw-p 00000000 00:00 0 
6e6a01081000-6e6a04000000 ---p 00000000 00:00 0 
6e6a04000000-6e6a04a48000 rw-p 00000000 00:00 0 
6e6a04a48000-6e6a08000000 ---p 00000000 00:00 0 
6e6a08000000-6e6a08021000 rw-p 00000000 00:00 0 
6e6a08021000-6e6a0c000000 ---p 00000000 00:00 0 
6e6a0c000000-6e6a0c035000 rw-p 00000000 00:00 0 
6e6a0c035000-6e6a10000000 ---p 00000000 00:00 0 
6e6a10000000-6e6a10021000 rw-p 00000000 00:00 0 
6e6a10021000-6e6a14000000 ---p 00000000 00:00 0 
6e6a14000000-6e6a14021000 rw-p 00000000 00:00 0 
6e6a14021000-6e6a18000000 ---p 00000000 00:00 0 
6e6a18000000-6e6a18021000 rw-p 00000000 00:00 0 
6e6a18021000-6e6a1c000000 ---p 00000000 00:00 0 
6e6a1c000000-6e6a1c023000 rw-p 00000000 00:00 0 
6e6a1c023000-6e6a20000000 ---p 00000000 00:00 0 
6e6a20000000-6e6a20021000 rw-p 00000000 00:00 0 
6e6a20021000-6e6a24000000 ---p 00000000 00:00 0 
6e6a24000000-6e6a24021000 rw-p 00000000 00:00 0 
6e6a24021000-6e6a28000000 ---p 00000000 00:00 0 
6e6a28000000-6e6a28021000 rw-p 00000000 00:00 0 
6e6a28021000-6e6a2c000000 ---p 00000000 00:00 0 
6e6a2c000000-6e6a2c021000 rw-p 00000000 00:00 0 
6e6a2c021000-6e6a30000000 ---p 00000000 00:00 0 
6e6a30000000-6e6a30041000 rw-p 00000000 00:00 0 
6e6a30041000-6e6a34000000 ---p 00000000 00:00 0 
6e6a34000000-6e6a34023000 rw-p 00000000 00:00 0 
6e6a34023000-6e6a38000000 ---p 00000000 00:00 0 
6e6a38000000-6e6a38021000 rw-p 00000000 00:00 0 
6e6a38021000-6e6a3c000000 ---p 00000000 00:00 0 
6e6a3c000000-6e6a3c12f000 rw-p 00000000 00:00 0 
6e6a3c12f000-6e6a40000000 ---p 00000000 00:00 0 
6e6a40000000-6e6a40021000 rw-p 00000000 00:00 0 
6e6a40021000-6e6a44000000 ---p 00000000 00:00 0 
6e6a44000000-6e6a4402d000 rw-p 00000000 00:00 0 
6e6a4402d000-6e6a48000000 ---p 00000000 00:00 0 
6e6a48000000-6e6a48021000 rw-p 00000000 00:00 0 
6e6a48021000-6e6a4c000000 ---p 00000000 00:00 0 
6e6a4c000000-6e6a4c049000 rw-p 00000000 00:00 0 
6e6a4c049000-6e6a50000000 ---p 00000000 00:00 0 
6e6a52a00000-6e6a52a04000 ---p 00000000 00:00 0 
6e6a52a04000-6e6a52b00000 rw-p 00000000 00:00 0 
6e6a52b00000-6e6a52b04000 ---p 00000000 00:00 0 
6e6a52b04000-6e6a52c00000 rw-p 00000000 00:00 0 
6e6a52c00000-6e6a52c04000 ---p 00000000 00:00 0 
6e6a52c04000-6e6a52d00000 rw-p 00000000 00:00 0 
6e6a52d00000-6e6a52d04000 ---p 00000000 00:00 0 
6e6a52d04000-6e6a52e00000 rw-p 00000000 00:00 0 
6e6a52e00000-6e6a52e04000 ---p 00000000 00:00 0 
6e6a52e04000-6e6a52f00000 rw-p 00000000 00:00 0 
6e6a52f00000-6e6a52f04000 ---p 00000000 00:00 0 
6e6a52f04000-6e6a53000000 rw-p 00000000 00:00 0 
6e6a53000000-6e6a53004000 ---p 00000000 00:00 0 
6e6a53004000-6e6a53100000 rw-p 00000000 00:00 0 
6e6a53100000-6e6a53104000 ---p 00000000 00:00 0 
6e6a53104000-6e6a53200000 rw-p 00000000 00:00 0 
6e6a53200000-6e6a53204000 ---p 00000000 00:00 0 
6e6a53204000-6e6a53300000 rw-p 00000000 00:00 0 
6e6a53300000-6e6a53304000 ---p 00000000 00:00 0 
6e6a53304000-6e6a53400000 rw-p 00000000 00:00 0 
6e6a53400000-6e6a53404000 ---p 00000000 00:00 0 
6e6a53404000-6e6a53500000 rw-p 00000000 00:00 0 
6e6a53500000-6e6a53504000 ---p 00000000 00:00 0 
6e6a53504000-6e6a53600000 rw-p 00000000 00:00 0 
6e6a53600000-6e6a53604000 ---p 00000000 00:00 0 
6e6a53604000-6e6a53700000 rw-p 00000000 00:00 0 
6e6a53700000-6e6a53704000 ---p 00000000 00:00 0 
6e6a53704000-6e6a53800000 rw-p 00000000 00:00 0 
6e6a53800000-6e6a53804000 ---p 00000000 00:00 0 
6e6a53804000-6e6a53900000 rw-p 00000000 00:00 0 
6e6a53900000-6e6a53904000 ---p 00000000 00:00 0 
6e6a53904000-6e6a53a00000 rw-p 00000000 00:00 0 
6e6a53a00000-6e6a53a04000 ---p 00000000 00:00 0 
6e6a53a04000-6e6a53b00000 rw-p 00000000 00:00 0 
6e6a53b00000-6e6a53b04000 ---p 00000000 00:00 0 
6e6a53b04000-6e6a53c00000 rw-p 00000000 00:00 0 
6e6a53c00000-6e6a53c04000 ---p 00000000 00:00 0 
6e6a53c04000-6e6a53d00000 rw-p 00000000 00:00 0 
6e6a53d00000-6e6a53d04000 ---p 00000000 00:00 0 
6e6a53d04000-6e6a53e00000 rw-p 00000000 00:00 0 
6e6a53e00000-6e6a53e04000 ---p 00000000 00:00 0 
6e6a53e04000-6e6a53f00000 rw-p 00000000 00:00 0 
6e6a53f00000-6e6a53f04000 ---p 00000000 00:00 0 
6e6a53f04000-6e6a54000000 rw-p 00000000 00:00 0 
6e6a54000000-6e6a54023000 rw-p 00000000 00:00 0 
6e6a54023000-6e6a58000000 ---p 00000000 00:00 0 
6e6a58000000-6e6a58411000 rw-p 00000000 00:00 0 
6e6a58411000-6e6a5c000000 ---p 00000000 00:00 0 
6e6a5c000000-6e6a5c021000 rw-p 00000000 00:00 0 
6e6a5c021000-6e6a60000000 ---p 00000000 00:00 0 
6e6a60000000-6e6a60052000 rw-p 00000000 00:00 0 
6e6a60052000-6e6a64000000 ---p 00000000 00:00 0 
6e6a64000000-6e6a64021000 rw-p 00000000 00:00 0 
6e6a64021000-6e6a68000000 ---p 00000000 00:00 0 
6e6a68000000-6e6a68021000 rw-p 00000000 00:00 0 
6e6a68021000-6e6a6c000000 ---p 00000000 00:00 0 
6e6a6c000000-6e6a6c027000 rw-p 00000000 00:00 0 
6e6a6c027000-6e6a70000000 ---p 00000000 00:00 0 
6e6a70000000-6e6a70021000 rw-p 00000000 00:00 0 
6e6a70021000-6e6a74000000 ---p 00000000 00:00 0 
6e6a74000000-6e6a7405d000 rw-p 00000000 00:00 0 
6e6a7405d000-6e6a78000000 ---p 00000000 00:00 0 
6e6a78000000-6e6a78021000 rw-p 00000000 00:00 0 
6e6a78021000-6e6a7c000000 ---p 00000000 00:00 0 
6e6a7c000000-6e6a7c06b000 rw-p 00000000 00:00 0 
6e6a7c06b000-6e6a80000000 ---p 00000000 00:00 0 
6e6a80000000-6e6a80025000 rw-p 00000000 00:00 0 
6e6a80025000-6e6a84000000 ---p 00000000 00:00 0 
6e6a84000000-6e6a84023000 rw-p 00000000 00:00 0 
6e6a84023000-6e6a88000000 ---p 00000000 00:00 0 
6e6a88000000-6e6a88023000 rw-p 00000000 00:00 0 
6e6a88023000-6e6a8c000000 ---p 00000000 00:00 0 
6e6a8c000000-6e6a8c293000 rw-p 00000000 00:00 0 
6e6a8c293000-6e6a90000000 ---p 00000000 00:00 0 
6e6a90000000-6e6a90d4e000 rw-p 00000000 00:00 0 
6e6a90d4e000-6e6a94000000 ---p 00000000 00:00 0 
6e6a94000000-6e6a942a8000 rw-p 00000000 00:00 0 
6e6a942a8000-6e6a98000000 ---p 00000000 00:00 0 
6e6a98000000-6e6a982f6000 rw-p 00000000 00:00 0 
6e6a982f6000-6e6a9c000000 ---p 00000000 00:00 0 
6e6a9c000000-6e6a9c021000 rw-p 00000000 00:00 0 
6e6a9c021000-6e6aa0000000 ---p 00000000 00:00 0 
6e6aa0000000-6e6aa0a30000 rw-p 00000000 00:00 0 
6e6aa0a30000-6e6aa4000000 ---p 00000000 00:00 0 
6e6aa4000000-6e6aa42a7000 rw-p 00000000 00:00 0 
6e6aa42a7000-6e6aa8000000 ---p 00000000 00:00 0 
6e6aa8000000-6e6aa8021000 rw-p 00000000 00:00 0 
6e6aa8021000-6e6aac000000 ---p 00000000 00:00 0 
6e6aac000000-6e6aac93e000 rw-p 00000000 00:00 0 
6e6aac93e000-6e6ab0000000 ---p 00000000 00:00 0 
6e6ab0000000-6e6ab0402000 rw-p 00000000 00:00 0 
6e6ab0402000-6e6ab4000000 ---p 00000000 00:00 0 
6e6ab4000000-6e6ab4021000 rw-p 00000000 00:00 0 
6e6ab4021000-6e6ab8000000 ---p 00000000 00:00 0 
6e6ab8000000-6e6ab8021000 rw-p 00000000 00:00 0 
6e6ab8021000-6e6abc000000 ---p 00000000 00:00 0 
6e6abc000000-6e6abc09a000 rw-p 00000000 00:00 0 
6e6abc09a000-6e6ac0000000 ---p 00000000 00:00 0 
6e6ac0000000-6e6ac0021000 rw-p 00000000 00:00 0 
6e6ac0021000-6e6ac4000000 ---p 00000000 00:00 0 
6e6ac4000000-6e6ac40cf000 rw-p 00000000 00:00 0 
6e6ac40cf000-6e6ac8000000 ---p 00000000 00:00 0 
6e6ac8000000-6e6ac809a000 rw-p 00000000 00:00 0 
6e6ac809a000-6e6acc000000 ---p 00000000 00:00 0 
6e6acc000000-6e6acc120000 rw-p 00000000 00:00 0 
6e6acc120000-6e6ad0000000 ---p 00000000 00:00 0 
6e6ad0000000-6e6ad00dd000 rw-p 00000000 00:00 0 
6e6ad00dd000-6e6ad4000000 ---p 00000000 00:00 0 
6e6ad4000000-6e6ad40f2000 rw-p 00000000 00:00 0 
6e6ad40f2000-6e6ad8000000 ---p 00000000 00:00 0 
6e6ad8000000-6e6ad80ab000 rw-p 00000000 00:00 0 
6e6ad80ab000-6e6adc000000 ---p 00000000 00:00 0 
6e6adc000000-6e6adc157000 rw-p 00000000 00:00 0 
6e6adc157000-6e6ae0000000 ---p 00000000 00:00 0 
6e6ae0000000-6e6ae0055000 rw-p 00000000 00:00 0 
6e6ae0055000-6e6ae4000000 ---p 00000000 00:00 0 
6e6ae4000000-6e6ae40db000 rw-p 00000000 00:00 0 
6e6ae40db000-6e6ae8000000 ---p 00000000 00:00 0 
6e6ae8000000-6e6ae8044000 rw-p 00000000 00:00 0 
6e6ae8044000-6e6aec000000 ---p 00000000 00:00 0 
6e6aec000000-6e6aec102000 rw-p 00000000 00:00 0 
6e6aec102000-6e6af0000000 ---p 00000000 00:00 0 
6e6af0000000-6e6af015c000 rw-p 00000000 00:00 0 
6e6af015c000-6e6af4000000 ---p 00000000 00:00 0 
6e6af4000000-6e6af41a2000 rw-p 00000000 00:00 0 
6e6af41a2000-6e6af8000000 ---p 00000000 00:00 0 
6e6af8000000-6e6af810e000 rw-p 00000000 00:00 0 
6e6af810e000-6e6afc000000 ---p 00000000 00:00 0 
6e6afc000000-6e6afc0a2000 rw-p 00000000 00:00 0 
6e6afc0a2000-6e6b00000000 ---p 00000000 00:00 0 
6e6b00000000-6e6b000ce000 rw-p 00000000 00:00 0 
6e6b000ce000-6e6b04000000 ---p 00000000 00:00 0 
6e6b04000000-6e6b040a9000 rw-p 00000000 00:00 0 
6e6b040a9000-6e6b08000000 ---p 00000000 00:00 0 
6e6b08000000-6e6b0809a000 rw-p 00000000 00:00 0 
6e6b0809a000-6e6b0c000000 ---p 00000000 00:00 0 
6e6b0c000000-6e6b0c161000 rw-p 00000000 00:00 0 
6e6b0c161000-6e6b10000000 ---p 00000000 00:00 0 
6e6b10000000-6e6b10099000 rw-p 00000000 00:00 0 
6e6b10099000-6e6b14000000 ---p 00000000 00:00 0 
6e6b14000000-6e6b140f5000 rw-p 00000000 00:00 0 
6e6b140f5000-6e6b18000000 ---p 00000000 00:00 0 
6e6b18000000-6e6b180a9000 rw-p 00000000 00:00 0 
6e6b180a9000-6e6b1c000000 ---p 00000000 00:00 0 
6e6b1c000000-6e6b1c021000 rw-p 00000000 00:00 0 
6e6b1c021000-6e6b20000000 ---p 00000000 00:00 0 
6e6b20000000-6e6b20021000 rw-p 00000000 00:00 0 
6e6b20021000-6e6b24000000 ---p 00000000 00:00 0 
6e6b24000000-6e6b24021000 rw-p 00000000 00:00 0 
6e6b24021000-6e6b28000000 ---p 00000000 00:00 0 
6e6b28000000-6e6b28021000 rw-p 00000000 00:00 0 
6e6b28021000-6e6b2c000000 ---p 00000000 00:00 0 
6e6b2c000000-6e6b2c280000 rw-p 00000000 00:00 0 
6e6b2c280000-6e6b2c400000 ---p 00000000 00:00 0 
6e6b2c400000-6e6b2c8e0000 rw-p 00000000 00:00 0 
6e6b2c8e0000-6e6b30000000 ---p 00000000 00:00 0 
6e6b30000000-6e6b30021000 rw-p 00000000 00:00 0 
6e6b30021000-6e6b34000000 ---p 00000000 00:00 0 
6e6b340ed000-6e6b340f1000 ---p 00000000 00:00 0 
6e6b340f1000-6e6b341ed000 rw-p 00000000 00:00 0 
6e6b341ed000-6e6b341f1000 ---p 00000000 00:00 0 
6e6b341f1000-6e6b342ed000 rw-p 00000000 00:00 0 
6e6b342ed000-6e6b342f1000 ---p 00000000 00:00 0 
6e6b342f1000-6e6b343ed000 rw-p 00000000 00:00 0 
6e6b343ed000-6e6b343f1000 ---p 00000000 00:00 0 
6e6b343f1000-6e6b344ed000 rw-p 00000000 00:00 0 
6e6b344ed000-6e6b344f1000 ---p 00000000 00:00 0 
6e6b344f1000-6e6b345ed000 rw-p 00000000 00:00 0 
6e6b345ed000-6e6b345f1000 ---p 00000000 00:00 0 
6e6b345f1000-6e6b346ed000 rw-p 00000000 00:00 0 
6e6b346ed000-6e6b346f1000 ---p 00000000 00:00 0 
6e6b346f1000-6e6b347ed000 rw-p 00000000 00:00 0 
6e6b347ed000-6e6b347f1000 ---p 00000000 00:00 0 
6e6b347f1000-6e6b348ed000 rw-p 00000000 00:00 0 
6e6b348ed000-6e6b348f1000 ---p 00000000 00:00 0 
6e6b348f1000-6e6b349ed000 rw-p 00000000 00:00 0 
6e6b349ed000-6e6b349f1000 ---p 00000000 00:00 0 
6e6b349f1000-6e6b34aed000 rw-p 00000000 00:00 0 
6e6b34aed000-6e6b34af1000 ---p 00000000 00:00 0 
6e6b34af1000-6e6b34bed000 rw-p 00000000 00:00 0 
6e6b34bed000-6e6b34bf1000 ---p 00000000 00:00 0 
6e6b34bf1000-6e6b34ced000 rw-p 00000000 00:00 0 
6e6b34ced000-6e6b34cf1000 ---p 00000000 00:00 0 
6e6b34cf1000-6e6b34ded000 rw-p 00000000 00:00 0 
6e6b34ded000-6e6b34df1000 ---p 00000000 00:00 0 
6e6b34df1000-6e6b34eed000 rw-p 00000000 00:00 0 
6e6b34eed000-6e6b34ef1000 ---p 00000000 00:00 0 
6e6b34ef1000-6e6b34fed000 rw-p 00000000 00:00 0 
6e6b34fed000-6e6b34ff1000 ---p 00000000 00:00 0 
6e6b34ff1000-6e6b350ed000 rw-p 00000000 00:00 0 
6e6b353ed000-6e6b353f1000 ---p 00000000 00:00 0 
6e6b353f1000-6e6b354ed000 rw-p 00000000 00:00 0 
6e6b354ed000-6e6b354f1000 ---p 00000000 00:00 0 
6e6b354f1000-6e6b355ed000 rw-p 00000000 00:00 0 
6e6b355ed000-6e6b355f1000 ---p 00000000 00:00 0 
6e6b355f1000-6e6b356ed000 rw-p 00000000 00:00 0 
6e6b356ed000-6e6b356f1000 ---p 00000000 00:00 0 
6e6b356f1000-6e6b357ed000 rw-p 00000000 00:00 0 
6e6b357ed000-6e6b357f1000 ---p 00000000 00:00 0 
6e6b357f1000-6e6b358ed000 rw-p 00000000 00:00 0 
6e6b358ed000-6e6b358f1000 ---p 00000000 00:00 0 
6e6b358f1000-6e6b359ed000 rw-p 00000000 00:00 0 
6e6b359ed000-6e6b359f1000 ---p 00000000 00:00 0 
6e6b359f1000-6e6b35aed000 rw-p 00000000 00:00 0 
6e6b35aed000-6e6b35af1000 ---p 00000000 00:00 0 
6e6b35af1000-6e6b35bed000 rw-p 00000000 00:00 0 
6e6b35bed000-6e6b35bf1000 ---p 00000000 00:00 0 
6e6b35bf1000-6e6b35ced000 rw-p 00000000 00:00 0 
6e6b35ced000-6e6b35cee000 ---p 00000000 00:00 0 
6e6b35cee000-6e6b35dee000 rw-p 00000000 00:00 0 
6e6b35dee000-6e6b35def000 ---p 00000000 00:00 0 
6e6b35def000-6e6b35eef000 rw-p 00000000 00:00 0 
6e6b35eef000-6e6b35ef0000 ---p 00000000 00:00 0 
6e6b35ef0000-6e6b35ff0000 rw-p 00000000 00:00 0 
6e6b35ff0000-6e6b35ff1000 ---p 00000000 00:00 0 
6e6b35ff1000-6e6b360f1000 rw-p 00000000 00:00 0 
6e6b360f1000-6e6b360f2000 ---p 00000000 00:00 0 
6e6b360f2000-6e6b361f2000 rw-p 00000000 00:00 0 
6e6b361f2000-6e6b361f3000 ---p 00000000 00:00 0 
6e6b361f3000-6e6b362f3000 rw-p 00000000 00:00 0 
6e6b362f3000-6e6b362f4000 ---p 00000000 00:00 0 
6e6b362f4000-6e6b363f4000 rw-p 00000000 00:00 0 
6e6b363f4000-6e6b363f5000 ---p 00000000 00:00 0 
6e6b363f5000-6e6b364f5000 rw-p 00000000 00:00 0 
6e6b364f5000-6e6b364f6000 ---p 00000000 00:00 0 
6e6b364f6000-6e6b365f6000 rw-p 00000000 00:00 0 
6e6b365f6000-6e6b365f7000 ---p 00000000 00:00 0 
6e6b365f7000-6e6b366f7000 rw-p 00000000 00:00 0 
6e6b366f7000-6e6b366f8000 ---p 00000000 00:00 0 
6e6b366f8000-6e6b367f8000 rw-p 00000000 00:00 0 
6e6b367f8000-6e6b367f9000 ---p 00000000 00:00 0 
6e6b367f9000-6e6b368f9000 rw-p 00000000 00:00 0 
6e6b368f9000-6e6b368fa000 ---p 00000000 00:00 0 
6e6b368fa000-6e6b369fa000 rw-p 00000000 00:00 0 
6e6b369fa000-6e6b369fb000 ---p 00000000 00:00 0 
6e6b369fb000-6e6b36afb000 rw-p 00000000 00:00 0 
6e6b36afb000-6e6b36afc000 ---p 00000000 00:00 0 
6e6b36afc000-6e6b36bfc000 rw-p 00000000 00:00 0 
6e6b36bfc000-6e6b36bfd000 ---p 00000000 00:00 0 
6e6b36bfd000-6e6b36cfd000 rw-p 00000000 00:00 0 
6e6b36cfd000-6e6b36cfe000 ---p 00000000 00:00 0 
6e6b36cfe000-6e6b36dfe000 rw-p 00000000 00:00 0 
6e6b36dfe000-6e6b36dff000 ---p 00000000 00:00 0 
6e6b36dff000-6e6b36eff000 rw-p 00000000 00:00 0 
6e6b36eff000-6e6b36f00000 ---p 00000000 00:00 0 
6e6b36f00000-6e6b37000000 rw-p 00000000 00:00 0 
6e6b37000000-6e6b37ca3000 rw-p 00001000 fc:00 49677059                   /mydata/openjdk-mmtk/build/b0test/images/jdk/lib/server/classes.jsa
6e6b37ca3000-6e6b38000000 ---p 00000000 00:00 0 
6e6b38000000-6e6b38040000 rw-p 00000000 00:00 0 
6e6b38040000-6e6b38110000 rw-p 00000000 00:00 0 
6e6b38110000-6e6b78000000 ---p 00000000 00:00 0 
6e6b78000000-6e6b78021000 rw-p 00000000 00:00 0 
6e6b78021000-6e6b7c000000 ---p 00000000 00:00 0 
6e6b7c02b000-6e6b7c030000 r--p 00000000 fc:00 49676433                   /mydata/openjdk-mmtk/build/b0test/images/jdk/lib/libjsvml.so
6e6b7c030000-6e6b7c071000 r-xp 00005000 fc:00 49676433                   /mydata/openjdk-mmtk/build/b0test/images/jdk/lib/libjsvml.so
6e6b7c071000-6e6b7c0fa000 r--p 00046000 fc:00 49676433                   /mydata/openjdk-mmtk/build/b0test/images/jdk/lib/libjsvml.so
6e6b7c0fa000-6e6b7c0fb000 r--p 000ce000 fc:00 49676433                   /mydata/openjdk-mmtk/build/b0test/images/jdk/lib/libjsvml.so
6e6b7c0fb000-6e6b7c0fc000 rw-p 000cf000 fc:00 49676433                   /mydata/openjdk-mmtk/build/b0test/images/jdk/lib/libjsvml.so
6e6b7c0fc000-6e6b7c0fd000 ---p 00000000 00:00 0 
6e6b7c0fd000-6e6b7c1fd000 rw-p 00000000 00:00 0 
6e6b7c1fd000-6e6b7c1fe000 ---p 00000000 00:00 0 
6e6b7c1fe000-6e6b7c2fe000 rw-p 00000000 00:00 0 
6e6b7c2fe000-6e6b7c2ff000 ---p 00000000 00:00 0 
6e6b7c2ff000-6e6b7c3ff000 rw-p 00000000 00:00 0 
6e6b7c3ff000-6e6b7c400000 ---p 00000000 00:00 0 
6e6b7c400000-6e6b7c500000 rw-p 00000000 00:00 0 
6e6b7c500000-6e6b7c504000 ---p 00000000 00:00 0 
6e6b7c504000-6e6b7c600000 rw-p 00000000 00:00 0 
6e6b7c600000-6e6b7c8eb000 r--p 00000000 08:03 1410552                    /usr/lib/locale/locale-archive
6e6b7c8ff000-6e6b7c903000 ---p 00000000 00:00 0 
6e6b7c903000-6e6b7c9ff000 rw-p 00000000 00:00 0 
6e6b7c9ff000-6e6b7d000000 rw-p 00000000 00:00 0 
6e6b7d000000-6e6b80000000 rw-p 00000000 00:00 0 
6e6b80000000-6e6b8000c000 r--p 00000000 fc:00 13107820                   /mydata/gc-bpf-fault/shim/libgcbpf.so
6e6b8000c000-6e6b8006e000 r-xp 0000c000 fc:00 13107820                   /mydata/gc-bpf-fault/shim/libgcbpf.so
6e6b8006e000-6e6b802de000 r--p 0006e000 fc:00 13107820                   /mydata/gc-bpf-fault/shim/libgcbpf.so
6e6b802de000-6e6b802e0000 r--p 002de000 fc:00 13107820                   /mydata/gc-bpf-fault/shim/libgcbpf.so
6e6b802e0000-6e6b802e1000 rw-p 002e0000 fc:00 13107820                   /mydata/gc-bpf-fault/shim/libgcbpf.so
6e6b802e1000-6e6b802e2000 rw-p 00000000 00:00 0 
6e6b802fc000-6e6b80300000 ---p 00000000 00:00 0 
6e6b80300000-6e6b803fc000 rw-p 00000000 00:00 0 
6e6b803fc000-6e6bb0400000 rw-p 00000000 00:00 0 
6e6bb0400000-6e6bb1400000 ---p 00000000 00:00 0                          [anon:mmtk:sidemeta:all:all-quarantined]
6e6bb1400000-6e6bb1c00000 rw-p 00000000 00:00 0                          [anon:mmtk:sidemeta:immix:VO_BIT]
6e6bb1c00000-6e6bb2000000 rw-p 00000000 00:00 0                          [anon:mmtk:sidemeta:los:VO_BIT]
6e6bb2000000-706bb2400000 ---p 00000000 00:00 0                          [anon:mmtk:sidemeta:all:all-quarantined]
706bb2400000-706bb2800000 rw-p 00000000 00:00 0                          [anon:mmtk:sidemeta:immix:CHUNK_MARK]
706bb2800000-706bb5400000 ---p 00000000 00:00 0                          [anon:mmtk:sidemeta:all:all-quarantined]
706bb5400000-706bb5c00000 rw-p 00000000 00:00 0                          [anon:mmtk:sidemeta:immix:VMGlobalLogBitSpec]
706bb5c00000-706bb6000000 rw-p 00000000 00:00 0                          [anon:mmtk:sidemeta:los:VMGlobalLogBitSpec]
706bb6000000-7273b4800000 ---p 00000000 00:00 0                          [anon:mmtk:sidemeta:all:all-quarantined]
7273b4800000-7273b4c00000 rw-p 00000000 00:00 0                          [anon:mmtk:sidemeta:immix:IX_LINE_MARK]
7273b4c00000-72f3b4400000 ---p 00000000 00:00 0                          [anon:mmtk:sidemeta:all:all-quarantined]
72f3b4400000-72f3b4800000 rw-p 00000000 00:00 0                          [anon:mmtk:sidemeta:immix:IX_BLOCK_DEFRAG]
72f3b4800000-72f4b4400000 ---p 00000000 00:00 0                          [anon:mmtk:sidemeta:all:all-quarantined]
72f4b4400000-72f4b4800000 rw-p 00000000 00:00 0                          [anon:mmtk:sidemeta:immix:IX_BLOCK_MARK]
72f4b4800000-791634400000 ---p 00000000 00:00 0                          [anon:mmtk:sidemeta:all:all-quarantined]
791634400000-791634800000 rw-p 00000000 00:00 0                          [anon:mmtk:sidemeta:los:VMLocalLOSMarkNurserySpec]
791634800000-791835400000 ---p 00000000 00:00 0                          [anon:mmtk:sidemeta:all:all-quarantined]
791835400000-791835c00000 rw-p 00000000 00:00 0                          [anon:mmtk:sidemeta:immix:VMLocalMarkBitSpec]
791835c00000-7b1834400000 ---p 00000000 00:00 0                          [anon:mmtk:sidemeta:all:all-quarantined]
7b1834442000-7b1834443000 ---p 00000000 00:00 0 
7b1834443000-7b1834543000 rw-p 00000000 00:00 0 
7b1834543000-7b1834544000 ---p 00000000 00:00 0 
7b1834544000-7b1834644000 rw-p 00000000 00:00 0 
7b1834644000-7b1834645000 ---p 00000000 00:00 0 
7b1834645000-7b1834745000 rw-p 00000000 00:00 0 
7b1834745000-7b1834749000 r--p 00000000 08:03 1410107                    /usr/lib/x86_64-linux-gnu/libzstd.so.1.5.5
7b1834749000-7b18347f0000 r-xp 00004000 08:03 1410107                    /usr/lib/x86_64-linux-gnu/libzstd.so.1.5.5
7b18347f0000-7b18347fd000 r--p 000ab000 08:03 1410107                    /usr/lib/x86_64-linux-gnu/libzstd.so.1.5.5
7b18347fd000-7b18347fe000 r--p 000b7000 08:03 1410107                    /usr/lib/x86_64-linux-gnu/libzstd.so.1.5.5
7b18347fe000-7b18347ff000 rw-p 000b8000 08:03 1410107                    /usr/lib/x86_64-linux-gnu/libzstd.so.1.5.5
7b18347ff000-7b1854800000 rw-p 00000000 00:00 0 
7b1854800000-7b1854f80000 rwxp 00000000 00:00 0 
7b1854f80000-7b185bc17000 ---p 00000000 00:00 0 
7b185bc17000-7b185bfa7000 rwxp 00000000 00:00 0 
7b185bfa7000-7b185c3e8000 ---p 00000000 00:00 0 
7b185c3e8000-7b185c8a8000 rwxp 00000000 00:00 0 
7b185c8a8000-7b1863800000 ---p 00000000 00:00 0 
7b1863800000-7b186bfa0000 r--s 00000000 fc:00 49676300                   /mydata/openjdk-mmtk/build/b0test/images/jdk/lib/modules
7b186c000000-7b186c7c9000 rw-p 00000000 00:00 0 
7b186c7c9000-7b1870000000 ---p 00000000 00:00 0 
7b187002e000-7b1870038000 rw-p 00000000 00:00 0 
7b1870038000-7b1870117000 ---p 00000000 00:00 0 
7b1870117000-7b1870126000 rw-p 00000000 00:00 0 
7b1870126000-7b1870200000 ---p 00000000 00:00 0 
7b1870200000-7b187034b000 r--p 00000000 fc:00 49676390                   /mydata/openjdk-mmtk/build/b0test/images/jdk/lib/server/libmmtk_openjdk.so
7b187034b000-7b18705d0000 r-xp 0014a000 fc:00 49676390                   /mydata/openjdk-mmtk/build/b0test/images/jdk/lib/server/libmmtk_openjdk.so
7b18705d0000-7b1870611000 r--p 003ce000 fc:00 49676390                   /mydata/openjdk-mmtk/build/b0test/images/jdk/lib/server/libmmtk_openjdk.so
7b1870611000-7b1870614000 rw-p 0040e000 fc:00 49676390                   /mydata/openjdk-mmtk/build/b0test/images/jdk/lib/server/libmmtk_openjdk.so
7b1870614000-7b1870616000 rw-p 00000000 00:00 0 
7b1870617000-7b187061b000 ---p 00000000 00:00 0 
7b187061b000-7b1870717000 rw-p 00000000 00:00 0 
7b1870717000-7b1870727000 r--p 00000000 08:03 1411099                    /usr/lib/x86_64-linux-gnu/libm.so.6
7b1870727000-7b18707a6000 r-xp 00010000 08:03 1411099                    /usr/lib/x86_64-linux-gnu/libm.so.6
7b18707a6000-7b18707fe000 r--p 0008f000 08:03 1411099                    /usr/lib/x86_64-linux-gnu/libm.so.6
7b18707fe000-7b18707ff000 r--p 000e7000 08:03 1411099                    /usr/lib/x86_64-linux-gnu/libm.so.6
7b18707ff000-7b1870800000 rw-p 000e8000 08:03 1411099                    /usr/lib/x86_64-linux-gnu/libm.so.6
7b1870800000-7b1870aa9000 r--p 00000000 fc:00 49676389                   /mydata/openjdk-mmtk/build/b0test/images/jdk/lib/server/libjvm.so
7b1870aa9000-7b187193c000 r-xp 002a9000 fc:00 49676389                   /mydata/openjdk-mmtk/build/b0test/images/jdk/lib/server/libjvm.so
7b187193c000-7b1871c20000 r--p 0113c000 fc:00 49676389                   /mydata/openjdk-mmtk/build/b0test/images/jdk/lib/server/libjvm.so
7b1871c20000-7b1871cf6000 r--p 0141f000 fc:00 49676389                   /mydata/openjdk-mmtk/build/b0test/images/jdk/lib/server/libjvm.so
7b1871cf6000-7b1871d26000 rw-p 014f5000 fc:00 49676389                   /mydata/openjdk-mmtk/build/b0test/images/jdk/lib/server/libjvm.so
7b1871d26000-7b1871d8c000 rw-p 00000000 00:00 0 
7b1871dcf000-7b1871dd3000 r--p 00000000 fc:00 49676379                   /mydata/openjdk-mmtk/build/b0test/images/jdk/lib/libverify.so
7b1871dd3000-7b1871dda000 r-xp 00004000 fc:00 49676379                   /mydata/openjdk-mmtk/build/b0test/images/jdk/lib/libverify.so
7b1871dda000-7b1871ddc000 r--p 0000b000 fc:00 49676379                   /mydata/openjdk-mmtk/build/b0test/images/jdk/lib/libverify.so
7b1871ddc000-7b1871dde000 r--p 0000c000 fc:00 49676379                   /mydata/openjdk-mmtk/build/b0test/images/jdk/lib/libverify.so
7b1871dde000-7b1871ddf000 rw-p 0000e000 fc:00 49676379                   /mydata/openjdk-mmtk/build/b0test/images/jdk/lib/libverify.so
7b1871ddf000-7b1871de1000 r--p 00000000 fc:00 49676380                   /mydata/openjdk-mmtk/build/b0test/images/jdk/lib/libzip.so
7b1871de1000-7b1871de6000 r-xp 00002000 fc:00 49676380                   /mydata/openjdk-mmtk/build/b0test/images/jdk/lib/libzip.so
7b1871de6000-7b1871de8000 r--p 00007000 fc:00 49676380                   /mydata/openjdk-mmtk/build/b0test/images/jdk/lib/libzip.so
7b1871de8000-7b1871de9000 r--p 00008000 fc:00 49676380                   /mydata/openjdk-mmtk/build/b0test/images/jdk/lib/libzip.so
7b1871de9000-7b1871dea000 rw-p 00009000 fc:00 49676380                   /mydata/openjdk-mmtk/build/b0test/images/jdk/lib/libzip.so
7b1871dea000-7b1871df1000 r--p 00000000 fc:00 49676377                   /mydata/openjdk-mmtk/build/b0test/images/jdk/lib/libnio.so
7b1871df1000-7b1871dfa000 r-xp 00007000 fc:00 49676377                   /mydata/openjdk-mmtk/build/b0test/images/jdk/lib/libnio.so
7b1871dfa000-7b1871dfe000 r--p 00010000 fc:00 49676377                   /mydata/openjdk-mmtk/build/b0test/images/jdk/lib/libnio.so
7b1871dfe000-7b1871dff000 r--p 00014000 fc:00 49676377                   /mydata/openjdk-mmtk/build/b0test/images/jdk/lib/libnio.so
7b1871dff000-7b1871e00000 rw-p 00015000 fc:00 49676377                   /mydata/openjdk-mmtk/build/b0test/images/jdk/lib/libnio.so
7b1871e00000-7b1871e28000 r--p 00000000 08:03 1410238                    /usr/lib/x86_64-linux-gnu/libc.so.6
7b1871e28000-7b1871fb0000 r-xp 00028000 08:03 1410238                    /usr/lib/x86_64-linux-gnu/libc.so.6
7b1871fb0000-7b1871fff000 r--p 001b0000 08:03 1410238                    /usr/lib/x86_64-linux-gnu/libc.so.6
7b1871fff000-7b1872003000 r--p 001fe000 08:03 1410238                    /usr/lib/x86_64-linux-gnu/libc.so.6
7b1872003000-7b1872005000 rw-p 00202000 08:03 1410238                    /usr/lib/x86_64-linux-gnu/libc.so.6
7b1872005000-7b1872012000 rw-p 00000000 00:00 0 
7b1872017000-7b187201a000 r--p 00000000 fc:00 49676376                   /mydata/openjdk-mmtk/build/b0test/images/jdk/lib/libnet.so
7b187201a000-7b1872022000 r-xp 00003000 fc:00 49676376                   /mydata/openjdk-mmtk/build/b0test/images/jdk/lib/libnet.so
7b1872022000-7b1872024000 r--p 0000b000 fc:00 49676376                   /mydata/openjdk-mmtk/build/b0test/images/jdk/lib/libnet.so
7b1872024000-7b1872025000 r--p 0000c000 fc:00 49676376                   /mydata/openjdk-mmtk/build/b0test/images/jdk/lib/libnet.so
7b1872025000-7b1872026000 rw-p 0000d000 fc:00 49676376                   /mydata/openjdk-mmtk/build/b0test/images/jdk/lib/libnet.so
7b1872026000-7b1872029000 r--p 00000000 08:03 1410420                    /usr/lib/x86_64-linux-gnu/libelf-0.190.so
7b1872029000-7b187203f000 r-xp 00003000 08:03 1410420                    /usr/lib/x86_64-linux-gnu/libelf-0.190.so
7b187203f000-7b1872043000 r--p 00019000 08:03 1410420                    /usr/lib/x86_64-linux-gnu/libelf-0.190.so
7b1872043000-7b1872044000 r--p 0001c000 08:03 1410420                    /usr/lib/x86_64-linux-gnu/libelf-0.190.so
7b1872044000-7b1872045000 rw-p 0001d000 08:03 1410420                    /usr/lib/x86_64-linux-gnu/libelf-0.190.so
7b1872048000-7b187204f000 r--s 00000000 08:03 1436340                    /usr/lib/x86_64-linux-gnu/gconv/gconv-modules.cache
7b187204f000-7b1872057000 rw-p 00000000 00:00 0 
7b1872057000-7b187205f000 ---p 00000000 00:00 0 
7b187205f000-7b187206c000 r--p 00000000 fc:00 49676369                   /mydata/openjdk-mmtk/build/b0test/images/jdk/lib/libjava.so
7b187206c000-7b187207b000 r-xp 0000d000 fc:00 49676369                   /mydata/openjdk-mmtk/build/b0test/images/jdk/lib/libjava.so
7b187207b000-7b1872080000 r--p 0001c000 fc:00 49676369                   /mydata/openjdk-mmtk/build/b0test/images/jdk/lib/libjava.so
7b1872080000-7b1872081000 r--p 00021000 fc:00 49676369                   /mydata/openjdk-mmtk/build/b0test/images/jdk/lib/libjava.so
7b1872081000-7b1872082000 rw-p 00022000 fc:00 49676369                   /mydata/openjdk-mmtk/build/b0test/images/jdk/lib/libjava.so
7b1872082000-7b1872083000 rw-p 00000000 00:00 0 
7b1872083000-7b187208b000 rw-s 00000000 08:03 237590                     /tmp/hsperfdata_root/512803
7b187208b000-7b187208f000 r--p 00000000 fc:00 49676370                   /mydata/openjdk-mmtk/build/b0test/images/jdk/lib/libjimage.so
7b187208f000-7b18720a6000 r-xp 00004000 fc:00 49676370                   /mydata/openjdk-mmtk/build/b0test/images/jdk/lib/libjimage.so
7b18720a6000-7b18720ab000 r--p 0001b000 fc:00 49676370                   /mydata/openjdk-mmtk/build/b0test/images/jdk/lib/libjimage.so
7b18720ab000-7b18720ad000 r--p 00020000 fc:00 49676370                   /mydata/openjdk-mmtk/build/b0test/images/jdk/lib/libjimage.so
7b18720ad000-7b18720ae000 rw-p 00022000 fc:00 49676370                   /mydata/openjdk-mmtk/build/b0test/images/jdk/lib/libjimage.so
7b18720ae000-7b18720b2000 r--p 00000000 08:03 1410148                    /usr/lib/x86_64-linux-gnu/libgcc_s.so.1
7b18720b2000-7b18720d6000 r-xp 00004000 08:03 1410148                    /usr/lib/x86_64-linux-gnu/libgcc_s.so.1
7b18720d6000-7b18720da000 r--p 00028000 08:03 1410148                    /usr/lib/x86_64-linux-gnu/libgcc_s.so.1
7b18720da000-7b18720db000 r--p 0002b000 08:03 1410148                    /usr/lib/x86_64-linux-gnu/libgcc_s.so.1
7b18720db000-7b18720dc000 rw-p 0002c000 08:03 1410148                    /usr/lib/x86_64-linux-gnu/libgcc_s.so.1
7b18720dc000-7b18720de000 rw-p 00000000 00:00 0 
7b18720de000-7b18720e0000 r--p 00000000 08:03 1409104                    /usr/lib/x86_64-linux-gnu/libz.so.1.3
7b18720e0000-7b18720f2000 r-xp 00002000 08:03 1409104                    /usr/lib/x86_64-linux-gnu/libz.so.1.3
7b18720f2000-7b18720f8000 r--p 00014000 08:03 1409104                    /usr/lib/x86_64-linux-gnu/libz.so.1.3
7b18720f8000-7b18720f9000 r--p 0001a000 08:03 1409104                    /usr/lib/x86_64-linux-gnu/libz.so.1.3
7b18720f9000-7b18720fa000 rw-p 0001b000 08:03 1409104                    /usr/lib/x86_64-linux-gnu/libz.so.1.3
7b18720ff000-7b1872100000 rw-s 00000000 00:10 68                         anon_inode:bpf-map
7b1872100000-7b1872101000 r--s 00000000 00:10 68                         anon_inode:bpf-map
7b1872101000-7b1872102000 ---p 00000000 00:00 0 
7b1872102000-7b1872103000 r--p 00000000 00:00 0 
7b1872103000-7b1872104000 ---p 00000000 00:00 0 
7b1872104000-7b1872106000 r--p 00000000 fc:00 49676372                   /mydata/openjdk-mmtk/build/b0test/images/jdk/lib/libjli.so
7b1872106000-7b1872110000 r-xp 00002000 fc:00 49676372                   /mydata/openjdk-mmtk/build/b0test/images/jdk/lib/libjli.so
7b1872110000-7b1872113000 r--p 0000c000 fc:00 49676372                   /mydata/openjdk-mmtk/build/b0test/images/jdk/lib/libjli.so
7b1872113000-7b1872114000 r--p 0000f000 fc:00 49676372                   /mydata/openjdk-mmtk/build/b0test/images/jdk/lib/libjli.so
7b1872114000-7b1872115000 rw-p 00010000 fc:00 49676372                   /mydata/openjdk-mmtk/build/b0test/images/jdk/lib/libjli.so
7b1872115000-7b1872117000 rw-p 00000000 00:00 0 
7b1872117000-7b187211b000 r--p 00000000 00:00 0                          [vvar]
7b187211b000-7b187211d000 r--p 00000000 00:00 0                          [vvar_vclock]
7b187211d000-7b187211f000 r-xp 00000000 00:00 0                          [vdso]
7b187211f000-7b1872120000 r--p 00000000 08:03 1409763                    /usr/lib/x86_64-linux-gnu/ld-linux-x86-64.so.2
7b1872120000-7b187214b000 r-xp 00001000 08:03 1409763                    /usr/lib/x86_64-linux-gnu/ld-linux-x86-64.so.2
7b187214b000-7b1872155000 r--p 0002c000 08:03 1409763                    /usr/lib/x86_64-linux-gnu/ld-linux-x86-64.so.2
7b1872155000-7b1872157000 r--p 00036000 08:03 1409763                    /usr/lib/x86_64-linux-gnu/ld-linux-x86-64.so.2
7b1872157000-7b1872159000 rw-p 00038000 08:03 1409763                    /usr/lib/x86_64-linux-gnu/ld-linux-x86-64.so.2
7ffff4cc7000-7ffff4ce8000 rw-p 00000000 00:00 0                          [stack]
ffffffffff600000-ffffffffff601000 --xp 00000000 00:00 0                  [vsyscall]
Total number of mappings: 544

JVMTI agents: none


VM Arguments:
jvm_args: -XX:+UseThirdPartyHeap -Xms512m -Xmx512m 
java_command: /mydata/dacapo/dacapo-23.11/dacapo-23.11-MR2-chopin.jar xalan -n 3
java_class_path (initial): /mydata/dacapo/dacapo-23.11/dacapo-23.11-MR2-chopin.jar
Launcher Type: SUN_STANDARD

[Global flags]
     intx CICompilerCount                          = 15                                        {product} {ergonomic}
   size_t InitialHeapSize                          = 536870912                                 {product} {command line}
   size_t MaxHeapSize                              = 536870912                                 {product} {command line}
   size_t MinHeapDeltaBytes                        = 524288                                    {product} {ergonomic}
   size_t MinHeapSize                              = 536870912                                 {product} {command line}
    uintx NonNMethodCodeHeapSize                   = 8192380                                {pd product} {ergonomic}
    uintx NonProfiledCodeHeapSize                  = 121732930                              {pd product} {ergonomic}
    uintx ProfiledCodeHeapSize                     = 121732930                              {pd product} {ergonomic}
    uintx ReservedCodeCacheSize                    = 251658240                              {pd product} {ergonomic}
     bool SegmentedCodeCache                       = true                                      {product} {ergonomic}
   size_t SoftMaxHeapSize                          = 536870912                              {manageable} {ergonomic}
     bool UseCompressedOops                        = true                           {product lp64_product} {ergonomic}

Logging:
Log output configuration:
 #0: stdout all=warning uptime,level,tags foldmultilines=false
 #1: stderr all=off uptime,level,tags foldmultilines=false

Release file:
IMPLEMENTOR="N/A"
JAVA_RUNTIME_VERSION="21.0.9-internal-adhoc.talzuss.openjdk-mmtk"
JAVA_VERSION="21.0.9"
JAVA_VERSION_DATE="2025-10-21"
LIBC="gnu"
MODULES="java.base java.compiler java.datatransfer java.xml java.prefs java.desktop java.instrument java.logging java.management java.security.sasl java.naming java.rmi java.management.rmi java.net.http java.scripting java.security.jgss java.transaction.xa java.sql java.sql.rowset java.xml.crypto java.se java.smartcardio jdk.accessibility jdk.internal.jvmstat jdk.attach jdk.charsets jdk.internal.opt jdk.zipfs jdk.compiler jdk.crypto.ec jdk.crypto.cryptoki jdk.dynalink jdk.internal.ed jdk.editpad jdk.hotspot.agent jdk.httpserver jdk.incubator.vector jdk.internal.le jdk.internal.vm.ci jdk.internal.vm.compiler jdk.internal.vm.compiler.management jdk.jartool jdk.javadoc jdk.jcmd jdk.management jdk.management.agent jdk.jconsole jdk.jdeps jdk.jdwp.agent jdk.jdi jdk.jfr jdk.jlink jdk.jpackage jdk.jshell jdk.jsobject jdk.jstatd jdk.localedata jdk.management.jfr jdk.naming.dns jdk.naming.rmi jdk.net jdk.nio.mapmode jdk.random jdk.sctp jdk.security.auth jdk.security.jgss jdk.unsupported jdk.unsupported.desktop jdk.xml.dom"
OS_ARCH="x86_64"
OS_NAME="Linux"
SOURCE=".:git:b557520f04b3+"

Environment Variables:
PATH=/usr/local/sbin:/usr/local/bin:/usr/sbin:/usr/bin:/sbin:/bin:/snap/bin
SHELL=/bin/bash
LANG=en_US.UTF-8
TERM=tmux-256color

Active Locale:
LC_ALL=en_US.UTF-8
LC_COLLATE=en_US.UTF-8
LC_CTYPE=en_US.UTF-8
LC_MESSAGES=en_US.UTF-8
LC_MONETARY=en_US.UTF-8
LC_NUMERIC=en_US.UTF-8
LC_TIME=en_US.UTF-8

Signal Handlers:
   SIGSEGV: crash_handler in libjvm.so, mask=11100100010111111101111111111110, flags=SA_RESTART|SA_SIGINFO, unblocked
    SIGBUS: crash_handler in libjvm.so, mask=11100100010111111101111111111110, flags=SA_RESTART|SA_SIGINFO, unblocked
    SIGFPE: crash_handler in libjvm.so, mask=11100100010111111101111111111110, flags=SA_RESTART|SA_SIGINFO, unblocked
   SIGPIPE: javaSignalHandler in libjvm.so, mask=11100100010111111101111111111110, flags=SA_RESTART|SA_SIGINFO, blocked
   SIGXFSZ: javaSignalHandler in libjvm.so, mask=11100100010111111101111111111110, flags=SA_RESTART|SA_SIGINFO, blocked
    SIGILL: crash_handler in libjvm.so, mask=11100100010111111101111111111110, flags=SA_RESTART|SA_SIGINFO, unblocked
   SIGUSR2: SR_handler in libjvm.so, mask=00000000000000000000000000000000, flags=SA_RESTART|SA_SIGINFO, blocked
    SIGHUP: UserHandler in libjvm.so, mask=11100100010111111101111111111110, flags=SA_RESTART|SA_SIGINFO, blocked
    SIGINT: UserHandler in libjvm.so, mask=11100100010111111101111111111110, flags=SA_RESTART|SA_SIGINFO, blocked
   SIGTERM: UserHandler in libjvm.so, mask=11100100010111111101111111111110, flags=SA_RESTART|SA_SIGINFO, blocked
   SIGQUIT: UserHandler in libjvm.so, mask=11100100010111111101111111111110, flags=SA_RESTART|SA_SIGINFO, blocked
   SIGTRAP: crash_handler in libjvm.so, mask=11100100010111111101111111111110, flags=SA_RESTART|SA_SIGINFO, unblocked


Periodic native trim disabled

---------------  S Y S T E M  ---------------

OS:
DISTRIB_ID=Ubuntu
DISTRIB_RELEASE=24.04
DISTRIB_CODENAME=noble
DISTRIB_DESCRIPTION="Ubuntu 24.04.4 LTS"
uname: Linux 6.17.0-bpf-fault+ #1 SMP PREEMPT_DYNAMIC Mon Jul  6 16:43:12 MDT 2026 x86_64
OS uptime: 1 days 6:55 hours
libc: glibc 2.39 NPTL 2.39 
rlimit (soft/hard): STACK 8192k/infinity , CORE 0k/0k , NPROC 513205/513205 , NOFILE 1048576/1048576 , AS infinity/infinity , CPU infinity/infinity , DATA infinity/infinity , FSIZE infinity/infinity , MEMLOCK 16436528k/16436528k
load average: 3.89 1.93 1.43

/proc/meminfo:
MemTotal:       131492232 kB
MemFree:        75233636 kB
MemAvailable:   123216984 kB
Buffers:          597660 kB
Cached:         46616696 kB
SwapCached:            0 kB
Active:          2796808 kB
Inactive:       46389436 kB
Active(anon):    1990284 kB
Inactive(anon):        0 kB
Active(file):     806524 kB
Inactive(file): 46389436 kB
Unevictable:       41912 kB
Mlocked:           38840 kB
SwapTotal:       8388604 kB
SwapFree:        8388604 kB
Zswap:                 0 kB
Zswapped:              0 kB
Dirty:            110512 kB
Writeback:             0 kB
AnonPages:       2015832 kB
Mapped:          3397192 kB
Shmem:              5316 kB
KReclaimable:    2039072 kB
Slab:            2583584 kB
SReclaimable:    2039072 kB
SUnreclaim:       544512 kB
KernelStack:       10448 kB
PageTables:        48044 kB
SecPageTables:      9980 kB
NFS_Unstable:          0 kB
Bounce:                0 kB
WritebackTmp:          0 kB
CommitLimit:    74134720 kB
Committed_AS:   160211496 kB
VmallocTotal:   34359738367 kB
VmallocUsed:       36452 kB
VmallocChunk:          0 kB
Percpu:            52224 kB
HardwareCorrupted:     0 kB
AnonHugePages:         0 kB
ShmemHugePages:        0 kB
ShmemPmdMapped:        0 kB
FileHugePages:   2152448 kB
FilePmdMapped:         0 kB
Unaccepted:            0 kB
Balloon:               0 kB
HugePages_Total:       0
HugePages_Free:        0
HugePages_Rsvd:        0
HugePages_Surp:        0
Hugepagesize:       2048 kB
Hugetlb:               0 kB
DirectMap4k:     1375040 kB
DirectMap2M:    30717952 kB
DirectMap1G:    101711872 kB

/sys/kernel/mm/transparent_hugepage/enabled: always [madvise] never
/sys/kernel/mm/transparent_hugepage/hpage_pmd_size: 2097152
/sys/kernel/mm/transparent_hugepage/defrag (defrag/compaction efforts parameter): always defer defer+madvise [madvise] never

Process Memory:
Virtual Size: 13620578368K (peak: 13620580452K)
Resident Set Size: 4531792K (peak: 4531792K) (anon: 1358340K, file: 3173452K, shmem: 0K)
Swapped out: 0K
C-Heap outstanding allocations: 1334420K, retained: 140987K
glibc malloc tunables: (default)

/proc/sys/kernel/threads-max (system-wide limit on the number of threads): 1026411
/proc/sys/vm/max_map_count (maximum number of memory map areas a process may have): 1048576
/proc/sys/vm/swappiness (control to define how aggressively the kernel swaps out anonymous memory): 60
/proc/sys/kernel/pid_max (system-wide limit on number of process identifiers): 4194304

container information not found.
Steal ticks since vm start: 0
Steal ticks percentage since vm start:  0.000

CPU: total 32 (initial active 32) (32 cores per cpu, 2 threads per core) family 23 model 49 stepping 0 microcode 0x830107c, cx8, cmov, fxsr, ht, mmx, 3dnowpref, sse, sse2, sse3, ssse3, sse4a, sse4.1, sse4.2, popcnt, lzcnt, tsc, tscinvbit, avx, avx2, aes, clmul, bmi1, bmi2, adx, sha, fma, vzeroupper, clflush, clflushopt, rdtscp, rdpid, f16c
CPU Model and flags from /proc/cpuinfo:
model name	: AMD EPYC 7302P 16-Core Processor
flags		: fpu vme de pse tsc msr pae mce cx8 apic sep mtrr pge mca cmov pat pse36 clflush mmx fxsr sse sse2 ht syscall nx mmxext fxsr_opt pdpe1gb rdtscp lm constant_tsc rep_good nopl xtopology nonstop_tsc cpuid extd_apicid aperfmperf rapl pni pclmulqdq monitor ssse3 fma cx16 sse4_1 sse4_2 movbe popcnt aes xsave avx f16c rdrand lahf_lm cmp_legacy svm extapic cr8_legacy abm sse4a misalignsse 3dnowprefetch osvw ibs skinit wdt tce topoext perfctr_core perfctr_nb bpext perfctr_llc mwaitx cpb cat_l3 cdp_l3 hw_pstate ssbd mba ibrs ibpb stibp vmmcall fsgsbase bmi1 avx2 smep bmi2 cqm rdt_a rdseed adx smap clflushopt clwb sha_ni xsaveopt xsavec xgetbv1 xsaves cqm_llc cqm_occup_llc cqm_mbm_total cqm_mbm_local clzero irperf xsaveerptr rdpru wbnoinvd amd_ppin arat npt lbrv svm_lock nrip_save tsc_scale vmcb_clean flushbyasid decodeassists pausefilter pfthreshold avic v_vmsave_vmload vgif v_spec_ctrl umip rdpid overflow_recov succor smca sev sev_es

Online cpus: 0-31
Offline cpus: 
BIOS frequency limitation: <Not Available>
Frequency switch latency (ns): <Not Available>
Available cpu frequencies: <Not Available>
Current governor: <Not Available>
Core performance/turbo boost: <Not Available>

Memory: 4k page, physical 131492232k(123216984k free), swap 8388604k(8388604k free)
Page Sizes: 4k

vm_info: OpenJDK 64-Bit Server VM (21.0.9-internal-adhoc.talzuss.openjdk-mmtk) for linux-amd64 JRE (21.0.9-internal-adhoc.talzuss.openjdk-mmtk), built on 2026-07-06T23:13:08Z by "talzuss" with gcc 13.3.0
heap_info: MMTk OpenJDK 0.32.0 (dd145e6), using MMTk 0.32.0 (da28534-dirty, BUILTIN_ENV_LOGGER, DEFAULT, EAGER_SWEEPING, VO_BIT)

END.
