#
# A fatal error has been detected by the Java Runtime Environment:
#
#  SIGSEGV (0xb) at pc=0x000079597be9a13c, pid=450311, tid=450334
#
# JRE version: OpenJDK Runtime Environment (21.0.9) (build 21.0.9-internal-adhoc.talzuss.openjdk-mmtk)
# Java VM: OpenJDK 64-Bit Server VM (21.0.9-internal-adhoc.talzuss.openjdk-mmtk, mixed mode, sharing, tiered, compressed oops, compressed class ptrs, third-party gc, linux-amd64)
# Problematic frame:
# C  [libmmtk_openjdk.so+0x29a13c]  _$LT$mmtk..plan..concurrent..immix..gc_work..SatbFinalDrain$LT$VM$GT$$u20$as$u20$mmtk..scheduler..work..GCWork$LT$VM$GT$$GT$::do_work::h99199484dacfec84+0xeac
#
# No core dump will be written. Core dumps have been disabled. To enable core dumping, try "ulimit -c unlimited" before starting Java again
#
# If you would like to submit a bug report, please visit:
#   https://bugreport.java.com/bugreport/crash.jsp
#

---------------  S U M M A R Y ------------

Command Line: -XX:+UseThirdPartyHeap -Xms512m -Xmx512m /mydata/dacapo/dacapo-23.11/dacapo-23.11-MR2-chopin.jar lusearch -n 3

Host: AMD EPYC 7302P 16-Core Processor, 32 cores, 125G, Ubuntu 24.04.4 LTS
Time: Tue Jul  7 20:06:03 2026 MDT elapsed time: 4.869596 seconds (0d 0h 0m 4s)

---------------  T H R E A D  ---------------

Current thread (0x000079597453e510):  NamedThread "MMTk Collector Thread" [id=450334, stack(0x00006cac86df5000,0x00006cac86ef5000) (1024K)]

Stack: [0x00006cac86df5000,0x00006cac86ef5000],  sp=0x00006cac86ef3970,  free space=1018k
Native frames: (J=compiled Java code, j=interpreted, Vv=VM code, C=native code)
C  [libmmtk_openjdk.so+0x29a13c]  _$LT$mmtk..plan..concurrent..immix..gc_work..SatbFinalDrain$LT$VM$GT$$u20$as$u20$mmtk..scheduler..work..GCWork$LT$VM$GT$$GT$::do_work::h99199484dacfec84+0xeac

siginfo: si_signo: 11 (SIGSEGV), si_code: 1 (SEGV_MAPERR), si_addr: 0x0000795adbc7be2c

Registers:
RAX=0x0000000058000000, RBX=0x000079597bfdaf50, RCX=0x000079597bc7be2c, RDX=0x00006cac3f000000
RSP=0x00006cac86ef3970, RBP=0x0000000000000000, RSI=0x00006cac3f000001, RDI=0x0000000042555f00
R8 =0x00006cabe40008e0, R9 =0x0000000000000007, R10=0x00006cac18011ac0, R11=0x62e59d14230c8504
R12=0x0000000000000008, R13=0x00007959743dff80, R14=0x00000000415fdb08, R15=0x0000000000000020
RIP=0x000079597be9a13c, EFLAGS=0x0000000000010202, CSGSFS=0x002b000000000033, ERR=0x0000000000000004
  TRAPNO=0x000000000000000e

XMM[0]=0x00000000414f9480 0x000000004258bca8
XMM[1]=0x000000004258e368 0x00000000414f9480
XMM[2]=0x00000000ff000000 0x00ff00ffff0000ff
XMM[3]=0x0000000000000000 0x0000000000000000
XMM[4]=0x0000000000000000 0x00006cac18000090
XMM[5]=0x0000000042703f58 0x0000000042703ec8
XMM[6]=0x0000000042703e98 0x0000000042703eb0
XMM[7]=0x0000000042703dd8 0x0000000042703ef8
XMM[8]=0x00000000426c5898 0x00000000426c5e90
XMM[9]=0x0000000000000000 0x0000000000000000
XMM[10]=0x3f3f3f3f3f3f3f3f 0x3f3f3f3f3f3f3f3f
XMM[11]=0x9999999999999999 0x9999999999999999
XMM[12]=0x2020202020202020 0x2020202020202020
XMM[13]=0x0000000000000000 0x0000000000000000
XMM[14]=0x0000000000000000 0x0000000000000000
XMM[15]=0x0000000000000000 0x0000000000000000
  MXCSR=0x00001fa2


Register to memory mapping:

RAX=
[error occurred during error reporting (printing register info), id 0xe0000000, Internal Error (/mydata/mmtk-openjdk/openjdk/share/mmtkHeap.cpp:444)]
RBX=
[error occurred during error reporting (printing register info, attempt 2), id 0xe0000000, Internal Error (/mydata/mmtk-openjdk/openjdk/share/mmtkHeap.cpp:444)]
RCX=
[error occurred during error reporting (printing register info, attempt 3), id 0xe0000000, Internal Error (/mydata/mmtk-openjdk/openjdk/share/mmtkHeap.cpp:444)]
Top of Stack: (sp=0x00006cac86ef3970)
0x00006cac86ef3970:   00000006cabe4002 0000000052414820
0x00006cac86ef3980:   0000000000000000 0000000000000008
0x00006cac86ef3990:   0000000000000000 0000000000000000
0x00006cac86ef39a0:   000079597bfdaf50 00006cac86ef39f0
0x00006cac86ef39b0:   00006cac86ef39d8 00007959743e02c0
0x00006cac86ef39c0:   0000000000000000 0000000000000008
0x00006cac86ef39d0:   0000000000000001 000079597c008904
0x00006cac86ef39e0:   00006cac1801bcc0 0000000000000081
0x00006cac86ef39f0:   00000000415fdb08 0000000000000000
0x00006cac86ef3a00:   0000795974046240 00007959743e02c0
0x00006cac86ef3a10:   0000000000000000 000079597beaf72e
0x00006cac86ef3a20:   00007959743dff80 00006cac86ef39d8
0x00006cac86ef3a30:   8000000000000000 00006cac3f253e40
0x00006cac86ef3a40:   0000000000004000 00006cac1802bee0
0x00006cac86ef3a50:   0000000000001e91 00006cac86ef39f0
0x00006cac86ef3a60:   8000000000000000 00006cac86ef39a0
0x00006cac86ef3a70:   0000000000000400 00006cac1801cd00
0x00006cac86ef3a80:   000000000000039c 0000000000040000
0x00006cac86ef3a90:   00006cac1802bee0 000000000003619c
0x00006cac86ef3aa0:   0000000000020000 00006cac1822bef0
0x00006cac86ef3ab0:   0000000000014c5f 000079597c008920
0x00006cac86ef3ac0:   00006cac86ef39d8 00006cac86ef3980
0x00006cac86ef3ad0:   000079597406d200 0000795974046210
0x00006cac86ef3ae0:   000079597406ce80 0000000000000001
0x00006cac86ef3af0:   000079597bfca508 0000000000000007
0x00006cac86ef3b00:   0000000000000000 000079597beaaa2d
0x00006cac86ef3b10:   00006cabffffffff 00006cac86ef3b60
0x00006cac86ef3b20:   000079597452d3e0 0000795974046220
0x00006cac86ef3b30:   000079597406d200 000079597452d540
0x00006cac86ef3b40:   000079597406cf00 0000795900000000
0x00006cac86ef3b50:   0000000000000001 00006cabe4001250
0x00006cac86ef3b60:   0000000000000001 0003000300030001 

Instructions: (pc=0x000079597be9a13c)
0x000079597be9a03c:   24 30 31 ed 48 8d 74 24 30 e8 16 1d ec ff 31 ed
0x000079597be9a04c:   eb 03 40 b5 01 4c 8b 64 24 10 4c 8b 74 24 18 48
0x000079597be9a05c:   8b 5c 24 20 48 c1 e3 03 45 31 ed 4c 8d bc 24 d0
0x000079597be9a06c:   00 00 00 90 4c 39 eb 74 1a 4b 8b 14 2e 49 83 c5
0x000079597be9a07c:   08 48 8b bc 24 b0 00 00 00 4c 89 fe e8 83 70 05
0x000079597be9a08c:   00 eb e1 4d 85 e4 74 09 4c 89 f7 ff 15 63 cc 16
0x000079597be9a09c:   00 40 84 ed 4c 8b ac 24 b0 00 00 00 74 13 48 83
0x000079597be9a0ac:   7c 24 68 00 74 0b 48 8b 7c 24 70 ff 15 43 cc 16
0x000079597be9a0bc:   00 48 8b 84 24 e0 00 00 00 48 85 c0 0f 84 cc 0c
0x000079597be9a0cc:   00 00 48 8d 4c 24 30 48 89 8c 24 f8 00 00 00 0f
0x000079597be9a0dc:   1f 44 00 00 48 8d 48 ff 48 89 8c 24 e0 00 00 00
0x000079597be9a0ec:   48 8b 8c 24 d8 00 00 00 48 8b 44 c1 f8 48 c7 44
0x000079597be9a0fc:   24 10 00 00 00 00 48 c7 44 24 18 08 00 00 00 48
0x000079597be9a10c:   c7 44 24 20 00 00 00 00 48 89 44 24 08 8b 40 08
0x000079597be9a11c:   48 8b 15 f5 f8 16 00 48 8b 0d f6 f8 16 00 48 d3
0x000079597be9a12c:   e0 48 8d 34 10 8b 44 10 0c 48 8d 0d f0 1c de ff
0x000079597be9a13c:   48 63 04 81 48 01 c8 ff e0 48 63 86 28 01 00 00
0x000079597be9a14c:   48 85 c0 0f 84 cb 07 00 00 48 63 8e ac 00 00 00
0x000079597be9a15c:   48 8d 0c ce 48 63 96 2c 01 00 00 48 8d 34 d1 4c
0x000079597be9a16c:   8d 34 d1 49 81 c6 d8 01 00 00 48 8d 04 c6 48 05
0x000079597be9a17c:   d8 01 00 00 48 89 44 24 28 b8 08 00 00 00 45 31
0x000079597be9a18c:   e4 eb 10 90 49 83 c6 08 4c 3b 74 24 28 0f 84 81
0x000079597be9a19c:   07 00 00 41 8b 6e 04 48 85 ed 74 e8 4d 63 3e 4c
0x000079597be9a1ac:   03 7c 24 08 48 be ff ff ff ff ff ff ff 7f eb 1f
0x000079597be9a1bc:   4a 89 1c e0 49 ff c4 4c 89 64 24 20 48 be ff ff
0x000079597be9a1cc:   ff ff ff ff ff 7f 49 83 c7 04 48 ff cd 74 b5 4c
0x000079597be9a1dc:   89 f9 48 21 f1 48 8b 15 c0 e2 16 00 48 39 d1 72
0x000079597be9a1ec:   e5 48 03 15 bc e2 16 00 48 39 d1 73 d9 4d 85 ff
0x000079597be9a1fc:   78 1e 41 8b 1f 48 85 db 74 c2 48 8b 15 33 f8 16
0x000079597be9a20c:   00 48 8b 0d 34 f8 16 00 48 d3 e3 48 01 d3 eb 08
0x000079597be9a21c:   48 8b 19 48 85 db 74 a4 4c 3b 64 24 10 75 91 48
0x000079597be9a22c:   8d 7c 24 10 e8 7b 0c f2 ff 48 8b 44 24 18 eb 80 


Stack slot to memory mapping:

stack at sp + 0 slots: 
[error occurred during error reporting (inspecting top of stack), id 0xe0000000, Internal Error (/mydata/mmtk-openjdk/openjdk/share/mmtkHeap.cpp:444)]
stack at sp + 1 slots: 
[error occurred during error reporting (inspecting top of stack, attempt 2), id 0xe0000000, Internal Error (/mydata/mmtk-openjdk/openjdk/share/mmtkHeap.cpp:444)]
stack at sp + 2 slots: 0x0 is null
stack at sp + 3 slots: 
[error occurred during error reporting (inspecting top of stack, attempt 3), id 0xe0000000, Internal Error (/mydata/mmtk-openjdk/openjdk/share/mmtkHeap.cpp:444)]

---------------  P R O C E S S  ---------------

Threads class SMR info:
_java_thread_list=0x00006cabb8229710, length=56, elements={
0x000079597402b240, 0x0000795974526f30, 0x00007959745287c0, 0x000079597452a2d0,
0x0000795974548b00, 0x000079597454a450, 0x000079597454bd10, 0x000079597454db50,
0x0000795974557520, 0x00006cabb80459b0, 0x00007959745a66b0, 0x00007959745a96b0,
0x00006cabac0abb20, 0x00006cabac0acb50, 0x00006cabac0adaa0, 0x00006cabac0b2380,
0x00007959747db910, 0x00007959747dcf60, 0x00007959747de4a0, 0x00007959747df9f0,
0x00007959747e0f40, 0x00007959747e24a0, 0x00007959747e3a00, 0x00007959747e4f70,
0x00007959747e64e0, 0x00007959747e7990, 0x00007959747e8e40, 0x00007959747ea3d0,
0x00007959747eb960, 0x00007959747ece10, 0x00007959747ee2c0, 0x00007959747ef770,
0x00007959747f0c20, 0x00007959747f2460, 0x00007959747f3a20, 0x00007959747f4ff0,
0x00007959747f69b0, 0x00007959747f8240, 0x00007959747f9c10, 0x00007959747fb200,
0x00007959747fcbe0, 0x00007959747fe5d0, 0x00007959747ffbd0, 0x00007959748015d0,
0x0000795974802be0, 0x0000795974804200, 0x0000795974805820, 0x0000795974806e50,
0x00006cab9c0bbd90, 0x00006cabac0bad20, 0x00006cabb0115e50, 0x00006cab9c149fe0,
0x00006cab9c14b730, 0x00006cabb0118070, 0x00006cab08013e50, 0x00006cabb8228230
}

Java Threads: ( => current thread )
  0x000079597402b240 JavaThread "main"                              [_thread_blocked, id=450312, stack(0x000079597c017000,0x000079597c117000) (1024K)]
  0x0000795974526f30 JavaThread "Reference Handler"          daemon [_thread_blocked, id=450317, stack(0x00007959781fd000,0x00007959782fd000) (1024K)]
  0x00007959745287c0 JavaThread "Finalizer"                  daemon [_thread_blocked, id=450318, stack(0x00007959780fd000,0x00007959781fd000) (1024K)]
  0x000079597452a2d0 JavaThread "MMTk Finalizer Thread"      daemon [_thread_blocked, id=450319, stack(0x000079593c6ff000,0x000079593c7ff000) (1024K)]
  0x0000795974548b00 JavaThread "Signal Dispatcher"          daemon [_thread_blocked, id=450343, stack(0x00006cac864ec000,0x00006cac865ec000) (1024K)]
  0x000079597454a450 JavaThread "Service Thread"             daemon [_thread_blocked, id=450344, stack(0x00006cac863ec000,0x00006cac864ec000) (1024K)]
  0x000079597454bd10 JavaThread "Monitor Deflation Thread"   daemon [_thread_blocked, id=450345, stack(0x00006cac862ec000,0x00006cac863ec000) (1024K)]
  0x000079597454db50 JavaThread "C2 CompilerThread0"         daemon [_thread_blocked, id=450346, stack(0x00006cac861ec000,0x00006cac862ec000) (1024K)]
  0x0000795974557520 JavaThread "C1 CompilerThread0"         daemon [_thread_blocked, id=450347, stack(0x00006cac860ec000,0x00006cac861ec000) (1024K)]
  0x00006cabb80459b0 JavaThread "C1 CompilerThread1"         daemon [_thread_blocked, id=450348, stack(0x00006cac85fec000,0x00006cac860ec000) (1024K)]
  0x00007959745a66b0 JavaThread "Notification Thread"        daemon [_thread_blocked, id=450350, stack(0x00006cac85dec000,0x00006cac85eec000) (1024K)]
  0x00007959745a96b0 JavaThread "Common-Cleaner"             daemon [_thread_blocked, id=450351, stack(0x00006cac85cec000,0x00006cac85dec000) (1024K)]
  0x00006cabac0abb20 JavaThread "C1 CompilerThread2"         daemon [_thread_blocked, id=450355, stack(0x00006cac85eec000,0x00006cac85fec000) (1024K)]
  0x00006cabac0acb50 JavaThread "C1 CompilerThread3"         daemon [_thread_blocked, id=450356, stack(0x00006cac85aec000,0x00006cac85bec000) (1024K)]
  0x00006cabac0adaa0 JavaThread "C1 CompilerThread4"         daemon [_thread_blocked, id=450357, stack(0x00006cac85bec000,0x00006cac85cec000) (1024K)]
  0x00006cabac0b2380 JavaThread "C2 CompilerThread1"         daemon [_thread_blocked, id=450358, stack(0x00006cac859ec000,0x00006cac85aec000) (1024K)]
  0x00007959747db910 JavaThread "Query0"                            [_thread_blocked, id=450359, stack(0x00006cac858ec000,0x00006cac859ec000) (1024K)]
  0x00007959747dcf60 JavaThread "Query1"                            [_thread_blocked, id=450360, stack(0x00006cac85300000,0x00006cac85400000) (1024K)]
  0x00007959747de4a0 JavaThread "Query2"                            [_thread_blocked, id=450361, stack(0x00006cac84d00000,0x00006cac84e00000) (1024K)]
  0x00007959747df9f0 JavaThread "Query3"                            [_thread_blocked, id=450362, stack(0x00006cac84c00000,0x00006cac84d00000) (1024K)]
  0x00007959747e0f40 JavaThread "Query4"                            [_thread_blocked, id=450363, stack(0x00006cac84b00000,0x00006cac84c00000) (1024K)]
  0x00007959747e24a0 JavaThread "Query5"                            [_thread_blocked, id=450364, stack(0x00006cac84a00000,0x00006cac84b00000) (1024K)]
  0x00007959747e3a00 JavaThread "Query6"                            [_thread_blocked, id=450365, stack(0x00006cac84900000,0x00006cac84a00000) (1024K)]
  0x00007959747e4f70 JavaThread "Query7"                            [_thread_blocked, id=450366, stack(0x00006cac84800000,0x00006cac84900000) (1024K)]
  0x00007959747e64e0 JavaThread "Query8"                            [_thread_blocked, id=450367, stack(0x00006cac84700000,0x00006cac84800000) (1024K)]
  0x00007959747e7990 JavaThread "Query9"                            [_thread_blocked, id=450368, stack(0x00006cac84600000,0x00006cac84700000) (1024K)]
  0x00007959747e8e40 JavaThread "Query10"                           [_thread_blocked, id=450369, stack(0x00006cac84500000,0x00006cac84600000) (1024K)]
  0x00007959747ea3d0 JavaThread "Query11"                           [_thread_blocked, id=450370, stack(0x00006cac84400000,0x00006cac84500000) (1024K)]
  0x00007959747eb960 JavaThread "Query12"                           [_thread_blocked, id=450371, stack(0x00006cac84300000,0x00006cac84400000) (1024K)]
  0x00007959747ece10 JavaThread "Query13"                           [_thread_blocked, id=450372, stack(0x00006cac84200000,0x00006cac84300000) (1024K)]
  0x00007959747ee2c0 JavaThread "Query14"                           [_thread_blocked, id=450373, stack(0x00006cac84100000,0x00006cac84200000) (1024K)]
  0x00007959747ef770 JavaThread "Query15"                           [_thread_blocked, id=450374, stack(0x00006cac84000000,0x00006cac84100000) (1024K)]
  0x00007959747f0c20 JavaThread "Query16"                           [_thread_blocked, id=450375, stack(0x00006cac3ef00000,0x00006cac3f000000) (1024K)]
  0x00007959747f2460 JavaThread "Query17"                           [_thread_blocked, id=450376, stack(0x00006cac3ee00000,0x00006cac3ef00000) (1024K)]
  0x00007959747f3a20 JavaThread "Query18"                           [_thread_blocked, id=450377, stack(0x00006cac3ed00000,0x00006cac3ee00000) (1024K)]
  0x00007959747f4ff0 JavaThread "Query19"                           [_thread_blocked, id=450378, stack(0x00006cac3ec00000,0x00006cac3ed00000) (1024K)]
  0x00007959747f69b0 JavaThread "Query20"                           [_thread_blocked, id=450379, stack(0x00006cac3eb00000,0x00006cac3ec00000) (1024K)]
  0x00007959747f8240 JavaThread "Query21"                           [_thread_blocked, id=450380, stack(0x00006cac3ea00000,0x00006cac3eb00000) (1024K)]
  0x00007959747f9c10 JavaThread "Query22"                           [_thread_blocked, id=450381, stack(0x00006cac3e900000,0x00006cac3ea00000) (1024K)]
  0x00007959747fb200 JavaThread "Query23"                           [_thread_blocked, id=450382, stack(0x00006cac3e800000,0x00006cac3e900000) (1024K)]
  0x00007959747fcbe0 JavaThread "Query24"                           [_thread_blocked, id=450383, stack(0x00006cac3e700000,0x00006cac3e800000) (1024K)]
  0x00007959747fe5d0 JavaThread "Query25"                           [_thread_blocked, id=450384, stack(0x00006cac3e600000,0x00006cac3e700000) (1024K)]
  0x00007959747ffbd0 JavaThread "Query26"                           [_thread_blocked, id=450385, stack(0x00006cac3e500000,0x00006cac3e600000) (1024K)]
  0x00007959748015d0 JavaThread "Query27"                           [_thread_blocked, id=450386, stack(0x00006cac3e400000,0x00006cac3e500000) (1024K)]
  0x0000795974802be0 JavaThread "Query28"                           [_thread_blocked, id=450387, stack(0x00006cac3e300000,0x00006cac3e400000) (1024K)]
  0x0000795974804200 JavaThread "Query29"                           [_thread_blocked, id=450388, stack(0x00006cac3e200000,0x00006cac3e300000) (1024K)]
  0x0000795974805820 JavaThread "Query30"                           [_thread_blocked, id=450389, stack(0x00006cac3e100000,0x00006cac3e200000) (1024K)]
  0x0000795974806e50 JavaThread "Query31"                           [_thread_blocked, id=450390, stack(0x00006cac3e000000,0x00006cac3e100000) (1024K)]
  0x00006cab9c0bbd90 JavaThread "C2 CompilerThread2"         daemon [_thread_blocked, id=450391, stack(0x00006cac3df00000,0x00006cac3e000000) (1024K)]
  0x00006cabac0bad20 JavaThread "C2 CompilerThread3"         daemon [_thread_blocked, id=450392, stack(0x00006cac3de00000,0x00006cac3df00000) (1024K)]
  0x00006cabb0115e50 JavaThread "C2 CompilerThread4"         daemon [_thread_blocked, id=450393, stack(0x00006cac3dd00000,0x00006cac3de00000) (1024K)]
  0x00006cab9c149fe0 JavaThread "C2 CompilerThread5"         daemon [_thread_in_native, id=450394, stack(0x00006cac3dc00000,0x00006cac3dd00000) (1024K)]
  0x00006cab9c14b730 JavaThread "C2 CompilerThread6"         daemon [_thread_blocked, id=450395, stack(0x00006cac3db00000,0x00006cac3dc00000) (1024K)]
  0x00006cabb0118070 JavaThread "C2 CompilerThread7"         daemon [_thread_blocked, id=450396, stack(0x00006cac3da00000,0x00006cac3db00000) (1024K)]
  0x00006cab08013e50 JavaThread "C2 CompilerThread8"         daemon [_thread_blocked, id=450397, stack(0x00006cac3d900000,0x00006cac3da00000) (1024K)]
  0x00006cabb8228230 JavaThread "C2 CompilerThread9"         daemon [_thread_blocked, id=450398, stack(0x00006cac3d800000,0x00006cac3d900000) (1024K)]
Total: 56

Other Threads:
  0x000079597451ba80 VMThread "VM Thread"                           [id=450316, stack(0x00007959782fe000,0x00007959783fe000) (1024K)]
  0x00007959745096d0 WatcherThread "VM Periodic Task Thread"        [id=450315, stack(0x00007959783ff000,0x00007959784ff000) (1024K)]

=>0x000079597453e510 (exited) NamedThread "MMTk Collector Thread"   [id=450334, stack(0x00006cac86df5000,0x00006cac86ef5000) (1024K)]
Total: 3

Threads with active compile tasks:
C2 CompilerThread0  4872 2834       4       org.apache.lucene.search.TermQuery$TermWeight::getTermsEnum (155 bytes)
C2 CompilerThread1  4872 2893       4       org.apache.lucene.search.TermQuery::createWeight (63 bytes)
C2 CompilerThread2  4872 2828       4       org.apache.lucene.search.TermQuery$TermWeight::scorer (146 bytes)
C2 CompilerThread3  4872 2844       4       org.dacapo.lusearch.Search$QueryProcessor::doPagingSearch (259 bytes)
C2 CompilerThread4  4872 2791       4       org.apache.lucene.analysis.CachingTokenFilter::incrementToken (69 bytes)
C2 CompilerThread5  4872 2859   !   4       org.apache.lucene.codecs.lucene90.blocktree.SegmentTermsEnumFrame::loadBlock (589 bytes)
C2 CompilerThread6  4872 2872       4       org.apache.lucene.search.TermQuery$TermWeight::<init> (182 bytes)
C2 CompilerThread7  4872 2880   !   4       org.apache.lucene.search.IndexSearcher::search (124 bytes)
C2 CompilerThread8  4872 2895       4       org.apache.lucene.search.IndexSearcher::createWeight (45 bytes)
C2 CompilerThread9  4872 2870       4       org.apache.lucene.search.TopScoreDocCollector::create (55 bytes)
Total: 10

VM state: at safepoint (normal execution)

VM Mutex/Monitor currently owned by a thread:  ([mutex/lock_event])
[0x000079597d7580d0] Threads_lock - owner thread: 0x000079597451ba80
[0x000079597d757fd0] Heap_lock - owner thread: 0x00007959743e4ec0

Heap address: 0x0000000040000000, size: 3072 MB, Compressed Oops mode: 32-bit

CDS archive(s) mapped at: [0x00006cac3f000000-0x00006cac3fca3000-0x00006cac3fca3000), size 13250560, SharedBaseAddress: 0x00006cac3f000000, ArchiveRelocationMode: 1.
Compressed class space mapped at: 0x00006cac40000000-0x00006cac80000000, reserved size: 1073741824
Narrow klass base: 0x00006cac3f000000, Narrow klass shift: 0, Narrow klass range: 0x100000000

GC Precious Log:
<Empty>

Heap:

[error occurred during error reporting (printing heap information), id 0xe0000000, Internal Error (/mydata/mmtk-openjdk/openjdk/share/mmtkHeap.cpp:424)]
Metaspace:

Usage:
  Non-class:      8.55 MB used.
      Class:      1.24 MB used.
       Both:      9.79 MB used.

Virtual space:
  Non-class space:       64.00 MB reserved,       9.12 MB ( 14%) committed,  1 nodes.
      Class space:        1.00 GB reserved,       1.69 MB ( <1%) committed,  1 nodes.
             Both:        1.06 GB reserved,      10.81 MB ( <1%) committed. 

Chunk freelists:
   Non-Class:  6.36 MB
       Class:  14.20 MB
        Both:  20.56 MB

MaxMetaspaceSize: unlimited
CompressedClassSpaceSize: 1.00 GB
Initial GC threshold: 21.00 MB
Current GC threshold: 21.00 MB
CDS: on
 - commit_granule_bytes: 65536.
 - commit_granule_words: 8192.
 - virtual_space_node_default_size: 8388608.
 - enlarge_chunks_in_place: 1.
 - use_allocation_guard: 0.


Internal statistics:

num_allocs_failed_limit: 0.
num_arena_births: 1596.
num_arena_deaths: 0.
num_vsnodes_births: 2.
num_vsnodes_deaths: 0.
num_space_committed: 173.
num_space_uncommitted: 0.
num_chunks_returned_to_freelist: 0.
num_chunks_taken_from_freelist: 2481.
num_chunk_merges: 0.
num_chunk_splits: 1331.
num_chunks_enlarged: 237.
num_inconsistent_stats: 0.

CodeHeap 'non-profiled nmethods': size=118880Kb used=1565Kb max_used=1565Kb free=117314Kb
 bounds [0x00007959643e8000, 0x0000795964658000, 0x000079596b800000]
CodeHeap 'profiled nmethods': size=118876Kb used=5243Kb max_used=5243Kb free=113632Kb
 bounds [0x000079595c800000, 0x000079595cd20000, 0x0000795963c17000]
CodeHeap 'non-nmethods': size=8004Kb used=3483Kb max_used=3584Kb free=4520Kb
 bounds [0x0000795963c17000, 0x0000795963fa7000, 0x00007959643e8000]
CodeCache: size=245760Kb, used=10291Kb, max_used=10392Kb, free=235466Kb
 total_blobs=3415, nmethods=2899, adapters=415, full_count=0
Compilation: enabled, stopped_count=0, restarted_count=0

Compilation events (20 events):
Event: 4.834 Thread 0x00006cabac0b2380 nmethod 2848 0x0000795964566d90 code [0x0000795964567000, 0x0000795964567f48]
Event: 4.834 Thread 0x00006cabac0b2380 2840       4       org.apache.lucene.util.AttributeImpl::end (5 bytes)
Event: 4.835 Thread 0x00006cabac0b2380 nmethod 2840 0x0000795964568890 code [0x0000795964568a20, 0x0000795964568b08]
Event: 4.835 Thread 0x00006cabac0b2380 2882       4       org.apache.lucene.analysis.standard.StandardTokenizer::close (16 bytes)
Event: 4.836 Thread 0x00006cab08013e50 nmethod 2965 0x0000795964568b90 code [0x0000795964568d40, 0x0000795964568fc0]
Event: 4.836 Thread 0x00006cab08013e50 2895       4       org.apache.lucene.search.IndexSearcher::createWeight (45 bytes)
Event: 4.836 Thread 0x00006cabac0b2380 nmethod 2882 0x0000795964569090 code [0x0000795964569240, 0x00007959645693c0]
Event: 4.836 Thread 0x00006cabac0b2380 2893       4       org.apache.lucene.search.TermQuery::createWeight (63 bytes)
Event: 4.853 Thread 0x00006cabb8228230 nmethod 2842 0x0000795964569510 code [0x0000795964569700, 0x0000795964569fb0]
Event: 4.853 Thread 0x00006cabb8228230 2898       4       org.apache.lucene.search.IndexSearcher$3::consumeTerms (29 bytes)
Event: 4.854 Thread 0x00006cab9c0bbd90 nmethod 2883 0x000079596456a510 code [0x000079596456a880, 0x000079596456b7b8]
Event: 4.854 Thread 0x000079597454db50 nmethod 2824 0x000079596456c510 code [0x000079596456c840, 0x000079596456dc30]
Event: 4.854 Thread 0x00006cabb8228230 nmethod 2898 0x000079596456eb10 code [0x000079596456ec80, 0x000079596456ed40]
Event: 4.854 Thread 0x00006cab9c0bbd90 2890       4       org.apache.lucene.search.IndexSearcher::rewrite (33 bytes)
Event: 4.854 Thread 0x00006cabb8228230 2870       4       org.apache.lucene.search.TopScoreDocCollector::create (55 bytes)
Event: 4.854 Thread 0x000079597454db50 2900       4       org.apache.lucene.index.TermStates::get (121 bytes)
Event: 4.855 Thread 0x000079597454db50 nmethod 2900 0x000079596456ee10 code [0x000079596456efa0, 0x000079596456f0a8]
Event: 4.855 Thread 0x000079597454db50 2834       4       org.apache.lucene.search.TermQuery$TermWeight::getTermsEnum (155 bytes)
Event: 4.856 Thread 0x00006cab9c0bbd90 nmethod 2890 0x000079596456f190 code [0x000079596456f320, 0x000079596456f458]
Event: 4.856 Thread 0x00006cab9c0bbd90 2828       4       org.apache.lucene.search.TermQuery$TermWeight::scorer (146 bytes)

GC Heap History (0 events):
No events

Dll operation events (8 events):
Event: 0.001 Loaded shared library /mydata/openjdk-mmtk/build/b0test/images/jdk/lib/libjava.so
Event: 2.278 Loaded shared library /mydata/openjdk-mmtk/build/b0test/images/jdk/lib/libjsvml.so
Event: 2.291 Loaded shared library /mydata/openjdk-mmtk/build/b0test/images/jdk/lib/libnio.so
Event: 2.295 Loaded shared library /mydata/openjdk-mmtk/build/b0test/images/jdk/lib/libzip.so
Event: 2.309 Loaded shared library /mydata/openjdk-mmtk/build/b0test/images/jdk/lib/libjimage.so
Event: 2.335 Loaded shared library /mydata/openjdk-mmtk/build/b0test/images/jdk/lib/libnet.so
Event: 4.238 Loaded shared library /mydata/openjdk-mmtk/build/b0test/images/jdk/lib/libmanagement.so
Event: 4.240 Loaded shared library /mydata/openjdk-mmtk/build/b0test/images/jdk/lib/libmanagement_ext.so

Deoptimization events (20 events):
Event: 4.596 Thread 0x00007959747fb200 DEOPT PACKING pc=0x000079595c9bb033 sp=0x00006cac3e8fe730
Event: 4.596 Thread 0x00007959747fb200 DEOPT UNPACKING pc=0x0000795963c6ab2f sp=0x00006cac3e8fdc58 mode 0
Event: 4.615 Thread 0x0000795974802be0 DEOPT PACKING pc=0x000079595c9bb033 sp=0x00006cac3e3fe730
Event: 4.615 Thread 0x0000795974802be0 DEOPT UNPACKING pc=0x0000795963c6ab2f sp=0x00006cac3e3fdc58 mode 0
Event: 4.678 Thread 0x00007959747f2460 Uncommon trap: trap_request=0xfffffff4 fr.pc=0x000079596450d370 relative=0x0000000000000210
Event: 4.678 Thread 0x00007959747f2460 Uncommon trap: reason=null_check action=make_not_entrant pc=0x000079596450d370 method=org.apache.lucene.util.CloseableThreadLocal.get()Ljava/lang/Object; @ 7 c2
Event: 4.678 Thread 0x00007959747f2460 DEOPT PACKING pc=0x000079596450d370 sp=0x00006cac3eefe260
Event: 4.678 Thread 0x00007959747f2460 DEOPT UNPACKING pc=0x0000795963c6a399 sp=0x00006cac3eefe228 mode 2
Event: 4.679 Thread 0x00007959747eb960 Uncommon trap: trap_request=0xffffff45 fr.pc=0x00007959644e96b4 relative=0x0000000000002c54
Event: 4.679 Thread 0x00007959747eb960 Uncommon trap: reason=unstable_if action=reinterpret pc=0x00007959644e96b4 method=org.apache.lucene.queryparser.classic.QueryParserTokenManager.jjMoveNfa_2(II)I @ 1265 c2
Event: 4.679 Thread 0x00007959747eb960 DEOPT PACKING pc=0x00007959644e96b4 sp=0x00006cac843fe4b0
Event: 4.679 Thread 0x00007959747eb960 DEOPT UNPACKING pc=0x0000795963c6a399 sp=0x00006cac843fe468 mode 2
Event: 4.708 Thread 0x00007959747fe5d0 DEOPT PACKING pc=0x000079595ccccf55 sp=0x00006cac3e6fe2e0
Event: 4.708 Thread 0x00007959747fe5d0 DEOPT UNPACKING pc=0x0000795963c6ab2f sp=0x00006cac3e6fd798 mode 0
Event: 4.712 Thread 0x00007959747e8e40 DEOPT PACKING pc=0x000079595ccccf55 sp=0x00006cac845fe2c0
Event: 4.712 Thread 0x00007959747e8e40 DEOPT UNPACKING pc=0x0000795963c6ab2f sp=0x00006cac845fd778 mode 0
Event: 4.712 Thread 0x00007959747df9f0 DEOPT PACKING pc=0x000079595cccd4bf sp=0x00006cac84cfe270
Event: 4.712 Thread 0x00007959747df9f0 DEOPT UNPACKING pc=0x0000795963c6ab2f sp=0x00006cac84cfd728 mode 0
Event: 4.720 Thread 0x00007959747de4a0 DEOPT PACKING pc=0x000079595ccccf55 sp=0x00006cac84dfe2c0
Event: 4.720 Thread 0x00007959747de4a0 DEOPT UNPACKING pc=0x0000795963c6ab2f sp=0x00006cac84dfd778 mode 0

Classes loaded (20 events):
Event: 4.330 Loading class java/util/stream/SpinedBuffer$OfPrimitive
Event: 4.330 Loading class java/util/stream/AbstractSpinedBuffer
Event: 4.330 Loading class java/util/stream/AbstractSpinedBuffer done
Event: 4.330 Loading class java/util/stream/SpinedBuffer$OfPrimitive done
Event: 4.330 Loading class java/util/stream/SpinedBuffer$OfInt done
Event: 4.330 Loading class java/util/stream/Nodes$IntSpinedNodeBuilder done
Event: 4.330 Loading class java/util/stream/ReferencePipeline$8$1
Event: 4.330 Loading class java/util/stream/ReferencePipeline$8$1 done
Event: 4.331 Loading class java/util/Spliterators$IntArraySpliterator
Event: 4.331 Loading class java/util/Spliterators$IntArraySpliterator done
Event: 4.331 Loading class java/util/stream/IntPipeline$Head
Event: 4.331 Loading class java/util/stream/IntPipeline$Head done
Event: 4.348 Loading class java/lang/invoke/VarHandleSegmentAsShorts
Event: 4.349 Loading class java/lang/invoke/VarHandleSegmentAsShorts done
Event: 4.362 Loading class java/util/WeakHashMap$KeyIterator
Event: 4.362 Loading class java/util/WeakHashMap$HashIterator
Event: 4.362 Loading class java/util/WeakHashMap$HashIterator done
Event: 4.362 Loading class java/util/WeakHashMap$KeyIterator done
Event: 4.677 Loading class java/io/FileOutputStream$1
Event: 4.677 Loading class java/io/FileOutputStream$1 done

Classes unloaded (0 events):
No events

Classes redefined (0 events):
No events

Internal exceptions (20 events):
Event: 4.303 Thread 0x0000795974802be0 Exception <a 'java/lang/NoSuchMethodError'{0x0000000041e16a98}: 'java.lang.Object java.lang.invoke.Invokers$Holder.linkToTargetMethod(java.lang.Object, java.lang.Object, java.lang.Object, int, java.lang.Object)'> (0x0000000041e16a98) 
thrown [src/hotspot/share/interpreter/linkResolver.cpp, line 772]
Event: 4.303 Thread 0x00007959747e24a0 Exception <a 'java/lang/NoSuchMethodError'{0x0000000041deddb8}: 'java.lang.Object java.lang.invoke.Invokers$Holder.linkToTargetMethod(java.lang.Object, java.lang.Object, java.lang.Object, int, java.lang.Object)'> (0x0000000041deddb8) 
thrown [src/hotspot/share/interpreter/linkResolver.cpp, line 772]
Event: 4.303 Thread 0x00007959747ece10 Exception <a 'java/lang/NoSuchMethodError'{0x0000000041e3e0e0}: 'java.lang.Object java.lang.invoke.Invokers$Holder.linkToTargetMethod(java.lang.Object, java.lang.Object, java.lang.Object, int, java.lang.Object)'> (0x0000000041e3e0e0) 
thrown [src/hotspot/share/interpreter/linkResolver.cpp, line 772]
Event: 4.303 Thread 0x00007959747e7990 Exception <a 'java/lang/NoSuchMethodError'{0x0000000041d9b8a0}: 'java.lang.Object java.lang.invoke.Invokers$Holder.linkToTargetMethod(java.lang.Object, java.lang.Object, java.lang.Object, int, java.lang.Object)'> (0x0000000041d9b8a0) 
thrown [src/hotspot/share/interpreter/linkResolver.cpp, line 772]
Event: 4.303 Thread 0x00007959747e0f40 Exception <a 'java/lang/NoSuchMethodError'{0x0000000041d500a8}: 'java.lang.Object java.lang.invoke.Invokers$Holder.linkToTargetMethod(java.lang.Object, java.lang.Object, java.lang.Object, int, java.lang.Object)'> (0x0000000041d500a8) 
thrown [src/hotspot/share/interpreter/linkResolver.cpp, line 772]
Event: 4.303 Thread 0x00007959747fb200 Exception <a 'java/lang/NoSuchMethodError'{0x0000000041dffc60}: 'java.lang.Object java.lang.invoke.Invokers$Holder.linkToTargetMethod(java.lang.Object, java.lang.Object, java.lang.Object, int, java.lang.Object)'> (0x0000000041dffc60) 
thrown [src/hotspot/share/interpreter/linkResolver.cpp, line 772]
Event: 4.303 Thread 0x00007959747df9f0 Exception <a 'java/lang/NoSuchMethodError'{0x0000000041e0fed8}: 'java.lang.Object java.lang.invoke.Invokers$Holder.linkToTargetMethod(java.lang.Object, java.lang.Object, java.lang.Object, int, java.lang.Object)'> (0x0000000041e0fed8) 
thrown [src/hotspot/share/interpreter/linkResolver.cpp, line 772]
Event: 4.303 Thread 0x0000795974805820 Exception <a 'java/lang/NoSuchMethodError'{0x0000000041df68d8}: 'java.lang.Object java.lang.invoke.Invokers$Holder.linkToTargetMethod(java.lang.Object, java.lang.Object, java.lang.Object, int, java.lang.Object)'> (0x0000000041df68d8) 
thrown [src/hotspot/share/interpreter/linkResolver.cpp, line 772]
Event: 4.303 Thread 0x00007959747dcf60 Exception <a 'java/lang/NoSuchMethodError'{0x0000000041e5dcc0}: 'java.lang.Object java.lang.invoke.Invokers$Holder.linkToTargetMethod(java.lang.Object, java.lang.Object, java.lang.Object, int, java.lang.Object)'> (0x0000000041e5dcc0) 
thrown [src/hotspot/share/interpreter/linkResolver.cpp, line 772]
Event: 4.304 Thread 0x00007959747ea3d0 Exception <a 'java/lang/NoSuchMethodError'{0x0000000041d92588}: 'java.lang.Object java.lang.invoke.Invokers$Holder.linkToTargetMethod(java.lang.Object, java.lang.Object, java.lang.Object, int, java.lang.Object)'> (0x0000000041d92588) 
thrown [src/hotspot/share/interpreter/linkResolver.cpp, line 772]
Event: 4.321 Thread 0x00007959747ece10 Implicit null exception at 0x000079596441675e to 0x0000795964416818
Event: 4.321 Thread 0x00007959747ef770 Implicit null exception at 0x000079596441675e to 0x0000795964416818
Event: 4.321 Thread 0x0000795974804200 Implicit null exception at 0x000079596441675e to 0x0000795964416818
Event: 4.321 Thread 0x00007959747fb200 Implicit null exception at 0x000079596441675e to 0x0000795964416818
Event: 4.321 Thread 0x00007959747f9c10 Implicit null exception at 0x000079596441675e to 0x0000795964416818
Event: 4.330 Thread 0x0000795974804200 Exception <a 'java/lang/NoSuchMethodError'{0x000000004220e3e0}: 'void java.lang.invoke.DirectMethodHandle$Holder.invokeInterface(java.lang.Object, java.lang.Object, int)'> (0x000000004220e3e0) 
thrown [src/hotspot/share/interpreter/linkResolver.cpp, line 772]
Event: 4.331 Thread 0x0000795974804200 Exception <a 'java/lang/IncompatibleClassChangeError'{0x0000000042201a30}: Found class java.lang.Object, but interface was expected> (0x0000000042201a30) 
thrown [src/hotspot/share/interpreter/linkResolver.cpp, line 840]
Event: 4.336 Thread 0x00007959747fb200 Exception <a 'java/lang/NoSuchMethodError'{0x0000000042112570}: 'int java.lang.invoke.DirectMethodHandle$Holder.invokeStaticInit(java.lang.Object, java.lang.Object)'> (0x0000000042112570) 
thrown [src/hotspot/share/interpreter/linkResolver.cpp, line 772]
Event: 4.337 Thread 0x00007959747fb200 Exception <a 'java/lang/NoSuchMethodError'{0x000000004210c380}: 'java.lang.Object java.lang.invoke.Invokers$Holder.invokeExact_MT(java.lang.Object, java.lang.Object, java.lang.Object, java.lang.Object, java.lang.Object, java.lang.Object)'> (0x000000004210c380) 
thrown [src/hotspot/share/interpreter/linkResolver.cpp, line 772]
Event: 4.678 Thread 0x00007959747f2460 Implicit null exception at 0x000079596450d210 to 0x000079596450d360

ZGC Phase Switch (0 events):
No events

VM Operations (20 events):
Event: 4.572 Executing VM operation: ICBufferFull done
Event: 4.579 Executing VM operation: ICBufferFull
Event: 4.579 Executing VM operation: ICBufferFull done
Event: 4.584 Executing VM operation: ICBufferFull
Event: 4.589 Executing VM operation: ICBufferFull done
Event: 4.590 Executing VM operation: ICBufferFull
Event: 4.590 Executing VM operation: ICBufferFull done
Event: 4.591 Executing VM operation: ICBufferFull
Event: 4.592 Executing VM operation: ICBufferFull done
Event: 4.624 Executing VM operation: ThirdPartyHeapOperation
Event: 4.637 Executing VM operation: ThirdPartyHeapOperation done
Event: 4.641 Executing VM operation: ThirdPartyHeapOperation
Event: 4.661 Executing VM operation: ThirdPartyHeapOperation done
Event: 4.738 Executing VM operation: ThirdPartyHeapOperation
Event: 4.751 Executing VM operation: ThirdPartyHeapOperation done
Event: 4.755 Executing VM operation: ThirdPartyHeapOperation
Event: 4.785 Executing VM operation: ThirdPartyHeapOperation done
Event: 4.839 Executing VM operation: ThirdPartyHeapOperation
Event: 4.853 Executing VM operation: ThirdPartyHeapOperation done
Event: 4.856 Executing VM operation: ThirdPartyHeapOperation

Memory protections (20 events):
Event: 4.284 Protecting memory [0x00006cac3eb00000,0x00006cac3eb04000] with protection modes 0
Event: 4.284 Protecting memory [0x00006cac3ea00000,0x00006cac3ea04000] with protection modes 0
Event: 4.284 Protecting memory [0x00006cac3e900000,0x00006cac3e904000] with protection modes 0
Event: 4.284 Protecting memory [0x00006cac3e800000,0x00006cac3e804000] with protection modes 0
Event: 4.285 Protecting memory [0x00006cac3e700000,0x00006cac3e704000] with protection modes 0
Event: 4.285 Protecting memory [0x00006cac3e600000,0x00006cac3e604000] with protection modes 0
Event: 4.285 Protecting memory [0x00006cac3e500000,0x00006cac3e504000] with protection modes 0
Event: 4.285 Protecting memory [0x00006cac3e400000,0x00006cac3e404000] with protection modes 0
Event: 4.285 Protecting memory [0x00006cac3e300000,0x00006cac3e304000] with protection modes 0
Event: 4.286 Protecting memory [0x00006cac3e100000,0x00006cac3e104000] with protection modes 0
Event: 4.286 Protecting memory [0x00006cac3e200000,0x00006cac3e204000] with protection modes 0
Event: 4.288 Protecting memory [0x00006cac3e000000,0x00006cac3e004000] with protection modes 0
Event: 4.298 Protecting memory [0x00006cac3df00000,0x00006cac3df04000] with protection modes 0
Event: 4.303 Protecting memory [0x00006cac3de00000,0x00006cac3de04000] with protection modes 0
Event: 4.512 Protecting memory [0x00006cac3dd00000,0x00006cac3dd04000] with protection modes 0
Event: 4.513 Protecting memory [0x00006cac3dc00000,0x00006cac3dc04000] with protection modes 0
Event: 4.514 Protecting memory [0x00006cac3db00000,0x00006cac3db04000] with protection modes 0
Event: 4.517 Protecting memory [0x00006cac3da00000,0x00006cac3da04000] with protection modes 0
Event: 4.518 Protecting memory [0x00006cac3d900000,0x00006cac3d904000] with protection modes 0
Event: 4.520 Protecting memory [0x00006cac3d800000,0x00006cac3d804000] with protection modes 0

Nmethod flushes (0 events):
No events

Events (20 events):
Event: 4.284 Thread 0x000079597402b240 Thread added: 0x00007959747f69b0
Event: 4.284 Thread 0x000079597402b240 Thread added: 0x00007959747f8240
Event: 4.284 Thread 0x000079597402b240 Thread added: 0x00007959747f9c10
Event: 4.284 Thread 0x000079597402b240 Thread added: 0x00007959747fb200
Event: 4.285 Thread 0x000079597402b240 Thread added: 0x00007959747fcbe0
Event: 4.285 Thread 0x000079597402b240 Thread added: 0x00007959747fe5d0
Event: 4.285 Thread 0x000079597402b240 Thread added: 0x00007959747ffbd0
Event: 4.285 Thread 0x000079597402b240 Thread added: 0x00007959748015d0
Event: 4.285 Thread 0x000079597402b240 Thread added: 0x0000795974802be0
Event: 4.286 Thread 0x000079597402b240 Thread added: 0x0000795974804200
Event: 4.286 Thread 0x000079597402b240 Thread added: 0x0000795974805820
Event: 4.287 Thread 0x000079597402b240 Thread added: 0x0000795974806e50
Event: 4.297 Thread 0x00006cabac0adaa0 Thread added: 0x00006cab9c0bbd90
Event: 4.302 Thread 0x00006cabb80459b0 Thread added: 0x00006cabac0bad20
Event: 4.512 Thread 0x00006cabac0abb20 Thread added: 0x00006cabb0115e50
Event: 4.513 Thread 0x00006cabac0adaa0 Thread added: 0x00006cab9c149fe0
Event: 4.513 Thread 0x00006cabac0adaa0 Thread added: 0x00006cab9c14b730
Event: 4.517 Thread 0x00006cabac0abb20 Thread added: 0x00006cabb0118070
Event: 4.518 Thread 0x00006cab9c14b730 Thread added: 0x00006cab08013e50
Event: 4.520 Thread 0x0000795974557520 Thread added: 0x00006cabb8228230


Dynamic libraries:
40000000-40400000 rw-p 00000000 00:00 0                                  [anon:mmtk:space:immix]
40400000-41400000 rw-p 00000000 00:00 0                                  [anon:mmtk:space:los]
41400000-41800000 rw-p 00000000 00:00 0                                  [anon:mmtk:space:immix]
41800000-48000000 rw-p 00000000 00:00 0                                  [anon:mmtk:space:los]
48000000-48400000 rw-p 00000000 00:00 0                                  [anon:mmtk:space:immix]
48400000-49800000 rw-p 00000000 00:00 0                                  [anon:mmtk:space:los]
49800000-50400000 rw-p 00000000 00:00 0                                  [anon:mmtk:space:immix]
50400000-52800000 rw-p 00000000 00:00 0                                  [anon:mmtk:space:immix]
52800000-53400000 rw-p 00000000 00:00 0                                  [anon:mmtk:space:immix]
53400000-53800000 rw-p 00000000 00:00 0                                  [anon:mmtk:space:immix]
200000000000-2000c00c0000 rw-s 00000000 00:10 68                         anon_inode:bpf-map
5ab0e62e3000-5ab0e62e4000 r--p 00000000 fc:00 49676352                   /mydata/openjdk-mmtk/build/b0test/images/jdk/bin/java
5ab0e62e4000-5ab0e62e5000 r-xp 00001000 fc:00 49676352                   /mydata/openjdk-mmtk/build/b0test/images/jdk/bin/java
5ab0e62e5000-5ab0e62e6000 r--p 00002000 fc:00 49676352                   /mydata/openjdk-mmtk/build/b0test/images/jdk/bin/java
5ab0e62e6000-5ab0e62e7000 r--p 00002000 fc:00 49676352                   /mydata/openjdk-mmtk/build/b0test/images/jdk/bin/java
5ab0e62e7000-5ab0e62e8000 rw-p 00003000 fc:00 49676352                   /mydata/openjdk-mmtk/build/b0test/images/jdk/bin/java
5ab0f591a000-5ab0f5962000 rw-p 00000000 00:00 0                          [heap]
6caaf4000000-6caaf4450000 rw-p 00000000 00:00 0 
6caaf4450000-6caaf8000000 ---p 00000000 00:00 0 
6caafc000000-6caafc6e8000 rw-p 00000000 00:00 0 
6caafc6e8000-6cab00000000 ---p 00000000 00:00 0 
6cab00000000-6cab00537000 rw-p 00000000 00:00 0 
6cab00537000-6cab04000000 ---p 00000000 00:00 0 
6cab04000000-6cab045e4000 rw-p 00000000 00:00 0 
6cab045e4000-6cab08000000 ---p 00000000 00:00 0 
6cab08000000-6cab08691000 rw-p 00000000 00:00 0 
6cab08691000-6cab0c000000 ---p 00000000 00:00 0 
6cab0c000000-6cab0c489000 rw-p 00000000 00:00 0 
6cab0c489000-6cab10000000 ---p 00000000 00:00 0 
6cab10000000-6cab105cb000 rw-p 00000000 00:00 0 
6cab105cb000-6cab14000000 ---p 00000000 00:00 0 
6cab14000000-6cab14021000 rw-p 00000000 00:00 0 
6cab14021000-6cab18000000 ---p 00000000 00:00 0 
6cab18000000-6cab185b4000 rw-p 00000000 00:00 0 
6cab185b4000-6cab1c000000 ---p 00000000 00:00 0 
6cab1c000000-6cab1c021000 rw-p 00000000 00:00 0 
6cab1c021000-6cab20000000 ---p 00000000 00:00 0 
6cab20000000-6cab20021000 rw-p 00000000 00:00 0 
6cab20021000-6cab24000000 ---p 00000000 00:00 0 
6cab24000000-6cab24021000 rw-p 00000000 00:00 0 
6cab24021000-6cab28000000 ---p 00000000 00:00 0 
6cab28000000-6cab28021000 rw-p 00000000 00:00 0 
6cab28021000-6cab2c000000 ---p 00000000 00:00 0 
6cab2c000000-6cab2c021000 rw-p 00000000 00:00 0 
6cab2c021000-6cab30000000 ---p 00000000 00:00 0 
6cab30000000-6cab30021000 rw-p 00000000 00:00 0 
6cab30021000-6cab34000000 ---p 00000000 00:00 0 
6cab34000000-6cab34021000 rw-p 00000000 00:00 0 
6cab34021000-6cab38000000 ---p 00000000 00:00 0 
6cab38000000-6cab38021000 rw-p 00000000 00:00 0 
6cab38021000-6cab3c000000 ---p 00000000 00:00 0 
6cab3c000000-6cab3c021000 rw-p 00000000 00:00 0 
6cab3c021000-6cab40000000 ---p 00000000 00:00 0 
6cab40000000-6cab40021000 rw-p 00000000 00:00 0 
6cab40021000-6cab44000000 ---p 00000000 00:00 0 
6cab44000000-6cab44022000 rw-p 00000000 00:00 0 
6cab44022000-6cab48000000 ---p 00000000 00:00 0 
6cab48000000-6cab48026000 rw-p 00000000 00:00 0 
6cab48026000-6cab4c000000 ---p 00000000 00:00 0 
6cab4c000000-6cab4c021000 rw-p 00000000 00:00 0 
6cab4c021000-6cab50000000 ---p 00000000 00:00 0 
6cab50000000-6cab50028000 rw-p 00000000 00:00 0 
6cab50028000-6cab54000000 ---p 00000000 00:00 0 
6cab54000000-6cab54030000 rw-p 00000000 00:00 0 
6cab54030000-6cab58000000 ---p 00000000 00:00 0 
6cab58000000-6cab58021000 rw-p 00000000 00:00 0 
6cab58021000-6cab5c000000 ---p 00000000 00:00 0 
6cab5c000000-6cab5c03d000 rw-p 00000000 00:00 0 
6cab5c03d000-6cab60000000 ---p 00000000 00:00 0 
6cab60000000-6cab60029000 rw-p 00000000 00:00 0 
6cab60029000-6cab64000000 ---p 00000000 00:00 0 
6cab64000000-6cab64021000 rw-p 00000000 00:00 0 
6cab64021000-6cab68000000 ---p 00000000 00:00 0 
6cab68000000-6cab68027000 rw-p 00000000 00:00 0 
6cab68027000-6cab6c000000 ---p 00000000 00:00 0 
6cab6c000000-6cab6c021000 rw-p 00000000 00:00 0 
6cab6c021000-6cab70000000 ---p 00000000 00:00 0 
6cab70000000-6cab70021000 rw-p 00000000 00:00 0 
6cab70021000-6cab74000000 ---p 00000000 00:00 0 
6cab74000000-6cab74021000 rw-p 00000000 00:00 0 
6cab74021000-6cab78000000 ---p 00000000 00:00 0 
6cab78000000-6cab78021000 rw-p 00000000 00:00 0 
6cab78021000-6cab7c000000 ---p 00000000 00:00 0 
6cab7c000000-6cab7c021000 rw-p 00000000 00:00 0 
6cab7c021000-6cab80000000 ---p 00000000 00:00 0 
6cab80000000-6cab80021000 rw-p 00000000 00:00 0 
6cab80021000-6cab84000000 ---p 00000000 00:00 0 
6cab84000000-6cab84021000 rw-p 00000000 00:00 0 
6cab84021000-6cab88000000 ---p 00000000 00:00 0 
6cab88000000-6cab88021000 rw-p 00000000 00:00 0 
6cab88021000-6cab8c000000 ---p 00000000 00:00 0 
6cab8c000000-6cab8c021000 rw-p 00000000 00:00 0 
6cab8c021000-6cab90000000 ---p 00000000 00:00 0 
6cab90000000-6cab90021000 rw-p 00000000 00:00 0 
6cab90021000-6cab94000000 ---p 00000000 00:00 0 
6cab94000000-6cab944f5000 rw-p 00000000 00:00 0 
6cab944f5000-6cab98000000 ---p 00000000 00:00 0 
6cab98000000-6cab9802f000 rw-p 00000000 00:00 0 
6cab9802f000-6cab9c000000 ---p 00000000 00:00 0 
6cab9c000000-6cab9c1d1000 rw-p 00000000 00:00 0 
6cab9c1d1000-6caba0000000 ---p 00000000 00:00 0 
6caba0000000-6caba0094000 rw-p 00000000 00:00 0 
6caba0094000-6caba4000000 ---p 00000000 00:00 0 
6caba4000000-6caba4021000 rw-p 00000000 00:00 0 
6caba4021000-6caba8000000 ---p 00000000 00:00 0 
6caba8000000-6caba8021000 rw-p 00000000 00:00 0 
6caba8021000-6cabac000000 ---p 00000000 00:00 0 
6cabac000000-6cabac11f000 rw-p 00000000 00:00 0 
6cabac11f000-6cabb0000000 ---p 00000000 00:00 0 
6cabb0000000-6cabb0185000 rw-p 00000000 00:00 0 
6cabb0185000-6cabb4000000 ---p 00000000 00:00 0 
6cabb4000000-6cabb47ae000 rw-p 00000000 00:00 0 
6cabb47ae000-6cabb8000000 ---p 00000000 00:00 0 
6cabb8000000-6cabb829b000 rw-p 00000000 00:00 0 
6cabb829b000-6cabbc000000 ---p 00000000 00:00 0 
6cabbc000000-6cabbc021000 rw-p 00000000 00:00 0 
6cabbc021000-6cabc0000000 ---p 00000000 00:00 0 
6cabc0000000-6cabc0021000 rw-p 00000000 00:00 0 
6cabc0021000-6cabc4000000 ---p 00000000 00:00 0 
6cabc4000000-6cabc4032000 rw-p 00000000 00:00 0 
6cabc4032000-6cabc8000000 ---p 00000000 00:00 0 
6cabc8000000-6cabc8021000 rw-p 00000000 00:00 0 
6cabc8021000-6cabcc000000 ---p 00000000 00:00 0 
6cabcc000000-6cabcc043000 rw-p 00000000 00:00 0 
6cabcc043000-6cabd0000000 ---p 00000000 00:00 0 
6cabd0000000-6cabd002b000 rw-p 00000000 00:00 0 
6cabd002b000-6cabd4000000 ---p 00000000 00:00 0 
6cabd4000000-6cabd404b000 rw-p 00000000 00:00 0 
6cabd404b000-6cabd8000000 ---p 00000000 00:00 0 
6cabd8000000-6cabd8032000 rw-p 00000000 00:00 0 
6cabd8032000-6cabdc000000 ---p 00000000 00:00 0 
6cabdc000000-6cabdc042000 rw-p 00000000 00:00 0 
6cabdc042000-6cabe0000000 ---p 00000000 00:00 0 
6cabe0000000-6cabe0022000 rw-p 00000000 00:00 0 
6cabe0022000-6cabe4000000 ---p 00000000 00:00 0 
6cabe4000000-6cabe40ec000 rw-p 00000000 00:00 0 
6cabe40ec000-6cabe8000000 ---p 00000000 00:00 0 
6cabe8000000-6cabe8043000 rw-p 00000000 00:00 0 
6cabe8043000-6cabec000000 ---p 00000000 00:00 0 
6cabec000000-6cabec02a000 rw-p 00000000 00:00 0 
6cabec02a000-6cabf0000000 ---p 00000000 00:00 0 
6cabf0000000-6cabf0033000 rw-p 00000000 00:00 0 
6cabf0033000-6cabf4000000 ---p 00000000 00:00 0 
6cabf4000000-6cabf4032000 rw-p 00000000 00:00 0 
6cabf4032000-6cabf8000000 ---p 00000000 00:00 0 
6cabf8000000-6cabf803e000 rw-p 00000000 00:00 0 
6cabf803e000-6cabfc000000 ---p 00000000 00:00 0 
6cabfc000000-6cabfc0c8000 rw-p 00000000 00:00 0 
6cabfc0c8000-6cac00000000 ---p 00000000 00:00 0 
6cac00000000-6cac0002a000 rw-p 00000000 00:00 0 
6cac0002a000-6cac04000000 ---p 00000000 00:00 0 
6cac04000000-6cac04033000 rw-p 00000000 00:00 0 
6cac04033000-6cac08000000 ---p 00000000 00:00 0 
6cac08000000-6cac08053000 rw-p 00000000 00:00 0 
6cac08053000-6cac0c000000 ---p 00000000 00:00 0 
6cac0c000000-6cac0c02b000 rw-p 00000000 00:00 0 
6cac0c02b000-6cac10000000 ---p 00000000 00:00 0 
6cac10000000-6cac10053000 rw-p 00000000 00:00 0 
6cac10053000-6cac14000000 ---p 00000000 00:00 0 
6cac14000000-6cac14042000 rw-p 00000000 00:00 0 
6cac14042000-6cac18000000 ---p 00000000 00:00 0 
6cac18000000-6cac1832c000 rw-p 00000000 00:00 0 
6cac1832c000-6cac1c000000 ---p 00000000 00:00 0 
6cac1c000000-6cac1c02c000 rw-p 00000000 00:00 0 
6cac1c02c000-6cac20000000 ---p 00000000 00:00 0 
6cac20000000-6cac20024000 rw-p 00000000 00:00 0 
6cac20024000-6cac24000000 ---p 00000000 00:00 0 
6cac24000000-6cac24021000 rw-p 00000000 00:00 0 
6cac24021000-6cac28000000 ---p 00000000 00:00 0 
6cac28000000-6cac28021000 rw-p 00000000 00:00 0 
6cac28021000-6cac2c000000 ---p 00000000 00:00 0 
6cac2c000000-6cac2c021000 rw-p 00000000 00:00 0 
6cac2c021000-6cac30000000 ---p 00000000 00:00 0 
6cac30000000-6cac30021000 rw-p 00000000 00:00 0 
6cac30021000-6cac34000000 ---p 00000000 00:00 0 
6cac34000000-6cac34370000 rw-p 00000000 00:00 0 
6cac34370000-6cac34400000 ---p 00000000 00:00 0 
6cac34400000-6cac349b0000 rw-p 00000000 00:00 0 
6cac349b0000-6cac38000000 ---p 00000000 00:00 0 
6cac38000000-6cac38021000 rw-p 00000000 00:00 0 
6cac38021000-6cac3c000000 ---p 00000000 00:00 0 
6cac3d800000-6cac3d804000 ---p 00000000 00:00 0 
6cac3d804000-6cac3d900000 rw-p 00000000 00:00 0 
6cac3d900000-6cac3d904000 ---p 00000000 00:00 0 
6cac3d904000-6cac3da00000 rw-p 00000000 00:00 0 
6cac3da00000-6cac3da04000 ---p 00000000 00:00 0 
6cac3da04000-6cac3db00000 rw-p 00000000 00:00 0 
6cac3db00000-6cac3db04000 ---p 00000000 00:00 0 
6cac3db04000-6cac3dc00000 rw-p 00000000 00:00 0 
6cac3dc00000-6cac3dc04000 ---p 00000000 00:00 0 
6cac3dc04000-6cac3dd00000 rw-p 00000000 00:00 0 
6cac3dd00000-6cac3dd04000 ---p 00000000 00:00 0 
6cac3dd04000-6cac3de00000 rw-p 00000000 00:00 0 
6cac3de00000-6cac3de04000 ---p 00000000 00:00 0 
6cac3de04000-6cac3df00000 rw-p 00000000 00:00 0 
6cac3df00000-6cac3df04000 ---p 00000000 00:00 0 
6cac3df04000-6cac3e000000 rw-p 00000000 00:00 0 
6cac3e000000-6cac3e004000 ---p 00000000 00:00 0 
6cac3e004000-6cac3e100000 rw-p 00000000 00:00 0 
6cac3e100000-6cac3e104000 ---p 00000000 00:00 0 
6cac3e104000-6cac3e200000 rw-p 00000000 00:00 0 
6cac3e200000-6cac3e204000 ---p 00000000 00:00 0 
6cac3e204000-6cac3e300000 rw-p 00000000 00:00 0 
6cac3e300000-6cac3e304000 ---p 00000000 00:00 0 
6cac3e304000-6cac3e400000 rw-p 00000000 00:00 0 
6cac3e400000-6cac3e404000 ---p 00000000 00:00 0 
6cac3e404000-6cac3e500000 rw-p 00000000 00:00 0 
6cac3e500000-6cac3e504000 ---p 00000000 00:00 0 
6cac3e504000-6cac3e600000 rw-p 00000000 00:00 0 
6cac3e600000-6cac3e604000 ---p 00000000 00:00 0 
6cac3e604000-6cac3e700000 rw-p 00000000 00:00 0 
6cac3e700000-6cac3e704000 ---p 00000000 00:00 0 
6cac3e704000-6cac3e800000 rw-p 00000000 00:00 0 
6cac3e800000-6cac3e804000 ---p 00000000 00:00 0 
6cac3e804000-6cac3e900000 rw-p 00000000 00:00 0 
6cac3e900000-6cac3e904000 ---p 00000000 00:00 0 
6cac3e904000-6cac3ea00000 rw-p 00000000 00:00 0 
6cac3ea00000-6cac3ea04000 ---p 00000000 00:00 0 
6cac3ea04000-6cac3eb00000 rw-p 00000000 00:00 0 
6cac3eb00000-6cac3eb04000 ---p 00000000 00:00 0 
6cac3eb04000-6cac3ec00000 rw-p 00000000 00:00 0 
6cac3ec00000-6cac3ec04000 ---p 00000000 00:00 0 
6cac3ec04000-6cac3ed00000 rw-p 00000000 00:00 0 
6cac3ed00000-6cac3ed04000 ---p 00000000 00:00 0 
6cac3ed04000-6cac3ee00000 rw-p 00000000 00:00 0 
6cac3ee00000-6cac3ee04000 ---p 00000000 00:00 0 
6cac3ee04000-6cac3ef00000 rw-p 00000000 00:00 0 
6cac3ef00000-6cac3ef04000 ---p 00000000 00:00 0 
6cac3ef04000-6cac3f000000 rw-p 00000000 00:00 0 
6cac3f000000-6cac3fca3000 rw-p 00001000 fc:00 49677060                   /mydata/openjdk-mmtk/build/b0test/images/jdk/lib/server/classes.jsa
6cac3fca3000-6cac40000000 ---p 00000000 00:00 0 
6cac40000000-6cac40040000 rw-p 00000000 00:00 0 
6cac40040000-6cac400c0000 rw-p 00000000 00:00 0 
6cac400c0000-6cac400e0000 rw-p 00000000 00:00 0 
6cac400e0000-6cac40100000 ---p 00000000 00:00 0 
6cac40100000-6cac401d0000 rw-p 00000000 00:00 0 
6cac401d0000-6cac80000000 ---p 00000000 00:00 0 
6cac80000000-6cac80021000 rw-p 00000000 00:00 0 
6cac80021000-6cac84004000 ---p 00000000 00:00 0 
6cac84004000-6cac84100000 rw-p 00000000 00:00 0 
6cac84100000-6cac84104000 ---p 00000000 00:00 0 
6cac84104000-6cac84200000 rw-p 00000000 00:00 0 
6cac84200000-6cac84204000 ---p 00000000 00:00 0 
6cac84204000-6cac84300000 rw-p 00000000 00:00 0 
6cac84300000-6cac84304000 ---p 00000000 00:00 0 
6cac84304000-6cac84400000 rw-p 00000000 00:00 0 
6cac84400000-6cac84404000 ---p 00000000 00:00 0 
6cac84404000-6cac84500000 rw-p 00000000 00:00 0 
6cac84500000-6cac84504000 ---p 00000000 00:00 0 
6cac84504000-6cac84600000 rw-p 00000000 00:00 0 
6cac84600000-6cac84604000 ---p 00000000 00:00 0 
6cac84604000-6cac84700000 rw-p 00000000 00:00 0 
6cac84700000-6cac84704000 ---p 00000000 00:00 0 
6cac84704000-6cac84800000 rw-p 00000000 00:00 0 
6cac84800000-6cac84804000 ---p 00000000 00:00 0 
6cac84804000-6cac84900000 rw-p 00000000 00:00 0 
6cac84900000-6cac84904000 ---p 00000000 00:00 0 
6cac84904000-6cac84a00000 rw-p 00000000 00:00 0 
6cac84a00000-6cac84a04000 ---p 00000000 00:00 0 
6cac84a04000-6cac84b00000 rw-p 00000000 00:00 0 
6cac84b00000-6cac84b04000 ---p 00000000 00:00 0 
6cac84b04000-6cac84c00000 rw-p 00000000 00:00 0 
6cac84c00000-6cac84c04000 ---p 00000000 00:00 0 
6cac84c04000-6cac84d00000 rw-p 00000000 00:00 0 
6cac84d00000-6cac84d04000 ---p 00000000 00:00 0 
6cac84d04000-6cac84e00000 rw-p 00000000 00:00 0 
6cac84e00000-6cac85265000 r--s 00000000 fc:00 7871857                    /mydata/dacapo/dacapo-23.11/dacapo-23.11-MR2-chopin/dat/lusearch/index-default/_3_Lucene90_0.tim
6cac85300000-6cac85304000 ---p 00000000 00:00 0 
6cac85304000-6cac85400000 rw-p 00000000 00:00 0 
6cac85400000-6cac85801000 r--s 00000000 fc:00 7871856                    /mydata/dacapo/dacapo-23.11/dacapo-23.11-MR2-chopin/dat/lusearch/index-default/_3_Lucene90_0.doc
6cac858ec000-6cac858f0000 ---p 00000000 00:00 0 
6cac858f0000-6cac859ec000 rw-p 00000000 00:00 0 
6cac859ec000-6cac859f0000 ---p 00000000 00:00 0 
6cac859f0000-6cac85aec000 rw-p 00000000 00:00 0 
6cac85aec000-6cac85af0000 ---p 00000000 00:00 0 
6cac85af0000-6cac85bec000 rw-p 00000000 00:00 0 
6cac85bec000-6cac85bf0000 ---p 00000000 00:00 0 
6cac85bf0000-6cac85cec000 rw-p 00000000 00:00 0 
6cac85cec000-6cac85cf0000 ---p 00000000 00:00 0 
6cac85cf0000-6cac85dec000 rw-p 00000000 00:00 0 
6cac85dec000-6cac85df0000 ---p 00000000 00:00 0 
6cac85df0000-6cac85eec000 rw-p 00000000 00:00 0 
6cac85eec000-6cac85ef0000 ---p 00000000 00:00 0 
6cac85ef0000-6cac85fec000 rw-p 00000000 00:00 0 
6cac85fec000-6cac85ff0000 ---p 00000000 00:00 0 
6cac85ff0000-6cac860ec000 rw-p 00000000 00:00 0 
6cac860ec000-6cac860f0000 ---p 00000000 00:00 0 
6cac860f0000-6cac861ec000 rw-p 00000000 00:00 0 
6cac861ec000-6cac861f0000 ---p 00000000 00:00 0 
6cac861f0000-6cac862ec000 rw-p 00000000 00:00 0 
6cac862ec000-6cac862f0000 ---p 00000000 00:00 0 
6cac862f0000-6cac863ec000 rw-p 00000000 00:00 0 
6cac863ec000-6cac863f0000 ---p 00000000 00:00 0 
6cac863f0000-6cac864ec000 rw-p 00000000 00:00 0 
6cac864ec000-6cac864f0000 ---p 00000000 00:00 0 
6cac864f0000-6cac865ec000 rw-p 00000000 00:00 0 
6cac865ec000-6cac865ed000 ---p 00000000 00:00 0 
6cac865ed000-6cac866ed000 rw-p 00000000 00:00 0 
6cac866ed000-6cac866ee000 ---p 00000000 00:00 0 
6cac866ee000-6cac867ee000 rw-p 00000000 00:00 0 
6cac867ee000-6cac867ef000 ---p 00000000 00:00 0 
6cac867ef000-6cac868ef000 rw-p 00000000 00:00 0 
6cac868ef000-6cac868f0000 ---p 00000000 00:00 0 
6cac868f0000-6cac869f0000 rw-p 00000000 00:00 0 
6cac869f0000-6cac869f1000 ---p 00000000 00:00 0 
6cac869f1000-6cac86af1000 rw-p 00000000 00:00 0 
6cac86af1000-6cac86af2000 ---p 00000000 00:00 0 
6cac86af2000-6cac86bf2000 rw-p 00000000 00:00 0 
6cac86bf2000-6cac86bf3000 ---p 00000000 00:00 0 
6cac86bf3000-6cac86cf3000 rw-p 00000000 00:00 0 
6cac86cf3000-6cac86cf4000 ---p 00000000 00:00 0 
6cac86cf4000-6cac86df4000 rw-p 00000000 00:00 0 
6cac86df4000-6cac86df5000 ---p 00000000 00:00 0 
6cac86df5000-6cac86ef5000 rw-p 00000000 00:00 0 
6cac86ef5000-6cac86ef6000 ---p 00000000 00:00 0 
6cac86ef6000-6cac86ff6000 rw-p 00000000 00:00 0 
6cac86ff6000-6cac86ff7000 ---p 00000000 00:00 0 
6cac86ff7000-6cac870f7000 rw-p 00000000 00:00 0 
6cac870f7000-6cac870f8000 ---p 00000000 00:00 0 
6cac870f8000-6cac871f8000 rw-p 00000000 00:00 0 
6cac871f8000-6cac871f9000 ---p 00000000 00:00 0 
6cac871f9000-6cac872f9000 rw-p 00000000 00:00 0 
6cac872f9000-6cac872fa000 ---p 00000000 00:00 0 
6cac872fa000-6cac873fa000 rw-p 00000000 00:00 0 
6cac873fa000-6cac873fb000 ---p 00000000 00:00 0 
6cac873fb000-6cac874fb000 rw-p 00000000 00:00 0 
6cac874fb000-6cac874fc000 ---p 00000000 00:00 0 
6cac874fc000-6cac875fc000 rw-p 00000000 00:00 0 
6cac875fc000-6cac875fd000 ---p 00000000 00:00 0 
6cac875fd000-6cac876fd000 rw-p 00000000 00:00 0 
6cac876fd000-6cac876fe000 ---p 00000000 00:00 0 
6cac876fe000-6cac877fe000 rw-p 00000000 00:00 0 
6cac877fe000-6cac877ff000 ---p 00000000 00:00 0 
6cac877ff000-6cac878ff000 rw-p 00000000 00:00 0 
6cac878ff000-6cac87900000 ---p 00000000 00:00 0 
6cac87900000-6cac87a00000 rw-p 00000000 00:00 0 
6cac87a00000-6cac87ceb000 r--p 00000000 08:03 1410552                    /usr/lib/locale/locale-archive
6cac87cfa000-6cac87cfb000 ---p 00000000 00:00 0 
6cac87cfb000-6cac87dfb000 rw-p 00000000 00:00 0 
6cac87dfb000-6cacb8400000 rw-p 00000000 00:00 0 
6cacb8400000-6cacb9400000 ---p 00000000 00:00 0                          [anon:mmtk:sidemeta:all:all-quarantined]
6cacb9400000-6cacb9c00000 rw-p 00000000 00:00 0                          [anon:mmtk:sidemeta:immix:VO_BIT]
6cacb9c00000-6eacba400000 ---p 00000000 00:00 0                          [anon:mmtk:sidemeta:all:all-quarantined]
6eacba400000-6eacba800000 rw-p 00000000 00:00 0                          [anon:mmtk:sidemeta:immix:CHUNK_MARK]
6eacba800000-6eacbd400000 ---p 00000000 00:00 0                          [anon:mmtk:sidemeta:all:all-quarantined]
6eacbd400000-6eacbdc00000 rw-p 00000000 00:00 0                          [anon:mmtk:sidemeta:immix:VMGlobalLogBitSpec]
6eacbdc00000-70b4bc800000 ---p 00000000 00:00 0                          [anon:mmtk:sidemeta:all:all-quarantined]
70b4bc800000-70b4bcc00000 rw-p 00000000 00:00 0                          [anon:mmtk:sidemeta:immix:IX_LINE_MARK]
70b4bcc00000-7134bc400000 ---p 00000000 00:00 0                          [anon:mmtk:sidemeta:all:all-quarantined]
7134bc400000-7134bc800000 rw-p 00000000 00:00 0                          [anon:mmtk:sidemeta:immix:IX_BLOCK_DEFRAG]
7134bc800000-7135bc400000 ---p 00000000 00:00 0                          [anon:mmtk:sidemeta:all:all-quarantined]
7135bc400000-7135bc800000 rw-p 00000000 00:00 0                          [anon:mmtk:sidemeta:immix:IX_BLOCK_MARK]
7135bc800000-77573c400000 ---p 00000000 00:00 0                          [anon:mmtk:sidemeta:all:all-quarantined]
77573c400000-77573c800000 rw-p 00000000 00:00 0                          [anon:mmtk:sidemeta:los:VMLocalLOSMarkNurserySpec]
77573c800000-77593d400000 ---p 00000000 00:00 0                          [anon:mmtk:sidemeta:all:all-quarantined]
77593d400000-77593dc00000 rw-p 00000000 00:00 0                          [anon:mmtk:sidemeta:immix:VMLocalMarkBitSpec]
77593dc00000-79593c400000 ---p 00000000 00:00 0                          [anon:mmtk:sidemeta:all:all-quarantined]
79593c4fd000-79593c4fe000 ---p 00000000 00:00 0 
79593c4fe000-79593c5fe000 rw-p 00000000 00:00 0 
79593c5fe000-79593c5ff000 ---p 00000000 00:00 0 
79593c5ff000-79593c6ff000 rw-p 00000000 00:00 0 
79593c6ff000-79593c703000 ---p 00000000 00:00 0 
79593c703000-79593c7ff000 rw-p 00000000 00:00 0 
79593c7ff000-79595c800000 rw-p 00000000 00:00 0 
79595c800000-79595cd20000 rwxp 00000000 00:00 0 
79595cd20000-795963c17000 ---p 00000000 00:00 0 
795963c17000-795963fa7000 rwxp 00000000 00:00 0 
795963fa7000-7959643e8000 ---p 00000000 00:00 0 
7959643e8000-795964658000 rwxp 00000000 00:00 0 
795964658000-79596b800000 ---p 00000000 00:00 0 
79596b800000-795973fa0000 r--s 00000000 fc:00 49676300                   /mydata/openjdk-mmtk/build/b0test/images/jdk/lib/modules
795974000000-79597480b000 rw-p 00000000 00:00 0 
79597480b000-795978000000 ---p 00000000 00:00 0 
79597802c000-795978031000 r--p 00000000 fc:00 49676433                   /mydata/openjdk-mmtk/build/b0test/images/jdk/lib/libjsvml.so
795978031000-795978072000 r-xp 00005000 fc:00 49676433                   /mydata/openjdk-mmtk/build/b0test/images/jdk/lib/libjsvml.so
795978072000-7959780fb000 r--p 00046000 fc:00 49676433                   /mydata/openjdk-mmtk/build/b0test/images/jdk/lib/libjsvml.so
7959780fb000-7959780fc000 r--p 000ce000 fc:00 49676433                   /mydata/openjdk-mmtk/build/b0test/images/jdk/lib/libjsvml.so
7959780fc000-7959780fd000 rw-p 000cf000 fc:00 49676433                   /mydata/openjdk-mmtk/build/b0test/images/jdk/lib/libjsvml.so
7959780fd000-795978101000 ---p 00000000 00:00 0 
795978101000-7959781fd000 rw-p 00000000 00:00 0 
7959781fd000-795978201000 ---p 00000000 00:00 0 
795978201000-7959782fd000 rw-p 00000000 00:00 0 
7959782fd000-7959782fe000 ---p 00000000 00:00 0 
7959782fe000-7959783fe000 rw-p 00000000 00:00 0 
7959783fe000-7959783ff000 ---p 00000000 00:00 0 
7959783ff000-7959784ff000 rw-p 00000000 00:00 0 
7959784ff000-795978500000 ---p 00000000 00:00 0 
795978500000-795978600000 rw-p 00000000 00:00 0 
795978600000-79597b600000 rw-p 00000000 00:00 0 
79597b600000-79597b60c000 r--p 00000000 fc:00 13107796                   /mydata/gc-bpf-fault/shim/libgcbpf.so
79597b60c000-79597b66e000 r-xp 0000c000 fc:00 13107796                   /mydata/gc-bpf-fault/shim/libgcbpf.so
79597b66e000-79597b8de000 r--p 0006e000 fc:00 13107796                   /mydata/gc-bpf-fault/shim/libgcbpf.so
79597b8de000-79597b8e0000 r--p 002de000 fc:00 13107796                   /mydata/gc-bpf-fault/shim/libgcbpf.so
79597b8e0000-79597b8e1000 rw-p 002e0000 fc:00 13107796                   /mydata/gc-bpf-fault/shim/libgcbpf.so
79597b8e1000-79597b8e2000 rw-p 00000000 00:00 0 
79597b914000-79597b91b000 r--s 00000000 08:03 1436340                    /usr/lib/x86_64-linux-gnu/gconv/gconv-modules.cache
79597b91b000-79597b942000 r--s 00000000 fc:00 7871850                    /mydata/dacapo/dacapo-23.11/dacapo-23.11-MR2-chopin/dat/lusearch/index-default/_3.fdt
79597b942000-79597b965000 r--s 00000000 fc:00 7871858                    /mydata/dacapo/dacapo-23.11/dacapo-23.11-MR2-chopin/dat/lusearch/index-default/_3_Lucene90_0.tip
79597b965000-79597b968000 r--p 00000000 fc:00 49676376                   /mydata/openjdk-mmtk/build/b0test/images/jdk/lib/libnet.so
79597b968000-79597b970000 r-xp 00003000 fc:00 49676376                   /mydata/openjdk-mmtk/build/b0test/images/jdk/lib/libnet.so
79597b970000-79597b972000 r--p 0000b000 fc:00 49676376                   /mydata/openjdk-mmtk/build/b0test/images/jdk/lib/libnet.so
79597b972000-79597b973000 r--p 0000c000 fc:00 49676376                   /mydata/openjdk-mmtk/build/b0test/images/jdk/lib/libnet.so
79597b973000-79597b974000 rw-p 0000d000 fc:00 49676376                   /mydata/openjdk-mmtk/build/b0test/images/jdk/lib/libnet.so
79597b974000-79597b978000 r--p 00000000 08:03 1410107                    /usr/lib/x86_64-linux-gnu/libzstd.so.1.5.5
79597b978000-79597ba1f000 r-xp 00004000 08:03 1410107                    /usr/lib/x86_64-linux-gnu/libzstd.so.1.5.5
79597ba1f000-79597ba2c000 r--p 000ab000 08:03 1410107                    /usr/lib/x86_64-linux-gnu/libzstd.so.1.5.5
79597ba2c000-79597ba2d000 r--p 000b7000 08:03 1410107                    /usr/lib/x86_64-linux-gnu/libzstd.so.1.5.5
79597ba2d000-79597ba2e000 rw-p 000b8000 08:03 1410107                    /usr/lib/x86_64-linux-gnu/libzstd.so.1.5.5
79597ba2e000-79597ba33000 rw-p 00000000 00:00 0 
79597ba33000-79597bb17000 ---p 00000000 00:00 0 
79597bb17000-79597bb22000 rw-p 00000000 00:00 0 
79597bb22000-79597bc00000 ---p 00000000 00:00 0 
79597bc00000-79597bd48000 r--p 00000000 fc:00 49676390                   /mydata/openjdk-mmtk/build/b0test/images/jdk/lib/server/libmmtk_openjdk.so
79597bd48000-79597bfc7000 r-xp 00147000 fc:00 49676390                   /mydata/openjdk-mmtk/build/b0test/images/jdk/lib/server/libmmtk_openjdk.so
79597bfc7000-79597c007000 r--p 003c5000 fc:00 49676390                   /mydata/openjdk-mmtk/build/b0test/images/jdk/lib/server/libmmtk_openjdk.so
79597c007000-79597c00a000 rw-p 00404000 fc:00 49676390                   /mydata/openjdk-mmtk/build/b0test/images/jdk/lib/server/libmmtk_openjdk.so
79597c00a000-79597c00c000 rw-p 00000000 00:00 0 
79597c00f000-79597c011000 r--p 00000000 fc:00 49676482                   /mydata/openjdk-mmtk/build/b0test/images/jdk/lib/libmanagement_ext.so
79597c011000-79597c014000 r-xp 00002000 fc:00 49676482                   /mydata/openjdk-mmtk/build/b0test/images/jdk/lib/libmanagement_ext.so
79597c014000-79597c015000 r--p 00005000 fc:00 49676482                   /mydata/openjdk-mmtk/build/b0test/images/jdk/lib/libmanagement_ext.so
79597c015000-79597c016000 r--p 00006000 fc:00 49676482                   /mydata/openjdk-mmtk/build/b0test/images/jdk/lib/libmanagement_ext.so
79597c016000-79597c017000 rw-p 00007000 fc:00 49676482                   /mydata/openjdk-mmtk/build/b0test/images/jdk/lib/libmanagement_ext.so
79597c017000-79597c01b000 ---p 00000000 00:00 0 
79597c01b000-79597c117000 rw-p 00000000 00:00 0 
79597c117000-79597c127000 r--p 00000000 08:03 1411099                    /usr/lib/x86_64-linux-gnu/libm.so.6
79597c127000-79597c1a6000 r-xp 00010000 08:03 1411099                    /usr/lib/x86_64-linux-gnu/libm.so.6
79597c1a6000-79597c1fe000 r--p 0008f000 08:03 1411099                    /usr/lib/x86_64-linux-gnu/libm.so.6
79597c1fe000-79597c1ff000 r--p 000e7000 08:03 1411099                    /usr/lib/x86_64-linux-gnu/libm.so.6
79597c1ff000-79597c200000 rw-p 000e8000 08:03 1411099                    /usr/lib/x86_64-linux-gnu/libm.so.6
79597c200000-79597c4a9000 r--p 00000000 fc:00 49676389                   /mydata/openjdk-mmtk/build/b0test/images/jdk/lib/server/libjvm.so
79597c4a9000-79597d33c000 r-xp 002a9000 fc:00 49676389                   /mydata/openjdk-mmtk/build/b0test/images/jdk/lib/server/libjvm.so
79597d33c000-79597d620000 r--p 0113c000 fc:00 49676389                   /mydata/openjdk-mmtk/build/b0test/images/jdk/lib/server/libjvm.so
79597d620000-79597d6f6000 r--p 0141f000 fc:00 49676389                   /mydata/openjdk-mmtk/build/b0test/images/jdk/lib/server/libjvm.so
79597d6f6000-79597d726000 rw-p 014f5000 fc:00 49676389                   /mydata/openjdk-mmtk/build/b0test/images/jdk/lib/server/libjvm.so
79597d726000-79597d78c000 rw-p 00000000 00:00 0 
79597d791000-79597d793000 r--p 00000000 fc:00 49676410                   /mydata/openjdk-mmtk/build/b0test/images/jdk/lib/libmanagement.so
79597d793000-79597d794000 r-xp 00002000 fc:00 49676410                   /mydata/openjdk-mmtk/build/b0test/images/jdk/lib/libmanagement.so
79597d794000-79597d795000 r--p 00003000 fc:00 49676410                   /mydata/openjdk-mmtk/build/b0test/images/jdk/lib/libmanagement.so
79597d795000-79597d796000 r--p 00003000 fc:00 49676410                   /mydata/openjdk-mmtk/build/b0test/images/jdk/lib/libmanagement.so
79597d796000-79597d797000 rw-p 00004000 fc:00 49676410                   /mydata/openjdk-mmtk/build/b0test/images/jdk/lib/libmanagement.so
79597d797000-79597d79e000 r--p 00000000 fc:00 49676377                   /mydata/openjdk-mmtk/build/b0test/images/jdk/lib/libnio.so
79597d79e000-79597d7a7000 r-xp 00007000 fc:00 49676377                   /mydata/openjdk-mmtk/build/b0test/images/jdk/lib/libnio.so
79597d7a7000-79597d7ab000 r--p 00010000 fc:00 49676377                   /mydata/openjdk-mmtk/build/b0test/images/jdk/lib/libnio.so
79597d7ab000-79597d7ac000 r--p 00014000 fc:00 49676377                   /mydata/openjdk-mmtk/build/b0test/images/jdk/lib/libnio.so
79597d7ac000-79597d7ad000 rw-p 00015000 fc:00 49676377                   /mydata/openjdk-mmtk/build/b0test/images/jdk/lib/libnio.so
79597d7ad000-79597d7b0000 r--p 00000000 08:03 1410420                    /usr/lib/x86_64-linux-gnu/libelf-0.190.so
79597d7b0000-79597d7c6000 r-xp 00003000 08:03 1410420                    /usr/lib/x86_64-linux-gnu/libelf-0.190.so
79597d7c6000-79597d7ca000 r--p 00019000 08:03 1410420                    /usr/lib/x86_64-linux-gnu/libelf-0.190.so
79597d7ca000-79597d7cb000 r--p 0001c000 08:03 1410420                    /usr/lib/x86_64-linux-gnu/libelf-0.190.so
79597d7cb000-79597d7cc000 rw-p 0001d000 08:03 1410420                    /usr/lib/x86_64-linux-gnu/libelf-0.190.so
79597d7cc000-79597d7d4000 rw-p 00000000 00:00 0 
79597d7d4000-79597d7dc000 ---p 00000000 00:00 0 
79597d7dc000-79597d7e9000 r--p 00000000 fc:00 49676369                   /mydata/openjdk-mmtk/build/b0test/images/jdk/lib/libjava.so
79597d7e9000-79597d7f8000 r-xp 0000d000 fc:00 49676369                   /mydata/openjdk-mmtk/build/b0test/images/jdk/lib/libjava.so
79597d7f8000-79597d7fd000 r--p 0001c000 fc:00 49676369                   /mydata/openjdk-mmtk/build/b0test/images/jdk/lib/libjava.so
79597d7fd000-79597d7fe000 r--p 00021000 fc:00 49676369                   /mydata/openjdk-mmtk/build/b0test/images/jdk/lib/libjava.so
79597d7fe000-79597d7ff000 rw-p 00022000 fc:00 49676369                   /mydata/openjdk-mmtk/build/b0test/images/jdk/lib/libjava.so
79597d7ff000-79597d800000 rw-p 00000000 00:00 0 
79597d800000-79597d828000 r--p 00000000 08:03 1410238                    /usr/lib/x86_64-linux-gnu/libc.so.6
79597d828000-79597d9b0000 r-xp 00028000 08:03 1410238                    /usr/lib/x86_64-linux-gnu/libc.so.6
79597d9b0000-79597d9ff000 r--p 001b0000 08:03 1410238                    /usr/lib/x86_64-linux-gnu/libc.so.6
79597d9ff000-79597da03000 r--p 001fe000 08:03 1410238                    /usr/lib/x86_64-linux-gnu/libc.so.6
79597da03000-79597da05000 rw-p 00202000 08:03 1410238                    /usr/lib/x86_64-linux-gnu/libc.so.6
79597da05000-79597da12000 rw-p 00000000 00:00 0 
79597da12000-79597da14000 r--p 00000000 fc:00 49676380                   /mydata/openjdk-mmtk/build/b0test/images/jdk/lib/libzip.so
79597da14000-79597da19000 r-xp 00002000 fc:00 49676380                   /mydata/openjdk-mmtk/build/b0test/images/jdk/lib/libzip.so
79597da19000-79597da1b000 r--p 00007000 fc:00 49676380                   /mydata/openjdk-mmtk/build/b0test/images/jdk/lib/libzip.so
79597da1b000-79597da1c000 r--p 00008000 fc:00 49676380                   /mydata/openjdk-mmtk/build/b0test/images/jdk/lib/libzip.so
79597da1c000-79597da1d000 rw-p 00009000 fc:00 49676380                   /mydata/openjdk-mmtk/build/b0test/images/jdk/lib/libzip.so
79597da1d000-79597da25000 rw-s 00000000 08:03 237600                     /tmp/hsperfdata_root/450311
79597da25000-79597da29000 r--p 00000000 fc:00 49676370                   /mydata/openjdk-mmtk/build/b0test/images/jdk/lib/libjimage.so
79597da29000-79597da40000 r-xp 00004000 fc:00 49676370                   /mydata/openjdk-mmtk/build/b0test/images/jdk/lib/libjimage.so
79597da40000-79597da45000 r--p 0001b000 fc:00 49676370                   /mydata/openjdk-mmtk/build/b0test/images/jdk/lib/libjimage.so
79597da45000-79597da47000 r--p 00020000 fc:00 49676370                   /mydata/openjdk-mmtk/build/b0test/images/jdk/lib/libjimage.so
79597da47000-79597da48000 rw-p 00022000 fc:00 49676370                   /mydata/openjdk-mmtk/build/b0test/images/jdk/lib/libjimage.so
79597da48000-79597da4c000 r--p 00000000 08:03 1410148                    /usr/lib/x86_64-linux-gnu/libgcc_s.so.1
79597da4c000-79597da70000 r-xp 00004000 08:03 1410148                    /usr/lib/x86_64-linux-gnu/libgcc_s.so.1
79597da70000-79597da74000 r--p 00028000 08:03 1410148                    /usr/lib/x86_64-linux-gnu/libgcc_s.so.1
79597da74000-79597da75000 r--p 0002b000 08:03 1410148                    /usr/lib/x86_64-linux-gnu/libgcc_s.so.1
79597da75000-79597da76000 rw-p 0002c000 08:03 1410148                    /usr/lib/x86_64-linux-gnu/libgcc_s.so.1
79597da76000-79597da78000 rw-p 00000000 00:00 0 
79597da78000-79597da7a000 r--p 00000000 08:03 1409104                    /usr/lib/x86_64-linux-gnu/libz.so.1.3
79597da7a000-79597da8c000 r-xp 00002000 08:03 1409104                    /usr/lib/x86_64-linux-gnu/libz.so.1.3
79597da8c000-79597da92000 r--p 00014000 08:03 1409104                    /usr/lib/x86_64-linux-gnu/libz.so.1.3
79597da92000-79597da93000 r--p 0001a000 08:03 1409104                    /usr/lib/x86_64-linux-gnu/libz.so.1.3
79597da93000-79597da94000 rw-p 0001b000 08:03 1409104                    /usr/lib/x86_64-linux-gnu/libz.so.1.3
79597da95000-79597da96000 r--s 00000000 fc:00 7871851                    /mydata/dacapo/dacapo-23.11/dacapo-23.11-MR2-chopin/dat/lusearch/index-default/_3.fdx
79597da97000-79597da99000 r--s 00000000 fc:00 7871853                    /mydata/dacapo/dacapo-23.11/dacapo-23.11-MR2-chopin/dat/lusearch/index-default/_3.nvd
79597da99000-79597da9a000 rw-s 00000000 00:10 68                         anon_inode:bpf-map
79597da9a000-79597da9b000 r--s 00000000 00:10 68                         anon_inode:bpf-map
79597da9b000-79597da9c000 ---p 00000000 00:00 0 
79597da9c000-79597da9d000 r--p 00000000 00:00 0 
79597da9d000-79597da9e000 ---p 00000000 00:00 0 
79597da9e000-79597daa0000 r--p 00000000 fc:00 49676372                   /mydata/openjdk-mmtk/build/b0test/images/jdk/lib/libjli.so
79597daa0000-79597daaa000 r-xp 00002000 fc:00 49676372                   /mydata/openjdk-mmtk/build/b0test/images/jdk/lib/libjli.so
79597daaa000-79597daad000 r--p 0000c000 fc:00 49676372                   /mydata/openjdk-mmtk/build/b0test/images/jdk/lib/libjli.so
79597daad000-79597daae000 r--p 0000f000 fc:00 49676372                   /mydata/openjdk-mmtk/build/b0test/images/jdk/lib/libjli.so
79597daae000-79597daaf000 rw-p 00010000 fc:00 49676372                   /mydata/openjdk-mmtk/build/b0test/images/jdk/lib/libjli.so
79597daaf000-79597dab1000 rw-p 00000000 00:00 0 
79597dab1000-79597dab5000 r--p 00000000 00:00 0                          [vvar]
79597dab5000-79597dab7000 r--p 00000000 00:00 0                          [vvar_vclock]
79597dab7000-79597dab9000 r-xp 00000000 00:00 0                          [vdso]
79597dab9000-79597daba000 r--p 00000000 08:03 1409763                    /usr/lib/x86_64-linux-gnu/ld-linux-x86-64.so.2
79597daba000-79597dae5000 r-xp 00001000 08:03 1409763                    /usr/lib/x86_64-linux-gnu/ld-linux-x86-64.so.2
79597dae5000-79597daef000 r--p 0002c000 08:03 1409763                    /usr/lib/x86_64-linux-gnu/ld-linux-x86-64.so.2
79597daef000-79597daf1000 r--p 00036000 08:03 1409763                    /usr/lib/x86_64-linux-gnu/ld-linux-x86-64.so.2
79597daf1000-79597daf3000 rw-p 00038000 08:03 1409763                    /usr/lib/x86_64-linux-gnu/ld-linux-x86-64.so.2
7ffe72900000-7ffe72921000 rw-p 00000000 00:00 0                          [stack]
ffffffffff600000-ffffffffff601000 --xp 00000000 00:00 0                  [vsyscall]
Total number of mappings: 509

JVMTI agents: none


VM Arguments:
jvm_args: -XX:+UseThirdPartyHeap -Xms512m -Xmx512m 
java_command: /mydata/dacapo/dacapo-23.11/dacapo-23.11-MR2-chopin.jar lusearch -n 3
java_class_path (initial): /mydata/dacapo/dacapo-23.11/dacapo-23.11-MR2-chopin.jar
Launcher Type: SUN_STANDARD

[Global flags]
     intx CICompilerCount                          = 15                                        {product} {ergonomic}
   size_t InitialHeapSize                          = 536870912                                 {product} {command line}
   size_t MaxHeapSize                              = 536870912                                 {product} {command line}
   size_t MinHeapDeltaBytes                        = 524288                                    {product} {ergonomic}
   size_t MinHeapSize                              = 536870912                                 {product} {command line}
    uintx NonNMethodCodeHeapSize                   = 8192380                                {pd product} {ergonomic}
    uintx NonProfiledCodeHeapSize                  = 121732930                              {pd product} {ergonomic}
    uintx ProfiledCodeHeapSize                     = 121732930                              {pd product} {ergonomic}
    uintx ReservedCodeCacheSize                    = 251658240                              {pd product} {ergonomic}
     bool SegmentedCodeCache                       = true                                      {product} {ergonomic}
   size_t SoftMaxHeapSize                          = 536870912                              {manageable} {ergonomic}
     bool UseCompressedOops                        = true                           {product lp64_product} {ergonomic}

Logging:
Log output configuration:
 #0: stdout all=warning uptime,level,tags foldmultilines=false
 #1: stderr all=off uptime,level,tags foldmultilines=false

Release file:
IMPLEMENTOR="N/A"
JAVA_RUNTIME_VERSION="21.0.9-internal-adhoc.talzuss.openjdk-mmtk"
JAVA_VERSION="21.0.9"
JAVA_VERSION_DATE="2025-10-21"
LIBC="gnu"
MODULES="java.base java.compiler java.datatransfer java.xml java.prefs java.desktop java.instrument java.logging java.management java.security.sasl java.naming java.rmi java.management.rmi java.net.http java.scripting java.security.jgss java.transaction.xa java.sql java.sql.rowset java.xml.crypto java.se java.smartcardio jdk.accessibility jdk.internal.jvmstat jdk.attach jdk.charsets jdk.internal.opt jdk.zipfs jdk.compiler jdk.crypto.ec jdk.crypto.cryptoki jdk.dynalink jdk.internal.ed jdk.editpad jdk.hotspot.agent jdk.httpserver jdk.incubator.vector jdk.internal.le jdk.internal.vm.ci jdk.internal.vm.compiler jdk.internal.vm.compiler.management jdk.jartool jdk.javadoc jdk.jcmd jdk.management jdk.management.agent jdk.jconsole jdk.jdeps jdk.jdwp.agent jdk.jdi jdk.jfr jdk.jlink jdk.jpackage jdk.jshell jdk.jsobject jdk.jstatd jdk.localedata jdk.management.jfr jdk.naming.dns jdk.naming.rmi jdk.net jdk.nio.mapmode jdk.random jdk.sctp jdk.security.auth jdk.security.jgss jdk.unsupported jdk.unsupported.desktop jdk.xml.dom"
OS_ARCH="x86_64"
OS_NAME="Linux"
SOURCE=".:git:b557520f04b3+"

Environment Variables:
PATH=/usr/local/sbin:/usr/local/bin:/usr/sbin:/usr/bin:/sbin:/bin:/snap/bin
SHELL=/bin/bash
LANG=en_US.UTF-8
TERM=tmux-256color

Active Locale:
LC_ALL=en_US.UTF-8
LC_COLLATE=en_US.UTF-8
LC_CTYPE=en_US.UTF-8
LC_MESSAGES=en_US.UTF-8
LC_MONETARY=en_US.UTF-8
LC_NUMERIC=en_US.UTF-8
LC_TIME=en_US.UTF-8

Signal Handlers:
   SIGSEGV: crash_handler in libjvm.so, mask=11100100010111111101111111111110, flags=SA_RESTART|SA_SIGINFO, unblocked
    SIGBUS: crash_handler in libjvm.so, mask=11100100010111111101111111111110, flags=SA_RESTART|SA_SIGINFO, unblocked
    SIGFPE: crash_handler in libjvm.so, mask=11100100010111111101111111111110, flags=SA_RESTART|SA_SIGINFO, unblocked
   SIGPIPE: javaSignalHandler in libjvm.so, mask=11100100010111111101111111111110, flags=SA_RESTART|SA_SIGINFO, blocked
   SIGXFSZ: javaSignalHandler in libjvm.so, mask=11100100010111111101111111111110, flags=SA_RESTART|SA_SIGINFO, blocked
    SIGILL: crash_handler in libjvm.so, mask=11100100010111111101111111111110, flags=SA_RESTART|SA_SIGINFO, unblocked
   SIGUSR2: SR_handler in libjvm.so, mask=00000000000000000000000000000000, flags=SA_RESTART|SA_SIGINFO, blocked
    SIGHUP: UserHandler in libjvm.so, mask=11100100010111111101111111111110, flags=SA_RESTART|SA_SIGINFO, blocked
    SIGINT: UserHandler in libjvm.so, mask=11100100010111111101111111111110, flags=SA_RESTART|SA_SIGINFO, blocked
   SIGTERM: UserHandler in libjvm.so, mask=11100100010111111101111111111110, flags=SA_RESTART|SA_SIGINFO, blocked
   SIGQUIT: UserHandler in libjvm.so, mask=11100100010111111101111111111110, flags=SA_RESTART|SA_SIGINFO, blocked
   SIGTRAP: crash_handler in libjvm.so, mask=11100100010111111101111111111110, flags=SA_RESTART|SA_SIGINFO, unblocked


Periodic native trim disabled

---------------  S Y S T E M  ---------------

OS:
DISTRIB_ID=Ubuntu
DISTRIB_RELEASE=24.04
DISTRIB_CODENAME=noble
DISTRIB_DESCRIPTION="Ubuntu 24.04.4 LTS"
uname: Linux 6.17.0-bpf-fault+ #1 SMP PREEMPT_DYNAMIC Mon Jul  6 16:43:12 MDT 2026 x86_64
OS uptime: 1 days 3:09 hours
libc: glibc 2.39 NPTL 2.39 
rlimit (soft/hard): STACK 8192k/infinity , CORE 0k/0k , NPROC 513205/513205 , NOFILE 1048576/1048576 , AS infinity/infinity , CPU infinity/infinity , DATA infinity/infinity , FSIZE infinity/infinity , MEMLOCK 16436528k/16436528k
load average: 1.22 1.06 0.90

/proc/meminfo:
MemTotal:       131492232 kB
MemFree:        64515364 kB
MemAvailable:   111777328 kB
Buffers:          567044 kB
Cached:         45952612 kB
SwapCached:            0 kB
Active:          4399616 kB
Inactive:       45696756 kB
Active(anon):    3593152 kB
Inactive(anon):        0 kB
Active(file):     806464 kB
Inactive(file): 45696756 kB
Unevictable:       41912 kB
Mlocked:           38840 kB
SwapTotal:       8388604 kB
SwapFree:        8388604 kB
Zswap:                 0 kB
Zswapped:              0 kB
Dirty:              3424 kB
Writeback:             0 kB
AnonPages:       3620696 kB
Mapped:         12912476 kB
Shmem:              5316 kB
KReclaimable:    2010428 kB
Slab:            2552724 kB
SReclaimable:    2010428 kB
SUnreclaim:       542296 kB
KernelStack:       13104 kB
PageTables:        72704 kB
SecPageTables:      9420 kB
NFS_Unstable:          0 kB
Bounce:                0 kB
WritebackTmp:          0 kB
CommitLimit:    74134720 kB
Committed_AS:   165088508 kB
VmallocTotal:   34359738367 kB
VmallocUsed:       39068 kB
VmallocChunk:          0 kB
Percpu:            51072 kB
HardwareCorrupted:     0 kB
AnonHugePages:         0 kB
ShmemHugePages:        0 kB
ShmemPmdMapped:        0 kB
FileHugePages:   2177024 kB
FilePmdMapped:         0 kB
Unaccepted:            0 kB
Balloon:               0 kB
HugePages_Total:       0
HugePages_Free:        0
HugePages_Rsvd:        0
HugePages_Surp:        0
Hugepagesize:       2048 kB
Hugetlb:               0 kB
DirectMap4k:     1125184 kB
DirectMap2M:    30967808 kB
DirectMap1G:    101711872 kB

/sys/kernel/mm/transparent_hugepage/enabled: always [madvise] never
/sys/kernel/mm/transparent_hugepage/hpage_pmd_size: 2097152
/sys/kernel/mm/transparent_hugepage/defrag (defrag/compaction efforts parameter): always defer defer+madvise [madvise] never

Process Memory:
Virtual Size: 13620342492K (peak: 13620342492K)
Resident Set Size: 4214580K (peak: 4214580K) (anon: 1033156K, file: 3181424K, shmem: 0K)
Swapped out: 0K
C-Heap outstanding allocations: 1387778K, retained: 24413K
glibc malloc tunables: (default)

/proc/sys/kernel/threads-max (system-wide limit on the number of threads): 1026411
/proc/sys/vm/max_map_count (maximum number of memory map areas a process may have): 1048576
/proc/sys/vm/swappiness (control to define how aggressively the kernel swaps out anonymous memory): 60
/proc/sys/kernel/pid_max (system-wide limit on number of process identifiers): 4194304

container information not found.
Steal ticks since vm start: 0
Steal ticks percentage since vm start:  0.000

CPU: total 32 (initial active 32) (32 cores per cpu, 2 threads per core) family 23 model 49 stepping 0 microcode 0x830107c, cx8, cmov, fxsr, ht, mmx, 3dnowpref, sse, sse2, sse3, ssse3, sse4a, sse4.1, sse4.2, popcnt, lzcnt, tsc, tscinvbit, avx, avx2, aes, clmul, bmi1, bmi2, adx, sha, fma, vzeroupper, clflush, clflushopt, rdtscp, rdpid, f16c
CPU Model and flags from /proc/cpuinfo:
model name	: AMD EPYC 7302P 16-Core Processor
flags		: fpu vme de pse tsc msr pae mce cx8 apic sep mtrr pge mca cmov pat pse36 clflush mmx fxsr sse sse2 ht syscall nx mmxext fxsr_opt pdpe1gb rdtscp lm constant_tsc rep_good nopl xtopology nonstop_tsc cpuid extd_apicid aperfmperf rapl pni pclmulqdq monitor ssse3 fma cx16 sse4_1 sse4_2 movbe popcnt aes xsave avx f16c rdrand lahf_lm cmp_legacy svm extapic cr8_legacy abm sse4a misalignsse 3dnowprefetch osvw ibs skinit wdt tce topoext perfctr_core perfctr_nb bpext perfctr_llc mwaitx cpb cat_l3 cdp_l3 hw_pstate ssbd mba ibrs ibpb stibp vmmcall fsgsbase bmi1 avx2 smep bmi2 cqm rdt_a rdseed adx smap clflushopt clwb sha_ni xsaveopt xsavec xgetbv1 xsaves cqm_llc cqm_occup_llc cqm_mbm_total cqm_mbm_local clzero irperf xsaveerptr rdpru wbnoinvd amd_ppin arat npt lbrv svm_lock nrip_save tsc_scale vmcb_clean flushbyasid decodeassists pausefilter pfthreshold avic v_vmsave_vmload vgif v_spec_ctrl umip rdpid overflow_recov succor smca sev sev_es

Online cpus: 0-31
Offline cpus: 
BIOS frequency limitation: <Not Available>
Frequency switch latency (ns): <Not Available>
Available cpu frequencies: <Not Available>
Current governor: <Not Available>
Core performance/turbo boost: <Not Available>

Memory: 4k page, physical 131492232k(111777328k free), swap 8388604k(8388604k free)
Page Sizes: 4k

vm_info: OpenJDK 64-Bit Server VM (21.0.9-internal-adhoc.talzuss.openjdk-mmtk) for linux-amd64 JRE (21.0.9-internal-adhoc.talzuss.openjdk-mmtk), built on 2026-07-06T23:13:08Z by "talzuss" with gcc 13.3.0
heap_info: MMTk OpenJDK 0.32.0 (f59b93a-dirty), using MMTk 0.32.0 (3ecdf08-dirty, BUILTIN_ENV_LOGGER, DEFAULT, EAGER_SWEEPING, VO_BIT)B

END.
