#
# A fatal error has been detected by the Java Runtime Environment:
#
#  SIGSEGV (0xb) at pc=0x000075fc5e0c3820, pid=460359, tid=460373
#
# JRE version: OpenJDK Runtime Environment (21.0.9) (build 21.0.9-internal-adhoc.talzuss.openjdk-mmtk)
# Java VM: OpenJDK 64-Bit Server VM (21.0.9-internal-adhoc.talzuss.openjdk-mmtk, mixed mode, sharing, tiered, compressed oops, compressed class ptrs, third-party gc, linux-amd64)
# Problematic frame:
# V  [libjvm.so+0xcc3820]  mmtk_get_object_size(void*)+0x30
#
# No core dump will be written. Core dumps have been disabled. To enable core dumping, try "ulimit -c unlimited" before starting Java again
#
# If you would like to submit a bug report, please visit:
#   https://bugreport.java.com/bugreport/crash.jsp
#

---------------  S U M M A R Y ------------

Command Line: -XX:+UseThirdPartyHeap -Xms512m -Xmx512m /mydata/dacapo/dacapo-23.11/dacapo-23.11-MR2-chopin.jar lusearch -n 3

Host: AMD EPYC 7302P 16-Core Processor, 32 cores, 125G, Ubuntu 24.04.4 LTS
Time: Tue Jul  7 20:17:11 2026 MDT elapsed time: 5.021229 seconds (0d 0h 0m 5s)

---------------  T H R E A D  ---------------

Current thread (0x000075fc58535190):  NamedThread "MMTk Collector Thread" [id=460373, stack(0x0000694f688fc000,0x0000694f689fc000) (1024K)]

Stack: [0x0000694f688fc000,0x0000694f689fc000],  sp=0x0000694f689fa8d8,  free space=1018k
Native frames: (J=compiled Java code, j=interpreted, Vv=VM code, C=native code)
V  [libjvm.so+0xcc3820]  mmtk_get_object_size(void*)+0x30  (mmtkUpcalls.cpp:217)

siginfo: si_signo: 11 (SIGSEGV), si_code: 1 (SEGV_MAPERR), si_addr: 0x0000000000000100

Registers:
RAX=0x0000000000000000, RBX=0x00000000530e0030, RCX=0x0000000000000000, RDX=0x000075fc5d6eebe0
RSP=0x0000694f689fa8d8, RBP=0x0000000000000007, RSI=0x00000000530e0030, RDI=0x0000694f956f4619
R8 =0x0000694ee80008e0, R9 =0x0000000000000007, R10=0x0000694eec0065c0, R11=0x2c8213503fb95157
R12=0x0000000000000008, R13=0x000075fc583dff80, R14=0x000075fc583dff80, R15=0x00000000500e00dc
RIP=0x000075fc5e0c3820, EFLAGS=0x0000000000010202, CSGSFS=0x002b000000000033, ERR=0x0000000000000004
  TRAPNO=0x000000000000000e

XMM[0]=0x000000004cb1a798 0x000000004cb1a098
XMM[1]=0x000000004cb1a0e8 0x000000004cb1a798
XMM[2]=0x1f42357f2a18ffff 0xffffffff0b771f0b
XMM[3]=0x0000000000000000 0x00000000ff0000ff
XMM[4]=0x0000000000000000 0x0000694eec000090
XMM[5]=0x000000004176ad38 0x000000004176d380
XMM[6]=0x000000004176c100 0x000000004176ac00
XMM[7]=0x0000000041768df8 0x0000000041768b10
XMM[8]=0x000000004176a9f8 0x000000004176a9b8
XMM[9]=0x0000000000000000 0x0000000000000000
XMM[10]=0x3f3f3f3f3f3f3f3f 0x3f3f3f3f3f3f3f3f
XMM[11]=0x9999999999999999 0x9999999999999999
XMM[12]=0x2020202020202020 0x2020202020202020
XMM[13]=0x0000000000000000 0x0000000000000000
XMM[14]=0x0000000000000000 0x0000000000000000
XMM[15]=0x0000000000000000 0x0000000000000000
  MXCSR=0x00001fa2


Register to memory mapping:

RAX=0x0 is null
RBX=
[error occurred during error reporting (printing register info), id 0xe0000000, Internal Error (/mydata/mmtk-openjdk/openjdk/share/mmtkHeap.cpp:444)]
RCX=0x0 is null
RDX=
[error occurred during error reporting (printing register info, attempt 2), id 0xe0000000, Internal Error (/mydata/mmtk-openjdk/openjdk/share/mmtkHeap.cpp:444)]
RSP=
[error occurred during error reporting (printing register info, attempt 3), id 0xe0000000, Internal Error (/mydata/mmtk-openjdk/openjdk/share/mmtkHeap.cpp:444)]
Top of Stack: (sp=0x0000694f689fa8d8)
0x0000694f689fa8d8:   000075fc5d0dac25 0000000000000000
0x0000694f689fa8e8:   000075fc5d1e2308 0000000000000000
0x0000694f689fa8f8:   00000000500e00dc 0000000000000000
0x0000694f689fa908:   000075fc5d0a67dd 00000000530e0030
0x0000694f689fa918:   0000000000000000 0000000000000008
0x0000694f689fa928:   0000000000000000 0000000000000000
0x0000694f689fa938:   000075fc5d209c04 0000694eec004a70
0x0000694f689fa948:   0000000000000084 00000000500e0078
0x0000694f689fa958:   000075fc5d0f86f5 000075fc5d1ccf58
0x0000694f689fa968:   000075fc583e02c0 0000000000000000
0x0000694f689fa978:   000000000000003f 000075fc5d1e2308
0x0000694f689fa988:   0000694f689fa950 0000694f689fa938
0x0000694f689fa998:   000075fc583e02c0 0000000000000000
0x0000694f689fa9a8:   0000000000000024 0000000000000001
0x0000694f689fa9b8:   000075fc5d1cb728 0000694f689faa00
0x0000694f689fa9c8:   0000000000000000 000075fc5852c7c0
0x0000694f689fa9d8:   0000000000000000 000075fc5806d200
0x0000694f689fa9e8:   000075fc5852c660 8000000000000000
0x0000694f689fa9f8:   000075fc583dff80 0000694f689fa938
0x0000694f689faa08:   8000000000000000 0000694f231b6e58
0x0000694f689faa18:   0000000000000000 0000000000008000
0x0000694f689faa28:   0000694eec11aff0 0000000000003fc7
0x0000694f689faa38:   0000694f689fa950 0000694f689fa980
0x0000694f689faa48:   0000000000000800 0000694eec00a3e0
0x0000694f689faa58:   000000000000044e 0000000000080000
0x0000694f689faa68:   0000694e365ff010 0000000000041490
0x0000694f689faa78:   0000000000020000 0000694eec01afe0
0x0000694f689faa88:   000000000001773c 000000000001773b
0x0000694f689faa98:   0000000000000000 0000000000000000
0x0000694f689faaa8:   0000000000000000 0000000000000001
0x0000694f689faab8:   000075fc5d209c70 0000694f689fa938
0x0000694f689faac8:   0000694f689fa918 000075fc5806d500 

Instructions: (pc=0x000075fc5e0c3820)
0x000075fc5e0c3720:   48 d3 e8 48 89 c1 89 0a 48 83 c4 08 5b 41 5c 41
0x000075fc5e0c3730:   5d 5d c3 0f 1f 44 00 00 4c 8d 25 9d af 87 00 4c
0x000075fc5e0c3740:   8d 14 f2 49 89 f8 eb 29 0f 1f 84 00 00 00 00 00
0x000075fc5e0c3750:   4c 8d 1d 59 77 83 00 89 ce 41 8b 4b 08 48 d3 e6
0x000075fc5e0c3760:   48 89 f1 49 03 0b 74 20 48 83 c0 08 49 39 c2 74
0x000075fc5e0c3770:   84 48 8b 10 4c 89 c3 4c 39 c2 74 ec 4d 63 0c 24
0x000075fc5e0c3780:   41 8b 0c 11 85 c9 75 c8 4d 01 c1 31 c9 48 85 d2
0x000075fc5e0c3790:   74 16 48 8d 0d 17 77 83 00 48 89 d6 48 2b 31 8b
0x000075fc5e0c37a0:   49 08 48 d3 ee 48 89 f1 41 89 09 48 89 d3 49 89
0x000075fc5e0c37b0:   d0 eb b5 0f 1f 44 00 00 c3 0f 1f 80 00 00 00 00
0x000075fc5e0c37c0:   48 89 02 48 83 c4 08 5b 41 5c 41 5d 5d c3 66 90
0x000075fc5e0c37d0:   4c 8d 2d de 8c 87 00 4c 8d 25 fe ae 87 00 48 89
0x000075fc5e0c37e0:   fb e9 0f ff ff ff 66 2e 0f 1f 84 00 00 00 00 00
0x000075fc5e0c37f0:   f3 0f 1e fa 48 8d 05 0d 8f 83 00 48 89 fe 80 38
0x000075fc5e0c3800:   00 74 3d 48 8d 05 96 76 83 00 8b 7f 08 8b 48 08
0x000075fc5e0c3810:   48 d3 e7 48 03 38 48 8b 07 48 8d 15 c0 b3 62 ff
0x000075fc5e0c3820:   48 8b 80 00 01 00 00 48 39 d0 75 24 8b 47 08 c1
0x000075fc5e0c3830:   f8 03 48 98 48 c1 e0 03 c3 0f 1f 80 00 00 00 00
0x000075fc5e0c3840:   48 8b 7f 08 eb d0 66 2e 0f 1f 84 00 00 00 00 00
0x000075fc5e0c3850:   55 48 89 e5 ff d0 5d 48 c1 e0 03 c3 0f 1f 40 00
0x000075fc5e0c3860:   f3 0f 1e fa 55 48 89 e5 53 48 83 ec 08 66 48 8d
0x000075fc5e0c3870:   3d f3 26 83 00 66 66 48 e8 f3 5d 5e ff 48 8b 18
0x000075fc5e0c3880:   48 8d 05 f1 89 87 00 80 38 00 c7 83 64 07 00 00
0x000075fc5e0c3890:   06 00 00 00 75 05 f0 83 04 24 00 48 8b 83 68 07
0x000075fc5e0c38a0:   00 00 a8 01 75 3a 8b 83 60 07 00 00 a8 0c 75 49
0x000075fc5e0c38b0:   c7 83 64 07 00 00 06 00 00 00 e8 61 5c 5e ff 48
0x000075fc5e0c38c0:   8d bb b8 06 00 00 e8 15 ff ae ff c7 83 64 07 00
0x000075fc5e0c38d0:   00 04 00 00 00 48 8b 5d f8 c9 c3 0f 1f 44 00 00
0x000075fc5e0c38e0:   31 d2 be 01 00 00 00 48 89 df e8 71 cf 11 00 8b
0x000075fc5e0c38f0:   83 60 07 00 00 a8 0c 74 b7 48 89 df e8 4f 06 c8
0x000075fc5e0c3900:   ff eb ad 66 66 2e 0f 1f 84 00 00 00 00 00 66 90
0x000075fc5e0c3910:   f3 0f 1e fa 55 48 89 f1 48 89 f8 31 d2 48 89 e5 


Stack slot to memory mapping:

stack at sp + 0 slots: 
[error occurred during error reporting (inspecting top of stack), id 0xe0000000, Internal Error (/mydata/mmtk-openjdk/openjdk/share/mmtkHeap.cpp:444)]
stack at sp + 1 slots: 0x0 is null
stack at sp + 2 slots: 
[error occurred during error reporting (inspecting top of stack, attempt 2), id 0xe0000000, Internal Error (/mydata/mmtk-openjdk/openjdk/share/mmtkHeap.cpp:444)]
stack at sp + 3 slots: 0x0 is null
stack at sp + 4 slots: 
[error occurred during error reporting (inspecting top of stack, attempt 3), id 0xe0000000, Internal Error (/mydata/mmtk-openjdk/openjdk/share/mmtkHeap.cpp:444)]

---------------  P R O C E S S  ---------------

Threads class SMR info:
_java_thread_list=0x0000694e7806f4a0, length=56, elements={
0x000075fc5802b240, 0x000075fc58526f30, 0x000075fc585287c0, 0x000075fc5852a2d0,
0x000075fc58548b00, 0x000075fc5854a450, 0x000075fc5854bd10, 0x000075fc5854db50,
0x000075fc58557520, 0x000075fc5859e430, 0x000075fc585a1440, 0x0000694e9c07df60,
0x0000694e9c0a2dc0, 0x0000694e80050e30, 0x0000694e80051de0, 0x0000694e80052e10,
0x000075fc587c2a60, 0x000075fc587c3c80, 0x000075fc587c5000, 0x000075fc587c6550,
0x000075fc587c7aa0, 0x000075fc587c8f40, 0x000075fc587ca4a0, 0x000075fc587cba10,
0x000075fc587ccf80, 0x000075fc587ce430, 0x000075fc587cf8e0, 0x000075fc587d0e70,
0x000075fc587d2400, 0x000075fc587d38b0, 0x000075fc587d4d60, 0x000075fc587d6210,
0x000075fc587d76c0, 0x000075fc587d8f00, 0x000075fc587da4c0, 0x000075fc587dba90,
0x000075fc587dd060, 0x000075fc587de8f0, 0x000075fc587e02c0, 0x000075fc587e1ca0,
0x000075fc587e3290, 0x000075fc587e4890, 0x000075fc587e6280, 0x000075fc587e7c80,
0x000075fc587e9290, 0x000075fc587ea8b0, 0x000075fc587ebed0, 0x000075fc587ed8f0,
0x0000694e8405be50, 0x0000694e8005f5d0, 0x0000694e9c29e560, 0x0000694e840958c0,
0x0000694e84097040, 0x0000694e9c29ff80, 0x0000694e7806ca60, 0x0000694e7806e1d0
}

Java Threads: ( => current thread )
  0x000075fc5802b240 JavaThread "main"                              [_thread_blocked, id=460360, stack(0x000075fc5d300000,0x000075fc5d400000) (1024K)]
  0x000075fc58526f30 JavaThread "Reference Handler"          daemon [_thread_blocked, id=460364, stack(0x000075fc206ff000,0x000075fc207ff000) (1024K)]
  0x000075fc585287c0 JavaThread "Finalizer"                  daemon [_thread_blocked, id=460365, stack(0x000075fc205ff000,0x000075fc206ff000) (1024K)]
  0x000075fc5852a2d0 JavaThread "MMTk Finalizer Thread"      daemon [_thread_blocked, id=460366, stack(0x000075fc204ff000,0x000075fc205ff000) (1024K)]
  0x000075fc58548b00 JavaThread "Signal Dispatcher"          daemon [_thread_blocked, id=460390, stack(0x0000694f226f8000,0x0000694f227f8000) (1024K)]
  0x000075fc5854a450 JavaThread "Service Thread"             daemon [_thread_blocked, id=460391, stack(0x0000694f225f8000,0x0000694f226f8000) (1024K)]
  0x000075fc5854bd10 JavaThread "Monitor Deflation Thread"   daemon [_thread_blocked, id=460392, stack(0x0000694f224f8000,0x0000694f225f8000) (1024K)]
  0x000075fc5854db50 JavaThread "C2 CompilerThread0"         daemon [_thread_blocked, id=460393, stack(0x0000694f223f8000,0x0000694f224f8000) (1024K)]
  0x000075fc58557520 JavaThread "C1 CompilerThread0"         daemon [_thread_blocked, id=460394, stack(0x0000694f222f8000,0x0000694f223f8000) (1024K)]
  0x000075fc5859e430 JavaThread "Notification Thread"        daemon [_thread_blocked, id=460396, stack(0x0000694f220f8000,0x0000694f221f8000) (1024K)]
  0x000075fc585a1440 JavaThread "Common-Cleaner"             daemon [_thread_blocked, id=460397, stack(0x0000694f21ff8000,0x0000694f220f8000) (1024K)]
  0x0000694e9c07df60 JavaThread "C2 CompilerThread1"         daemon [_thread_blocked, id=460404, stack(0x0000694f221f8000,0x0000694f222f8000) (1024K)]
  0x0000694e9c0a2dc0 JavaThread "C1 CompilerThread1"         daemon [_thread_blocked, id=460405, stack(0x0000694f21df8000,0x0000694f21ef8000) (1024K)]
  0x0000694e80050e30 JavaThread "C1 CompilerThread2"         daemon [_thread_blocked, id=460406, stack(0x0000694f21cf8000,0x0000694f21df8000) (1024K)]
  0x0000694e80051de0 JavaThread "C1 CompilerThread3"         daemon [_thread_blocked, id=460407, stack(0x0000694f21bf8000,0x0000694f21cf8000) (1024K)]
  0x0000694e80052e10 JavaThread "C1 CompilerThread4"         daemon [_thread_blocked, id=460408, stack(0x0000694f21ef8000,0x0000694f21ff8000) (1024K)]
  0x000075fc587c2a60 JavaThread "Query0"                            [_thread_blocked, id=460409, stack(0x0000694f21af8000,0x0000694f21bf8000) (1024K)]
  0x000075fc587c3c80 JavaThread "Query1"                            [_thread_blocked, id=460410, stack(0x0000694f21500000,0x0000694f21600000) (1024K)]
  0x000075fc587c5000 JavaThread "Query2"                            [_thread_blocked, id=460411, stack(0x0000694f20f00000,0x0000694f21000000) (1024K)]
  0x000075fc587c6550 JavaThread "Query3"                            [_thread_blocked, id=460412, stack(0x0000694f20e00000,0x0000694f20f00000) (1024K)]
  0x000075fc587c7aa0 JavaThread "Query4"                            [_thread_blocked, id=460413, stack(0x0000694f20d00000,0x0000694f20e00000) (1024K)]
  0x000075fc587c8f40 JavaThread "Query5"                            [_thread_blocked, id=460414, stack(0x0000694f20c00000,0x0000694f20d00000) (1024K)]
  0x000075fc587ca4a0 JavaThread "Query6"                            [_thread_blocked, id=460415, stack(0x0000694f20b00000,0x0000694f20c00000) (1024K)]
  0x000075fc587cba10 JavaThread "Query7"                            [_thread_blocked, id=460416, stack(0x0000694f20a00000,0x0000694f20b00000) (1024K)]
  0x000075fc587ccf80 JavaThread "Query8"                            [_thread_blocked, id=460417, stack(0x0000694f20900000,0x0000694f20a00000) (1024K)]
  0x000075fc587ce430 JavaThread "Query9"                            [_thread_blocked, id=460418, stack(0x0000694f20800000,0x0000694f20900000) (1024K)]
  0x000075fc587cf8e0 JavaThread "Query10"                           [_thread_blocked, id=460419, stack(0x0000694f20700000,0x0000694f20800000) (1024K)]
  0x000075fc587d0e70 JavaThread "Query11"                           [_thread_blocked, id=460420, stack(0x0000694f20600000,0x0000694f20700000) (1024K)]
  0x000075fc587d2400 JavaThread "Query12"                           [_thread_blocked, id=460421, stack(0x0000694f20500000,0x0000694f20600000) (1024K)]
  0x000075fc587d38b0 JavaThread "Query13"                           [_thread_blocked, id=460422, stack(0x0000694f20400000,0x0000694f20500000) (1024K)]
  0x000075fc587d4d60 JavaThread "Query14"                           [_thread_blocked, id=460423, stack(0x0000694f20300000,0x0000694f20400000) (1024K)]
  0x000075fc587d6210 JavaThread "Query15"                           [_thread_blocked, id=460424, stack(0x0000694f20200000,0x0000694f20300000) (1024K)]
  0x000075fc587d76c0 JavaThread "Query16"                           [_thread_blocked, id=460425, stack(0x0000694f20100000,0x0000694f20200000) (1024K)]
  0x000075fc587d8f00 JavaThread "Query17"                           [_thread_blocked, id=460426, stack(0x0000694f20000000,0x0000694f20100000) (1024K)]
  0x000075fc587da4c0 JavaThread "Query18"                           [_thread_blocked, id=460427, stack(0x0000694e37f00000,0x0000694e38000000) (1024K)]
  0x000075fc587dba90 JavaThread "Query19"                           [_thread_blocked, id=460428, stack(0x0000694e37e00000,0x0000694e37f00000) (1024K)]
  0x000075fc587dd060 JavaThread "Query20"                           [_thread_blocked, id=460429, stack(0x0000694e37d00000,0x0000694e37e00000) (1024K)]
  0x000075fc587de8f0 JavaThread "Query21"                           [_thread_blocked, id=460430, stack(0x0000694e37c00000,0x0000694e37d00000) (1024K)]
  0x000075fc587e02c0 JavaThread "Query22"                           [_thread_blocked, id=460431, stack(0x0000694e37b00000,0x0000694e37c00000) (1024K)]
  0x000075fc587e1ca0 JavaThread "Query23"                           [_thread_blocked, id=460432, stack(0x0000694e37a00000,0x0000694e37b00000) (1024K)]
  0x000075fc587e3290 JavaThread "Query24"                           [_thread_blocked, id=460433, stack(0x0000694e37900000,0x0000694e37a00000) (1024K)]
  0x000075fc587e4890 JavaThread "Query25"                           [_thread_blocked, id=460434, stack(0x0000694e37800000,0x0000694e37900000) (1024K)]
  0x000075fc587e6280 JavaThread "Query26"                           [_thread_blocked, id=460435, stack(0x0000694e37700000,0x0000694e37800000) (1024K)]
  0x000075fc587e7c80 JavaThread "Query27"                           [_thread_blocked, id=460436, stack(0x0000694e37600000,0x0000694e37700000) (1024K)]
  0x000075fc587e9290 JavaThread "Query28"                           [_thread_blocked, id=460437, stack(0x0000694e37500000,0x0000694e37600000) (1024K)]
  0x000075fc587ea8b0 JavaThread "Query29"                           [_thread_blocked, id=460438, stack(0x0000694e37400000,0x0000694e37500000) (1024K)]
  0x000075fc587ebed0 JavaThread "Query30"                           [_thread_blocked, id=460439, stack(0x0000694e37300000,0x0000694e37400000) (1024K)]
  0x000075fc587ed8f0 JavaThread "Query31"                           [_thread_blocked, id=460440, stack(0x0000694e37200000,0x0000694e37300000) (1024K)]
  0x0000694e8405be50 JavaThread "C2 CompilerThread2"         daemon [_thread_blocked, id=460441, stack(0x0000694e37100000,0x0000694e37200000) (1024K)]
  0x0000694e8005f5d0 JavaThread "C2 CompilerThread3"         daemon [_thread_blocked, id=460442, stack(0x0000694e37000000,0x0000694e37100000) (1024K)]
  0x0000694e9c29e560 JavaThread "C2 CompilerThread4"         daemon [_thread_blocked, id=460443, stack(0x0000694e36f00000,0x0000694e37000000) (1024K)]
  0x0000694e840958c0 JavaThread "C2 CompilerThread5"         daemon [_thread_blocked, id=460444, stack(0x0000694e36e00000,0x0000694e36f00000) (1024K)]
  0x0000694e84097040 JavaThread "C2 CompilerThread6"         daemon [_thread_blocked, id=460445, stack(0x0000694e36d00000,0x0000694e36e00000) (1024K)]
  0x0000694e9c29ff80 JavaThread "C2 CompilerThread7"         daemon [_thread_blocked, id=460446, stack(0x0000694e36c00000,0x0000694e36d00000) (1024K)]
  0x0000694e7806ca60 JavaThread "C2 CompilerThread8"         daemon [_thread_blocked, id=460447, stack(0x0000694e36b00000,0x0000694e36c00000) (1024K)]
  0x0000694e7806e1d0 JavaThread "C2 CompilerThread9"         daemon [_thread_blocked, id=460448, stack(0x0000694e36a00000,0x0000694e36b00000) (1024K)]
Total: 56

Other Threads:
  0x000075fc5851ba80 VMThread "VM Thread"                           [id=460363, stack(0x000075fc5c043000,0x000075fc5c143000) (1024K)]
  0x000075fc585096d0 WatcherThread "VM Periodic Task Thread"        [id=460362, stack(0x000075fc5c144000,0x000075fc5c244000) (1024K)]

=>0x000075fc58535190 (exited) NamedThread "MMTk Collector Thread"   [id=460373, stack(0x0000694f688fc000,0x0000694f689fc000) (1024K)]
Total: 3

Threads with active compile tasks:
C2 CompilerThread0  6768 3013       4       org.apache.lucene.analysis.FilteringTokenFilter::reset (10 bytes)
C2 CompilerThread1  6768 3017   !   4       org.apache.lucene.queryparser.classic.QueryParserBase::parse (94 bytes)
C2 CompilerThread2  6768 2893       4       org.apache.lucene.search.TermQuery$TermWeight::scorer (146 bytes)
C2 CompilerThread3  6768 3018       4       org.apache.lucene.search.IndexSearcher::searchAfter (78 bytes)
C2 CompilerThread4  6768 2858   !   4       org.apache.lucene.search.IndexSearcher::search (124 bytes)
C2 CompilerThread5  6768 2799       4       org.dacapo.lusearch.Search$QueryProcessor::doPagingSearch (259 bytes)
C2 CompilerThread6  6768 3022       4       org.apache.lucene.queryparser.classic.QueryParserBase::addClause (338 bytes)
C2 CompilerThread7  6768 3007   !   4       org.apache.lucene.search.IndexSearcher::search (317 bytes)
C2 CompilerThread8  6768 2988       4       org.apache.lucene.search.IndexSearcher::search (37 bytes)
C2 CompilerThread9  6768 3021       4       org.apache.lucene.util.QueryBuilder::analyzeTerm (66 bytes)
Total: 10

VM state: at safepoint (normal execution)

VM Mutex/Monitor currently owned by a thread:  ([mutex/lock_event])
[0x000075fc5e9580d0] Threads_lock - owner thread: 0x000075fc5851ba80
[0x000075fc5e957fd0] Heap_lock - owner thread: 0x000075fc583e4ec0

Heap address: 0x0000000040000000, size: 3072 MB, Compressed Oops mode: 32-bit

CDS archive(s) mapped at: [0x0000694f23000000-0x0000694f23ca3000-0x0000694f23ca3000), size 13250560, SharedBaseAddress: 0x0000694f23000000, ArchiveRelocationMode: 1.
Compressed class space mapped at: 0x0000694f24000000-0x0000694f64000000, reserved size: 1073741824
Narrow klass base: 0x0000694f23000000, Narrow klass shift: 0, Narrow klass range: 0x100000000

GC Precious Log:
<Empty>

Heap:

[error occurred during error reporting (printing heap information), id 0xe0000000, Internal Error (/mydata/mmtk-openjdk/openjdk/share/mmtkHeap.cpp:424)]
Metaspace:

Usage:
  Non-class:      8.82 MB used.
      Class:      1.32 MB used.
       Both:     10.14 MB used.

Virtual space:
  Non-class space:       64.00 MB reserved,       9.50 MB ( 15%) committed,  1 nodes.
      Class space:        1.00 GB reserved,       1.88 MB ( <1%) committed,  1 nodes.
             Both:        1.06 GB reserved,      11.38 MB (  1%) committed. 

Chunk freelists:
   Non-Class:  6.06 MB
       Class:  14.04 MB
        Both:  20.10 MB

MaxMetaspaceSize: unlimited
CompressedClassSpaceSize: 1.00 GB
Initial GC threshold: 21.00 MB
Current GC threshold: 21.00 MB
CDS: on
 - commit_granule_bytes: 65536.
 - commit_granule_words: 8192.
 - virtual_space_node_default_size: 8388608.
 - enlarge_chunks_in_place: 1.
 - use_allocation_guard: 0.


Internal statistics:

num_allocs_failed_limit: 0.
num_arena_births: 1890.
num_arena_deaths: 0.
num_vsnodes_births: 2.
num_vsnodes_deaths: 0.
num_space_committed: 182.
num_space_uncommitted: 0.
num_chunks_returned_to_freelist: 0.
num_chunks_taken_from_freelist: 2873.
num_chunk_merges: 0.
num_chunk_splits: 1545.
num_chunks_enlarged: 270.
num_inconsistent_stats: 0.

CodeHeap 'non-profiled nmethods': size=118880Kb used=1870Kb max_used=1870Kb free=117009Kb
 bounds [0x000075fc483e8000, 0x000075fc48658000, 0x000075fc4f800000]
CodeHeap 'profiled nmethods': size=118876Kb used=5419Kb max_used=5419Kb free=113456Kb
 bounds [0x000075fc40800000, 0x000075fc40d50000, 0x000075fc47c17000]
CodeHeap 'non-nmethods': size=8004Kb used=3483Kb max_used=3567Kb free=4520Kb
 bounds [0x000075fc47c17000, 0x000075fc47f97000, 0x000075fc483e8000]
CodeCache: size=245760Kb, used=10772Kb, max_used=10856Kb, free=234985Kb
 total_blobs=3533, nmethods=3018, adapters=415, full_count=0
Compilation: enabled, stopped_count=0, restarted_count=0

Compilation events (20 events):
Event: 4.982 Thread 0x0000694e80050e30 3090       2       org.apache.lucene.util.AttributeFactory$StaticImplementationAttributeFactory::createAttributeInstance (27 bytes)
Event: 4.983 Thread 0x0000694e80050e30 nmethod 3090 0x000075fc40d48310 code [0x000075fc40d48520, 0x000075fc40d48918]
Event: 4.985 Thread 0x0000694e8005f5d0 nmethod 3011 0x000075fc485ad710 code [0x000075fc485ad900, 0x000075fc485addc0]
Event: 4.985 Thread 0x0000694e8005f5d0 3018       4       org.apache.lucene.search.IndexSearcher::searchAfter (78 bytes)
Event: 4.986 Thread 0x000075fc58557520 3091       2       java.util.concurrent.ThreadLocalRandom::getProbe (13 bytes)
Event: 4.987 Thread 0x0000694e80052e10 3092   !   2       java.util.concurrent.ConcurrentHashMap::replaceNode (437 bytes)
Event: 4.987 Thread 0x000075fc58557520 nmethod 3091 0x000075fc40d48c90 code [0x000075fc40d48e20, 0x000075fc40d48f10]
Event: 4.987 Thread 0x000075fc58557520 3093       2       java.lang.ref.ReferenceQueue::poll0 (65 bytes)
Event: 5.002 Thread 0x000075fc58557520 nmethod 3093 0x000075fc40d48f90 code [0x000075fc40d49140, 0x000075fc40d49370]
Event: 5.002 Thread 0x0000694e84097040 nmethod 2993 0x000075fc485ae410 code [0x000075fc485aea00, 0x000075fc485b2780]
Event: 5.003 Thread 0x0000694e84097040 2981       4       java.lang.Math::multiplyExact (27 bytes)
Event: 5.003 Thread 0x000075fc5854db50 nmethod 3012 0x000075fc485b5110 code [0x000075fc485b52c0, 0x000075fc485b59b0]
Event: 5.003 Thread 0x000075fc5854db50 3013       4       org.apache.lucene.analysis.FilteringTokenFilter::reset (10 bytes)
Event: 5.003 Thread 0x0000694e84097040 nmethod 2981 0x000075fc485b5d10 code [0x000075fc485b5e80, 0x000075fc485b5f20]
Event: 5.003 Thread 0x0000694e84097040 3022       4       org.apache.lucene.queryparser.classic.QueryParserBase::addClause (338 bytes)
Event: 5.004 Thread 0x0000694e80052e10 nmethod 3092 0x000075fc40d49410 code [0x000075fc40d496e0, 0x000075fc40d4a310]
Event: 5.004 Thread 0x0000694e7806e1d0 nmethod 2997 0x000075fc485b6010 code [0x000075fc485b6340, 0x000075fc485b7ae8]
Event: 5.004 Thread 0x0000694e7806ca60 nmethod 2992 0x000075fc485b8f10 code [0x000075fc485b9200, 0x000075fc485ba888]
Event: 5.004 Thread 0x0000694e7806e1d0 3021       4       org.apache.lucene.util.QueryBuilder::analyzeTerm (66 bytes)
Event: 5.004 Thread 0x0000694e7806ca60 2988       4       org.apache.lucene.search.IndexSearcher::search (37 bytes)

GC Heap History (0 events):
No events

Dll operation events (8 events):
Event: 0.001 Loaded shared library /mydata/openjdk-mmtk/build/b0test/images/jdk/lib/libjava.so
Event: 2.218 Loaded shared library /mydata/openjdk-mmtk/build/b0test/images/jdk/lib/libjsvml.so
Event: 2.231 Loaded shared library /mydata/openjdk-mmtk/build/b0test/images/jdk/lib/libnio.so
Event: 2.234 Loaded shared library /mydata/openjdk-mmtk/build/b0test/images/jdk/lib/libzip.so
Event: 2.248 Loaded shared library /mydata/openjdk-mmtk/build/b0test/images/jdk/lib/libjimage.so
Event: 2.274 Loaded shared library /mydata/openjdk-mmtk/build/b0test/images/jdk/lib/libnet.so
Event: 4.178 Loaded shared library /mydata/openjdk-mmtk/build/b0test/images/jdk/lib/libmanagement.so
Event: 4.180 Loaded shared library /mydata/openjdk-mmtk/build/b0test/images/jdk/lib/libmanagement_ext.so

Deoptimization events (20 events):
Event: 4.544 Thread 0x000075fc587e3290 DEOPT PACKING pc=0x000075fc409bebb3 sp=0x0000694e379fe730
Event: 4.544 Thread 0x000075fc587e3290 DEOPT UNPACKING pc=0x000075fc47c6ab2f sp=0x0000694e379fdc58 mode 0
Event: 4.566 Thread 0x000075fc587e6280 DEOPT PACKING pc=0x000075fc409bebb3 sp=0x0000694e377fe730
Event: 4.566 Thread 0x000075fc587e6280 DEOPT UNPACKING pc=0x000075fc47c6ab2f sp=0x0000694e377fdc58 mode 0
Event: 4.634 Thread 0x000075fc587e9290 Uncommon trap: trap_request=0xfffffff4 fr.pc=0x000075fc4850fa68 relative=0x0000000000000208
Event: 4.634 Thread 0x000075fc587e9290 Uncommon trap: reason=null_check action=make_not_entrant pc=0x000075fc4850fa68 method=org.apache.lucene.util.CloseableThreadLocal.get()Ljava/lang/Object; @ 7 c2
Event: 4.634 Thread 0x000075fc587e9290 DEOPT PACKING pc=0x000075fc4850fa68 sp=0x0000694e375fe260
Event: 4.634 Thread 0x000075fc587e9290 DEOPT UNPACKING pc=0x000075fc47c6a399 sp=0x0000694e375fe228 mode 2
Event: 4.659 Thread 0x000075fc587d8f00 Uncommon trap: trap_request=0xffffff45 fr.pc=0x000075fc484efa8c relative=0x000000000000102c
Event: 4.659 Thread 0x000075fc587d8f00 Uncommon trap: reason=unstable_if action=reinterpret pc=0x000075fc484efa8c method=org.apache.lucene.queryparser.classic.QueryParserTokenManager.jjMoveNfa_2(II)I @ 2505 c2
Event: 4.659 Thread 0x000075fc587d8f00 DEOPT PACKING pc=0x000075fc484efa8c sp=0x0000694f200fe4b0
Event: 4.659 Thread 0x000075fc587d8f00 DEOPT UNPACKING pc=0x000075fc47c6a399 sp=0x0000694f200fe460 mode 2
Event: 4.670 Thread 0x000075fc587d8f00 DEOPT PACKING pc=0x000075fc40cdb8d5 sp=0x0000694f200fe2c0
Event: 4.670 Thread 0x000075fc587d8f00 DEOPT UNPACKING pc=0x000075fc47c6ab2f sp=0x0000694f200fd778 mode 0
Event: 4.677 Thread 0x000075fc587c8f40 DEOPT PACKING pc=0x000075fc40cdb8d5 sp=0x0000694f20cfe2e0
Event: 4.677 Thread 0x000075fc587c8f40 DEOPT UNPACKING pc=0x000075fc47c6ab2f sp=0x0000694f20cfd798 mode 0
Event: 5.003 Thread 0x000075fc587e7c80 Uncommon trap: trap_request=0xffffff45 fr.pc=0x000075fc485139d0 relative=0x0000000000000290
Event: 5.003 Thread 0x000075fc587e7c80 Uncommon trap: reason=unstable_if action=reinterpret pc=0x000075fc485139d0 method=java.lang.StringConcatHelper.prepend(J[BILjava/lang/String;)J @ 9 c2
Event: 5.003 Thread 0x000075fc587e7c80 DEOPT PACKING pc=0x000075fc485139d0 sp=0x0000694e376fe7a0
Event: 5.003 Thread 0x000075fc587e7c80 DEOPT UNPACKING pc=0x000075fc47c6a399 sp=0x0000694e376fe758 mode 2

Classes loaded (20 events):
Event: 4.273 Loading class java/util/stream/SpinedBuffer$OfPrimitive
Event: 4.273 Loading class java/util/stream/AbstractSpinedBuffer
Event: 4.273 Loading class java/util/stream/AbstractSpinedBuffer done
Event: 4.273 Loading class java/util/stream/SpinedBuffer$OfPrimitive done
Event: 4.273 Loading class java/util/stream/SpinedBuffer$OfInt done
Event: 4.273 Loading class java/util/stream/Nodes$IntSpinedNodeBuilder done
Event: 4.273 Loading class java/util/stream/ReferencePipeline$8$1
Event: 4.273 Loading class java/util/stream/ReferencePipeline$8$1 done
Event: 4.274 Loading class java/util/Spliterators$IntArraySpliterator
Event: 4.274 Loading class java/util/Spliterators$IntArraySpliterator done
Event: 4.274 Loading class java/util/stream/IntPipeline$Head
Event: 4.274 Loading class java/util/stream/IntPipeline$Head done
Event: 4.291 Loading class java/lang/invoke/VarHandleSegmentAsShorts
Event: 4.291 Loading class java/lang/invoke/VarHandleSegmentAsShorts done
Event: 4.309 Loading class java/util/WeakHashMap$KeyIterator
Event: 4.309 Loading class java/util/WeakHashMap$HashIterator
Event: 4.309 Loading class java/util/WeakHashMap$HashIterator done
Event: 4.309 Loading class java/util/WeakHashMap$KeyIterator done
Event: 4.634 Loading class java/io/FileOutputStream$1
Event: 4.634 Loading class java/io/FileOutputStream$1 done

Classes unloaded (0 events):
No events

Classes redefined (0 events):
No events

Internal exceptions (20 events):
Event: 4.244 Thread 0x000075fc587e4890 Exception <a 'java/lang/NoSuchMethodError'{0x0000000041d48270}: 'java.lang.Object java.lang.invoke.Invokers$Holder.linkToTargetMethod(java.lang.Object, java.lang.Object, java.lang.Object, int, java.lang.Object)'> (0x0000000041d48270) 
thrown [src/hotspot/share/interpreter/linkResolver.cpp, line 772]
Event: 4.244 Thread 0x000075fc587d38b0 Exception <a 'java/lang/NoSuchMethodError'{0x0000000041d9b688}: 'java.lang.Object java.lang.invoke.Invokers$Holder.linkToTargetMethod(java.lang.Object, java.lang.Object, java.lang.Object, int, java.lang.Object)'> (0x0000000041d9b688) 
thrown [src/hotspot/share/interpreter/linkResolver.cpp, line 772]
Event: 4.244 Thread 0x000075fc587ea8b0 Exception <a 'java/lang/NoSuchMethodError'{0x0000000041e0f3a0}: 'java.lang.Object java.lang.invoke.Invokers$Holder.linkToTargetMethod(java.lang.Object, java.lang.Object, java.lang.Object, int, java.lang.Object)'> (0x0000000041e0f3a0) 
thrown [src/hotspot/share/interpreter/linkResolver.cpp, line 772]
Event: 4.244 Thread 0x000075fc587dba90 Exception <a 'java/lang/NoSuchMethodError'{0x0000000041dcdc90}: 'java.lang.Object java.lang.invoke.Invokers$Holder.linkToTargetMethod(java.lang.Object, java.lang.Object, java.lang.Object, int, java.lang.Object)'> (0x0000000041dcdc90) 
thrown [src/hotspot/share/interpreter/linkResolver.cpp, line 772]
Event: 4.244 Thread 0x000075fc587cba10 Exception <a 'java/lang/NoSuchMethodError'{0x0000000041e3e168}: 'java.lang.Object java.lang.invoke.Invokers$Holder.linkToTargetMethod(java.lang.Object, java.lang.Object, java.lang.Object, int, java.lang.Object)'> (0x0000000041e3e168) 
thrown [src/hotspot/share/interpreter/linkResolver.cpp, line 772]
Event: 4.244 Thread 0x000075fc587cf8e0 Exception <a 'java/lang/NoSuchMethodError'{0x0000000041d28fc0}: 'java.lang.Object java.lang.invoke.Invokers$Holder.linkToTargetMethod(java.lang.Object, java.lang.Object, java.lang.Object, int, java.lang.Object)'> (0x0000000041d28fc0) 
thrown [src/hotspot/share/interpreter/linkResolver.cpp, line 772]
Event: 4.244 Thread 0x000075fc587e1ca0 Exception <a 'java/lang/NoSuchMethodError'{0x0000000041d7a680}: 'java.lang.Object java.lang.invoke.Invokers$Holder.linkToTargetMethod(java.lang.Object, java.lang.Object, java.lang.Object, int, java.lang.Object)'> (0x0000000041d7a680) 
thrown [src/hotspot/share/interpreter/linkResolver.cpp, line 772]
Event: 4.245 Thread 0x000075fc587c8f40 Exception <a 'java/lang/NoSuchMethodError'{0x0000000041d20d68}: 'java.lang.Object java.lang.invoke.Invokers$Holder.linkToTargetMethod(java.lang.Object, java.lang.Object, java.lang.Object, int, java.lang.Object)'> (0x0000000041d20d68) 
thrown [src/hotspot/share/interpreter/linkResolver.cpp, line 772]
Event: 4.245 Thread 0x000075fc587c5000 Exception <a 'java/lang/NoSuchMethodError'{0x0000000041d39248}: 'java.lang.Object java.lang.invoke.Invokers$Holder.linkToTargetMethod(java.lang.Object, java.lang.Object, java.lang.Object, int, java.lang.Object)'> (0x0000000041d39248) 
thrown [src/hotspot/share/interpreter/linkResolver.cpp, line 772]
Event: 4.245 Thread 0x000075fc587ebed0 Exception <a 'java/lang/NoSuchMethodError'{0x0000000041dd5b80}: 'java.lang.Object java.lang.invoke.Invokers$Holder.linkToTargetMethod(java.lang.Object, java.lang.Object, java.lang.Object, int, java.lang.Object)'> (0x0000000041dd5b80) 
thrown [src/hotspot/share/interpreter/linkResolver.cpp, line 772]
Event: 4.263 Thread 0x000075fc587c3c80 Implicit null exception at 0x000075fc484159de to 0x000075fc48415a98
Event: 4.263 Thread 0x000075fc587e4890 Implicit null exception at 0x000075fc484159de to 0x000075fc48415a98
Event: 4.263 Thread 0x000075fc587d8f00 Implicit null exception at 0x000075fc484159de to 0x000075fc48415a98
Event: 4.263 Thread 0x000075fc587c6550 Implicit null exception at 0x000075fc484159de to 0x000075fc48415a98
Event: 4.263 Thread 0x000075fc587ebed0 Implicit null exception at 0x000075fc484159de to 0x000075fc48415a98
Event: 4.274 Thread 0x000075fc587de8f0 Exception <a 'java/lang/NoSuchMethodError'{0x000000004215f6f8}: 'void java.lang.invoke.DirectMethodHandle$Holder.invokeInterface(java.lang.Object, java.lang.Object, int)'> (0x000000004215f6f8) 
thrown [src/hotspot/share/interpreter/linkResolver.cpp, line 772]
Event: 4.274 Thread 0x000075fc587de8f0 Exception <a 'java/lang/IncompatibleClassChangeError'{0x000000004212a958}: Found class java.lang.Object, but interface was expected> (0x000000004212a958) 
thrown [src/hotspot/share/interpreter/linkResolver.cpp, line 840]
Event: 4.278 Thread 0x000075fc587d4d60 Exception <a 'java/lang/NoSuchMethodError'{0x000000004209a320}: 'int java.lang.invoke.DirectMethodHandle$Holder.invokeStaticInit(java.lang.Object, java.lang.Object)'> (0x000000004209a320) 
thrown [src/hotspot/share/interpreter/linkResolver.cpp, line 772]
Event: 4.279 Thread 0x000075fc587d4d60 Exception <a 'java/lang/NoSuchMethodError'{0x0000000042094150}: 'java.lang.Object java.lang.invoke.Invokers$Holder.invokeExact_MT(java.lang.Object, java.lang.Object, java.lang.Object, java.lang.Object, java.lang.Object, java.lang.Object)'> (0x0000000042094150) 
thrown [src/hotspot/share/interpreter/linkResolver.cpp, line 772]
Event: 4.634 Thread 0x000075fc587e9290 Implicit null exception at 0x000075fc4850f913 to 0x000075fc4850fa58

ZGC Phase Switch (0 events):
No events

VM Operations (20 events):
Event: 4.473 Executing VM operation: ICBufferFull done
Event: 4.573 Executing VM operation: ThirdPartyHeapOperation
Event: 4.588 Executing VM operation: ThirdPartyHeapOperation done
Event: 4.591 Executing VM operation: ThirdPartyHeapOperation
Event: 4.614 Executing VM operation: ThirdPartyHeapOperation done
Event: 4.689 Executing VM operation: ThirdPartyHeapOperation
Event: 4.703 Executing VM operation: ThirdPartyHeapOperation done
Event: 4.707 Executing VM operation: ThirdPartyHeapOperation
Event: 4.736 Executing VM operation: ThirdPartyHeapOperation done
Event: 4.795 Executing VM operation: ThirdPartyHeapOperation
Event: 4.810 Executing VM operation: ThirdPartyHeapOperation done
Event: 4.814 Executing VM operation: ThirdPartyHeapOperation
Event: 4.845 Executing VM operation: ThirdPartyHeapOperation done
Event: 4.895 Executing VM operation: ThirdPartyHeapOperation
Event: 4.910 Executing VM operation: ThirdPartyHeapOperation done
Event: 4.913 Executing VM operation: ThirdPartyHeapOperation
Event: 4.945 Executing VM operation: ThirdPartyHeapOperation done
Event: 4.987 Executing VM operation: ThirdPartyHeapOperation
Event: 5.002 Executing VM operation: ThirdPartyHeapOperation done
Event: 5.005 Executing VM operation: ThirdPartyHeapOperation

Memory protections (20 events):
Event: 4.224 Protecting memory [0x0000694e37d00000,0x0000694e37d04000] with protection modes 0
Event: 4.225 Protecting memory [0x0000694e37c00000,0x0000694e37c04000] with protection modes 0
Event: 4.225 Protecting memory [0x0000694e37b00000,0x0000694e37b04000] with protection modes 0
Event: 4.225 Protecting memory [0x0000694e37a00000,0x0000694e37a04000] with protection modes 0
Event: 4.225 Protecting memory [0x0000694e37900000,0x0000694e37904000] with protection modes 0
Event: 4.225 Protecting memory [0x0000694e37800000,0x0000694e37804000] with protection modes 0
Event: 4.225 Protecting memory [0x0000694e37700000,0x0000694e37704000] with protection modes 0
Event: 4.226 Protecting memory [0x0000694e37600000,0x0000694e37604000] with protection modes 0
Event: 4.226 Protecting memory [0x0000694e37500000,0x0000694e37504000] with protection modes 0
Event: 4.227 Protecting memory [0x0000694e37400000,0x0000694e37404000] with protection modes 0
Event: 4.227 Protecting memory [0x0000694e37300000,0x0000694e37304000] with protection modes 0
Event: 4.228 Protecting memory [0x0000694e37200000,0x0000694e37204000] with protection modes 0
Event: 4.239 Protecting memory [0x0000694e37100000,0x0000694e37104000] with protection modes 0
Event: 4.248 Protecting memory [0x0000694e37000000,0x0000694e37004000] with protection modes 0
Event: 4.457 Protecting memory [0x0000694e36e00000,0x0000694e36e04000] with protection modes 0
Event: 4.458 Protecting memory [0x0000694e36f00000,0x0000694e36f04000] with protection modes 0
Event: 4.458 Protecting memory [0x0000694e36d00000,0x0000694e36d04000] with protection modes 0
Event: 4.461 Protecting memory [0x0000694e36c00000,0x0000694e36c04000] with protection modes 0
Event: 4.462 Protecting memory [0x0000694e36b00000,0x0000694e36b04000] with protection modes 0
Event: 4.463 Protecting memory [0x0000694e36a00000,0x0000694e36a04000] with protection modes 0

Nmethod flushes (0 events):
No events

Events (20 events):
Event: 4.224 Thread 0x000075fc5802b240 Thread added: 0x000075fc587dd060
Event: 4.225 Thread 0x000075fc5802b240 Thread added: 0x000075fc587de8f0
Event: 4.225 Thread 0x000075fc5802b240 Thread added: 0x000075fc587e02c0
Event: 4.225 Thread 0x000075fc5802b240 Thread added: 0x000075fc587e1ca0
Event: 4.225 Thread 0x000075fc5802b240 Thread added: 0x000075fc587e3290
Event: 4.225 Thread 0x000075fc5802b240 Thread added: 0x000075fc587e4890
Event: 4.225 Thread 0x000075fc5802b240 Thread added: 0x000075fc587e6280
Event: 4.226 Thread 0x000075fc5802b240 Thread added: 0x000075fc587e7c80
Event: 4.226 Thread 0x000075fc5802b240 Thread added: 0x000075fc587e9290
Event: 4.227 Thread 0x000075fc5802b240 Thread added: 0x000075fc587ea8b0
Event: 4.227 Thread 0x000075fc5802b240 Thread added: 0x000075fc587ebed0
Event: 4.227 Thread 0x000075fc5802b240 Thread added: 0x000075fc587ed8f0
Event: 4.239 Thread 0x0000694e80050e30 Thread added: 0x0000694e8405be50
Event: 4.248 Thread 0x0000694e9c0a2dc0 Thread added: 0x0000694e8005f5d0
Event: 4.457 Thread 0x000075fc58557520 Thread added: 0x0000694e9c29e560
Event: 4.457 Thread 0x0000694e80050e30 Thread added: 0x0000694e840958c0
Event: 4.458 Thread 0x0000694e80050e30 Thread added: 0x0000694e84097040
Event: 4.461 Thread 0x000075fc58557520 Thread added: 0x0000694e9c29ff80
Event: 4.462 Thread 0x0000694e80051de0 Thread added: 0x0000694e7806ca60
Event: 4.463 Thread 0x0000694e80051de0 Thread added: 0x0000694e7806e1d0


Dynamic libraries:
40000000-40400000 rw-p 00000000 00:00 0                                  [anon:mmtk:space:immix]
40400000-41400000 rw-p 00000000 00:00 0                                  [anon:mmtk:space:los]
41400000-41800000 rw-p 00000000 00:00 0                                  [anon:mmtk:space:immix]
41800000-48000000 rw-p 00000000 00:00 0                                  [anon:mmtk:space:los]
48000000-48400000 rw-p 00000000 00:00 0                                  [anon:mmtk:space:immix]
48400000-49800000 rw-p 00000000 00:00 0                                  [anon:mmtk:space:los]
49800000-50000000 rw-p 00000000 00:00 0                                  [anon:mmtk:space:immix]
50000000-52800000 rw-p 00000000 00:00 0                                  [anon:mmtk:space:immix]
52800000-52c00000 rw-p 00000000 00:00 0                                  [anon:mmtk:space:immix]
52c00000-53400000 rw-p 00000000 00:00 0                                  [anon:mmtk:space:immix]
53400000-53800000 rw-p 00000000 00:00 0                                  [anon:mmtk:space:immix]
200000000000-2000c00c0000 rw-s 00000000 00:10 68                         anon_inode:bpf-map
5a9cc9a81000-5a9cc9a82000 r--p 00000000 fc:00 49676352                   /mydata/openjdk-mmtk/build/b0test/images/jdk/bin/java
5a9cc9a82000-5a9cc9a83000 r-xp 00001000 fc:00 49676352                   /mydata/openjdk-mmtk/build/b0test/images/jdk/bin/java
5a9cc9a83000-5a9cc9a84000 r--p 00002000 fc:00 49676352                   /mydata/openjdk-mmtk/build/b0test/images/jdk/bin/java
5a9cc9a84000-5a9cc9a85000 r--p 00002000 fc:00 49676352                   /mydata/openjdk-mmtk/build/b0test/images/jdk/bin/java
5a9cc9a85000-5a9cc9a86000 rw-p 00003000 fc:00 49676352                   /mydata/openjdk-mmtk/build/b0test/images/jdk/bin/java
5a9ceb90b000-5a9ceb953000 rw-p 00000000 00:00 0                          [heap]
694dd4000000-694dd4821000 rw-p 00000000 00:00 0 
694dd4821000-694dd8000000 ---p 00000000 00:00 0 
694ddc000000-694ddc605000 rw-p 00000000 00:00 0 
694ddc605000-694de0000000 ---p 00000000 00:00 0 
694de0000000-694de060f000 rw-p 00000000 00:00 0 
694de060f000-694de4000000 ---p 00000000 00:00 0 
694de4000000-694de49d6000 rw-p 00000000 00:00 0 
694de49d6000-694de8000000 ---p 00000000 00:00 0 
694de8000000-694de88e8000 rw-p 00000000 00:00 0 
694de88e8000-694dec000000 ---p 00000000 00:00 0 
694dec000000-694dec6d1000 rw-p 00000000 00:00 0 
694dec6d1000-694df0000000 ---p 00000000 00:00 0 
694df0000000-694df0cbb000 rw-p 00000000 00:00 0 
694df0cbb000-694df4000000 ---p 00000000 00:00 0 
694df4000000-694df4021000 rw-p 00000000 00:00 0 
694df4021000-694df8000000 ---p 00000000 00:00 0 
694df8000000-694df8f1e000 rw-p 00000000 00:00 0 
694df8f1e000-694dfc000000 ---p 00000000 00:00 0 
694dfc000000-694dfc021000 rw-p 00000000 00:00 0 
694dfc021000-694e00000000 ---p 00000000 00:00 0 
694e00000000-694e00021000 rw-p 00000000 00:00 0 
694e00021000-694e04000000 ---p 00000000 00:00 0 
694e04000000-694e04021000 rw-p 00000000 00:00 0 
694e04021000-694e08000000 ---p 00000000 00:00 0 
694e08000000-694e08021000 rw-p 00000000 00:00 0 
694e08021000-694e0c000000 ---p 00000000 00:00 0 
694e0c000000-694e0c021000 rw-p 00000000 00:00 0 
694e0c021000-694e10000000 ---p 00000000 00:00 0 
694e10000000-694e10021000 rw-p 00000000 00:00 0 
694e10021000-694e14000000 ---p 00000000 00:00 0 
694e14000000-694e1402e000 rw-p 00000000 00:00 0 
694e1402e000-694e18000000 ---p 00000000 00:00 0 
694e18000000-694e18021000 rw-p 00000000 00:00 0 
694e18021000-694e1c000000 ---p 00000000 00:00 0 
694e1c000000-694e1c021000 rw-p 00000000 00:00 0 
694e1c021000-694e20000000 ---p 00000000 00:00 0 
694e20000000-694e20021000 rw-p 00000000 00:00 0 
694e20021000-694e24000000 ---p 00000000 00:00 0 
694e24000000-694e24021000 rw-p 00000000 00:00 0 
694e24021000-694e28000000 ---p 00000000 00:00 0 
694e28000000-694e2802d000 rw-p 00000000 00:00 0 
694e2802d000-694e2c000000 ---p 00000000 00:00 0 
694e2c000000-694e2c021000 rw-p 00000000 00:00 0 
694e2c021000-694e30000000 ---p 00000000 00:00 0 
694e30000000-694e30021000 rw-p 00000000 00:00 0 
694e30021000-694e34000000 ---p 00000000 00:00 0 
694e36a00000-694e36a04000 ---p 00000000 00:00 0 
694e36a04000-694e36b00000 rw-p 00000000 00:00 0 
694e36b00000-694e36b04000 ---p 00000000 00:00 0 
694e36b04000-694e36c00000 rw-p 00000000 00:00 0 
694e36c00000-694e36c04000 ---p 00000000 00:00 0 
694e36c04000-694e36d00000 rw-p 00000000 00:00 0 
694e36d00000-694e36d04000 ---p 00000000 00:00 0 
694e36d04000-694e36e00000 rw-p 00000000 00:00 0 
694e36e00000-694e36e04000 ---p 00000000 00:00 0 
694e36e04000-694e36f00000 rw-p 00000000 00:00 0 
694e36f00000-694e36f04000 ---p 00000000 00:00 0 
694e36f04000-694e37000000 rw-p 00000000 00:00 0 
694e37000000-694e37004000 ---p 00000000 00:00 0 
694e37004000-694e37100000 rw-p 00000000 00:00 0 
694e37100000-694e37104000 ---p 00000000 00:00 0 
694e37104000-694e37200000 rw-p 00000000 00:00 0 
694e37200000-694e37204000 ---p 00000000 00:00 0 
694e37204000-694e37300000 rw-p 00000000 00:00 0 
694e37300000-694e37304000 ---p 00000000 00:00 0 
694e37304000-694e37400000 rw-p 00000000 00:00 0 
694e37400000-694e37404000 ---p 00000000 00:00 0 
694e37404000-694e37500000 rw-p 00000000 00:00 0 
694e37500000-694e37504000 ---p 00000000 00:00 0 
694e37504000-694e37600000 rw-p 00000000 00:00 0 
694e37600000-694e37604000 ---p 00000000 00:00 0 
694e37604000-694e37700000 rw-p 00000000 00:00 0 
694e37700000-694e37704000 ---p 00000000 00:00 0 
694e37704000-694e37800000 rw-p 00000000 00:00 0 
694e37800000-694e37804000 ---p 00000000 00:00 0 
694e37804000-694e37900000 rw-p 00000000 00:00 0 
694e37900000-694e37904000 ---p 00000000 00:00 0 
694e37904000-694e37a00000 rw-p 00000000 00:00 0 
694e37a00000-694e37a04000 ---p 00000000 00:00 0 
694e37a04000-694e37b00000 rw-p 00000000 00:00 0 
694e37b00000-694e37b04000 ---p 00000000 00:00 0 
694e37b04000-694e37c00000 rw-p 00000000 00:00 0 
694e37c00000-694e37c04000 ---p 00000000 00:00 0 
694e37c04000-694e37d00000 rw-p 00000000 00:00 0 
694e37d00000-694e37d04000 ---p 00000000 00:00 0 
694e37d04000-694e37e00000 rw-p 00000000 00:00 0 
694e37e00000-694e37e04000 ---p 00000000 00:00 0 
694e37e04000-694e37f00000 rw-p 00000000 00:00 0 
694e37f00000-694e37f04000 ---p 00000000 00:00 0 
694e37f04000-694e38000000 rw-p 00000000 00:00 0 
694e38000000-694e38021000 rw-p 00000000 00:00 0 
694e38021000-694e3c000000 ---p 00000000 00:00 0 
694e3c000000-694e3c021000 rw-p 00000000 00:00 0 
694e3c021000-694e40000000 ---p 00000000 00:00 0 
694e40000000-694e40021000 rw-p 00000000 00:00 0 
694e40021000-694e44000000 ---p 00000000 00:00 0 
694e44000000-694e44021000 rw-p 00000000 00:00 0 
694e44021000-694e48000000 ---p 00000000 00:00 0 
694e48000000-694e48021000 rw-p 00000000 00:00 0 
694e48021000-694e4c000000 ---p 00000000 00:00 0 
694e4c000000-694e4c021000 rw-p 00000000 00:00 0 
694e4c021000-694e50000000 ---p 00000000 00:00 0 
694e50000000-694e50023000 rw-p 00000000 00:00 0 
694e50023000-694e54000000 ---p 00000000 00:00 0 
694e54000000-694e54021000 rw-p 00000000 00:00 0 
694e54021000-694e58000000 ---p 00000000 00:00 0 
694e58000000-694e58021000 rw-p 00000000 00:00 0 
694e58021000-694e5c000000 ---p 00000000 00:00 0 
694e5c000000-694e5c028000 rw-p 00000000 00:00 0 
694e5c028000-694e60000000 ---p 00000000 00:00 0 
694e60000000-694e60021000 rw-p 00000000 00:00 0 
694e60021000-694e64000000 ---p 00000000 00:00 0 
694e64000000-694e64021000 rw-p 00000000 00:00 0 
694e64021000-694e68000000 ---p 00000000 00:00 0 
694e68000000-694e68045000 rw-p 00000000 00:00 0 
694e68045000-694e6c000000 ---p 00000000 00:00 0 
694e6c000000-694e6c021000 rw-p 00000000 00:00 0 
694e6c021000-694e70000000 ---p 00000000 00:00 0 
694e70000000-694e70021000 rw-p 00000000 00:00 0 
694e70021000-694e74000000 ---p 00000000 00:00 0 
694e74000000-694e74021000 rw-p 00000000 00:00 0 
694e74021000-694e78000000 ---p 00000000 00:00 0 
694e78000000-694e780c4000 rw-p 00000000 00:00 0 
694e780c4000-694e7c000000 ---p 00000000 00:00 0 
694e7c000000-694e7c131000 rw-p 00000000 00:00 0 
694e7c131000-694e80000000 ---p 00000000 00:00 0 
694e80000000-694e801bc000 rw-p 00000000 00:00 0 
694e801bc000-694e84000000 ---p 00000000 00:00 0 
694e84000000-694e8409c000 rw-p 00000000 00:00 0 
694e8409c000-694e88000000 ---p 00000000 00:00 0 
694e88000000-694e88021000 rw-p 00000000 00:00 0 
694e88021000-694e8c000000 ---p 00000000 00:00 0 
694e8c000000-694e8c33f000 rw-p 00000000 00:00 0 
694e8c33f000-694e90000000 ---p 00000000 00:00 0 
694e90000000-694e9070e000 rw-p 00000000 00:00 0 
694e9070e000-694e94000000 ---p 00000000 00:00 0 
694e94000000-694e94021000 rw-p 00000000 00:00 0 
694e94021000-694e98000000 ---p 00000000 00:00 0 
694e98000000-694e9883b000 rw-p 00000000 00:00 0 
694e9883b000-694e9c000000 ---p 00000000 00:00 0 
694e9c000000-694e9c2e7000 rw-p 00000000 00:00 0 
694e9c2e7000-694ea0000000 ---p 00000000 00:00 0 
694ea0000000-694ea0021000 rw-p 00000000 00:00 0 
694ea0021000-694ea4000000 ---p 00000000 00:00 0 
694ea4000000-694ea4021000 rw-p 00000000 00:00 0 
694ea4021000-694ea8000000 ---p 00000000 00:00 0 
694ea8000000-694ea8042000 rw-p 00000000 00:00 0 
694ea8042000-694eac000000 ---p 00000000 00:00 0 
694eac000000-694eac021000 rw-p 00000000 00:00 0 
694eac021000-694eb0000000 ---p 00000000 00:00 0 
694eb0000000-694eb004b000 rw-p 00000000 00:00 0 
694eb004b000-694eb4000000 ---p 00000000 00:00 0 
694eb4000000-694eb404b000 rw-p 00000000 00:00 0 
694eb404b000-694eb8000000 ---p 00000000 00:00 0 
694eb8000000-694eb8042000 rw-p 00000000 00:00 0 
694eb8042000-694ebc000000 ---p 00000000 00:00 0 
694ebc000000-694ebc042000 rw-p 00000000 00:00 0 
694ebc042000-694ec0000000 ---p 00000000 00:00 0 
694ec0000000-694ec0043000 rw-p 00000000 00:00 0 
694ec0043000-694ec4000000 ---p 00000000 00:00 0 
694ec4000000-694ec4037000 rw-p 00000000 00:00 0 
694ec4037000-694ec8000000 ---p 00000000 00:00 0 
694ec8000000-694ec804a000 rw-p 00000000 00:00 0 
694ec804a000-694ecc000000 ---p 00000000 00:00 0 
694ecc000000-694ecc04b000 rw-p 00000000 00:00 0 
694ecc04b000-694ed0000000 ---p 00000000 00:00 0 
694ed0000000-694ed004a000 rw-p 00000000 00:00 0 
694ed004a000-694ed4000000 ---p 00000000 00:00 0 
694ed4000000-694ed4042000 rw-p 00000000 00:00 0 
694ed4042000-694ed8000000 ---p 00000000 00:00 0 
694ed8000000-694ed80de000 rw-p 00000000 00:00 0 
694ed80de000-694edc000000 ---p 00000000 00:00 0 
694edc000000-694edc042000 rw-p 00000000 00:00 0 
694edc042000-694ee0000000 ---p 00000000 00:00 0 
694ee0000000-694ee0043000 rw-p 00000000 00:00 0 
694ee0043000-694ee4000000 ---p 00000000 00:00 0 
694ee4000000-694ee430a000 rw-p 00000000 00:00 0 
694ee430a000-694ee8000000 ---p 00000000 00:00 0 
694ee8000000-694ee8904000 rw-p 00000000 00:00 0 
694ee8904000-694eec000000 ---p 00000000 00:00 0 
694eec000000-694eec31c000 rw-p 00000000 00:00 0 
694eec31c000-694ef0000000 ---p 00000000 00:00 0 
694ef0000000-694ef0053000 rw-p 00000000 00:00 0 
694ef0053000-694ef4000000 ---p 00000000 00:00 0 
694ef4000000-694ef4052000 rw-p 00000000 00:00 0 
694ef4052000-694ef8000000 ---p 00000000 00:00 0 
694ef8000000-694ef8033000 rw-p 00000000 00:00 0 
694ef8033000-694efc000000 ---p 00000000 00:00 0 
694efc000000-694efc049000 rw-p 00000000 00:00 0 
694efc049000-694f00000000 ---p 00000000 00:00 0 
694f00000000-694f0003b000 rw-p 00000000 00:00 0 
694f0003b000-694f04000000 ---p 00000000 00:00 0 
694f04000000-694f0404b000 rw-p 00000000 00:00 0 
694f0404b000-694f08000000 ---p 00000000 00:00 0 
694f08000000-694f08021000 rw-p 00000000 00:00 0 
694f08021000-694f0c000000 ---p 00000000 00:00 0 
694f0c000000-694f0c021000 rw-p 00000000 00:00 0 
694f0c021000-694f10000000 ---p 00000000 00:00 0 
694f10000000-694f10021000 rw-p 00000000 00:00 0 
694f10021000-694f14000000 ---p 00000000 00:00 0 
694f14000000-694f14021000 rw-p 00000000 00:00 0 
694f14021000-694f18000000 ---p 00000000 00:00 0 
694f18000000-694f18380000 rw-p 00000000 00:00 0 
694f18380000-694f18400000 ---p 00000000 00:00 0 
694f18400000-694f18a00000 rw-p 00000000 00:00 0 
694f18a00000-694f1c000000 ---p 00000000 00:00 0 
694f1c000000-694f1c021000 rw-p 00000000 00:00 0 
694f1c021000-694f20004000 ---p 00000000 00:00 0 
694f20004000-694f20100000 rw-p 00000000 00:00 0 
694f20100000-694f20104000 ---p 00000000 00:00 0 
694f20104000-694f20200000 rw-p 00000000 00:00 0 
694f20200000-694f20204000 ---p 00000000 00:00 0 
694f20204000-694f20300000 rw-p 00000000 00:00 0 
694f20300000-694f20304000 ---p 00000000 00:00 0 
694f20304000-694f20400000 rw-p 00000000 00:00 0 
694f20400000-694f20404000 ---p 00000000 00:00 0 
694f20404000-694f20500000 rw-p 00000000 00:00 0 
694f20500000-694f20504000 ---p 00000000 00:00 0 
694f20504000-694f20600000 rw-p 00000000 00:00 0 
694f20600000-694f20604000 ---p 00000000 00:00 0 
694f20604000-694f20700000 rw-p 00000000 00:00 0 
694f20700000-694f20704000 ---p 00000000 00:00 0 
694f20704000-694f20800000 rw-p 00000000 00:00 0 
694f20800000-694f20804000 ---p 00000000 00:00 0 
694f20804000-694f20900000 rw-p 00000000 00:00 0 
694f20900000-694f20904000 ---p 00000000 00:00 0 
694f20904000-694f20a00000 rw-p 00000000 00:00 0 
694f20a00000-694f20a04000 ---p 00000000 00:00 0 
694f20a04000-694f20b00000 rw-p 00000000 00:00 0 
694f20b00000-694f20b04000 ---p 00000000 00:00 0 
694f20b04000-694f20c00000 rw-p 00000000 00:00 0 
694f20c00000-694f20c04000 ---p 00000000 00:00 0 
694f20c04000-694f20d00000 rw-p 00000000 00:00 0 
694f20d00000-694f20d04000 ---p 00000000 00:00 0 
694f20d04000-694f20e00000 rw-p 00000000 00:00 0 
694f20e00000-694f20e04000 ---p 00000000 00:00 0 
694f20e04000-694f20f00000 rw-p 00000000 00:00 0 
694f20f00000-694f20f04000 ---p 00000000 00:00 0 
694f20f04000-694f21000000 rw-p 00000000 00:00 0 
694f21000000-694f21465000 r--s 00000000 fc:00 7871857                    /mydata/dacapo/dacapo-23.11/dacapo-23.11-MR2-chopin/dat/lusearch/index-default/_3_Lucene90_0.tim
694f21500000-694f21504000 ---p 00000000 00:00 0 
694f21504000-694f21600000 rw-p 00000000 00:00 0 
694f21600000-694f21a01000 r--s 00000000 fc:00 7871856                    /mydata/dacapo/dacapo-23.11/dacapo-23.11-MR2-chopin/dat/lusearch/index-default/_3_Lucene90_0.doc
694f21af8000-694f21afc000 ---p 00000000 00:00 0 
694f21afc000-694f21bf8000 rw-p 00000000 00:00 0 
694f21bf8000-694f21bfc000 ---p 00000000 00:00 0 
694f21bfc000-694f21cf8000 rw-p 00000000 00:00 0 
694f21cf8000-694f21cfc000 ---p 00000000 00:00 0 
694f21cfc000-694f21df8000 rw-p 00000000 00:00 0 
694f21df8000-694f21dfc000 ---p 00000000 00:00 0 
694f21dfc000-694f21ef8000 rw-p 00000000 00:00 0 
694f21ef8000-694f21efc000 ---p 00000000 00:00 0 
694f21efc000-694f21ff8000 rw-p 00000000 00:00 0 
694f21ff8000-694f21ffc000 ---p 00000000 00:00 0 
694f21ffc000-694f220f8000 rw-p 00000000 00:00 0 
694f220f8000-694f220fc000 ---p 00000000 00:00 0 
694f220fc000-694f221f8000 rw-p 00000000 00:00 0 
694f221f8000-694f221fc000 ---p 00000000 00:00 0 
694f221fc000-694f222f8000 rw-p 00000000 00:00 0 
694f222f8000-694f222fc000 ---p 00000000 00:00 0 
694f222fc000-694f223f8000 rw-p 00000000 00:00 0 
694f223f8000-694f223fc000 ---p 00000000 00:00 0 
694f223fc000-694f224f8000 rw-p 00000000 00:00 0 
694f224f8000-694f224fc000 ---p 00000000 00:00 0 
694f224fc000-694f225f8000 rw-p 00000000 00:00 0 
694f225f8000-694f225fc000 ---p 00000000 00:00 0 
694f225fc000-694f226f8000 rw-p 00000000 00:00 0 
694f226f8000-694f226fc000 ---p 00000000 00:00 0 
694f226fc000-694f227f8000 rw-p 00000000 00:00 0 
694f227f8000-694f227f9000 ---p 00000000 00:00 0 
694f227f9000-694f228f9000 rw-p 00000000 00:00 0 
694f228f9000-694f228fa000 ---p 00000000 00:00 0 
694f228fa000-694f229fa000 rw-p 00000000 00:00 0 
694f229fa000-694f229fb000 ---p 00000000 00:00 0 
694f229fb000-694f22afb000 rw-p 00000000 00:00 0 
694f22afb000-694f22afc000 ---p 00000000 00:00 0 
694f22afc000-694f22bfc000 rw-p 00000000 00:00 0 
694f22bfc000-694f22bfd000 ---p 00000000 00:00 0 
694f22bfd000-694f22cfd000 rw-p 00000000 00:00 0 
694f22cfd000-694f22cfe000 ---p 00000000 00:00 0 
694f22cfe000-694f22dfe000 rw-p 00000000 00:00 0 
694f22dfe000-694f22dff000 ---p 00000000 00:00 0 
694f22dff000-694f22eff000 rw-p 00000000 00:00 0 
694f22eff000-694f22f00000 ---p 00000000 00:00 0 
694f22f00000-694f23000000 rw-p 00000000 00:00 0 
694f23000000-694f23ca3000 rw-p 00001000 fc:00 49677060                   /mydata/openjdk-mmtk/build/b0test/images/jdk/lib/server/classes.jsa
694f23ca3000-694f24000000 ---p 00000000 00:00 0 
694f24000000-694f24040000 rw-p 00000000 00:00 0 
694f24040000-694f240c0000 rw-p 00000000 00:00 0 
694f240c0000-694f240e0000 rw-p 00000000 00:00 0 
694f240e0000-694f24100000 ---p 00000000 00:00 0 
694f24100000-694f24200000 rw-p 00000000 00:00 0 
694f24200000-694f64000000 ---p 00000000 00:00 0 
694f64000000-694f64021000 rw-p 00000000 00:00 0 
694f64021000-694f68000000 ---p 00000000 00:00 0 
694f680f3000-694f680f4000 ---p 00000000 00:00 0 
694f680f4000-694f681f4000 rw-p 00000000 00:00 0 
694f681f4000-694f681f5000 ---p 00000000 00:00 0 
694f681f5000-694f682f5000 rw-p 00000000 00:00 0 
694f682f5000-694f682f6000 ---p 00000000 00:00 0 
694f682f6000-694f683f6000 rw-p 00000000 00:00 0 
694f683f6000-694f683f7000 ---p 00000000 00:00 0 
694f683f7000-694f684f7000 rw-p 00000000 00:00 0 
694f684f7000-694f684f8000 ---p 00000000 00:00 0 
694f684f8000-694f685f8000 rw-p 00000000 00:00 0 
694f685f8000-694f685f9000 ---p 00000000 00:00 0 
694f685f9000-694f686f9000 rw-p 00000000 00:00 0 
694f686f9000-694f686fa000 ---p 00000000 00:00 0 
694f686fa000-694f687fa000 rw-p 00000000 00:00 0 
694f687fa000-694f687fb000 ---p 00000000 00:00 0 
694f687fb000-694f688fb000 rw-p 00000000 00:00 0 
694f688fb000-694f688fc000 ---p 00000000 00:00 0 
694f688fc000-694f689fc000 rw-p 00000000 00:00 0 
694f689fc000-694f689fd000 ---p 00000000 00:00 0 
694f689fd000-694f68afd000 rw-p 00000000 00:00 0 
694f68afd000-694f68afe000 ---p 00000000 00:00 0 
694f68afe000-694f68bfe000 rw-p 00000000 00:00 0 
694f68bfe000-694f68bff000 ---p 00000000 00:00 0 
694f68bff000-694f68cff000 rw-p 00000000 00:00 0 
694f68cff000-694f68d00000 ---p 00000000 00:00 0 
694f68d00000-694f68e00000 rw-p 00000000 00:00 0 
694f68e00000-694f690eb000 r--p 00000000 08:03 1410552                    /usr/lib/locale/locale-archive
694f690ff000-694f69100000 ---p 00000000 00:00 0 
694f69100000-694f69200000 rw-p 00000000 00:00 0 
694f69200000-694f6c200000 rw-p 00000000 00:00 0 
694f6c2fb000-694f6c2fc000 ---p 00000000 00:00 0 
694f6c2fc000-694f6c3fc000 rw-p 00000000 00:00 0 
694f6c3fc000-694f9c400000 rw-p 00000000 00:00 0 
694f9c400000-694f9d400000 ---p 00000000 00:00 0                          [anon:mmtk:sidemeta:all:all-quarantined]
694f9d400000-694f9dc00000 rw-p 00000000 00:00 0                          [anon:mmtk:sidemeta:immix:VO_BIT]
694f9dc00000-6b4f9e400000 ---p 00000000 00:00 0                          [anon:mmtk:sidemeta:all:all-quarantined]
6b4f9e400000-6b4f9e800000 rw-p 00000000 00:00 0                          [anon:mmtk:sidemeta:immix:CHUNK_MARK]
6b4f9e800000-6b4fa1400000 ---p 00000000 00:00 0                          [anon:mmtk:sidemeta:all:all-quarantined]
6b4fa1400000-6b4fa1c00000 rw-p 00000000 00:00 0                          [anon:mmtk:sidemeta:immix:VMGlobalLogBitSpec]
6b4fa1c00000-6d57a0800000 ---p 00000000 00:00 0                          [anon:mmtk:sidemeta:all:all-quarantined]
6d57a0800000-6d57a0c00000 rw-p 00000000 00:00 0                          [anon:mmtk:sidemeta:immix:IX_LINE_MARK]
6d57a0c00000-6dd7a0400000 ---p 00000000 00:00 0                          [anon:mmtk:sidemeta:all:all-quarantined]
6dd7a0400000-6dd7a0800000 rw-p 00000000 00:00 0                          [anon:mmtk:sidemeta:immix:IX_BLOCK_DEFRAG]
6dd7a0800000-6dd8a0400000 ---p 00000000 00:00 0                          [anon:mmtk:sidemeta:all:all-quarantined]
6dd8a0400000-6dd8a0800000 rw-p 00000000 00:00 0                          [anon:mmtk:sidemeta:immix:IX_BLOCK_MARK]
6dd8a0800000-73fa20400000 ---p 00000000 00:00 0                          [anon:mmtk:sidemeta:all:all-quarantined]
73fa20400000-73fa20800000 rw-p 00000000 00:00 0                          [anon:mmtk:sidemeta:los:VMLocalLOSMarkNurserySpec]
73fa20800000-73fc21400000 ---p 00000000 00:00 0                          [anon:mmtk:sidemeta:all:all-quarantined]
73fc21400000-73fc21c00000 rw-p 00000000 00:00 0                          [anon:mmtk:sidemeta:immix:VMLocalMarkBitSpec]
73fc21c00000-75fc20400000 ---p 00000000 00:00 0                          [anon:mmtk:sidemeta:all:all-quarantined]
75fc2042e000-75fc20433000 r--p 00000000 fc:00 49676433                   /mydata/openjdk-mmtk/build/b0test/images/jdk/lib/libjsvml.so
75fc20433000-75fc20474000 r-xp 00005000 fc:00 49676433                   /mydata/openjdk-mmtk/build/b0test/images/jdk/lib/libjsvml.so
75fc20474000-75fc204fd000 r--p 00046000 fc:00 49676433                   /mydata/openjdk-mmtk/build/b0test/images/jdk/lib/libjsvml.so
75fc204fd000-75fc204fe000 r--p 000ce000 fc:00 49676433                   /mydata/openjdk-mmtk/build/b0test/images/jdk/lib/libjsvml.so
75fc204fe000-75fc204ff000 rw-p 000cf000 fc:00 49676433                   /mydata/openjdk-mmtk/build/b0test/images/jdk/lib/libjsvml.so
75fc204ff000-75fc20503000 ---p 00000000 00:00 0 
75fc20503000-75fc205ff000 rw-p 00000000 00:00 0 
75fc205ff000-75fc20603000 ---p 00000000 00:00 0 
75fc20603000-75fc206ff000 rw-p 00000000 00:00 0 
75fc206ff000-75fc20703000 ---p 00000000 00:00 0 
75fc20703000-75fc207ff000 rw-p 00000000 00:00 0 
75fc207ff000-75fc40800000 rw-p 00000000 00:00 0 
75fc40800000-75fc40d50000 rwxp 00000000 00:00 0 
75fc40d50000-75fc47c17000 ---p 00000000 00:00 0 
75fc47c17000-75fc47f97000 rwxp 00000000 00:00 0 
75fc47f97000-75fc483e8000 ---p 00000000 00:00 0 
75fc483e8000-75fc48658000 rwxp 00000000 00:00 0 
75fc48658000-75fc4f800000 ---p 00000000 00:00 0 
75fc4f800000-75fc57fa0000 r--s 00000000 fc:00 49676300                   /mydata/openjdk-mmtk/build/b0test/images/jdk/lib/modules
75fc58000000-75fc587f1000 rw-p 00000000 00:00 0 
75fc587f1000-75fc5c000000 ---p 00000000 00:00 0 
75fc5c01b000-75fc5c042000 r--s 00000000 fc:00 7871850                    /mydata/dacapo/dacapo-23.11/dacapo-23.11-MR2-chopin/dat/lusearch/index-default/_3.fdt
75fc5c042000-75fc5c043000 ---p 00000000 00:00 0 
75fc5c043000-75fc5c143000 rw-p 00000000 00:00 0 
75fc5c143000-75fc5c144000 ---p 00000000 00:00 0 
75fc5c144000-75fc5c244000 rw-p 00000000 00:00 0 
75fc5c244000-75fc5c245000 ---p 00000000 00:00 0 
75fc5c245000-75fc5c345000 rw-p 00000000 00:00 0 
75fc5c345000-75fc5c946000 rw-p 00000000 00:00 0 
75fc5c946000-75fc5c94a000 r--p 00000000 08:03 1410107                    /usr/lib/x86_64-linux-gnu/libzstd.so.1.5.5
75fc5c94a000-75fc5c9f1000 r-xp 00004000 08:03 1410107                    /usr/lib/x86_64-linux-gnu/libzstd.so.1.5.5
75fc5c9f1000-75fc5c9fe000 r--p 000ab000 08:03 1410107                    /usr/lib/x86_64-linux-gnu/libzstd.so.1.5.5
75fc5c9fe000-75fc5c9ff000 r--p 000b7000 08:03 1410107                    /usr/lib/x86_64-linux-gnu/libzstd.so.1.5.5
75fc5c9ff000-75fc5ca00000 rw-p 000b8000 08:03 1410107                    /usr/lib/x86_64-linux-gnu/libzstd.so.1.5.5
75fc5ca00000-75fc5ca0c000 r--p 00000000 fc:00 13107796                   /mydata/gc-bpf-fault/shim/libgcbpf.so
75fc5ca0c000-75fc5ca6e000 r-xp 0000c000 fc:00 13107796                   /mydata/gc-bpf-fault/shim/libgcbpf.so
75fc5ca6e000-75fc5ccde000 r--p 0006e000 fc:00 13107796                   /mydata/gc-bpf-fault/shim/libgcbpf.so
75fc5ccde000-75fc5cce0000 r--p 002de000 fc:00 13107796                   /mydata/gc-bpf-fault/shim/libgcbpf.so
75fc5cce0000-75fc5cce1000 rw-p 002e0000 fc:00 13107796                   /mydata/gc-bpf-fault/shim/libgcbpf.so
75fc5cce1000-75fc5cce2000 rw-p 00000000 00:00 0 
75fc5ccf4000-75fc5cd17000 r--s 00000000 fc:00 7871858                    /mydata/dacapo/dacapo-23.11/dacapo-23.11-MR2-chopin/dat/lusearch/index-default/_3_Lucene90_0.tip
75fc5cd17000-75fc5cd1c000 rw-p 00000000 00:00 0 
75fc5cd1c000-75fc5ce00000 ---p 00000000 00:00 0 
75fc5ce00000-75fc5cf48000 r--p 00000000 fc:00 49676390                   /mydata/openjdk-mmtk/build/b0test/images/jdk/lib/server/libmmtk_openjdk.so
75fc5cf48000-75fc5d1c8000 r-xp 00147000 fc:00 49676390                   /mydata/openjdk-mmtk/build/b0test/images/jdk/lib/server/libmmtk_openjdk.so
75fc5d1c8000-75fc5d209000 r--p 003c6000 fc:00 49676390                   /mydata/openjdk-mmtk/build/b0test/images/jdk/lib/server/libmmtk_openjdk.so
75fc5d209000-75fc5d20b000 rw-p 00406000 fc:00 49676390                   /mydata/openjdk-mmtk/build/b0test/images/jdk/lib/server/libmmtk_openjdk.so
75fc5d20b000-75fc5d20e000 rw-p 00000000 00:00 0 
75fc5d217000-75fc5d222000 rw-p 00000000 00:00 0 
75fc5d222000-75fc5d300000 ---p 00000000 00:00 0 
75fc5d300000-75fc5d304000 ---p 00000000 00:00 0 
75fc5d304000-75fc5d400000 rw-p 00000000 00:00 0 
75fc5d400000-75fc5d6a9000 r--p 00000000 fc:00 49676389                   /mydata/openjdk-mmtk/build/b0test/images/jdk/lib/server/libjvm.so
75fc5d6a9000-75fc5e53c000 r-xp 002a9000 fc:00 49676389                   /mydata/openjdk-mmtk/build/b0test/images/jdk/lib/server/libjvm.so
75fc5e53c000-75fc5e820000 r--p 0113c000 fc:00 49676389                   /mydata/openjdk-mmtk/build/b0test/images/jdk/lib/server/libjvm.so
75fc5e820000-75fc5e8f6000 r--p 0141f000 fc:00 49676389                   /mydata/openjdk-mmtk/build/b0test/images/jdk/lib/server/libjvm.so
75fc5e8f6000-75fc5e926000 rw-p 014f5000 fc:00 49676389                   /mydata/openjdk-mmtk/build/b0test/images/jdk/lib/server/libjvm.so
75fc5e926000-75fc5e98c000 rw-p 00000000 00:00 0 
75fc5e997000-75fc5e99e000 r--s 00000000 08:03 1436340                    /usr/lib/x86_64-linux-gnu/gconv/gconv-modules.cache
75fc5e99e000-75fc5e9a0000 r--p 00000000 fc:00 49676482                   /mydata/openjdk-mmtk/build/b0test/images/jdk/lib/libmanagement_ext.so
75fc5e9a0000-75fc5e9a3000 r-xp 00002000 fc:00 49676482                   /mydata/openjdk-mmtk/build/b0test/images/jdk/lib/libmanagement_ext.so
75fc5e9a3000-75fc5e9a4000 r--p 00005000 fc:00 49676482                   /mydata/openjdk-mmtk/build/b0test/images/jdk/lib/libmanagement_ext.so
75fc5e9a4000-75fc5e9a5000 r--p 00006000 fc:00 49676482                   /mydata/openjdk-mmtk/build/b0test/images/jdk/lib/libmanagement_ext.so
75fc5e9a5000-75fc5e9a6000 rw-p 00007000 fc:00 49676482                   /mydata/openjdk-mmtk/build/b0test/images/jdk/lib/libmanagement_ext.so
75fc5e9a6000-75fc5e9a8000 r--p 00000000 fc:00 49676410                   /mydata/openjdk-mmtk/build/b0test/images/jdk/lib/libmanagement.so
75fc5e9a8000-75fc5e9a9000 r-xp 00002000 fc:00 49676410                   /mydata/openjdk-mmtk/build/b0test/images/jdk/lib/libmanagement.so
75fc5e9a9000-75fc5e9aa000 r--p 00003000 fc:00 49676410                   /mydata/openjdk-mmtk/build/b0test/images/jdk/lib/libmanagement.so
75fc5e9aa000-75fc5e9ab000 r--p 00003000 fc:00 49676410                   /mydata/openjdk-mmtk/build/b0test/images/jdk/lib/libmanagement.so
75fc5e9ab000-75fc5e9ac000 rw-p 00004000 fc:00 49676410                   /mydata/openjdk-mmtk/build/b0test/images/jdk/lib/libmanagement.so
75fc5e9ac000-75fc5e9af000 r--p 00000000 fc:00 49676376                   /mydata/openjdk-mmtk/build/b0test/images/jdk/lib/libnet.so
75fc5e9af000-75fc5e9b7000 r-xp 00003000 fc:00 49676376                   /mydata/openjdk-mmtk/build/b0test/images/jdk/lib/libnet.so
75fc5e9b7000-75fc5e9b9000 r--p 0000b000 fc:00 49676376                   /mydata/openjdk-mmtk/build/b0test/images/jdk/lib/libnet.so
75fc5e9b9000-75fc5e9ba000 r--p 0000c000 fc:00 49676376                   /mydata/openjdk-mmtk/build/b0test/images/jdk/lib/libnet.so
75fc5e9ba000-75fc5e9bb000 rw-p 0000d000 fc:00 49676376                   /mydata/openjdk-mmtk/build/b0test/images/jdk/lib/libnet.so
75fc5e9bb000-75fc5e9c2000 r--p 00000000 fc:00 49676377                   /mydata/openjdk-mmtk/build/b0test/images/jdk/lib/libnio.so
75fc5e9c2000-75fc5e9cb000 r-xp 00007000 fc:00 49676377                   /mydata/openjdk-mmtk/build/b0test/images/jdk/lib/libnio.so
75fc5e9cb000-75fc5e9cf000 r--p 00010000 fc:00 49676377                   /mydata/openjdk-mmtk/build/b0test/images/jdk/lib/libnio.so
75fc5e9cf000-75fc5e9d0000 r--p 00014000 fc:00 49676377                   /mydata/openjdk-mmtk/build/b0test/images/jdk/lib/libnio.so
75fc5e9d0000-75fc5e9d1000 rw-p 00015000 fc:00 49676377                   /mydata/openjdk-mmtk/build/b0test/images/jdk/lib/libnio.so
75fc5e9d1000-75fc5e9d4000 r--p 00000000 08:03 1410420                    /usr/lib/x86_64-linux-gnu/libelf-0.190.so
75fc5e9d4000-75fc5e9ea000 r-xp 00003000 08:03 1410420                    /usr/lib/x86_64-linux-gnu/libelf-0.190.so
75fc5e9ea000-75fc5e9ee000 r--p 00019000 08:03 1410420                    /usr/lib/x86_64-linux-gnu/libelf-0.190.so
75fc5e9ee000-75fc5e9ef000 r--p 0001c000 08:03 1410420                    /usr/lib/x86_64-linux-gnu/libelf-0.190.so
75fc5e9ef000-75fc5e9f0000 rw-p 0001d000 08:03 1410420                    /usr/lib/x86_64-linux-gnu/libelf-0.190.so
75fc5e9f0000-75fc5e9f7000 rw-p 00000000 00:00 0 
75fc5e9f7000-75fc5ea00000 ---p 00000000 00:00 0 
75fc5ea00000-75fc5ea28000 r--p 00000000 08:03 1410238                    /usr/lib/x86_64-linux-gnu/libc.so.6
75fc5ea28000-75fc5ebb0000 r-xp 00028000 08:03 1410238                    /usr/lib/x86_64-linux-gnu/libc.so.6
75fc5ebb0000-75fc5ebff000 r--p 001b0000 08:03 1410238                    /usr/lib/x86_64-linux-gnu/libc.so.6
75fc5ebff000-75fc5ec03000 r--p 001fe000 08:03 1410238                    /usr/lib/x86_64-linux-gnu/libc.so.6
75fc5ec03000-75fc5ec05000 rw-p 00202000 08:03 1410238                    /usr/lib/x86_64-linux-gnu/libc.so.6
75fc5ec05000-75fc5ec12000 rw-p 00000000 00:00 0 
75fc5ec15000-75fc5ec17000 r--p 00000000 fc:00 49676380                   /mydata/openjdk-mmtk/build/b0test/images/jdk/lib/libzip.so
75fc5ec17000-75fc5ec1c000 r-xp 00002000 fc:00 49676380                   /mydata/openjdk-mmtk/build/b0test/images/jdk/lib/libzip.so
75fc5ec1c000-75fc5ec1e000 r--p 00007000 fc:00 49676380                   /mydata/openjdk-mmtk/build/b0test/images/jdk/lib/libzip.so
75fc5ec1e000-75fc5ec1f000 r--p 00008000 fc:00 49676380                   /mydata/openjdk-mmtk/build/b0test/images/jdk/lib/libzip.so
75fc5ec1f000-75fc5ec20000 rw-p 00009000 fc:00 49676380                   /mydata/openjdk-mmtk/build/b0test/images/jdk/lib/libzip.so
75fc5ec20000-75fc5ec2d000 r--p 00000000 fc:00 49676369                   /mydata/openjdk-mmtk/build/b0test/images/jdk/lib/libjava.so
75fc5ec2d000-75fc5ec3c000 r-xp 0000d000 fc:00 49676369                   /mydata/openjdk-mmtk/build/b0test/images/jdk/lib/libjava.so
75fc5ec3c000-75fc5ec41000 r--p 0001c000 fc:00 49676369                   /mydata/openjdk-mmtk/build/b0test/images/jdk/lib/libjava.so
75fc5ec41000-75fc5ec42000 r--p 00021000 fc:00 49676369                   /mydata/openjdk-mmtk/build/b0test/images/jdk/lib/libjava.so
75fc5ec42000-75fc5ec43000 rw-p 00022000 fc:00 49676369                   /mydata/openjdk-mmtk/build/b0test/images/jdk/lib/libjava.so
75fc5ec43000-75fc5ec44000 rw-p 00000000 00:00 0 
75fc5ec44000-75fc5ec4c000 rw-s 00000000 08:03 237600                     /tmp/hsperfdata_root/460359
75fc5ec4c000-75fc5ec50000 r--p 00000000 fc:00 49676370                   /mydata/openjdk-mmtk/build/b0test/images/jdk/lib/libjimage.so
75fc5ec50000-75fc5ec67000 r-xp 00004000 fc:00 49676370                   /mydata/openjdk-mmtk/build/b0test/images/jdk/lib/libjimage.so
75fc5ec67000-75fc5ec6c000 r--p 0001b000 fc:00 49676370                   /mydata/openjdk-mmtk/build/b0test/images/jdk/lib/libjimage.so
75fc5ec6c000-75fc5ec6e000 r--p 00020000 fc:00 49676370                   /mydata/openjdk-mmtk/build/b0test/images/jdk/lib/libjimage.so
75fc5ec6e000-75fc5ec6f000 rw-p 00022000 fc:00 49676370                   /mydata/openjdk-mmtk/build/b0test/images/jdk/lib/libjimage.so
75fc5ec6f000-75fc5ec73000 r--p 00000000 08:03 1410148                    /usr/lib/x86_64-linux-gnu/libgcc_s.so.1
75fc5ec73000-75fc5ec97000 r-xp 00004000 08:03 1410148                    /usr/lib/x86_64-linux-gnu/libgcc_s.so.1
75fc5ec97000-75fc5ec9b000 r--p 00028000 08:03 1410148                    /usr/lib/x86_64-linux-gnu/libgcc_s.so.1
75fc5ec9b000-75fc5ec9c000 r--p 0002b000 08:03 1410148                    /usr/lib/x86_64-linux-gnu/libgcc_s.so.1
75fc5ec9c000-75fc5ec9d000 rw-p 0002c000 08:03 1410148                    /usr/lib/x86_64-linux-gnu/libgcc_s.so.1
75fc5ec9d000-75fc5ecad000 r--p 00000000 08:03 1411099                    /usr/lib/x86_64-linux-gnu/libm.so.6
75fc5ecad000-75fc5ed2c000 r-xp 00010000 08:03 1411099                    /usr/lib/x86_64-linux-gnu/libm.so.6
75fc5ed2c000-75fc5ed84000 r--p 0008f000 08:03 1411099                    /usr/lib/x86_64-linux-gnu/libm.so.6
75fc5ed84000-75fc5ed85000 r--p 000e7000 08:03 1411099                    /usr/lib/x86_64-linux-gnu/libm.so.6
75fc5ed85000-75fc5ed86000 rw-p 000e8000 08:03 1411099                    /usr/lib/x86_64-linux-gnu/libm.so.6
75fc5ed86000-75fc5ed88000 rw-p 00000000 00:00 0 
75fc5ed88000-75fc5ed8a000 r--p 00000000 08:03 1409104                    /usr/lib/x86_64-linux-gnu/libz.so.1.3
75fc5ed8a000-75fc5ed9c000 r-xp 00002000 08:03 1409104                    /usr/lib/x86_64-linux-gnu/libz.so.1.3
75fc5ed9c000-75fc5eda2000 r--p 00014000 08:03 1409104                    /usr/lib/x86_64-linux-gnu/libz.so.1.3
75fc5eda2000-75fc5eda3000 r--p 0001a000 08:03 1409104                    /usr/lib/x86_64-linux-gnu/libz.so.1.3
75fc5eda3000-75fc5eda4000 rw-p 0001b000 08:03 1409104                    /usr/lib/x86_64-linux-gnu/libz.so.1.3
75fc5eda5000-75fc5eda6000 r--s 00000000 fc:00 7871851                    /mydata/dacapo/dacapo-23.11/dacapo-23.11-MR2-chopin/dat/lusearch/index-default/_3.fdx
75fc5eda7000-75fc5eda9000 r--s 00000000 fc:00 7871853                    /mydata/dacapo/dacapo-23.11/dacapo-23.11-MR2-chopin/dat/lusearch/index-default/_3.nvd
75fc5eda9000-75fc5edaa000 rw-s 00000000 00:10 68                         anon_inode:bpf-map
75fc5edaa000-75fc5edab000 r--s 00000000 00:10 68                         anon_inode:bpf-map
75fc5edab000-75fc5edac000 ---p 00000000 00:00 0 
75fc5edac000-75fc5edad000 r--p 00000000 00:00 0 
75fc5edad000-75fc5edae000 ---p 00000000 00:00 0 
75fc5edae000-75fc5edb0000 r--p 00000000 fc:00 49676372                   /mydata/openjdk-mmtk/build/b0test/images/jdk/lib/libjli.so
75fc5edb0000-75fc5edba000 r-xp 00002000 fc:00 49676372                   /mydata/openjdk-mmtk/build/b0test/images/jdk/lib/libjli.so
75fc5edba000-75fc5edbd000 r--p 0000c000 fc:00 49676372                   /mydata/openjdk-mmtk/build/b0test/images/jdk/lib/libjli.so
75fc5edbd000-75fc5edbe000 r--p 0000f000 fc:00 49676372                   /mydata/openjdk-mmtk/build/b0test/images/jdk/lib/libjli.so
75fc5edbe000-75fc5edbf000 rw-p 00010000 fc:00 49676372                   /mydata/openjdk-mmtk/build/b0test/images/jdk/lib/libjli.so
75fc5edbf000-75fc5edc1000 rw-p 00000000 00:00 0 
75fc5edc1000-75fc5edc5000 r--p 00000000 00:00 0                          [vvar]
75fc5edc5000-75fc5edc7000 r--p 00000000 00:00 0                          [vvar_vclock]
75fc5edc7000-75fc5edc9000 r-xp 00000000 00:00 0                          [vdso]
75fc5edc9000-75fc5edca000 r--p 00000000 08:03 1409763                    /usr/lib/x86_64-linux-gnu/ld-linux-x86-64.so.2
75fc5edca000-75fc5edf5000 r-xp 00001000 08:03 1409763                    /usr/lib/x86_64-linux-gnu/ld-linux-x86-64.so.2
75fc5edf5000-75fc5edff000 r--p 0002c000 08:03 1409763                    /usr/lib/x86_64-linux-gnu/ld-linux-x86-64.so.2
75fc5edff000-75fc5ee01000 r--p 00036000 08:03 1409763                    /usr/lib/x86_64-linux-gnu/ld-linux-x86-64.so.2
75fc5ee01000-75fc5ee03000 rw-p 00038000 08:03 1409763                    /usr/lib/x86_64-linux-gnu/ld-linux-x86-64.so.2
7fff2e519000-7fff2e53a000 rw-p 00000000 00:00 0                          [stack]
ffffffffff600000-ffffffffff601000 --xp 00000000 00:00 0                  [vsyscall]
Total number of mappings: 511

JVMTI agents: none


VM Arguments:
jvm_args: -XX:+UseThirdPartyHeap -Xms512m -Xmx512m 
java_command: /mydata/dacapo/dacapo-23.11/dacapo-23.11-MR2-chopin.jar lusearch -n 3
java_class_path (initial): /mydata/dacapo/dacapo-23.11/dacapo-23.11-MR2-chopin.jar
Launcher Type: SUN_STANDARD

[Global flags]
     intx CICompilerCount                          = 15                                        {product} {ergonomic}
   size_t InitialHeapSize                          = 536870912                                 {product} {command line}
   size_t MaxHeapSize                              = 536870912                                 {product} {command line}
   size_t MinHeapDeltaBytes                        = 524288                                    {product} {ergonomic}
   size_t MinHeapSize                              = 536870912                                 {product} {command line}
    uintx NonNMethodCodeHeapSize                   = 8192380                                {pd product} {ergonomic}
    uintx NonProfiledCodeHeapSize                  = 121732930                              {pd product} {ergonomic}
    uintx ProfiledCodeHeapSize                     = 121732930                              {pd product} {ergonomic}
    uintx ReservedCodeCacheSize                    = 251658240                              {pd product} {ergonomic}
     bool SegmentedCodeCache                       = true                                      {product} {ergonomic}
   size_t SoftMaxHeapSize                          = 536870912                              {manageable} {ergonomic}
     bool UseCompressedOops                        = true                           {product lp64_product} {ergonomic}

Logging:
Log output configuration:
 #0: stdout all=warning uptime,level,tags foldmultilines=false
 #1: stderr all=off uptime,level,tags foldmultilines=false

Release file:
IMPLEMENTOR="N/A"
JAVA_RUNTIME_VERSION="21.0.9-internal-adhoc.talzuss.openjdk-mmtk"
JAVA_VERSION="21.0.9"
JAVA_VERSION_DATE="2025-10-21"
LIBC="gnu"
MODULES="java.base java.compiler java.datatransfer java.xml java.prefs java.desktop java.instrument java.logging java.management java.security.sasl java.naming java.rmi java.management.rmi java.net.http java.scripting java.security.jgss java.transaction.xa java.sql java.sql.rowset java.xml.crypto java.se java.smartcardio jdk.accessibility jdk.internal.jvmstat jdk.attach jdk.charsets jdk.internal.opt jdk.zipfs jdk.compiler jdk.crypto.ec jdk.crypto.cryptoki jdk.dynalink jdk.internal.ed jdk.editpad jdk.hotspot.agent jdk.httpserver jdk.incubator.vector jdk.internal.le jdk.internal.vm.ci jdk.internal.vm.compiler jdk.internal.vm.compiler.management jdk.jartool jdk.javadoc jdk.jcmd jdk.management jdk.management.agent jdk.jconsole jdk.jdeps jdk.jdwp.agent jdk.jdi jdk.jfr jdk.jlink jdk.jpackage jdk.jshell jdk.jsobject jdk.jstatd jdk.localedata jdk.management.jfr jdk.naming.dns jdk.naming.rmi jdk.net jdk.nio.mapmode jdk.random jdk.sctp jdk.security.auth jdk.security.jgss jdk.unsupported jdk.unsupported.desktop jdk.xml.dom"
OS_ARCH="x86_64"
OS_NAME="Linux"
SOURCE=".:git:b557520f04b3+"

Environment Variables:
PATH=/usr/local/sbin:/usr/local/bin:/usr/sbin:/usr/bin:/sbin:/bin:/snap/bin
SHELL=/bin/bash
LANG=en_US.UTF-8
TERM=tmux-256color

Active Locale:
LC_ALL=en_US.UTF-8
LC_COLLATE=en_US.UTF-8
LC_CTYPE=en_US.UTF-8
LC_MESSAGES=en_US.UTF-8
LC_MONETARY=en_US.UTF-8
LC_NUMERIC=en_US.UTF-8
LC_TIME=en_US.UTF-8

Signal Handlers:
   SIGSEGV: crash_handler in libjvm.so, mask=11100100010111111101111111111110, flags=SA_RESTART|SA_SIGINFO, unblocked
    SIGBUS: crash_handler in libjvm.so, mask=11100100010111111101111111111110, flags=SA_RESTART|SA_SIGINFO, unblocked
    SIGFPE: crash_handler in libjvm.so, mask=11100100010111111101111111111110, flags=SA_RESTART|SA_SIGINFO, unblocked
   SIGPIPE: javaSignalHandler in libjvm.so, mask=11100100010111111101111111111110, flags=SA_RESTART|SA_SIGINFO, blocked
   SIGXFSZ: javaSignalHandler in libjvm.so, mask=11100100010111111101111111111110, flags=SA_RESTART|SA_SIGINFO, blocked
    SIGILL: crash_handler in libjvm.so, mask=11100100010111111101111111111110, flags=SA_RESTART|SA_SIGINFO, unblocked
   SIGUSR2: SR_handler in libjvm.so, mask=00000000000000000000000000000000, flags=SA_RESTART|SA_SIGINFO, blocked
    SIGHUP: UserHandler in libjvm.so, mask=11100100010111111101111111111110, flags=SA_RESTART|SA_SIGINFO, blocked
    SIGINT: UserHandler in libjvm.so, mask=11100100010111111101111111111110, flags=SA_RESTART|SA_SIGINFO, blocked
   SIGTERM: UserHandler in libjvm.so, mask=11100100010111111101111111111110, flags=SA_RESTART|SA_SIGINFO, blocked
   SIGQUIT: UserHandler in libjvm.so, mask=11100100010111111101111111111110, flags=SA_RESTART|SA_SIGINFO, blocked
   SIGTRAP: crash_handler in libjvm.so, mask=11100100010111111101111111111110, flags=SA_RESTART|SA_SIGINFO, unblocked


Periodic native trim disabled

---------------  S Y S T E M  ---------------

OS:
DISTRIB_ID=Ubuntu
DISTRIB_RELEASE=24.04
DISTRIB_CODENAME=noble
DISTRIB_DESCRIPTION="Ubuntu 24.04.4 LTS"
uname: Linux 6.17.0-bpf-fault+ #1 SMP PREEMPT_DYNAMIC Mon Jul  6 16:43:12 MDT 2026 x86_64
OS uptime: 1 days 3:20 hours
libc: glibc 2.39 NPTL 2.39 
rlimit (soft/hard): STACK 8192k/infinity , CORE 0k/0k , NPROC 513205/513205 , NOFILE 1048576/1048576 , AS infinity/infinity , CPU infinity/infinity , DATA infinity/infinity , FSIZE infinity/infinity , MEMLOCK 16436528k/16436528k
load average: 1.39 1.66 1.43

/proc/meminfo:
MemTotal:       131492232 kB
MemFree:        64790388 kB
MemAvailable:   112059868 kB
Buffers:          570744 kB
Cached:         45956120 kB
SwapCached:            0 kB
Active:          4469336 kB
Inactive:       45703932 kB
Active(anon):    3662868 kB
Inactive(anon):        0 kB
Active(file):     806468 kB
Inactive(file): 45703932 kB
Unevictable:       41912 kB
Mlocked:           38840 kB
SwapTotal:       8388604 kB
SwapFree:        8388604 kB
Zswap:                 0 kB
Zswapped:              0 kB
Dirty:              5688 kB
Writeback:             0 kB
AnonPages:       3689288 kB
Mapped:         12912664 kB
Shmem:              5316 kB
KReclaimable:    2010764 kB
Slab:            2553432 kB
SReclaimable:    2010764 kB
SUnreclaim:       542668 kB
KernelStack:       12928 kB
PageTables:        72800 kB
SecPageTables:      9532 kB
NFS_Unstable:          0 kB
Bounce:                0 kB
WritebackTmp:          0 kB
CommitLimit:    74134720 kB
Committed_AS:   165131572 kB
VmallocTotal:   34359738367 kB
VmallocUsed:       38876 kB
VmallocChunk:          0 kB
Percpu:            51072 kB
HardwareCorrupted:     0 kB
AnonHugePages:         0 kB
ShmemHugePages:        0 kB
ShmemPmdMapped:        0 kB
FileHugePages:   2177024 kB
FilePmdMapped:         0 kB
Unaccepted:            0 kB
Balloon:               0 kB
HugePages_Total:       0
HugePages_Free:        0
HugePages_Rsvd:        0
HugePages_Surp:        0
Hugepagesize:       2048 kB
Hugetlb:               0 kB
DirectMap4k:     1166144 kB
DirectMap2M:    30926848 kB
DirectMap1G:    101711872 kB

/sys/kernel/mm/transparent_hugepage/enabled: always [madvise] never
/sys/kernel/mm/transparent_hugepage/hpage_pmd_size: 2097152
/sys/kernel/mm/transparent_hugepage/defrag (defrag/compaction efforts parameter): always defer defer+madvise [madvise] never

Process Memory:
Virtual Size: 13620339492K (peak: 13620343564K)
Resident Set Size: 4261440K (peak: 4261440K) (anon: 1080048K, file: 3181392K, shmem: 0K)
Swapped out: 0K
C-Heap outstanding allocations: 1417961K, retained: 36590K
glibc malloc tunables: (default)

/proc/sys/kernel/threads-max (system-wide limit on the number of threads): 1026411
/proc/sys/vm/max_map_count (maximum number of memory map areas a process may have): 1048576
/proc/sys/vm/swappiness (control to define how aggressively the kernel swaps out anonymous memory): 60
/proc/sys/kernel/pid_max (system-wide limit on number of process identifiers): 4194304

container information not found.
Steal ticks since vm start: 0
Steal ticks percentage since vm start:  0.000

CPU: total 32 (initial active 32) (32 cores per cpu, 2 threads per core) family 23 model 49 stepping 0 microcode 0x830107c, cx8, cmov, fxsr, ht, mmx, 3dnowpref, sse, sse2, sse3, ssse3, sse4a, sse4.1, sse4.2, popcnt, lzcnt, tsc, tscinvbit, avx, avx2, aes, clmul, bmi1, bmi2, adx, sha, fma, vzeroupper, clflush, clflushopt, rdtscp, rdpid, f16c
CPU Model and flags from /proc/cpuinfo:
model name	: AMD EPYC 7302P 16-Core Processor
flags		: fpu vme de pse tsc msr pae mce cx8 apic sep mtrr pge mca cmov pat pse36 clflush mmx fxsr sse sse2 ht syscall nx mmxext fxsr_opt pdpe1gb rdtscp lm constant_tsc rep_good nopl xtopology nonstop_tsc cpuid extd_apicid aperfmperf rapl pni pclmulqdq monitor ssse3 fma cx16 sse4_1 sse4_2 movbe popcnt aes xsave avx f16c rdrand lahf_lm cmp_legacy svm extapic cr8_legacy abm sse4a misalignsse 3dnowprefetch osvw ibs skinit wdt tce topoext perfctr_core perfctr_nb bpext perfctr_llc mwaitx cpb cat_l3 cdp_l3 hw_pstate ssbd mba ibrs ibpb stibp vmmcall fsgsbase bmi1 avx2 smep bmi2 cqm rdt_a rdseed adx smap clflushopt clwb sha_ni xsaveopt xsavec xgetbv1 xsaves cqm_llc cqm_occup_llc cqm_mbm_total cqm_mbm_local clzero irperf xsaveerptr rdpru wbnoinvd amd_ppin arat npt lbrv svm_lock nrip_save tsc_scale vmcb_clean flushbyasid decodeassists pausefilter pfthreshold avic v_vmsave_vmload vgif v_spec_ctrl umip rdpid overflow_recov succor smca sev sev_es

Online cpus: 0-31
Offline cpus: 
BIOS frequency limitation: <Not Available>
Frequency switch latency (ns): <Not Available>
Available cpu frequencies: <Not Available>
Current governor: <Not Available>
Core performance/turbo boost: <Not Available>

Memory: 4k page, physical 131492232k(112059868k free), swap 8388604k(8388604k free)
Page Sizes: 4k

vm_info: OpenJDK 64-Bit Server VM (21.0.9-internal-adhoc.talzuss.openjdk-mmtk) for linux-amd64 JRE (21.0.9-internal-adhoc.talzuss.openjdk-mmtk), built on 2026-07-06T23:13:08Z by "talzuss" with gcc 13.3.0
heap_info: MMTk OpenJDK 0.32.0 (f59b93a-dirty), using MMTk 0.32.0 (3ecdf08-dirty, BUILTIN_ENV_LOGGER, DEFAULT, EAGER_SWEEPING, VO_BIT)@

END.
