#
# A fatal error has been detected by the Java Runtime Environment:
#
#  SIGSEGV (0xb) at pc=0x00007735948a5d9b, pid=460549, tid=460568
#
# JRE version: OpenJDK Runtime Environment (21.0.9) (build 21.0.9-internal-adhoc.talzuss.openjdk-mmtk)
# Java VM: OpenJDK 64-Bit Server VM (21.0.9-internal-adhoc.talzuss.openjdk-mmtk, mixed mode, sharing, tiered, compressed oops, compressed class ptrs, third-party gc, linux-amd64)
# Problematic frame:
# C  [libmmtk_openjdk.so+0x2a5d9b]  _$LT$mmtk..plan..concurrent..immix..gc_work..SatbFinalDrain$LT$VM$GT$$u20$as$u20$mmtk..scheduler..work..GCWork$LT$VM$GT$$GT$::do_work::h99199484dacfec84+0x101b
#
# No core dump will be written. Core dumps have been disabled. To enable core dumping, try "ulimit -c unlimited" before starting Java again
#
# If you would like to submit a bug report, please visit:
#   https://bugreport.java.com/bugreport/crash.jsp
#

---------------  S U M M A R Y ------------

Command Line: -XX:+UseThirdPartyHeap -Xms512m -Xmx512m /mydata/dacapo/dacapo-23.11/dacapo-23.11-MR2-chopin.jar lusearch -n 3

Host: AMD EPYC 7302P 16-Core Processor, 32 cores, 125G, Ubuntu 24.04.4 LTS
Time: Tue Jul  7 20:17:22 2026 MDT elapsed time: 4.824137 seconds (0d 0h 0m 4s)

---------------  T H R E A D  ---------------

Current thread (0x0000773590538db0):  NamedThread "MMTk Collector Thread" [id=460568, stack(0x00006a885aafc000,0x00006a885abfc000) (1024K)]

Stack: [0x00006a885aafc000,0x00006a885abfc000],  sp=0x00006a885abfa910,  free space=1018k
Native frames: (J=compiled Java code, j=interpreted, Vv=VM code, C=native code)
C  [libmmtk_openjdk.so+0x2a5d9b]  _$LT$mmtk..plan..concurrent..immix..gc_work..SatbFinalDrain$LT$VM$GT$$u20$as$u20$mmtk..scheduler..work..GCWork$LT$VM$GT$$GT$::do_work::h99199484dacfec84+0x101b

siginfo: si_signo: 11 (SIGSEGV), si_code: 1 (SEGV_MAPERR), si_addr: 0x00007736f467bf3c

Registers:
RAX=0x0000000058000000, RBX=0x00007735949e2308, RCX=0x000077359467bf3c, RDX=0x00006a885b000000
RSP=0x00006a885abfa910, RBP=0x0000000000000008, RSI=0x00006a885b000001, RDI=0x00000000417e2a00
R8 =0x00006a88140008e0, R9 =0x0000000000000007, R10=0x00006a87f8009fa0, R11=0x85cc64d397194bed
R12=0x00006a87f8009fa0, R13=0x00007735903ddf70, R14=0x00000000400b5820, R15=0x0000000000000008
RIP=0x00007735948a5d9b, EFLAGS=0x0000000000010206, CSGSFS=0x002b000000000033, ERR=0x0000000000000004
  TRAPNO=0x000000000000000e

XMM[0]=0x0000000000000000 0x0000000000000000
XMM[1]=0x0000000000000000 0x00006a87f8000090
XMM[2]=0x255401556f5effff 0xffff04ff78ff6d03
XMM[3]=0x0000000000000000 0x00000000000000ff
XMM[4]=0x0000000000000000 0x00006a87f8000090
XMM[5]=0x000000004975b000 0x0000000049637000
XMM[6]=0x00000000497c6000 0x00000000496b9000
XMM[7]=0x0000000049400000 0x0000000040797000
XMM[8]=0x0000000048313348 0x0000000048312d98
XMM[9]=0x0000000000000000 0x0000000000000000
XMM[10]=0x3f3f3f3f3f3f3f3f 0x3f3f3f3f3f3f3f3f
XMM[11]=0x9999999999999999 0x9999999999999999
XMM[12]=0x2020202020202020 0x2020202020202020
XMM[13]=0x0000000000000000 0x0000000000000000
XMM[14]=0x0000000000000000 0x0000000000000000
XMM[15]=0x0000000000000000 0x0000000000000000
  MXCSR=0x00001fa2


Register to memory mapping:

RAX=
[error occurred during error reporting (printing register info), id 0xe0000000, Internal Error (/mydata/mmtk-openjdk/openjdk/share/mmtkHeap.cpp:444)]
RBX=
[error occurred during error reporting (printing register info, attempt 2), id 0xe0000000, Internal Error (/mydata/mmtk-openjdk/openjdk/share/mmtkHeap.cpp:444)]
RCX=
[error occurred during error reporting (printing register info, attempt 3), id 0xe0000000, Internal Error (/mydata/mmtk-openjdk/openjdk/share/mmtkHeap.cpp:444)]
Top of Stack: (sp=0x00006a885abfa910)
0x00006a885abfa910:   000000004fc1d520 0000000000000000
0x00006a885abfa920:   0000000000000008 0000000000000000
0x00006a885abfa930:   0000000000000004 0000773594a09c04
0x00006a885abfa940:   00006a87f8010020 0000000000000081
0x00006a885abfa950:   00000000400b5820 00007735948f86f5
0x00006a885abfa960:   00007735949ccf58 00007735903de2b0
0x00006a885abfa970:   0000000000000000 000000000000003f
0x00006a885abfa980:   00007735949e2308 00006a885abfa950
0x00006a885abfa990:   00006a885abfa938 00007735903de2b0
0x00006a885abfa9a0:   0000000000000000 0000000000000038
0x00006a885abfa9b0:   0000000000000001 00007735949cb728
0x00006a885abfa9c0:   0000000000000000 0000000000000000
0x00006a885abfa9d0:   000077359052b020 0000000000000000
0x00006a885abfa9e0:   000077359006d200 000077359052aec0
0x00006a885abfa9f0:   8000000000000000 00007735903ddf70
0x00006a885abfaa00:   00006a885abfa938 8000000000000000
0x00006a885abfaa10:   00006a885b1b6e58 0000000000000000
0x00006a885abfaa20:   0000000000004000 00006a87f8111cf0
0x00006a885abfaa30:   000000000000079b 00006a885abfa950
0x00006a885abfaa40:   00006a885abfa980 0000000000000800
0x00006a885abfaa50:   00006a87f800c010 0000000000000407
0x00006a885abfaa60:   0000000000040000 00006a878dfff010
0x00006a885abfaa70:   000000000003cb3d 0000000000020000
0x00006a885abfaa80:   00006a87f8011ce0 000000000001667b
0x00006a885abfaa90:   0000000000016678 0000000000000000
0x00006a885abfaaa0:   0000000000000000 0000000000000000
0x00006a885abfaab0:   0000000000000003 0000773594a09c70
0x00006a885abfaac0:   00006a885abfa938 00006a885abfa918
0x00006a885abfaad0:   000077359006d500 0000773590046210
0x00006a885abfaae0:   000077359006ce80 0000000000000001
0x00006a885abfaaf0:   00007735949cb728 00006a8814001250
0x00006a885abfab00:   0000000000000000 00007735948b658d 

Instructions: (pc=0x00007735948a5d9b)
0x00007735948a5c9b:   ed 48 8d 74 24 70 e8 ea 63 eb ff 31 ed eb 03 40
0x00007735948a5cab:   b5 01 4c 8b 64 24 08 4c 8b 74 24 10 48 8b 5c 24
0x00007735948a5cbb:   18 48 c1 e3 03 45 31 ed 4c 8d bc 24 10 01 00 00
0x00007735948a5ccb:   0f 1f 44 00 00 4c 39 eb 74 1a 4b 8b 14 2e 49 83
0x00007735948a5cdb:   c5 08 48 8b bc 24 e8 00 00 00 4c 89 fe e8 a3 cd
0x00007735948a5ceb:   03 00 eb e1 4d 85 e4 74 09 4c 89 f7 ff 15 43 23
0x00007735948a5cfb:   16 00 40 84 ed 4c 8b ac 24 e8 00 00 00 74 13 48
0x00007735948a5d0b:   83 7c 24 28 00 74 0b 48 8b 7c 24 30 ff 15 23 23
0x00007735948a5d1b:   16 00 48 8b 84 24 20 01 00 00 48 85 c0 0f 84 87
0x00007735948a5d2b:   0c 00 00 48 8d 4c 24 70 48 89 8c 24 30 01 00 00
0x00007735948a5d3b:   0f 1f 44 00 00 48 8d 48 ff 48 89 8c 24 20 01 00
0x00007735948a5d4b:   00 48 8b 8c 24 18 01 00 00 48 8b 44 c1 f8 48 c7
0x00007735948a5d5b:   44 24 08 00 00 00 00 48 c7 44 24 10 08 00 00 00
0x00007735948a5d6b:   48 c7 44 24 18 00 00 00 00 48 89 04 24 8b 40 08
0x00007735948a5d7b:   48 8b 15 16 50 16 00 48 8b 0d 17 50 16 00 48 d3
0x00007735948a5d8b:   e0 48 8d 34 10 8b 44 10 0c 48 8d 0d a1 61 dd ff
0x00007735948a5d9b:   48 63 04 81 48 01 c8 ff e0 48 63 86 28 01 00 00
0x00007735948a5dab:   48 85 c0 0f 84 cc 07 00 00 48 63 8e ac 00 00 00
0x00007735948a5dbb:   48 8d 0c ce 48 63 96 2c 01 00 00 48 8d 34 d1 4c
0x00007735948a5dcb:   8d 34 d1 49 81 c6 d8 01 00 00 48 8d 04 c6 48 05
0x00007735948a5ddb:   d8 01 00 00 48 89 44 24 20 b8 08 00 00 00 45 31
0x00007735948a5deb:   e4 eb 11 66 90 49 83 c6 08 4c 3b 74 24 20 0f 84
0x00007735948a5dfb:   81 07 00 00 41 8b 6e 04 48 85 ed 74 e8 4d 63 3e
0x00007735948a5e0b:   4c 03 3c 24 48 be ff ff ff ff ff ff ff 7f eb 1f
0x00007735948a5e1b:   4a 89 1c e0 49 ff c4 4c 89 64 24 18 48 be ff ff
0x00007735948a5e2b:   ff ff ff ff ff 7f 49 83 c7 04 48 ff cd 74 b6 4c
0x00007735948a5e3b:   89 f9 48 21 f1 48 8b 15 99 37 16 00 48 39 d1 72
0x00007735948a5e4b:   e5 48 03 15 95 37 16 00 48 39 d1 73 d9 4d 85 ff
0x00007735948a5e5b:   78 1e 41 8b 1f 48 85 db 74 c2 48 8b 15 64 4f 16
0x00007735948a5e6b:   00 48 8b 0d 65 4f 16 00 48 d3 e3 48 01 d3 eb 08
0x00007735948a5e7b:   48 8b 19 48 85 db 74 a4 4c 3b 64 24 08 75 91 48
0x00007735948a5e8b:   8d 7c 24 08 e8 6c d4 f2 ff 48 8b 44 24 10 eb 80 


Stack slot to memory mapping:

stack at sp + 0 slots: 
[error occurred during error reporting (inspecting top of stack), id 0xe0000000, Internal Error (/mydata/mmtk-openjdk/openjdk/share/mmtkHeap.cpp:444)]
stack at sp + 1 slots: 0x0 is null
stack at sp + 2 slots: 
[error occurred during error reporting (inspecting top of stack, attempt 2), id 0xe0000000, Internal Error (/mydata/mmtk-openjdk/openjdk/share/mmtkHeap.cpp:444)]
stack at sp + 3 slots: 0x0 is null
stack at sp + 4 slots: 
[error occurred during error reporting (inspecting top of stack, attempt 3), id 0xe0000000, Internal Error (/mydata/mmtk-openjdk/openjdk/share/mmtkHeap.cpp:444)]

---------------  P R O C E S S  ---------------

Threads class SMR info:
_java_thread_list=0x00006a87c8121ed0, length=56, elements={
0x000077359002b240, 0x0000773590524f20, 0x00007735905267b0, 0x00007735905282c0,
0x0000773590546af0, 0x0000773590548440, 0x0000773590549d00, 0x000077359054bb40,
0x0000773590555510, 0x00007735905a4440, 0x00007735905a7440, 0x00006a87d40c9740,
0x00006a87d40ce7c0, 0x00006a87d40cf790, 0x00006a87d40d06c0, 0x00006a87d016eea0,
0x00006a87d01e89d0, 0x00007735907e1520, 0x00007735907e28f0, 0x00007735907e3e40,
0x00007735907e5390, 0x00007735907e68f0, 0x00007735907e7e50, 0x00007735907e93c0,
0x00007735907ea930, 0x00007735907ebde0, 0x00007735907ed290, 0x00007735907ee820,
0x00007735907efdb0, 0x00007735907f1260, 0x00007735907f2710, 0x00007735907f3bc0,
0x00007735907f5070, 0x00007735907f68b0, 0x00007735907f7e70, 0x00007735907f9440,
0x00007735907faa10, 0x00007735907fc2a0, 0x00007735907fdc70, 0x00007735907ff650,
0x0000773590800c40, 0x0000773590802240, 0x0000773590803840, 0x0000773590805240,
0x0000773590806850, 0x0000773590807e70, 0x0000773590809490, 0x000077359080aac0,
0x000077359080c0f0, 0x00006a87c80ad950, 0x00006a87b00edc80, 0x00006a87cc0d4240,
0x00006a87b00ef250, 0x00006a87c811df00, 0x00006a87c811f660, 0x00006a87c8120c00
}

Java Threads: ( => current thread )
  0x000077359002b240 JavaThread "main"                              [_thread_blocked, id=460550, stack(0x0000773594a17000,0x0000773594b17000) (1024K)]
  0x0000773590524f20 JavaThread "Reference Handler"          daemon [_thread_blocked, id=460554, stack(0x00007735586ff000,0x00007735587ff000) (1024K)]
  0x00007735905267b0 JavaThread "Finalizer"                  daemon [_thread_blocked, id=460555, stack(0x00007735585ff000,0x00007735586ff000) (1024K)]
  0x00007735905282c0 JavaThread "MMTk Finalizer Thread"      daemon [_thread_blocked, id=460556, stack(0x00007735584ff000,0x00007735585ff000) (1024K)]
  0x0000773590546af0 JavaThread "Signal Dispatcher"          daemon [_thread_blocked, id=460580, stack(0x00006a8859ef0000,0x00006a8859ff0000) (1024K)]
  0x0000773590548440 JavaThread "Service Thread"             daemon [_thread_blocked, id=460581, stack(0x00006a8859df0000,0x00006a8859ef0000) (1024K)]
  0x0000773590549d00 JavaThread "Monitor Deflation Thread"   daemon [_thread_blocked, id=460582, stack(0x00006a8859cf0000,0x00006a8859df0000) (1024K)]
  0x000077359054bb40 JavaThread "C2 CompilerThread0"         daemon [_thread_blocked, id=460583, stack(0x00006a8859bf0000,0x00006a8859cf0000) (1024K)]
  0x0000773590555510 JavaThread "C1 CompilerThread0"         daemon [_thread_blocked, id=460584, stack(0x00006a8859af0000,0x00006a8859bf0000) (1024K)]
  0x00007735905a4440 JavaThread "Notification Thread"        daemon [_thread_blocked, id=460587, stack(0x00006a88597f0000,0x00006a88598f0000) (1024K)]
  0x00007735905a7440 JavaThread "Common-Cleaner"             daemon [_thread_blocked, id=460588, stack(0x00006a88596f0000,0x00006a88597f0000) (1024K)]
  0x00006a87d40c9740 JavaThread "C1 CompilerThread1"         daemon [_thread_blocked, id=460593, stack(0x00006a88595f0000,0x00006a88596f0000) (1024K)]
  0x00006a87d40ce7c0 JavaThread "C1 CompilerThread2"         daemon [_thread_blocked, id=460594, stack(0x00006a88592f0000,0x00006a88593f0000) (1024K)]
  0x00006a87d40cf790 JavaThread "C1 CompilerThread3"         daemon [_thread_blocked, id=460595, stack(0x00006a88599f0000,0x00006a8859af0000) (1024K)]
  0x00006a87d40d06c0 JavaThread "C1 CompilerThread4"         daemon [_thread_blocked, id=460596, stack(0x00006a88598f0000,0x00006a88599f0000) (1024K)]
  0x00006a87d016eea0 JavaThread "C2 CompilerThread1"         daemon [_thread_blocked, id=460597, stack(0x00006a88594f0000,0x00006a88595f0000) (1024K)]
  0x00006a87d01e89d0 JavaThread "C2 CompilerThread2"         daemon [_thread_blocked, id=460598, stack(0x00006a88593f0000,0x00006a88594f0000) (1024K)]
  0x00007735907e1520 JavaThread "Query0"                            [_thread_blocked, id=460599, stack(0x00006a8858d00000,0x00006a8858e00000) (1024K)]
  0x00007735907e28f0 JavaThread "Query1"                            [_thread_blocked, id=460600, stack(0x00006a8858700000,0x00006a8858800000) (1024K)]
  0x00007735907e3e40 JavaThread "Query2"                            [_thread_blocked, id=460601, stack(0x00006a8858600000,0x00006a8858700000) (1024K)]
  0x00007735907e5390 JavaThread "Query3"                            [_thread_blocked, id=460602, stack(0x00006a8858500000,0x00006a8858600000) (1024K)]
  0x00007735907e68f0 JavaThread "Query4"                            [_thread_blocked, id=460603, stack(0x00006a8858400000,0x00006a8858500000) (1024K)]
  0x00007735907e7e50 JavaThread "Query5"                            [_thread_blocked, id=460604, stack(0x00006a8858300000,0x00006a8858400000) (1024K)]
  0x00007735907e93c0 JavaThread "Query6"                            [_thread_blocked, id=460605, stack(0x00006a8858200000,0x00006a8858300000) (1024K)]
  0x00007735907ea930 JavaThread "Query7"                            [_thread_blocked, id=460606, stack(0x00006a8858100000,0x00006a8858200000) (1024K)]
  0x00007735907ebde0 JavaThread "Query8"                            [_thread_blocked, id=460607, stack(0x00006a8858000000,0x00006a8858100000) (1024K)]
  0x00007735907ed290 JavaThread "Query9"                            [_thread_blocked, id=460608, stack(0x00006a878ff00000,0x00006a8790000000) (1024K)]
  0x00007735907ee820 JavaThread "Query10"                           [_thread_blocked, id=460609, stack(0x00006a878fe00000,0x00006a878ff00000) (1024K)]
  0x00007735907efdb0 JavaThread "Query11"                           [_thread_blocked, id=460610, stack(0x00006a878fd00000,0x00006a878fe00000) (1024K)]
  0x00007735907f1260 JavaThread "Query12"                           [_thread_blocked, id=460611, stack(0x00006a878fc00000,0x00006a878fd00000) (1024K)]
  0x00007735907f2710 JavaThread "Query13"                           [_thread_blocked, id=460612, stack(0x00006a878fb00000,0x00006a878fc00000) (1024K)]
  0x00007735907f3bc0 JavaThread "Query14"                           [_thread_blocked, id=460613, stack(0x00006a878fa00000,0x00006a878fb00000) (1024K)]
  0x00007735907f5070 JavaThread "Query15"                           [_thread_blocked, id=460614, stack(0x00006a878f900000,0x00006a878fa00000) (1024K)]
  0x00007735907f68b0 JavaThread "Query16"                           [_thread_blocked, id=460615, stack(0x00006a878f800000,0x00006a878f900000) (1024K)]
  0x00007735907f7e70 JavaThread "Query17"                           [_thread_blocked, id=460616, stack(0x00006a878f700000,0x00006a878f800000) (1024K)]
  0x00007735907f9440 JavaThread "Query18"                           [_thread_blocked, id=460617, stack(0x00006a878f600000,0x00006a878f700000) (1024K)]
  0x00007735907faa10 JavaThread "Query19"                           [_thread_blocked, id=460618, stack(0x00006a878f500000,0x00006a878f600000) (1024K)]
  0x00007735907fc2a0 JavaThread "Query20"                           [_thread_blocked, id=460619, stack(0x00006a878f400000,0x00006a878f500000) (1024K)]
  0x00007735907fdc70 JavaThread "Query21"                           [_thread_blocked, id=460620, stack(0x00006a878f300000,0x00006a878f400000) (1024K)]
  0x00007735907ff650 JavaThread "Query22"                           [_thread_blocked, id=460621, stack(0x00006a878f200000,0x00006a878f300000) (1024K)]
  0x0000773590800c40 JavaThread "Query23"                           [_thread_blocked, id=460622, stack(0x00006a878f100000,0x00006a878f200000) (1024K)]
  0x0000773590802240 JavaThread "Query24"                           [_thread_blocked, id=460623, stack(0x00006a878f000000,0x00006a878f100000) (1024K)]
  0x0000773590803840 JavaThread "Query25"                           [_thread_blocked, id=460624, stack(0x00006a878ef00000,0x00006a878f000000) (1024K)]
  0x0000773590805240 JavaThread "Query26"                           [_thread_blocked, id=460625, stack(0x00006a878ee00000,0x00006a878ef00000) (1024K)]
  0x0000773590806850 JavaThread "Query27"                           [_thread_blocked, id=460626, stack(0x00006a878ed00000,0x00006a878ee00000) (1024K)]
  0x0000773590807e70 JavaThread "Query28"                           [_thread_blocked, id=460627, stack(0x00006a878ec00000,0x00006a878ed00000) (1024K)]
  0x0000773590809490 JavaThread "Query29"                           [_thread_blocked, id=460628, stack(0x00006a878eb00000,0x00006a878ec00000) (1024K)]
  0x000077359080aac0 JavaThread "Query30"                           [_thread_blocked, id=460629, stack(0x00006a878ea00000,0x00006a878eb00000) (1024K)]
  0x000077359080c0f0 JavaThread "Query31"                           [_thread_blocked, id=460630, stack(0x00006a878e900000,0x00006a878ea00000) (1024K)]
  0x00006a87c80ad950 JavaThread "C2 CompilerThread3"         daemon [_thread_blocked, id=460631, stack(0x00006a878e800000,0x00006a878e900000) (1024K)]
  0x00006a87b00edc80 JavaThread "C2 CompilerThread4"         daemon [_thread_blocked, id=460632, stack(0x00006a878e700000,0x00006a878e800000) (1024K)]
  0x00006a87cc0d4240 JavaThread "C2 CompilerThread5"         daemon [_thread_blocked, id=460633, stack(0x00006a878e600000,0x00006a878e700000) (1024K)]
  0x00006a87b00ef250 JavaThread "C2 CompilerThread6"         daemon [_thread_blocked, id=460634, stack(0x00006a878e500000,0x00006a878e600000) (1024K)]
  0x00006a87c811df00 JavaThread "C2 CompilerThread7"         daemon [_thread_blocked, id=460635, stack(0x00006a878e400000,0x00006a878e500000) (1024K)]
  0x00006a87c811f660 JavaThread "C2 CompilerThread8"         daemon [_thread_blocked, id=460636, stack(0x00006a878e300000,0x00006a878e400000) (1024K)]
  0x00006a87c8120c00 JavaThread "C2 CompilerThread9"         daemon [_thread_blocked, id=460637, stack(0x00006a878e200000,0x00006a878e300000) (1024K)]
Total: 56

Other Threads:
  0x0000773590519a70 VMThread "VM Thread"                           [id=460553, stack(0x0000773594072000,0x0000773594172000) (1024K)]
  0x00007735905076c0 WatcherThread "VM Periodic Task Thread"        [id=460552, stack(0x0000773594173000,0x0000773594273000) (1024K)]

=>0x0000773590538db0 (exited) NamedThread "MMTk Collector Thread"   [id=460568, stack(0x00006a885aafc000,0x00006a885abfc000) (1024K)]
Total: 3

Threads with active compile tasks:
C2 CompilerThread0  4827 2783       4       org.apache.lucene.codecs.lucene90.blocktree.SegmentTermsEnum::seekExact (995 bytes)
C2 CompilerThread1  4827 2919       4       org.apache.lucene.search.TopDocs::mergeAux (405 bytes)
C2 CompilerThread2  4827 2841       4       org.apache.lucene.search.TermQuery$TermWeight::<init> (182 bytes)
C2 CompilerThread3  4827 2873       4       org.apache.lucene.index.TermStates::build (126 bytes)
C2 CompilerThread4  4827 2912   !   4       org.apache.lucene.queryparser.classic.QueryParserTokenManager::jjMoveNfa_2 (3658 bytes)
C2 CompilerThread5  4827 2815       4       org.apache.lucene.analysis.LowerCaseFilter::incrementToken (36 bytes)
C2 CompilerThread6  4827 2794       4       org.apache.lucene.analysis.CachingTokenFilter::incrementToken (69 bytes)
C2 CompilerThread7  4827 2852   !   4       org.apache.lucene.search.IndexSearcher::search (124 bytes)
C2 CompilerThread8  4827 2820       4       org.dacapo.lusearch.Search$QueryProcessor::doPagingSearch (259 bytes)
C2 CompilerThread9  4827 2814       4       org.apache.lucene.analysis.FilteringTokenFilter::incrementToken (77 bytes)
Total: 10

VM state: at safepoint (normal execution)

VM Mutex/Monitor currently owned by a thread:  ([mutex/lock_event])
[0x00007735961580d0] Threads_lock - owner thread: 0x0000773590519a70
[0x0000773596157fd0] Heap_lock - owner thread: 0x00007735903e2eb0

Heap address: 0x0000000040000000, size: 3072 MB, Compressed Oops mode: 32-bit

CDS archive(s) mapped at: [0x00006a885b000000-0x00006a885bca3000-0x00006a885bca3000), size 13250560, SharedBaseAddress: 0x00006a885b000000, ArchiveRelocationMode: 1.
Compressed class space mapped at: 0x00006a885c000000-0x00006a889c000000, reserved size: 1073741824
Narrow klass base: 0x00006a885b000000, Narrow klass shift: 0, Narrow klass range: 0x100000000

GC Precious Log:
<Empty>

Heap:

[error occurred during error reporting (printing heap information), id 0xe0000000, Internal Error (/mydata/mmtk-openjdk/openjdk/share/mmtkHeap.cpp:424)]
Metaspace:

Usage:
  Non-class:      8.68 MB used.
      Class:      1.29 MB used.
       Both:      9.97 MB used.

Virtual space:
  Non-class space:       64.00 MB reserved,       9.31 MB ( 15%) committed,  1 nodes.
      Class space:        1.00 GB reserved,       1.81 MB ( <1%) committed,  1 nodes.
             Both:        1.06 GB reserved,      11.12 MB (  1%) committed. 

Chunk freelists:
   Non-Class:  6.16 MB
       Class:  14.09 MB
        Both:  20.25 MB

MaxMetaspaceSize: unlimited
CompressedClassSpaceSize: 1.00 GB
Initial GC threshold: 21.00 MB
Current GC threshold: 21.00 MB
CDS: on
 - commit_granule_bytes: 65536.
 - commit_granule_words: 8192.
 - virtual_space_node_default_size: 8388608.
 - enlarge_chunks_in_place: 1.
 - use_allocation_guard: 0.


Internal statistics:

num_allocs_failed_limit: 0.
num_arena_births: 1786.
num_arena_deaths: 0.
num_vsnodes_births: 2.
num_vsnodes_deaths: 0.
num_space_committed: 178.
num_space_uncommitted: 0.
num_chunks_returned_to_freelist: 0.
num_chunks_taken_from_freelist: 2735.
num_chunk_merges: 0.
num_chunk_splits: 1475.
num_chunks_enlarged: 276.
num_inconsistent_stats: 0.

CodeHeap 'non-profiled nmethods': size=118880Kb used=1420Kb max_used=1420Kb free=117459Kb
 bounds [0x00007735803e8000, 0x0000773580658000, 0x0000773587800000]
CodeHeap 'profiled nmethods': size=118876Kb used=5295Kb max_used=5295Kb free=113580Kb
 bounds [0x0000773578800000, 0x0000773578d30000, 0x000077357fc17000]
CodeHeap 'non-nmethods': size=8004Kb used=3488Kb max_used=3560Kb free=4515Kb
 bounds [0x000077357fc17000, 0x000077357ff97000, 0x00007735803e8000]
CodeCache: size=245760Kb, used=10203Kb, max_used=10275Kb, free=235554Kb
 total_blobs=3367, nmethods=2851, adapters=415, full_count=0
Compilation: enabled, stopped_count=0, restarted_count=0

Compilation events (20 events):
Event: 4.784 Thread 0x00006a87cc0d4240 nmethod 2886 0x0000773580545110 code [0x0000773580545340, 0x0000773580545c60]
Event: 4.784 Thread 0x00006a87d01e89d0 2790       4       org.apache.lucene.util.fst.FST::readNextRealArc (250 bytes)
Event: 4.784 Thread 0x00006a87cc0d4240 2795       4       org.apache.lucene.analysis.tokenattributes.CharTermAttributeImpl::copyBuffer (22 bytes)
Event: 4.784 Thread 0x00006a87d40cf790 nmethod 2921 0x0000773578d2ac90 code [0x0000773578d2ae60, 0x0000773578d2b200]
Event: 4.786 Thread 0x00006a87c8120c00 nmethod 2757 0x0000773580546710 code [0x00007735805469c0, 0x0000773580547e70]
Event: 4.786 Thread 0x00006a87c8120c00 2808       4       org.apache.lucene.store.MemorySegmentIndexInput$SingleSegmentImpl::clone (5 bytes)
Event: 4.786 Thread 0x00006a87cc0d4240 nmethod 2795 0x0000773580548a10 code [0x0000773580548bc0, 0x0000773580548ef0]
Event: 4.786 Thread 0x00006a87cc0d4240 2821       4       org.apache.lucene.queryparser.classic.QueryParserTokenManager::jjFillToken (107 bytes)
Event: 4.788 Thread 0x00006a87d40ce7c0 2923       2       java.io.BufferedWriter::implFlushBuffer (34 bytes)
Event: 4.788 Thread 0x00006a87d40cf790 2924       2       sun.nio.cs.StreamEncoder::ensureOpen (18 bytes)
Event: 4.788 Thread 0x00006a87c8120c00 nmethod 2808 0x0000773580549090 code [0x0000773580549240, 0x00007735805493f8]
Event: 4.788 Thread 0x00006a87c8120c00 2827       4       java.lang.ClassValue::get (31 bytes)
Event: 4.788 Thread 0x00006a87d40cf790 nmethod 2924 0x0000773578d2b390 code [0x0000773578d2b540, 0x0000773578d2b768]
Event: 4.788 Thread 0x00006a87d40ce7c0 nmethod 2923 0x0000773578d2b810 code [0x0000773578d2b9e0, 0x0000773578d2bc80]
Event: 4.789 Thread 0x00006a87c8120c00 nmethod 2827 0x0000773580549610 code [0x00007735805497a0, 0x0000773580549918]
Event: 4.789 Thread 0x00006a87c8120c00 2814       4       org.apache.lucene.analysis.FilteringTokenFilter::incrementToken (77 bytes)
Event: 4.804 Thread 0x00006a87cc0d4240 nmethod 2821 0x0000773580549b10 code [0x0000773580549ce0, 0x000077358054a340]
Event: 4.804 Thread 0x00006a87cc0d4240 2815       4       org.apache.lucene.analysis.LowerCaseFilter::incrementToken (36 bytes)
Event: 4.805 Thread 0x00006a87d01e89d0 nmethod 2790 0x000077358054a790 code [0x000077358054a960, 0x000077358054acd0]
Event: 4.805 Thread 0x00006a87d01e89d0 2841       4       org.apache.lucene.search.TermQuery$TermWeight::<init> (182 bytes)

GC Heap History (0 events):
No events

Dll operation events (8 events):
Event: 0.001 Loaded shared library /mydata/openjdk-mmtk/build/b0test/images/jdk/lib/libjava.so
Event: 2.214 Loaded shared library /mydata/openjdk-mmtk/build/b0test/images/jdk/lib/libjsvml.so
Event: 2.227 Loaded shared library /mydata/openjdk-mmtk/build/b0test/images/jdk/lib/libnio.so
Event: 2.231 Loaded shared library /mydata/openjdk-mmtk/build/b0test/images/jdk/lib/libzip.so
Event: 2.244 Loaded shared library /mydata/openjdk-mmtk/build/b0test/images/jdk/lib/libjimage.so
Event: 2.271 Loaded shared library /mydata/openjdk-mmtk/build/b0test/images/jdk/lib/libnet.so
Event: 4.164 Loaded shared library /mydata/openjdk-mmtk/build/b0test/images/jdk/lib/libmanagement.so
Event: 4.166 Loaded shared library /mydata/openjdk-mmtk/build/b0test/images/jdk/lib/libmanagement_ext.so

Deoptimization events (20 events):
Event: 4.657 Thread 0x00007735907ff650 DEOPT PACKING pc=0x0000773578d00381 sp=0x00006a878f2fde40
Event: 4.657 Thread 0x00007735907ff650 DEOPT UNPACKING pc=0x000077357fc6ab2f sp=0x00006a878f2fd2f8 mode 0
Event: 4.658 Thread 0x0000773590806850 DEOPT PACKING pc=0x0000773578d00381 sp=0x00006a878edfde70
Event: 4.658 Thread 0x0000773590806850 DEOPT UNPACKING pc=0x000077357fc6ab2f sp=0x00006a878edfd328 mode 0
Event: 4.668 Thread 0x00007735907ebde0 DEOPT PACKING pc=0x00007735789c2d33 sp=0x00006a88580fe730
Event: 4.668 Thread 0x00007735907ebde0 DEOPT UNPACKING pc=0x000077357fc6ab2f sp=0x00006a88580fdc58 mode 0
Event: 4.739 Thread 0x00007735907ff650 Uncommon trap: trap_request=0xfffffff4 fr.pc=0x000077358051eb70 relative=0x0000000000000210
Event: 4.739 Thread 0x00007735907ff650 Uncommon trap: reason=null_check action=make_not_entrant pc=0x000077358051eb70 method=org.apache.lucene.util.CloseableThreadLocal.get()Ljava/lang/Object; @ 7 c2
Event: 4.739 Thread 0x00007735907ff650 DEOPT PACKING pc=0x000077358051eb70 sp=0x00006a878f2fe260
Event: 4.739 Thread 0x00007735907ff650 DEOPT UNPACKING pc=0x000077357fc6a399 sp=0x00006a878f2fe228 mode 2
Event: 4.749 Thread 0x00007735907faa10 DEOPT PACKING pc=0x0000773578cf02d5 sp=0x00006a878f5fe2c0
Event: 4.749 Thread 0x00007735907faa10 DEOPT UNPACKING pc=0x000077357fc6ab2f sp=0x00006a878f5fd778 mode 0
Event: 4.751 Thread 0x00007735907f1260 Uncommon trap: trap_request=0xffffff45 fr.pc=0x00007735804e6c94 relative=0x0000000000001d14
Event: 4.751 Thread 0x00007735907f1260 Uncommon trap: reason=unstable_if action=reinterpret pc=0x00007735804e6c94 method=org.apache.lucene.queryparser.classic.QueryParserTokenManager.jjMoveNfa_2(II)I @ 1265 c2
Event: 4.751 Thread 0x00007735907f1260 DEOPT PACKING pc=0x00007735804e6c94 sp=0x00006a878fcfe4e0
Event: 4.751 Thread 0x00007735907f1260 DEOPT UNPACKING pc=0x000077357fc6a399 sp=0x00006a878fcfe468 mode 2
Event: 4.754 Thread 0x0000773590806850 DEOPT PACKING pc=0x0000773578cf02d5 sp=0x00006a878edfe2e0
Event: 4.754 Thread 0x0000773590806850 DEOPT UNPACKING pc=0x000077357fc6ab2f sp=0x00006a878edfd798 mode 0
Event: 4.754 Thread 0x00007735907f68b0 DEOPT PACKING pc=0x0000773578cefd3f sp=0x00006a878f8fe270
Event: 4.754 Thread 0x00007735907f68b0 DEOPT UNPACKING pc=0x000077357fc6ab2f sp=0x00006a878f8fd728 mode 0

Classes loaded (20 events):
Event: 4.257 Loading class java/util/stream/SpinedBuffer$OfPrimitive
Event: 4.257 Loading class java/util/stream/AbstractSpinedBuffer
Event: 4.257 Loading class java/util/stream/AbstractSpinedBuffer done
Event: 4.257 Loading class java/util/stream/SpinedBuffer$OfPrimitive done
Event: 4.257 Loading class java/util/stream/SpinedBuffer$OfInt done
Event: 4.257 Loading class java/util/stream/Nodes$IntSpinedNodeBuilder done
Event: 4.258 Loading class java/util/stream/ReferencePipeline$8$1
Event: 4.258 Loading class java/util/stream/ReferencePipeline$8$1 done
Event: 4.258 Loading class java/util/Spliterators$IntArraySpliterator
Event: 4.258 Loading class java/util/Spliterators$IntArraySpliterator done
Event: 4.258 Loading class java/util/stream/IntPipeline$Head
Event: 4.258 Loading class java/util/stream/IntPipeline$Head done
Event: 4.274 Loading class java/lang/invoke/VarHandleSegmentAsShorts
Event: 4.274 Loading class java/lang/invoke/VarHandleSegmentAsShorts done
Event: 4.293 Loading class java/util/WeakHashMap$KeyIterator
Event: 4.293 Loading class java/util/WeakHashMap$HashIterator
Event: 4.293 Loading class java/util/WeakHashMap$HashIterator done
Event: 4.293 Loading class java/util/WeakHashMap$KeyIterator done
Event: 4.738 Loading class java/io/FileOutputStream$1
Event: 4.739 Loading class java/io/FileOutputStream$1 done

Classes unloaded (0 events):
No events

Classes redefined (0 events):
No events

Internal exceptions (20 events):
Event: 4.229 Thread 0x0000773590809490 Exception <a 'java/lang/NoSuchMethodError'{0x00000000489793b0}: 'java.lang.Object java.lang.invoke.Invokers$Holder.linkToTargetMethod(java.lang.Object, java.lang.Object, java.lang.Object, int, java.lang.Object)'> (0x00000000489793b0) 
thrown [src/hotspot/share/interpreter/linkResolver.cpp, line 772]
Event: 4.229 Thread 0x00007735907e28f0 Exception <a 'java/lang/NoSuchMethodError'{0x0000000048a35b90}: 'java.lang.Object java.lang.invoke.Invokers$Holder.linkToTargetMethod(java.lang.Object, java.lang.Object, java.lang.Object, int, java.lang.Object)'> (0x0000000048a35b90) 
thrown [src/hotspot/share/interpreter/linkResolver.cpp, line 772]
Event: 4.229 Thread 0x00007735907e5390 Exception <a 'java/lang/NoSuchMethodError'{0x00000000489c3660}: 'java.lang.Object java.lang.invoke.Invokers$Holder.linkToTargetMethod(java.lang.Object, java.lang.Object, java.lang.Object, int, java.lang.Object)'> (0x00000000489c3660) 
thrown [src/hotspot/share/interpreter/linkResolver.cpp, line 772]
Event: 4.229 Thread 0x00007735907f3bc0 Exception <a 'java/lang/NoSuchMethodError'{0x00000000489cbac8}: 'java.lang.Object java.lang.invoke.Invokers$Holder.linkToTargetMethod(java.lang.Object, java.lang.Object, java.lang.Object, int, java.lang.Object)'> (0x00000000489cbac8) 
thrown [src/hotspot/share/interpreter/linkResolver.cpp, line 772]
Event: 4.229 Thread 0x00007735907f68b0 Exception <a 'java/lang/NoSuchMethodError'{0x00000000489b9f88}: 'java.lang.Object java.lang.invoke.Invokers$Holder.linkToTargetMethod(java.lang.Object, java.lang.Object, java.lang.Object, int, java.lang.Object)'> (0x00000000489b9f88) 
thrown [src/hotspot/share/interpreter/linkResolver.cpp, line 772]
Event: 4.229 Thread 0x00007735907faa10 Exception <a 'java/lang/NoSuchMethodError'{0x00000000489b33b0}: 'java.lang.Object java.lang.invoke.Invokers$Holder.linkToTargetMethod(java.lang.Object, java.lang.Object, java.lang.Object, int, java.lang.Object)'> (0x00000000489b33b0) 
thrown [src/hotspot/share/interpreter/linkResolver.cpp, line 772]
Event: 4.229 Thread 0x00007735907f5070 Exception <a 'java/lang/NoSuchMethodError'{0x00000000489ed1f8}: 'java.lang.Object java.lang.invoke.Invokers$Holder.linkToTargetMethod(java.lang.Object, java.lang.Object, java.lang.Object, int, java.lang.Object)'> (0x00000000489ed1f8) 
thrown [src/hotspot/share/interpreter/linkResolver.cpp, line 772]
Event: 4.229 Thread 0x00007735907e68f0 Exception <a 'java/lang/NoSuchMethodError'{0x0000000048a4f1b8}: 'java.lang.Object java.lang.invoke.Invokers$Holder.linkToTargetMethod(java.lang.Object, java.lang.Object, java.lang.Object, int, java.lang.Object)'> (0x0000000048a4f1b8) 
thrown [src/hotspot/share/interpreter/linkResolver.cpp, line 772]
Event: 4.229 Thread 0x00007735907f1260 Exception <a 'java/lang/NoSuchMethodError'{0x0000000048a3de60}: 'java.lang.Object java.lang.invoke.Invokers$Holder.linkToTargetMethod(java.lang.Object, java.lang.Object, java.lang.Object, int, java.lang.Object)'> (0x0000000048a3de60) 
thrown [src/hotspot/share/interpreter/linkResolver.cpp, line 772]
Event: 4.230 Thread 0x00007735907e3e40 Exception <a 'java/lang/NoSuchMethodError'{0x0000000048a222b8}: 'java.lang.Object java.lang.invoke.Invokers$Holder.linkToTargetMethod(java.lang.Object, java.lang.Object, java.lang.Object, int, java.lang.Object)'> (0x0000000048a222b8) 
thrown [src/hotspot/share/interpreter/linkResolver.cpp, line 772]
Event: 4.249 Thread 0x0000773590800c40 Implicit null exception at 0x000077358041625e to 0x0000773580416318
Event: 4.249 Thread 0x0000773590802240 Implicit null exception at 0x000077358041625e to 0x0000773580416318
Event: 4.249 Thread 0x00007735907e1520 Implicit null exception at 0x000077358041625e to 0x0000773580416318
Event: 4.249 Thread 0x000077359080aac0 Implicit null exception at 0x000077358041625e to 0x0000773580416318
Event: 4.249 Thread 0x000077359080c0f0 Implicit null exception at 0x000077358041625e to 0x0000773580416318
Event: 4.258 Thread 0x0000773590800c40 Exception <a 'java/lang/NoSuchMethodError'{0x0000000048d8e008}: 'void java.lang.invoke.DirectMethodHandle$Holder.invokeInterface(java.lang.Object, java.lang.Object, int)'> (0x0000000048d8e008) 
thrown [src/hotspot/share/interpreter/linkResolver.cpp, line 772]
Event: 4.258 Thread 0x0000773590800c40 Exception <a 'java/lang/IncompatibleClassChangeError'{0x0000000048d79648}: Found class java.lang.Object, but interface was expected> (0x0000000048d79648) 
thrown [src/hotspot/share/interpreter/linkResolver.cpp, line 840]
Event: 4.263 Thread 0x0000773590809490 Exception <a 'java/lang/NoSuchMethodError'{0x0000000048cde550}: 'int java.lang.invoke.DirectMethodHandle$Holder.invokeStaticInit(java.lang.Object, java.lang.Object)'> (0x0000000048cde550) 
thrown [src/hotspot/share/interpreter/linkResolver.cpp, line 772]
Event: 4.264 Thread 0x0000773590809490 Exception <a 'java/lang/NoSuchMethodError'{0x0000000048cc8380}: 'java.lang.Object java.lang.invoke.Invokers$Holder.invokeExact_MT(java.lang.Object, java.lang.Object, java.lang.Object, java.lang.Object, java.lang.Object, java.lang.Object)'> (0x0000000048cc8380) 
thrown [src/hotspot/share/interpreter/linkResolver.cpp, line 772]
Event: 4.739 Thread 0x00007735907ff650 Implicit null exception at 0x000077358051ea10 to 0x000077358051eb60

ZGC Phase Switch (0 events):
No events

VM Operations (20 events):
Event: 4.195 Executing VM operation: HandshakeAllThreads (CloseScopedMemory) done
Event: 4.200 Executing VM operation: HandshakeAllThreads (CloseScopedMemory)
Event: 4.200 Executing VM operation: HandshakeAllThreads (CloseScopedMemory) done
Event: 4.319 Executing VM operation: HandshakeAllThreads (Deoptimize)
Event: 4.320 Executing VM operation: HandshakeAllThreads (Deoptimize) done
Event: 4.321 Executing VM operation: ICBufferFull
Event: 4.321 Executing VM operation: ICBufferFull done
Event: 4.322 Executing VM operation: ICBufferFull
Event: 4.322 Executing VM operation: ICBufferFull done
Event: 4.324 Executing VM operation: HandshakeAllThreads (Deoptimize)
Event: 4.327 Executing VM operation: HandshakeAllThreads (Deoptimize) done
Event: 4.532 Executing VM operation: ICBufferFull
Event: 4.532 Executing VM operation: ICBufferFull done
Event: 4.679 Executing VM operation: ThirdPartyHeapOperation
Event: 4.692 Executing VM operation: ThirdPartyHeapOperation done
Event: 4.695 Executing VM operation: ThirdPartyHeapOperation
Event: 4.717 Executing VM operation: ThirdPartyHeapOperation done
Event: 4.791 Executing VM operation: ThirdPartyHeapOperation
Event: 4.804 Executing VM operation: ThirdPartyHeapOperation done
Event: 4.808 Executing VM operation: ThirdPartyHeapOperation

Memory protections (20 events):
Event: 4.210 Protecting memory [0x00006a878f500000,0x00006a878f504000] with protection modes 0
Event: 4.210 Protecting memory [0x00006a878f400000,0x00006a878f404000] with protection modes 0
Event: 4.211 Protecting memory [0x00006a878f300000,0x00006a878f304000] with protection modes 0
Event: 4.211 Protecting memory [0x00006a878f200000,0x00006a878f204000] with protection modes 0
Event: 4.211 Protecting memory [0x00006a878f100000,0x00006a878f104000] with protection modes 0
Event: 4.212 Protecting memory [0x00006a878ef00000,0x00006a878ef04000] with protection modes 0
Event: 4.212 Protecting memory [0x00006a878f000000,0x00006a878f004000] with protection modes 0
Event: 4.212 Protecting memory [0x00006a878ee00000,0x00006a878ee04000] with protection modes 0
Event: 4.212 Protecting memory [0x00006a878ed00000,0x00006a878ed04000] with protection modes 0
Event: 4.212 Protecting memory [0x00006a878ec00000,0x00006a878ec04000] with protection modes 0
Event: 4.213 Protecting memory [0x00006a878eb00000,0x00006a878eb04000] with protection modes 0
Event: 4.213 Protecting memory [0x00006a878ea00000,0x00006a878ea04000] with protection modes 0
Event: 4.213 Protecting memory [0x00006a878e900000,0x00006a878e904000] with protection modes 0
Event: 4.232 Protecting memory [0x00006a878e800000,0x00006a878e804000] with protection modes 0
Event: 4.596 Protecting memory [0x00006a878e700000,0x00006a878e704000] with protection modes 0
Event: 4.597 Protecting memory [0x00006a878e500000,0x00006a878e504000] with protection modes 0
Event: 4.598 Protecting memory [0x00006a878e600000,0x00006a878e604000] with protection modes 0
Event: 4.601 Protecting memory [0x00006a878e400000,0x00006a878e404000] with protection modes 0
Event: 4.601 Protecting memory [0x00006a878e300000,0x00006a878e304000] with protection modes 0
Event: 4.601 Protecting memory [0x00006a878e200000,0x00006a878e204000] with protection modes 0

Nmethod flushes (0 events):
No events

Events (20 events):
Event: 4.210 Thread 0x000077359002b240 Thread added: 0x00007735907faa10
Event: 4.210 Thread 0x000077359002b240 Thread added: 0x00007735907fc2a0
Event: 4.211 Thread 0x000077359002b240 Thread added: 0x00007735907fdc70
Event: 4.211 Thread 0x000077359002b240 Thread added: 0x00007735907ff650
Event: 4.211 Thread 0x000077359002b240 Thread added: 0x0000773590800c40
Event: 4.211 Thread 0x000077359002b240 Thread added: 0x0000773590802240
Event: 4.212 Thread 0x000077359002b240 Thread added: 0x0000773590803840
Event: 4.212 Thread 0x000077359002b240 Thread added: 0x0000773590805240
Event: 4.212 Thread 0x000077359002b240 Thread added: 0x0000773590806850
Event: 4.212 Thread 0x000077359002b240 Thread added: 0x0000773590807e70
Event: 4.213 Thread 0x000077359002b240 Thread added: 0x0000773590809490
Event: 4.213 Thread 0x000077359002b240 Thread added: 0x000077359080aac0
Event: 4.213 Thread 0x000077359002b240 Thread added: 0x000077359080c0f0
Event: 4.232 Thread 0x00006a87d40cf790 Thread added: 0x00006a87c80ad950
Event: 4.596 Thread 0x00006a87d01e89d0 Thread added: 0x00006a87b00edc80
Event: 4.596 Thread 0x00006a87d40d06c0 Thread added: 0x00006a87cc0d4240
Event: 4.597 Thread 0x00006a87d01e89d0 Thread added: 0x00006a87b00ef250
Event: 4.601 Thread 0x00006a87d40cf790 Thread added: 0x00006a87c811df00
Event: 4.601 Thread 0x00006a87d40cf790 Thread added: 0x00006a87c811f660
Event: 4.601 Thread 0x00006a87d40cf790 Thread added: 0x00006a87c8120c00


Dynamic libraries:
40000000-40400000 rw-p 00000000 00:00 0                                  [anon:mmtk:space:immix]
40400000-41400000 rw-p 00000000 00:00 0                                  [anon:mmtk:space:los]
41400000-41800000 rw-p 00000000 00:00 0                                  [anon:mmtk:space:immix]
41800000-48000000 rw-p 00000000 00:00 0                                  [anon:mmtk:space:los]
48000000-48400000 rw-p 00000000 00:00 0                                  [anon:mmtk:space:immix]
48400000-49800000 rw-p 00000000 00:00 0                                  [anon:mmtk:space:los]
49800000-50000000 rw-p 00000000 00:00 0                                  [anon:mmtk:space:immix]
50000000-52400000 rw-p 00000000 00:00 0                                  [anon:mmtk:space:immix]
200000000000-2000c00c0000 rw-s 00000000 00:10 68                         anon_inode:bpf-map
63504a183000-63504a184000 r--p 00000000 fc:00 49676352                   /mydata/openjdk-mmtk/build/b0test/images/jdk/bin/java
63504a184000-63504a185000 r-xp 00001000 fc:00 49676352                   /mydata/openjdk-mmtk/build/b0test/images/jdk/bin/java
63504a185000-63504a186000 r--p 00002000 fc:00 49676352                   /mydata/openjdk-mmtk/build/b0test/images/jdk/bin/java
63504a186000-63504a187000 r--p 00002000 fc:00 49676352                   /mydata/openjdk-mmtk/build/b0test/images/jdk/bin/java
63504a187000-63504a188000 rw-p 00003000 fc:00 49676352                   /mydata/openjdk-mmtk/build/b0test/images/jdk/bin/java
63505fda6000-63505fdee000 rw-p 00000000 00:00 0                          [heap]
6a870c000000-6a870c3b9000 rw-p 00000000 00:00 0 
6a870c3b9000-6a8710000000 ---p 00000000 00:00 0 
6a8714000000-6a87143c0000 rw-p 00000000 00:00 0 
6a87143c0000-6a8718000000 ---p 00000000 00:00 0 
6a8718000000-6a87183a6000 rw-p 00000000 00:00 0 
6a87183a6000-6a871c000000 ---p 00000000 00:00 0 
6a871c000000-6a871c327000 rw-p 00000000 00:00 0 
6a871c327000-6a8720000000 ---p 00000000 00:00 0 
6a8720000000-6a8720278000 rw-p 00000000 00:00 0 
6a8720278000-6a8724000000 ---p 00000000 00:00 0 
6a8724000000-6a87245c5000 rw-p 00000000 00:00 0 
6a87245c5000-6a8728000000 ---p 00000000 00:00 0 
6a8728000000-6a8728559000 rw-p 00000000 00:00 0 
6a8728559000-6a872c000000 ---p 00000000 00:00 0 
6a872c000000-6a872c021000 rw-p 00000000 00:00 0 
6a872c021000-6a8730000000 ---p 00000000 00:00 0 
6a8730000000-6a8730021000 rw-p 00000000 00:00 0 
6a8730021000-6a8734000000 ---p 00000000 00:00 0 
6a8734000000-6a8734022000 rw-p 00000000 00:00 0 
6a8734022000-6a8738000000 ---p 00000000 00:00 0 
6a8738000000-6a8738021000 rw-p 00000000 00:00 0 
6a8738021000-6a873c000000 ---p 00000000 00:00 0 
6a873c000000-6a873c021000 rw-p 00000000 00:00 0 
6a873c021000-6a8740000000 ---p 00000000 00:00 0 
6a8740000000-6a8740021000 rw-p 00000000 00:00 0 
6a8740021000-6a8744000000 ---p 00000000 00:00 0 
6a8744000000-6a8744047000 rw-p 00000000 00:00 0 
6a8744047000-6a8748000000 ---p 00000000 00:00 0 
6a8748000000-6a8748021000 rw-p 00000000 00:00 0 
6a8748021000-6a874c000000 ---p 00000000 00:00 0 
6a874c000000-6a874c021000 rw-p 00000000 00:00 0 
6a874c021000-6a8750000000 ---p 00000000 00:00 0 
6a8750000000-6a8750021000 rw-p 00000000 00:00 0 
6a8750021000-6a8754000000 ---p 00000000 00:00 0 
6a8754000000-6a8754021000 rw-p 00000000 00:00 0 
6a8754021000-6a8758000000 ---p 00000000 00:00 0 
6a8758000000-6a8758021000 rw-p 00000000 00:00 0 
6a8758021000-6a875c000000 ---p 00000000 00:00 0 
6a875c000000-6a875c023000 rw-p 00000000 00:00 0 
6a875c023000-6a8760000000 ---p 00000000 00:00 0 
6a8760000000-6a8760021000 rw-p 00000000 00:00 0 
6a8760021000-6a8764000000 ---p 00000000 00:00 0 
6a8764000000-6a8764021000 rw-p 00000000 00:00 0 
6a8764021000-6a8768000000 ---p 00000000 00:00 0 
6a8768000000-6a8768021000 rw-p 00000000 00:00 0 
6a8768021000-6a876c000000 ---p 00000000 00:00 0 
6a876c000000-6a876c027000 rw-p 00000000 00:00 0 
6a876c027000-6a8770000000 ---p 00000000 00:00 0 
6a8770000000-6a8770021000 rw-p 00000000 00:00 0 
6a8770021000-6a8774000000 ---p 00000000 00:00 0 
6a8774000000-6a8774024000 rw-p 00000000 00:00 0 
6a8774024000-6a8778000000 ---p 00000000 00:00 0 
6a8778000000-6a8778021000 rw-p 00000000 00:00 0 
6a8778021000-6a877c000000 ---p 00000000 00:00 0 
6a877c000000-6a877c02b000 rw-p 00000000 00:00 0 
6a877c02b000-6a8780000000 ---p 00000000 00:00 0 
6a8780000000-6a8780021000 rw-p 00000000 00:00 0 
6a8780021000-6a8784000000 ---p 00000000 00:00 0 
6a8784000000-6a8784021000 rw-p 00000000 00:00 0 
6a8784021000-6a8788000000 ---p 00000000 00:00 0 
6a8788000000-6a8788022000 rw-p 00000000 00:00 0 
6a8788022000-6a878c000000 ---p 00000000 00:00 0 
6a878e200000-6a878e204000 ---p 00000000 00:00 0 
6a878e204000-6a878e300000 rw-p 00000000 00:00 0 
6a878e300000-6a878e304000 ---p 00000000 00:00 0 
6a878e304000-6a878e400000 rw-p 00000000 00:00 0 
6a878e400000-6a878e404000 ---p 00000000 00:00 0 
6a878e404000-6a878e500000 rw-p 00000000 00:00 0 
6a878e500000-6a878e504000 ---p 00000000 00:00 0 
6a878e504000-6a878e600000 rw-p 00000000 00:00 0 
6a878e600000-6a878e604000 ---p 00000000 00:00 0 
6a878e604000-6a878e700000 rw-p 00000000 00:00 0 
6a878e700000-6a878e704000 ---p 00000000 00:00 0 
6a878e704000-6a878e800000 rw-p 00000000 00:00 0 
6a878e800000-6a878e804000 ---p 00000000 00:00 0 
6a878e804000-6a878e900000 rw-p 00000000 00:00 0 
6a878e900000-6a878e904000 ---p 00000000 00:00 0 
6a878e904000-6a878ea00000 rw-p 00000000 00:00 0 
6a878ea00000-6a878ea04000 ---p 00000000 00:00 0 
6a878ea04000-6a878eb00000 rw-p 00000000 00:00 0 
6a878eb00000-6a878eb04000 ---p 00000000 00:00 0 
6a878eb04000-6a878ec00000 rw-p 00000000 00:00 0 
6a878ec00000-6a878ec04000 ---p 00000000 00:00 0 
6a878ec04000-6a878ed00000 rw-p 00000000 00:00 0 
6a878ed00000-6a878ed04000 ---p 00000000 00:00 0 
6a878ed04000-6a878ee00000 rw-p 00000000 00:00 0 
6a878ee00000-6a878ee04000 ---p 00000000 00:00 0 
6a878ee04000-6a878ef00000 rw-p 00000000 00:00 0 
6a878ef00000-6a878ef04000 ---p 00000000 00:00 0 
6a878ef04000-6a878f000000 rw-p 00000000 00:00 0 
6a878f000000-6a878f004000 ---p 00000000 00:00 0 
6a878f004000-6a878f100000 rw-p 00000000 00:00 0 
6a878f100000-6a878f104000 ---p 00000000 00:00 0 
6a878f104000-6a878f200000 rw-p 00000000 00:00 0 
6a878f200000-6a878f204000 ---p 00000000 00:00 0 
6a878f204000-6a878f300000 rw-p 00000000 00:00 0 
6a878f300000-6a878f304000 ---p 00000000 00:00 0 
6a878f304000-6a878f400000 rw-p 00000000 00:00 0 
6a878f400000-6a878f404000 ---p 00000000 00:00 0 
6a878f404000-6a878f500000 rw-p 00000000 00:00 0 
6a878f500000-6a878f504000 ---p 00000000 00:00 0 
6a878f504000-6a878f600000 rw-p 00000000 00:00 0 
6a878f600000-6a878f604000 ---p 00000000 00:00 0 
6a878f604000-6a878f700000 rw-p 00000000 00:00 0 
6a878f700000-6a878f704000 ---p 00000000 00:00 0 
6a878f704000-6a878f800000 rw-p 00000000 00:00 0 
6a878f800000-6a878f804000 ---p 00000000 00:00 0 
6a878f804000-6a878f900000 rw-p 00000000 00:00 0 
6a878f900000-6a878f904000 ---p 00000000 00:00 0 
6a878f904000-6a878fa00000 rw-p 00000000 00:00 0 
6a878fa00000-6a878fa04000 ---p 00000000 00:00 0 
6a878fa04000-6a878fb00000 rw-p 00000000 00:00 0 
6a878fb00000-6a878fb04000 ---p 00000000 00:00 0 
6a878fb04000-6a878fc00000 rw-p 00000000 00:00 0 
6a878fc00000-6a878fc04000 ---p 00000000 00:00 0 
6a878fc04000-6a878fd00000 rw-p 00000000 00:00 0 
6a878fd00000-6a878fd04000 ---p 00000000 00:00 0 
6a878fd04000-6a878fe00000 rw-p 00000000 00:00 0 
6a878fe00000-6a878fe04000 ---p 00000000 00:00 0 
6a878fe04000-6a878ff00000 rw-p 00000000 00:00 0 
6a878ff00000-6a878ff04000 ---p 00000000 00:00 0 
6a878ff04000-6a8790000000 rw-p 00000000 00:00 0 
6a8790000000-6a8790021000 rw-p 00000000 00:00 0 
6a8790021000-6a8794000000 ---p 00000000 00:00 0 
6a8794000000-6a8794021000 rw-p 00000000 00:00 0 
6a8794021000-6a8798000000 ---p 00000000 00:00 0 
6a8798000000-6a8798021000 rw-p 00000000 00:00 0 
6a8798021000-6a879c000000 ---p 00000000 00:00 0 
6a879c000000-6a879c021000 rw-p 00000000 00:00 0 
6a879c021000-6a87a0000000 ---p 00000000 00:00 0 
6a87a0000000-6a87a0021000 rw-p 00000000 00:00 0 
6a87a0021000-6a87a4000000 ---p 00000000 00:00 0 
6a87a4000000-6a87a4022000 rw-p 00000000 00:00 0 
6a87a4022000-6a87a8000000 ---p 00000000 00:00 0 
6a87a8000000-6a87a8032000 rw-p 00000000 00:00 0 
6a87a8032000-6a87ac000000 ---p 00000000 00:00 0 
6a87ac000000-6a87ac032000 rw-p 00000000 00:00 0 
6a87ac032000-6a87b0000000 ---p 00000000 00:00 0 
6a87b0000000-6a87b044e000 rw-p 00000000 00:00 0 
6a87b044e000-6a87b4000000 ---p 00000000 00:00 0 
6a87b4000000-6a87b413e000 rw-p 00000000 00:00 0 
6a87b413e000-6a87b8000000 ---p 00000000 00:00 0 
6a87b8000000-6a87b81e8000 rw-p 00000000 00:00 0 
6a87b81e8000-6a87bc000000 ---p 00000000 00:00 0 
6a87bc000000-6a87bc5ca000 rw-p 00000000 00:00 0 
6a87bc5ca000-6a87c0000000 ---p 00000000 00:00 0 
6a87c0000000-6a87c0021000 rw-p 00000000 00:00 0 
6a87c0021000-6a87c4000000 ---p 00000000 00:00 0 
6a87c4000000-6a87c4021000 rw-p 00000000 00:00 0 
6a87c4021000-6a87c8000000 ---p 00000000 00:00 0 
6a87c8000000-6a87c81f1000 rw-p 00000000 00:00 0 
6a87c81f1000-6a87cc000000 ---p 00000000 00:00 0 
6a87cc000000-6a87cc0d8000 rw-p 00000000 00:00 0 
6a87cc0d8000-6a87d0000000 ---p 00000000 00:00 0 
6a87d0000000-6a87d0910000 rw-p 00000000 00:00 0 
6a87d0910000-6a87d4000000 ---p 00000000 00:00 0 
6a87d4000000-6a87d41a4000 rw-p 00000000 00:00 0 
6a87d41a4000-6a87d8000000 ---p 00000000 00:00 0 
6a87d8000000-6a87d8021000 rw-p 00000000 00:00 0 
6a87d8021000-6a87dc000000 ---p 00000000 00:00 0 
6a87dc000000-6a87dc021000 rw-p 00000000 00:00 0 
6a87dc021000-6a87e0000000 ---p 00000000 00:00 0 
6a87e0000000-6a87e003a000 rw-p 00000000 00:00 0 
6a87e003a000-6a87e4000000 ---p 00000000 00:00 0 
6a87e4000000-6a87e4021000 rw-p 00000000 00:00 0 
6a87e4021000-6a87e8000000 ---p 00000000 00:00 0 
6a87e8000000-6a87e8032000 rw-p 00000000 00:00 0 
6a87e8032000-6a87ec000000 ---p 00000000 00:00 0 
6a87ec000000-6a87ec064000 rw-p 00000000 00:00 0 
6a87ec064000-6a87f0000000 ---p 00000000 00:00 0 
6a87f0000000-6a87f0042000 rw-p 00000000 00:00 0 
6a87f0042000-6a87f4000000 ---p 00000000 00:00 0 
6a87f4000000-6a87f402b000 rw-p 00000000 00:00 0 
6a87f402b000-6a87f8000000 ---p 00000000 00:00 0 
6a87f8000000-6a87f8192000 rw-p 00000000 00:00 0 
6a87f8192000-6a87fc000000 ---p 00000000 00:00 0 
6a87fc000000-6a87fc03a000 rw-p 00000000 00:00 0 
6a87fc03a000-6a8800000000 ---p 00000000 00:00 0 
6a8800000000-6a8800062000 rw-p 00000000 00:00 0 
6a8800062000-6a8804000000 ---p 00000000 00:00 0 
6a8804000000-6a880405a000 rw-p 00000000 00:00 0 
6a880405a000-6a8808000000 ---p 00000000 00:00 0 
6a8808000000-6a8808053000 rw-p 00000000 00:00 0 
6a8808053000-6a880c000000 ---p 00000000 00:00 0 
6a880c000000-6a880c032000 rw-p 00000000 00:00 0 
6a880c032000-6a8810000000 ---p 00000000 00:00 0 
6a8810000000-6a881002b000 rw-p 00000000 00:00 0 
6a881002b000-6a8814000000 ---p 00000000 00:00 0 
6a8814000000-6a88140f5000 rw-p 00000000 00:00 0 
6a88140f5000-6a8818000000 ---p 00000000 00:00 0 
6a8818000000-6a8818033000 rw-p 00000000 00:00 0 
6a8818033000-6a881c000000 ---p 00000000 00:00 0 
6a881c000000-6a881c032000 rw-p 00000000 00:00 0 
6a881c032000-6a8820000000 ---p 00000000 00:00 0 
6a8820000000-6a882004a000 rw-p 00000000 00:00 0 
6a882004a000-6a8824000000 ---p 00000000 00:00 0 
6a8824000000-6a882403b000 rw-p 00000000 00:00 0 
6a882403b000-6a8828000000 ---p 00000000 00:00 0 
6a8828000000-6a8828033000 rw-p 00000000 00:00 0 
6a8828033000-6a882c000000 ---p 00000000 00:00 0 
6a882c000000-6a882c053000 rw-p 00000000 00:00 0 
6a882c053000-6a8830000000 ---p 00000000 00:00 0 
6a8830000000-6a8830021000 rw-p 00000000 00:00 0 
6a8830021000-6a8834000000 ---p 00000000 00:00 0 
6a8834000000-6a883419a000 rw-p 00000000 00:00 0 
6a883419a000-6a8838000000 ---p 00000000 00:00 0 
6a8838000000-6a883803d000 rw-p 00000000 00:00 0 
6a883803d000-6a883c000000 ---p 00000000 00:00 0 
6a883c000000-6a883c033000 rw-p 00000000 00:00 0 
6a883c033000-6a8840000000 ---p 00000000 00:00 0 
6a8840000000-6a8840021000 rw-p 00000000 00:00 0 
6a8840021000-6a8844000000 ---p 00000000 00:00 0 
6a8844000000-6a8844021000 rw-p 00000000 00:00 0 
6a8844021000-6a8848000000 ---p 00000000 00:00 0 
6a8848000000-6a8848021000 rw-p 00000000 00:00 0 
6a8848021000-6a884c000000 ---p 00000000 00:00 0 
6a884c000000-6a884c021000 rw-p 00000000 00:00 0 
6a884c021000-6a8850000000 ---p 00000000 00:00 0 
6a8850000000-6a8850370000 rw-p 00000000 00:00 0 
6a8850370000-6a8850400000 ---p 00000000 00:00 0 
6a8850400000-6a88509e0000 rw-p 00000000 00:00 0 
6a88509e0000-6a8854000000 ---p 00000000 00:00 0 
6a8854000000-6a8854021000 rw-p 00000000 00:00 0 
6a8854021000-6a8858004000 ---p 00000000 00:00 0 
6a8858004000-6a8858100000 rw-p 00000000 00:00 0 
6a8858100000-6a8858104000 ---p 00000000 00:00 0 
6a8858104000-6a8858200000 rw-p 00000000 00:00 0 
6a8858200000-6a8858204000 ---p 00000000 00:00 0 
6a8858204000-6a8858300000 rw-p 00000000 00:00 0 
6a8858300000-6a8858304000 ---p 00000000 00:00 0 
6a8858304000-6a8858400000 rw-p 00000000 00:00 0 
6a8858400000-6a8858404000 ---p 00000000 00:00 0 
6a8858404000-6a8858500000 rw-p 00000000 00:00 0 
6a8858500000-6a8858504000 ---p 00000000 00:00 0 
6a8858504000-6a8858600000 rw-p 00000000 00:00 0 
6a8858600000-6a8858604000 ---p 00000000 00:00 0 
6a8858604000-6a8858700000 rw-p 00000000 00:00 0 
6a8858700000-6a8858704000 ---p 00000000 00:00 0 
6a8858704000-6a8858800000 rw-p 00000000 00:00 0 
6a8858800000-6a8858c65000 r--s 00000000 fc:00 7871857                    /mydata/dacapo/dacapo-23.11/dacapo-23.11-MR2-chopin/dat/lusearch/index-default/_3_Lucene90_0.tim
6a8858d00000-6a8858d04000 ---p 00000000 00:00 0 
6a8858d04000-6a8858e00000 rw-p 00000000 00:00 0 
6a8858e00000-6a8859201000 r--s 00000000 fc:00 7871856                    /mydata/dacapo/dacapo-23.11/dacapo-23.11-MR2-chopin/dat/lusearch/index-default/_3_Lucene90_0.doc
6a88592f0000-6a88592f4000 ---p 00000000 00:00 0 
6a88592f4000-6a88593f0000 rw-p 00000000 00:00 0 
6a88593f0000-6a88593f4000 ---p 00000000 00:00 0 
6a88593f4000-6a88594f0000 rw-p 00000000 00:00 0 
6a88594f0000-6a88594f4000 ---p 00000000 00:00 0 
6a88594f4000-6a88595f0000 rw-p 00000000 00:00 0 
6a88595f0000-6a88595f4000 ---p 00000000 00:00 0 
6a88595f4000-6a88596f0000 rw-p 00000000 00:00 0 
6a88596f0000-6a88596f4000 ---p 00000000 00:00 0 
6a88596f4000-6a88597f0000 rw-p 00000000 00:00 0 
6a88597f0000-6a88597f4000 ---p 00000000 00:00 0 
6a88597f4000-6a88598f0000 rw-p 00000000 00:00 0 
6a88598f0000-6a88598f4000 ---p 00000000 00:00 0 
6a88598f4000-6a88599f0000 rw-p 00000000 00:00 0 
6a88599f0000-6a88599f4000 ---p 00000000 00:00 0 
6a88599f4000-6a8859af0000 rw-p 00000000 00:00 0 
6a8859af0000-6a8859af4000 ---p 00000000 00:00 0 
6a8859af4000-6a8859bf0000 rw-p 00000000 00:00 0 
6a8859bf0000-6a8859bf4000 ---p 00000000 00:00 0 
6a8859bf4000-6a8859cf0000 rw-p 00000000 00:00 0 
6a8859cf0000-6a8859cf4000 ---p 00000000 00:00 0 
6a8859cf4000-6a8859df0000 rw-p 00000000 00:00 0 
6a8859df0000-6a8859df4000 ---p 00000000 00:00 0 
6a8859df4000-6a8859ef0000 rw-p 00000000 00:00 0 
6a8859ef0000-6a8859ef4000 ---p 00000000 00:00 0 
6a8859ef4000-6a8859ff0000 rw-p 00000000 00:00 0 
6a8859ff0000-6a8859ff1000 ---p 00000000 00:00 0 
6a8859ff1000-6a885a0f1000 rw-p 00000000 00:00 0 
6a885a0f1000-6a885a0f2000 ---p 00000000 00:00 0 
6a885a0f2000-6a885a1f2000 rw-p 00000000 00:00 0 
6a885a1f2000-6a885a1f3000 ---p 00000000 00:00 0 
6a885a1f3000-6a885a2f3000 rw-p 00000000 00:00 0 
6a885a2f3000-6a885a2f4000 ---p 00000000 00:00 0 
6a885a2f4000-6a885a3f4000 rw-p 00000000 00:00 0 
6a885a3f4000-6a885a3f5000 ---p 00000000 00:00 0 
6a885a3f5000-6a885a4f5000 rw-p 00000000 00:00 0 
6a885a4f5000-6a885a4f6000 ---p 00000000 00:00 0 
6a885a4f6000-6a885a5f6000 rw-p 00000000 00:00 0 
6a885a5f6000-6a885a5f7000 ---p 00000000 00:00 0 
6a885a5f7000-6a885a6f7000 rw-p 00000000 00:00 0 
6a885a6f7000-6a885a6f8000 ---p 00000000 00:00 0 
6a885a6f8000-6a885a7f8000 rw-p 00000000 00:00 0 
6a885a7f8000-6a885a7f9000 ---p 00000000 00:00 0 
6a885a7f9000-6a885a8f9000 rw-p 00000000 00:00 0 
6a885a8f9000-6a885a8fa000 ---p 00000000 00:00 0 
6a885a8fa000-6a885a9fa000 rw-p 00000000 00:00 0 
6a885a9fa000-6a885a9fb000 ---p 00000000 00:00 0 
6a885a9fb000-6a885aafb000 rw-p 00000000 00:00 0 
6a885aafb000-6a885aafc000 ---p 00000000 00:00 0 
6a885aafc000-6a885abfc000 rw-p 00000000 00:00 0 
6a885abfc000-6a885abfd000 ---p 00000000 00:00 0 
6a885abfd000-6a885acfd000 rw-p 00000000 00:00 0 
6a885acfd000-6a885acfe000 ---p 00000000 00:00 0 
6a885acfe000-6a885adfe000 rw-p 00000000 00:00 0 
6a885adfe000-6a885adff000 ---p 00000000 00:00 0 
6a885adff000-6a885aeff000 rw-p 00000000 00:00 0 
6a885aeff000-6a885af00000 ---p 00000000 00:00 0 
6a885af00000-6a885b000000 rw-p 00000000 00:00 0 
6a885b000000-6a885bca3000 rw-p 00001000 fc:00 49677060                   /mydata/openjdk-mmtk/build/b0test/images/jdk/lib/server/classes.jsa
6a885bca3000-6a885c000000 ---p 00000000 00:00 0 
6a885c000000-6a885c040000 rw-p 00000000 00:00 0 
6a885c040000-6a885c0c0000 rw-p 00000000 00:00 0 
6a885c0c0000-6a885c0e0000 rw-p 00000000 00:00 0 
6a885c0e0000-6a885c100000 ---p 00000000 00:00 0 
6a885c100000-6a885c1f0000 rw-p 00000000 00:00 0 
6a885c1f0000-6a889c000000 ---p 00000000 00:00 0 
6a889c000000-6a889c021000 rw-p 00000000 00:00 0 
6a889c021000-6a88a0000000 ---p 00000000 00:00 0 
6a88a00fb000-6a88a00fc000 ---p 00000000 00:00 0 
6a88a00fc000-6a88a01fc000 rw-p 00000000 00:00 0 
6a88a01fc000-6a88a01fd000 ---p 00000000 00:00 0 
6a88a01fd000-6a88a02fd000 rw-p 00000000 00:00 0 
6a88a02fd000-6a88a02fe000 ---p 00000000 00:00 0 
6a88a02fe000-6a88a03fe000 rw-p 00000000 00:00 0 
6a88a03fe000-6a88a03ff000 ---p 00000000 00:00 0 
6a88a03ff000-6a88a04ff000 rw-p 00000000 00:00 0 
6a88a04ff000-6a88a0500000 ---p 00000000 00:00 0 
6a88a0500000-6a88a0600000 rw-p 00000000 00:00 0 
6a88a0600000-6a88a08eb000 r--p 00000000 08:03 1410552                    /usr/lib/locale/locale-archive
6a88a08fe000-6a88a08ff000 ---p 00000000 00:00 0 
6a88a08ff000-6a88a09ff000 rw-p 00000000 00:00 0 
6a88a09ff000-6a88a1000000 rw-p 00000000 00:00 0 
6a88a1000000-6a88a4000000 rw-p 00000000 00:00 0 
6a88a4000000-6a88a400c000 r--p 00000000 fc:00 13107796                   /mydata/gc-bpf-fault/shim/libgcbpf.so
6a88a400c000-6a88a406e000 r-xp 0000c000 fc:00 13107796                   /mydata/gc-bpf-fault/shim/libgcbpf.so
6a88a406e000-6a88a42de000 r--p 0006e000 fc:00 13107796                   /mydata/gc-bpf-fault/shim/libgcbpf.so
6a88a42de000-6a88a42e0000 r--p 002de000 fc:00 13107796                   /mydata/gc-bpf-fault/shim/libgcbpf.so
6a88a42e0000-6a88a42e1000 rw-p 002e0000 fc:00 13107796                   /mydata/gc-bpf-fault/shim/libgcbpf.so
6a88a42e1000-6a88a42e2000 rw-p 00000000 00:00 0 
6a88a42fb000-6a88a42fc000 ---p 00000000 00:00 0 
6a88a42fc000-6a88a43fc000 rw-p 00000000 00:00 0 
6a88a43fc000-6a88d4400000 rw-p 00000000 00:00 0 
6a88d4400000-6a88d5400000 ---p 00000000 00:00 0                          [anon:mmtk:sidemeta:all:all-quarantined]
6a88d5400000-6a88d5c00000 rw-p 00000000 00:00 0                          [anon:mmtk:sidemeta:immix:VO_BIT]
6a88d5c00000-6c88d6400000 ---p 00000000 00:00 0                          [anon:mmtk:sidemeta:all:all-quarantined]
6c88d6400000-6c88d6800000 rw-p 00000000 00:00 0                          [anon:mmtk:sidemeta:immix:CHUNK_MARK]
6c88d6800000-6c88d9400000 ---p 00000000 00:00 0                          [anon:mmtk:sidemeta:all:all-quarantined]
6c88d9400000-6c88d9c00000 rw-p 00000000 00:00 0                          [anon:mmtk:sidemeta:immix:VMGlobalLogBitSpec]
6c88d9c00000-6e90d8800000 ---p 00000000 00:00 0                          [anon:mmtk:sidemeta:all:all-quarantined]
6e90d8800000-6e90d8c00000 rw-p 00000000 00:00 0                          [anon:mmtk:sidemeta:immix:IX_LINE_MARK]
6e90d8c00000-6f10d8400000 ---p 00000000 00:00 0                          [anon:mmtk:sidemeta:all:all-quarantined]
6f10d8400000-6f10d8800000 rw-p 00000000 00:00 0                          [anon:mmtk:sidemeta:immix:IX_BLOCK_DEFRAG]
6f10d8800000-6f11d8400000 ---p 00000000 00:00 0                          [anon:mmtk:sidemeta:all:all-quarantined]
6f11d8400000-6f11d8800000 rw-p 00000000 00:00 0                          [anon:mmtk:sidemeta:immix:IX_BLOCK_MARK]
6f11d8800000-753358400000 ---p 00000000 00:00 0                          [anon:mmtk:sidemeta:all:all-quarantined]
753358400000-753358800000 rw-p 00000000 00:00 0                          [anon:mmtk:sidemeta:los:VMLocalLOSMarkNurserySpec]
753358800000-753559400000 ---p 00000000 00:00 0                          [anon:mmtk:sidemeta:all:all-quarantined]
753559400000-753559c00000 rw-p 00000000 00:00 0                          [anon:mmtk:sidemeta:immix:VMLocalMarkBitSpec]
753559c00000-773558400000 ---p 00000000 00:00 0                          [anon:mmtk:sidemeta:all:all-quarantined]
77355842e000-773558433000 r--p 00000000 fc:00 49676433                   /mydata/openjdk-mmtk/build/b0test/images/jdk/lib/libjsvml.so
773558433000-773558474000 r-xp 00005000 fc:00 49676433                   /mydata/openjdk-mmtk/build/b0test/images/jdk/lib/libjsvml.so
773558474000-7735584fd000 r--p 00046000 fc:00 49676433                   /mydata/openjdk-mmtk/build/b0test/images/jdk/lib/libjsvml.so
7735584fd000-7735584fe000 r--p 000ce000 fc:00 49676433                   /mydata/openjdk-mmtk/build/b0test/images/jdk/lib/libjsvml.so
7735584fe000-7735584ff000 rw-p 000cf000 fc:00 49676433                   /mydata/openjdk-mmtk/build/b0test/images/jdk/lib/libjsvml.so
7735584ff000-773558503000 ---p 00000000 00:00 0 
773558503000-7735585ff000 rw-p 00000000 00:00 0 
7735585ff000-773558603000 ---p 00000000 00:00 0 
773558603000-7735586ff000 rw-p 00000000 00:00 0 
7735586ff000-773558703000 ---p 00000000 00:00 0 
773558703000-7735587ff000 rw-p 00000000 00:00 0 
7735587ff000-773578800000 rw-p 00000000 00:00 0 
773578800000-773578d30000 rwxp 00000000 00:00 0 
773578d30000-77357fc17000 ---p 00000000 00:00 0 
77357fc17000-77357ff97000 rwxp 00000000 00:00 0 
77357ff97000-7735803e8000 ---p 00000000 00:00 0 
7735803e8000-773580658000 rwxp 00000000 00:00 0 
773580658000-773587800000 ---p 00000000 00:00 0 
773587800000-77358ffa0000 r--s 00000000 fc:00 49676300                   /mydata/openjdk-mmtk/build/b0test/images/jdk/lib/modules
773590000000-773590810000 rw-p 00000000 00:00 0 
773590810000-773594000000 ---p 00000000 00:00 0 
77359404a000-773594071000 r--s 00000000 fc:00 7871850                    /mydata/dacapo/dacapo-23.11/dacapo-23.11-MR2-chopin/dat/lusearch/index-default/_3.fdt
773594071000-773594072000 ---p 00000000 00:00 0 
773594072000-773594172000 rw-p 00000000 00:00 0 
773594172000-773594173000 ---p 00000000 00:00 0 
773594173000-773594273000 rw-p 00000000 00:00 0 
773594273000-773594274000 ---p 00000000 00:00 0 
773594274000-773594374000 rw-p 00000000 00:00 0 
773594374000-773594378000 r--p 00000000 08:03 1410107                    /usr/lib/x86_64-linux-gnu/libzstd.so.1.5.5
773594378000-77359441f000 r-xp 00004000 08:03 1410107                    /usr/lib/x86_64-linux-gnu/libzstd.so.1.5.5
77359441f000-77359442c000 r--p 000ab000 08:03 1410107                    /usr/lib/x86_64-linux-gnu/libzstd.so.1.5.5
77359442c000-77359442d000 r--p 000b7000 08:03 1410107                    /usr/lib/x86_64-linux-gnu/libzstd.so.1.5.5
77359442d000-77359442e000 rw-p 000b8000 08:03 1410107                    /usr/lib/x86_64-linux-gnu/libzstd.so.1.5.5
77359442e000-773594433000 rw-p 00000000 00:00 0 
773594433000-773594517000 ---p 00000000 00:00 0 
773594517000-773594522000 rw-p 00000000 00:00 0 
773594522000-773594600000 ---p 00000000 00:00 0 
773594600000-773594748000 r--p 00000000 fc:00 49676390                   /mydata/openjdk-mmtk/build/b0test/images/jdk/lib/server/libmmtk_openjdk.so
773594748000-7735949c8000 r-xp 00147000 fc:00 49676390                   /mydata/openjdk-mmtk/build/b0test/images/jdk/lib/server/libmmtk_openjdk.so
7735949c8000-773594a09000 r--p 003c6000 fc:00 49676390                   /mydata/openjdk-mmtk/build/b0test/images/jdk/lib/server/libmmtk_openjdk.so
773594a09000-773594a0b000 rw-p 00406000 fc:00 49676390                   /mydata/openjdk-mmtk/build/b0test/images/jdk/lib/server/libmmtk_openjdk.so
773594a0b000-773594a0e000 rw-p 00000000 00:00 0 
773594a10000-773594a17000 r--s 00000000 08:03 1436340                    /usr/lib/x86_64-linux-gnu/gconv/gconv-modules.cache
773594a17000-773594a1b000 ---p 00000000 00:00 0 
773594a1b000-773594b17000 rw-p 00000000 00:00 0 
773594b17000-773594b27000 r--p 00000000 08:03 1411099                    /usr/lib/x86_64-linux-gnu/libm.so.6
773594b27000-773594ba6000 r-xp 00010000 08:03 1411099                    /usr/lib/x86_64-linux-gnu/libm.so.6
773594ba6000-773594bfe000 r--p 0008f000 08:03 1411099                    /usr/lib/x86_64-linux-gnu/libm.so.6
773594bfe000-773594bff000 r--p 000e7000 08:03 1411099                    /usr/lib/x86_64-linux-gnu/libm.so.6
773594bff000-773594c00000 rw-p 000e8000 08:03 1411099                    /usr/lib/x86_64-linux-gnu/libm.so.6
773594c00000-773594ea9000 r--p 00000000 fc:00 49676389                   /mydata/openjdk-mmtk/build/b0test/images/jdk/lib/server/libjvm.so
773594ea9000-773595d3c000 r-xp 002a9000 fc:00 49676389                   /mydata/openjdk-mmtk/build/b0test/images/jdk/lib/server/libjvm.so
773595d3c000-773596020000 r--p 0113c000 fc:00 49676389                   /mydata/openjdk-mmtk/build/b0test/images/jdk/lib/server/libjvm.so
773596020000-7735960f6000 r--p 0141f000 fc:00 49676389                   /mydata/openjdk-mmtk/build/b0test/images/jdk/lib/server/libjvm.so
7735960f6000-773596126000 rw-p 014f5000 fc:00 49676389                   /mydata/openjdk-mmtk/build/b0test/images/jdk/lib/server/libjvm.so
773596126000-77359618c000 rw-p 00000000 00:00 0 
77359618f000-7735961b2000 r--s 00000000 fc:00 7871858                    /mydata/dacapo/dacapo-23.11/dacapo-23.11-MR2-chopin/dat/lusearch/index-default/_3_Lucene90_0.tip
7735961b2000-7735961b4000 r--p 00000000 fc:00 49676482                   /mydata/openjdk-mmtk/build/b0test/images/jdk/lib/libmanagement_ext.so
7735961b4000-7735961b7000 r-xp 00002000 fc:00 49676482                   /mydata/openjdk-mmtk/build/b0test/images/jdk/lib/libmanagement_ext.so
7735961b7000-7735961b8000 r--p 00005000 fc:00 49676482                   /mydata/openjdk-mmtk/build/b0test/images/jdk/lib/libmanagement_ext.so
7735961b8000-7735961b9000 r--p 00006000 fc:00 49676482                   /mydata/openjdk-mmtk/build/b0test/images/jdk/lib/libmanagement_ext.so
7735961b9000-7735961ba000 rw-p 00007000 fc:00 49676482                   /mydata/openjdk-mmtk/build/b0test/images/jdk/lib/libmanagement_ext.so
7735961ba000-7735961bc000 r--p 00000000 fc:00 49676410                   /mydata/openjdk-mmtk/build/b0test/images/jdk/lib/libmanagement.so
7735961bc000-7735961bd000 r-xp 00002000 fc:00 49676410                   /mydata/openjdk-mmtk/build/b0test/images/jdk/lib/libmanagement.so
7735961bd000-7735961be000 r--p 00003000 fc:00 49676410                   /mydata/openjdk-mmtk/build/b0test/images/jdk/lib/libmanagement.so
7735961be000-7735961bf000 r--p 00003000 fc:00 49676410                   /mydata/openjdk-mmtk/build/b0test/images/jdk/lib/libmanagement.so
7735961bf000-7735961c0000 rw-p 00004000 fc:00 49676410                   /mydata/openjdk-mmtk/build/b0test/images/jdk/lib/libmanagement.so
7735961c0000-7735961c2000 r--p 00000000 fc:00 49676380                   /mydata/openjdk-mmtk/build/b0test/images/jdk/lib/libzip.so
7735961c2000-7735961c7000 r-xp 00002000 fc:00 49676380                   /mydata/openjdk-mmtk/build/b0test/images/jdk/lib/libzip.so
7735961c7000-7735961c9000 r--p 00007000 fc:00 49676380                   /mydata/openjdk-mmtk/build/b0test/images/jdk/lib/libzip.so
7735961c9000-7735961ca000 r--p 00008000 fc:00 49676380                   /mydata/openjdk-mmtk/build/b0test/images/jdk/lib/libzip.so
7735961ca000-7735961cb000 rw-p 00009000 fc:00 49676380                   /mydata/openjdk-mmtk/build/b0test/images/jdk/lib/libzip.so
7735961cb000-7735961d2000 r--p 00000000 fc:00 49676377                   /mydata/openjdk-mmtk/build/b0test/images/jdk/lib/libnio.so
7735961d2000-7735961db000 r-xp 00007000 fc:00 49676377                   /mydata/openjdk-mmtk/build/b0test/images/jdk/lib/libnio.so
7735961db000-7735961df000 r--p 00010000 fc:00 49676377                   /mydata/openjdk-mmtk/build/b0test/images/jdk/lib/libnio.so
7735961df000-7735961e0000 r--p 00014000 fc:00 49676377                   /mydata/openjdk-mmtk/build/b0test/images/jdk/lib/libnio.so
7735961e0000-7735961e1000 rw-p 00015000 fc:00 49676377                   /mydata/openjdk-mmtk/build/b0test/images/jdk/lib/libnio.so
7735961e1000-7735961e4000 r--p 00000000 08:03 1410420                    /usr/lib/x86_64-linux-gnu/libelf-0.190.so
7735961e4000-7735961fa000 r-xp 00003000 08:03 1410420                    /usr/lib/x86_64-linux-gnu/libelf-0.190.so
7735961fa000-7735961fe000 r--p 00019000 08:03 1410420                    /usr/lib/x86_64-linux-gnu/libelf-0.190.so
7735961fe000-7735961ff000 r--p 0001c000 08:03 1410420                    /usr/lib/x86_64-linux-gnu/libelf-0.190.so
7735961ff000-773596200000 rw-p 0001d000 08:03 1410420                    /usr/lib/x86_64-linux-gnu/libelf-0.190.so
773596200000-773596228000 r--p 00000000 08:03 1410238                    /usr/lib/x86_64-linux-gnu/libc.so.6
773596228000-7735963b0000 r-xp 00028000 08:03 1410238                    /usr/lib/x86_64-linux-gnu/libc.so.6
7735963b0000-7735963ff000 r--p 001b0000 08:03 1410238                    /usr/lib/x86_64-linux-gnu/libc.so.6
7735963ff000-773596403000 r--p 001fe000 08:03 1410238                    /usr/lib/x86_64-linux-gnu/libc.so.6
773596403000-773596405000 rw-p 00202000 08:03 1410238                    /usr/lib/x86_64-linux-gnu/libc.so.6
773596405000-773596412000 rw-p 00000000 00:00 0 
773596415000-773596418000 r--p 00000000 fc:00 49676376                   /mydata/openjdk-mmtk/build/b0test/images/jdk/lib/libnet.so
773596418000-773596420000 r-xp 00003000 fc:00 49676376                   /mydata/openjdk-mmtk/build/b0test/images/jdk/lib/libnet.so
773596420000-773596422000 r--p 0000b000 fc:00 49676376                   /mydata/openjdk-mmtk/build/b0test/images/jdk/lib/libnet.so
773596422000-773596423000 r--p 0000c000 fc:00 49676376                   /mydata/openjdk-mmtk/build/b0test/images/jdk/lib/libnet.so
773596423000-773596424000 rw-p 0000d000 fc:00 49676376                   /mydata/openjdk-mmtk/build/b0test/images/jdk/lib/libnet.so
773596424000-77359642b000 rw-p 00000000 00:00 0 
77359642b000-773596434000 ---p 00000000 00:00 0 
773596434000-773596441000 r--p 00000000 fc:00 49676369                   /mydata/openjdk-mmtk/build/b0test/images/jdk/lib/libjava.so
773596441000-773596450000 r-xp 0000d000 fc:00 49676369                   /mydata/openjdk-mmtk/build/b0test/images/jdk/lib/libjava.so
773596450000-773596455000 r--p 0001c000 fc:00 49676369                   /mydata/openjdk-mmtk/build/b0test/images/jdk/lib/libjava.so
773596455000-773596456000 r--p 00021000 fc:00 49676369                   /mydata/openjdk-mmtk/build/b0test/images/jdk/lib/libjava.so
773596456000-773596457000 rw-p 00022000 fc:00 49676369                   /mydata/openjdk-mmtk/build/b0test/images/jdk/lib/libjava.so
773596457000-773596458000 rw-p 00000000 00:00 0 
773596458000-773596460000 rw-s 00000000 08:03 237600                     /tmp/hsperfdata_root/460549
773596460000-773596464000 r--p 00000000 fc:00 49676370                   /mydata/openjdk-mmtk/build/b0test/images/jdk/lib/libjimage.so
773596464000-77359647b000 r-xp 00004000 fc:00 49676370                   /mydata/openjdk-mmtk/build/b0test/images/jdk/lib/libjimage.so
77359647b000-773596480000 r--p 0001b000 fc:00 49676370                   /mydata/openjdk-mmtk/build/b0test/images/jdk/lib/libjimage.so
773596480000-773596482000 r--p 00020000 fc:00 49676370                   /mydata/openjdk-mmtk/build/b0test/images/jdk/lib/libjimage.so
773596482000-773596483000 rw-p 00022000 fc:00 49676370                   /mydata/openjdk-mmtk/build/b0test/images/jdk/lib/libjimage.so
773596483000-773596487000 r--p 00000000 08:03 1410148                    /usr/lib/x86_64-linux-gnu/libgcc_s.so.1
773596487000-7735964ab000 r-xp 00004000 08:03 1410148                    /usr/lib/x86_64-linux-gnu/libgcc_s.so.1
7735964ab000-7735964af000 r--p 00028000 08:03 1410148                    /usr/lib/x86_64-linux-gnu/libgcc_s.so.1
7735964af000-7735964b0000 r--p 0002b000 08:03 1410148                    /usr/lib/x86_64-linux-gnu/libgcc_s.so.1
7735964b0000-7735964b1000 rw-p 0002c000 08:03 1410148                    /usr/lib/x86_64-linux-gnu/libgcc_s.so.1
7735964b1000-7735964b3000 rw-p 00000000 00:00 0 
7735964b3000-7735964b5000 r--p 00000000 08:03 1409104                    /usr/lib/x86_64-linux-gnu/libz.so.1.3
7735964b5000-7735964c7000 r-xp 00002000 08:03 1409104                    /usr/lib/x86_64-linux-gnu/libz.so.1.3
7735964c7000-7735964cd000 r--p 00014000 08:03 1409104                    /usr/lib/x86_64-linux-gnu/libz.so.1.3
7735964cd000-7735964ce000 r--p 0001a000 08:03 1409104                    /usr/lib/x86_64-linux-gnu/libz.so.1.3
7735964ce000-7735964cf000 rw-p 0001b000 08:03 1409104                    /usr/lib/x86_64-linux-gnu/libz.so.1.3
7735964d0000-7735964d1000 r--s 00000000 fc:00 7871851                    /mydata/dacapo/dacapo-23.11/dacapo-23.11-MR2-chopin/dat/lusearch/index-default/_3.fdx
7735964d2000-7735964d4000 r--s 00000000 fc:00 7871853                    /mydata/dacapo/dacapo-23.11/dacapo-23.11-MR2-chopin/dat/lusearch/index-default/_3.nvd
7735964d4000-7735964d5000 rw-s 00000000 00:10 68                         anon_inode:bpf-map
7735964d5000-7735964d6000 r--s 00000000 00:10 68                         anon_inode:bpf-map
7735964d6000-7735964d7000 ---p 00000000 00:00 0 
7735964d7000-7735964d8000 r--p 00000000 00:00 0 
7735964d8000-7735964d9000 ---p 00000000 00:00 0 
7735964d9000-7735964db000 r--p 00000000 fc:00 49676372                   /mydata/openjdk-mmtk/build/b0test/images/jdk/lib/libjli.so
7735964db000-7735964e5000 r-xp 00002000 fc:00 49676372                   /mydata/openjdk-mmtk/build/b0test/images/jdk/lib/libjli.so
7735964e5000-7735964e8000 r--p 0000c000 fc:00 49676372                   /mydata/openjdk-mmtk/build/b0test/images/jdk/lib/libjli.so
7735964e8000-7735964e9000 r--p 0000f000 fc:00 49676372                   /mydata/openjdk-mmtk/build/b0test/images/jdk/lib/libjli.so
7735964e9000-7735964ea000 rw-p 00010000 fc:00 49676372                   /mydata/openjdk-mmtk/build/b0test/images/jdk/lib/libjli.so
7735964ea000-7735964ec000 rw-p 00000000 00:00 0 
7735964ec000-7735964f0000 r--p 00000000 00:00 0                          [vvar]
7735964f0000-7735964f2000 r--p 00000000 00:00 0                          [vvar_vclock]
7735964f2000-7735964f4000 r-xp 00000000 00:00 0                          [vdso]
7735964f4000-7735964f5000 r--p 00000000 08:03 1409763                    /usr/lib/x86_64-linux-gnu/ld-linux-x86-64.so.2
7735964f5000-773596520000 r-xp 00001000 08:03 1409763                    /usr/lib/x86_64-linux-gnu/ld-linux-x86-64.so.2
773596520000-77359652a000 r--p 0002c000 08:03 1409763                    /usr/lib/x86_64-linux-gnu/ld-linux-x86-64.so.2
77359652a000-77359652c000 r--p 00036000 08:03 1409763                    /usr/lib/x86_64-linux-gnu/ld-linux-x86-64.so.2
77359652c000-77359652e000 rw-p 00038000 08:03 1409763                    /usr/lib/x86_64-linux-gnu/ld-linux-x86-64.so.2
7ffc0f06a000-7ffc0f08b000 rw-p 00000000 00:00 0                          [stack]
ffffffffff600000-ffffffffff601000 --xp 00000000 00:00 0                  [vsyscall]
Total number of mappings: 508

JVMTI agents: none


VM Arguments:
jvm_args: -XX:+UseThirdPartyHeap -Xms512m -Xmx512m 
java_command: /mydata/dacapo/dacapo-23.11/dacapo-23.11-MR2-chopin.jar lusearch -n 3
java_class_path (initial): /mydata/dacapo/dacapo-23.11/dacapo-23.11-MR2-chopin.jar
Launcher Type: SUN_STANDARD

[Global flags]
     intx CICompilerCount                          = 15                                        {product} {ergonomic}
   size_t InitialHeapSize                          = 536870912                                 {product} {command line}
   size_t MaxHeapSize                              = 536870912                                 {product} {command line}
   size_t MinHeapDeltaBytes                        = 524288                                    {product} {ergonomic}
   size_t MinHeapSize                              = 536870912                                 {product} {command line}
    uintx NonNMethodCodeHeapSize                   = 8192380                                {pd product} {ergonomic}
    uintx NonProfiledCodeHeapSize                  = 121732930                              {pd product} {ergonomic}
    uintx ProfiledCodeHeapSize                     = 121732930                              {pd product} {ergonomic}
    uintx ReservedCodeCacheSize                    = 251658240                              {pd product} {ergonomic}
     bool SegmentedCodeCache                       = true                                      {product} {ergonomic}
   size_t SoftMaxHeapSize                          = 536870912                              {manageable} {ergonomic}
     bool UseCompressedOops                        = true                           {product lp64_product} {ergonomic}

Logging:
Log output configuration:
 #0: stdout all=warning uptime,level,tags foldmultilines=false
 #1: stderr all=off uptime,level,tags foldmultilines=false

Release file:
IMPLEMENTOR="N/A"
JAVA_RUNTIME_VERSION="21.0.9-internal-adhoc.talzuss.openjdk-mmtk"
JAVA_VERSION="21.0.9"
JAVA_VERSION_DATE="2025-10-21"
LIBC="gnu"
MODULES="java.base java.compiler java.datatransfer java.xml java.prefs java.desktop java.instrument java.logging java.management java.security.sasl java.naming java.rmi java.management.rmi java.net.http java.scripting java.security.jgss java.transaction.xa java.sql java.sql.rowset java.xml.crypto java.se java.smartcardio jdk.accessibility jdk.internal.jvmstat jdk.attach jdk.charsets jdk.internal.opt jdk.zipfs jdk.compiler jdk.crypto.ec jdk.crypto.cryptoki jdk.dynalink jdk.internal.ed jdk.editpad jdk.hotspot.agent jdk.httpserver jdk.incubator.vector jdk.internal.le jdk.internal.vm.ci jdk.internal.vm.compiler jdk.internal.vm.compiler.management jdk.jartool jdk.javadoc jdk.jcmd jdk.management jdk.management.agent jdk.jconsole jdk.jdeps jdk.jdwp.agent jdk.jdi jdk.jfr jdk.jlink jdk.jpackage jdk.jshell jdk.jsobject jdk.jstatd jdk.localedata jdk.management.jfr jdk.naming.dns jdk.naming.rmi jdk.net jdk.nio.mapmode jdk.random jdk.sctp jdk.security.auth jdk.security.jgss jdk.unsupported jdk.unsupported.desktop jdk.xml.dom"
OS_ARCH="x86_64"
OS_NAME="Linux"
SOURCE=".:git:b557520f04b3+"

Environment Variables:
PATH=/usr/local/sbin:/usr/local/bin:/usr/sbin:/usr/bin:/sbin:/bin:/snap/bin
SHELL=/bin/bash
LANG=en_US.UTF-8
TERM=tmux-256color

Active Locale:
LC_ALL=en_US.UTF-8
LC_COLLATE=en_US.UTF-8
LC_CTYPE=en_US.UTF-8
LC_MESSAGES=en_US.UTF-8
LC_MONETARY=en_US.UTF-8
LC_NUMERIC=en_US.UTF-8
LC_TIME=en_US.UTF-8

Signal Handlers:
   SIGSEGV: crash_handler in libjvm.so, mask=11100100010111111101111111111110, flags=SA_RESTART|SA_SIGINFO, unblocked
    SIGBUS: crash_handler in libjvm.so, mask=11100100010111111101111111111110, flags=SA_RESTART|SA_SIGINFO, unblocked
    SIGFPE: crash_handler in libjvm.so, mask=11100100010111111101111111111110, flags=SA_RESTART|SA_SIGINFO, unblocked
   SIGPIPE: javaSignalHandler in libjvm.so, mask=11100100010111111101111111111110, flags=SA_RESTART|SA_SIGINFO, blocked
   SIGXFSZ: javaSignalHandler in libjvm.so, mask=11100100010111111101111111111110, flags=SA_RESTART|SA_SIGINFO, blocked
    SIGILL: crash_handler in libjvm.so, mask=11100100010111111101111111111110, flags=SA_RESTART|SA_SIGINFO, unblocked
   SIGUSR2: SR_handler in libjvm.so, mask=00000000000000000000000000000000, flags=SA_RESTART|SA_SIGINFO, blocked
    SIGHUP: UserHandler in libjvm.so, mask=11100100010111111101111111111110, flags=SA_RESTART|SA_SIGINFO, blocked
    SIGINT: UserHandler in libjvm.so, mask=11100100010111111101111111111110, flags=SA_RESTART|SA_SIGINFO, blocked
   SIGTERM: UserHandler in libjvm.so, mask=11100100010111111101111111111110, flags=SA_RESTART|SA_SIGINFO, blocked
   SIGQUIT: UserHandler in libjvm.so, mask=11100100010111111101111111111110, flags=SA_RESTART|SA_SIGINFO, blocked
   SIGTRAP: crash_handler in libjvm.so, mask=11100100010111111101111111111110, flags=SA_RESTART|SA_SIGINFO, unblocked


Periodic native trim disabled

---------------  S Y S T E M  ---------------

OS:
DISTRIB_ID=Ubuntu
DISTRIB_RELEASE=24.04
DISTRIB_CODENAME=noble
DISTRIB_DESCRIPTION="Ubuntu 24.04.4 LTS"
uname: Linux 6.17.0-bpf-fault+ #1 SMP PREEMPT_DYNAMIC Mon Jul  6 16:43:12 MDT 2026 x86_64
OS uptime: 1 days 3:20 hours
libc: glibc 2.39 NPTL 2.39 
rlimit (soft/hard): STACK 8192k/infinity , CORE 0k/0k , NPROC 513205/513205 , NOFILE 1048576/1048576 , AS infinity/infinity , CPU infinity/infinity , DATA infinity/infinity , FSIZE infinity/infinity , MEMLOCK 16436528k/16436528k
load average: 1.33 1.64 1.43

/proc/meminfo:
MemTotal:       131492232 kB
MemFree:        64576880 kB
MemAvailable:   111843232 kB
Buffers:          570776 kB
Cached:         45952960 kB
SwapCached:            0 kB
Active:          4390680 kB
Inactive:       45700836 kB
Active(anon):    3584212 kB
Inactive(anon):        0 kB
Active(file):     806468 kB
Inactive(file): 45700836 kB
Unevictable:       41912 kB
Mlocked:           38840 kB
SwapTotal:       8388604 kB
SwapFree:        8388604 kB
Zswap:                 0 kB
Zswapped:              0 kB
Dirty:              2504 kB
Writeback:             0 kB
AnonPages:       3612244 kB
Mapped:         12912536 kB
Shmem:              5316 kB
KReclaimable:    2010732 kB
Slab:            2553264 kB
SReclaimable:    2010732 kB
SUnreclaim:       542532 kB
KernelStack:       12928 kB
PageTables:        72628 kB
SecPageTables:      9532 kB
NFS_Unstable:          0 kB
Bounce:                0 kB
WritebackTmp:          0 kB
CommitLimit:    74134720 kB
Committed_AS:   165057348 kB
VmallocTotal:   34359738367 kB
VmallocUsed:       38908 kB
VmallocChunk:          0 kB
Percpu:            51072 kB
HardwareCorrupted:     0 kB
AnonHugePages:         0 kB
ShmemHugePages:        0 kB
ShmemPmdMapped:        0 kB
FileHugePages:   2177024 kB
FilePmdMapped:         0 kB
Unaccepted:            0 kB
Balloon:               0 kB
HugePages_Total:       0
HugePages_Free:        0
HugePages_Rsvd:        0
HugePages_Surp:        0
Hugepagesize:       2048 kB
Hugetlb:               0 kB
DirectMap4k:     1168192 kB
DirectMap2M:    30924800 kB
DirectMap1G:    101711872 kB

/sys/kernel/mm/transparent_hugepage/enabled: always [madvise] never
/sys/kernel/mm/transparent_hugepage/hpage_pmd_size: 2097152
/sys/kernel/mm/transparent_hugepage/defrag (defrag/compaction efforts parameter): always defer defer+madvise [madvise] never

Process Memory:
Virtual Size: 13620322020K (peak: 13620322020K)
Resident Set Size: 4185096K (peak: 4185096K) (anon: 1003668K, file: 3181428K, shmem: 0K)
Swapped out: 0K
C-Heap outstanding allocations: 1385107K, retained: 15120K
glibc malloc tunables: (default)

/proc/sys/kernel/threads-max (system-wide limit on the number of threads): 1026411
/proc/sys/vm/max_map_count (maximum number of memory map areas a process may have): 1048576
/proc/sys/vm/swappiness (control to define how aggressively the kernel swaps out anonymous memory): 60
/proc/sys/kernel/pid_max (system-wide limit on number of process identifiers): 4194304

container information not found.
Steal ticks since vm start: 0
Steal ticks percentage since vm start:  0.000

CPU: total 32 (initial active 32) (32 cores per cpu, 2 threads per core) family 23 model 49 stepping 0 microcode 0x830107c, cx8, cmov, fxsr, ht, mmx, 3dnowpref, sse, sse2, sse3, ssse3, sse4a, sse4.1, sse4.2, popcnt, lzcnt, tsc, tscinvbit, avx, avx2, aes, clmul, bmi1, bmi2, adx, sha, fma, vzeroupper, clflush, clflushopt, rdtscp, rdpid, f16c
CPU Model and flags from /proc/cpuinfo:
model name	: AMD EPYC 7302P 16-Core Processor
flags		: fpu vme de pse tsc msr pae mce cx8 apic sep mtrr pge mca cmov pat pse36 clflush mmx fxsr sse sse2 ht syscall nx mmxext fxsr_opt pdpe1gb rdtscp lm constant_tsc rep_good nopl xtopology nonstop_tsc cpuid extd_apicid aperfmperf rapl pni pclmulqdq monitor ssse3 fma cx16 sse4_1 sse4_2 movbe popcnt aes xsave avx f16c rdrand lahf_lm cmp_legacy svm extapic cr8_legacy abm sse4a misalignsse 3dnowprefetch osvw ibs skinit wdt tce topoext perfctr_core perfctr_nb bpext perfctr_llc mwaitx cpb cat_l3 cdp_l3 hw_pstate ssbd mba ibrs ibpb stibp vmmcall fsgsbase bmi1 avx2 smep bmi2 cqm rdt_a rdseed adx smap clflushopt clwb sha_ni xsaveopt xsavec xgetbv1 xsaves cqm_llc cqm_occup_llc cqm_mbm_total cqm_mbm_local clzero irperf xsaveerptr rdpru wbnoinvd amd_ppin arat npt lbrv svm_lock nrip_save tsc_scale vmcb_clean flushbyasid decodeassists pausefilter pfthreshold avic v_vmsave_vmload vgif v_spec_ctrl umip rdpid overflow_recov succor smca sev sev_es

Online cpus: 0-31
Offline cpus: 
BIOS frequency limitation: <Not Available>
Frequency switch latency (ns): <Not Available>
Available cpu frequencies: <Not Available>
Current governor: <Not Available>
Core performance/turbo boost: <Not Available>

Memory: 4k page, physical 131492232k(111843232k free), swap 8388604k(8388604k free)
Page Sizes: 4k

vm_info: OpenJDK 64-Bit Server VM (21.0.9-internal-adhoc.talzuss.openjdk-mmtk) for linux-amd64 JRE (21.0.9-internal-adhoc.talzuss.openjdk-mmtk), built on 2026-07-06T23:13:08Z by "talzuss" with gcc 13.3.0
heap_info: MMTk OpenJDK 0.32.0 (f59b93a-dirty), using MMTk 0.32.0 (3ecdf08-dirty, BUILTIN_ENV_LOGGER, DEFAULT, EAGER_SWEEPING, VO_BIT)@

END.
