#
# A fatal error has been detected by the Java Runtime Environment:
#
#  SIGSEGV (0xb) at pc=0x00007bc71c8c3820, pid=450121, tid=450138
#
# JRE version: OpenJDK Runtime Environment (21.0.9) (build 21.0.9-internal-adhoc.talzuss.openjdk-mmtk)
# Java VM: OpenJDK 64-Bit Server VM (21.0.9-internal-adhoc.talzuss.openjdk-mmtk, mixed mode, sharing, tiered, compressed oops, compressed class ptrs, third-party gc, linux-amd64)
# Problematic frame:
# V  [libjvm.so+0xcc3820]  mmtk_get_object_size(void*)+0x30
#
# No core dump will be written. Core dumps have been disabled. To enable core dumping, try "ulimit -c unlimited" before starting Java again
#
# If you would like to submit a bug report, please visit:
#   https://bugreport.java.com/bugreport/crash.jsp
#

---------------  S U M M A R Y ------------

Command Line: -XX:+UseThirdPartyHeap -Xms512m -Xmx512m /mydata/dacapo/dacapo-23.11/dacapo-23.11-MR2-chopin.jar lusearch -n 3

Host: AMD EPYC 7302P 16-Core Processor, 32 cores, 125G, Ubuntu 24.04.4 LTS
Time: Tue Jul  7 20:05:52 2026 MDT elapsed time: 4.739873 seconds (0d 0h 0m 4s)

---------------  T H R E A D  ---------------

Current thread (0x00007bc714533160):  NamedThread "MMTk Collector Thread" [id=450138, stack(0x00007bc7199fa000,0x00007bc719afa000) (1024K)]

Stack: [0x00007bc7199fa000,0x00007bc719afa000],  sp=0x00007bc719af8938,  free space=1018k
Native frames: (J=compiled Java code, j=interpreted, Vv=VM code, C=native code)
V  [libjvm.so+0xcc3820]  mmtk_get_object_size(void*)+0x30  (mmtkUpcalls.cpp:217)

siginfo: si_signo: 11 (SIGSEGV), si_code: 1 (SEGV_MAPERR), si_addr: 0x0000000000000100

Registers:
RAX=0x0000000000000000, RBX=0x0000000050000f00, RCX=0x0000000000000000, RDX=0x00007bc71beeebe0
RSP=0x00007bc719af8938, RBP=0x0000000000000004, RSI=0x0000000050000f00, RDI=0x00006f1a2f000ed0
R8 =0x00006f19a40008e0, R9 =0x0000000000000007, R10=0x00006f1994012a70, R11=0xd38c3862aa63f8eb
R12=0x0000000000000008, R13=0x00007bc7143ddf70, R14=0x00007bc7143ddf70, R15=0x0000000000000008
RIP=0x00007bc71c8c3820, EFLAGS=0x0000000000010202, CSGSFS=0x002b000000000033, ERR=0x0000000000000004
  TRAPNO=0x000000000000000e

XMM[0]=0x0000000000000482 0x000000000000027e
XMM[1]=0xffffffffffffffff 0x0000000000000001
XMM[2]=0x00ffffffff00ffff 0xff00ffffff0000ff
XMM[3]=0x0000000000000000 0x0000000000000000
XMM[4]=0x0000000000000000 0x00006f1994000090
XMM[5]=0x000000004009f330 0x000000004009f330
XMM[6]=0x000000004009f330 0x000000004009f330
XMM[7]=0x000000004009f330 0x000000004009f330
XMM[8]=0x0000000040d492a0 0x00000000413a1120
XMM[9]=0x0000000000000000 0x0000000000000000
XMM[10]=0x3f3f3f3f3f3f3f3f 0x3f3f3f3f3f3f3f3f
XMM[11]=0x9999999999999999 0x9999999999999999
XMM[12]=0x2020202020202020 0x2020202020202020
XMM[13]=0x0000000000000000 0x0000000000000000
XMM[14]=0x0000000000000000 0x0000000000000000
XMM[15]=0x0000000000000000 0x0000000000000000
  MXCSR=0x00001fa2


Register to memory mapping:

RAX=0x0 is null
RBX=
[error occurred during error reporting (printing register info), id 0xe0000000, Internal Error (/mydata/mmtk-openjdk/openjdk/share/mmtkHeap.cpp:444)]
RCX=0x0 is null
RDX=
[error occurred during error reporting (printing register info, attempt 2), id 0xe0000000, Internal Error (/mydata/mmtk-openjdk/openjdk/share/mmtkHeap.cpp:444)]
RSP=
[error occurred during error reporting (printing register info, attempt 3), id 0xe0000000, Internal Error (/mydata/mmtk-openjdk/openjdk/share/mmtkHeap.cpp:444)]
Top of Stack: (sp=0x00007bc719af8938)
0x00007bc719af8938:   00007bc71b8e92a5 0000000000000000
0x00007bc719af8948:   00007bc71b9daf50 000000004029a600
0x00007bc719af8958:   0000000000000008 0000000000000000
0x00007bc719af8968:   00007bc71b89ab9e 00007bc71452a630
0x00007bc719af8978:   0000000050000f00 0000000000000000
0x00007bc719af8988:   0000000000000008 0000000000000000
0x00007bc719af8998:   0000000000000000 00007bc71b9daf50
0x00007bc719af89a8:   00007bc719af89f0 00007bc719af89d8
0x00007bc719af89b8:   00007bc7143de2b0 0000000000000000
0x00007bc719af89c8:   0000000000000009 0000000000000001
0x00007bc719af89d8:   00007bc71ba08904 00006f1994007e40
0x00007bc719af89e8:   0000000000000079 000000004029a600
0x00007bc719af89f8:   0000000000000000 0000000000000006
0x00007bc719af8a08:   00007bc7143de2b0 0000000000000000
0x00007bc719af8a18:   00007bc71b8af72e 00007bc7143ddf70
0x00007bc719af8a28:   00007bc719af89d8 8000000000000000
0x00007bc719af8a38:   00006f19df37bb18 0000000000004000
0x00007bc719af8a48:   00006f1994120300 00000000000002cc
0x00007bc719af8a58:   00007bc719af89f0 8000000000000000
0x00007bc719af8a68:   00007bc719af89a0 0000000000000400
0x00007bc719af8a78:   00006f1994009cc0 00000000000003ae
0x00007bc719af8a88:   0000000000040000 00006f19dceff010
0x00007bc719af8a98:   00000000000375bd 0000000000020000
0x00007bc719af8aa8:   00006f19940202f0 00000000000146e7
0x00007bc719af8ab8:   00007bc71ba08920 00007bc719af89d8
0x00007bc719af8ac8:   00007bc719af8980 00007bc71406d200
0x00007bc719af8ad8:   00007bc714046210 00007bc71406ce80
0x00007bc719af8ae8:   0000000000000001 00007bc71b9ca508
0x00007bc719af8af8:   0000000000000007 0000000000000000
0x00007bc719af8b08:   00007bc71b8aaa2d 00006f19ffffffff
0x00007bc719af8b18:   00007bc719af8b60 00007bc71452a630
0x00007bc719af8b28:   00007bc714046220 00007bc71406d200 

Instructions: (pc=0x00007bc71c8c3820)
0x00007bc71c8c3720:   48 d3 e8 48 89 c1 89 0a 48 83 c4 08 5b 41 5c 41
0x00007bc71c8c3730:   5d 5d c3 0f 1f 44 00 00 4c 8d 25 9d af 87 00 4c
0x00007bc71c8c3740:   8d 14 f2 49 89 f8 eb 29 0f 1f 84 00 00 00 00 00
0x00007bc71c8c3750:   4c 8d 1d 59 77 83 00 89 ce 41 8b 4b 08 48 d3 e6
0x00007bc71c8c3760:   48 89 f1 49 03 0b 74 20 48 83 c0 08 49 39 c2 74
0x00007bc71c8c3770:   84 48 8b 10 4c 89 c3 4c 39 c2 74 ec 4d 63 0c 24
0x00007bc71c8c3780:   41 8b 0c 11 85 c9 75 c8 4d 01 c1 31 c9 48 85 d2
0x00007bc71c8c3790:   74 16 48 8d 0d 17 77 83 00 48 89 d6 48 2b 31 8b
0x00007bc71c8c37a0:   49 08 48 d3 ee 48 89 f1 41 89 09 48 89 d3 49 89
0x00007bc71c8c37b0:   d0 eb b5 0f 1f 44 00 00 c3 0f 1f 80 00 00 00 00
0x00007bc71c8c37c0:   48 89 02 48 83 c4 08 5b 41 5c 41 5d 5d c3 66 90
0x00007bc71c8c37d0:   4c 8d 2d de 8c 87 00 4c 8d 25 fe ae 87 00 48 89
0x00007bc71c8c37e0:   fb e9 0f ff ff ff 66 2e 0f 1f 84 00 00 00 00 00
0x00007bc71c8c37f0:   f3 0f 1e fa 48 8d 05 0d 8f 83 00 48 89 fe 80 38
0x00007bc71c8c3800:   00 74 3d 48 8d 05 96 76 83 00 8b 7f 08 8b 48 08
0x00007bc71c8c3810:   48 d3 e7 48 03 38 48 8b 07 48 8d 15 c0 b3 62 ff
0x00007bc71c8c3820:   48 8b 80 00 01 00 00 48 39 d0 75 24 8b 47 08 c1
0x00007bc71c8c3830:   f8 03 48 98 48 c1 e0 03 c3 0f 1f 80 00 00 00 00
0x00007bc71c8c3840:   48 8b 7f 08 eb d0 66 2e 0f 1f 84 00 00 00 00 00
0x00007bc71c8c3850:   55 48 89 e5 ff d0 5d 48 c1 e0 03 c3 0f 1f 40 00
0x00007bc71c8c3860:   f3 0f 1e fa 55 48 89 e5 53 48 83 ec 08 66 48 8d
0x00007bc71c8c3870:   3d f3 26 83 00 66 66 48 e8 f3 5d 5e ff 48 8b 18
0x00007bc71c8c3880:   48 8d 05 f1 89 87 00 80 38 00 c7 83 64 07 00 00
0x00007bc71c8c3890:   06 00 00 00 75 05 f0 83 04 24 00 48 8b 83 68 07
0x00007bc71c8c38a0:   00 00 a8 01 75 3a 8b 83 60 07 00 00 a8 0c 75 49
0x00007bc71c8c38b0:   c7 83 64 07 00 00 06 00 00 00 e8 61 5c 5e ff 48
0x00007bc71c8c38c0:   8d bb b8 06 00 00 e8 15 ff ae ff c7 83 64 07 00
0x00007bc71c8c38d0:   00 04 00 00 00 48 8b 5d f8 c9 c3 0f 1f 44 00 00
0x00007bc71c8c38e0:   31 d2 be 01 00 00 00 48 89 df e8 71 cf 11 00 8b
0x00007bc71c8c38f0:   83 60 07 00 00 a8 0c 74 b7 48 89 df e8 4f 06 c8
0x00007bc71c8c3900:   ff eb ad 66 66 2e 0f 1f 84 00 00 00 00 00 66 90
0x00007bc71c8c3910:   f3 0f 1e fa 55 48 89 f1 48 89 f8 31 d2 48 89 e5 


Stack slot to memory mapping:

stack at sp + 0 slots: 
[error occurred during error reporting (inspecting top of stack), id 0xe0000000, Internal Error (/mydata/mmtk-openjdk/openjdk/share/mmtkHeap.cpp:444)]
stack at sp + 1 slots: 0x0 is null
stack at sp + 2 slots: 
[error occurred during error reporting (inspecting top of stack, attempt 2), id 0xe0000000, Internal Error (/mydata/mmtk-openjdk/openjdk/share/mmtkHeap.cpp:444)]
stack at sp + 3 slots: 
[error occurred during error reporting (inspecting top of stack, attempt 3), id 0xe0000000, Internal Error (/mydata/mmtk-openjdk/openjdk/share/mmtkHeap.cpp:444)]

---------------  P R O C E S S  ---------------

Threads class SMR info:
_java_thread_list=0x00006f18b0003cc0, length=56, elements={
0x00007bc71402b240, 0x00007bc714524f20, 0x00007bc7145267b0, 0x00007bc7145282a0,
0x00007bc714546ad0, 0x00007bc714548420, 0x00007bc714549ce0, 0x00007bc71454bb20,
0x00007bc7145554f0, 0x00007bc7145a4420, 0x00007bc7145a7420, 0x00006f19580bb210,
0x00006f19580c43e0, 0x00006f19580c5960, 0x00006f19580c6870, 0x00006f1954168860,
0x00007bc7147b8f40, 0x00007bc7147ba160, 0x00007bc7147bb4e0, 0x00007bc7147bca30,
0x00007bc7147bdf80, 0x00007bc7147bf420, 0x00007bc7147c0980, 0x00007bc7147c1ef0,
0x00007bc7147c3460, 0x00007bc7147c4910, 0x00007bc7147c5dc0, 0x00007bc7147c7350,
0x00007bc7147c88e0, 0x00007bc7147c9d90, 0x00007bc7147cb240, 0x00007bc7147cc6f0,
0x00007bc7147cdba0, 0x00007bc7147cf3e0, 0x00007bc7147d09a0, 0x00007bc7147d1f70,
0x00007bc7147d3540, 0x00007bc7147d49e0, 0x00007bc7147d63b0, 0x00007bc7147d79a0,
0x00007bc7147d8f90, 0x00007bc7147da980, 0x00007bc7147dc370, 0x00007bc7147dd980,
0x00007bc7147def90, 0x00007bc7147e05b0, 0x00007bc7147e1bd0, 0x00007bc7147e3200,
0x00006f19580d3e30, 0x00006f194007a0a0, 0x00006f1958126ac0, 0x00006f1940165000,
0x00006f1938174240, 0x00006f193c219030, 0x00006f19541cbc80, 0x00006f18b0002800
}

Java Threads: ( => current thread )
  0x00007bc71402b240 JavaThread "main"                              [_thread_blocked, id=450122, stack(0x00007bc71ba17000,0x00007bc71bb17000) (1024K)]
  0x00007bc714524f20 JavaThread "Reference Handler"          daemon [_thread_blocked, id=450129, stack(0x00007bc71a300000,0x00007bc71a400000) (1024K)]
  0x00007bc7145267b0 JavaThread "Finalizer"                  daemon [_thread_blocked, id=450130, stack(0x00007bc71a200000,0x00007bc71a300000) (1024K)]
  0x00007bc7145282a0 JavaThread "MMTk Finalizer Thread"      daemon [_thread_blocked, id=450131, stack(0x00007bc71a100000,0x00007bc71a200000) (1024K)]
  0x00007bc714546ad0 JavaThread "Signal Dispatcher"          daemon [_thread_blocked, id=450155, stack(0x00007bc7188e9000,0x00007bc7189e9000) (1024K)]
  0x00007bc714548420 JavaThread "Service Thread"             daemon [_thread_blocked, id=450156, stack(0x00007bc7187e9000,0x00007bc7188e9000) (1024K)]
  0x00007bc714549ce0 JavaThread "Monitor Deflation Thread"   daemon [_thread_blocked, id=450157, stack(0x00007bc7186e9000,0x00007bc7187e9000) (1024K)]
  0x00007bc71454bb20 JavaThread "C2 CompilerThread0"         daemon [_thread_blocked, id=450158, stack(0x00007bc7185e9000,0x00007bc7186e9000) (1024K)]
  0x00007bc7145554f0 JavaThread "C1 CompilerThread0"         daemon [_thread_blocked, id=450159, stack(0x00007bc7184e9000,0x00007bc7185e9000) (1024K)]
  0x00007bc7145a4420 JavaThread "Notification Thread"        daemon [_thread_blocked, id=450162, stack(0x00007bc718118000,0x00007bc718218000) (1024K)]
  0x00007bc7145a7420 JavaThread "Common-Cleaner"             daemon [_thread_blocked, id=450163, stack(0x00007bc718018000,0x00007bc718118000) (1024K)]
  0x00006f19580bb210 JavaThread "C1 CompilerThread1"         daemon [_thread_blocked, id=450168, stack(0x00007bc6dc6ff000,0x00007bc6dc7ff000) (1024K)]
  0x00006f19580c43e0 JavaThread "C1 CompilerThread2"         daemon [_thread_blocked, id=450169, stack(0x00006f1a282fc000,0x00006f1a283fc000) (1024K)]
  0x00006f19580c5960 JavaThread "C1 CompilerThread3"         daemon [_thread_blocked, id=450170, stack(0x00007bc718318000,0x00007bc718418000) (1024K)]
  0x00006f19580c6870 JavaThread "C1 CompilerThread4"         daemon [_thread_blocked, id=450171, stack(0x00007bc718218000,0x00007bc718318000) (1024K)]
  0x00006f1954168860 JavaThread "C2 CompilerThread1"         daemon [_thread_blocked, id=450172, stack(0x00007bc6dc5ff000,0x00007bc6dc6ff000) (1024K)]
  0x00007bc7147b8f40 JavaThread "Query0"                            [_thread_blocked, id=450173, stack(0x00007bc6dc4ff000,0x00007bc6dc5ff000) (1024K)]
  0x00007bc7147ba160 JavaThread "Query1"                            [_thread_blocked, id=450174, stack(0x00006f1a25100000,0x00006f1a25200000) (1024K)]
  0x00007bc7147bb4e0 JavaThread "Query2"                            [_thread_blocked, id=450175, stack(0x00006f1a24b00000,0x00006f1a24c00000) (1024K)]
  0x00007bc7147bca30 JavaThread "Query3"                            [_thread_blocked, id=450176, stack(0x00006f1a24500000,0x00006f1a24600000) (1024K)]
  0x00007bc7147bdf80 JavaThread "Query4"                            [_thread_blocked, id=450177, stack(0x00006f1a24400000,0x00006f1a24500000) (1024K)]
  0x00007bc7147bf420 JavaThread "Query5"                            [_thread_blocked, id=450178, stack(0x00006f1a24300000,0x00006f1a24400000) (1024K)]
  0x00007bc7147c0980 JavaThread "Query6"                            [_thread_blocked, id=450179, stack(0x00006f1a24200000,0x00006f1a24300000) (1024K)]
  0x00007bc7147c1ef0 JavaThread "Query7"                            [_thread_blocked, id=450180, stack(0x00006f1a24100000,0x00006f1a24200000) (1024K)]
  0x00007bc7147c3460 JavaThread "Query8"                            [_thread_blocked, id=450181, stack(0x00006f1a24000000,0x00006f1a24100000) (1024K)]
  0x00007bc7147c4910 JavaThread "Query9"                            [_thread_blocked, id=450182, stack(0x00006f19def00000,0x00006f19df000000) (1024K)]
  0x00007bc7147c5dc0 JavaThread "Query10"                           [_thread_blocked, id=450183, stack(0x00006f19dee00000,0x00006f19def00000) (1024K)]
  0x00007bc7147c7350 JavaThread "Query11"                           [_thread_blocked, id=450184, stack(0x00006f19ded00000,0x00006f19dee00000) (1024K)]
  0x00007bc7147c88e0 JavaThread "Query12"                           [_thread_blocked, id=450185, stack(0x00006f19dec00000,0x00006f19ded00000) (1024K)]
  0x00007bc7147c9d90 JavaThread "Query13"                           [_thread_blocked, id=450186, stack(0x00006f19deb00000,0x00006f19dec00000) (1024K)]
  0x00007bc7147cb240 JavaThread "Query14"                           [_thread_blocked, id=450187, stack(0x00006f19dea00000,0x00006f19deb00000) (1024K)]
  0x00007bc7147cc6f0 JavaThread "Query15"                           [_thread_blocked, id=450188, stack(0x00006f19de900000,0x00006f19dea00000) (1024K)]
  0x00007bc7147cdba0 JavaThread "Query16"                           [_thread_blocked, id=450189, stack(0x00006f19de800000,0x00006f19de900000) (1024K)]
  0x00007bc7147cf3e0 JavaThread "Query17"                           [_thread_blocked, id=450190, stack(0x00006f19de700000,0x00006f19de800000) (1024K)]
  0x00007bc7147d09a0 JavaThread "Query18"                           [_thread_blocked, id=450191, stack(0x00006f19de600000,0x00006f19de700000) (1024K)]
  0x00007bc7147d1f70 JavaThread "Query19"                           [_thread_blocked, id=450192, stack(0x00006f19de500000,0x00006f19de600000) (1024K)]
  0x00007bc7147d3540 JavaThread "Query20"                           [_thread_blocked, id=450193, stack(0x00006f19de400000,0x00006f19de500000) (1024K)]
  0x00007bc7147d49e0 JavaThread "Query21"                           [_thread_blocked, id=450194, stack(0x00006f19de300000,0x00006f19de400000) (1024K)]
  0x00007bc7147d63b0 JavaThread "Query22"                           [_thread_blocked, id=450195, stack(0x00006f19de200000,0x00006f19de300000) (1024K)]
  0x00007bc7147d79a0 JavaThread "Query23"                           [_thread_blocked, id=450196, stack(0x00006f19de100000,0x00006f19de200000) (1024K)]
  0x00007bc7147d8f90 JavaThread "Query24"                           [_thread_blocked, id=450197, stack(0x00006f19de000000,0x00006f19de100000) (1024K)]
  0x00007bc7147da980 JavaThread "Query25"                           [_thread_blocked, id=450198, stack(0x00006f19ddf00000,0x00006f19de000000) (1024K)]
  0x00007bc7147dc370 JavaThread "Query26"                           [_thread_blocked, id=450199, stack(0x00006f19dde00000,0x00006f19ddf00000) (1024K)]
  0x00007bc7147dd980 JavaThread "Query27"                           [_thread_blocked, id=450200, stack(0x00006f19ddd00000,0x00006f19dde00000) (1024K)]
  0x00007bc7147def90 JavaThread "Query28"                           [_thread_blocked, id=450201, stack(0x00006f19ddc00000,0x00006f19ddd00000) (1024K)]
  0x00007bc7147e05b0 JavaThread "Query29"                           [_thread_blocked, id=450202, stack(0x00006f19ddb00000,0x00006f19ddc00000) (1024K)]
  0x00007bc7147e1bd0 JavaThread "Query30"                           [_thread_blocked, id=450203, stack(0x00006f19dda00000,0x00006f19ddb00000) (1024K)]
  0x00007bc7147e3200 JavaThread "Query31"                           [_thread_blocked, id=450204, stack(0x00006f19dd900000,0x00006f19dda00000) (1024K)]
  0x00006f19580d3e30 JavaThread "C2 CompilerThread2"         daemon [_thread_blocked, id=450205, stack(0x00006f19dd800000,0x00006f19dd900000) (1024K)]
  0x00006f194007a0a0 JavaThread "C2 CompilerThread3"         daemon [_thread_blocked, id=450206, stack(0x00006f19dd700000,0x00006f19dd800000) (1024K)]
  0x00006f1958126ac0 JavaThread "C2 CompilerThread4"         daemon [_thread_blocked, id=450207, stack(0x00006f19dd600000,0x00006f19dd700000) (1024K)]
  0x00006f1940165000 JavaThread "C2 CompilerThread5"         daemon [_thread_blocked, id=450208, stack(0x00006f19dd500000,0x00006f19dd600000) (1024K)]
  0x00006f1938174240 JavaThread "C2 CompilerThread6"         daemon [_thread_blocked, id=450209, stack(0x00006f19dd400000,0x00006f19dd500000) (1024K)]
  0x00006f193c219030 JavaThread "C2 CompilerThread7"         daemon [_thread_blocked, id=450210, stack(0x00006f19dd300000,0x00006f19dd400000) (1024K)]
  0x00006f19541cbc80 JavaThread "C2 CompilerThread8"         daemon [_thread_blocked, id=450211, stack(0x00006f19dd200000,0x00006f19dd300000) (1024K)]
  0x00006f18b0002800 JavaThread "C2 CompilerThread9"         daemon [_thread_blocked, id=450212, stack(0x00006f19dd100000,0x00006f19dd200000) (1024K)]
Total: 56

Other Threads:
  0x00007bc714519a70 VMThread "VM Thread"                           [id=450128, stack(0x00007bc71a6fd000,0x00007bc71a7fd000) (1024K)]
  0x00007bc7145076c0 WatcherThread "VM Periodic Task Thread"        [id=450127, stack(0x00007bc71a7fe000,0x00007bc71a8fe000) (1024K)]

=>0x00007bc714533160 (exited) NamedThread "MMTk Collector Thread"   [id=450138, stack(0x00007bc7199fa000,0x00007bc719afa000) (1024K)]
Total: 3

Threads with active compile tasks:
C2 CompilerThread0  6485 2804       4       org.apache.lucene.queryparser.classic.QueryParserTokenManager::jjFillToken (107 bytes)
C2 CompilerThread1  6485 2858   !   4       org.apache.lucene.search.IndexSearcher::search (124 bytes)
C2 CompilerThread2  6485 2800       4       org.dacapo.lusearch.Search$QueryProcessor::doPagingSearch (259 bytes)
C2 CompilerThread3  6485 2763       4       org.apache.lucene.codecs.lucene90.blocktree.SegmentTermsEnum::seekExact (995 bytes)
C2 CompilerThread4  6485 2859       4       org.apache.lucene.index.TermStates::build (126 bytes)
C2 CompilerThread5  6485 2687       4       org.apache.lucene.util.fst.FST::readArcByDirectAddressing (89 bytes)
C2 CompilerThread6  6485 2889       4       org.apache.lucene.search.TopDocs::mergeAux (405 bytes)
C2 CompilerThread7  6485 2882   !   4       org.apache.lucene.queryparser.classic.QueryParserTokenManager::jjMoveNfa_2 (3658 bytes)
C2 CompilerThread8  6485 2769       4       org.apache.lucene.analysis.CachingTokenFilter::incrementToken (69 bytes)
C2 CompilerThread9  6485 2688       4       org.apache.lucene.util.fst.FST$Arc$BitTable::countBitsUpTo (37 bytes)
Total: 10

VM state: at safepoint (normal execution)

VM Mutex/Monitor currently owned by a thread:  ([mutex/lock_event])
[0x00007bc71d1580d0] Threads_lock - owner thread: 0x00007bc714519a70
[0x00007bc71d157fd0] Heap_lock - owner thread: 0x00007bc7143e2eb0

Heap address: 0x0000000040000000, size: 3072 MB, Compressed Oops mode: 32-bit

CDS archive(s) mapped at: [0x00006f19df000000-0x00006f19dfca3000-0x00006f19dfca3000), size 13250560, SharedBaseAddress: 0x00006f19df000000, ArchiveRelocationMode: 1.
Compressed class space mapped at: 0x00006f19e0000000-0x00006f1a20000000, reserved size: 1073741824
Narrow klass base: 0x00006f19df000000, Narrow klass shift: 0, Narrow klass range: 0x100000000

GC Precious Log:
<Empty>

Heap:

[error occurred during error reporting (printing heap information), id 0xe0000000, Internal Error (/mydata/mmtk-openjdk/openjdk/share/mmtkHeap.cpp:424)]
Metaspace:

Usage:
  Non-class:      8.53 MB used.
      Class:      1.23 MB used.
       Both:      9.75 MB used.

Virtual space:
  Non-class space:       64.00 MB reserved,       9.12 MB ( 14%) committed,  1 nodes.
      Class space:        1.00 GB reserved,       1.69 MB ( <1%) committed,  1 nodes.
             Both:        1.06 GB reserved,      10.81 MB ( <1%) committed. 

Chunk freelists:
   Non-Class:  6.33 MB
       Class:  14.19 MB
        Both:  20.52 MB

MaxMetaspaceSize: unlimited
CompressedClassSpaceSize: 1.00 GB
Initial GC threshold: 21.00 MB
Current GC threshold: 21.00 MB
CDS: on
 - commit_granule_bytes: 65536.
 - commit_granule_words: 8192.
 - virtual_space_node_default_size: 8388608.
 - enlarge_chunks_in_place: 1.
 - use_allocation_guard: 0.


Internal statistics:

num_allocs_failed_limit: 0.
num_arena_births: 1640.
num_arena_deaths: 0.
num_vsnodes_births: 2.
num_vsnodes_deaths: 0.
num_space_committed: 173.
num_space_uncommitted: 0.
num_chunks_returned_to_freelist: 0.
num_chunks_taken_from_freelist: 2540.
num_chunk_merges: 0.
num_chunk_splits: 1363.
num_chunks_enlarged: 236.
num_inconsistent_stats: 0.

CodeHeap 'non-profiled nmethods': size=118880Kb used=1412Kb max_used=1412Kb free=117467Kb
 bounds [0x00007bc7043e8000, 0x00007bc704658000, 0x00007bc70b800000]
CodeHeap 'profiled nmethods': size=118876Kb used=5176Kb max_used=5176Kb free=113699Kb
 bounds [0x00007bc6fc800000, 0x00007bc6fcd10000, 0x00007bc703c17000]
CodeHeap 'non-nmethods': size=8004Kb used=3528Kb max_used=3575Kb free=4475Kb
 bounds [0x00007bc703c17000, 0x00007bc703fa7000, 0x00007bc7043e8000]
CodeCache: size=245760Kb, used=10116Kb, max_used=10163Kb, free=235641Kb
 total_blobs=3348, nmethods=2829, adapters=415, full_count=0
Compilation: enabled, stopped_count=0, restarted_count=0

Compilation events (20 events):
Event: 4.701 Thread 0x00006f19580c6870 2898       2       java.nio.HeapByteBuffer::ix (7 bytes)
Event: 4.701 Thread 0x00007bc71454bb20 nmethod 2747 0x00007bc704545510 code [0x00007bc7045457c0, 0x00007bc704546c70]
Event: 4.703 Thread 0x00006f19580c6870 nmethod 2898 0x00007bc6fcd0b910 code [0x00007bc6fcd0baa0, 0x00007bc6fcd0bba0]
Event: 4.703 Thread 0x00006f19580c43e0 2900       2       java.util.LinkedHashMap$LinkedHashIterator::nextNode (68 bytes)
Event: 4.703 Thread 0x00006f19580c6870 2901       2       java.io.BufferedWriter::implFlushBuffer (34 bytes)
Event: 4.703 Thread 0x00007bc7145554f0 2902       2       java.io.FileDescriptor$1::getAppend (5 bytes)
Event: 4.703 Thread 0x00007bc71454bb20 2794       4       org.apache.lucene.store.MemorySegmentIndexInput$SingleSegmentImpl::clone (5 bytes)
Event: 4.703 Thread 0x00007bc7145554f0 nmethod 2902 0x00007bc6fcd0bc10 code [0x00007bc6fcd0bda0, 0x00007bc6fcd0bea8]
Event: 4.703 Thread 0x00006f19580c6870 nmethod 2901 0x00007bc6fcd0bf90 code [0x00007bc6fcd0c160, 0x00007bc6fcd0c400]
Event: 4.703 Thread 0x00006f19580c43e0 nmethod 2900 0x00007bc6fcd0c510 code [0x00007bc6fcd0c6e0, 0x00007bc6fcd0ca80]
Event: 4.703 Thread 0x00006f1940165000 nmethod 2678 0x00007bc704547810 code [0x00007bc7045479c0, 0x00007bc704547c70]
Event: 4.703 Thread 0x00006f1940165000 2687       4       org.apache.lucene.util.fst.FST::readArcByDirectAddressing (89 bytes)
Event: 4.704 Thread 0x00006f18b0002800 nmethod 2686 0x00007bc704548110 code [0x00007bc7045482e0, 0x00007bc704548628]
Event: 4.704 Thread 0x00006f18b0002800 2688       4       org.apache.lucene.util.fst.FST$Arc$BitTable::countBitsUpTo (37 bytes)
Event: 4.704 Thread 0x00006f19580c6870 2903   !   2       java.io.BufferedWriter::flushBuffer (63 bytes)
Event: 4.705 Thread 0x00007bc71454bb20 nmethod 2794 0x00007bc704548b10 code [0x00007bc704548cc0, 0x00007bc704548e78]
Event: 4.705 Thread 0x00007bc71454bb20 2804       4       org.apache.lucene.queryparser.classic.QueryParserTokenManager::jjFillToken (107 bytes)
Event: 4.719 Thread 0x00006f19580c5960 2905       2       sun.nio.cs.StreamEncoder::ensureOpen (18 bytes)
Event: 4.720 Thread 0x00006f19580c5960 nmethod 2905 0x00007bc6fcd0cc10 code [0x00007bc6fcd0cdc0, 0x00007bc6fcd0cfe8]
Event: 4.721 Thread 0x00006f19580c6870 nmethod 2903 0x00007bc6fcd0d090 code [0x00007bc6fcd0d340, 0x00007bc6fcd0dbb8]

GC Heap History (0 events):
No events

Dll operation events (8 events):
Event: 0.001 Loaded shared library /mydata/openjdk-mmtk/build/b0test/images/jdk/lib/libjava.so
Event: 2.228 Loaded shared library /mydata/openjdk-mmtk/build/b0test/images/jdk/lib/libjsvml.so
Event: 2.241 Loaded shared library /mydata/openjdk-mmtk/build/b0test/images/jdk/lib/libnio.so
Event: 2.245 Loaded shared library /mydata/openjdk-mmtk/build/b0test/images/jdk/lib/libzip.so
Event: 2.258 Loaded shared library /mydata/openjdk-mmtk/build/b0test/images/jdk/lib/libjimage.so
Event: 2.285 Loaded shared library /mydata/openjdk-mmtk/build/b0test/images/jdk/lib/libnet.so
Event: 4.214 Loaded shared library /mydata/openjdk-mmtk/build/b0test/images/jdk/lib/libmanagement.so
Event: 4.216 Loaded shared library /mydata/openjdk-mmtk/build/b0test/images/jdk/lib/libmanagement_ext.so

Deoptimization events (20 events):
Event: 4.538 Thread 0x00007bc7147d63b0 DEOPT PACKING pc=0x00007bc6fccdaa81 sp=0x00006f19de2fde70
Event: 4.538 Thread 0x00007bc7147d63b0 DEOPT UNPACKING pc=0x00007bc703c6ab2f sp=0x00006f19de2fd328 mode 0
Event: 4.544 Thread 0x00007bc7147d3540 DEOPT PACKING pc=0x00007bc6fccdaa81 sp=0x00006f19de4fde70
Event: 4.545 Thread 0x00007bc7147d3540 DEOPT UNPACKING pc=0x00007bc703c6ab2f sp=0x00006f19de4fd328 mode 0
Event: 4.545 Thread 0x00007bc7147c4910 DEOPT PACKING pc=0x00007bc6fccdaa81 sp=0x00006f19deffde70
Event: 4.545 Thread 0x00007bc7147c4910 DEOPT UNPACKING pc=0x00007bc703c6ab2f sp=0x00006f19deffd328 mode 0
Event: 4.556 Thread 0x00007bc7147c7350 DEOPT PACKING pc=0x00007bc6fc9bf9b3 sp=0x00006f19dedfe730
Event: 4.556 Thread 0x00007bc7147c7350 DEOPT UNPACKING pc=0x00007bc703c6ab2f sp=0x00006f19dedfdc58 mode 0
Event: 4.581 Thread 0x00007bc7147bf420 DEOPT PACKING pc=0x00007bc6fc9bf9b3 sp=0x00006f1a243fe730
Event: 4.581 Thread 0x00007bc7147bf420 DEOPT UNPACKING pc=0x00007bc703c6ab2f sp=0x00006f1a243fdc58 mode 0
Event: 4.582 Thread 0x00007bc7147dd980 DEOPT PACKING pc=0x00007bc6fc9bf9b3 sp=0x00006f19dddfe730
Event: 4.582 Thread 0x00007bc7147dd980 DEOPT UNPACKING pc=0x00007bc703c6ab2f sp=0x00006f19dddfdc58 mode 0
Event: 4.649 Thread 0x00007bc7147c4910 Uncommon trap: trap_request=0xfffffff4 fr.pc=0x00007bc704505df0 relative=0x0000000000000210
Event: 4.649 Thread 0x00007bc7147c4910 Uncommon trap: reason=null_check action=make_not_entrant pc=0x00007bc704505df0 method=org.apache.lucene.util.CloseableThreadLocal.get()Ljava/lang/Object; @ 7 c2
Event: 4.649 Thread 0x00007bc7147c4910 DEOPT PACKING pc=0x00007bc704505df0 sp=0x00006f19deffe260
Event: 4.649 Thread 0x00007bc7147c4910 DEOPT UNPACKING pc=0x00007bc703c6a399 sp=0x00006f19deffe228 mode 2
Event: 4.662 Thread 0x00007bc7147c88e0 Uncommon trap: trap_request=0xffffff45 fr.pc=0x00007bc7044ee8b4 relative=0x0000000000002c54
Event: 4.662 Thread 0x00007bc7147c88e0 Uncommon trap: reason=unstable_if action=reinterpret pc=0x00007bc7044ee8b4 method=org.apache.lucene.queryparser.classic.QueryParserTokenManager.jjMoveNfa_2(II)I @ 1265 c2
Event: 4.662 Thread 0x00007bc7147c88e0 DEOPT PACKING pc=0x00007bc7044ee8b4 sp=0x00006f19decfe4b0
Event: 4.662 Thread 0x00007bc7147c88e0 DEOPT UNPACKING pc=0x00007bc703c6a399 sp=0x00006f19decfe468 mode 2

Classes loaded (20 events):
Event: 4.310 Loading class java/util/stream/SpinedBuffer$OfPrimitive
Event: 4.310 Loading class java/util/stream/AbstractSpinedBuffer
Event: 4.310 Loading class java/util/stream/AbstractSpinedBuffer done
Event: 4.310 Loading class java/util/stream/SpinedBuffer$OfPrimitive done
Event: 4.310 Loading class java/util/stream/SpinedBuffer$OfInt done
Event: 4.310 Loading class java/util/stream/Nodes$IntSpinedNodeBuilder done
Event: 4.311 Loading class java/util/stream/ReferencePipeline$8$1
Event: 4.311 Loading class java/util/stream/ReferencePipeline$8$1 done
Event: 4.311 Loading class java/util/Spliterators$IntArraySpliterator
Event: 4.311 Loading class java/util/Spliterators$IntArraySpliterator done
Event: 4.311 Loading class java/util/stream/IntPipeline$Head
Event: 4.311 Loading class java/util/stream/IntPipeline$Head done
Event: 4.325 Loading class java/lang/invoke/VarHandleSegmentAsShorts
Event: 4.325 Loading class java/lang/invoke/VarHandleSegmentAsShorts done
Event: 4.342 Loading class java/util/WeakHashMap$KeyIterator
Event: 4.342 Loading class java/util/WeakHashMap$HashIterator
Event: 4.342 Loading class java/util/WeakHashMap$HashIterator done
Event: 4.342 Loading class java/util/WeakHashMap$KeyIterator done
Event: 4.649 Loading class java/io/FileOutputStream$1
Event: 4.649 Loading class java/io/FileOutputStream$1 done

Classes unloaded (0 events):
No events

Classes redefined (0 events):
No events

Internal exceptions (20 events):
Event: 4.281 Thread 0x00007bc7147d49e0 Exception <a 'java/lang/NoSuchMethodError'{0x0000000040d90e78}: 'java.lang.Object java.lang.invoke.Invokers$Holder.linkToTargetMethod(java.lang.Object, java.lang.Object, java.lang.Object, int, java.lang.Object)'> (0x0000000040d90e78) 
thrown [src/hotspot/share/interpreter/linkResolver.cpp, line 772]
Event: 4.281 Thread 0x00007bc7147bca30 Exception <a 'java/lang/NoSuchMethodError'{0x0000000040d81350}: 'java.lang.Object java.lang.invoke.Invokers$Holder.linkToTargetMethod(java.lang.Object, java.lang.Object, java.lang.Object, int, java.lang.Object)'> (0x0000000040d81350) 
thrown [src/hotspot/share/interpreter/linkResolver.cpp, line 772]
Event: 4.281 Thread 0x00007bc7147c1ef0 Exception <a 'java/lang/NoSuchMethodError'{0x0000000040d791e8}: 'java.lang.Object java.lang.invoke.Invokers$Holder.linkToTargetMethod(java.lang.Object, java.lang.Object, java.lang.Object, int, java.lang.Object)'> (0x0000000040d791e8) 
thrown [src/hotspot/share/interpreter/linkResolver.cpp, line 772]
Event: 4.281 Thread 0x00007bc7147d8f90 Exception <a 'java/lang/NoSuchMethodError'{0x0000000040dd4980}: 'java.lang.Object java.lang.invoke.Invokers$Holder.linkToTargetMethod(java.lang.Object, java.lang.Object, java.lang.Object, int, java.lang.Object)'> (0x0000000040dd4980) 
thrown [src/hotspot/share/interpreter/linkResolver.cpp, line 772]
Event: 4.281 Thread 0x00007bc7147d1f70 Exception <a 'java/lang/NoSuchMethodError'{0x0000000040dfa568}: 'java.lang.Object java.lang.invoke.Invokers$Holder.linkToTargetMethod(java.lang.Object, java.lang.Object, java.lang.Object, int, java.lang.Object)'> (0x0000000040dfa568) 
thrown [src/hotspot/share/interpreter/linkResolver.cpp, line 772]
Event: 4.281 Thread 0x00007bc7147d79a0 Exception <a 'java/lang/NoSuchMethodError'{0x0000000040de4080}: 'java.lang.Object java.lang.invoke.Invokers$Holder.linkToTargetMethod(java.lang.Object, java.lang.Object, java.lang.Object, int, java.lang.Object)'> (0x0000000040de4080) 
thrown [src/hotspot/share/interpreter/linkResolver.cpp, line 772]
Event: 4.281 Thread 0x00007bc7147c0980 Exception <a 'java/lang/NoSuchMethodError'{0x0000000040e2fc60}: 'java.lang.Object java.lang.invoke.Invokers$Holder.linkToTargetMethod(java.lang.Object, java.lang.Object, java.lang.Object, int, java.lang.Object)'> (0x0000000040e2fc60) 
thrown [src/hotspot/share/interpreter/linkResolver.cpp, line 772]
Event: 4.282 Thread 0x00007bc7147ba160 Exception <a 'java/lang/NoSuchMethodError'{0x0000000040e1efb8}: 'java.lang.Object java.lang.invoke.Invokers$Holder.linkToTargetMethod(java.lang.Object, java.lang.Object, java.lang.Object, int, java.lang.Object)'> (0x0000000040e1efb8) 
thrown [src/hotspot/share/interpreter/linkResolver.cpp, line 772]
Event: 4.282 Thread 0x00007bc7147b8f40 Exception <a 'java/lang/NoSuchMethodError'{0x0000000040e7d208}: 'java.lang.Object java.lang.invoke.Invokers$Holder.linkToTargetMethod(java.lang.Object, java.lang.Object, java.lang.Object, int, java.lang.Object)'> (0x0000000040e7d208) 
thrown [src/hotspot/share/interpreter/linkResolver.cpp, line 772]
Event: 4.282 Thread 0x00007bc7147c4910 Exception <a 'java/lang/NoSuchMethodError'{0x0000000040da9e98}: 'java.lang.Object java.lang.invoke.Invokers$Holder.linkToTargetMethod(java.lang.Object, java.lang.Object, java.lang.Object, int, java.lang.Object)'> (0x0000000040da9e98) 
thrown [src/hotspot/share/interpreter/linkResolver.cpp, line 772]
Event: 4.302 Thread 0x00007bc7147c0980 Implicit null exception at 0x00007bc704415ade to 0x00007bc704415b98
Event: 4.302 Thread 0x00007bc7147c7350 Implicit null exception at 0x00007bc704415ade to 0x00007bc704415b98
Event: 4.302 Thread 0x00007bc7147def90 Implicit null exception at 0x00007bc704415ade to 0x00007bc704415b98
Event: 4.302 Thread 0x00007bc7147d79a0 Implicit null exception at 0x00007bc704415ade to 0x00007bc704415b98
Event: 4.302 Thread 0x00007bc7147bf420 Implicit null exception at 0x00007bc704415ade to 0x00007bc704415b98
Event: 4.311 Thread 0x00007bc7147c0980 Exception <a 'java/lang/NoSuchMethodError'{0x000000004118e2f0}: 'void java.lang.invoke.DirectMethodHandle$Holder.invokeInterface(java.lang.Object, java.lang.Object, int)'> (0x000000004118e2f0) 
thrown [src/hotspot/share/interpreter/linkResolver.cpp, line 772]
Event: 4.311 Thread 0x00007bc7147c0980 Exception <a 'java/lang/IncompatibleClassChangeError'{0x0000000041181960}: Found class java.lang.Object, but interface was expected> (0x0000000041181960) 
thrown [src/hotspot/share/interpreter/linkResolver.cpp, line 840]
Event: 4.314 Thread 0x00007bc7147c0980 Exception <a 'java/lang/NoSuchMethodError'{0x0000000041136b88}: 'int java.lang.invoke.DirectMethodHandle$Holder.invokeStaticInit(java.lang.Object, java.lang.Object)'> (0x0000000041136b88) 
thrown [src/hotspot/share/interpreter/linkResolver.cpp, line 772]
Event: 4.315 Thread 0x00007bc7147c0980 Exception <a 'java/lang/NoSuchMethodError'{0x0000000041100618}: 'java.lang.Object java.lang.invoke.Invokers$Holder.invokeExact_MT(java.lang.Object, java.lang.Object, java.lang.Object, java.lang.Object, java.lang.Object, java.lang.Object)'> (0x0000000041100618) 
thrown [src/hotspot/share/interpreter/linkResolver.cpp, line 772]
Event: 4.649 Thread 0x00007bc7147c4910 Implicit null exception at 0x00007bc704505c90 to 0x00007bc704505de0

ZGC Phase Switch (0 events):
No events

VM Operations (20 events):
Event: 4.247 Executing VM operation: HandshakeAllThreads (CloseScopedMemory) done
Event: 4.251 Executing VM operation: HandshakeAllThreads (CloseScopedMemory)
Event: 4.252 Executing VM operation: HandshakeAllThreads (CloseScopedMemory) done
Event: 4.359 Executing VM operation: ICBufferFull
Event: 4.360 Executing VM operation: ICBufferFull done
Event: 4.360 Executing VM operation: ICBufferFull
Event: 4.360 Executing VM operation: ICBufferFull done
Event: 4.383 Executing VM operation: HandshakeAllThreads (Deoptimize)
Event: 4.387 Executing VM operation: HandshakeAllThreads (Deoptimize) done
Event: 4.478 Executing VM operation: ICBufferFull
Event: 4.482 Executing VM operation: ICBufferFull done
Event: 4.483 Executing VM operation: ICBufferFull
Event: 4.483 Executing VM operation: ICBufferFull done
Event: 4.594 Executing VM operation: ThirdPartyHeapOperation
Event: 4.607 Executing VM operation: ThirdPartyHeapOperation done
Event: 4.611 Executing VM operation: ThirdPartyHeapOperation
Event: 4.632 Executing VM operation: ThirdPartyHeapOperation done
Event: 4.705 Executing VM operation: ThirdPartyHeapOperation
Event: 4.719 Executing VM operation: ThirdPartyHeapOperation done
Event: 4.723 Executing VM operation: ThirdPartyHeapOperation

Memory protections (20 events):
Event: 4.262 Protecting memory [0x00006f19de400000,0x00006f19de404000] with protection modes 0
Event: 4.262 Protecting memory [0x00006f19de300000,0x00006f19de304000] with protection modes 0
Event: 4.263 Protecting memory [0x00006f19de200000,0x00006f19de204000] with protection modes 0
Event: 4.263 Protecting memory [0x00006f19de100000,0x00006f19de104000] with protection modes 0
Event: 4.263 Protecting memory [0x00006f19de000000,0x00006f19de004000] with protection modes 0
Event: 4.263 Protecting memory [0x00006f19ddf00000,0x00006f19ddf04000] with protection modes 0
Event: 4.263 Protecting memory [0x00006f19dde00000,0x00006f19dde04000] with protection modes 0
Event: 4.263 Protecting memory [0x00006f19ddd00000,0x00006f19ddd04000] with protection modes 0
Event: 4.264 Protecting memory [0x00006f19ddc00000,0x00006f19ddc04000] with protection modes 0
Event: 4.264 Protecting memory [0x00006f19ddb00000,0x00006f19ddb04000] with protection modes 0
Event: 4.264 Protecting memory [0x00006f19dda00000,0x00006f19dda04000] with protection modes 0
Event: 4.265 Protecting memory [0x00006f19dd900000,0x00006f19dd904000] with protection modes 0
Event: 4.279 Protecting memory [0x00006f19dd800000,0x00006f19dd804000] with protection modes 0
Event: 4.287 Protecting memory [0x00006f19dd700000,0x00006f19dd704000] with protection modes 0
Event: 4.458 Protecting memory [0x00006f19dd500000,0x00006f19dd504000] with protection modes 0
Event: 4.459 Protecting memory [0x00006f19dd600000,0x00006f19dd604000] with protection modes 0
Event: 4.462 Protecting memory [0x00006f19dd400000,0x00006f19dd404000] with protection modes 0
Event: 4.465 Protecting memory [0x00006f19dd300000,0x00006f19dd304000] with protection modes 0
Event: 4.470 Protecting memory [0x00006f19dd200000,0x00006f19dd204000] with protection modes 0
Event: 4.472 Protecting memory [0x00006f19dd100000,0x00006f19dd104000] with protection modes 0

Nmethod flushes (0 events):
No events

Events (20 events):
Event: 4.262 Thread 0x00007bc71402b240 Thread added: 0x00007bc7147d3540
Event: 4.262 Thread 0x00007bc71402b240 Thread added: 0x00007bc7147d49e0
Event: 4.263 Thread 0x00007bc71402b240 Thread added: 0x00007bc7147d63b0
Event: 4.263 Thread 0x00007bc71402b240 Thread added: 0x00007bc7147d79a0
Event: 4.263 Thread 0x00007bc71402b240 Thread added: 0x00007bc7147d8f90
Event: 4.263 Thread 0x00007bc71402b240 Thread added: 0x00007bc7147da980
Event: 4.263 Thread 0x00007bc71402b240 Thread added: 0x00007bc7147dc370
Event: 4.263 Thread 0x00007bc71402b240 Thread added: 0x00007bc7147dd980
Event: 4.263 Thread 0x00007bc71402b240 Thread added: 0x00007bc7147def90
Event: 4.264 Thread 0x00007bc71402b240 Thread added: 0x00007bc7147e05b0
Event: 4.264 Thread 0x00007bc71402b240 Thread added: 0x00007bc7147e1bd0
Event: 4.265 Thread 0x00007bc71402b240 Thread added: 0x00007bc7147e3200
Event: 4.279 Thread 0x00007bc7145554f0 Thread added: 0x00006f19580d3e30
Event: 4.287 Thread 0x00006f1954168860 Thread added: 0x00006f194007a0a0
Event: 4.457 Thread 0x00007bc7145554f0 Thread added: 0x00006f1958126ac0
Event: 4.458 Thread 0x00006f1954168860 Thread added: 0x00006f1940165000
Event: 4.462 Thread 0x00006f19580c43e0 Thread added: 0x00006f1938174240
Event: 4.465 Thread 0x00006f19580bb210 Thread added: 0x00006f193c219030
Event: 4.470 Thread 0x00007bc71454bb20 Thread added: 0x00006f19541cbc80
Event: 4.471 Thread 0x00006f1958126ac0 Thread added: 0x00006f18b0002800


Dynamic libraries:
40000000-40400000 rw-p 00000000 00:00 0                                  [anon:mmtk:space:immix]
40400000-41400000 rw-p 00000000 00:00 0                                  [anon:mmtk:space:los]
41400000-41800000 rw-p 00000000 00:00 0                                  [anon:mmtk:space:immix]
41800000-48000000 rw-p 00000000 00:00 0                                  [anon:mmtk:space:los]
48000000-48400000 rw-p 00000000 00:00 0                                  [anon:mmtk:space:immix]
48400000-49800000 rw-p 00000000 00:00 0                                  [anon:mmtk:space:los]
49800000-50000000 rw-p 00000000 00:00 0                                  [anon:mmtk:space:immix]
50000000-52400000 rw-p 00000000 00:00 0                                  [anon:mmtk:space:immix]
200000000000-2000c00c0000 rw-s 00000000 00:10 68                         anon_inode:bpf-map
645130f4d000-645130f4e000 r--p 00000000 fc:00 49676352                   /mydata/openjdk-mmtk/build/b0test/images/jdk/bin/java
645130f4e000-645130f4f000 r-xp 00001000 fc:00 49676352                   /mydata/openjdk-mmtk/build/b0test/images/jdk/bin/java
645130f4f000-645130f50000 r--p 00002000 fc:00 49676352                   /mydata/openjdk-mmtk/build/b0test/images/jdk/bin/java
645130f50000-645130f51000 r--p 00002000 fc:00 49676352                   /mydata/openjdk-mmtk/build/b0test/images/jdk/bin/java
645130f51000-645130f52000 rw-p 00003000 fc:00 49676352                   /mydata/openjdk-mmtk/build/b0test/images/jdk/bin/java
64514140e000-645141456000 rw-p 00000000 00:00 0                          [heap]
6f1894000000-6f189436c000 rw-p 00000000 00:00 0 
6f189436c000-6f1898000000 ---p 00000000 00:00 0 
6f189c000000-6f189c5b6000 rw-p 00000000 00:00 0 
6f189c5b6000-6f18a0000000 ---p 00000000 00:00 0 
6f18a0000000-6f18a0453000 rw-p 00000000 00:00 0 
6f18a0453000-6f18a4000000 ---p 00000000 00:00 0 
6f18a4000000-6f18a437a000 rw-p 00000000 00:00 0 
6f18a437a000-6f18a8000000 ---p 00000000 00:00 0 
6f18a8000000-6f18a8446000 rw-p 00000000 00:00 0 
6f18a8446000-6f18ac000000 ---p 00000000 00:00 0 
6f18ac000000-6f18ac7ab000 rw-p 00000000 00:00 0 
6f18ac7ab000-6f18b0000000 ---p 00000000 00:00 0 
6f18b0000000-6f18b04ca000 rw-p 00000000 00:00 0 
6f18b04ca000-6f18b4000000 ---p 00000000 00:00 0 
6f18b4000000-6f18b402b000 rw-p 00000000 00:00 0 
6f18b402b000-6f18b8000000 ---p 00000000 00:00 0 
6f18b8000000-6f18b8401000 rw-p 00000000 00:00 0 
6f18b8401000-6f18bc000000 ---p 00000000 00:00 0 
6f18bc000000-6f18bc021000 rw-p 00000000 00:00 0 
6f18bc021000-6f18c0000000 ---p 00000000 00:00 0 
6f18c0000000-6f18c0021000 rw-p 00000000 00:00 0 
6f18c0021000-6f18c4000000 ---p 00000000 00:00 0 
6f18c4000000-6f18c4026000 rw-p 00000000 00:00 0 
6f18c4026000-6f18c8000000 ---p 00000000 00:00 0 
6f18c8000000-6f18c8021000 rw-p 00000000 00:00 0 
6f18c8021000-6f18cc000000 ---p 00000000 00:00 0 
6f18cc000000-6f18cc021000 rw-p 00000000 00:00 0 
6f18cc021000-6f18d0000000 ---p 00000000 00:00 0 
6f18d0000000-6f18d0021000 rw-p 00000000 00:00 0 
6f18d0021000-6f18d4000000 ---p 00000000 00:00 0 
6f18d4000000-6f18d4023000 rw-p 00000000 00:00 0 
6f18d4023000-6f18d8000000 ---p 00000000 00:00 0 
6f18d8000000-6f18d8021000 rw-p 00000000 00:00 0 
6f18d8021000-6f18dc000000 ---p 00000000 00:00 0 
6f18dc000000-6f18dc021000 rw-p 00000000 00:00 0 
6f18dc021000-6f18e0000000 ---p 00000000 00:00 0 
6f18e0000000-6f18e0021000 rw-p 00000000 00:00 0 
6f18e0021000-6f18e4000000 ---p 00000000 00:00 0 
6f18e4000000-6f18e4029000 rw-p 00000000 00:00 0 
6f18e4029000-6f18e8000000 ---p 00000000 00:00 0 
6f18e8000000-6f18e802f000 rw-p 00000000 00:00 0 
6f18e802f000-6f18ec000000 ---p 00000000 00:00 0 
6f18ec000000-6f18ec021000 rw-p 00000000 00:00 0 
6f18ec021000-6f18f0000000 ---p 00000000 00:00 0 
6f18f0000000-6f18f0021000 rw-p 00000000 00:00 0 
6f18f0021000-6f18f4000000 ---p 00000000 00:00 0 
6f18f4000000-6f18f4021000 rw-p 00000000 00:00 0 
6f18f4021000-6f18f8000000 ---p 00000000 00:00 0 
6f18f8000000-6f18f8021000 rw-p 00000000 00:00 0 
6f18f8021000-6f18fc000000 ---p 00000000 00:00 0 
6f18fc000000-6f18fc021000 rw-p 00000000 00:00 0 
6f18fc021000-6f1900000000 ---p 00000000 00:00 0 
6f1900000000-6f1900021000 rw-p 00000000 00:00 0 
6f1900021000-6f1904000000 ---p 00000000 00:00 0 
6f1904000000-6f1904027000 rw-p 00000000 00:00 0 
6f1904027000-6f1908000000 ---p 00000000 00:00 0 
6f1908000000-6f1908021000 rw-p 00000000 00:00 0 
6f1908021000-6f190c000000 ---p 00000000 00:00 0 
6f190c000000-6f190c021000 rw-p 00000000 00:00 0 
6f190c021000-6f1910000000 ---p 00000000 00:00 0 
6f1910000000-6f1910022000 rw-p 00000000 00:00 0 
6f1910022000-6f1914000000 ---p 00000000 00:00 0 
6f1914000000-6f1914021000 rw-p 00000000 00:00 0 
6f1914021000-6f1918000000 ---p 00000000 00:00 0 
6f1918000000-6f1918021000 rw-p 00000000 00:00 0 
6f1918021000-6f191c000000 ---p 00000000 00:00 0 
6f191c000000-6f191c024000 rw-p 00000000 00:00 0 
6f191c024000-6f1920000000 ---p 00000000 00:00 0 
6f1920000000-6f192008d000 rw-p 00000000 00:00 0 
6f192008d000-6f1924000000 ---p 00000000 00:00 0 
6f1924000000-6f1924021000 rw-p 00000000 00:00 0 
6f1924021000-6f1928000000 ---p 00000000 00:00 0 
6f1928000000-6f1928021000 rw-p 00000000 00:00 0 
6f1928021000-6f192c000000 ---p 00000000 00:00 0 
6f192c000000-6f192c021000 rw-p 00000000 00:00 0 
6f192c021000-6f1930000000 ---p 00000000 00:00 0 
6f1930000000-6f1930021000 rw-p 00000000 00:00 0 
6f1930021000-6f1934000000 ---p 00000000 00:00 0 
6f1934000000-6f1934042000 rw-p 00000000 00:00 0 
6f1934042000-6f1938000000 ---p 00000000 00:00 0 
6f1938000000-6f19381e3000 rw-p 00000000 00:00 0 
6f19381e3000-6f193c000000 ---p 00000000 00:00 0 
6f193c000000-6f193c26d000 rw-p 00000000 00:00 0 
6f193c26d000-6f1940000000 ---p 00000000 00:00 0 
6f1940000000-6f1940562000 rw-p 00000000 00:00 0 
6f1940562000-6f1944000000 ---p 00000000 00:00 0 
6f1944000000-6f1944021000 rw-p 00000000 00:00 0 
6f1944021000-6f1948000000 ---p 00000000 00:00 0 
6f1948000000-6f1948021000 rw-p 00000000 00:00 0 
6f1948021000-6f194c000000 ---p 00000000 00:00 0 
6f194c000000-6f194c126000 rw-p 00000000 00:00 0 
6f194c126000-6f1950000000 ---p 00000000 00:00 0 
6f1950000000-6f1950191000 rw-p 00000000 00:00 0 
6f1950191000-6f1954000000 ---p 00000000 00:00 0 
6f1954000000-6f1954668000 rw-p 00000000 00:00 0 
6f1954668000-6f1958000000 ---p 00000000 00:00 0 
6f1958000000-6f195813c000 rw-p 00000000 00:00 0 
6f195813c000-6f195c000000 ---p 00000000 00:00 0 
6f195c000000-6f195c021000 rw-p 00000000 00:00 0 
6f195c021000-6f1960000000 ---p 00000000 00:00 0 
6f1960000000-6f1960021000 rw-p 00000000 00:00 0 
6f1960021000-6f1964000000 ---p 00000000 00:00 0 
6f1964000000-6f19640c7000 rw-p 00000000 00:00 0 
6f19640c7000-6f1968000000 ---p 00000000 00:00 0 
6f1968000000-6f1968021000 rw-p 00000000 00:00 0 
6f1968021000-6f196c000000 ---p 00000000 00:00 0 
6f196c000000-6f196c023000 rw-p 00000000 00:00 0 
6f196c023000-6f1970000000 ---p 00000000 00:00 0 
6f1970000000-6f197003b000 rw-p 00000000 00:00 0 
6f197003b000-6f1974000000 ---p 00000000 00:00 0 
6f1974000000-6f197403a000 rw-p 00000000 00:00 0 
6f197403a000-6f1978000000 ---p 00000000 00:00 0 
6f1978000000-6f197802a000 rw-p 00000000 00:00 0 
6f197802a000-6f197c000000 ---p 00000000 00:00 0 
6f197c000000-6f197c02a000 rw-p 00000000 00:00 0 
6f197c02a000-6f1980000000 ---p 00000000 00:00 0 
6f1980000000-6f1980021000 rw-p 00000000 00:00 0 
6f1980021000-6f1984000000 ---p 00000000 00:00 0 
6f1984000000-6f1984043000 rw-p 00000000 00:00 0 
6f1984043000-6f1988000000 ---p 00000000 00:00 0 
6f1988000000-6f1988032000 rw-p 00000000 00:00 0 
6f1988032000-6f198c000000 ---p 00000000 00:00 0 
6f198c000000-6f198c032000 rw-p 00000000 00:00 0 
6f198c032000-6f1990000000 ---p 00000000 00:00 0 
6f1990000000-6f1990032000 rw-p 00000000 00:00 0 
6f1990032000-6f1994000000 ---p 00000000 00:00 0 
6f1994000000-6f19941a1000 rw-p 00000000 00:00 0 
6f19941a1000-6f1998000000 ---p 00000000 00:00 0 
6f1998000000-6f199805a000 rw-p 00000000 00:00 0 
6f199805a000-6f199c000000 ---p 00000000 00:00 0 
6f199c000000-6f199c03b000 rw-p 00000000 00:00 0 
6f199c03b000-6f19a0000000 ---p 00000000 00:00 0 
6f19a0000000-6f19a0052000 rw-p 00000000 00:00 0 
6f19a0052000-6f19a4000000 ---p 00000000 00:00 0 
6f19a4000000-6f19a4336000 rw-p 00000000 00:00 0 
6f19a4336000-6f19a8000000 ---p 00000000 00:00 0 
6f19a8000000-6f19a8021000 rw-p 00000000 00:00 0 
6f19a8021000-6f19ac000000 ---p 00000000 00:00 0 
6f19ac000000-6f19ac03b000 rw-p 00000000 00:00 0 
6f19ac03b000-6f19b0000000 ---p 00000000 00:00 0 
6f19b0000000-6f19b0052000 rw-p 00000000 00:00 0 
6f19b0052000-6f19b4000000 ---p 00000000 00:00 0 
6f19b4000000-6f19b4033000 rw-p 00000000 00:00 0 
6f19b4033000-6f19b8000000 ---p 00000000 00:00 0 
6f19b8000000-6f19b802b000 rw-p 00000000 00:00 0 
6f19b802b000-6f19bc000000 ---p 00000000 00:00 0 
6f19bc000000-6f19bc056000 rw-p 00000000 00:00 0 
6f19bc056000-6f19c0000000 ---p 00000000 00:00 0 
6f19c0000000-6f19c002a000 rw-p 00000000 00:00 0 
6f19c002a000-6f19c4000000 ---p 00000000 00:00 0 
6f19c4000000-6f19c4021000 rw-p 00000000 00:00 0 
6f19c4021000-6f19c8000000 ---p 00000000 00:00 0 
6f19c8000000-6f19c8021000 rw-p 00000000 00:00 0 
6f19c8021000-6f19cc000000 ---p 00000000 00:00 0 
6f19cc000000-6f19cc021000 rw-p 00000000 00:00 0 
6f19cc021000-6f19d0000000 ---p 00000000 00:00 0 
6f19d0000000-6f19d0021000 rw-p 00000000 00:00 0 
6f19d0021000-6f19d4000000 ---p 00000000 00:00 0 
6f19d4000000-6f19d4370000 rw-p 00000000 00:00 0 
6f19d4370000-6f19d4400000 ---p 00000000 00:00 0 
6f19d4400000-6f19d49b0000 rw-p 00000000 00:00 0 
6f19d49b0000-6f19d8000000 ---p 00000000 00:00 0 
6f19d8000000-6f19d8021000 rw-p 00000000 00:00 0 
6f19d8021000-6f19dc000000 ---p 00000000 00:00 0 
6f19dcb20000-6f19dd100000 rw-p 00000000 00:00 0 
6f19dd100000-6f19dd104000 ---p 00000000 00:00 0 
6f19dd104000-6f19dd200000 rw-p 00000000 00:00 0 
6f19dd200000-6f19dd204000 ---p 00000000 00:00 0 
6f19dd204000-6f19dd300000 rw-p 00000000 00:00 0 
6f19dd300000-6f19dd304000 ---p 00000000 00:00 0 
6f19dd304000-6f19dd400000 rw-p 00000000 00:00 0 
6f19dd400000-6f19dd404000 ---p 00000000 00:00 0 
6f19dd404000-6f19dd500000 rw-p 00000000 00:00 0 
6f19dd500000-6f19dd504000 ---p 00000000 00:00 0 
6f19dd504000-6f19dd600000 rw-p 00000000 00:00 0 
6f19dd600000-6f19dd604000 ---p 00000000 00:00 0 
6f19dd604000-6f19dd700000 rw-p 00000000 00:00 0 
6f19dd700000-6f19dd704000 ---p 00000000 00:00 0 
6f19dd704000-6f19dd800000 rw-p 00000000 00:00 0 
6f19dd800000-6f19dd804000 ---p 00000000 00:00 0 
6f19dd804000-6f19dd900000 rw-p 00000000 00:00 0 
6f19dd900000-6f19dd904000 ---p 00000000 00:00 0 
6f19dd904000-6f19dda00000 rw-p 00000000 00:00 0 
6f19dda00000-6f19dda04000 ---p 00000000 00:00 0 
6f19dda04000-6f19ddb00000 rw-p 00000000 00:00 0 
6f19ddb00000-6f19ddb04000 ---p 00000000 00:00 0 
6f19ddb04000-6f19ddc00000 rw-p 00000000 00:00 0 
6f19ddc00000-6f19ddc04000 ---p 00000000 00:00 0 
6f19ddc04000-6f19ddd00000 rw-p 00000000 00:00 0 
6f19ddd00000-6f19ddd04000 ---p 00000000 00:00 0 
6f19ddd04000-6f19dde00000 rw-p 00000000 00:00 0 
6f19dde00000-6f19dde04000 ---p 00000000 00:00 0 
6f19dde04000-6f19ddf00000 rw-p 00000000 00:00 0 
6f19ddf00000-6f19ddf04000 ---p 00000000 00:00 0 
6f19ddf04000-6f19de000000 rw-p 00000000 00:00 0 
6f19de000000-6f19de004000 ---p 00000000 00:00 0 
6f19de004000-6f19de100000 rw-p 00000000 00:00 0 
6f19de100000-6f19de104000 ---p 00000000 00:00 0 
6f19de104000-6f19de200000 rw-p 00000000 00:00 0 
6f19de200000-6f19de204000 ---p 00000000 00:00 0 
6f19de204000-6f19de300000 rw-p 00000000 00:00 0 
6f19de300000-6f19de304000 ---p 00000000 00:00 0 
6f19de304000-6f19de400000 rw-p 00000000 00:00 0 
6f19de400000-6f19de404000 ---p 00000000 00:00 0 
6f19de404000-6f19de500000 rw-p 00000000 00:00 0 
6f19de500000-6f19de504000 ---p 00000000 00:00 0 
6f19de504000-6f19de600000 rw-p 00000000 00:00 0 
6f19de600000-6f19de604000 ---p 00000000 00:00 0 
6f19de604000-6f19de700000 rw-p 00000000 00:00 0 
6f19de700000-6f19de704000 ---p 00000000 00:00 0 
6f19de704000-6f19de800000 rw-p 00000000 00:00 0 
6f19de800000-6f19de804000 ---p 00000000 00:00 0 
6f19de804000-6f19de900000 rw-p 00000000 00:00 0 
6f19de900000-6f19de904000 ---p 00000000 00:00 0 
6f19de904000-6f19dea00000 rw-p 00000000 00:00 0 
6f19dea00000-6f19dea04000 ---p 00000000 00:00 0 
6f19dea04000-6f19deb00000 rw-p 00000000 00:00 0 
6f19deb00000-6f19deb04000 ---p 00000000 00:00 0 
6f19deb04000-6f19dec00000 rw-p 00000000 00:00 0 
6f19dec00000-6f19dec04000 ---p 00000000 00:00 0 
6f19dec04000-6f19ded00000 rw-p 00000000 00:00 0 
6f19ded00000-6f19ded04000 ---p 00000000 00:00 0 
6f19ded04000-6f19dee00000 rw-p 00000000 00:00 0 
6f19dee00000-6f19dee04000 ---p 00000000 00:00 0 
6f19dee04000-6f19def00000 rw-p 00000000 00:00 0 
6f19def00000-6f19def04000 ---p 00000000 00:00 0 
6f19def04000-6f19df000000 rw-p 00000000 00:00 0 
6f19df000000-6f19dfca3000 rw-p 00001000 fc:00 49677060                   /mydata/openjdk-mmtk/build/b0test/images/jdk/lib/server/classes.jsa
6f19dfca3000-6f19e0000000 ---p 00000000 00:00 0 
6f19e0000000-6f19e0040000 rw-p 00000000 00:00 0 
6f19e0040000-6f19e00c0000 rw-p 00000000 00:00 0 
6f19e00c0000-6f19e00e0000 rw-p 00000000 00:00 0 
6f19e00e0000-6f19e0100000 ---p 00000000 00:00 0 
6f19e0100000-6f19e01d0000 rw-p 00000000 00:00 0 
6f19e01d0000-6f1a20000000 ---p 00000000 00:00 0 
6f1a20000000-6f1a20021000 rw-p 00000000 00:00 0 
6f1a20021000-6f1a24004000 ---p 00000000 00:00 0 
6f1a24004000-6f1a24100000 rw-p 00000000 00:00 0 
6f1a24100000-6f1a24104000 ---p 00000000 00:00 0 
6f1a24104000-6f1a24200000 rw-p 00000000 00:00 0 
6f1a24200000-6f1a24204000 ---p 00000000 00:00 0 
6f1a24204000-6f1a24300000 rw-p 00000000 00:00 0 
6f1a24300000-6f1a24304000 ---p 00000000 00:00 0 
6f1a24304000-6f1a24400000 rw-p 00000000 00:00 0 
6f1a24400000-6f1a24404000 ---p 00000000 00:00 0 
6f1a24404000-6f1a24500000 rw-p 00000000 00:00 0 
6f1a24500000-6f1a24504000 ---p 00000000 00:00 0 
6f1a24504000-6f1a24600000 rw-p 00000000 00:00 0 
6f1a24600000-6f1a24a65000 r--s 00000000 fc:00 7871857                    /mydata/dacapo/dacapo-23.11/dacapo-23.11-MR2-chopin/dat/lusearch/index-default/_3_Lucene90_0.tim
6f1a24b00000-6f1a24b04000 ---p 00000000 00:00 0 
6f1a24b04000-6f1a24c00000 rw-p 00000000 00:00 0 
6f1a24c00000-6f1a25001000 r--s 00000000 fc:00 7871856                    /mydata/dacapo/dacapo-23.11/dacapo-23.11-MR2-chopin/dat/lusearch/index-default/_3_Lucene90_0.doc
6f1a25100000-6f1a25104000 ---p 00000000 00:00 0 
6f1a25104000-6f1a25200000 rw-p 00000000 00:00 0 
6f1a25200000-6f1a28200000 rw-p 00000000 00:00 0 
6f1a282fc000-6f1a28300000 ---p 00000000 00:00 0 
6f1a28300000-6f1a283fc000 rw-p 00000000 00:00 0 
6f1a283fc000-6f1a58400000 rw-p 00000000 00:00 0 
6f1a58400000-6f1a59400000 ---p 00000000 00:00 0                          [anon:mmtk:sidemeta:all:all-quarantined]
6f1a59400000-6f1a59c00000 rw-p 00000000 00:00 0                          [anon:mmtk:sidemeta:immix:VO_BIT]
6f1a59c00000-711a5a400000 ---p 00000000 00:00 0                          [anon:mmtk:sidemeta:all:all-quarantined]
711a5a400000-711a5a800000 rw-p 00000000 00:00 0                          [anon:mmtk:sidemeta:immix:CHUNK_MARK]
711a5a800000-711a5d400000 ---p 00000000 00:00 0                          [anon:mmtk:sidemeta:all:all-quarantined]
711a5d400000-711a5dc00000 rw-p 00000000 00:00 0                          [anon:mmtk:sidemeta:immix:VMGlobalLogBitSpec]
711a5dc00000-73225c800000 ---p 00000000 00:00 0                          [anon:mmtk:sidemeta:all:all-quarantined]
73225c800000-73225cc00000 rw-p 00000000 00:00 0                          [anon:mmtk:sidemeta:immix:IX_LINE_MARK]
73225cc00000-73a25c400000 ---p 00000000 00:00 0                          [anon:mmtk:sidemeta:all:all-quarantined]
73a25c400000-73a25c800000 rw-p 00000000 00:00 0                          [anon:mmtk:sidemeta:immix:IX_BLOCK_DEFRAG]
73a25c800000-73a35c400000 ---p 00000000 00:00 0                          [anon:mmtk:sidemeta:all:all-quarantined]
73a35c400000-73a35c800000 rw-p 00000000 00:00 0                          [anon:mmtk:sidemeta:immix:IX_BLOCK_MARK]
73a35c800000-79c4dc400000 ---p 00000000 00:00 0                          [anon:mmtk:sidemeta:all:all-quarantined]
79c4dc400000-79c4dc800000 rw-p 00000000 00:00 0                          [anon:mmtk:sidemeta:los:VMLocalLOSMarkNurserySpec]
79c4dc800000-79c6dd400000 ---p 00000000 00:00 0                          [anon:mmtk:sidemeta:all:all-quarantined]
79c6dd400000-79c6ddc00000 rw-p 00000000 00:00 0                          [anon:mmtk:sidemeta:immix:VMLocalMarkBitSpec]
79c6ddc00000-7bc6dc400000 ---p 00000000 00:00 0                          [anon:mmtk:sidemeta:all:all-quarantined]
7bc6dc4ff000-7bc6dc503000 ---p 00000000 00:00 0 
7bc6dc503000-7bc6dc5ff000 rw-p 00000000 00:00 0 
7bc6dc5ff000-7bc6dc603000 ---p 00000000 00:00 0 
7bc6dc603000-7bc6dc6ff000 rw-p 00000000 00:00 0 
7bc6dc6ff000-7bc6dc703000 ---p 00000000 00:00 0 
7bc6dc703000-7bc6dc7ff000 rw-p 00000000 00:00 0 
7bc6dc7ff000-7bc6fc800000 rw-p 00000000 00:00 0 
7bc6fc800000-7bc6fcd10000 rwxp 00000000 00:00 0 
7bc6fcd10000-7bc703c17000 ---p 00000000 00:00 0 
7bc703c17000-7bc703fa7000 rwxp 00000000 00:00 0 
7bc703fa7000-7bc7043e8000 ---p 00000000 00:00 0 
7bc7043e8000-7bc704658000 rwxp 00000000 00:00 0 
7bc704658000-7bc70b800000 ---p 00000000 00:00 0 
7bc70b800000-7bc713fa0000 r--s 00000000 fc:00 49676300                   /mydata/openjdk-mmtk/build/b0test/images/jdk/lib/modules
7bc714000000-7bc7147e7000 rw-p 00000000 00:00 0 
7bc7147e7000-7bc718000000 ---p 00000000 00:00 0 
7bc718018000-7bc71801c000 ---p 00000000 00:00 0 
7bc71801c000-7bc718118000 rw-p 00000000 00:00 0 
7bc718118000-7bc71811c000 ---p 00000000 00:00 0 
7bc71811c000-7bc718218000 rw-p 00000000 00:00 0 
7bc718218000-7bc71821c000 ---p 00000000 00:00 0 
7bc71821c000-7bc718318000 rw-p 00000000 00:00 0 
7bc718318000-7bc71831c000 ---p 00000000 00:00 0 
7bc71831c000-7bc718418000 rw-p 00000000 00:00 0 
7bc718418000-7bc71841d000 r--p 00000000 fc:00 49676433                   /mydata/openjdk-mmtk/build/b0test/images/jdk/lib/libjsvml.so
7bc71841d000-7bc71845e000 r-xp 00005000 fc:00 49676433                   /mydata/openjdk-mmtk/build/b0test/images/jdk/lib/libjsvml.so
7bc71845e000-7bc7184e7000 r--p 00046000 fc:00 49676433                   /mydata/openjdk-mmtk/build/b0test/images/jdk/lib/libjsvml.so
7bc7184e7000-7bc7184e8000 r--p 000ce000 fc:00 49676433                   /mydata/openjdk-mmtk/build/b0test/images/jdk/lib/libjsvml.so
7bc7184e8000-7bc7184e9000 rw-p 000cf000 fc:00 49676433                   /mydata/openjdk-mmtk/build/b0test/images/jdk/lib/libjsvml.so
7bc7184e9000-7bc7184ed000 ---p 00000000 00:00 0 
7bc7184ed000-7bc7185e9000 rw-p 00000000 00:00 0 
7bc7185e9000-7bc7185ed000 ---p 00000000 00:00 0 
7bc7185ed000-7bc7186e9000 rw-p 00000000 00:00 0 
7bc7186e9000-7bc7186ed000 ---p 00000000 00:00 0 
7bc7186ed000-7bc7187e9000 rw-p 00000000 00:00 0 
7bc7187e9000-7bc7187ed000 ---p 00000000 00:00 0 
7bc7187ed000-7bc7188e9000 rw-p 00000000 00:00 0 
7bc7188e9000-7bc7188ed000 ---p 00000000 00:00 0 
7bc7188ed000-7bc7189e9000 rw-p 00000000 00:00 0 
7bc7189e9000-7bc7189ea000 ---p 00000000 00:00 0 
7bc7189ea000-7bc718aea000 rw-p 00000000 00:00 0 
7bc718aea000-7bc718aeb000 ---p 00000000 00:00 0 
7bc718aeb000-7bc718beb000 rw-p 00000000 00:00 0 
7bc718beb000-7bc718bec000 ---p 00000000 00:00 0 
7bc718bec000-7bc718cec000 rw-p 00000000 00:00 0 
7bc718cec000-7bc718ced000 ---p 00000000 00:00 0 
7bc718ced000-7bc718ded000 rw-p 00000000 00:00 0 
7bc718ded000-7bc718dee000 ---p 00000000 00:00 0 
7bc718dee000-7bc718eee000 rw-p 00000000 00:00 0 
7bc718eee000-7bc718eef000 ---p 00000000 00:00 0 
7bc718eef000-7bc718fef000 rw-p 00000000 00:00 0 
7bc718fef000-7bc718ff0000 ---p 00000000 00:00 0 
7bc718ff0000-7bc7190f0000 rw-p 00000000 00:00 0 
7bc7190f0000-7bc7190f1000 ---p 00000000 00:00 0 
7bc7190f1000-7bc7191f1000 rw-p 00000000 00:00 0 
7bc7191f1000-7bc7191f2000 ---p 00000000 00:00 0 
7bc7191f2000-7bc7192f2000 rw-p 00000000 00:00 0 
7bc7192f2000-7bc7192f3000 ---p 00000000 00:00 0 
7bc7192f3000-7bc7193f3000 rw-p 00000000 00:00 0 
7bc7193f3000-7bc7193f4000 ---p 00000000 00:00 0 
7bc7193f4000-7bc7194f4000 rw-p 00000000 00:00 0 
7bc7194f4000-7bc7194f5000 ---p 00000000 00:00 0 
7bc7194f5000-7bc7195f5000 rw-p 00000000 00:00 0 
7bc7195f5000-7bc7195f6000 ---p 00000000 00:00 0 
7bc7195f6000-7bc7196f6000 rw-p 00000000 00:00 0 
7bc7196f6000-7bc7196f7000 ---p 00000000 00:00 0 
7bc7196f7000-7bc7197f7000 rw-p 00000000 00:00 0 
7bc7197f7000-7bc7197f8000 ---p 00000000 00:00 0 
7bc7197f8000-7bc7198f8000 rw-p 00000000 00:00 0 
7bc7198f8000-7bc7198f9000 ---p 00000000 00:00 0 
7bc7198f9000-7bc7199f9000 rw-p 00000000 00:00 0 
7bc7199f9000-7bc7199fa000 ---p 00000000 00:00 0 
7bc7199fa000-7bc719afa000 rw-p 00000000 00:00 0 
7bc719afa000-7bc719afb000 ---p 00000000 00:00 0 
7bc719afb000-7bc719bfb000 rw-p 00000000 00:00 0 
7bc719bfb000-7bc719bfc000 ---p 00000000 00:00 0 
7bc719bfc000-7bc719cfc000 rw-p 00000000 00:00 0 
7bc719cfc000-7bc719cfd000 ---p 00000000 00:00 0 
7bc719cfd000-7bc719dfd000 rw-p 00000000 00:00 0 
7bc719dfd000-7bc719dfe000 ---p 00000000 00:00 0 
7bc719dfe000-7bc719efe000 rw-p 00000000 00:00 0 
7bc719efe000-7bc719eff000 ---p 00000000 00:00 0 
7bc719eff000-7bc719fff000 rw-p 00000000 00:00 0 
7bc719fff000-7bc71a000000 ---p 00000000 00:00 0 
7bc71a000000-7bc71a100000 rw-p 00000000 00:00 0 
7bc71a100000-7bc71a104000 ---p 00000000 00:00 0 
7bc71a104000-7bc71a200000 rw-p 00000000 00:00 0 
7bc71a200000-7bc71a204000 ---p 00000000 00:00 0 
7bc71a204000-7bc71a300000 rw-p 00000000 00:00 0 
7bc71a300000-7bc71a304000 ---p 00000000 00:00 0 
7bc71a304000-7bc71a400000 rw-p 00000000 00:00 0 
7bc71a400000-7bc71a6eb000 r--p 00000000 08:03 1410552                    /usr/lib/locale/locale-archive
7bc71a6fc000-7bc71a6fd000 ---p 00000000 00:00 0 
7bc71a6fd000-7bc71a7fd000 rw-p 00000000 00:00 0 
7bc71a7fd000-7bc71a7fe000 ---p 00000000 00:00 0 
7bc71a7fe000-7bc71a8fe000 rw-p 00000000 00:00 0 
7bc71a8fe000-7bc71a8ff000 ---p 00000000 00:00 0 
7bc71a8ff000-7bc71a9ff000 rw-p 00000000 00:00 0 
7bc71a9ff000-7bc71b000000 rw-p 00000000 00:00 0 
7bc71b000000-7bc71b00c000 r--p 00000000 fc:00 13107796                   /mydata/gc-bpf-fault/shim/libgcbpf.so
7bc71b00c000-7bc71b06e000 r-xp 0000c000 fc:00 13107796                   /mydata/gc-bpf-fault/shim/libgcbpf.so
7bc71b06e000-7bc71b2de000 r--p 0006e000 fc:00 13107796                   /mydata/gc-bpf-fault/shim/libgcbpf.so
7bc71b2de000-7bc71b2e0000 r--p 002de000 fc:00 13107796                   /mydata/gc-bpf-fault/shim/libgcbpf.so
7bc71b2e0000-7bc71b2e1000 rw-p 002e0000 fc:00 13107796                   /mydata/gc-bpf-fault/shim/libgcbpf.so
7bc71b2e1000-7bc71b2e2000 rw-p 00000000 00:00 0 
7bc71b314000-7bc71b31b000 r--s 00000000 08:03 1436340                    /usr/lib/x86_64-linux-gnu/gconv/gconv-modules.cache
7bc71b31b000-7bc71b342000 r--s 00000000 fc:00 7871850                    /mydata/dacapo/dacapo-23.11/dacapo-23.11-MR2-chopin/dat/lusearch/index-default/_3.fdt
7bc71b342000-7bc71b365000 r--s 00000000 fc:00 7871858                    /mydata/dacapo/dacapo-23.11/dacapo-23.11-MR2-chopin/dat/lusearch/index-default/_3_Lucene90_0.tip
7bc71b365000-7bc71b368000 r--p 00000000 fc:00 49676376                   /mydata/openjdk-mmtk/build/b0test/images/jdk/lib/libnet.so
7bc71b368000-7bc71b370000 r-xp 00003000 fc:00 49676376                   /mydata/openjdk-mmtk/build/b0test/images/jdk/lib/libnet.so
7bc71b370000-7bc71b372000 r--p 0000b000 fc:00 49676376                   /mydata/openjdk-mmtk/build/b0test/images/jdk/lib/libnet.so
7bc71b372000-7bc71b373000 r--p 0000c000 fc:00 49676376                   /mydata/openjdk-mmtk/build/b0test/images/jdk/lib/libnet.so
7bc71b373000-7bc71b374000 rw-p 0000d000 fc:00 49676376                   /mydata/openjdk-mmtk/build/b0test/images/jdk/lib/libnet.so
7bc71b374000-7bc71b378000 r--p 00000000 08:03 1410107                    /usr/lib/x86_64-linux-gnu/libzstd.so.1.5.5
7bc71b378000-7bc71b41f000 r-xp 00004000 08:03 1410107                    /usr/lib/x86_64-linux-gnu/libzstd.so.1.5.5
7bc71b41f000-7bc71b42c000 r--p 000ab000 08:03 1410107                    /usr/lib/x86_64-linux-gnu/libzstd.so.1.5.5
7bc71b42c000-7bc71b42d000 r--p 000b7000 08:03 1410107                    /usr/lib/x86_64-linux-gnu/libzstd.so.1.5.5
7bc71b42d000-7bc71b42e000 rw-p 000b8000 08:03 1410107                    /usr/lib/x86_64-linux-gnu/libzstd.so.1.5.5
7bc71b42e000-7bc71b433000 rw-p 00000000 00:00 0 
7bc71b433000-7bc71b517000 ---p 00000000 00:00 0 
7bc71b517000-7bc71b522000 rw-p 00000000 00:00 0 
7bc71b522000-7bc71b600000 ---p 00000000 00:00 0 
7bc71b600000-7bc71b748000 r--p 00000000 fc:00 49676390                   /mydata/openjdk-mmtk/build/b0test/images/jdk/lib/server/libmmtk_openjdk.so
7bc71b748000-7bc71b9c7000 r-xp 00147000 fc:00 49676390                   /mydata/openjdk-mmtk/build/b0test/images/jdk/lib/server/libmmtk_openjdk.so
7bc71b9c7000-7bc71ba07000 r--p 003c5000 fc:00 49676390                   /mydata/openjdk-mmtk/build/b0test/images/jdk/lib/server/libmmtk_openjdk.so
7bc71ba07000-7bc71ba0a000 rw-p 00404000 fc:00 49676390                   /mydata/openjdk-mmtk/build/b0test/images/jdk/lib/server/libmmtk_openjdk.so
7bc71ba0a000-7bc71ba0c000 rw-p 00000000 00:00 0 
7bc71ba0f000-7bc71ba11000 r--p 00000000 fc:00 49676482                   /mydata/openjdk-mmtk/build/b0test/images/jdk/lib/libmanagement_ext.so
7bc71ba11000-7bc71ba14000 r-xp 00002000 fc:00 49676482                   /mydata/openjdk-mmtk/build/b0test/images/jdk/lib/libmanagement_ext.so
7bc71ba14000-7bc71ba15000 r--p 00005000 fc:00 49676482                   /mydata/openjdk-mmtk/build/b0test/images/jdk/lib/libmanagement_ext.so
7bc71ba15000-7bc71ba16000 r--p 00006000 fc:00 49676482                   /mydata/openjdk-mmtk/build/b0test/images/jdk/lib/libmanagement_ext.so
7bc71ba16000-7bc71ba17000 rw-p 00007000 fc:00 49676482                   /mydata/openjdk-mmtk/build/b0test/images/jdk/lib/libmanagement_ext.so
7bc71ba17000-7bc71ba1b000 ---p 00000000 00:00 0 
7bc71ba1b000-7bc71bb17000 rw-p 00000000 00:00 0 
7bc71bb17000-7bc71bb27000 r--p 00000000 08:03 1411099                    /usr/lib/x86_64-linux-gnu/libm.so.6
7bc71bb27000-7bc71bba6000 r-xp 00010000 08:03 1411099                    /usr/lib/x86_64-linux-gnu/libm.so.6
7bc71bba6000-7bc71bbfe000 r--p 0008f000 08:03 1411099                    /usr/lib/x86_64-linux-gnu/libm.so.6
7bc71bbfe000-7bc71bbff000 r--p 000e7000 08:03 1411099                    /usr/lib/x86_64-linux-gnu/libm.so.6
7bc71bbff000-7bc71bc00000 rw-p 000e8000 08:03 1411099                    /usr/lib/x86_64-linux-gnu/libm.so.6
7bc71bc00000-7bc71bea9000 r--p 00000000 fc:00 49676389                   /mydata/openjdk-mmtk/build/b0test/images/jdk/lib/server/libjvm.so
7bc71bea9000-7bc71cd3c000 r-xp 002a9000 fc:00 49676389                   /mydata/openjdk-mmtk/build/b0test/images/jdk/lib/server/libjvm.so
7bc71cd3c000-7bc71d020000 r--p 0113c000 fc:00 49676389                   /mydata/openjdk-mmtk/build/b0test/images/jdk/lib/server/libjvm.so
7bc71d020000-7bc71d0f6000 r--p 0141f000 fc:00 49676389                   /mydata/openjdk-mmtk/build/b0test/images/jdk/lib/server/libjvm.so
7bc71d0f6000-7bc71d126000 rw-p 014f5000 fc:00 49676389                   /mydata/openjdk-mmtk/build/b0test/images/jdk/lib/server/libjvm.so
7bc71d126000-7bc71d18c000 rw-p 00000000 00:00 0 
7bc71d191000-7bc71d193000 r--p 00000000 fc:00 49676410                   /mydata/openjdk-mmtk/build/b0test/images/jdk/lib/libmanagement.so
7bc71d193000-7bc71d194000 r-xp 00002000 fc:00 49676410                   /mydata/openjdk-mmtk/build/b0test/images/jdk/lib/libmanagement.so
7bc71d194000-7bc71d195000 r--p 00003000 fc:00 49676410                   /mydata/openjdk-mmtk/build/b0test/images/jdk/lib/libmanagement.so
7bc71d195000-7bc71d196000 r--p 00003000 fc:00 49676410                   /mydata/openjdk-mmtk/build/b0test/images/jdk/lib/libmanagement.so
7bc71d196000-7bc71d197000 rw-p 00004000 fc:00 49676410                   /mydata/openjdk-mmtk/build/b0test/images/jdk/lib/libmanagement.so
7bc71d197000-7bc71d19e000 r--p 00000000 fc:00 49676377                   /mydata/openjdk-mmtk/build/b0test/images/jdk/lib/libnio.so
7bc71d19e000-7bc71d1a7000 r-xp 00007000 fc:00 49676377                   /mydata/openjdk-mmtk/build/b0test/images/jdk/lib/libnio.so
7bc71d1a7000-7bc71d1ab000 r--p 00010000 fc:00 49676377                   /mydata/openjdk-mmtk/build/b0test/images/jdk/lib/libnio.so
7bc71d1ab000-7bc71d1ac000 r--p 00014000 fc:00 49676377                   /mydata/openjdk-mmtk/build/b0test/images/jdk/lib/libnio.so
7bc71d1ac000-7bc71d1ad000 rw-p 00015000 fc:00 49676377                   /mydata/openjdk-mmtk/build/b0test/images/jdk/lib/libnio.so
7bc71d1ad000-7bc71d1b0000 r--p 00000000 08:03 1410420                    /usr/lib/x86_64-linux-gnu/libelf-0.190.so
7bc71d1b0000-7bc71d1c6000 r-xp 00003000 08:03 1410420                    /usr/lib/x86_64-linux-gnu/libelf-0.190.so
7bc71d1c6000-7bc71d1ca000 r--p 00019000 08:03 1410420                    /usr/lib/x86_64-linux-gnu/libelf-0.190.so
7bc71d1ca000-7bc71d1cb000 r--p 0001c000 08:03 1410420                    /usr/lib/x86_64-linux-gnu/libelf-0.190.so
7bc71d1cb000-7bc71d1cc000 rw-p 0001d000 08:03 1410420                    /usr/lib/x86_64-linux-gnu/libelf-0.190.so
7bc71d1cc000-7bc71d1d4000 rw-p 00000000 00:00 0 
7bc71d1d4000-7bc71d1dc000 ---p 00000000 00:00 0 
7bc71d1dc000-7bc71d1e9000 r--p 00000000 fc:00 49676369                   /mydata/openjdk-mmtk/build/b0test/images/jdk/lib/libjava.so
7bc71d1e9000-7bc71d1f8000 r-xp 0000d000 fc:00 49676369                   /mydata/openjdk-mmtk/build/b0test/images/jdk/lib/libjava.so
7bc71d1f8000-7bc71d1fd000 r--p 0001c000 fc:00 49676369                   /mydata/openjdk-mmtk/build/b0test/images/jdk/lib/libjava.so
7bc71d1fd000-7bc71d1fe000 r--p 00021000 fc:00 49676369                   /mydata/openjdk-mmtk/build/b0test/images/jdk/lib/libjava.so
7bc71d1fe000-7bc71d1ff000 rw-p 00022000 fc:00 49676369                   /mydata/openjdk-mmtk/build/b0test/images/jdk/lib/libjava.so
7bc71d1ff000-7bc71d200000 rw-p 00000000 00:00 0 
7bc71d200000-7bc71d228000 r--p 00000000 08:03 1410238                    /usr/lib/x86_64-linux-gnu/libc.so.6
7bc71d228000-7bc71d3b0000 r-xp 00028000 08:03 1410238                    /usr/lib/x86_64-linux-gnu/libc.so.6
7bc71d3b0000-7bc71d3ff000 r--p 001b0000 08:03 1410238                    /usr/lib/x86_64-linux-gnu/libc.so.6
7bc71d3ff000-7bc71d403000 r--p 001fe000 08:03 1410238                    /usr/lib/x86_64-linux-gnu/libc.so.6
7bc71d403000-7bc71d405000 rw-p 00202000 08:03 1410238                    /usr/lib/x86_64-linux-gnu/libc.so.6
7bc71d405000-7bc71d412000 rw-p 00000000 00:00 0 
7bc71d413000-7bc71d415000 r--p 00000000 fc:00 49676380                   /mydata/openjdk-mmtk/build/b0test/images/jdk/lib/libzip.so
7bc71d415000-7bc71d41a000 r-xp 00002000 fc:00 49676380                   /mydata/openjdk-mmtk/build/b0test/images/jdk/lib/libzip.so
7bc71d41a000-7bc71d41c000 r--p 00007000 fc:00 49676380                   /mydata/openjdk-mmtk/build/b0test/images/jdk/lib/libzip.so
7bc71d41c000-7bc71d41d000 r--p 00008000 fc:00 49676380                   /mydata/openjdk-mmtk/build/b0test/images/jdk/lib/libzip.so
7bc71d41d000-7bc71d41e000 rw-p 00009000 fc:00 49676380                   /mydata/openjdk-mmtk/build/b0test/images/jdk/lib/libzip.so
7bc71d41e000-7bc71d426000 rw-s 00000000 08:03 237600                     /tmp/hsperfdata_root/450121
7bc71d426000-7bc71d42a000 r--p 00000000 fc:00 49676370                   /mydata/openjdk-mmtk/build/b0test/images/jdk/lib/libjimage.so
7bc71d42a000-7bc71d441000 r-xp 00004000 fc:00 49676370                   /mydata/openjdk-mmtk/build/b0test/images/jdk/lib/libjimage.so
7bc71d441000-7bc71d446000 r--p 0001b000 fc:00 49676370                   /mydata/openjdk-mmtk/build/b0test/images/jdk/lib/libjimage.so
7bc71d446000-7bc71d448000 r--p 00020000 fc:00 49676370                   /mydata/openjdk-mmtk/build/b0test/images/jdk/lib/libjimage.so
7bc71d448000-7bc71d449000 rw-p 00022000 fc:00 49676370                   /mydata/openjdk-mmtk/build/b0test/images/jdk/lib/libjimage.so
7bc71d449000-7bc71d44d000 r--p 00000000 08:03 1410148                    /usr/lib/x86_64-linux-gnu/libgcc_s.so.1
7bc71d44d000-7bc71d471000 r-xp 00004000 08:03 1410148                    /usr/lib/x86_64-linux-gnu/libgcc_s.so.1
7bc71d471000-7bc71d475000 r--p 00028000 08:03 1410148                    /usr/lib/x86_64-linux-gnu/libgcc_s.so.1
7bc71d475000-7bc71d476000 r--p 0002b000 08:03 1410148                    /usr/lib/x86_64-linux-gnu/libgcc_s.so.1
7bc71d476000-7bc71d477000 rw-p 0002c000 08:03 1410148                    /usr/lib/x86_64-linux-gnu/libgcc_s.so.1
7bc71d477000-7bc71d479000 rw-p 00000000 00:00 0 
7bc71d479000-7bc71d47b000 r--p 00000000 08:03 1409104                    /usr/lib/x86_64-linux-gnu/libz.so.1.3
7bc71d47b000-7bc71d48d000 r-xp 00002000 08:03 1409104                    /usr/lib/x86_64-linux-gnu/libz.so.1.3
7bc71d48d000-7bc71d493000 r--p 00014000 08:03 1409104                    /usr/lib/x86_64-linux-gnu/libz.so.1.3
7bc71d493000-7bc71d494000 r--p 0001a000 08:03 1409104                    /usr/lib/x86_64-linux-gnu/libz.so.1.3
7bc71d494000-7bc71d495000 rw-p 0001b000 08:03 1409104                    /usr/lib/x86_64-linux-gnu/libz.so.1.3
7bc71d496000-7bc71d497000 r--s 00000000 fc:00 7871851                    /mydata/dacapo/dacapo-23.11/dacapo-23.11-MR2-chopin/dat/lusearch/index-default/_3.fdx
7bc71d498000-7bc71d49a000 r--s 00000000 fc:00 7871853                    /mydata/dacapo/dacapo-23.11/dacapo-23.11-MR2-chopin/dat/lusearch/index-default/_3.nvd
7bc71d49a000-7bc71d49b000 rw-s 00000000 00:10 68                         anon_inode:bpf-map
7bc71d49b000-7bc71d49c000 r--s 00000000 00:10 68                         anon_inode:bpf-map
7bc71d49c000-7bc71d49d000 ---p 00000000 00:00 0 
7bc71d49d000-7bc71d49e000 r--p 00000000 00:00 0 
7bc71d49e000-7bc71d49f000 ---p 00000000 00:00 0 
7bc71d49f000-7bc71d4a1000 r--p 00000000 fc:00 49676372                   /mydata/openjdk-mmtk/build/b0test/images/jdk/lib/libjli.so
7bc71d4a1000-7bc71d4ab000 r-xp 00002000 fc:00 49676372                   /mydata/openjdk-mmtk/build/b0test/images/jdk/lib/libjli.so
7bc71d4ab000-7bc71d4ae000 r--p 0000c000 fc:00 49676372                   /mydata/openjdk-mmtk/build/b0test/images/jdk/lib/libjli.so
7bc71d4ae000-7bc71d4af000 r--p 0000f000 fc:00 49676372                   /mydata/openjdk-mmtk/build/b0test/images/jdk/lib/libjli.so
7bc71d4af000-7bc71d4b0000 rw-p 00010000 fc:00 49676372                   /mydata/openjdk-mmtk/build/b0test/images/jdk/lib/libjli.so
7bc71d4b0000-7bc71d4b2000 rw-p 00000000 00:00 0 
7bc71d4b2000-7bc71d4b6000 r--p 00000000 00:00 0                          [vvar]
7bc71d4b6000-7bc71d4b8000 r--p 00000000 00:00 0                          [vvar_vclock]
7bc71d4b8000-7bc71d4ba000 r-xp 00000000 00:00 0                          [vdso]
7bc71d4ba000-7bc71d4bb000 r--p 00000000 08:03 1409763                    /usr/lib/x86_64-linux-gnu/ld-linux-x86-64.so.2
7bc71d4bb000-7bc71d4e6000 r-xp 00001000 08:03 1409763                    /usr/lib/x86_64-linux-gnu/ld-linux-x86-64.so.2
7bc71d4e6000-7bc71d4f0000 r--p 0002c000 08:03 1409763                    /usr/lib/x86_64-linux-gnu/ld-linux-x86-64.so.2
7bc71d4f0000-7bc71d4f2000 r--p 00036000 08:03 1409763                    /usr/lib/x86_64-linux-gnu/ld-linux-x86-64.so.2
7bc71d4f2000-7bc71d4f4000 rw-p 00038000 08:03 1409763                    /usr/lib/x86_64-linux-gnu/ld-linux-x86-64.so.2
7ffe3d9f2000-7ffe3da13000 rw-p 00000000 00:00 0                          [stack]
ffffffffff600000-ffffffffff601000 --xp 00000000 00:00 0                  [vsyscall]
Total number of mappings: 509

JVMTI agents: none


VM Arguments:
jvm_args: -XX:+UseThirdPartyHeap -Xms512m -Xmx512m 
java_command: /mydata/dacapo/dacapo-23.11/dacapo-23.11-MR2-chopin.jar lusearch -n 3
java_class_path (initial): /mydata/dacapo/dacapo-23.11/dacapo-23.11-MR2-chopin.jar
Launcher Type: SUN_STANDARD

[Global flags]
     intx CICompilerCount                          = 15                                        {product} {ergonomic}
   size_t InitialHeapSize                          = 536870912                                 {product} {command line}
   size_t MaxHeapSize                              = 536870912                                 {product} {command line}
   size_t MinHeapDeltaBytes                        = 524288                                    {product} {ergonomic}
   size_t MinHeapSize                              = 536870912                                 {product} {command line}
    uintx NonNMethodCodeHeapSize                   = 8192380                                {pd product} {ergonomic}
    uintx NonProfiledCodeHeapSize                  = 121732930                              {pd product} {ergonomic}
    uintx ProfiledCodeHeapSize                     = 121732930                              {pd product} {ergonomic}
    uintx ReservedCodeCacheSize                    = 251658240                              {pd product} {ergonomic}
     bool SegmentedCodeCache                       = true                                      {product} {ergonomic}
   size_t SoftMaxHeapSize                          = 536870912                              {manageable} {ergonomic}
     bool UseCompressedOops                        = true                           {product lp64_product} {ergonomic}

Logging:
Log output configuration:
 #0: stdout all=warning uptime,level,tags foldmultilines=false
 #1: stderr all=off uptime,level,tags foldmultilines=false

Release file:
IMPLEMENTOR="N/A"
JAVA_RUNTIME_VERSION="21.0.9-internal-adhoc.talzuss.openjdk-mmtk"
JAVA_VERSION="21.0.9"
JAVA_VERSION_DATE="2025-10-21"
LIBC="gnu"
MODULES="java.base java.compiler java.datatransfer java.xml java.prefs java.desktop java.instrument java.logging java.management java.security.sasl java.naming java.rmi java.management.rmi java.net.http java.scripting java.security.jgss java.transaction.xa java.sql java.sql.rowset java.xml.crypto java.se java.smartcardio jdk.accessibility jdk.internal.jvmstat jdk.attach jdk.charsets jdk.internal.opt jdk.zipfs jdk.compiler jdk.crypto.ec jdk.crypto.cryptoki jdk.dynalink jdk.internal.ed jdk.editpad jdk.hotspot.agent jdk.httpserver jdk.incubator.vector jdk.internal.le jdk.internal.vm.ci jdk.internal.vm.compiler jdk.internal.vm.compiler.management jdk.jartool jdk.javadoc jdk.jcmd jdk.management jdk.management.agent jdk.jconsole jdk.jdeps jdk.jdwp.agent jdk.jdi jdk.jfr jdk.jlink jdk.jpackage jdk.jshell jdk.jsobject jdk.jstatd jdk.localedata jdk.management.jfr jdk.naming.dns jdk.naming.rmi jdk.net jdk.nio.mapmode jdk.random jdk.sctp jdk.security.auth jdk.security.jgss jdk.unsupported jdk.unsupported.desktop jdk.xml.dom"
OS_ARCH="x86_64"
OS_NAME="Linux"
SOURCE=".:git:b557520f04b3+"

Environment Variables:
PATH=/usr/local/sbin:/usr/local/bin:/usr/sbin:/usr/bin:/sbin:/bin:/snap/bin
SHELL=/bin/bash
LANG=en_US.UTF-8
TERM=tmux-256color

Active Locale:
LC_ALL=en_US.UTF-8
LC_COLLATE=en_US.UTF-8
LC_CTYPE=en_US.UTF-8
LC_MESSAGES=en_US.UTF-8
LC_MONETARY=en_US.UTF-8
LC_NUMERIC=en_US.UTF-8
LC_TIME=en_US.UTF-8

Signal Handlers:
   SIGSEGV: crash_handler in libjvm.so, mask=11100100010111111101111111111110, flags=SA_RESTART|SA_SIGINFO, unblocked
    SIGBUS: crash_handler in libjvm.so, mask=11100100010111111101111111111110, flags=SA_RESTART|SA_SIGINFO, unblocked
    SIGFPE: crash_handler in libjvm.so, mask=11100100010111111101111111111110, flags=SA_RESTART|SA_SIGINFO, unblocked
   SIGPIPE: javaSignalHandler in libjvm.so, mask=11100100010111111101111111111110, flags=SA_RESTART|SA_SIGINFO, blocked
   SIGXFSZ: javaSignalHandler in libjvm.so, mask=11100100010111111101111111111110, flags=SA_RESTART|SA_SIGINFO, blocked
    SIGILL: crash_handler in libjvm.so, mask=11100100010111111101111111111110, flags=SA_RESTART|SA_SIGINFO, unblocked
   SIGUSR2: SR_handler in libjvm.so, mask=00000000000000000000000000000000, flags=SA_RESTART|SA_SIGINFO, blocked
    SIGHUP: UserHandler in libjvm.so, mask=11100100010111111101111111111110, flags=SA_RESTART|SA_SIGINFO, blocked
    SIGINT: UserHandler in libjvm.so, mask=11100100010111111101111111111110, flags=SA_RESTART|SA_SIGINFO, blocked
   SIGTERM: UserHandler in libjvm.so, mask=11100100010111111101111111111110, flags=SA_RESTART|SA_SIGINFO, blocked
   SIGQUIT: UserHandler in libjvm.so, mask=11100100010111111101111111111110, flags=SA_RESTART|SA_SIGINFO, blocked
   SIGTRAP: crash_handler in libjvm.so, mask=11100100010111111101111111111110, flags=SA_RESTART|SA_SIGINFO, unblocked


Periodic native trim disabled

---------------  S Y S T E M  ---------------

OS:
DISTRIB_ID=Ubuntu
DISTRIB_RELEASE=24.04
DISTRIB_CODENAME=noble
DISTRIB_DESCRIPTION="Ubuntu 24.04.4 LTS"
uname: Linux 6.17.0-bpf-fault+ #1 SMP PREEMPT_DYNAMIC Mon Jul  6 16:43:12 MDT 2026 x86_64
OS uptime: 1 days 3:08 hours
libc: glibc 2.39 NPTL 2.39 
rlimit (soft/hard): STACK 8192k/infinity , CORE 0k/0k , NPROC 513205/513205 , NOFILE 1048576/1048576 , AS infinity/infinity , CPU infinity/infinity , DATA infinity/infinity , FSIZE infinity/infinity , MEMLOCK 16436528k/16436528k
load average: 1.26 1.06 0.90

/proc/meminfo:
MemTotal:       131492232 kB
MemFree:        64667672 kB
MemAvailable:   111928504 kB
Buffers:          567020 kB
Cached:         45951512 kB
SwapCached:            0 kB
Active:          4377476 kB
Inactive:       45695624 kB
Active(anon):    3571012 kB
Inactive(anon):        0 kB
Active(file):     806464 kB
Inactive(file): 45695624 kB
Unevictable:       41912 kB
Mlocked:           38840 kB
SwapTotal:       8388604 kB
SwapFree:        8388604 kB
Zswap:                 0 kB
Zswapped:              0 kB
Dirty:              2368 kB
Writeback:             0 kB
AnonPages:       3598144 kB
Mapped:         12912600 kB
Shmem:              5316 kB
KReclaimable:    2010428 kB
Slab:            2552712 kB
SReclaimable:    2010428 kB
SUnreclaim:       542284 kB
KernelStack:       13104 kB
PageTables:        72660 kB
SecPageTables:      9420 kB
NFS_Unstable:          0 kB
Bounce:                0 kB
WritebackTmp:          0 kB
CommitLimit:    74134720 kB
Committed_AS:   165062796 kB
VmallocTotal:   34359738367 kB
VmallocUsed:       39052 kB
VmallocChunk:          0 kB
Percpu:            51072 kB
HardwareCorrupted:     0 kB
AnonHugePages:         0 kB
ShmemHugePages:        0 kB
ShmemPmdMapped:        0 kB
FileHugePages:   2177024 kB
FilePmdMapped:         0 kB
Unaccepted:            0 kB
Balloon:               0 kB
HugePages_Total:       0
HugePages_Free:        0
HugePages_Rsvd:        0
HugePages_Surp:        0
Hugepagesize:       2048 kB
Hugetlb:               0 kB
DirectMap4k:     1121088 kB
DirectMap2M:    30971904 kB
DirectMap1G:    101711872 kB

/sys/kernel/mm/transparent_hugepage/enabled: always [madvise] never
/sys/kernel/mm/transparent_hugepage/hpage_pmd_size: 2097152
/sys/kernel/mm/transparent_hugepage/defrag (defrag/compaction efforts parameter): always defer defer+madvise [madvise] never

Process Memory:
Virtual Size: 13620325020K (peak: 13620325020K)
Resident Set Size: 4191604K (peak: 4191604K) (anon: 1010180K, file: 3181424K, shmem: 0K)
Swapped out: 0K
C-Heap outstanding allocations: 1393855K, retained: 13172K
glibc malloc tunables: (default)

/proc/sys/kernel/threads-max (system-wide limit on the number of threads): 1026411
/proc/sys/vm/max_map_count (maximum number of memory map areas a process may have): 1048576
/proc/sys/vm/swappiness (control to define how aggressively the kernel swaps out anonymous memory): 60
/proc/sys/kernel/pid_max (system-wide limit on number of process identifiers): 4194304

container information not found.
Steal ticks since vm start: 0
Steal ticks percentage since vm start:  0.000

CPU: total 32 (initial active 32) (32 cores per cpu, 2 threads per core) family 23 model 49 stepping 0 microcode 0x830107c, cx8, cmov, fxsr, ht, mmx, 3dnowpref, sse, sse2, sse3, ssse3, sse4a, sse4.1, sse4.2, popcnt, lzcnt, tsc, tscinvbit, avx, avx2, aes, clmul, bmi1, bmi2, adx, sha, fma, vzeroupper, clflush, clflushopt, rdtscp, rdpid, f16c
CPU Model and flags from /proc/cpuinfo:
model name	: AMD EPYC 7302P 16-Core Processor
flags		: fpu vme de pse tsc msr pae mce cx8 apic sep mtrr pge mca cmov pat pse36 clflush mmx fxsr sse sse2 ht syscall nx mmxext fxsr_opt pdpe1gb rdtscp lm constant_tsc rep_good nopl xtopology nonstop_tsc cpuid extd_apicid aperfmperf rapl pni pclmulqdq monitor ssse3 fma cx16 sse4_1 sse4_2 movbe popcnt aes xsave avx f16c rdrand lahf_lm cmp_legacy svm extapic cr8_legacy abm sse4a misalignsse 3dnowprefetch osvw ibs skinit wdt tce topoext perfctr_core perfctr_nb bpext perfctr_llc mwaitx cpb cat_l3 cdp_l3 hw_pstate ssbd mba ibrs ibpb stibp vmmcall fsgsbase bmi1 avx2 smep bmi2 cqm rdt_a rdseed adx smap clflushopt clwb sha_ni xsaveopt xsavec xgetbv1 xsaves cqm_llc cqm_occup_llc cqm_mbm_total cqm_mbm_local clzero irperf xsaveerptr rdpru wbnoinvd amd_ppin arat npt lbrv svm_lock nrip_save tsc_scale vmcb_clean flushbyasid decodeassists pausefilter pfthreshold avic v_vmsave_vmload vgif v_spec_ctrl umip rdpid overflow_recov succor smca sev sev_es

Online cpus: 0-31
Offline cpus: 
BIOS frequency limitation: <Not Available>
Frequency switch latency (ns): <Not Available>
Available cpu frequencies: <Not Available>
Current governor: <Not Available>
Core performance/turbo boost: <Not Available>

Memory: 4k page, physical 131492232k(111928504k free), swap 8388604k(8388604k free)
Page Sizes: 4k

vm_info: OpenJDK 64-Bit Server VM (21.0.9-internal-adhoc.talzuss.openjdk-mmtk) for linux-amd64 JRE (21.0.9-internal-adhoc.talzuss.openjdk-mmtk), built on 2026-07-06T23:13:08Z by "talzuss" with gcc 13.3.0
heap_info: MMTk OpenJDK 0.32.0 (f59b93a-dirty), using MMTk 0.32.0 (3ecdf08-dirty, BUILTIN_ENV_LOGGER, DEFAULT, EAGER_SWEEPING, VO_BIT)@

END.
