#
# A fatal error has been detected by the Java Runtime Environment:
#
#  SIGSEGV (0xb) at pc=0x000078037f69a13c, pid=450219, tid=450232
#
# JRE version: OpenJDK Runtime Environment (21.0.9) (build 21.0.9-internal-adhoc.talzuss.openjdk-mmtk)
# Java VM: OpenJDK 64-Bit Server VM (21.0.9-internal-adhoc.talzuss.openjdk-mmtk, mixed mode, sharing, tiered, compressed oops, compressed class ptrs, third-party gc, linux-amd64)
# Problematic frame:
# C  [libmmtk_openjdk.so+0x29a13c]  _$LT$mmtk..plan..concurrent..immix..gc_work..SatbFinalDrain$LT$VM$GT$$u20$as$u20$mmtk..scheduler..work..GCWork$LT$VM$GT$$GT$::do_work::h99199484dacfec84+0xeac
#
# No core dump will be written. Core dumps have been disabled. To enable core dumping, try "ulimit -c unlimited" before starting Java again
#
# If you would like to submit a bug report, please visit:
#   https://bugreport.java.com/bugreport/crash.jsp
#

---------------  S U M M A R Y ------------

Command Line: -XX:+UseThirdPartyHeap -Xms512m -Xmx512m /mydata/dacapo/dacapo-23.11/dacapo-23.11-MR2-chopin.jar lusearch -n 3

Host: AMD EPYC 7302P 16-Core Processor, 32 cores, 125G, Ubuntu 24.04.4 LTS
Time: Tue Jul  7 20:05:58 2026 MDT elapsed time: 4.731669 seconds (0d 0h 0m 4s)

---------------  T H R E A D  ---------------

Current thread (0x0000780378533f20):  NamedThread "MMTk Collector Thread" [id=450232, stack(0x000078037d9fb000,0x000078037dafb000) (1024K)]

Stack: [0x000078037d9fb000,0x000078037dafb000],  sp=0x000078037daf9970,  free space=1018k
Native frames: (J=compiled Java code, j=interpreted, Vv=VM code, C=native code)
C  [libmmtk_openjdk.so+0x29a13c]  _$LT$mmtk..plan..concurrent..immix..gc_work..SatbFinalDrain$LT$VM$GT$$u20$as$u20$mmtk..scheduler..work..GCWork$LT$VM$GT$$GT$::do_work::h99199484dacfec84+0xeac

siginfo: si_signo: 11 (SIGSEGV), si_code: 1 (SEGV_MAPERR), si_addr: 0x00007804df47be2c

Registers:
RAX=0x0000000058000000, RBX=0x000078037f7daf50, RCX=0x000078037f47be2c, RDX=0x00006b5643000000
RSP=0x000078037daf9970, RBP=0x0000000000000000, RSI=0x00006b5643000001, RDI=0x0000000041795f00
R8 =0x00006b56140008e0, R9 =0x0000000000000007, R10=0x00006b55ec009910, R11=0x943aec1da37866fe
R12=0x0000000000000008, R13=0x00007803783dff80, R14=0x0000000041795e30, R15=0x0000000000000008
RIP=0x000078037f69a13c, EFLAGS=0x0000000000010202, CSGSFS=0x002b000000000033, ERR=0x0000000000000004
  TRAPNO=0x000000000000000e

XMM[0]=0x0000000041406a60 0x00000000417927f0
XMM[1]=0x0000000041796138 0x0000000041406a60
XMM[2]=0x17ffff666d1105ff 0x1671ff701fff0e5b
XMM[3]=0x0000000000000000 0x000000000000ff00
XMM[4]=0x0000000000000000 0x00006b55ec000090
XMM[5]=0x000000004171bd18 0x000000004171bce0
XMM[6]=0x000000004171a4b8 0x000000004171a068
XMM[7]=0x0000000041719480 0x0000000041715100
XMM[8]=0x0000000041711a58 0x00000000417119d8
XMM[9]=0x0000000000000000 0x0000000000000000
XMM[10]=0x3f3f3f3f3f3f3f3f 0x3f3f3f3f3f3f3f3f
XMM[11]=0x9999999999999999 0x9999999999999999
XMM[12]=0x2020202020202020 0x2020202020202020
XMM[13]=0x0000000000000000 0x0000000000000000
XMM[14]=0x0000000000000000 0x0000000000000000
XMM[15]=0x0000000000000000 0x0000000000000000
  MXCSR=0x00001fa2


Register to memory mapping:

RAX=
[error occurred during error reporting (printing register info), id 0xe0000000, Internal Error (/mydata/mmtk-openjdk/openjdk/share/mmtkHeap.cpp:444)]
RBX=
[error occurred during error reporting (printing register info, attempt 2), id 0xe0000000, Internal Error (/mydata/mmtk-openjdk/openjdk/share/mmtkHeap.cpp:444)]
RCX=
[error occurred during error reporting (printing register info, attempt 3), id 0xe0000000, Internal Error (/mydata/mmtk-openjdk/openjdk/share/mmtkHeap.cpp:444)]
Top of Stack: (sp=0x000078037daf9970)
0x000078037daf9970:   0000000040134c68 0000000050747570
0x000078037daf9980:   0000000000000000 0000000000000008
0x000078037daf9990:   0000000000000000 0000000000000000
0x000078037daf99a0:   000078037f7daf50 000078037daf99f0
0x000078037daf99b0:   000078037daf99d8 00007803783e02c0
0x000078037daf99c0:   0000000000000000 000000000000000b
0x000078037daf99d0:   0000000000000001 000078037f808904
0x000078037daf99e0:   00006b55ec00a030 0000000000000079
0x000078037daf99f0:   0000000041795e30 0000000000000000
0x000078037daf9a00:   0000780378046240 00007803783e02c0
0x000078037daf9a10:   0000000000000000 000078037f6af72e
0x000078037daf9a20:   00007803783dff80 000078037daf99d8
0x000078037daf9a30:   8000000000000000 00006b5643244448
0x000078037daf9a40:   0000000000004000 00006b55ec11b3b0
0x000078037daf9a50:   0000000000000897 000078037daf99f0
0x000078037daf9a60:   8000000000000000 000078037daf99a0
0x000078037daf9a70:   0000000000000400 00006b55d4003c60
0x000078037daf9a80:   00000000000003d2 0000000000040000
0x000078037daf9a90:   00006b5640dff010 000000000003a92f
0x000078037daf9aa0:   0000000000020000 00006b55ec01b3a0
0x000078037daf9ab0:   0000000000015a9e 000078037f808920
0x000078037daf9ac0:   000078037daf99d8 000078037daf9980
0x000078037daf9ad0:   000078037806d200 0000780378046210
0x000078037daf9ae0:   000078037806ce80 0000000000000001
0x000078037daf9af0:   000078037f7ca508 000000000000000c
0x000078037daf9b00:   0000000000000000 000078037f6aaa2d
0x000078037daf9b10:   00006b56ffffffff 000078037daf9b60
0x000078037daf9b20:   000078037852c4b0 0000780378046220
0x000078037daf9b30:   000078037806d200 000078037852c610
0x000078037daf9b40:   000078037806cf00 0000780300000000
0x000078037daf9b50:   0000000000000001 00006b5614001250
0x000078037daf9b60:   0000000000000001 0003000300030001 

Instructions: (pc=0x000078037f69a13c)
0x000078037f69a03c:   24 30 31 ed 48 8d 74 24 30 e8 16 1d ec ff 31 ed
0x000078037f69a04c:   eb 03 40 b5 01 4c 8b 64 24 10 4c 8b 74 24 18 48
0x000078037f69a05c:   8b 5c 24 20 48 c1 e3 03 45 31 ed 4c 8d bc 24 d0
0x000078037f69a06c:   00 00 00 90 4c 39 eb 74 1a 4b 8b 14 2e 49 83 c5
0x000078037f69a07c:   08 48 8b bc 24 b0 00 00 00 4c 89 fe e8 83 70 05
0x000078037f69a08c:   00 eb e1 4d 85 e4 74 09 4c 89 f7 ff 15 63 cc 16
0x000078037f69a09c:   00 40 84 ed 4c 8b ac 24 b0 00 00 00 74 13 48 83
0x000078037f69a0ac:   7c 24 68 00 74 0b 48 8b 7c 24 70 ff 15 43 cc 16
0x000078037f69a0bc:   00 48 8b 84 24 e0 00 00 00 48 85 c0 0f 84 cc 0c
0x000078037f69a0cc:   00 00 48 8d 4c 24 30 48 89 8c 24 f8 00 00 00 0f
0x000078037f69a0dc:   1f 44 00 00 48 8d 48 ff 48 89 8c 24 e0 00 00 00
0x000078037f69a0ec:   48 8b 8c 24 d8 00 00 00 48 8b 44 c1 f8 48 c7 44
0x000078037f69a0fc:   24 10 00 00 00 00 48 c7 44 24 18 08 00 00 00 48
0x000078037f69a10c:   c7 44 24 20 00 00 00 00 48 89 44 24 08 8b 40 08
0x000078037f69a11c:   48 8b 15 f5 f8 16 00 48 8b 0d f6 f8 16 00 48 d3
0x000078037f69a12c:   e0 48 8d 34 10 8b 44 10 0c 48 8d 0d f0 1c de ff
0x000078037f69a13c:   48 63 04 81 48 01 c8 ff e0 48 63 86 28 01 00 00
0x000078037f69a14c:   48 85 c0 0f 84 cb 07 00 00 48 63 8e ac 00 00 00
0x000078037f69a15c:   48 8d 0c ce 48 63 96 2c 01 00 00 48 8d 34 d1 4c
0x000078037f69a16c:   8d 34 d1 49 81 c6 d8 01 00 00 48 8d 04 c6 48 05
0x000078037f69a17c:   d8 01 00 00 48 89 44 24 28 b8 08 00 00 00 45 31
0x000078037f69a18c:   e4 eb 10 90 49 83 c6 08 4c 3b 74 24 28 0f 84 81
0x000078037f69a19c:   07 00 00 41 8b 6e 04 48 85 ed 74 e8 4d 63 3e 4c
0x000078037f69a1ac:   03 7c 24 08 48 be ff ff ff ff ff ff ff 7f eb 1f
0x000078037f69a1bc:   4a 89 1c e0 49 ff c4 4c 89 64 24 20 48 be ff ff
0x000078037f69a1cc:   ff ff ff ff ff 7f 49 83 c7 04 48 ff cd 74 b5 4c
0x000078037f69a1dc:   89 f9 48 21 f1 48 8b 15 c0 e2 16 00 48 39 d1 72
0x000078037f69a1ec:   e5 48 03 15 bc e2 16 00 48 39 d1 73 d9 4d 85 ff
0x000078037f69a1fc:   78 1e 41 8b 1f 48 85 db 74 c2 48 8b 15 33 f8 16
0x000078037f69a20c:   00 48 8b 0d 34 f8 16 00 48 d3 e3 48 01 d3 eb 08
0x000078037f69a21c:   48 8b 19 48 85 db 74 a4 4c 3b 64 24 10 75 91 48
0x000078037f69a22c:   8d 7c 24 10 e8 7b 0c f2 ff 48 8b 44 24 18 eb 80 


Stack slot to memory mapping:

stack at sp + 0 slots: 
[error occurred during error reporting (inspecting top of stack), id 0xe0000000, Internal Error (/mydata/mmtk-openjdk/openjdk/share/mmtkHeap.cpp:444)]
stack at sp + 1 slots: 
[error occurred during error reporting (inspecting top of stack, attempt 2), id 0xe0000000, Internal Error (/mydata/mmtk-openjdk/openjdk/share/mmtkHeap.cpp:444)]
stack at sp + 2 slots: 0x0 is null
stack at sp + 3 slots: 
[error occurred during error reporting (inspecting top of stack, attempt 3), id 0xe0000000, Internal Error (/mydata/mmtk-openjdk/openjdk/share/mmtkHeap.cpp:444)]

---------------  P R O C E S S  ---------------

Threads class SMR info:
_java_thread_list=0x00006b55bc130110, length=56, elements={
0x000078037802b240, 0x0000780378526f30, 0x00007803785287c0, 0x000078037852a2b0,
0x0000780378548b00, 0x000078037854a450, 0x000078037854bd10, 0x000078037854db50,
0x0000780378557520, 0x00006b55bc045b30, 0x000078037859e070, 0x00007803785a1080,
0x00006b55b003ffd0, 0x00006b55bc075d80, 0x00006b55bc0773b0, 0x00006b559818c930,
0x00007803787e2cc0, 0x00007803787e3ee0, 0x00007803787e5260, 0x00007803787e67b0,
0x00007803787e7d00, 0x00007803787e91a0, 0x00007803787ea700, 0x00007803787ebc70,
0x00007803787ed1e0, 0x00007803787ee690, 0x00007803787efb40, 0x00007803787f10d0,
0x00007803787f2660, 0x00007803787f3b10, 0x00007803787f4fc0, 0x00007803787f6470,
0x00007803787f7920, 0x00007803787f9160, 0x00007803787fa720, 0x00007803787fbcf0,
0x00007803787fd6b0, 0x00007803787fef40, 0x0000780378800910, 0x00007803788022f0,
0x00007803788038e0, 0x0000780378804ee0, 0x00007803788064e0, 0x0000780378807ee0,
0x00007803788094f0, 0x000078037880ab10, 0x000078037880c130, 0x000078037880d760,
0x00006b55a007d6c0, 0x00006b55a007f0c0, 0x00006b559820bc20, 0x00006b559820d6c0,
0x00006b559820ee10, 0x00006b55bc12c120, 0x00006b55bc12d8a0, 0x00006b55bc12ee40
}

Java Threads: ( => current thread )
  0x000078037802b240 JavaThread "main"                              [_thread_blocked, id=450220, stack(0x000078037f900000,0x000078037fa00000) (1024K)]
  0x0000780378526f30 JavaThread "Reference Handler"          daemon [_thread_blocked, id=450224, stack(0x000078037e542000,0x000078037e642000) (1024K)]
  0x00007803785287c0 JavaThread "Finalizer"                  daemon [_thread_blocked, id=450225, stack(0x000078037e100000,0x000078037e200000) (1024K)]
  0x000078037852a2b0 JavaThread "MMTk Finalizer Thread"      daemon [_thread_blocked, id=450226, stack(0x000078037e000000,0x000078037e100000) (1024K)]
  0x0000780378548b00 JavaThread "Signal Dispatcher"          daemon [_thread_blocked, id=450250, stack(0x000078037c7e9000,0x000078037c8e9000) (1024K)]
  0x000078037854a450 JavaThread "Service Thread"             daemon [_thread_blocked, id=450251, stack(0x000078037c6e9000,0x000078037c7e9000) (1024K)]
  0x000078037854bd10 JavaThread "Monitor Deflation Thread"   daemon [_thread_blocked, id=450252, stack(0x000078037c5e9000,0x000078037c6e9000) (1024K)]
  0x000078037854db50 JavaThread "C2 CompilerThread0"         daemon [_thread_blocked, id=450253, stack(0x000078037c4e9000,0x000078037c5e9000) (1024K)]
  0x0000780378557520 JavaThread "C1 CompilerThread0"         daemon [_thread_blocked, id=450254, stack(0x000078037c3e9000,0x000078037c4e9000) (1024K)]
  0x00006b55bc045b30 JavaThread "C1 CompilerThread1"         daemon [_thread_blocked, id=450255, stack(0x000078037c218000,0x000078037c318000) (1024K)]
  0x000078037859e070 JavaThread "Notification Thread"        daemon [_thread_blocked, id=450256, stack(0x000078037c118000,0x000078037c218000) (1024K)]
  0x00007803785a1080 JavaThread "Common-Cleaner"             daemon [_thread_blocked, id=450257, stack(0x000078037c018000,0x000078037c118000) (1024K)]
  0x00006b55b003ffd0 JavaThread "C1 CompilerThread2"         daemon [_thread_blocked, id=450259, stack(0x00007803405ff000,0x00007803406ff000) (1024K)]
  0x00006b55bc075d80 JavaThread "C1 CompilerThread3"         daemon [_thread_blocked, id=450260, stack(0x00007803404ff000,0x00007803405ff000) (1024K)]
  0x00006b55bc0773b0 JavaThread "C1 CompilerThread4"         daemon [_thread_blocked, id=450261, stack(0x00006b568c2fc000,0x00006b568c3fc000) (1024K)]
  0x00006b559818c930 JavaThread "C2 CompilerThread1"         daemon [_thread_blocked, id=450263, stack(0x00007803406ff000,0x00007803407ff000) (1024K)]
  0x00007803787e2cc0 JavaThread "Query0"                            [_thread_blocked, id=450264, stack(0x00006b5689100000,0x00006b5689200000) (1024K)]
  0x00007803787e3ee0 JavaThread "Query1"                            [_thread_blocked, id=450265, stack(0x00006b5688b00000,0x00006b5688c00000) (1024K)]
  0x00007803787e5260 JavaThread "Query2"                            [_thread_blocked, id=450266, stack(0x00006b5688500000,0x00006b5688600000) (1024K)]
  0x00007803787e67b0 JavaThread "Query3"                            [_thread_blocked, id=450267, stack(0x00006b5688400000,0x00006b5688500000) (1024K)]
  0x00007803787e7d00 JavaThread "Query4"                            [_thread_blocked, id=450268, stack(0x00006b5688300000,0x00006b5688400000) (1024K)]
  0x00007803787e91a0 JavaThread "Query5"                            [_thread_blocked, id=450269, stack(0x00006b5688200000,0x00006b5688300000) (1024K)]
  0x00007803787ea700 JavaThread "Query6"                            [_thread_blocked, id=450270, stack(0x00006b5688100000,0x00006b5688200000) (1024K)]
  0x00007803787ebc70 JavaThread "Query7"                            [_thread_blocked, id=450271, stack(0x00006b5688000000,0x00006b5688100000) (1024K)]
  0x00007803787ed1e0 JavaThread "Query8"                            [_thread_blocked, id=450272, stack(0x00006b5642f00000,0x00006b5643000000) (1024K)]
  0x00007803787ee690 JavaThread "Query9"                            [_thread_blocked, id=450273, stack(0x00006b5642e00000,0x00006b5642f00000) (1024K)]
  0x00007803787efb40 JavaThread "Query10"                           [_thread_blocked, id=450274, stack(0x00006b5642d00000,0x00006b5642e00000) (1024K)]
  0x00007803787f10d0 JavaThread "Query11"                           [_thread_blocked, id=450275, stack(0x00006b5642c00000,0x00006b5642d00000) (1024K)]
  0x00007803787f2660 JavaThread "Query12"                           [_thread_blocked, id=450276, stack(0x00006b5642b00000,0x00006b5642c00000) (1024K)]
  0x00007803787f3b10 JavaThread "Query13"                           [_thread_blocked, id=450277, stack(0x00006b5642a00000,0x00006b5642b00000) (1024K)]
  0x00007803787f4fc0 JavaThread "Query14"                           [_thread_blocked, id=450278, stack(0x00006b5642900000,0x00006b5642a00000) (1024K)]
  0x00007803787f6470 JavaThread "Query15"                           [_thread_blocked, id=450279, stack(0x00006b5642800000,0x00006b5642900000) (1024K)]
  0x00007803787f7920 JavaThread "Query16"                           [_thread_blocked, id=450280, stack(0x00006b5642700000,0x00006b5642800000) (1024K)]
  0x00007803787f9160 JavaThread "Query17"                           [_thread_blocked, id=450281, stack(0x00006b5642600000,0x00006b5642700000) (1024K)]
  0x00007803787fa720 JavaThread "Query18"                           [_thread_blocked, id=450282, stack(0x00006b5642500000,0x00006b5642600000) (1024K)]
  0x00007803787fbcf0 JavaThread "Query19"                           [_thread_blocked, id=450283, stack(0x00006b5642400000,0x00006b5642500000) (1024K)]
  0x00007803787fd6b0 JavaThread "Query20"                           [_thread_blocked, id=450284, stack(0x00006b5642300000,0x00006b5642400000) (1024K)]
  0x00007803787fef40 JavaThread "Query21"                           [_thread_blocked, id=450285, stack(0x00006b5642200000,0x00006b5642300000) (1024K)]
  0x0000780378800910 JavaThread "Query22"                           [_thread_blocked, id=450286, stack(0x00006b5642100000,0x00006b5642200000) (1024K)]
  0x00007803788022f0 JavaThread "Query23"                           [_thread_blocked, id=450287, stack(0x00006b5642000000,0x00006b5642100000) (1024K)]
  0x00007803788038e0 JavaThread "Query24"                           [_thread_blocked, id=450288, stack(0x00006b5641f00000,0x00006b5642000000) (1024K)]
  0x0000780378804ee0 JavaThread "Query25"                           [_thread_blocked, id=450289, stack(0x00006b5641e00000,0x00006b5641f00000) (1024K)]
  0x00007803788064e0 JavaThread "Query26"                           [_thread_blocked, id=450290, stack(0x00006b5641d00000,0x00006b5641e00000) (1024K)]
  0x0000780378807ee0 JavaThread "Query27"                           [_thread_blocked, id=450291, stack(0x00006b5641c00000,0x00006b5641d00000) (1024K)]
  0x00007803788094f0 JavaThread "Query28"                           [_thread_blocked, id=450292, stack(0x00006b5641b00000,0x00006b5641c00000) (1024K)]
  0x000078037880ab10 JavaThread "Query29"                           [_thread_blocked, id=450293, stack(0x00006b5641a00000,0x00006b5641b00000) (1024K)]
  0x000078037880c130 JavaThread "Query30"                           [_thread_blocked, id=450294, stack(0x00006b5641900000,0x00006b5641a00000) (1024K)]
  0x000078037880d760 JavaThread "Query31"                           [_thread_blocked, id=450295, stack(0x00006b5641800000,0x00006b5641900000) (1024K)]
  0x00006b55a007d6c0 JavaThread "C2 CompilerThread2"         daemon [_thread_blocked, id=450296, stack(0x00006b5641700000,0x00006b5641800000) (1024K)]
  0x00006b55a007f0c0 JavaThread "C2 CompilerThread3"         daemon [_thread_blocked, id=450297, stack(0x00006b5641600000,0x00006b5641700000) (1024K)]
  0x00006b559820bc20 JavaThread "C2 CompilerThread4"         daemon [_thread_blocked, id=450299, stack(0x00006b5641500000,0x00006b5641600000) (1024K)]
  0x00006b559820d6c0 JavaThread "C2 CompilerThread5"         daemon [_thread_blocked, id=450300, stack(0x00006b5641400000,0x00006b5641500000) (1024K)]
  0x00006b559820ee10 JavaThread "C2 CompilerThread6"         daemon [_thread_blocked, id=450301, stack(0x00006b5641300000,0x00006b5641400000) (1024K)]
  0x00006b55bc12c120 JavaThread "C2 CompilerThread7"         daemon [_thread_blocked, id=450302, stack(0x00006b5641200000,0x00006b5641300000) (1024K)]
  0x00006b55bc12d8a0 JavaThread "C2 CompilerThread8"         daemon [_thread_blocked, id=450303, stack(0x00006b5641100000,0x00006b5641200000) (1024K)]
  0x00006b55bc12ee40 JavaThread "C2 CompilerThread9"         daemon [_thread_blocked, id=450304, stack(0x00006b5641000000,0x00006b5641100000) (1024K)]
Total: 56

Other Threads:
  0x000078037851ba80 VMThread "VM Thread"                           [id=450223, stack(0x000078037e643000,0x000078037e743000) (1024K)]
  0x00007803785096d0 WatcherThread "VM Periodic Task Thread"        [id=450222, stack(0x000078037e744000,0x000078037e844000) (1024K)]

=>0x0000780378533f20 (exited) NamedThread "MMTk Collector Thread"   [id=450232, stack(0x000078037d9fb000,0x000078037dafb000) (1024K)]
Total: 3

Threads with active compile tasks:
C2 CompilerThread0  4734 2956       4       org.apache.lucene.search.TopDocs::mergeAux (405 bytes)
C2 CompilerThread1  4734 2868       4       org.apache.lucene.queryparser.classic.QueryParserTokenManager::jjFillToken (107 bytes)
C2 CompilerThread2  4734 2908       4       org.apache.lucene.index.TermStates::build (126 bytes)
C2 CompilerThread3  4734 2915       4       org.apache.lucene.search.TermQuery$TermWeight::<init> (182 bytes)
C2 CompilerThread4  4734 2876       4       org.apache.lucene.analysis.FilteringTokenFilter::incrementToken (77 bytes)
C2 CompilerThread5  4734 2883       4       org.apache.lucene.analysis.LowerCaseFilter::incrementToken (36 bytes)
C2 CompilerThread6  4734 2903   !   4       org.apache.lucene.search.IndexSearcher::search (124 bytes)
C2 CompilerThread7  4734 2887       4       org.dacapo.lusearch.Search$QueryProcessor::doPagingSearch (259 bytes)
C2 CompilerThread8  4734 2904       4       org.apache.lucene.queryparser.classic.QueryParser::jj_ntk_f (52 bytes)
C2 CompilerThread9  4734 2818       4       org.apache.lucene.analysis.CachingTokenFilter::incrementToken (69 bytes)
Total: 10

VM state: at safepoint (normal execution)

VM Mutex/Monitor currently owned by a thread:  ([mutex/lock_event])
[0x0000780380f580d0] Threads_lock - owner thread: 0x000078037851ba80
[0x0000780380f57fd0] Heap_lock - owner thread: 0x00007803783e4ec0

Heap address: 0x0000000040000000, size: 3072 MB, Compressed Oops mode: 32-bit

CDS archive(s) mapped at: [0x00006b5643000000-0x00006b5643ca3000-0x00006b5643ca3000), size 13250560, SharedBaseAddress: 0x00006b5643000000, ArchiveRelocationMode: 1.
Compressed class space mapped at: 0x00006b5644000000-0x00006b5684000000, reserved size: 1073741824
Narrow klass base: 0x00006b5643000000, Narrow klass shift: 0, Narrow klass range: 0x100000000

GC Precious Log:
<Empty>

Heap:

[error occurred during error reporting (printing heap information), id 0xe0000000, Internal Error (/mydata/mmtk-openjdk/openjdk/share/mmtkHeap.cpp:424)]
Metaspace:

Usage:
  Non-class:      8.60 MB used.
      Class:      1.25 MB used.
       Both:      9.85 MB used.

Virtual space:
  Non-class space:       64.00 MB reserved,       9.19 MB ( 14%) committed,  1 nodes.
      Class space:        1.00 GB reserved,       1.75 MB ( <1%) committed,  1 nodes.
             Both:        1.06 GB reserved,      10.94 MB (  1%) committed. 

Chunk freelists:
   Non-Class:  6.33 MB
       Class:  14.17 MB
        Both:  20.50 MB

MaxMetaspaceSize: unlimited
CompressedClassSpaceSize: 1.00 GB
Initial GC threshold: 21.00 MB
Current GC threshold: 21.00 MB
CDS: on
 - commit_granule_bytes: 65536.
 - commit_granule_words: 8192.
 - virtual_space_node_default_size: 8388608.
 - enlarge_chunks_in_place: 1.
 - use_allocation_guard: 0.


Internal statistics:

num_allocs_failed_limit: 0.
num_arena_births: 1604.
num_arena_deaths: 0.
num_vsnodes_births: 2.
num_vsnodes_deaths: 0.
num_space_committed: 175.
num_space_uncommitted: 0.
num_chunks_returned_to_freelist: 0.
num_chunks_taken_from_freelist: 2465.
num_chunk_merges: 0.
num_chunk_splits: 1335.
num_chunks_enlarged: 259.
num_inconsistent_stats: 0.

CodeHeap 'non-profiled nmethods': size=118880Kb used=1448Kb max_used=1448Kb free=117431Kb
 bounds [0x00007803683e8000, 0x0000780368658000, 0x000078036f800000]
CodeHeap 'profiled nmethods': size=118876Kb used=5376Kb max_used=5376Kb free=113499Kb
 bounds [0x0000780360800000, 0x0000780360d50000, 0x0000780367c17000]
CodeHeap 'non-nmethods': size=8004Kb used=3483Kb max_used=3561Kb free=4520Kb
 bounds [0x0000780367c17000, 0x0000780367f97000, 0x00007803683e8000]
CodeCache: size=245760Kb, used=10307Kb, max_used=10385Kb, free=235450Kb
 total_blobs=3401, nmethods=2886, adapters=415, full_count=0
Compilation: enabled, stopped_count=0, restarted_count=0

Compilation events (20 events):
Event: 4.699 Thread 0x00006b55bc0773b0 nmethod 2949 0x0000780360d3fb10 code [0x0000780360d3fca0, 0x0000780360d3fda8]
Event: 4.699 Thread 0x0000780378557520 2961       2       java.nio.HeapByteBuffer::ix (7 bytes)
Event: 4.699 Thread 0x00006b55a007f0c0 2843       4       org.apache.lucene.store.MemorySegmentIndexInput$SingleSegmentImpl::clone (5 bytes)
Event: 4.699 Thread 0x00006b559820bc20 nmethod 2797 0x0000780368544a90 code [0x0000780368544d40, 0x00007803685461f0]
Event: 4.699 Thread 0x0000780378557520 nmethod 2961 0x0000780360d3fe90 code [0x0000780360d40020, 0x0000780360d40120]
Event: 4.699 Thread 0x00006b559820bc20 2842   !   4       org.apache.lucene.store.MemorySegmentIndexInput::clone (37 bytes)
Event: 4.713 Thread 0x00006b559820d6c0 nmethod 2817 0x0000780368546d90 code [0x0000780368546f40, 0x0000780368547270]
Event: 4.713 Thread 0x00006b559820d6c0 2678       4       org.apache.lucene.document.Field::<init> (93 bytes)
Event: 4.714 Thread 0x00006b559818c930 nmethod 2926 0x0000780368547410 code [0x0000780368547960, 0x00007803685493e0]
Event: 4.714 Thread 0x00006b559818c930 2868       4       org.apache.lucene.queryparser.classic.QueryParserTokenManager::jjFillToken (107 bytes)
Event: 4.714 Thread 0x00006b559820d6c0 nmethod 2678 0x000078036854a490 code [0x000078036854a620, 0x000078036854a778]
Event: 4.714 Thread 0x00006b559820d6c0 2871       4       java.lang.ClassValue::get (31 bytes)
Event: 4.714 Thread 0x00006b55a007f0c0 nmethod 2843 0x000078036854a890 code [0x000078036854aa40, 0x000078036854abf8]
Event: 4.715 Thread 0x00006b55a007f0c0 2915       4       org.apache.lucene.search.TermQuery$TermWeight::<init> (182 bytes)
Event: 4.715 Thread 0x00006b559820bc20 nmethod 2842 0x000078036854ae10 code [0x000078036854afc0, 0x000078036854b1a0]
Event: 4.715 Thread 0x00006b559820bc20 2876       4       org.apache.lucene.analysis.FilteringTokenFilter::incrementToken (77 bytes)
Event: 4.716 Thread 0x00006b559820d6c0 nmethod 2871 0x000078036854b410 code [0x000078036854b5a0, 0x000078036854b718]
Event: 4.716 Thread 0x00006b559820d6c0 2883       4       org.apache.lucene.analysis.LowerCaseFilter::incrementToken (36 bytes)
Event: 4.716 Thread 0x00006b55bc12d8a0 nmethod 2813 0x000078036854b910 code [0x000078036854be40, 0x000078036854fcf8]
Event: 4.717 Thread 0x00006b55bc12d8a0 2904       4       org.apache.lucene.queryparser.classic.QueryParser::jj_ntk_f (52 bytes)

GC Heap History (0 events):
No events

Dll operation events (8 events):
Event: 0.001 Loaded shared library /mydata/openjdk-mmtk/build/b0test/images/jdk/lib/libjava.so
Event: 2.220 Loaded shared library /mydata/openjdk-mmtk/build/b0test/images/jdk/lib/libjsvml.so
Event: 2.232 Loaded shared library /mydata/openjdk-mmtk/build/b0test/images/jdk/lib/libnio.so
Event: 2.236 Loaded shared library /mydata/openjdk-mmtk/build/b0test/images/jdk/lib/libzip.so
Event: 2.249 Loaded shared library /mydata/openjdk-mmtk/build/b0test/images/jdk/lib/libjimage.so
Event: 2.276 Loaded shared library /mydata/openjdk-mmtk/build/b0test/images/jdk/lib/libnet.so
Event: 4.221 Loaded shared library /mydata/openjdk-mmtk/build/b0test/images/jdk/lib/libmanagement.so
Event: 4.223 Loaded shared library /mydata/openjdk-mmtk/build/b0test/images/jdk/lib/libmanagement_ext.so

Deoptimization events (20 events):
Event: 4.663 Thread 0x00007803787e5260 DEOPT PACKING pc=0x0000780360d29fd4 sp=0x00006b56885fe340
Event: 4.663 Thread 0x00007803787e5260 DEOPT UNPACKING pc=0x0000780367c6ab2f sp=0x00006b56885fd8e0 mode 0
Event: 4.670 Thread 0x00007803787e2cc0 DEOPT PACKING pc=0x0000780360d2a3b5 sp=0x00006b56891fe340
Event: 4.670 Thread 0x00007803787e2cc0 DEOPT UNPACKING pc=0x0000780367c6ab2f sp=0x00006b56891fd960 mode 0
Event: 4.673 Thread 0x00007803787e67b0 DEOPT PACKING pc=0x0000780360d29fd4 sp=0x00006b56884fe340
Event: 4.673 Thread 0x00007803787e67b0 DEOPT UNPACKING pc=0x0000780367c6ab2f sp=0x00006b56884fd8e0 mode 0
Event: 4.680 Thread 0x0000780378807ee0 DEOPT PACKING pc=0x0000780360d2a24d sp=0x00006b5641cfe360
Event: 4.680 Thread 0x0000780378807ee0 DEOPT UNPACKING pc=0x0000780367c6ab2f sp=0x00006b5641cfd970 mode 0
Event: 4.683 Thread 0x00007803788064e0 DEOPT PACKING pc=0x0000780360d2a1cc sp=0x00006b5641dfe360
Event: 4.683 Thread 0x00007803788064e0 DEOPT UNPACKING pc=0x0000780367c6ab2f sp=0x00006b5641dfd900 mode 0
Event: 4.684 Thread 0x00007803788094f0 DEOPT PACKING pc=0x0000780360d2a24d sp=0x00006b5641bfe360
Event: 4.684 Thread 0x00007803788094f0 DEOPT UNPACKING pc=0x0000780367c6ab2f sp=0x00006b5641bfd970 mode 0
Event: 4.687 Thread 0x0000780378800910 DEOPT PACKING pc=0x0000780360d2a3b5 sp=0x00006b56421fe360
Event: 4.687 Thread 0x0000780378800910 DEOPT UNPACKING pc=0x0000780367c6ab2f sp=0x00006b56421fd980 mode 0
Event: 4.691 Thread 0x00007803788064e0 DEOPT PACKING pc=0x0000780360d2a24d sp=0x00006b5641dfe360
Event: 4.691 Thread 0x00007803788064e0 DEOPT UNPACKING pc=0x0000780367c6ab2f sp=0x00006b5641dfd970 mode 0
Event: 4.693 Thread 0x000078037880ab10 DEOPT PACKING pc=0x0000780360d29fd4 sp=0x00006b5641afe360
Event: 4.693 Thread 0x000078037880ab10 DEOPT UNPACKING pc=0x0000780367c6ab2f sp=0x00006b5641afd900 mode 0
Event: 4.695 Thread 0x000078037880d760 DEOPT PACKING pc=0x0000780360d2a24d sp=0x00006b56418fe360
Event: 4.695 Thread 0x000078037880d760 DEOPT UNPACKING pc=0x0000780367c6ab2f sp=0x00006b56418fd970 mode 0

Classes loaded (20 events):
Event: 4.319 Loading class java/util/stream/SpinedBuffer$OfPrimitive
Event: 4.319 Loading class java/util/stream/AbstractSpinedBuffer
Event: 4.319 Loading class java/util/stream/AbstractSpinedBuffer done
Event: 4.319 Loading class java/util/stream/SpinedBuffer$OfPrimitive done
Event: 4.319 Loading class java/util/stream/SpinedBuffer$OfInt done
Event: 4.319 Loading class java/util/stream/Nodes$IntSpinedNodeBuilder done
Event: 4.319 Loading class java/util/stream/ReferencePipeline$8$1
Event: 4.319 Loading class java/util/stream/ReferencePipeline$8$1 done
Event: 4.320 Loading class java/util/Spliterators$IntArraySpliterator
Event: 4.320 Loading class java/util/Spliterators$IntArraySpliterator done
Event: 4.320 Loading class java/util/stream/IntPipeline$Head
Event: 4.320 Loading class java/util/stream/IntPipeline$Head done
Event: 4.336 Loading class java/lang/invoke/VarHandleSegmentAsShorts
Event: 4.336 Loading class java/lang/invoke/VarHandleSegmentAsShorts done
Event: 4.351 Loading class java/util/WeakHashMap$KeyIterator
Event: 4.351 Loading class java/util/WeakHashMap$HashIterator
Event: 4.351 Loading class java/util/WeakHashMap$HashIterator done
Event: 4.351 Loading class java/util/WeakHashMap$KeyIterator done
Event: 4.646 Loading class java/io/FileOutputStream$1
Event: 4.646 Loading class java/io/FileOutputStream$1 done

Classes unloaded (0 events):
No events

Classes redefined (0 events):
No events

Internal exceptions (20 events):
Event: 4.286 Thread 0x00007803788038e0 Exception <a 'java/lang/NoSuchMethodError'{0x0000000041dd3a00}: 'java.lang.Object java.lang.invoke.Invokers$Holder.linkToTargetMethod(java.lang.Object, java.lang.Object, java.lang.Object, int, java.lang.Object)'> (0x0000000041dd3a00) 
thrown [src/hotspot/share/interpreter/linkResolver.cpp, line 772]
Event: 4.286 Thread 0x00007803787f10d0 Exception <a 'java/lang/NoSuchMethodError'{0x0000000041e12848}: 'java.lang.Object java.lang.invoke.Invokers$Holder.linkToTargetMethod(java.lang.Object, java.lang.Object, java.lang.Object, int, java.lang.Object)'> (0x0000000041e12848) 
thrown [src/hotspot/share/interpreter/linkResolver.cpp, line 772]
Event: 4.287 Thread 0x00007803787f9160 Exception <a 'java/lang/NoSuchMethodError'{0x0000000041de4b50}: 'java.lang.Object java.lang.invoke.Invokers$Holder.linkToTargetMethod(java.lang.Object, java.lang.Object, java.lang.Object, int, java.lang.Object)'> (0x0000000041de4b50) 
thrown [src/hotspot/share/interpreter/linkResolver.cpp, line 772]
Event: 4.287 Thread 0x00007803787e2cc0 Exception <a 'java/lang/NoSuchMethodError'{0x0000000041db9dc8}: 'java.lang.Object java.lang.invoke.Invokers$Holder.linkToTargetMethod(java.lang.Object, java.lang.Object, java.lang.Object, int, java.lang.Object)'> (0x0000000041db9dc8) 
thrown [src/hotspot/share/interpreter/linkResolver.cpp, line 772]
Event: 4.286 Thread 0x00007803788022f0 Exception <a 'java/lang/NoSuchMethodError'{0x0000000041df2150}: 'java.lang.Object java.lang.invoke.Invokers$Holder.linkToTargetMethod(java.lang.Object, java.lang.Object, java.lang.Object, int, java.lang.Object)'> (0x0000000041df2150) 
thrown [src/hotspot/share/interpreter/linkResolver.cpp, line 772]
Event: 4.286 Thread 0x00007803787fef40 Exception <a 'java/lang/NoSuchMethodError'{0x0000000041dd9e50}: 'java.lang.Object java.lang.invoke.Invokers$Holder.linkToTargetMethod(java.lang.Object, java.lang.Object, java.lang.Object, int, java.lang.Object)'> (0x0000000041dd9e50) 
thrown [src/hotspot/share/interpreter/linkResolver.cpp, line 772]
Event: 4.287 Thread 0x00007803787e3ee0 Exception <a 'java/lang/NoSuchMethodError'{0x0000000041e1bcc8}: 'java.lang.Object java.lang.invoke.Invokers$Holder.linkToTargetMethod(java.lang.Object, java.lang.Object, java.lang.Object, int, java.lang.Object)'> (0x0000000041e1bcc8) 
thrown [src/hotspot/share/interpreter/linkResolver.cpp, line 772]
Event: 4.287 Thread 0x00007803787e67b0 Exception <a 'java/lang/NoSuchMethodError'{0x0000000041e25d28}: 'java.lang.Object java.lang.invoke.Invokers$Holder.linkToTargetMethod(java.lang.Object, java.lang.Object, java.lang.Object, int, java.lang.Object)'> (0x0000000041e25d28) 
thrown [src/hotspot/share/interpreter/linkResolver.cpp, line 772]
Event: 4.287 Thread 0x00007803787f2660 Exception <a 'java/lang/NoSuchMethodError'{0x0000000041dc2768}: 'java.lang.Object java.lang.invoke.Invokers$Holder.linkToTargetMethod(java.lang.Object, java.lang.Object, java.lang.Object, int, java.lang.Object)'> (0x0000000041dc2768) 
thrown [src/hotspot/share/interpreter/linkResolver.cpp, line 772]
Event: 4.287 Thread 0x00007803787ea700 Exception <a 'java/lang/NoSuchMethodError'{0x0000000041e3e868}: 'java.lang.Object java.lang.invoke.Invokers$Holder.linkToTargetMethod(java.lang.Object, java.lang.Object, java.lang.Object, int, java.lang.Object)'> (0x0000000041e3e868) 
thrown [src/hotspot/share/interpreter/linkResolver.cpp, line 772]
Event: 4.307 Thread 0x000078037880c130 Implicit null exception at 0x0000780368415f5e to 0x0000780368416018
Event: 4.307 Thread 0x00007803787ebc70 Implicit null exception at 0x0000780368415f5e to 0x0000780368416018
Event: 4.307 Thread 0x00007803787ee690 Implicit null exception at 0x0000780368415f5e to 0x0000780368416018
Event: 4.307 Thread 0x000078037880d760 Implicit null exception at 0x0000780368415f5e to 0x0000780368416018
Event: 4.307 Thread 0x00007803787e91a0 Implicit null exception at 0x0000780368415f5e to 0x0000780368416018
Event: 4.319 Thread 0x00007803787f3b10 Exception <a 'java/lang/NoSuchMethodError'{0x000000004212b570}: 'void java.lang.invoke.DirectMethodHandle$Holder.invokeInterface(java.lang.Object, java.lang.Object, int)'> (0x000000004212b570) 
thrown [src/hotspot/share/interpreter/linkResolver.cpp, line 772]
Event: 4.320 Thread 0x00007803787f3b10 Exception <a 'java/lang/IncompatibleClassChangeError'{0x000000004212ebb0}: Found class java.lang.Object, but interface was expected> (0x000000004212ebb0) 
thrown [src/hotspot/share/interpreter/linkResolver.cpp, line 840]
Event: 4.324 Thread 0x00007803787e3ee0 Exception <a 'java/lang/NoSuchMethodError'{0x0000000042096b78}: 'int java.lang.invoke.DirectMethodHandle$Holder.invokeStaticInit(java.lang.Object, java.lang.Object)'> (0x0000000042096b78) 
thrown [src/hotspot/share/interpreter/linkResolver.cpp, line 772]
Event: 4.325 Thread 0x00007803787e3ee0 Exception <a 'java/lang/NoSuchMethodError'{0x0000000042080618}: 'java.lang.Object java.lang.invoke.Invokers$Holder.invokeExact_MT(java.lang.Object, java.lang.Object, java.lang.Object, java.lang.Object, java.lang.Object, java.lang.Object)'> (0x0000000042080618) 
thrown [src/hotspot/share/interpreter/linkResolver.cpp, line 772]
Event: 4.646 Thread 0x0000780378800910 Implicit null exception at 0x000078036851c090 to 0x000078036851c1e0

ZGC Phase Switch (0 events):
No events

VM Operations (20 events):
Event: 4.527 Executing VM operation: ICBufferFull done
Event: 4.532 Executing VM operation: ICBufferFull
Event: 4.535 Executing VM operation: ICBufferFull done
Event: 4.535 Executing VM operation: ICBufferFull
Event: 4.536 Executing VM operation: ICBufferFull done
Event: 4.537 Executing VM operation: ICBufferFull
Event: 4.538 Executing VM operation: ICBufferFull done
Event: 4.540 Executing VM operation: ICBufferFull
Event: 4.540 Executing VM operation: ICBufferFull done
Event: 4.542 Executing VM operation: ICBufferFull
Event: 4.542 Executing VM operation: ICBufferFull done
Event: 4.549 Executing VM operation: ICBufferFull
Event: 4.557 Executing VM operation: ICBufferFull done
Event: 4.586 Executing VM operation: ThirdPartyHeapOperation
Event: 4.599 Executing VM operation: ThirdPartyHeapOperation done
Event: 4.603 Executing VM operation: ThirdPartyHeapOperation
Event: 4.625 Executing VM operation: ThirdPartyHeapOperation done
Event: 4.700 Executing VM operation: ThirdPartyHeapOperation
Event: 4.713 Executing VM operation: ThirdPartyHeapOperation done
Event: 4.717 Executing VM operation: ThirdPartyHeapOperation

Memory protections (20 events):
Event: 4.269 Protecting memory [0x00006b5642300000,0x00006b5642304000] with protection modes 0
Event: 4.269 Protecting memory [0x00006b5642200000,0x00006b5642204000] with protection modes 0
Event: 4.269 Protecting memory [0x00006b5642100000,0x00006b5642104000] with protection modes 0
Event: 4.269 Protecting memory [0x00006b5642000000,0x00006b5642004000] with protection modes 0
Event: 4.269 Protecting memory [0x00006b5641f00000,0x00006b5641f04000] with protection modes 0
Event: 4.269 Protecting memory [0x00006b5641e00000,0x00006b5641e04000] with protection modes 0
Event: 4.269 Protecting memory [0x00006b5641d00000,0x00006b5641d04000] with protection modes 0
Event: 4.270 Protecting memory [0x00006b5641b00000,0x00006b5641b04000] with protection modes 0
Event: 4.270 Protecting memory [0x00006b5641c00000,0x00006b5641c04000] with protection modes 0
Event: 4.271 Protecting memory [0x00006b5641a00000,0x00006b5641a04000] with protection modes 0
Event: 4.271 Protecting memory [0x00006b5641900000,0x00006b5641904000] with protection modes 0
Event: 4.271 Protecting memory [0x00006b5641800000,0x00006b5641804000] with protection modes 0
Event: 4.284 Protecting memory [0x00006b5641600000,0x00006b5641604000] with protection modes 0
Event: 4.285 Protecting memory [0x00006b5641700000,0x00006b5641704000] with protection modes 0
Event: 4.470 Protecting memory [0x00006b5641500000,0x00006b5641504000] with protection modes 0
Event: 4.470 Protecting memory [0x00006b5641400000,0x00006b5641404000] with protection modes 0
Event: 4.470 Protecting memory [0x00006b5641300000,0x00006b5641304000] with protection modes 0
Event: 4.472 Protecting memory [0x00006b5641200000,0x00006b5641204000] with protection modes 0
Event: 4.473 Protecting memory [0x00006b5641100000,0x00006b5641104000] with protection modes 0
Event: 4.473 Protecting memory [0x00006b5641000000,0x00006b5641004000] with protection modes 0

Nmethod flushes (0 events):
No events

Events (20 events):
Event: 4.268 Thread 0x000078037802b240 Thread added: 0x00007803787fd6b0
Event: 4.269 Thread 0x000078037802b240 Thread added: 0x00007803787fef40
Event: 4.269 Thread 0x000078037802b240 Thread added: 0x0000780378800910
Event: 4.269 Thread 0x000078037802b240 Thread added: 0x00007803788022f0
Event: 4.269 Thread 0x000078037802b240 Thread added: 0x00007803788038e0
Event: 4.269 Thread 0x000078037802b240 Thread added: 0x0000780378804ee0
Event: 4.269 Thread 0x000078037802b240 Thread added: 0x00007803788064e0
Event: 4.270 Thread 0x000078037802b240 Thread added: 0x0000780378807ee0
Event: 4.270 Thread 0x000078037802b240 Thread added: 0x00007803788094f0
Event: 4.271 Thread 0x000078037802b240 Thread added: 0x000078037880ab10
Event: 4.271 Thread 0x000078037802b240 Thread added: 0x000078037880c130
Event: 4.271 Thread 0x000078037802b240 Thread added: 0x000078037880d760
Event: 4.284 Thread 0x00006b55b003ffd0 Thread added: 0x00006b55a007d6c0
Event: 4.284 Thread 0x00006b55b003ffd0 Thread added: 0x00006b55a007f0c0
Event: 4.466 Thread 0x00006b55bc0773b0 Thread added: 0x00006b559820bc20
Event: 4.467 Thread 0x00006b55bc0773b0 Thread added: 0x00006b559820d6c0
Event: 4.470 Thread 0x00006b55bc0773b0 Thread added: 0x00006b559820ee10
Event: 4.472 Thread 0x0000780378557520 Thread added: 0x00006b55bc12c120
Event: 4.473 Thread 0x0000780378557520 Thread added: 0x00006b55bc12d8a0
Event: 4.473 Thread 0x0000780378557520 Thread added: 0x00006b55bc12ee40


Dynamic libraries:
40000000-40400000 rw-p 00000000 00:00 0                                  [anon:mmtk:space:immix]
40400000-41400000 rw-p 00000000 00:00 0                                  [anon:mmtk:space:los]
41400000-41800000 rw-p 00000000 00:00 0                                  [anon:mmtk:space:immix]
41800000-48400000 rw-p 00000000 00:00 0                                  [anon:mmtk:space:los]
48400000-48800000 rw-p 00000000 00:00 0                                  [anon:mmtk:space:immix]
48800000-49800000 rw-p 00000000 00:00 0                                  [anon:mmtk:space:los]
49800000-50400000 rw-p 00000000 00:00 0                                  [anon:mmtk:space:immix]
50400000-52c00000 rw-p 00000000 00:00 0                                  [anon:mmtk:space:immix]
52c00000-53000000 rw-p 00000000 00:00 0                                  [anon:mmtk:space:immix]
200000000000-2000c00c0000 rw-s 00000000 00:10 68                         anon_inode:bpf-map
62694abde000-62694abdf000 r--p 00000000 fc:00 49676352                   /mydata/openjdk-mmtk/build/b0test/images/jdk/bin/java
62694abdf000-62694abe0000 r-xp 00001000 fc:00 49676352                   /mydata/openjdk-mmtk/build/b0test/images/jdk/bin/java
62694abe0000-62694abe1000 r--p 00002000 fc:00 49676352                   /mydata/openjdk-mmtk/build/b0test/images/jdk/bin/java
62694abe1000-62694abe2000 r--p 00002000 fc:00 49676352                   /mydata/openjdk-mmtk/build/b0test/images/jdk/bin/java
62694abe2000-62694abe3000 rw-p 00003000 fc:00 49676352                   /mydata/openjdk-mmtk/build/b0test/images/jdk/bin/java
62695188a000-6269518d2000 rw-p 00000000 00:00 0                          [heap]
6b54f8000000-6b54f8253000 rw-p 00000000 00:00 0 
6b54f8253000-6b54fc000000 ---p 00000000 00:00 0 
6b5500000000-6b5500383000 rw-p 00000000 00:00 0 
6b5500383000-6b5504000000 ---p 00000000 00:00 0 
6b5504000000-6b5504550000 rw-p 00000000 00:00 0 
6b5504550000-6b5508000000 ---p 00000000 00:00 0 
6b5508000000-6b550833b000 rw-p 00000000 00:00 0 
6b550833b000-6b550c000000 ---p 00000000 00:00 0 
6b550c000000-6b550c263000 rw-p 00000000 00:00 0 
6b550c263000-6b5510000000 ---p 00000000 00:00 0 
6b5510000000-6b55102f8000 rw-p 00000000 00:00 0 
6b55102f8000-6b5514000000 ---p 00000000 00:00 0 
6b5514000000-6b5514349000 rw-p 00000000 00:00 0 
6b5514349000-6b5518000000 ---p 00000000 00:00 0 
6b5518000000-6b5518021000 rw-p 00000000 00:00 0 
6b5518021000-6b551c000000 ---p 00000000 00:00 0 
6b551c000000-6b551c399000 rw-p 00000000 00:00 0 
6b551c399000-6b5520000000 ---p 00000000 00:00 0 
6b5520000000-6b5520021000 rw-p 00000000 00:00 0 
6b5520021000-6b5524000000 ---p 00000000 00:00 0 
6b5524000000-6b552403d000 rw-p 00000000 00:00 0 
6b552403d000-6b5528000000 ---p 00000000 00:00 0 
6b5528000000-6b5528021000 rw-p 00000000 00:00 0 
6b5528021000-6b552c000000 ---p 00000000 00:00 0 
6b552c000000-6b552c021000 rw-p 00000000 00:00 0 
6b552c021000-6b5530000000 ---p 00000000 00:00 0 
6b5530000000-6b5530021000 rw-p 00000000 00:00 0 
6b5530021000-6b5534000000 ---p 00000000 00:00 0 
6b5534000000-6b5534021000 rw-p 00000000 00:00 0 
6b5534021000-6b5538000000 ---p 00000000 00:00 0 
6b5538000000-6b5538021000 rw-p 00000000 00:00 0 
6b5538021000-6b553c000000 ---p 00000000 00:00 0 
6b553c000000-6b553c021000 rw-p 00000000 00:00 0 
6b553c021000-6b5540000000 ---p 00000000 00:00 0 
6b5540000000-6b5540021000 rw-p 00000000 00:00 0 
6b5540021000-6b5544000000 ---p 00000000 00:00 0 
6b5544000000-6b5544021000 rw-p 00000000 00:00 0 
6b5544021000-6b5548000000 ---p 00000000 00:00 0 
6b5548000000-6b5548027000 rw-p 00000000 00:00 0 
6b5548027000-6b554c000000 ---p 00000000 00:00 0 
6b554c000000-6b554c021000 rw-p 00000000 00:00 0 
6b554c021000-6b5550000000 ---p 00000000 00:00 0 
6b5550000000-6b5550021000 rw-p 00000000 00:00 0 
6b5550021000-6b5554000000 ---p 00000000 00:00 0 
6b5554000000-6b5554021000 rw-p 00000000 00:00 0 
6b5554021000-6b5558000000 ---p 00000000 00:00 0 
6b5558000000-6b5558021000 rw-p 00000000 00:00 0 
6b5558021000-6b555c000000 ---p 00000000 00:00 0 
6b555c000000-6b555c02d000 rw-p 00000000 00:00 0 
6b555c02d000-6b5560000000 ---p 00000000 00:00 0 
6b5560000000-6b5560021000 rw-p 00000000 00:00 0 
6b5560021000-6b5564000000 ---p 00000000 00:00 0 
6b5564000000-6b5564024000 rw-p 00000000 00:00 0 
6b5564024000-6b5568000000 ---p 00000000 00:00 0 
6b5568000000-6b5568021000 rw-p 00000000 00:00 0 
6b5568021000-6b556c000000 ---p 00000000 00:00 0 
6b556c000000-6b556c021000 rw-p 00000000 00:00 0 
6b556c021000-6b5570000000 ---p 00000000 00:00 0 
6b5570000000-6b5570021000 rw-p 00000000 00:00 0 
6b5570021000-6b5574000000 ---p 00000000 00:00 0 
6b5574000000-6b5574021000 rw-p 00000000 00:00 0 
6b5574021000-6b5578000000 ---p 00000000 00:00 0 
6b5578000000-6b5578021000 rw-p 00000000 00:00 0 
6b5578021000-6b557c000000 ---p 00000000 00:00 0 
6b557c000000-6b557c021000 rw-p 00000000 00:00 0 
6b557c021000-6b5580000000 ---p 00000000 00:00 0 
6b5580000000-6b5580021000 rw-p 00000000 00:00 0 
6b5580021000-6b5584000000 ---p 00000000 00:00 0 
6b5584000000-6b5584021000 rw-p 00000000 00:00 0 
6b5584021000-6b5588000000 ---p 00000000 00:00 0 
6b5588000000-6b5588021000 rw-p 00000000 00:00 0 
6b5588021000-6b558c000000 ---p 00000000 00:00 0 
6b558c000000-6b558c029000 rw-p 00000000 00:00 0 
6b558c029000-6b5590000000 ---p 00000000 00:00 0 
6b5590000000-6b5590021000 rw-p 00000000 00:00 0 
6b5590021000-6b5594000000 ---p 00000000 00:00 0 
6b5594000000-6b559402e000 rw-p 00000000 00:00 0 
6b559402e000-6b5598000000 ---p 00000000 00:00 0 
6b5598000000-6b559822e000 rw-p 00000000 00:00 0 
6b559822e000-6b559c000000 ---p 00000000 00:00 0 
6b559c000000-6b559c0f0000 rw-p 00000000 00:00 0 
6b559c0f0000-6b55a0000000 ---p 00000000 00:00 0 
6b55a0000000-6b55a0119000 rw-p 00000000 00:00 0 
6b55a0119000-6b55a4000000 ---p 00000000 00:00 0 
6b55a4000000-6b55a4104000 rw-p 00000000 00:00 0 
6b55a4104000-6b55a8000000 ---p 00000000 00:00 0 
6b55a8000000-6b55a8021000 rw-p 00000000 00:00 0 
6b55a8021000-6b55ac000000 ---p 00000000 00:00 0 
6b55ac000000-6b55ac4df000 rw-p 00000000 00:00 0 
6b55ac4df000-6b55b0000000 ---p 00000000 00:00 0 
6b55b0000000-6b55b0197000 rw-p 00000000 00:00 0 
6b55b0197000-6b55b4000000 ---p 00000000 00:00 0 
6b55b4000000-6b55b4021000 rw-p 00000000 00:00 0 
6b55b4021000-6b55b8000000 ---p 00000000 00:00 0 
6b55b8000000-6b55b8739000 rw-p 00000000 00:00 0 
6b55b8739000-6b55bc000000 ---p 00000000 00:00 0 
6b55bc000000-6b55bc155000 rw-p 00000000 00:00 0 
6b55bc155000-6b55c0000000 ---p 00000000 00:00 0 
6b55c0000000-6b55c0021000 rw-p 00000000 00:00 0 
6b55c0021000-6b55c4000000 ---p 00000000 00:00 0 
6b55c4000000-6b55c4021000 rw-p 00000000 00:00 0 
6b55c4021000-6b55c8000000 ---p 00000000 00:00 0 
6b55c8000000-6b55c8026000 rw-p 00000000 00:00 0 
6b55c8026000-6b55cc000000 ---p 00000000 00:00 0 
6b55cc000000-6b55cc021000 rw-p 00000000 00:00 0 
6b55cc021000-6b55d0000000 ---p 00000000 00:00 0 
6b55d0000000-6b55d0063000 rw-p 00000000 00:00 0 
6b55d0063000-6b55d4000000 ---p 00000000 00:00 0 
6b55d4000000-6b55d403a000 rw-p 00000000 00:00 0 
6b55d403a000-6b55d8000000 ---p 00000000 00:00 0 
6b55d8000000-6b55d802a000 rw-p 00000000 00:00 0 
6b55d802a000-6b55dc000000 ---p 00000000 00:00 0 
6b55dc000000-6b55dc02a000 rw-p 00000000 00:00 0 
6b55dc02a000-6b55e0000000 ---p 00000000 00:00 0 
6b55e0000000-6b55e002a000 rw-p 00000000 00:00 0 
6b55e002a000-6b55e4000000 ---p 00000000 00:00 0 
6b55e4000000-6b55e4033000 rw-p 00000000 00:00 0 
6b55e4033000-6b55e8000000 ---p 00000000 00:00 0 
6b55e8000000-6b55e802b000 rw-p 00000000 00:00 0 
6b55e802b000-6b55ec000000 ---p 00000000 00:00 0 
6b55ec000000-6b55ec19c000 rw-p 00000000 00:00 0 
6b55ec19c000-6b55f0000000 ---p 00000000 00:00 0 
6b55f0000000-6b55f002b000 rw-p 00000000 00:00 0 
6b55f002b000-6b55f4000000 ---p 00000000 00:00 0 
6b55f4000000-6b55f402a000 rw-p 00000000 00:00 0 
6b55f402a000-6b55f8000000 ---p 00000000 00:00 0 
6b55f8000000-6b55f802b000 rw-p 00000000 00:00 0 
6b55f802b000-6b55fc000000 ---p 00000000 00:00 0 
6b55fc000000-6b55fc032000 rw-p 00000000 00:00 0 
6b55fc032000-6b5600000000 ---p 00000000 00:00 0 
6b5600000000-6b560002b000 rw-p 00000000 00:00 0 
6b560002b000-6b5604000000 ---p 00000000 00:00 0 
6b5604000000-6b560403a000 rw-p 00000000 00:00 0 
6b560403a000-6b5608000000 ---p 00000000 00:00 0 
6b5608000000-6b5608032000 rw-p 00000000 00:00 0 
6b5608032000-6b560c000000 ---p 00000000 00:00 0 
6b560c000000-6b560c03a000 rw-p 00000000 00:00 0 
6b560c03a000-6b5610000000 ---p 00000000 00:00 0 
6b5610000000-6b561003a000 rw-p 00000000 00:00 0 
6b561003a000-6b5614000000 ---p 00000000 00:00 0 
6b5614000000-6b56140f4000 rw-p 00000000 00:00 0 
6b56140f4000-6b5618000000 ---p 00000000 00:00 0 
6b5618000000-6b561802b000 rw-p 00000000 00:00 0 
6b561802b000-6b561c000000 ---p 00000000 00:00 0 
6b561c000000-6b561c0d3000 rw-p 00000000 00:00 0 
6b561c0d3000-6b5620000000 ---p 00000000 00:00 0 
6b5620000000-6b5620023000 rw-p 00000000 00:00 0 
6b5620023000-6b5624000000 ---p 00000000 00:00 0 
6b5624000000-6b562402a000 rw-p 00000000 00:00 0 
6b562402a000-6b5628000000 ---p 00000000 00:00 0 
6b5628000000-6b5628021000 rw-p 00000000 00:00 0 
6b5628021000-6b562c000000 ---p 00000000 00:00 0 
6b562c000000-6b562c021000 rw-p 00000000 00:00 0 
6b562c021000-6b5630000000 ---p 00000000 00:00 0 
6b5630000000-6b5630021000 rw-p 00000000 00:00 0 
6b5630021000-6b5634000000 ---p 00000000 00:00 0 
6b5634000000-6b5634021000 rw-p 00000000 00:00 0 
6b5634021000-6b5638000000 ---p 00000000 00:00 0 
6b5638000000-6b5638380000 rw-p 00000000 00:00 0 
6b5638380000-6b5638400000 ---p 00000000 00:00 0 
6b5638400000-6b56389b0000 rw-p 00000000 00:00 0 
6b56389b0000-6b563c000000 ---p 00000000 00:00 0 
6b563c000000-6b563c021000 rw-p 00000000 00:00 0 
6b563c021000-6b5640000000 ---p 00000000 00:00 0 
6b5641000000-6b5641004000 ---p 00000000 00:00 0 
6b5641004000-6b5641100000 rw-p 00000000 00:00 0 
6b5641100000-6b5641104000 ---p 00000000 00:00 0 
6b5641104000-6b5641200000 rw-p 00000000 00:00 0 
6b5641200000-6b5641204000 ---p 00000000 00:00 0 
6b5641204000-6b5641300000 rw-p 00000000 00:00 0 
6b5641300000-6b5641304000 ---p 00000000 00:00 0 
6b5641304000-6b5641400000 rw-p 00000000 00:00 0 
6b5641400000-6b5641404000 ---p 00000000 00:00 0 
6b5641404000-6b5641500000 rw-p 00000000 00:00 0 
6b5641500000-6b5641504000 ---p 00000000 00:00 0 
6b5641504000-6b5641600000 rw-p 00000000 00:00 0 
6b5641600000-6b5641604000 ---p 00000000 00:00 0 
6b5641604000-6b5641700000 rw-p 00000000 00:00 0 
6b5641700000-6b5641704000 ---p 00000000 00:00 0 
6b5641704000-6b5641800000 rw-p 00000000 00:00 0 
6b5641800000-6b5641804000 ---p 00000000 00:00 0 
6b5641804000-6b5641900000 rw-p 00000000 00:00 0 
6b5641900000-6b5641904000 ---p 00000000 00:00 0 
6b5641904000-6b5641a00000 rw-p 00000000 00:00 0 
6b5641a00000-6b5641a04000 ---p 00000000 00:00 0 
6b5641a04000-6b5641b00000 rw-p 00000000 00:00 0 
6b5641b00000-6b5641b04000 ---p 00000000 00:00 0 
6b5641b04000-6b5641c00000 rw-p 00000000 00:00 0 
6b5641c00000-6b5641c04000 ---p 00000000 00:00 0 
6b5641c04000-6b5641d00000 rw-p 00000000 00:00 0 
6b5641d00000-6b5641d04000 ---p 00000000 00:00 0 
6b5641d04000-6b5641e00000 rw-p 00000000 00:00 0 
6b5641e00000-6b5641e04000 ---p 00000000 00:00 0 
6b5641e04000-6b5641f00000 rw-p 00000000 00:00 0 
6b5641f00000-6b5641f04000 ---p 00000000 00:00 0 
6b5641f04000-6b5642000000 rw-p 00000000 00:00 0 
6b5642000000-6b5642004000 ---p 00000000 00:00 0 
6b5642004000-6b5642100000 rw-p 00000000 00:00 0 
6b5642100000-6b5642104000 ---p 00000000 00:00 0 
6b5642104000-6b5642200000 rw-p 00000000 00:00 0 
6b5642200000-6b5642204000 ---p 00000000 00:00 0 
6b5642204000-6b5642300000 rw-p 00000000 00:00 0 
6b5642300000-6b5642304000 ---p 00000000 00:00 0 
6b5642304000-6b5642400000 rw-p 00000000 00:00 0 
6b5642400000-6b5642404000 ---p 00000000 00:00 0 
6b5642404000-6b5642500000 rw-p 00000000 00:00 0 
6b5642500000-6b5642504000 ---p 00000000 00:00 0 
6b5642504000-6b5642600000 rw-p 00000000 00:00 0 
6b5642600000-6b5642604000 ---p 00000000 00:00 0 
6b5642604000-6b5642700000 rw-p 00000000 00:00 0 
6b5642700000-6b5642704000 ---p 00000000 00:00 0 
6b5642704000-6b5642800000 rw-p 00000000 00:00 0 
6b5642800000-6b5642804000 ---p 00000000 00:00 0 
6b5642804000-6b5642900000 rw-p 00000000 00:00 0 
6b5642900000-6b5642904000 ---p 00000000 00:00 0 
6b5642904000-6b5642a00000 rw-p 00000000 00:00 0 
6b5642a00000-6b5642a04000 ---p 00000000 00:00 0 
6b5642a04000-6b5642b00000 rw-p 00000000 00:00 0 
6b5642b00000-6b5642b04000 ---p 00000000 00:00 0 
6b5642b04000-6b5642c00000 rw-p 00000000 00:00 0 
6b5642c00000-6b5642c04000 ---p 00000000 00:00 0 
6b5642c04000-6b5642d00000 rw-p 00000000 00:00 0 
6b5642d00000-6b5642d04000 ---p 00000000 00:00 0 
6b5642d04000-6b5642e00000 rw-p 00000000 00:00 0 
6b5642e00000-6b5642e04000 ---p 00000000 00:00 0 
6b5642e04000-6b5642f00000 rw-p 00000000 00:00 0 
6b5642f00000-6b5642f04000 ---p 00000000 00:00 0 
6b5642f04000-6b5643000000 rw-p 00000000 00:00 0 
6b5643000000-6b5643ca3000 rw-p 00001000 fc:00 49677060                   /mydata/openjdk-mmtk/build/b0test/images/jdk/lib/server/classes.jsa
6b5643ca3000-6b5644000000 ---p 00000000 00:00 0 
6b5644000000-6b5644040000 rw-p 00000000 00:00 0 
6b5644040000-6b56440c0000 rw-p 00000000 00:00 0 
6b56440c0000-6b56440e0000 rw-p 00000000 00:00 0 
6b56440e0000-6b5644100000 ---p 00000000 00:00 0 
6b5644100000-6b56441e0000 rw-p 00000000 00:00 0 
6b56441e0000-6b5684000000 ---p 00000000 00:00 0 
6b5684000000-6b5684021000 rw-p 00000000 00:00 0 
6b5684021000-6b5688004000 ---p 00000000 00:00 0 
6b5688004000-6b5688100000 rw-p 00000000 00:00 0 
6b5688100000-6b5688104000 ---p 00000000 00:00 0 
6b5688104000-6b5688200000 rw-p 00000000 00:00 0 
6b5688200000-6b5688204000 ---p 00000000 00:00 0 
6b5688204000-6b5688300000 rw-p 00000000 00:00 0 
6b5688300000-6b5688304000 ---p 00000000 00:00 0 
6b5688304000-6b5688400000 rw-p 00000000 00:00 0 
6b5688400000-6b5688404000 ---p 00000000 00:00 0 
6b5688404000-6b5688500000 rw-p 00000000 00:00 0 
6b5688500000-6b5688504000 ---p 00000000 00:00 0 
6b5688504000-6b5688600000 rw-p 00000000 00:00 0 
6b5688600000-6b5688a65000 r--s 00000000 fc:00 7871857                    /mydata/dacapo/dacapo-23.11/dacapo-23.11-MR2-chopin/dat/lusearch/index-default/_3_Lucene90_0.tim
6b5688b00000-6b5688b04000 ---p 00000000 00:00 0 
6b5688b04000-6b5688c00000 rw-p 00000000 00:00 0 
6b5688c00000-6b5689001000 r--s 00000000 fc:00 7871856                    /mydata/dacapo/dacapo-23.11/dacapo-23.11-MR2-chopin/dat/lusearch/index-default/_3_Lucene90_0.doc
6b5689100000-6b5689104000 ---p 00000000 00:00 0 
6b5689104000-6b5689200000 rw-p 00000000 00:00 0 
6b5689200000-6b568c200000 rw-p 00000000 00:00 0 
6b568c2fc000-6b568c300000 ---p 00000000 00:00 0 
6b568c300000-6b568c3fc000 rw-p 00000000 00:00 0 
6b568c3fc000-6b56bc400000 rw-p 00000000 00:00 0 
6b56bc400000-6b56bd400000 ---p 00000000 00:00 0                          [anon:mmtk:sidemeta:all:all-quarantined]
6b56bd400000-6b56bdc00000 rw-p 00000000 00:00 0                          [anon:mmtk:sidemeta:immix:VO_BIT]
6b56bdc00000-6d56be400000 ---p 00000000 00:00 0                          [anon:mmtk:sidemeta:all:all-quarantined]
6d56be400000-6d56be800000 rw-p 00000000 00:00 0                          [anon:mmtk:sidemeta:immix:CHUNK_MARK]
6d56be800000-6d56c1400000 ---p 00000000 00:00 0                          [anon:mmtk:sidemeta:all:all-quarantined]
6d56c1400000-6d56c1c00000 rw-p 00000000 00:00 0                          [anon:mmtk:sidemeta:immix:VMGlobalLogBitSpec]
6d56c1c00000-6f5ec0800000 ---p 00000000 00:00 0                          [anon:mmtk:sidemeta:all:all-quarantined]
6f5ec0800000-6f5ec0c00000 rw-p 00000000 00:00 0                          [anon:mmtk:sidemeta:immix:IX_LINE_MARK]
6f5ec0c00000-6fdec0400000 ---p 00000000 00:00 0                          [anon:mmtk:sidemeta:all:all-quarantined]
6fdec0400000-6fdec0800000 rw-p 00000000 00:00 0                          [anon:mmtk:sidemeta:immix:IX_BLOCK_DEFRAG]
6fdec0800000-6fdfc0400000 ---p 00000000 00:00 0                          [anon:mmtk:sidemeta:all:all-quarantined]
6fdfc0400000-6fdfc0800000 rw-p 00000000 00:00 0                          [anon:mmtk:sidemeta:immix:IX_BLOCK_MARK]
6fdfc0800000-760140400000 ---p 00000000 00:00 0                          [anon:mmtk:sidemeta:all:all-quarantined]
760140400000-760140800000 rw-p 00000000 00:00 0                          [anon:mmtk:sidemeta:los:VMLocalLOSMarkNurserySpec]
760140800000-760341400000 ---p 00000000 00:00 0                          [anon:mmtk:sidemeta:all:all-quarantined]
760341400000-760341c00000 rw-p 00000000 00:00 0                          [anon:mmtk:sidemeta:immix:VMLocalMarkBitSpec]
760341c00000-780340400000 ---p 00000000 00:00 0                          [anon:mmtk:sidemeta:all:all-quarantined]
7803404ff000-780340503000 ---p 00000000 00:00 0 
780340503000-7803405ff000 rw-p 00000000 00:00 0 
7803405ff000-780340603000 ---p 00000000 00:00 0 
780340603000-7803406ff000 rw-p 00000000 00:00 0 
7803406ff000-780340703000 ---p 00000000 00:00 0 
780340703000-7803407ff000 rw-p 00000000 00:00 0 
7803407ff000-780360800000 rw-p 00000000 00:00 0 
780360800000-780360d50000 rwxp 00000000 00:00 0 
780360d50000-780367c17000 ---p 00000000 00:00 0 
780367c17000-780367f97000 rwxp 00000000 00:00 0 
780367f97000-7803683e8000 ---p 00000000 00:00 0 
7803683e8000-780368658000 rwxp 00000000 00:00 0 
780368658000-78036f800000 ---p 00000000 00:00 0 
78036f800000-780377fa0000 r--s 00000000 fc:00 49676300                   /mydata/openjdk-mmtk/build/b0test/images/jdk/lib/modules
780378000000-780378811000 rw-p 00000000 00:00 0 
780378811000-78037c000000 ---p 00000000 00:00 0 
78037c018000-78037c01c000 ---p 00000000 00:00 0 
78037c01c000-78037c118000 rw-p 00000000 00:00 0 
78037c118000-78037c11c000 ---p 00000000 00:00 0 
78037c11c000-78037c218000 rw-p 00000000 00:00 0 
78037c218000-78037c21c000 ---p 00000000 00:00 0 
78037c21c000-78037c318000 rw-p 00000000 00:00 0 
78037c318000-78037c31d000 r--p 00000000 fc:00 49676433                   /mydata/openjdk-mmtk/build/b0test/images/jdk/lib/libjsvml.so
78037c31d000-78037c35e000 r-xp 00005000 fc:00 49676433                   /mydata/openjdk-mmtk/build/b0test/images/jdk/lib/libjsvml.so
78037c35e000-78037c3e7000 r--p 00046000 fc:00 49676433                   /mydata/openjdk-mmtk/build/b0test/images/jdk/lib/libjsvml.so
78037c3e7000-78037c3e8000 r--p 000ce000 fc:00 49676433                   /mydata/openjdk-mmtk/build/b0test/images/jdk/lib/libjsvml.so
78037c3e8000-78037c3e9000 rw-p 000cf000 fc:00 49676433                   /mydata/openjdk-mmtk/build/b0test/images/jdk/lib/libjsvml.so
78037c3e9000-78037c3ed000 ---p 00000000 00:00 0 
78037c3ed000-78037c4e9000 rw-p 00000000 00:00 0 
78037c4e9000-78037c4ed000 ---p 00000000 00:00 0 
78037c4ed000-78037c5e9000 rw-p 00000000 00:00 0 
78037c5e9000-78037c5ed000 ---p 00000000 00:00 0 
78037c5ed000-78037c6e9000 rw-p 00000000 00:00 0 
78037c6e9000-78037c6ed000 ---p 00000000 00:00 0 
78037c6ed000-78037c7e9000 rw-p 00000000 00:00 0 
78037c7e9000-78037c7ed000 ---p 00000000 00:00 0 
78037c7ed000-78037c8e9000 rw-p 00000000 00:00 0 
78037c8e9000-78037c8ea000 ---p 00000000 00:00 0 
78037c8ea000-78037c9ea000 rw-p 00000000 00:00 0 
78037c9ea000-78037c9eb000 ---p 00000000 00:00 0 
78037c9eb000-78037caeb000 rw-p 00000000 00:00 0 
78037caeb000-78037caec000 ---p 00000000 00:00 0 
78037caec000-78037cbec000 rw-p 00000000 00:00 0 
78037cbec000-78037cbed000 ---p 00000000 00:00 0 
78037cbed000-78037cced000 rw-p 00000000 00:00 0 
78037cced000-78037ccee000 ---p 00000000 00:00 0 
78037ccee000-78037cdee000 rw-p 00000000 00:00 0 
78037cdee000-78037cdef000 ---p 00000000 00:00 0 
78037cdef000-78037ceef000 rw-p 00000000 00:00 0 
78037ceef000-78037cef0000 ---p 00000000 00:00 0 
78037cef0000-78037cff0000 rw-p 00000000 00:00 0 
78037cff0000-78037cff1000 ---p 00000000 00:00 0 
78037cff1000-78037d0f1000 rw-p 00000000 00:00 0 
78037d0f1000-78037d0f2000 ---p 00000000 00:00 0 
78037d0f2000-78037d1f2000 rw-p 00000000 00:00 0 
78037d1f2000-78037d1f3000 ---p 00000000 00:00 0 
78037d1f3000-78037d2f3000 rw-p 00000000 00:00 0 
78037d2f3000-78037d2f4000 ---p 00000000 00:00 0 
78037d2f4000-78037d3f4000 rw-p 00000000 00:00 0 
78037d3f4000-78037d3f5000 ---p 00000000 00:00 0 
78037d3f5000-78037d4f5000 rw-p 00000000 00:00 0 
78037d4f5000-78037d4f6000 ---p 00000000 00:00 0 
78037d4f6000-78037d5f6000 rw-p 00000000 00:00 0 
78037d5f6000-78037d5f7000 ---p 00000000 00:00 0 
78037d5f7000-78037d6f7000 rw-p 00000000 00:00 0 
78037d6f7000-78037d6f8000 ---p 00000000 00:00 0 
78037d6f8000-78037d7f8000 rw-p 00000000 00:00 0 
78037d7f8000-78037d7f9000 ---p 00000000 00:00 0 
78037d7f9000-78037d8f9000 rw-p 00000000 00:00 0 
78037d8f9000-78037d8fa000 ---p 00000000 00:00 0 
78037d8fa000-78037d9fa000 rw-p 00000000 00:00 0 
78037d9fa000-78037d9fb000 ---p 00000000 00:00 0 
78037d9fb000-78037dafb000 rw-p 00000000 00:00 0 
78037dafb000-78037dafc000 ---p 00000000 00:00 0 
78037dafc000-78037dbfc000 rw-p 00000000 00:00 0 
78037dbfc000-78037dbfd000 ---p 00000000 00:00 0 
78037dbfd000-78037dcfd000 rw-p 00000000 00:00 0 
78037dcfd000-78037dcfe000 ---p 00000000 00:00 0 
78037dcfe000-78037ddfe000 rw-p 00000000 00:00 0 
78037ddfe000-78037ddff000 ---p 00000000 00:00 0 
78037ddff000-78037deff000 rw-p 00000000 00:00 0 
78037deff000-78037df00000 ---p 00000000 00:00 0 
78037df00000-78037e000000 rw-p 00000000 00:00 0 
78037e000000-78037e004000 ---p 00000000 00:00 0 
78037e004000-78037e100000 rw-p 00000000 00:00 0 
78037e100000-78037e104000 ---p 00000000 00:00 0 
78037e104000-78037e200000 rw-p 00000000 00:00 0 
78037e200000-78037e4eb000 r--p 00000000 08:03 1410552                    /usr/lib/locale/locale-archive
78037e542000-78037e546000 ---p 00000000 00:00 0 
78037e546000-78037e642000 rw-p 00000000 00:00 0 
78037e642000-78037e643000 ---p 00000000 00:00 0 
78037e643000-78037e743000 rw-p 00000000 00:00 0 
78037e743000-78037e744000 ---p 00000000 00:00 0 
78037e744000-78037e844000 rw-p 00000000 00:00 0 
78037e844000-78037e845000 ---p 00000000 00:00 0 
78037e845000-78037e945000 rw-p 00000000 00:00 0 
78037e945000-78037ef46000 rw-p 00000000 00:00 0 
78037ef46000-78037ef4a000 r--p 00000000 08:03 1410107                    /usr/lib/x86_64-linux-gnu/libzstd.so.1.5.5
78037ef4a000-78037eff1000 r-xp 00004000 08:03 1410107                    /usr/lib/x86_64-linux-gnu/libzstd.so.1.5.5
78037eff1000-78037effe000 r--p 000ab000 08:03 1410107                    /usr/lib/x86_64-linux-gnu/libzstd.so.1.5.5
78037effe000-78037efff000 r--p 000b7000 08:03 1410107                    /usr/lib/x86_64-linux-gnu/libzstd.so.1.5.5
78037efff000-78037f000000 rw-p 000b8000 08:03 1410107                    /usr/lib/x86_64-linux-gnu/libzstd.so.1.5.5
78037f000000-78037f00c000 r--p 00000000 fc:00 13107796                   /mydata/gc-bpf-fault/shim/libgcbpf.so
78037f00c000-78037f06e000 r-xp 0000c000 fc:00 13107796                   /mydata/gc-bpf-fault/shim/libgcbpf.so
78037f06e000-78037f2de000 r--p 0006e000 fc:00 13107796                   /mydata/gc-bpf-fault/shim/libgcbpf.so
78037f2de000-78037f2e0000 r--p 002de000 fc:00 13107796                   /mydata/gc-bpf-fault/shim/libgcbpf.so
78037f2e0000-78037f2e1000 rw-p 002e0000 fc:00 13107796                   /mydata/gc-bpf-fault/shim/libgcbpf.so
78037f2e1000-78037f2e2000 rw-p 00000000 00:00 0 
78037f317000-78037f31c000 rw-p 00000000 00:00 0 
78037f31c000-78037f400000 ---p 00000000 00:00 0 
78037f400000-78037f548000 r--p 00000000 fc:00 49676390                   /mydata/openjdk-mmtk/build/b0test/images/jdk/lib/server/libmmtk_openjdk.so
78037f548000-78037f7c7000 r-xp 00147000 fc:00 49676390                   /mydata/openjdk-mmtk/build/b0test/images/jdk/lib/server/libmmtk_openjdk.so
78037f7c7000-78037f807000 r--p 003c5000 fc:00 49676390                   /mydata/openjdk-mmtk/build/b0test/images/jdk/lib/server/libmmtk_openjdk.so
78037f807000-78037f80a000 rw-p 00404000 fc:00 49676390                   /mydata/openjdk-mmtk/build/b0test/images/jdk/lib/server/libmmtk_openjdk.so
78037f80a000-78037f80c000 rw-p 00000000 00:00 0 
78037f817000-78037f822000 rw-p 00000000 00:00 0 
78037f822000-78037f900000 ---p 00000000 00:00 0 
78037f900000-78037f904000 ---p 00000000 00:00 0 
78037f904000-78037fa00000 rw-p 00000000 00:00 0 
78037fa00000-78037fca9000 r--p 00000000 fc:00 49676389                   /mydata/openjdk-mmtk/build/b0test/images/jdk/lib/server/libjvm.so
78037fca9000-780380b3c000 r-xp 002a9000 fc:00 49676389                   /mydata/openjdk-mmtk/build/b0test/images/jdk/lib/server/libjvm.so
780380b3c000-780380e20000 r--p 0113c000 fc:00 49676389                   /mydata/openjdk-mmtk/build/b0test/images/jdk/lib/server/libjvm.so
780380e20000-780380ef6000 r--p 0141f000 fc:00 49676389                   /mydata/openjdk-mmtk/build/b0test/images/jdk/lib/server/libjvm.so
780380ef6000-780380f26000 rw-p 014f5000 fc:00 49676389                   /mydata/openjdk-mmtk/build/b0test/images/jdk/lib/server/libjvm.so
780380f26000-780380f8c000 rw-p 00000000 00:00 0 
780380fa7000-780380fae000 r--s 00000000 08:03 1436340                    /usr/lib/x86_64-linux-gnu/gconv/gconv-modules.cache
780380fae000-780380fd5000 r--s 00000000 fc:00 7871850                    /mydata/dacapo/dacapo-23.11/dacapo-23.11-MR2-chopin/dat/lusearch/index-default/_3.fdt
780380fd5000-780380ff8000 r--s 00000000 fc:00 7871858                    /mydata/dacapo/dacapo-23.11/dacapo-23.11-MR2-chopin/dat/lusearch/index-default/_3_Lucene90_0.tip
780380ff8000-780380ffa000 r--p 00000000 fc:00 49676482                   /mydata/openjdk-mmtk/build/b0test/images/jdk/lib/libmanagement_ext.so
780380ffa000-780380ffd000 r-xp 00002000 fc:00 49676482                   /mydata/openjdk-mmtk/build/b0test/images/jdk/lib/libmanagement_ext.so
780380ffd000-780380ffe000 r--p 00005000 fc:00 49676482                   /mydata/openjdk-mmtk/build/b0test/images/jdk/lib/libmanagement_ext.so
780380ffe000-780380fff000 r--p 00006000 fc:00 49676482                   /mydata/openjdk-mmtk/build/b0test/images/jdk/lib/libmanagement_ext.so
780380fff000-780381000000 rw-p 00007000 fc:00 49676482                   /mydata/openjdk-mmtk/build/b0test/images/jdk/lib/libmanagement_ext.so
780381000000-780381028000 r--p 00000000 08:03 1410238                    /usr/lib/x86_64-linux-gnu/libc.so.6
780381028000-7803811b0000 r-xp 00028000 08:03 1410238                    /usr/lib/x86_64-linux-gnu/libc.so.6
7803811b0000-7803811ff000 r--p 001b0000 08:03 1410238                    /usr/lib/x86_64-linux-gnu/libc.so.6
7803811ff000-780381203000 r--p 001fe000 08:03 1410238                    /usr/lib/x86_64-linux-gnu/libc.so.6
780381203000-780381205000 rw-p 00202000 08:03 1410238                    /usr/lib/x86_64-linux-gnu/libc.so.6
780381205000-780381212000 rw-p 00000000 00:00 0 
780381217000-780381219000 r--p 00000000 fc:00 49676380                   /mydata/openjdk-mmtk/build/b0test/images/jdk/lib/libzip.so
780381219000-78038121e000 r-xp 00002000 fc:00 49676380                   /mydata/openjdk-mmtk/build/b0test/images/jdk/lib/libzip.so
78038121e000-780381220000 r--p 00007000 fc:00 49676380                   /mydata/openjdk-mmtk/build/b0test/images/jdk/lib/libzip.so
780381220000-780381221000 r--p 00008000 fc:00 49676380                   /mydata/openjdk-mmtk/build/b0test/images/jdk/lib/libzip.so
780381221000-780381222000 rw-p 00009000 fc:00 49676380                   /mydata/openjdk-mmtk/build/b0test/images/jdk/lib/libzip.so
780381222000-780381225000 r--p 00000000 fc:00 49676376                   /mydata/openjdk-mmtk/build/b0test/images/jdk/lib/libnet.so
780381225000-78038122d000 r-xp 00003000 fc:00 49676376                   /mydata/openjdk-mmtk/build/b0test/images/jdk/lib/libnet.so
78038122d000-78038122f000 r--p 0000b000 fc:00 49676376                   /mydata/openjdk-mmtk/build/b0test/images/jdk/lib/libnet.so
78038122f000-780381230000 r--p 0000c000 fc:00 49676376                   /mydata/openjdk-mmtk/build/b0test/images/jdk/lib/libnet.so
780381230000-780381231000 rw-p 0000d000 fc:00 49676376                   /mydata/openjdk-mmtk/build/b0test/images/jdk/lib/libnet.so
780381231000-780381238000 r--p 00000000 fc:00 49676377                   /mydata/openjdk-mmtk/build/b0test/images/jdk/lib/libnio.so
780381238000-780381241000 r-xp 00007000 fc:00 49676377                   /mydata/openjdk-mmtk/build/b0test/images/jdk/lib/libnio.so
780381241000-780381245000 r--p 00010000 fc:00 49676377                   /mydata/openjdk-mmtk/build/b0test/images/jdk/lib/libnio.so
780381245000-780381246000 r--p 00014000 fc:00 49676377                   /mydata/openjdk-mmtk/build/b0test/images/jdk/lib/libnio.so
780381246000-780381247000 rw-p 00015000 fc:00 49676377                   /mydata/openjdk-mmtk/build/b0test/images/jdk/lib/libnio.so
780381247000-78038124a000 r--p 00000000 08:03 1410420                    /usr/lib/x86_64-linux-gnu/libelf-0.190.so
78038124a000-780381260000 r-xp 00003000 08:03 1410420                    /usr/lib/x86_64-linux-gnu/libelf-0.190.so
780381260000-780381264000 r--p 00019000 08:03 1410420                    /usr/lib/x86_64-linux-gnu/libelf-0.190.so
780381264000-780381265000 r--p 0001c000 08:03 1410420                    /usr/lib/x86_64-linux-gnu/libelf-0.190.so
780381265000-780381266000 rw-p 0001d000 08:03 1410420                    /usr/lib/x86_64-linux-gnu/libelf-0.190.so
78038126a000-78038126c000 r--p 00000000 fc:00 49676410                   /mydata/openjdk-mmtk/build/b0test/images/jdk/lib/libmanagement.so
78038126c000-78038126d000 r-xp 00002000 fc:00 49676410                   /mydata/openjdk-mmtk/build/b0test/images/jdk/lib/libmanagement.so
78038126d000-78038126e000 r--p 00003000 fc:00 49676410                   /mydata/openjdk-mmtk/build/b0test/images/jdk/lib/libmanagement.so
78038126e000-78038126f000 r--p 00003000 fc:00 49676410                   /mydata/openjdk-mmtk/build/b0test/images/jdk/lib/libmanagement.so
78038126f000-780381270000 rw-p 00004000 fc:00 49676410                   /mydata/openjdk-mmtk/build/b0test/images/jdk/lib/libmanagement.so
780381270000-780381277000 rw-p 00000000 00:00 0 
780381277000-780381280000 ---p 00000000 00:00 0 
780381280000-78038128d000 r--p 00000000 fc:00 49676369                   /mydata/openjdk-mmtk/build/b0test/images/jdk/lib/libjava.so
78038128d000-78038129c000 r-xp 0000d000 fc:00 49676369                   /mydata/openjdk-mmtk/build/b0test/images/jdk/lib/libjava.so
78038129c000-7803812a1000 r--p 0001c000 fc:00 49676369                   /mydata/openjdk-mmtk/build/b0test/images/jdk/lib/libjava.so
7803812a1000-7803812a2000 r--p 00021000 fc:00 49676369                   /mydata/openjdk-mmtk/build/b0test/images/jdk/lib/libjava.so
7803812a2000-7803812a3000 rw-p 00022000 fc:00 49676369                   /mydata/openjdk-mmtk/build/b0test/images/jdk/lib/libjava.so
7803812a3000-7803812a4000 rw-p 00000000 00:00 0 
7803812a4000-7803812ac000 rw-s 00000000 08:03 237600                     /tmp/hsperfdata_root/450219
7803812ac000-7803812b0000 r--p 00000000 fc:00 49676370                   /mydata/openjdk-mmtk/build/b0test/images/jdk/lib/libjimage.so
7803812b0000-7803812c7000 r-xp 00004000 fc:00 49676370                   /mydata/openjdk-mmtk/build/b0test/images/jdk/lib/libjimage.so
7803812c7000-7803812cc000 r--p 0001b000 fc:00 49676370                   /mydata/openjdk-mmtk/build/b0test/images/jdk/lib/libjimage.so
7803812cc000-7803812ce000 r--p 00020000 fc:00 49676370                   /mydata/openjdk-mmtk/build/b0test/images/jdk/lib/libjimage.so
7803812ce000-7803812cf000 rw-p 00022000 fc:00 49676370                   /mydata/openjdk-mmtk/build/b0test/images/jdk/lib/libjimage.so
7803812cf000-7803812d3000 r--p 00000000 08:03 1410148                    /usr/lib/x86_64-linux-gnu/libgcc_s.so.1
7803812d3000-7803812f7000 r-xp 00004000 08:03 1410148                    /usr/lib/x86_64-linux-gnu/libgcc_s.so.1
7803812f7000-7803812fb000 r--p 00028000 08:03 1410148                    /usr/lib/x86_64-linux-gnu/libgcc_s.so.1
7803812fb000-7803812fc000 r--p 0002b000 08:03 1410148                    /usr/lib/x86_64-linux-gnu/libgcc_s.so.1
7803812fc000-7803812fd000 rw-p 0002c000 08:03 1410148                    /usr/lib/x86_64-linux-gnu/libgcc_s.so.1
7803812fd000-78038130d000 r--p 00000000 08:03 1411099                    /usr/lib/x86_64-linux-gnu/libm.so.6
78038130d000-78038138c000 r-xp 00010000 08:03 1411099                    /usr/lib/x86_64-linux-gnu/libm.so.6
78038138c000-7803813e4000 r--p 0008f000 08:03 1411099                    /usr/lib/x86_64-linux-gnu/libm.so.6
7803813e4000-7803813e5000 r--p 000e7000 08:03 1411099                    /usr/lib/x86_64-linux-gnu/libm.so.6
7803813e5000-7803813e6000 rw-p 000e8000 08:03 1411099                    /usr/lib/x86_64-linux-gnu/libm.so.6
7803813e6000-7803813e8000 rw-p 00000000 00:00 0 
7803813e8000-7803813ea000 r--p 00000000 08:03 1409104                    /usr/lib/x86_64-linux-gnu/libz.so.1.3
7803813ea000-7803813fc000 r-xp 00002000 08:03 1409104                    /usr/lib/x86_64-linux-gnu/libz.so.1.3
7803813fc000-780381402000 r--p 00014000 08:03 1409104                    /usr/lib/x86_64-linux-gnu/libz.so.1.3
780381402000-780381403000 r--p 0001a000 08:03 1409104                    /usr/lib/x86_64-linux-gnu/libz.so.1.3
780381403000-780381404000 rw-p 0001b000 08:03 1409104                    /usr/lib/x86_64-linux-gnu/libz.so.1.3
780381405000-780381406000 r--s 00000000 fc:00 7871851                    /mydata/dacapo/dacapo-23.11/dacapo-23.11-MR2-chopin/dat/lusearch/index-default/_3.fdx
780381407000-780381409000 r--s 00000000 fc:00 7871853                    /mydata/dacapo/dacapo-23.11/dacapo-23.11-MR2-chopin/dat/lusearch/index-default/_3.nvd
780381409000-78038140a000 rw-s 00000000 00:10 68                         anon_inode:bpf-map
78038140a000-78038140b000 r--s 00000000 00:10 68                         anon_inode:bpf-map
78038140b000-78038140c000 ---p 00000000 00:00 0 
78038140c000-78038140d000 r--p 00000000 00:00 0 
78038140d000-78038140e000 ---p 00000000 00:00 0 
78038140e000-780381410000 r--p 00000000 fc:00 49676372                   /mydata/openjdk-mmtk/build/b0test/images/jdk/lib/libjli.so
780381410000-78038141a000 r-xp 00002000 fc:00 49676372                   /mydata/openjdk-mmtk/build/b0test/images/jdk/lib/libjli.so
78038141a000-78038141d000 r--p 0000c000 fc:00 49676372                   /mydata/openjdk-mmtk/build/b0test/images/jdk/lib/libjli.so
78038141d000-78038141e000 r--p 0000f000 fc:00 49676372                   /mydata/openjdk-mmtk/build/b0test/images/jdk/lib/libjli.so
78038141e000-78038141f000 rw-p 00010000 fc:00 49676372                   /mydata/openjdk-mmtk/build/b0test/images/jdk/lib/libjli.so
78038141f000-780381421000 rw-p 00000000 00:00 0 
780381421000-780381425000 r--p 00000000 00:00 0                          [vvar]
780381425000-780381427000 r--p 00000000 00:00 0                          [vvar_vclock]
780381427000-780381429000 r-xp 00000000 00:00 0                          [vdso]
780381429000-78038142a000 r--p 00000000 08:03 1409763                    /usr/lib/x86_64-linux-gnu/ld-linux-x86-64.so.2
78038142a000-780381455000 r-xp 00001000 08:03 1409763                    /usr/lib/x86_64-linux-gnu/ld-linux-x86-64.so.2
780381455000-78038145f000 r--p 0002c000 08:03 1409763                    /usr/lib/x86_64-linux-gnu/ld-linux-x86-64.so.2
78038145f000-780381461000 r--p 00036000 08:03 1409763                    /usr/lib/x86_64-linux-gnu/ld-linux-x86-64.so.2
780381461000-780381463000 rw-p 00038000 08:03 1409763                    /usr/lib/x86_64-linux-gnu/ld-linux-x86-64.so.2
7ffe39847000-7ffe39868000 rw-p 00000000 00:00 0                          [stack]
ffffffffff600000-ffffffffff601000 --xp 00000000 00:00 0                  [vsyscall]
Total number of mappings: 509

JVMTI agents: none


VM Arguments:
jvm_args: -XX:+UseThirdPartyHeap -Xms512m -Xmx512m 
java_command: /mydata/dacapo/dacapo-23.11/dacapo-23.11-MR2-chopin.jar lusearch -n 3
java_class_path (initial): /mydata/dacapo/dacapo-23.11/dacapo-23.11-MR2-chopin.jar
Launcher Type: SUN_STANDARD

[Global flags]
     intx CICompilerCount                          = 15                                        {product} {ergonomic}
   size_t InitialHeapSize                          = 536870912                                 {product} {command line}
   size_t MaxHeapSize                              = 536870912                                 {product} {command line}
   size_t MinHeapDeltaBytes                        = 524288                                    {product} {ergonomic}
   size_t MinHeapSize                              = 536870912                                 {product} {command line}
    uintx NonNMethodCodeHeapSize                   = 8192380                                {pd product} {ergonomic}
    uintx NonProfiledCodeHeapSize                  = 121732930                              {pd product} {ergonomic}
    uintx ProfiledCodeHeapSize                     = 121732930                              {pd product} {ergonomic}
    uintx ReservedCodeCacheSize                    = 251658240                              {pd product} {ergonomic}
     bool SegmentedCodeCache                       = true                                      {product} {ergonomic}
   size_t SoftMaxHeapSize                          = 536870912                              {manageable} {ergonomic}
     bool UseCompressedOops                        = true                           {product lp64_product} {ergonomic}

Logging:
Log output configuration:
 #0: stdout all=warning uptime,level,tags foldmultilines=false
 #1: stderr all=off uptime,level,tags foldmultilines=false

Release file:
IMPLEMENTOR="N/A"
JAVA_RUNTIME_VERSION="21.0.9-internal-adhoc.talzuss.openjdk-mmtk"
JAVA_VERSION="21.0.9"
JAVA_VERSION_DATE="2025-10-21"
LIBC="gnu"
MODULES="java.base java.compiler java.datatransfer java.xml java.prefs java.desktop java.instrument java.logging java.management java.security.sasl java.naming java.rmi java.management.rmi java.net.http java.scripting java.security.jgss java.transaction.xa java.sql java.sql.rowset java.xml.crypto java.se java.smartcardio jdk.accessibility jdk.internal.jvmstat jdk.attach jdk.charsets jdk.internal.opt jdk.zipfs jdk.compiler jdk.crypto.ec jdk.crypto.cryptoki jdk.dynalink jdk.internal.ed jdk.editpad jdk.hotspot.agent jdk.httpserver jdk.incubator.vector jdk.internal.le jdk.internal.vm.ci jdk.internal.vm.compiler jdk.internal.vm.compiler.management jdk.jartool jdk.javadoc jdk.jcmd jdk.management jdk.management.agent jdk.jconsole jdk.jdeps jdk.jdwp.agent jdk.jdi jdk.jfr jdk.jlink jdk.jpackage jdk.jshell jdk.jsobject jdk.jstatd jdk.localedata jdk.management.jfr jdk.naming.dns jdk.naming.rmi jdk.net jdk.nio.mapmode jdk.random jdk.sctp jdk.security.auth jdk.security.jgss jdk.unsupported jdk.unsupported.desktop jdk.xml.dom"
OS_ARCH="x86_64"
OS_NAME="Linux"
SOURCE=".:git:b557520f04b3+"

Environment Variables:
PATH=/usr/local/sbin:/usr/local/bin:/usr/sbin:/usr/bin:/sbin:/bin:/snap/bin
SHELL=/bin/bash
LANG=en_US.UTF-8
TERM=tmux-256color

Active Locale:
LC_ALL=en_US.UTF-8
LC_COLLATE=en_US.UTF-8
LC_CTYPE=en_US.UTF-8
LC_MESSAGES=en_US.UTF-8
LC_MONETARY=en_US.UTF-8
LC_NUMERIC=en_US.UTF-8
LC_TIME=en_US.UTF-8

Signal Handlers:
   SIGSEGV: crash_handler in libjvm.so, mask=11100100010111111101111111111110, flags=SA_RESTART|SA_SIGINFO, unblocked
    SIGBUS: crash_handler in libjvm.so, mask=11100100010111111101111111111110, flags=SA_RESTART|SA_SIGINFO, unblocked
    SIGFPE: crash_handler in libjvm.so, mask=11100100010111111101111111111110, flags=SA_RESTART|SA_SIGINFO, unblocked
   SIGPIPE: javaSignalHandler in libjvm.so, mask=11100100010111111101111111111110, flags=SA_RESTART|SA_SIGINFO, blocked
   SIGXFSZ: javaSignalHandler in libjvm.so, mask=11100100010111111101111111111110, flags=SA_RESTART|SA_SIGINFO, blocked
    SIGILL: crash_handler in libjvm.so, mask=11100100010111111101111111111110, flags=SA_RESTART|SA_SIGINFO, unblocked
   SIGUSR2: SR_handler in libjvm.so, mask=00000000000000000000000000000000, flags=SA_RESTART|SA_SIGINFO, blocked
    SIGHUP: UserHandler in libjvm.so, mask=11100100010111111101111111111110, flags=SA_RESTART|SA_SIGINFO, blocked
    SIGINT: UserHandler in libjvm.so, mask=11100100010111111101111111111110, flags=SA_RESTART|SA_SIGINFO, blocked
   SIGTERM: UserHandler in libjvm.so, mask=11100100010111111101111111111110, flags=SA_RESTART|SA_SIGINFO, blocked
   SIGQUIT: UserHandler in libjvm.so, mask=11100100010111111101111111111110, flags=SA_RESTART|SA_SIGINFO, blocked
   SIGTRAP: crash_handler in libjvm.so, mask=11100100010111111101111111111110, flags=SA_RESTART|SA_SIGINFO, unblocked


Periodic native trim disabled

---------------  S Y S T E M  ---------------

OS:
DISTRIB_ID=Ubuntu
DISTRIB_RELEASE=24.04
DISTRIB_CODENAME=noble
DISTRIB_DESCRIPTION="Ubuntu 24.04.4 LTS"
uname: Linux 6.17.0-bpf-fault+ #1 SMP PREEMPT_DYNAMIC Mon Jul  6 16:43:12 MDT 2026 x86_64
OS uptime: 1 days 3:09 hours
libc: glibc 2.39 NPTL 2.39 
rlimit (soft/hard): STACK 8192k/infinity , CORE 0k/0k , NPROC 513205/513205 , NOFILE 1048576/1048576 , AS infinity/infinity , CPU infinity/infinity , DATA infinity/infinity , FSIZE infinity/infinity , MEMLOCK 16436528k/16436528k
load average: 1.24 1.06 0.90

/proc/meminfo:
MemTotal:       131492232 kB
MemFree:        64742936 kB
MemAvailable:   112003856 kB
Buffers:          567032 kB
Cached:         45951580 kB
SwapCached:            0 kB
Active:          4370676 kB
Inactive:       45695712 kB
Active(anon):    3564212 kB
Inactive(anon):        0 kB
Active(file):     806464 kB
Inactive(file): 45695712 kB
Unevictable:       41912 kB
Mlocked:           38840 kB
SwapTotal:       8388604 kB
SwapFree:        8388604 kB
Zswap:                 0 kB
Zswapped:              0 kB
Dirty:              2532 kB
Writeback:             0 kB
AnonPages:       3591576 kB
Mapped:         12912472 kB
Shmem:              5316 kB
KReclaimable:    2010428 kB
Slab:            2552868 kB
SReclaimable:    2010428 kB
SUnreclaim:       542440 kB
KernelStack:       13104 kB
PageTables:        72732 kB
SecPageTables:      9420 kB
NFS_Unstable:          0 kB
Bounce:                0 kB
WritebackTmp:          0 kB
CommitLimit:    74134720 kB
Committed_AS:   165061220 kB
VmallocTotal:   34359738367 kB
VmallocUsed:       39148 kB
VmallocChunk:          0 kB
Percpu:            51072 kB
HardwareCorrupted:     0 kB
AnonHugePages:         0 kB
ShmemHugePages:        0 kB
ShmemPmdMapped:        0 kB
FileHugePages:   2177024 kB
FilePmdMapped:         0 kB
Unaccepted:            0 kB
Balloon:               0 kB
HugePages_Total:       0
HugePages_Free:        0
HugePages_Rsvd:        0
HugePages_Surp:        0
Hugepagesize:       2048 kB
Hugetlb:               0 kB
DirectMap4k:     1123136 kB
DirectMap2M:    30969856 kB
DirectMap1G:    101711872 kB

/sys/kernel/mm/transparent_hugepage/enabled: always [madvise] never
/sys/kernel/mm/transparent_hugepage/hpage_pmd_size: 2097152
/sys/kernel/mm/transparent_hugepage/defrag (defrag/compaction efforts parameter): always defer defer+madvise [madvise] never

Process Memory:
Virtual Size: 13620334300K (peak: 13620334300K)
Resident Set Size: 4184772K (peak: 4184772K) (anon: 1003384K, file: 3181388K, shmem: 0K)
Swapped out: 0K
C-Heap outstanding allocations: 1370698K, retained: 19469K
glibc malloc tunables: (default)

/proc/sys/kernel/threads-max (system-wide limit on the number of threads): 1026411
/proc/sys/vm/max_map_count (maximum number of memory map areas a process may have): 1048576
/proc/sys/vm/swappiness (control to define how aggressively the kernel swaps out anonymous memory): 60
/proc/sys/kernel/pid_max (system-wide limit on number of process identifiers): 4194304

container information not found.
Steal ticks since vm start: 0
Steal ticks percentage since vm start:  0.000

CPU: total 32 (initial active 32) (32 cores per cpu, 2 threads per core) family 23 model 49 stepping 0 microcode 0x830107c, cx8, cmov, fxsr, ht, mmx, 3dnowpref, sse, sse2, sse3, ssse3, sse4a, sse4.1, sse4.2, popcnt, lzcnt, tsc, tscinvbit, avx, avx2, aes, clmul, bmi1, bmi2, adx, sha, fma, vzeroupper, clflush, clflushopt, rdtscp, rdpid, f16c
CPU Model and flags from /proc/cpuinfo:
model name	: AMD EPYC 7302P 16-Core Processor
flags		: fpu vme de pse tsc msr pae mce cx8 apic sep mtrr pge mca cmov pat pse36 clflush mmx fxsr sse sse2 ht syscall nx mmxext fxsr_opt pdpe1gb rdtscp lm constant_tsc rep_good nopl xtopology nonstop_tsc cpuid extd_apicid aperfmperf rapl pni pclmulqdq monitor ssse3 fma cx16 sse4_1 sse4_2 movbe popcnt aes xsave avx f16c rdrand lahf_lm cmp_legacy svm extapic cr8_legacy abm sse4a misalignsse 3dnowprefetch osvw ibs skinit wdt tce topoext perfctr_core perfctr_nb bpext perfctr_llc mwaitx cpb cat_l3 cdp_l3 hw_pstate ssbd mba ibrs ibpb stibp vmmcall fsgsbase bmi1 avx2 smep bmi2 cqm rdt_a rdseed adx smap clflushopt clwb sha_ni xsaveopt xsavec xgetbv1 xsaves cqm_llc cqm_occup_llc cqm_mbm_total cqm_mbm_local clzero irperf xsaveerptr rdpru wbnoinvd amd_ppin arat npt lbrv svm_lock nrip_save tsc_scale vmcb_clean flushbyasid decodeassists pausefilter pfthreshold avic v_vmsave_vmload vgif v_spec_ctrl umip rdpid overflow_recov succor smca sev sev_es

Online cpus: 0-31
Offline cpus: 
BIOS frequency limitation: <Not Available>
Frequency switch latency (ns): <Not Available>
Available cpu frequencies: <Not Available>
Current governor: <Not Available>
Core performance/turbo boost: <Not Available>

Memory: 4k page, physical 131492232k(112003856k free), swap 8388604k(8388604k free)
Page Sizes: 4k

vm_info: OpenJDK 64-Bit Server VM (21.0.9-internal-adhoc.talzuss.openjdk-mmtk) for linux-amd64 JRE (21.0.9-internal-adhoc.talzuss.openjdk-mmtk), built on 2026-07-06T23:13:08Z by "talzuss" with gcc 13.3.0
heap_info: MMTk OpenJDK 0.32.0 (f59b93a-dirty), using MMTk 0.32.0 (3ecdf08-dirty, BUILTIN_ENV_LOGGER, DEFAULT, EAGER_SWEEPING, VO_BIT)@

END.
