#
# A fatal error has been detected by the Java Runtime Environment:
#
#  SIGSEGV (0xb) at pc=0x00007013cb2c33ac, pid=438535, tid=438556
#
# JRE version: OpenJDK Runtime Environment (21.0.9) (build 21.0.9-internal-adhoc.talzuss.openjdk-mmtk)
# Java VM: OpenJDK 64-Bit Server VM (21.0.9-internal-adhoc.talzuss.openjdk-mmtk, mixed mode, sharing, tiered, compressed oops, compressed class ptrs, third-party gc, linux-amd64)
# Problematic frame:
# C  [libmmtk_openjdk.so+0x2c33ac]  _$LT$mmtk..plan..concurrent..immix..gc_work..SatbFinalDrain$LT$VM$GT$$u20$as$u20$mmtk..scheduler..work..GCWork$LT$VM$GT$$GT$::do_work::h99199484dacfec84+0x1a4c
#
# No core dump will be written. Core dumps have been disabled. To enable core dumping, try "ulimit -c unlimited" before starting Java again
#
# If you would like to submit a bug report, please visit:
#   https://bugreport.java.com/bugreport/crash.jsp
#

---------------  S U M M A R Y ------------

Command Line: -XX:+UseThirdPartyHeap -Xms512m -Xmx512m /mydata/dacapo/dacapo-23.11/dacapo-23.11-MR2-chopin.jar lusearch -n 3

Host: AMD EPYC 7302P 16-Core Processor, 32 cores, 125G, Ubuntu 24.04.4 LTS
Time: Tue Jul  7 19:32:21 2026 MDT elapsed time: 4.728634 seconds (0d 0h 0m 4s)

---------------  T H R E A D  ---------------

Current thread (0x00007013c453ada0):  NamedThread "MMTk Collector Thread" [id=438556, stack(0x00007013c8ff5000,0x00007013c90f5000) (1024K)]

Stack: [0x00007013c8ff5000,0x00007013c90f5000],  sp=0x00007013c90f38d0,  free space=1018k
Native frames: (J=compiled Java code, j=interpreted, Vv=VM code, C=native code)
C  [libmmtk_openjdk.so+0x2c33ac]  _$LT$mmtk..plan..concurrent..immix..gc_work..SatbFinalDrain$LT$VM$GT$$u20$as$u20$mmtk..scheduler..work..GCWork$LT$VM$GT$$GT$::do_work::h99199484dacfec84+0x1a4c

siginfo: si_signo: 11 (SIGSEGV), si_code: 1 (SEGV_MAPERR), si_addr: 0x0000701558a1fe90

Registers:
RAX=0x0000000063668f00, RBX=0x00007013c43dff80, RCX=0x00007013cb07c290, RDX=0x000063668f000000
RSP=0x00007013c90f38d0, RBP=0x0000000000000008, RSI=0x000063668f02186e, RDI=0x0000000040016800
R8 =0x00006366480008e0, R9 =0x0000000000000007, R10=0x0000636644002160, R11=0x8cee4163c5932fec
R12=0x0000000000000000, R13=0x0000000000000008, R14=0x0000000040018730, R15=0x00007013c90f3978
RIP=0x00007013cb2c33ac, EFLAGS=0x0000000000010206, CSGSFS=0x002b000000000033, ERR=0x0000000000000004
  TRAPNO=0x000000000000000e

XMM[0]=0x0000000040018410 0x00000000400182d8
XMM[1]=0x00000000400070f8 0x0000000040018410
XMM[2]=0xff32ffffffff5f19 0x5718516e05593865
XMM[3]=0x0000000000000000 0x000000000000ff00
XMM[4]=0x0000000000000000 0x0000636644000090
XMM[5]=0x00000000401a6278 0x00000000401a6248
XMM[6]=0x00000000401a5898 0x00000000401a5800
XMM[7]=0x000000004019af58 0x00000000401a2fc0
XMM[8]=0x00000000401a2600 0x000000004019f618
XMM[9]=0x0000000000000000 0x0000000000000000
XMM[10]=0x3f3f3f3f3f3f3f3f 0x3f3f3f3f3f3f3f3f
XMM[11]=0x9999999999999999 0x9999999999999999
XMM[12]=0x2020202020202020 0x2020202020202020
XMM[13]=0x0000000000000000 0x0000000000000000
XMM[14]=0x0000000000000000 0x0000000000000000
XMM[15]=0x0000000000000000 0x0000000000000000
  MXCSR=0x00001fa2


Register to memory mapping:

RAX=
[error occurred during error reporting (printing register info), id 0xe0000000, Internal Error (/mydata/mmtk-openjdk/openjdk/share/mmtkHeap.cpp:444)]
RBX=
[error occurred during error reporting (printing register info, attempt 2), id 0xe0000000, Internal Error (/mydata/mmtk-openjdk/openjdk/share/mmtkHeap.cpp:444)]
RCX=
[error occurred during error reporting (printing register info, attempt 3), id 0xe0000000, Internal Error (/mydata/mmtk-openjdk/openjdk/share/mmtkHeap.cpp:444)]
Top of Stack: (sp=0x00007013c90f38d0)
0x00007013c90f38d0:   00000000502f6970 00007013c43dff80
0x00007013c90f38e0:   0000000000000000 0000000000000008
0x00007013c90f38f0:   0000000000000000 0000000000000000
0x00007013c90f3900:   00007013cb40e904 000063664400c100
0x00007013c90f3910:   0000000000000085 00007013c452ceb0
0x00007013c90f3920:   00007013cb3dde98 00007013c90f3978
0x00007013c90f3930:   00007013c90f3900 00007013c43e02c0
0x00007013c90f3940:   0000000000000000 00007013c90f391f
0x00007013c90f3950:   00007013c90f39f0 00007013c90f3a20
0x00007013c90f3960:   00007013c47d7d58 000063662c009e58
0x00007013c90f3970:   00007013c452d010 0000000040018730
0x00007013c90f3980:   0000000000000000 0000000000000001
0x00007013c90f3990:   00007013c43e02c0 0000000000000000
0x00007013c90f39a0:   00007013c4059110 000000000000000b
0x00007013c90f39b0:   0000000000004000 00006366440923d0
0x00007013c90f39c0:   0000000000000005 8000000000000000
0x00007013c90f39d0:   00007013c90f3920 0000000000000000
0x00007013c90f39e0:   8000000000000000 00007013c90f3900
0x00007013c90f39f0:   0000000000000800 000063664400dd90
0x00007013c90f3a00:   0000000000000443 0000000000010000
0x00007013c90f3a10:   00006366440123c0 000000000000e723
0x00007013c90f3a20:   0000000000020000 000063668caff010
0x00007013c90f3a30:   000000000001337c 00007013c43e0540
0x00007013c90f3a40:   00000000523ff000 0000000040000000
0x00007013c90f3a50:   00000000000123ff 00000000523fffa0
0x00007013c90f3a60:   00007013cb40e988 00007013c406fc00
0x00007013c90f3a70:   00007013c43e0340 00007013c43e0200
0x00007013c90f3a80:   00007013c90f3900 00007013c90f38e0
0x00007013c90f3a90:   00007013c406ed00 00007013c406ea00
0x00007013c90f3aa0:   00007013c406e700 00007013c406e400
0x00007013c90f3ab0:   00007013c406e100 00007013c406de00
0x00007013c90f3ac0:   00007013c406db00 00007013c406d800 

Instructions: (pc=0x00007013cb2c33ac)
0x00007013cb2c32ac:   48 c1 e3 03 45 31 ed 4c 8d bc 24 e0 00 00 00 0f
0x00007013cb2c32bc:   1f 44 00 00 4c 39 eb 74 17 4b 8b 14 2e 49 83 c5
0x00007013cb2c32cc:   08 48 8b 7c 24 08 4c 89 fe e8 b6 12 00 00 eb e4
0x00007013cb2c32dc:   4d 85 e4 74 09 4c 89 f7 ff 15 d6 9a 14 00 40 84
0x00007013cb2c32ec:   ed 74 13 48 83 7c 24 30 00 74 0b 48 8b 7c 24 38
0x00007013cb2c32fc:   ff 15 be 9a 14 00 48 8b 84 24 f0 00 00 00 48 85
0x00007013cb2c330c:   c0 0f 84 aa 0e 00 00 48 8d 4c 24 50 48 89 8c 24
0x00007013cb2c331c:   00 01 00 00 eb 2f 66 66 66 66 66 2e 0f 1f 84 00
0x00007013cb2c332c:   00 00 00 00 0f b6 04 0b 0f b6 f0 48 8b 3c 24 e8
0x00007013cb2c333c:   90 d1 f8 ff 48 8b 84 24 f0 00 00 00 48 85 c0 0f
0x00007013cb2c334c:   84 6c 0e 00 00 48 8d 48 ff 48 89 8c 24 f0 00 00
0x00007013cb2c335c:   00 48 8b 8c 24 e8 00 00 00 48 8b 44 c1 f8 48 c7
0x00007013cb2c336c:   44 24 10 00 00 00 00 48 c7 44 24 18 08 00 00 00
0x00007013cb2c337c:   48 c7 44 24 20 00 00 00 00 48 89 04 24 8b 40 08
0x00007013cb2c338c:   48 8b 15 05 c7 14 00 48 8b 0d 06 c7 14 00 48 d3
0x00007013cb2c339c:   e0 48 8d 34 10 8b 44 10 0c 48 8d 0d e4 8e db ff
0x00007013cb2c33ac:   48 63 04 81 48 01 c8 ff e0 48 63 86 28 01 00 00
0x00007013cb2c33bc:   48 85 c0 0f 84 bb 07 00 00 48 63 8e ac 00 00 00
0x00007013cb2c33cc:   48 8d 0c ce 48 63 96 2c 01 00 00 48 8d 34 d1 48
0x00007013cb2c33dc:   8d 1c d1 48 81 c3 d8 01 00 00 4c 8d 34 c6 49 81
0x00007013cb2c33ec:   c6 d8 01 00 00 b8 08 00 00 00 45 31 e4 eb 12 0f
0x00007013cb2c33fc:   1f 44 00 00 48 83 c3 08 4c 39 f3 0f 84 73 07 00
0x00007013cb2c340c:   00 44 8b 6b 04 4d 85 ed 74 ea 48 63 2b 48 03 2c
0x00007013cb2c341c:   24 eb 1a 4e 89 3c e0 49 ff c4 4c 89 64 24 20 0f
0x00007013cb2c342c:   1f 44 00 00 48 83 c5 04 49 ff cd 74 c7 48 89 e9
0x00007013cb2c343c:   48 ba ff ff ff ff ff ff ff 7f 48 21 d1 48 8b 15
0x00007013cb2c344c:   50 ae 14 00 48 39 d1 72 db 48 03 15 4c ae 14 00
0x00007013cb2c345c:   48 39 d1 73 cf 48 85 ed 78 1f 44 8b 7d 00 4d 85
0x00007013cb2c346c:   ff 74 c1 48 8b 15 62 c6 14 00 48 8b 0d 63 c6 14
0x00007013cb2c347c:   00 49 d3 e7 49 01 d7 eb 08 4c 8b 39 4d 85 ff 74
0x00007013cb2c348c:   a3 4c 3b 64 24 10 75 8b 48 8d 7c 24 10 e8 52 b7
0x00007013cb2c349c:   f0 ff 48 8b 44 24 18 e9 77 ff ff ff 48 8b 04 24 


Stack slot to memory mapping:

stack at sp + 0 slots: 
[error occurred during error reporting (inspecting top of stack), id 0xe0000000, Internal Error (/mydata/mmtk-openjdk/openjdk/share/mmtkHeap.cpp:444)]
stack at sp + 1 slots: 
[error occurred during error reporting (inspecting top of stack, attempt 2), id 0xe0000000, Internal Error (/mydata/mmtk-openjdk/openjdk/share/mmtkHeap.cpp:444)]
stack at sp + 2 slots: 0x0 is null
stack at sp + 3 slots: 
[error occurred during error reporting (inspecting top of stack, attempt 3), id 0xe0000000, Internal Error (/mydata/mmtk-openjdk/openjdk/share/mmtkHeap.cpp:444)]

---------------  P R O C E S S  ---------------

Threads class SMR info:
_java_thread_list=0x00006365f0073c00, length=56, elements={
0x00007013c402b240, 0x00007013c4526f30, 0x00007013c45287c0, 0x00007013c452a2b0,
0x00007013c4548ae0, 0x00007013c454a430, 0x00007013c454bcf0, 0x00007013c454db30,
0x00007013c4557500, 0x00007013c459e580, 0x00007013c45a1580, 0x00006366080a2670,
0x00006366080a88b0, 0x00006366080a9960, 0x00006366080aa890, 0x00006366041e7570,
0x00007013c47c2db0, 0x00007013c47c3fd0, 0x00007013c47c5350, 0x00007013c47c68a0,
0x00007013c47c7df0, 0x00007013c47c9290, 0x00007013c47ca7f0, 0x00007013c47cbd60,
0x00007013c47cd2d0, 0x00007013c47ce780, 0x00007013c47cfc30, 0x00007013c47d11c0,
0x00007013c47d2750, 0x00007013c47d3c00, 0x00007013c47d50b0, 0x00007013c47d6560,
0x00007013c47d7a10, 0x00007013c47d9250, 0x00007013c47da810, 0x00007013c47dbde0,
0x00007013c47dd3b0, 0x00007013c47dec40, 0x00007013c47e0220, 0x00007013c47e1810,
0x00007013c47e31f0, 0x00007013c47e47f0, 0x00007013c47e5df0, 0x00007013c47e7400,
0x00007013c47e8a10, 0x00007013c47ea030, 0x00007013c47eb650, 0x00007013c47ecc80,
0x00006365f0026f30, 0x00006366080b8800, 0x00006365f002a750, 0x00006365f00706a0,
0x00006365e40a4490, 0x00006365e40a5d10, 0x00006366000fd1d0, 0x00006365f0072720
}

Java Threads: ( => current thread )
  0x00007013c402b240 JavaThread "main"                              [_thread_blocked, id=438536, stack(0x00007013cb500000,0x00007013cb600000) (1024K)]
  0x00007013c4526f30 JavaThread "Reference Handler"          daemon [_thread_blocked, id=438542, stack(0x00007013ca142000,0x00007013ca242000) (1024K)]
  0x00007013c45287c0 JavaThread "Finalizer"                  daemon [_thread_blocked, id=438543, stack(0x00007013c9d00000,0x00007013c9e00000) (1024K)]
  0x00007013c452a2b0 JavaThread "MMTk Finalizer Thread"      daemon [_thread_blocked, id=438544, stack(0x00007013c9c00000,0x00007013c9d00000) (1024K)]
  0x00007013c4548ae0 JavaThread "Signal Dispatcher"          daemon [_thread_blocked, id=438568, stack(0x00007013c83e9000,0x00007013c84e9000) (1024K)]
  0x00007013c454a430 JavaThread "Service Thread"             daemon [_thread_blocked, id=438569, stack(0x00007013c82e9000,0x00007013c83e9000) (1024K)]
  0x00007013c454bcf0 JavaThread "Monitor Deflation Thread"   daemon [_thread_blocked, id=438570, stack(0x00007013c81e9000,0x00007013c82e9000) (1024K)]
  0x00007013c454db30 JavaThread "C2 CompilerThread0"         daemon [_thread_blocked, id=438571, stack(0x00007013c80e9000,0x00007013c81e9000) (1024K)]
  0x00007013c4557500 JavaThread "C1 CompilerThread0"         daemon [_thread_blocked, id=438572, stack(0x000070138c6ff000,0x000070138c7ff000) (1024K)]
  0x00007013c459e580 JavaThread "Notification Thread"        daemon [_thread_blocked, id=438575, stack(0x00006366d82fc000,0x00006366d83fc000) (1024K)]
  0x00007013c45a1580 JavaThread "Common-Cleaner"             daemon [_thread_blocked, id=438576, stack(0x00006366d5100000,0x00006366d5200000) (1024K)]
  0x00006366080a2670 JavaThread "C1 CompilerThread1"         daemon [_thread_blocked, id=438583, stack(0x000070138c5ff000,0x000070138c6ff000) (1024K)]
  0x00006366080a88b0 JavaThread "C1 CompilerThread2"         daemon [_thread_blocked, id=438584, stack(0x000070138c4ff000,0x000070138c5ff000) (1024K)]
  0x00006366080a9960 JavaThread "C1 CompilerThread3"         daemon [_thread_blocked, id=438585, stack(0x00006366d4f00000,0x00006366d5000000) (1024K)]
  0x00006366080aa890 JavaThread "C1 CompilerThread4"         daemon [_thread_blocked, id=438586, stack(0x00006366d4e00000,0x00006366d4f00000) (1024K)]
  0x00006366041e7570 JavaThread "C2 CompilerThread1"         daemon [_thread_blocked, id=438587, stack(0x00006366d5000000,0x00006366d5100000) (1024K)]
  0x00007013c47c2db0 JavaThread "Query0"                            [_thread_blocked, id=438588, stack(0x00006366d4d00000,0x00006366d4e00000) (1024K)]
  0x00007013c47c3fd0 JavaThread "Query1"                            [_thread_blocked, id=438589, stack(0x00006366d4700000,0x00006366d4800000) (1024K)]
  0x00007013c47c5350 JavaThread "Query2"                            [_thread_blocked, id=438590, stack(0x00006366d4100000,0x00006366d4200000) (1024K)]
  0x00007013c47c68a0 JavaThread "Query3"                            [_thread_blocked, id=438591, stack(0x00006366d4000000,0x00006366d4100000) (1024K)]
  0x00007013c47c7df0 JavaThread "Query4"                            [_thread_blocked, id=438592, stack(0x000063668ef00000,0x000063668f000000) (1024K)]
  0x00007013c47c9290 JavaThread "Query5"                            [_thread_blocked, id=438593, stack(0x000063668ee00000,0x000063668ef00000) (1024K)]
  0x00007013c47ca7f0 JavaThread "Query6"                            [_thread_blocked, id=438594, stack(0x000063668ed00000,0x000063668ee00000) (1024K)]
  0x00007013c47cbd60 JavaThread "Query7"                            [_thread_blocked, id=438595, stack(0x000063668ec00000,0x000063668ed00000) (1024K)]
  0x00007013c47cd2d0 JavaThread "Query8"                            [_thread_blocked, id=438596, stack(0x000063668eb00000,0x000063668ec00000) (1024K)]
  0x00007013c47ce780 JavaThread "Query9"                            [_thread_blocked, id=438597, stack(0x000063668ea00000,0x000063668eb00000) (1024K)]
  0x00007013c47cfc30 JavaThread "Query10"                           [_thread_blocked, id=438598, stack(0x000063668e900000,0x000063668ea00000) (1024K)]
  0x00007013c47d11c0 JavaThread "Query11"                           [_thread_blocked, id=438599, stack(0x000063668e800000,0x000063668e900000) (1024K)]
  0x00007013c47d2750 JavaThread "Query12"                           [_thread_blocked, id=438600, stack(0x000063668e700000,0x000063668e800000) (1024K)]
  0x00007013c47d3c00 JavaThread "Query13"                           [_thread_blocked, id=438601, stack(0x000063668e600000,0x000063668e700000) (1024K)]
  0x00007013c47d50b0 JavaThread "Query14"                           [_thread_blocked, id=438602, stack(0x000063668e500000,0x000063668e600000) (1024K)]
  0x00007013c47d6560 JavaThread "Query15"                           [_thread_blocked, id=438603, stack(0x000063668e400000,0x000063668e500000) (1024K)]
  0x00007013c47d7a10 JavaThread "Query16"                           [_thread_blocked, id=438604, stack(0x000063668e300000,0x000063668e400000) (1024K)]
  0x00007013c47d9250 JavaThread "Query17"                           [_thread_blocked, id=438605, stack(0x000063668e200000,0x000063668e300000) (1024K)]
  0x00007013c47da810 JavaThread "Query18"                           [_thread_blocked, id=438606, stack(0x000063668e100000,0x000063668e200000) (1024K)]
  0x00007013c47dbde0 JavaThread "Query19"                           [_thread_blocked, id=438607, stack(0x000063668e000000,0x000063668e100000) (1024K)]
  0x00007013c47dd3b0 JavaThread "Query20"                           [_thread_blocked, id=438608, stack(0x000063668df00000,0x000063668e000000) (1024K)]
  0x00007013c47dec40 JavaThread "Query21"                           [_thread_blocked, id=438609, stack(0x000063668de00000,0x000063668df00000) (1024K)]
  0x00007013c47e0220 JavaThread "Query22"                           [_thread_blocked, id=438610, stack(0x000063668dd00000,0x000063668de00000) (1024K)]
  0x00007013c47e1810 JavaThread "Query23"                           [_thread_blocked, id=438611, stack(0x000063668dc00000,0x000063668dd00000) (1024K)]
  0x00007013c47e31f0 JavaThread "Query24"                           [_thread_blocked, id=438612, stack(0x000063668db00000,0x000063668dc00000) (1024K)]
  0x00007013c47e47f0 JavaThread "Query25"                           [_thread_blocked, id=438613, stack(0x000063668da00000,0x000063668db00000) (1024K)]
  0x00007013c47e5df0 JavaThread "Query26"                           [_thread_blocked, id=438614, stack(0x000063668d900000,0x000063668da00000) (1024K)]
  0x00007013c47e7400 JavaThread "Query27"                           [_thread_blocked, id=438615, stack(0x000063668d800000,0x000063668d900000) (1024K)]
  0x00007013c47e8a10 JavaThread "Query28"                           [_thread_blocked, id=438616, stack(0x000063668d700000,0x000063668d800000) (1024K)]
  0x00007013c47ea030 JavaThread "Query29"                           [_thread_blocked, id=438617, stack(0x000063668d600000,0x000063668d700000) (1024K)]
  0x00007013c47eb650 JavaThread "Query30"                           [_thread_blocked, id=438618, stack(0x000063668d500000,0x000063668d600000) (1024K)]
  0x00007013c47ecc80 JavaThread "Query31"                           [_thread_blocked, id=438619, stack(0x000063668d400000,0x000063668d500000) (1024K)]
  0x00006365f0026f30 JavaThread "C2 CompilerThread2"         daemon [_thread_blocked, id=438620, stack(0x000063668d300000,0x000063668d400000) (1024K)]
  0x00006366080b8800 JavaThread "C2 CompilerThread3"         daemon [_thread_blocked, id=438621, stack(0x000063668d200000,0x000063668d300000) (1024K)]
  0x00006365f002a750 JavaThread "C2 CompilerThread4"         daemon [_thread_blocked, id=438622, stack(0x000063668d100000,0x000063668d200000) (1024K)]
  0x00006365f00706a0 JavaThread "C2 CompilerThread5"         daemon [_thread_blocked, id=438623, stack(0x000063668d000000,0x000063668d100000) (1024K)]
  0x00006365e40a4490 JavaThread "C2 CompilerThread6"         daemon [_thread_blocked, id=438624, stack(0x000063668cf00000,0x000063668d000000) (1024K)]
  0x00006365e40a5d10 JavaThread "C2 CompilerThread7"         daemon [_thread_blocked, id=438625, stack(0x000063668ce00000,0x000063668cf00000) (1024K)]
  0x00006366000fd1d0 JavaThread "C2 CompilerThread8"         daemon [_thread_in_native, id=438626, stack(0x000063668cd00000,0x000063668ce00000) (1024K)]
  0x00006365f0072720 JavaThread "C2 CompilerThread9"         daemon [_thread_blocked, id=438627, stack(0x000063668cc00000,0x000063668cd00000) (1024K)]
Total: 56

Other Threads:
  0x00007013c451ba80 VMThread "VM Thread"                           [id=438541, stack(0x00007013ca243000,0x00007013ca343000) (1024K)]
  0x00007013c45096d0 WatcherThread "VM Periodic Task Thread"        [id=438540, stack(0x00007013ca344000,0x00007013ca444000) (1024K)]

=>0x00007013c453ada0 (exited) NamedThread "MMTk Collector Thread"   [id=438556, stack(0x00007013c8ff5000,0x00007013c90f5000) (1024K)]
Total: 3

Threads with active compile tasks:
C2 CompilerThread0  4731 2784       4       org.apache.lucene.util.AttributeSource$State::clone (39 bytes)
C2 CompilerThread1  4731 2851       4       org.apache.lucene.index.TermStates::build (126 bytes)
C2 CompilerThread2  4731 2928       4       org.apache.lucene.search.IndexSearcher::collectionStatistics (135 bytes)
C2 CompilerThread3  4731 2910   !   4       org.apache.lucene.search.IndexSearcher::search (124 bytes)
C2 CompilerThread4  4731 2783       4       org.apache.lucene.index.BaseCompositeReader::document (29 bytes)
C2 CompilerThread5  4731 2753       4       java.lang.String::<init> (14 bytes)
C2 CompilerThread6  4731 2931 % !   4       org.apache.lucene.queryparser.classic.QueryParserTokenManager::jjMoveNfa_2 @ 1255 (3658 bytes)
C2 CompilerThread7  4731 2848       4       org.dacapo.lusearch.Search$QueryProcessor::doPagingSearch (259 bytes)
C2 CompilerThread8  4731 2815       4       org.apache.lucene.codecs.lucene90.blocktree.SegmentTermsEnum::seekExact (995 bytes)
C2 CompilerThread9  4731 2789       4       org.apache.lucene.util.BytesRefBuilder::append (47 bytes)
Total: 10

VM state: at safepoint (normal execution)

VM Mutex/Monitor currently owned by a thread:  ([mutex/lock_event])
[0x00007013ccb580d0] Threads_lock - owner thread: 0x00007013c451ba80
[0x00007013ccb57fd0] Heap_lock - owner thread: 0x00007013c43e4ec0

Heap address: 0x0000000040000000, size: 3072 MB, Compressed Oops mode: 32-bit

CDS archive(s) mapped at: [0x000063668f000000-0x000063668fca3000-0x000063668fca3000), size 13250560, SharedBaseAddress: 0x000063668f000000, ArchiveRelocationMode: 1.
Compressed class space mapped at: 0x0000636690000000-0x00006366d0000000, reserved size: 1073741824
Narrow klass base: 0x000063668f000000, Narrow klass shift: 0, Narrow klass range: 0x100000000

GC Precious Log:
<Empty>

Heap:

[error occurred during error reporting (printing heap information), id 0xe0000000, Internal Error (/mydata/mmtk-openjdk/openjdk/share/mmtkHeap.cpp:424)]
Metaspace:

Usage:
  Non-class:      8.65 MB used.
      Class:      1.27 MB used.
       Both:      9.92 MB used.

Virtual space:
  Non-class space:       64.00 MB reserved,       9.19 MB ( 14%) committed,  1 nodes.
      Class space:        1.00 GB reserved,       1.75 MB ( <1%) committed,  1 nodes.
             Both:        1.06 GB reserved,      10.94 MB (  1%) committed. 

Chunk freelists:
   Non-Class:  6.25 MB
       Class:  14.14 MB
        Both:  20.39 MB

MaxMetaspaceSize: unlimited
CompressedClassSpaceSize: 1.00 GB
Initial GC threshold: 21.00 MB
Current GC threshold: 21.00 MB
CDS: on
 - commit_granule_bytes: 65536.
 - commit_granule_words: 8192.
 - virtual_space_node_default_size: 8388608.
 - enlarge_chunks_in_place: 1.
 - use_allocation_guard: 0.


Internal statistics:

num_allocs_failed_limit: 0.
num_arena_births: 1672.
num_arena_deaths: 0.
num_vsnodes_births: 2.
num_vsnodes_deaths: 0.
num_space_committed: 175.
num_space_uncommitted: 0.
num_chunks_returned_to_freelist: 0.
num_chunks_taken_from_freelist: 2581.
num_chunk_merges: 0.
num_chunk_splits: 1392.
num_chunks_enlarged: 256.
num_inconsistent_stats: 0.

CodeHeap 'non-profiled nmethods': size=118880Kb used=1393Kb max_used=1393Kb free=117486Kb
 bounds [0x00007013b43e8000, 0x00007013b4658000, 0x00007013bb800000]
CodeHeap 'profiled nmethods': size=118876Kb used=5300Kb max_used=5300Kb free=113575Kb
 bounds [0x00007013ac800000, 0x00007013acd30000, 0x00007013b3c17000]
CodeHeap 'non-nmethods': size=8004Kb used=3482Kb max_used=3569Kb free=4521Kb
 bounds [0x00007013b3c17000, 0x00007013b3f97000, 0x00007013b43e8000]
CodeCache: size=245760Kb, used=10175Kb, max_used=10262Kb, free=235582Kb
 total_blobs=3370, nmethods=2855, adapters=415, full_count=0
Compilation: enabled, stopped_count=0, restarted_count=0

Compilation events (20 events):
Event: 4.698 Thread 0x00006366080a88b0 nmethod 2935 0x00007013acd2b890 code [0x00007013acd2ba20, 0x00007013acd2bb20]
Event: 4.698 Thread 0x00006366080aa890 nmethod 2934 0x00007013acd2bb90 code [0x00007013acd2bd60, 0x00007013acd2c000]
Event: 4.713 Thread 0x00007013c454db30 nmethod 2744 0x00007013b453c990 code [0x00007013b453cbe0, 0x00007013b453d5f0]
Event: 4.713 Thread 0x00007013c454db30 2784       4       org.apache.lucene.util.AttributeSource$State::clone (39 bytes)
Event: 4.715 Thread 0x00006365f00706a0 nmethod 2754 0x00007013b453df10 code [0x00007013b453e2a0, 0x00007013b45405e8]
Event: 4.715 Thread 0x00006366080a2670 2938   !   2       java.io.BufferedWriter::flushBuffer (63 bytes)
Event: 4.715 Thread 0x00006365f00706a0 2780       4       org.apache.lucene.queryparser.classic.QueryParser::jj_scan_token (172 bytes)
Event: 4.715 Thread 0x00006365f002a750 nmethod 2775 0x00007013b4542090 code [0x00007013b4542220, 0x00007013b4542548]
Event: 4.715 Thread 0x00006365f002a750 2783       4       org.apache.lucene.index.BaseCompositeReader::document (29 bytes)
Event: 4.716 Thread 0x00006366080a2670 nmethod 2938 0x00007013acd2c110 code [0x00007013acd2c3c0, 0x00007013acd2cc38]
Event: 4.717 Thread 0x00006365f00706a0 nmethod 2780 0x00007013b4542710 code [0x00007013b45428c0, 0x00007013b4542a70]
Event: 4.717 Thread 0x00006365f00706a0 2782   !   4       org.apache.lucene.util.AttributeImpl::clone (25 bytes)
Event: 4.717 Thread 0x00006365f0072720 nmethod 2778 0x00007013b4542c10 code [0x00007013b4542e40, 0x00007013b4543370]
Event: 4.717 Thread 0x00006365f0072720 2788       4       org.apache.lucene.codecs.lucene90.blocktree.FieldReader::iterator (9 bytes)
Event: 4.718 Thread 0x00006365f0072720 nmethod 2788 0x00007013b4543990 code [0x00007013b4543b20, 0x00007013b4543c88]
Event: 4.718 Thread 0x00006365f0072720 2789       4       org.apache.lucene.util.BytesRefBuilder::append (47 bytes)
Event: 4.718 Thread 0x00006365f00706a0 nmethod 2782 0x00007013b4543d90 code [0x00007013b4543f20, 0x00007013b4544148]
Event: 4.718 Thread 0x00006365f00706a0 2925       4       java.nio.charset.CoderResult::isUnderflow (13 bytes)
Event: 4.718 Thread 0x00006365f00706a0 nmethod 2925 0x00007013b4544290 code [0x00007013b4544400, 0x00007013b4544498]
Event: 4.718 Thread 0x00006365f00706a0 2753       4       java.lang.String::<init> (14 bytes)

GC Heap History (0 events):
No events

Dll operation events (8 events):
Event: 0.001 Loaded shared library /mydata/openjdk-mmtk/build/b0test/images/jdk/lib/libjava.so
Event: 2.198 Loaded shared library /mydata/openjdk-mmtk/build/b0test/images/jdk/lib/libjsvml.so
Event: 2.210 Loaded shared library /mydata/openjdk-mmtk/build/b0test/images/jdk/lib/libnio.so
Event: 2.214 Loaded shared library /mydata/openjdk-mmtk/build/b0test/images/jdk/lib/libzip.so
Event: 2.227 Loaded shared library /mydata/openjdk-mmtk/build/b0test/images/jdk/lib/libjimage.so
Event: 2.253 Loaded shared library /mydata/openjdk-mmtk/build/b0test/images/jdk/lib/libnet.so
Event: 4.184 Loaded shared library /mydata/openjdk-mmtk/build/b0test/images/jdk/lib/libmanagement.so
Event: 4.185 Loaded shared library /mydata/openjdk-mmtk/build/b0test/images/jdk/lib/libmanagement_ext.so

Deoptimization events (20 events):
Event: 4.549 Thread 0x00007013c47d6560 DEOPT UNPACKING pc=0x00007013b3c6ab2f sp=0x000063668e4fd7a8 mode 0
Event: 4.549 Thread 0x00007013c47da810 DEOPT UNPACKING pc=0x00007013b3c6ab2f sp=0x000063668e1fd688 mode 0
Event: 4.564 Thread 0x00007013c47ce780 DEOPT PACKING pc=0x00007013ac9c0e33 sp=0x000063668eafe730
Event: 4.564 Thread 0x00007013c47ce780 DEOPT UNPACKING pc=0x00007013b3c6ab2f sp=0x000063668eafdc58 mode 0
Event: 4.596 Thread 0x00007013c47d3c00 Uncommon trap: trap_request=0xffffff6e fr.pc=0x00007013b4505744 relative=0x00000000000010c4
Event: 4.596 Thread 0x00007013c47d3c00 Uncommon trap: reason=loop_limit_check action=maybe_recompile pc=0x00007013b4505744 method=org.apache.lucene.util.fst.BitTableUtil.readUpTo8Bytes(ILorg/apache/lucene/util/fst/FST$BytesReader;)J @ 42 c2
Event: 4.596 Thread 0x00007013c47e8a10 Uncommon trap: trap_request=0xffffff6e fr.pc=0x00007013b4505744 relative=0x00000000000010c4
Event: 4.596 Thread 0x00007013c47e8a10 Uncommon trap: reason=loop_limit_check action=maybe_recompile pc=0x00007013b4505744 method=org.apache.lucene.util.fst.BitTableUtil.readUpTo8Bytes(ILorg/apache/lucene/util/fst/FST$BytesReader;)J @ 42 c2
Event: 4.596 Thread 0x00007013c47d3c00 DEOPT PACKING pc=0x00007013b4505744 sp=0x000063668e6fe3c0
Event: 4.596 Thread 0x00007013c47e8a10 DEOPT PACKING pc=0x00007013b4505744 sp=0x000063668d7fe3c0
Event: 4.596 Thread 0x00007013c47d3c00 DEOPT UNPACKING pc=0x00007013b3c6a399 sp=0x000063668e6fe1a0 mode 2
Event: 4.596 Thread 0x00007013c47e8a10 DEOPT UNPACKING pc=0x00007013b3c6a399 sp=0x000063668d7fe1a0 mode 2
Event: 4.658 Thread 0x00007013c47d2750 Uncommon trap: trap_request=0xffffff45 fr.pc=0x00007013b44fddb4 relative=0x0000000000002c54
Event: 4.658 Thread 0x00007013c47d2750 Uncommon trap: reason=unstable_if action=reinterpret pc=0x00007013b44fddb4 method=org.apache.lucene.queryparser.classic.QueryParserTokenManager.jjMoveNfa_2(II)I @ 1265 c2
Event: 4.658 Thread 0x00007013c47d2750 DEOPT PACKING pc=0x00007013b44fddb4 sp=0x000063668e7fe4b0
Event: 4.658 Thread 0x00007013c47d2750 DEOPT UNPACKING pc=0x00007013b3c6a399 sp=0x000063668e7fe468 mode 2
Event: 4.696 Thread 0x00007013c47e31f0 DEOPT PACKING pc=0x00007013acd274d4 sp=0x000063668dbfe330
Event: 4.696 Thread 0x00007013c47e31f0 DEOPT UNPACKING pc=0x00007013b3c6ab2f sp=0x000063668dbfd950 mode 0
Event: 4.715 Thread 0x00007013c47c5350 DEOPT PACKING pc=0x00007013acd274d4 sp=0x00006366d41fe330
Event: 4.715 Thread 0x00007013c47c5350 DEOPT UNPACKING pc=0x00007013b3c6ab2f sp=0x00006366d41fd950 mode 0

Classes loaded (20 events):
Event: 4.282 Loading class java/util/stream/SpinedBuffer$OfPrimitive
Event: 4.282 Loading class java/util/stream/AbstractSpinedBuffer
Event: 4.282 Loading class java/util/stream/AbstractSpinedBuffer done
Event: 4.282 Loading class java/util/stream/SpinedBuffer$OfPrimitive done
Event: 4.282 Loading class java/util/stream/SpinedBuffer$OfInt done
Event: 4.282 Loading class java/util/stream/Nodes$IntSpinedNodeBuilder done
Event: 4.282 Loading class java/util/stream/ReferencePipeline$8$1
Event: 4.282 Loading class java/util/stream/ReferencePipeline$8$1 done
Event: 4.283 Loading class java/util/Spliterators$IntArraySpliterator
Event: 4.283 Loading class java/util/Spliterators$IntArraySpliterator done
Event: 4.283 Loading class java/util/stream/IntPipeline$Head
Event: 4.283 Loading class java/util/stream/IntPipeline$Head done
Event: 4.300 Loading class java/lang/invoke/VarHandleSegmentAsShorts
Event: 4.301 Loading class java/lang/invoke/VarHandleSegmentAsShorts done
Event: 4.316 Loading class java/util/WeakHashMap$KeyIterator
Event: 4.316 Loading class java/util/WeakHashMap$HashIterator
Event: 4.316 Loading class java/util/WeakHashMap$HashIterator done
Event: 4.316 Loading class java/util/WeakHashMap$KeyIterator done
Event: 4.643 Loading class java/io/FileOutputStream$1
Event: 4.643 Loading class java/io/FileOutputStream$1 done

Classes unloaded (0 events):
No events

Classes redefined (0 events):
No events

Internal exceptions (20 events):
Event: 4.248 Thread 0x00007013c47e31f0 Exception <a 'java/lang/NoSuchMethodError'{0x0000000041de8460}: 'java.lang.Object java.lang.invoke.Invokers$Holder.linkToTargetMethod(java.lang.Object, java.lang.Object, java.lang.Object, int, java.lang.Object)'> (0x0000000041de8460) 
thrown [src/hotspot/share/interpreter/linkResolver.cpp, line 772]
Event: 4.248 Thread 0x00007013c47c2db0 Exception <a 'java/lang/NoSuchMethodError'{0x0000000041ebee08}: 'java.lang.Object java.lang.invoke.Invokers$Holder.linkToTargetMethod(java.lang.Object, java.lang.Object, java.lang.Object, int, java.lang.Object)'> (0x0000000041ebee08) 
thrown [src/hotspot/share/interpreter/linkResolver.cpp, line 772]
Event: 4.248 Thread 0x00007013c47c68a0 Exception <a 'java/lang/NoSuchMethodError'{0x0000000041e41f88}: 'java.lang.Object java.lang.invoke.Invokers$Holder.linkToTargetMethod(java.lang.Object, java.lang.Object, java.lang.Object, int, java.lang.Object)'> (0x0000000041e41f88) 
thrown [src/hotspot/share/interpreter/linkResolver.cpp, line 772]
Event: 4.248 Thread 0x00007013c47da810 Exception <a 'java/lang/NoSuchMethodError'{0x0000000041e9c530}: 'java.lang.Object java.lang.invoke.Invokers$Holder.linkToTargetMethod(java.lang.Object, java.lang.Object, java.lang.Object, int, java.lang.Object)'> (0x0000000041e9c530) 
thrown [src/hotspot/share/interpreter/linkResolver.cpp, line 772]
Event: 4.248 Thread 0x00007013c47dbde0 Exception <a 'java/lang/NoSuchMethodError'{0x0000000041e537b8}: 'java.lang.Object java.lang.invoke.Invokers$Holder.linkToTargetMethod(java.lang.Object, java.lang.Object, java.lang.Object, int, java.lang.Object)'> (0x0000000041e537b8) 
thrown [src/hotspot/share/interpreter/linkResolver.cpp, line 772]
Event: 4.248 Thread 0x00007013c47e5df0 Exception <a 'java/lang/NoSuchMethodError'{0x0000000041e33ad0}: 'java.lang.Object java.lang.invoke.Invokers$Holder.linkToTargetMethod(java.lang.Object, java.lang.Object, java.lang.Object, int, java.lang.Object)'> (0x0000000041e33ad0) 
thrown [src/hotspot/share/interpreter/linkResolver.cpp, line 772]
Event: 4.248 Thread 0x00007013c47cfc30 Exception <a 'java/lang/NoSuchMethodError'{0x0000000041eec798}: 'java.lang.Object java.lang.invoke.Invokers$Holder.linkToTargetMethod(java.lang.Object, java.lang.Object, java.lang.Object, int, java.lang.Object)'> (0x0000000041eec798) 
thrown [src/hotspot/share/interpreter/linkResolver.cpp, line 772]
Event: 4.248 Thread 0x00007013c47c9290 Exception <a 'java/lang/NoSuchMethodError'{0x0000000041e2ba48}: 'java.lang.Object java.lang.invoke.Invokers$Holder.linkToTargetMethod(java.lang.Object, java.lang.Object, java.lang.Object, int, java.lang.Object)'> (0x0000000041e2ba48) 
thrown [src/hotspot/share/interpreter/linkResolver.cpp, line 772]
Event: 4.249 Thread 0x00007013c47c5350 Exception <a 'java/lang/NoSuchMethodError'{0x0000000041e5c010}: 'java.lang.Object java.lang.invoke.Invokers$Holder.linkToTargetMethod(java.lang.Object, java.lang.Object, java.lang.Object, int, java.lang.Object)'> (0x0000000041e5c010) 
thrown [src/hotspot/share/interpreter/linkResolver.cpp, line 772]
Event: 4.249 Thread 0x00007013c47ea030 Exception <a 'java/lang/NoSuchMethodError'{0x0000000041dc88b8}: 'java.lang.Object java.lang.invoke.Invokers$Holder.linkToTargetMethod(java.lang.Object, java.lang.Object, java.lang.Object, int, java.lang.Object)'> (0x0000000041dc88b8) 
thrown [src/hotspot/share/interpreter/linkResolver.cpp, line 772]
Event: 4.253 Thread 0x00007013c47e0220 Exception <a 'java/lang/NoSuchMethodError'{0x0000000041c70b98}: 'java.lang.Object java.lang.invoke.Invokers$Holder.linkToTargetMethod(java.lang.Object, java.lang.Object, java.lang.Object, int, java.lang.Object)'> (0x0000000041c70b98) 
thrown [src/hotspot/share/interpreter/linkResolver.cpp, line 772]
Event: 4.271 Thread 0x00007013c47d9250 Implicit null exception at 0x00007013b4415ade to 0x00007013b4415b98
Event: 4.271 Thread 0x00007013c47c7df0 Implicit null exception at 0x00007013b4415ade to 0x00007013b4415b98
Event: 4.271 Thread 0x00007013c47e31f0 Implicit null exception at 0x00007013b4415ade to 0x00007013b4415b98
Event: 4.271 Thread 0x00007013c47d6560 Implicit null exception at 0x00007013b4415ade to 0x00007013b4415b98
Event: 4.271 Thread 0x00007013c47d11c0 Implicit null exception at 0x00007013b4415ade to 0x00007013b4415b98
Event: 4.283 Thread 0x00007013c47d2750 Exception <a 'java/lang/NoSuchMethodError'{0x00000000421cd540}: 'void java.lang.invoke.DirectMethodHandle$Holder.invokeInterface(java.lang.Object, java.lang.Object, int)'> (0x00000000421cd540) 
thrown [src/hotspot/share/interpreter/linkResolver.cpp, line 772]
Event: 4.283 Thread 0x00007013c47d2750 Exception <a 'java/lang/IncompatibleClassChangeError'{0x00000000421c0b98}: Found class java.lang.Object, but interface was expected> (0x00000000421c0b98) 
thrown [src/hotspot/share/interpreter/linkResolver.cpp, line 840]
Event: 4.288 Thread 0x00007013c47e8a10 Exception <a 'java/lang/NoSuchMethodError'{0x000000004212e8b8}: 'int java.lang.invoke.DirectMethodHandle$Holder.invokeStaticInit(java.lang.Object, java.lang.Object)'> (0x000000004212e8b8) 
thrown [src/hotspot/share/interpreter/linkResolver.cpp, line 772]
Event: 4.289 Thread 0x00007013c47e8a10 Exception <a 'java/lang/NoSuchMethodError'{0x0000000042118318}: 'java.lang.Object java.lang.invoke.Invokers$Holder.invokeExact_MT(java.lang.Object, java.lang.Object, java.lang.Object, java.lang.Object, java.lang.Object, java.lang.Object)'> (0x0000000042118318) 
thrown [src/hotspot/share/interpreter/linkResolver.cpp, line 772]

ZGC Phase Switch (0 events):
No events

VM Operations (20 events):
Event: 4.376 Executing VM operation: HandshakeAllThreads (Deoptimize) done
Event: 4.490 Executing VM operation: ICBufferFull
Event: 4.490 Executing VM operation: ICBufferFull done
Event: 4.491 Executing VM operation: ICBufferFull
Event: 4.492 Executing VM operation: ICBufferFull done
Event: 4.499 Executing VM operation: ICBufferFull
Event: 4.501 Executing VM operation: ICBufferFull done
Event: 4.503 Executing VM operation: ICBufferFull
Event: 4.503 Executing VM operation: ICBufferFull done
Event: 4.506 Executing VM operation: ICBufferFull
Event: 4.506 Executing VM operation: ICBufferFull done
Event: 4.508 Executing VM operation: ICBufferFull
Event: 4.509 Executing VM operation: ICBufferFull done
Event: 4.581 Executing VM operation: ThirdPartyHeapOperation
Event: 4.594 Executing VM operation: ThirdPartyHeapOperation done
Event: 4.598 Executing VM operation: ThirdPartyHeapOperation
Event: 4.618 Executing VM operation: ThirdPartyHeapOperation done
Event: 4.699 Executing VM operation: ThirdPartyHeapOperation
Event: 4.713 Executing VM operation: ThirdPartyHeapOperation done
Event: 4.718 Executing VM operation: ThirdPartyHeapOperation

Memory protections (20 events):
Event: 4.230 Protecting memory [0x000063668df00000,0x000063668df04000] with protection modes 0
Event: 4.230 Protecting memory [0x000063668de00000,0x000063668de04000] with protection modes 0
Event: 4.230 Protecting memory [0x000063668dd00000,0x000063668dd04000] with protection modes 0
Event: 4.230 Protecting memory [0x000063668dc00000,0x000063668dc04000] with protection modes 0
Event: 4.231 Protecting memory [0x000063668db00000,0x000063668db04000] with protection modes 0
Event: 4.231 Protecting memory [0x000063668da00000,0x000063668da04000] with protection modes 0
Event: 4.231 Protecting memory [0x000063668d900000,0x000063668d904000] with protection modes 0
Event: 4.232 Protecting memory [0x000063668d800000,0x000063668d804000] with protection modes 0
Event: 4.232 Protecting memory [0x000063668d700000,0x000063668d704000] with protection modes 0
Event: 4.232 Protecting memory [0x000063668d600000,0x000063668d604000] with protection modes 0
Event: 4.232 Protecting memory [0x000063668d500000,0x000063668d504000] with protection modes 0
Event: 4.232 Protecting memory [0x000063668d400000,0x000063668d404000] with protection modes 0
Event: 4.244 Protecting memory [0x000063668d300000,0x000063668d304000] with protection modes 0
Event: 4.251 Protecting memory [0x000063668d200000,0x000063668d204000] with protection modes 0
Event: 4.253 Protecting memory [0x000063668d100000,0x000063668d104000] with protection modes 0
Event: 4.467 Protecting memory [0x000063668d000000,0x000063668d004000] with protection modes 0
Event: 4.470 Protecting memory [0x000063668cf00000,0x000063668cf04000] with protection modes 0
Event: 4.472 Protecting memory [0x000063668ce00000,0x000063668ce04000] with protection modes 0
Event: 4.477 Protecting memory [0x000063668cd00000,0x000063668cd04000] with protection modes 0
Event: 4.478 Protecting memory [0x000063668cc00000,0x000063668cc04000] with protection modes 0

Nmethod flushes (0 events):
No events

Events (20 events):
Event: 4.230 Thread 0x00007013c402b240 Thread added: 0x00007013c47dd3b0
Event: 4.230 Thread 0x00007013c402b240 Thread added: 0x00007013c47dec40
Event: 4.230 Thread 0x00007013c402b240 Thread added: 0x00007013c47e0220
Event: 4.230 Thread 0x00007013c402b240 Thread added: 0x00007013c47e1810
Event: 4.231 Thread 0x00007013c402b240 Thread added: 0x00007013c47e31f0
Event: 4.231 Thread 0x00007013c402b240 Thread added: 0x00007013c47e47f0
Event: 4.231 Thread 0x00007013c402b240 Thread added: 0x00007013c47e5df0
Event: 4.232 Thread 0x00007013c402b240 Thread added: 0x00007013c47e7400
Event: 4.232 Thread 0x00007013c402b240 Thread added: 0x00007013c47e8a10
Event: 4.232 Thread 0x00007013c402b240 Thread added: 0x00007013c47ea030
Event: 4.232 Thread 0x00007013c402b240 Thread added: 0x00007013c47eb650
Event: 4.232 Thread 0x00007013c402b240 Thread added: 0x00007013c47ecc80
Event: 4.244 Thread 0x00006366080a9960 Thread added: 0x00006365f0026f30
Event: 4.250 Thread 0x00007013c4557500 Thread added: 0x00006366080b8800
Event: 4.253 Thread 0x00006366080a9960 Thread added: 0x00006365f002a750
Event: 4.467 Thread 0x00006366080a9960 Thread added: 0x00006365f00706a0
Event: 4.469 Thread 0x00006366080aa890 Thread added: 0x00006365e40a4490
Event: 4.472 Thread 0x00006366080aa890 Thread added: 0x00006365e40a5d10
Event: 4.477 Thread 0x00006366080a88b0 Thread added: 0x00006366000fd1d0
Event: 4.478 Thread 0x00006366080a9960 Thread added: 0x00006365f0072720


Dynamic libraries:
40000000-40400000 rw-p 00000000 00:00 0                                  [anon:mmtk:space:immix]
40400000-41400000 rw-p 00000000 00:00 0                                  [anon:mmtk:space:los]
41400000-41800000 rw-p 00000000 00:00 0                                  [anon:mmtk:space:immix]
41800000-48000000 rw-p 00000000 00:00 0                                  [anon:mmtk:space:los]
48000000-48400000 rw-p 00000000 00:00 0                                  [anon:mmtk:space:immix]
48400000-49800000 rw-p 00000000 00:00 0                                  [anon:mmtk:space:los]
49800000-50000000 rw-p 00000000 00:00 0                                  [anon:mmtk:space:immix]
50000000-52400000 rw-p 00000000 00:00 0                                  [anon:mmtk:space:immix]
52400000-52800000 rw-p 00000000 00:00 0                                  [anon:mmtk:space:immix]
200000000000-2000c00c0000 rw-s 00000000 00:10 68                         anon_inode:bpf-map
568b0efc7000-568b0efc8000 r--p 00000000 fc:00 49676352                   /mydata/openjdk-mmtk/build/b0test/images/jdk/bin/java
568b0efc8000-568b0efc9000 r-xp 00001000 fc:00 49676352                   /mydata/openjdk-mmtk/build/b0test/images/jdk/bin/java
568b0efc9000-568b0efca000 r--p 00002000 fc:00 49676352                   /mydata/openjdk-mmtk/build/b0test/images/jdk/bin/java
568b0efca000-568b0efcb000 r--p 00002000 fc:00 49676352                   /mydata/openjdk-mmtk/build/b0test/images/jdk/bin/java
568b0efcb000-568b0efcc000 rw-p 00003000 fc:00 49676352                   /mydata/openjdk-mmtk/build/b0test/images/jdk/bin/java
568b332b8000-568b33300000 rw-p 00000000 00:00 0                          [heap]
636544000000-6365442c2000 rw-p 00000000 00:00 0 
6365442c2000-636548000000 ---p 00000000 00:00 0 
63654c000000-63654c398000 rw-p 00000000 00:00 0 
63654c398000-636550000000 ---p 00000000 00:00 0 
636550000000-63655055e000 rw-p 00000000 00:00 0 
63655055e000-636554000000 ---p 00000000 00:00 0 
636554000000-636554416000 rw-p 00000000 00:00 0 
636554416000-636558000000 ---p 00000000 00:00 0 
636558000000-636558360000 rw-p 00000000 00:00 0 
636558360000-63655c000000 ---p 00000000 00:00 0 
63655c000000-63655c556000 rw-p 00000000 00:00 0 
63655c556000-636560000000 ---p 00000000 00:00 0 
636560000000-636560341000 rw-p 00000000 00:00 0 
636560341000-636564000000 ---p 00000000 00:00 0 
636564000000-636564028000 rw-p 00000000 00:00 0 
636564028000-636568000000 ---p 00000000 00:00 0 
636568000000-6365682e4000 rw-p 00000000 00:00 0 
6365682e4000-63656c000000 ---p 00000000 00:00 0 
63656c000000-63656c021000 rw-p 00000000 00:00 0 
63656c021000-636570000000 ---p 00000000 00:00 0 
636570000000-636570021000 rw-p 00000000 00:00 0 
636570021000-636574000000 ---p 00000000 00:00 0 
636574000000-636574021000 rw-p 00000000 00:00 0 
636574021000-636578000000 ---p 00000000 00:00 0 
636578000000-636578022000 rw-p 00000000 00:00 0 
636578022000-63657c000000 ---p 00000000 00:00 0 
63657c000000-63657c025000 rw-p 00000000 00:00 0 
63657c025000-636580000000 ---p 00000000 00:00 0 
636580000000-636580021000 rw-p 00000000 00:00 0 
636580021000-636584000000 ---p 00000000 00:00 0 
636584000000-636584021000 rw-p 00000000 00:00 0 
636584021000-636588000000 ---p 00000000 00:00 0 
636588000000-636588021000 rw-p 00000000 00:00 0 
636588021000-63658c000000 ---p 00000000 00:00 0 
63658c000000-63658c021000 rw-p 00000000 00:00 0 
63658c021000-636590000000 ---p 00000000 00:00 0 
636590000000-636590021000 rw-p 00000000 00:00 0 
636590021000-636594000000 ---p 00000000 00:00 0 
636594000000-636594021000 rw-p 00000000 00:00 0 
636594021000-636598000000 ---p 00000000 00:00 0 
636598000000-636598021000 rw-p 00000000 00:00 0 
636598021000-63659c000000 ---p 00000000 00:00 0 
63659c000000-63659c07a000 rw-p 00000000 00:00 0 
63659c07a000-6365a0000000 ---p 00000000 00:00 0 
6365a0000000-6365a0021000 rw-p 00000000 00:00 0 
6365a0021000-6365a4000000 ---p 00000000 00:00 0 
6365a4000000-6365a4021000 rw-p 00000000 00:00 0 
6365a4021000-6365a8000000 ---p 00000000 00:00 0 
6365a8000000-6365a8021000 rw-p 00000000 00:00 0 
6365a8021000-6365ac000000 ---p 00000000 00:00 0 
6365ac000000-6365ac024000 rw-p 00000000 00:00 0 
6365ac024000-6365b0000000 ---p 00000000 00:00 0 
6365b0000000-6365b0021000 rw-p 00000000 00:00 0 
6365b0021000-6365b4000000 ---p 00000000 00:00 0 
6365b4000000-6365b4021000 rw-p 00000000 00:00 0 
6365b4021000-6365b8000000 ---p 00000000 00:00 0 
6365b8000000-6365b8021000 rw-p 00000000 00:00 0 
6365b8021000-6365bc000000 ---p 00000000 00:00 0 
6365bc000000-6365bc021000 rw-p 00000000 00:00 0 
6365bc021000-6365c0000000 ---p 00000000 00:00 0 
6365c0000000-6365c0021000 rw-p 00000000 00:00 0 
6365c0021000-6365c4000000 ---p 00000000 00:00 0 
6365c4000000-6365c4021000 rw-p 00000000 00:00 0 
6365c4021000-6365c8000000 ---p 00000000 00:00 0 
6365c8000000-6365c8021000 rw-p 00000000 00:00 0 
6365c8021000-6365cc000000 ---p 00000000 00:00 0 
6365cc000000-6365cc021000 rw-p 00000000 00:00 0 
6365cc021000-6365d0000000 ---p 00000000 00:00 0 
6365d0000000-6365d0021000 rw-p 00000000 00:00 0 
6365d0021000-6365d4000000 ---p 00000000 00:00 0 
6365d4000000-6365d4021000 rw-p 00000000 00:00 0 
6365d4021000-6365d8000000 ---p 00000000 00:00 0 
6365d8000000-6365d8021000 rw-p 00000000 00:00 0 
6365d8021000-6365dc000000 ---p 00000000 00:00 0 
6365dc000000-6365dc021000 rw-p 00000000 00:00 0 
6365dc021000-6365e0000000 ---p 00000000 00:00 0 
6365e0000000-6365e0021000 rw-p 00000000 00:00 0 
6365e0021000-6365e4000000 ---p 00000000 00:00 0 
6365e4000000-6365e4148000 rw-p 00000000 00:00 0 
6365e4148000-6365e8000000 ---p 00000000 00:00 0 
6365e8000000-6365e8155000 rw-p 00000000 00:00 0 
6365e8155000-6365ec000000 ---p 00000000 00:00 0 
6365ec000000-6365ec603000 rw-p 00000000 00:00 0 
6365ec603000-6365f0000000 ---p 00000000 00:00 0 
6365f0000000-6365f0097000 rw-p 00000000 00:00 0 
6365f0097000-6365f4000000 ---p 00000000 00:00 0 
6365f4000000-6365f4021000 rw-p 00000000 00:00 0 
6365f4021000-6365f8000000 ---p 00000000 00:00 0 
6365f8000000-6365f8021000 rw-p 00000000 00:00 0 
6365f8021000-6365fc000000 ---p 00000000 00:00 0 
6365fc000000-6365fc211000 rw-p 00000000 00:00 0 
6365fc211000-636600000000 ---p 00000000 00:00 0 
636600000000-636600214000 rw-p 00000000 00:00 0 
636600214000-636604000000 ---p 00000000 00:00 0 
636604000000-6366046cc000 rw-p 00000000 00:00 0 
6366046cc000-636608000000 ---p 00000000 00:00 0 
636608000000-636608118000 rw-p 00000000 00:00 0 
636608118000-63660c000000 ---p 00000000 00:00 0 
63660c000000-63660c021000 rw-p 00000000 00:00 0 
63660c021000-636610000000 ---p 00000000 00:00 0 
636610000000-636610021000 rw-p 00000000 00:00 0 
636610021000-636614000000 ---p 00000000 00:00 0 
636614000000-636614036000 rw-p 00000000 00:00 0 
636614036000-636618000000 ---p 00000000 00:00 0 
636618000000-636618021000 rw-p 00000000 00:00 0 
636618021000-63661c000000 ---p 00000000 00:00 0 
63661c000000-63661c023000 rw-p 00000000 00:00 0 
63661c023000-636620000000 ---p 00000000 00:00 0 
636620000000-63662002a000 rw-p 00000000 00:00 0 
63662002a000-636624000000 ---p 00000000 00:00 0 
636624000000-636624033000 rw-p 00000000 00:00 0 
636624033000-636628000000 ---p 00000000 00:00 0 
636628000000-636628063000 rw-p 00000000 00:00 0 
636628063000-63662c000000 ---p 00000000 00:00 0 
63662c000000-63662c02a000 rw-p 00000000 00:00 0 
63662c02a000-636630000000 ---p 00000000 00:00 0 
636630000000-636630053000 rw-p 00000000 00:00 0 
636630053000-636634000000 ---p 00000000 00:00 0 
636634000000-636634021000 rw-p 00000000 00:00 0 
636634021000-636638000000 ---p 00000000 00:00 0 
636638000000-63663803a000 rw-p 00000000 00:00 0 
63663803a000-63663c000000 ---p 00000000 00:00 0 
63663c000000-63663c03a000 rw-p 00000000 00:00 0 
63663c03a000-636640000000 ---p 00000000 00:00 0 
636640000000-636640022000 rw-p 00000000 00:00 0 
636640022000-636644000000 ---p 00000000 00:00 0 
636644000000-63664414e000 rw-p 00000000 00:00 0 
63664414e000-636648000000 ---p 00000000 00:00 0 
636648000000-6366480fd000 rw-p 00000000 00:00 0 
6366480fd000-63664c000000 ---p 00000000 00:00 0 
63664c000000-63664c02a000 rw-p 00000000 00:00 0 
63664c02a000-636650000000 ---p 00000000 00:00 0 
636650000000-636650033000 rw-p 00000000 00:00 0 
636650033000-636654000000 ---p 00000000 00:00 0 
636654000000-636654043000 rw-p 00000000 00:00 0 
636654043000-636658000000 ---p 00000000 00:00 0 
636658000000-636658043000 rw-p 00000000 00:00 0 
636658043000-63665c000000 ---p 00000000 00:00 0 
63665c000000-63665c023000 rw-p 00000000 00:00 0 
63665c023000-636660000000 ---p 00000000 00:00 0 
636660000000-63666002b000 rw-p 00000000 00:00 0 
63666002b000-636664000000 ---p 00000000 00:00 0 
636664000000-63666403a000 rw-p 00000000 00:00 0 
63666403a000-636668000000 ---p 00000000 00:00 0 
636668000000-63666802b000 rw-p 00000000 00:00 0 
63666802b000-63666c000000 ---p 00000000 00:00 0 
63666c000000-63666c043000 rw-p 00000000 00:00 0 
63666c043000-636670000000 ---p 00000000 00:00 0 
636670000000-636670043000 rw-p 00000000 00:00 0 
636670043000-636674000000 ---p 00000000 00:00 0 
636674000000-636674021000 rw-p 00000000 00:00 0 
636674021000-636678000000 ---p 00000000 00:00 0 
636678000000-636678021000 rw-p 00000000 00:00 0 
636678021000-63667c000000 ---p 00000000 00:00 0 
63667c000000-63667c021000 rw-p 00000000 00:00 0 
63667c021000-636680000000 ---p 00000000 00:00 0 
636680000000-636680021000 rw-p 00000000 00:00 0 
636680021000-636684000000 ---p 00000000 00:00 0 
636684000000-636684370000 rw-p 00000000 00:00 0 
636684370000-636684400000 ---p 00000000 00:00 0 
636684400000-6366849c0000 rw-p 00000000 00:00 0 
6366849c0000-636688000000 ---p 00000000 00:00 0 
636688000000-636688021000 rw-p 00000000 00:00 0 
636688021000-63668c000000 ---p 00000000 00:00 0 
63668cc00000-63668cc04000 ---p 00000000 00:00 0 
63668cc04000-63668cd00000 rw-p 00000000 00:00 0 
63668cd00000-63668cd04000 ---p 00000000 00:00 0 
63668cd04000-63668ce00000 rw-p 00000000 00:00 0 
63668ce00000-63668ce04000 ---p 00000000 00:00 0 
63668ce04000-63668cf00000 rw-p 00000000 00:00 0 
63668cf00000-63668cf04000 ---p 00000000 00:00 0 
63668cf04000-63668d000000 rw-p 00000000 00:00 0 
63668d000000-63668d004000 ---p 00000000 00:00 0 
63668d004000-63668d100000 rw-p 00000000 00:00 0 
63668d100000-63668d104000 ---p 00000000 00:00 0 
63668d104000-63668d200000 rw-p 00000000 00:00 0 
63668d200000-63668d204000 ---p 00000000 00:00 0 
63668d204000-63668d300000 rw-p 00000000 00:00 0 
63668d300000-63668d304000 ---p 00000000 00:00 0 
63668d304000-63668d400000 rw-p 00000000 00:00 0 
63668d400000-63668d404000 ---p 00000000 00:00 0 
63668d404000-63668d500000 rw-p 00000000 00:00 0 
63668d500000-63668d504000 ---p 00000000 00:00 0 
63668d504000-63668d600000 rw-p 00000000 00:00 0 
63668d600000-63668d604000 ---p 00000000 00:00 0 
63668d604000-63668d700000 rw-p 00000000 00:00 0 
63668d700000-63668d704000 ---p 00000000 00:00 0 
63668d704000-63668d800000 rw-p 00000000 00:00 0 
63668d800000-63668d804000 ---p 00000000 00:00 0 
63668d804000-63668d900000 rw-p 00000000 00:00 0 
63668d900000-63668d904000 ---p 00000000 00:00 0 
63668d904000-63668da00000 rw-p 00000000 00:00 0 
63668da00000-63668da04000 ---p 00000000 00:00 0 
63668da04000-63668db00000 rw-p 00000000 00:00 0 
63668db00000-63668db04000 ---p 00000000 00:00 0 
63668db04000-63668dc00000 rw-p 00000000 00:00 0 
63668dc00000-63668dc04000 ---p 00000000 00:00 0 
63668dc04000-63668dd00000 rw-p 00000000 00:00 0 
63668dd00000-63668dd04000 ---p 00000000 00:00 0 
63668dd04000-63668de00000 rw-p 00000000 00:00 0 
63668de00000-63668de04000 ---p 00000000 00:00 0 
63668de04000-63668df00000 rw-p 00000000 00:00 0 
63668df00000-63668df04000 ---p 00000000 00:00 0 
63668df04000-63668e000000 rw-p 00000000 00:00 0 
63668e000000-63668e004000 ---p 00000000 00:00 0 
63668e004000-63668e100000 rw-p 00000000 00:00 0 
63668e100000-63668e104000 ---p 00000000 00:00 0 
63668e104000-63668e200000 rw-p 00000000 00:00 0 
63668e200000-63668e204000 ---p 00000000 00:00 0 
63668e204000-63668e300000 rw-p 00000000 00:00 0 
63668e300000-63668e304000 ---p 00000000 00:00 0 
63668e304000-63668e400000 rw-p 00000000 00:00 0 
63668e400000-63668e404000 ---p 00000000 00:00 0 
63668e404000-63668e500000 rw-p 00000000 00:00 0 
63668e500000-63668e504000 ---p 00000000 00:00 0 
63668e504000-63668e600000 rw-p 00000000 00:00 0 
63668e600000-63668e604000 ---p 00000000 00:00 0 
63668e604000-63668e700000 rw-p 00000000 00:00 0 
63668e700000-63668e704000 ---p 00000000 00:00 0 
63668e704000-63668e800000 rw-p 00000000 00:00 0 
63668e800000-63668e804000 ---p 00000000 00:00 0 
63668e804000-63668e900000 rw-p 00000000 00:00 0 
63668e900000-63668e904000 ---p 00000000 00:00 0 
63668e904000-63668ea00000 rw-p 00000000 00:00 0 
63668ea00000-63668ea04000 ---p 00000000 00:00 0 
63668ea04000-63668eb00000 rw-p 00000000 00:00 0 
63668eb00000-63668eb04000 ---p 00000000 00:00 0 
63668eb04000-63668ec00000 rw-p 00000000 00:00 0 
63668ec00000-63668ec04000 ---p 00000000 00:00 0 
63668ec04000-63668ed00000 rw-p 00000000 00:00 0 
63668ed00000-63668ed04000 ---p 00000000 00:00 0 
63668ed04000-63668ee00000 rw-p 00000000 00:00 0 
63668ee00000-63668ee04000 ---p 00000000 00:00 0 
63668ee04000-63668ef00000 rw-p 00000000 00:00 0 
63668ef00000-63668ef04000 ---p 00000000 00:00 0 
63668ef04000-63668f000000 rw-p 00000000 00:00 0 
63668f000000-63668fca3000 rw-p 00001000 fc:00 49677059                   /mydata/openjdk-mmtk/build/b0test/images/jdk/lib/server/classes.jsa
63668fca3000-636690000000 ---p 00000000 00:00 0 
636690000000-636690040000 rw-p 00000000 00:00 0 
636690040000-6366900c0000 rw-p 00000000 00:00 0 
6366900c0000-6366900e0000 rw-p 00000000 00:00 0 
6366900e0000-636690100000 ---p 00000000 00:00 0 
636690100000-6366901e0000 rw-p 00000000 00:00 0 
6366901e0000-6366d0000000 ---p 00000000 00:00 0 
6366d0000000-6366d0021000 rw-p 00000000 00:00 0 
6366d0021000-6366d4004000 ---p 00000000 00:00 0 
6366d4004000-6366d4100000 rw-p 00000000 00:00 0 
6366d4100000-6366d4104000 ---p 00000000 00:00 0 
6366d4104000-6366d4200000 rw-p 00000000 00:00 0 
6366d4200000-6366d4665000 r--s 00000000 fc:00 7871857                    /mydata/dacapo/dacapo-23.11/dacapo-23.11-MR2-chopin/dat/lusearch/index-default/_3_Lucene90_0.tim
6366d4700000-6366d4704000 ---p 00000000 00:00 0 
6366d4704000-6366d4800000 rw-p 00000000 00:00 0 
6366d4800000-6366d4c01000 r--s 00000000 fc:00 7871856                    /mydata/dacapo/dacapo-23.11/dacapo-23.11-MR2-chopin/dat/lusearch/index-default/_3_Lucene90_0.doc
6366d4d00000-6366d4d04000 ---p 00000000 00:00 0 
6366d4d04000-6366d4e00000 rw-p 00000000 00:00 0 
6366d4e00000-6366d4e04000 ---p 00000000 00:00 0 
6366d4e04000-6366d4f00000 rw-p 00000000 00:00 0 
6366d4f00000-6366d4f04000 ---p 00000000 00:00 0 
6366d4f04000-6366d5000000 rw-p 00000000 00:00 0 
6366d5000000-6366d5004000 ---p 00000000 00:00 0 
6366d5004000-6366d5100000 rw-p 00000000 00:00 0 
6366d5100000-6366d5104000 ---p 00000000 00:00 0 
6366d5104000-6366d5200000 rw-p 00000000 00:00 0 
6366d5200000-6366d8200000 rw-p 00000000 00:00 0 
6366d82fc000-6366d8300000 ---p 00000000 00:00 0 
6366d8300000-6366d83fc000 rw-p 00000000 00:00 0 
6366d83fc000-636708400000 rw-p 00000000 00:00 0 
636708400000-636709400000 ---p 00000000 00:00 0                          [anon:mmtk:sidemeta:all:all-quarantined]
636709400000-636709c00000 rw-p 00000000 00:00 0                          [anon:mmtk:sidemeta:immix:VO_BIT]
636709c00000-65670a400000 ---p 00000000 00:00 0                          [anon:mmtk:sidemeta:all:all-quarantined]
65670a400000-65670a800000 rw-p 00000000 00:00 0                          [anon:mmtk:sidemeta:immix:CHUNK_MARK]
65670a800000-65670d400000 ---p 00000000 00:00 0                          [anon:mmtk:sidemeta:all:all-quarantined]
65670d400000-65670dc00000 rw-p 00000000 00:00 0                          [anon:mmtk:sidemeta:immix:VMGlobalLogBitSpec]
65670dc00000-676f0c800000 ---p 00000000 00:00 0                          [anon:mmtk:sidemeta:all:all-quarantined]
676f0c800000-676f0cc00000 rw-p 00000000 00:00 0                          [anon:mmtk:sidemeta:immix:IX_LINE_MARK]
676f0cc00000-67ef0c400000 ---p 00000000 00:00 0                          [anon:mmtk:sidemeta:all:all-quarantined]
67ef0c400000-67ef0c800000 rw-p 00000000 00:00 0                          [anon:mmtk:sidemeta:immix:IX_BLOCK_DEFRAG]
67ef0c800000-67f00c400000 ---p 00000000 00:00 0                          [anon:mmtk:sidemeta:all:all-quarantined]
67f00c400000-67f00c800000 rw-p 00000000 00:00 0                          [anon:mmtk:sidemeta:immix:IX_BLOCK_MARK]
67f00c800000-6e118c400000 ---p 00000000 00:00 0                          [anon:mmtk:sidemeta:all:all-quarantined]
6e118c400000-6e118c800000 rw-p 00000000 00:00 0                          [anon:mmtk:sidemeta:los:VMLocalLOSMarkNurserySpec]
6e118c800000-6e138d400000 ---p 00000000 00:00 0                          [anon:mmtk:sidemeta:all:all-quarantined]
6e138d400000-6e138dc00000 rw-p 00000000 00:00 0                          [anon:mmtk:sidemeta:immix:VMLocalMarkBitSpec]
6e138dc00000-70138c400000 ---p 00000000 00:00 0                          [anon:mmtk:sidemeta:all:all-quarantined]
70138c4ff000-70138c503000 ---p 00000000 00:00 0 
70138c503000-70138c5ff000 rw-p 00000000 00:00 0 
70138c5ff000-70138c603000 ---p 00000000 00:00 0 
70138c603000-70138c6ff000 rw-p 00000000 00:00 0 
70138c6ff000-70138c703000 ---p 00000000 00:00 0 
70138c703000-70138c7ff000 rw-p 00000000 00:00 0 
70138c7ff000-7013ac800000 rw-p 00000000 00:00 0 
7013ac800000-7013acd30000 rwxp 00000000 00:00 0 
7013acd30000-7013b3c17000 ---p 00000000 00:00 0 
7013b3c17000-7013b3f97000 rwxp 00000000 00:00 0 
7013b3f97000-7013b43e8000 ---p 00000000 00:00 0 
7013b43e8000-7013b4658000 rwxp 00000000 00:00 0 
7013b4658000-7013bb800000 ---p 00000000 00:00 0 
7013bb800000-7013c3fa0000 r--s 00000000 fc:00 49676300                   /mydata/openjdk-mmtk/build/b0test/images/jdk/lib/modules
7013c4000000-7013c47f1000 rw-p 00000000 00:00 0 
7013c47f1000-7013c8000000 ---p 00000000 00:00 0 
7013c8018000-7013c801d000 r--p 00000000 fc:00 49676433                   /mydata/openjdk-mmtk/build/b0test/images/jdk/lib/libjsvml.so
7013c801d000-7013c805e000 r-xp 00005000 fc:00 49676433                   /mydata/openjdk-mmtk/build/b0test/images/jdk/lib/libjsvml.so
7013c805e000-7013c80e7000 r--p 00046000 fc:00 49676433                   /mydata/openjdk-mmtk/build/b0test/images/jdk/lib/libjsvml.so
7013c80e7000-7013c80e8000 r--p 000ce000 fc:00 49676433                   /mydata/openjdk-mmtk/build/b0test/images/jdk/lib/libjsvml.so
7013c80e8000-7013c80e9000 rw-p 000cf000 fc:00 49676433                   /mydata/openjdk-mmtk/build/b0test/images/jdk/lib/libjsvml.so
7013c80e9000-7013c80ed000 ---p 00000000 00:00 0 
7013c80ed000-7013c81e9000 rw-p 00000000 00:00 0 
7013c81e9000-7013c81ed000 ---p 00000000 00:00 0 
7013c81ed000-7013c82e9000 rw-p 00000000 00:00 0 
7013c82e9000-7013c82ed000 ---p 00000000 00:00 0 
7013c82ed000-7013c83e9000 rw-p 00000000 00:00 0 
7013c83e9000-7013c83ed000 ---p 00000000 00:00 0 
7013c83ed000-7013c84e9000 rw-p 00000000 00:00 0 
7013c84e9000-7013c84ea000 ---p 00000000 00:00 0 
7013c84ea000-7013c85ea000 rw-p 00000000 00:00 0 
7013c85ea000-7013c85eb000 ---p 00000000 00:00 0 
7013c85eb000-7013c86eb000 rw-p 00000000 00:00 0 
7013c86eb000-7013c86ec000 ---p 00000000 00:00 0 
7013c86ec000-7013c87ec000 rw-p 00000000 00:00 0 
7013c87ec000-7013c87ed000 ---p 00000000 00:00 0 
7013c87ed000-7013c88ed000 rw-p 00000000 00:00 0 
7013c88ed000-7013c88ee000 ---p 00000000 00:00 0 
7013c88ee000-7013c89ee000 rw-p 00000000 00:00 0 
7013c89ee000-7013c89ef000 ---p 00000000 00:00 0 
7013c89ef000-7013c8aef000 rw-p 00000000 00:00 0 
7013c8aef000-7013c8af0000 ---p 00000000 00:00 0 
7013c8af0000-7013c8bf0000 rw-p 00000000 00:00 0 
7013c8bf0000-7013c8bf1000 ---p 00000000 00:00 0 
7013c8bf1000-7013c8cf1000 rw-p 00000000 00:00 0 
7013c8cf1000-7013c8cf2000 ---p 00000000 00:00 0 
7013c8cf2000-7013c8df2000 rw-p 00000000 00:00 0 
7013c8df2000-7013c8df3000 ---p 00000000 00:00 0 
7013c8df3000-7013c8ef3000 rw-p 00000000 00:00 0 
7013c8ef3000-7013c8ef4000 ---p 00000000 00:00 0 
7013c8ef4000-7013c8ff4000 rw-p 00000000 00:00 0 
7013c8ff4000-7013c8ff5000 ---p 00000000 00:00 0 
7013c8ff5000-7013c90f5000 rw-p 00000000 00:00 0 
7013c90f5000-7013c90f6000 ---p 00000000 00:00 0 
7013c90f6000-7013c91f6000 rw-p 00000000 00:00 0 
7013c91f6000-7013c91f7000 ---p 00000000 00:00 0 
7013c91f7000-7013c92f7000 rw-p 00000000 00:00 0 
7013c92f7000-7013c92f8000 ---p 00000000 00:00 0 
7013c92f8000-7013c93f8000 rw-p 00000000 00:00 0 
7013c93f8000-7013c93f9000 ---p 00000000 00:00 0 
7013c93f9000-7013c94f9000 rw-p 00000000 00:00 0 
7013c94f9000-7013c94fa000 ---p 00000000 00:00 0 
7013c94fa000-7013c95fa000 rw-p 00000000 00:00 0 
7013c95fa000-7013c95fb000 ---p 00000000 00:00 0 
7013c95fb000-7013c96fb000 rw-p 00000000 00:00 0 
7013c96fb000-7013c96fc000 ---p 00000000 00:00 0 
7013c96fc000-7013c97fc000 rw-p 00000000 00:00 0 
7013c97fc000-7013c97fd000 ---p 00000000 00:00 0 
7013c97fd000-7013c98fd000 rw-p 00000000 00:00 0 
7013c98fd000-7013c98fe000 ---p 00000000 00:00 0 
7013c98fe000-7013c99fe000 rw-p 00000000 00:00 0 
7013c99fe000-7013c99ff000 ---p 00000000 00:00 0 
7013c99ff000-7013c9aff000 rw-p 00000000 00:00 0 
7013c9aff000-7013c9b00000 ---p 00000000 00:00 0 
7013c9b00000-7013c9c00000 rw-p 00000000 00:00 0 
7013c9c00000-7013c9c04000 ---p 00000000 00:00 0 
7013c9c04000-7013c9d00000 rw-p 00000000 00:00 0 
7013c9d00000-7013c9d04000 ---p 00000000 00:00 0 
7013c9d04000-7013c9e00000 rw-p 00000000 00:00 0 
7013c9e00000-7013ca0eb000 r--p 00000000 08:03 1410552                    /usr/lib/locale/locale-archive
7013ca142000-7013ca146000 ---p 00000000 00:00 0 
7013ca146000-7013ca242000 rw-p 00000000 00:00 0 
7013ca242000-7013ca243000 ---p 00000000 00:00 0 
7013ca243000-7013ca343000 rw-p 00000000 00:00 0 
7013ca343000-7013ca344000 ---p 00000000 00:00 0 
7013ca344000-7013ca444000 rw-p 00000000 00:00 0 
7013ca444000-7013ca445000 ---p 00000000 00:00 0 
7013ca445000-7013ca545000 rw-p 00000000 00:00 0 
7013ca545000-7013cab46000 rw-p 00000000 00:00 0 
7013cab46000-7013cab4a000 r--p 00000000 08:03 1410107                    /usr/lib/x86_64-linux-gnu/libzstd.so.1.5.5
7013cab4a000-7013cabf1000 r-xp 00004000 08:03 1410107                    /usr/lib/x86_64-linux-gnu/libzstd.so.1.5.5
7013cabf1000-7013cabfe000 r--p 000ab000 08:03 1410107                    /usr/lib/x86_64-linux-gnu/libzstd.so.1.5.5
7013cabfe000-7013cabff000 r--p 000b7000 08:03 1410107                    /usr/lib/x86_64-linux-gnu/libzstd.so.1.5.5
7013cabff000-7013cac00000 rw-p 000b8000 08:03 1410107                    /usr/lib/x86_64-linux-gnu/libzstd.so.1.5.5
7013cac00000-7013cac0c000 r--p 00000000 fc:00 13107796                   /mydata/gc-bpf-fault/shim/libgcbpf.so
7013cac0c000-7013cac6e000 r-xp 0000c000 fc:00 13107796                   /mydata/gc-bpf-fault/shim/libgcbpf.so
7013cac6e000-7013caede000 r--p 0006e000 fc:00 13107796                   /mydata/gc-bpf-fault/shim/libgcbpf.so
7013caede000-7013caee0000 r--p 002de000 fc:00 13107796                   /mydata/gc-bpf-fault/shim/libgcbpf.so
7013caee0000-7013caee1000 rw-p 002e0000 fc:00 13107796                   /mydata/gc-bpf-fault/shim/libgcbpf.so
7013caee1000-7013caee2000 rw-p 00000000 00:00 0 
7013caef0000-7013caf17000 r--s 00000000 fc:00 7871850                    /mydata/dacapo/dacapo-23.11/dacapo-23.11-MR2-chopin/dat/lusearch/index-default/_3.fdt
7013caf17000-7013caf1c000 rw-p 00000000 00:00 0 
7013caf1c000-7013cb000000 ---p 00000000 00:00 0 
7013cb000000-7013cb148000 r--p 00000000 fc:00 49676390                   /mydata/openjdk-mmtk/build/b0test/images/jdk/lib/server/libmmtk_openjdk.so
7013cb148000-7013cb3cd000 r-xp 00147000 fc:00 49676390                   /mydata/openjdk-mmtk/build/b0test/images/jdk/lib/server/libmmtk_openjdk.so
7013cb3cd000-7013cb40e000 r--p 003cb000 fc:00 49676390                   /mydata/openjdk-mmtk/build/b0test/images/jdk/lib/server/libmmtk_openjdk.so
7013cb40e000-7013cb410000 rw-p 0040b000 fc:00 49676390                   /mydata/openjdk-mmtk/build/b0test/images/jdk/lib/server/libmmtk_openjdk.so
7013cb410000-7013cb412000 rw-p 00000000 00:00 0 
7013cb417000-7013cb422000 rw-p 00000000 00:00 0 
7013cb422000-7013cb500000 ---p 00000000 00:00 0 
7013cb500000-7013cb504000 ---p 00000000 00:00 0 
7013cb504000-7013cb600000 rw-p 00000000 00:00 0 
7013cb600000-7013cb8a9000 r--p 00000000 fc:00 49676389                   /mydata/openjdk-mmtk/build/b0test/images/jdk/lib/server/libjvm.so
7013cb8a9000-7013cc73c000 r-xp 002a9000 fc:00 49676389                   /mydata/openjdk-mmtk/build/b0test/images/jdk/lib/server/libjvm.so
7013cc73c000-7013cca20000 r--p 0113c000 fc:00 49676389                   /mydata/openjdk-mmtk/build/b0test/images/jdk/lib/server/libjvm.so
7013cca20000-7013ccaf6000 r--p 0141f000 fc:00 49676389                   /mydata/openjdk-mmtk/build/b0test/images/jdk/lib/server/libjvm.so
7013ccaf6000-7013ccb26000 rw-p 014f5000 fc:00 49676389                   /mydata/openjdk-mmtk/build/b0test/images/jdk/lib/server/libjvm.so
7013ccb26000-7013ccb8c000 rw-p 00000000 00:00 0 
7013ccb95000-7013ccb9c000 r--s 00000000 08:03 1436340                    /usr/lib/x86_64-linux-gnu/gconv/gconv-modules.cache
7013ccb9c000-7013ccbbf000 r--s 00000000 fc:00 7871858                    /mydata/dacapo/dacapo-23.11/dacapo-23.11-MR2-chopin/dat/lusearch/index-default/_3_Lucene90_0.tip
7013ccbbf000-7013ccbc1000 r--p 00000000 fc:00 49676482                   /mydata/openjdk-mmtk/build/b0test/images/jdk/lib/libmanagement_ext.so
7013ccbc1000-7013ccbc4000 r-xp 00002000 fc:00 49676482                   /mydata/openjdk-mmtk/build/b0test/images/jdk/lib/libmanagement_ext.so
7013ccbc4000-7013ccbc5000 r--p 00005000 fc:00 49676482                   /mydata/openjdk-mmtk/build/b0test/images/jdk/lib/libmanagement_ext.so
7013ccbc5000-7013ccbc6000 r--p 00006000 fc:00 49676482                   /mydata/openjdk-mmtk/build/b0test/images/jdk/lib/libmanagement_ext.so
7013ccbc6000-7013ccbc7000 rw-p 00007000 fc:00 49676482                   /mydata/openjdk-mmtk/build/b0test/images/jdk/lib/libmanagement_ext.so
7013ccbc7000-7013ccbc9000 r--p 00000000 fc:00 49676380                   /mydata/openjdk-mmtk/build/b0test/images/jdk/lib/libzip.so
7013ccbc9000-7013ccbce000 r-xp 00002000 fc:00 49676380                   /mydata/openjdk-mmtk/build/b0test/images/jdk/lib/libzip.so
7013ccbce000-7013ccbd0000 r--p 00007000 fc:00 49676380                   /mydata/openjdk-mmtk/build/b0test/images/jdk/lib/libzip.so
7013ccbd0000-7013ccbd1000 r--p 00008000 fc:00 49676380                   /mydata/openjdk-mmtk/build/b0test/images/jdk/lib/libzip.so
7013ccbd1000-7013ccbd2000 rw-p 00009000 fc:00 49676380                   /mydata/openjdk-mmtk/build/b0test/images/jdk/lib/libzip.so
7013ccbd2000-7013ccbd5000 r--p 00000000 fc:00 49676376                   /mydata/openjdk-mmtk/build/b0test/images/jdk/lib/libnet.so
7013ccbd5000-7013ccbdd000 r-xp 00003000 fc:00 49676376                   /mydata/openjdk-mmtk/build/b0test/images/jdk/lib/libnet.so
7013ccbdd000-7013ccbdf000 r--p 0000b000 fc:00 49676376                   /mydata/openjdk-mmtk/build/b0test/images/jdk/lib/libnet.so
7013ccbdf000-7013ccbe0000 r--p 0000c000 fc:00 49676376                   /mydata/openjdk-mmtk/build/b0test/images/jdk/lib/libnet.so
7013ccbe0000-7013ccbe1000 rw-p 0000d000 fc:00 49676376                   /mydata/openjdk-mmtk/build/b0test/images/jdk/lib/libnet.so
7013ccbe1000-7013ccbe4000 r--p 00000000 08:03 1410420                    /usr/lib/x86_64-linux-gnu/libelf-0.190.so
7013ccbe4000-7013ccbfa000 r-xp 00003000 08:03 1410420                    /usr/lib/x86_64-linux-gnu/libelf-0.190.so
7013ccbfa000-7013ccbfe000 r--p 00019000 08:03 1410420                    /usr/lib/x86_64-linux-gnu/libelf-0.190.so
7013ccbfe000-7013ccbff000 r--p 0001c000 08:03 1410420                    /usr/lib/x86_64-linux-gnu/libelf-0.190.so
7013ccbff000-7013ccc00000 rw-p 0001d000 08:03 1410420                    /usr/lib/x86_64-linux-gnu/libelf-0.190.so
7013ccc00000-7013ccc28000 r--p 00000000 08:03 1410238                    /usr/lib/x86_64-linux-gnu/libc.so.6
7013ccc28000-7013ccdb0000 r-xp 00028000 08:03 1410238                    /usr/lib/x86_64-linux-gnu/libc.so.6
7013ccdb0000-7013ccdff000 r--p 001b0000 08:03 1410238                    /usr/lib/x86_64-linux-gnu/libc.so.6
7013ccdff000-7013cce03000 r--p 001fe000 08:03 1410238                    /usr/lib/x86_64-linux-gnu/libc.so.6
7013cce03000-7013cce05000 rw-p 00202000 08:03 1410238                    /usr/lib/x86_64-linux-gnu/libc.so.6
7013cce05000-7013cce12000 rw-p 00000000 00:00 0 
7013cce16000-7013cce18000 r--p 00000000 fc:00 49676410                   /mydata/openjdk-mmtk/build/b0test/images/jdk/lib/libmanagement.so
7013cce18000-7013cce19000 r-xp 00002000 fc:00 49676410                   /mydata/openjdk-mmtk/build/b0test/images/jdk/lib/libmanagement.so
7013cce19000-7013cce1a000 r--p 00003000 fc:00 49676410                   /mydata/openjdk-mmtk/build/b0test/images/jdk/lib/libmanagement.so
7013cce1a000-7013cce1b000 r--p 00003000 fc:00 49676410                   /mydata/openjdk-mmtk/build/b0test/images/jdk/lib/libmanagement.so
7013cce1b000-7013cce1c000 rw-p 00004000 fc:00 49676410                   /mydata/openjdk-mmtk/build/b0test/images/jdk/lib/libmanagement.so
7013cce1c000-7013cce23000 r--p 00000000 fc:00 49676377                   /mydata/openjdk-mmtk/build/b0test/images/jdk/lib/libnio.so
7013cce23000-7013cce2c000 r-xp 00007000 fc:00 49676377                   /mydata/openjdk-mmtk/build/b0test/images/jdk/lib/libnio.so
7013cce2c000-7013cce30000 r--p 00010000 fc:00 49676377                   /mydata/openjdk-mmtk/build/b0test/images/jdk/lib/libnio.so
7013cce30000-7013cce31000 r--p 00014000 fc:00 49676377                   /mydata/openjdk-mmtk/build/b0test/images/jdk/lib/libnio.so
7013cce31000-7013cce32000 rw-p 00015000 fc:00 49676377                   /mydata/openjdk-mmtk/build/b0test/images/jdk/lib/libnio.so
7013cce32000-7013cce39000 rw-p 00000000 00:00 0 
7013cce39000-7013cce42000 ---p 00000000 00:00 0 
7013cce42000-7013cce4f000 r--p 00000000 fc:00 49676369                   /mydata/openjdk-mmtk/build/b0test/images/jdk/lib/libjava.so
7013cce4f000-7013cce5e000 r-xp 0000d000 fc:00 49676369                   /mydata/openjdk-mmtk/build/b0test/images/jdk/lib/libjava.so
7013cce5e000-7013cce63000 r--p 0001c000 fc:00 49676369                   /mydata/openjdk-mmtk/build/b0test/images/jdk/lib/libjava.so
7013cce63000-7013cce64000 r--p 00021000 fc:00 49676369                   /mydata/openjdk-mmtk/build/b0test/images/jdk/lib/libjava.so
7013cce64000-7013cce65000 rw-p 00022000 fc:00 49676369                   /mydata/openjdk-mmtk/build/b0test/images/jdk/lib/libjava.so
7013cce65000-7013cce66000 rw-p 00000000 00:00 0 
7013cce66000-7013cce6e000 rw-s 00000000 08:03 237600                     /tmp/hsperfdata_root/438535
7013cce6e000-7013cce72000 r--p 00000000 fc:00 49676370                   /mydata/openjdk-mmtk/build/b0test/images/jdk/lib/libjimage.so
7013cce72000-7013cce89000 r-xp 00004000 fc:00 49676370                   /mydata/openjdk-mmtk/build/b0test/images/jdk/lib/libjimage.so
7013cce89000-7013cce8e000 r--p 0001b000 fc:00 49676370                   /mydata/openjdk-mmtk/build/b0test/images/jdk/lib/libjimage.so
7013cce8e000-7013cce90000 r--p 00020000 fc:00 49676370                   /mydata/openjdk-mmtk/build/b0test/images/jdk/lib/libjimage.so
7013cce90000-7013cce91000 rw-p 00022000 fc:00 49676370                   /mydata/openjdk-mmtk/build/b0test/images/jdk/lib/libjimage.so
7013cce91000-7013cce95000 r--p 00000000 08:03 1410148                    /usr/lib/x86_64-linux-gnu/libgcc_s.so.1
7013cce95000-7013cceb9000 r-xp 00004000 08:03 1410148                    /usr/lib/x86_64-linux-gnu/libgcc_s.so.1
7013cceb9000-7013ccebd000 r--p 00028000 08:03 1410148                    /usr/lib/x86_64-linux-gnu/libgcc_s.so.1
7013ccebd000-7013ccebe000 r--p 0002b000 08:03 1410148                    /usr/lib/x86_64-linux-gnu/libgcc_s.so.1
7013ccebe000-7013ccebf000 rw-p 0002c000 08:03 1410148                    /usr/lib/x86_64-linux-gnu/libgcc_s.so.1
7013ccebf000-7013ccecf000 r--p 00000000 08:03 1411099                    /usr/lib/x86_64-linux-gnu/libm.so.6
7013ccecf000-7013ccf4e000 r-xp 00010000 08:03 1411099                    /usr/lib/x86_64-linux-gnu/libm.so.6
7013ccf4e000-7013ccfa6000 r--p 0008f000 08:03 1411099                    /usr/lib/x86_64-linux-gnu/libm.so.6
7013ccfa6000-7013ccfa7000 r--p 000e7000 08:03 1411099                    /usr/lib/x86_64-linux-gnu/libm.so.6
7013ccfa7000-7013ccfa8000 rw-p 000e8000 08:03 1411099                    /usr/lib/x86_64-linux-gnu/libm.so.6
7013ccfa8000-7013ccfaa000 rw-p 00000000 00:00 0 
7013ccfaa000-7013ccfac000 r--p 00000000 08:03 1409104                    /usr/lib/x86_64-linux-gnu/libz.so.1.3
7013ccfac000-7013ccfbe000 r-xp 00002000 08:03 1409104                    /usr/lib/x86_64-linux-gnu/libz.so.1.3
7013ccfbe000-7013ccfc4000 r--p 00014000 08:03 1409104                    /usr/lib/x86_64-linux-gnu/libz.so.1.3
7013ccfc4000-7013ccfc5000 r--p 0001a000 08:03 1409104                    /usr/lib/x86_64-linux-gnu/libz.so.1.3
7013ccfc5000-7013ccfc6000 rw-p 0001b000 08:03 1409104                    /usr/lib/x86_64-linux-gnu/libz.so.1.3
7013ccfc7000-7013ccfc8000 r--s 00000000 fc:00 7871851                    /mydata/dacapo/dacapo-23.11/dacapo-23.11-MR2-chopin/dat/lusearch/index-default/_3.fdx
7013ccfc9000-7013ccfcb000 r--s 00000000 fc:00 7871853                    /mydata/dacapo/dacapo-23.11/dacapo-23.11-MR2-chopin/dat/lusearch/index-default/_3.nvd
7013ccfcb000-7013ccfcc000 rw-s 00000000 00:10 68                         anon_inode:bpf-map
7013ccfcc000-7013ccfcd000 r--s 00000000 00:10 68                         anon_inode:bpf-map
7013ccfcd000-7013ccfce000 ---p 00000000 00:00 0 
7013ccfce000-7013ccfcf000 r--p 00000000 00:00 0 
7013ccfcf000-7013ccfd0000 ---p 00000000 00:00 0 
7013ccfd0000-7013ccfd2000 r--p 00000000 fc:00 49676372                   /mydata/openjdk-mmtk/build/b0test/images/jdk/lib/libjli.so
7013ccfd2000-7013ccfdc000 r-xp 00002000 fc:00 49676372                   /mydata/openjdk-mmtk/build/b0test/images/jdk/lib/libjli.so
7013ccfdc000-7013ccfdf000 r--p 0000c000 fc:00 49676372                   /mydata/openjdk-mmtk/build/b0test/images/jdk/lib/libjli.so
7013ccfdf000-7013ccfe0000 r--p 0000f000 fc:00 49676372                   /mydata/openjdk-mmtk/build/b0test/images/jdk/lib/libjli.so
7013ccfe0000-7013ccfe1000 rw-p 00010000 fc:00 49676372                   /mydata/openjdk-mmtk/build/b0test/images/jdk/lib/libjli.so
7013ccfe1000-7013ccfe3000 rw-p 00000000 00:00 0 
7013ccfe3000-7013ccfe7000 r--p 00000000 00:00 0                          [vvar]
7013ccfe7000-7013ccfe9000 r--p 00000000 00:00 0                          [vvar_vclock]
7013ccfe9000-7013ccfeb000 r-xp 00000000 00:00 0                          [vdso]
7013ccfeb000-7013ccfec000 r--p 00000000 08:03 1409763                    /usr/lib/x86_64-linux-gnu/ld-linux-x86-64.so.2
7013ccfec000-7013cd017000 r-xp 00001000 08:03 1409763                    /usr/lib/x86_64-linux-gnu/ld-linux-x86-64.so.2
7013cd017000-7013cd021000 r--p 0002c000 08:03 1409763                    /usr/lib/x86_64-linux-gnu/ld-linux-x86-64.so.2
7013cd021000-7013cd023000 r--p 00036000 08:03 1409763                    /usr/lib/x86_64-linux-gnu/ld-linux-x86-64.so.2
7013cd023000-7013cd025000 rw-p 00038000 08:03 1409763                    /usr/lib/x86_64-linux-gnu/ld-linux-x86-64.so.2
7fff20522000-7fff20543000 rw-p 00000000 00:00 0                          [stack]
ffffffffff600000-ffffffffff601000 --xp 00000000 00:00 0                  [vsyscall]
Total number of mappings: 509

JVMTI agents: none


VM Arguments:
jvm_args: -XX:+UseThirdPartyHeap -Xms512m -Xmx512m 
java_command: /mydata/dacapo/dacapo-23.11/dacapo-23.11-MR2-chopin.jar lusearch -n 3
java_class_path (initial): /mydata/dacapo/dacapo-23.11/dacapo-23.11-MR2-chopin.jar
Launcher Type: SUN_STANDARD

[Global flags]
     intx CICompilerCount                          = 15                                        {product} {ergonomic}
   size_t InitialHeapSize                          = 536870912                                 {product} {command line}
   size_t MaxHeapSize                              = 536870912                                 {product} {command line}
   size_t MinHeapDeltaBytes                        = 524288                                    {product} {ergonomic}
   size_t MinHeapSize                              = 536870912                                 {product} {command line}
    uintx NonNMethodCodeHeapSize                   = 8192380                                {pd product} {ergonomic}
    uintx NonProfiledCodeHeapSize                  = 121732930                              {pd product} {ergonomic}
    uintx ProfiledCodeHeapSize                     = 121732930                              {pd product} {ergonomic}
    uintx ReservedCodeCacheSize                    = 251658240                              {pd product} {ergonomic}
     bool SegmentedCodeCache                       = true                                      {product} {ergonomic}
   size_t SoftMaxHeapSize                          = 536870912                              {manageable} {ergonomic}
     bool UseCompressedOops                        = true                           {product lp64_product} {ergonomic}

Logging:
Log output configuration:
 #0: stdout all=warning uptime,level,tags foldmultilines=false
 #1: stderr all=off uptime,level,tags foldmultilines=false

Release file:
IMPLEMENTOR="N/A"
JAVA_RUNTIME_VERSION="21.0.9-internal-adhoc.talzuss.openjdk-mmtk"
JAVA_VERSION="21.0.9"
JAVA_VERSION_DATE="2025-10-21"
LIBC="gnu"
MODULES="java.base java.compiler java.datatransfer java.xml java.prefs java.desktop java.instrument java.logging java.management java.security.sasl java.naming java.rmi java.management.rmi java.net.http java.scripting java.security.jgss java.transaction.xa java.sql java.sql.rowset java.xml.crypto java.se java.smartcardio jdk.accessibility jdk.internal.jvmstat jdk.attach jdk.charsets jdk.internal.opt jdk.zipfs jdk.compiler jdk.crypto.ec jdk.crypto.cryptoki jdk.dynalink jdk.internal.ed jdk.editpad jdk.hotspot.agent jdk.httpserver jdk.incubator.vector jdk.internal.le jdk.internal.vm.ci jdk.internal.vm.compiler jdk.internal.vm.compiler.management jdk.jartool jdk.javadoc jdk.jcmd jdk.management jdk.management.agent jdk.jconsole jdk.jdeps jdk.jdwp.agent jdk.jdi jdk.jfr jdk.jlink jdk.jpackage jdk.jshell jdk.jsobject jdk.jstatd jdk.localedata jdk.management.jfr jdk.naming.dns jdk.naming.rmi jdk.net jdk.nio.mapmode jdk.random jdk.sctp jdk.security.auth jdk.security.jgss jdk.unsupported jdk.unsupported.desktop jdk.xml.dom"
OS_ARCH="x86_64"
OS_NAME="Linux"
SOURCE=".:git:b557520f04b3+"

Environment Variables:
PATH=/usr/local/sbin:/usr/local/bin:/usr/sbin:/usr/bin:/sbin:/bin:/snap/bin
SHELL=/bin/bash
LANG=en_US.UTF-8
TERM=tmux-256color

Active Locale:
LC_ALL=en_US.UTF-8
LC_COLLATE=en_US.UTF-8
LC_CTYPE=en_US.UTF-8
LC_MESSAGES=en_US.UTF-8
LC_MONETARY=en_US.UTF-8
LC_NUMERIC=en_US.UTF-8
LC_TIME=en_US.UTF-8

Signal Handlers:
   SIGSEGV: crash_handler in libjvm.so, mask=11100100010111111101111111111110, flags=SA_RESTART|SA_SIGINFO, unblocked
    SIGBUS: crash_handler in libjvm.so, mask=11100100010111111101111111111110, flags=SA_RESTART|SA_SIGINFO, unblocked
    SIGFPE: crash_handler in libjvm.so, mask=11100100010111111101111111111110, flags=SA_RESTART|SA_SIGINFO, unblocked
   SIGPIPE: javaSignalHandler in libjvm.so, mask=11100100010111111101111111111110, flags=SA_RESTART|SA_SIGINFO, blocked
   SIGXFSZ: javaSignalHandler in libjvm.so, mask=11100100010111111101111111111110, flags=SA_RESTART|SA_SIGINFO, blocked
    SIGILL: crash_handler in libjvm.so, mask=11100100010111111101111111111110, flags=SA_RESTART|SA_SIGINFO, unblocked
   SIGUSR2: SR_handler in libjvm.so, mask=00000000000000000000000000000000, flags=SA_RESTART|SA_SIGINFO, blocked
    SIGHUP: UserHandler in libjvm.so, mask=11100100010111111101111111111110, flags=SA_RESTART|SA_SIGINFO, blocked
    SIGINT: UserHandler in libjvm.so, mask=11100100010111111101111111111110, flags=SA_RESTART|SA_SIGINFO, blocked
   SIGTERM: UserHandler in libjvm.so, mask=11100100010111111101111111111110, flags=SA_RESTART|SA_SIGINFO, blocked
   SIGQUIT: UserHandler in libjvm.so, mask=11100100010111111101111111111110, flags=SA_RESTART|SA_SIGINFO, blocked
   SIGTRAP: crash_handler in libjvm.so, mask=11100100010111111101111111111110, flags=SA_RESTART|SA_SIGINFO, unblocked


Periodic native trim disabled

---------------  S Y S T E M  ---------------

OS:
DISTRIB_ID=Ubuntu
DISTRIB_RELEASE=24.04
DISTRIB_CODENAME=noble
DISTRIB_DESCRIPTION="Ubuntu 24.04.4 LTS"
uname: Linux 6.17.0-bpf-fault+ #1 SMP PREEMPT_DYNAMIC Mon Jul  6 16:43:12 MDT 2026 x86_64
OS uptime: 1 days 2:35 hours
libc: glibc 2.39 NPTL 2.39 
rlimit (soft/hard): STACK 8192k/infinity , CORE 0k/0k , NPROC 513205/513205 , NOFILE 1048576/1048576 , AS infinity/infinity , CPU infinity/infinity , DATA infinity/infinity , FSIZE infinity/infinity , MEMLOCK 16436528k/16436528k
load average: 4.88 2.06 1.52

/proc/meminfo:
MemTotal:       131492232 kB
MemFree:        64938320 kB
MemAvailable:   112180996 kB
Buffers:          560900 kB
Cached:         45940048 kB
SwapCached:            0 kB
Active:          4358916 kB
Inactive:       45678028 kB
Active(anon):    3552428 kB
Inactive(anon):        0 kB
Active(file):     806488 kB
Inactive(file): 45678028 kB
Unevictable:       41912 kB
Mlocked:           38840 kB
SwapTotal:       8388604 kB
SwapFree:        8388604 kB
Zswap:                 0 kB
Zswapped:              0 kB
Dirty:              2060 kB
Writeback:             0 kB
AnonPages:       3579236 kB
Mapped:         12911896 kB
Shmem:              5316 kB
KReclaimable:    2009844 kB
Slab:            2551972 kB
SReclaimable:    2009844 kB
SUnreclaim:       542128 kB
KernelStack:       13072 kB
PageTables:        72628 kB
SecPageTables:      9380 kB
NFS_Unstable:          0 kB
Bounce:                0 kB
WritebackTmp:          0 kB
CommitLimit:    74134720 kB
Committed_AS:   165057708 kB
VmallocTotal:   34359738367 kB
VmallocUsed:       38940 kB
VmallocChunk:          0 kB
Percpu:            51072 kB
HardwareCorrupted:     0 kB
AnonHugePages:         0 kB
ShmemHugePages:        0 kB
ShmemPmdMapped:        0 kB
FileHugePages:   2177024 kB
FilePmdMapped:         0 kB
Unaccepted:            0 kB
Balloon:               0 kB
HugePages_Total:       0
HugePages_Free:        0
HugePages_Rsvd:        0
HugePages_Surp:        0
Hugepagesize:       2048 kB
Hugetlb:               0 kB
DirectMap4k:     1051456 kB
DirectMap2M:    29992960 kB
DirectMap1G:    102760448 kB

/sys/kernel/mm/transparent_hugepage/enabled: always [madvise] never
/sys/kernel/mm/transparent_hugepage/hpage_pmd_size: 2097152
/sys/kernel/mm/transparent_hugepage/defrag (defrag/compaction efforts parameter): always defer defer+madvise [madvise] never

Process Memory:
Virtual Size: 13620327692K (peak: 13620327692K)
Resident Set Size: 4182832K (peak: 4182832K) (anon: 1001420K, file: 3181412K, shmem: 0K)
Swapped out: 0K
C-Heap outstanding allocations: 1381088K, retained: 14307K
glibc malloc tunables: (default)

/proc/sys/kernel/threads-max (system-wide limit on the number of threads): 1026411
/proc/sys/vm/max_map_count (maximum number of memory map areas a process may have): 1048576
/proc/sys/vm/swappiness (control to define how aggressively the kernel swaps out anonymous memory): 60
/proc/sys/kernel/pid_max (system-wide limit on number of process identifiers): 4194304

container information not found.
Steal ticks since vm start: 0
Steal ticks percentage since vm start:  0.000

CPU: total 32 (initial active 32) (32 cores per cpu, 2 threads per core) family 23 model 49 stepping 0 microcode 0x830107c, cx8, cmov, fxsr, ht, mmx, 3dnowpref, sse, sse2, sse3, ssse3, sse4a, sse4.1, sse4.2, popcnt, lzcnt, tsc, tscinvbit, avx, avx2, aes, clmul, bmi1, bmi2, adx, sha, fma, vzeroupper, clflush, clflushopt, rdtscp, rdpid, f16c
CPU Model and flags from /proc/cpuinfo:
model name	: AMD EPYC 7302P 16-Core Processor
flags		: fpu vme de pse tsc msr pae mce cx8 apic sep mtrr pge mca cmov pat pse36 clflush mmx fxsr sse sse2 ht syscall nx mmxext fxsr_opt pdpe1gb rdtscp lm constant_tsc rep_good nopl xtopology nonstop_tsc cpuid extd_apicid aperfmperf rapl pni pclmulqdq monitor ssse3 fma cx16 sse4_1 sse4_2 movbe popcnt aes xsave avx f16c rdrand lahf_lm cmp_legacy svm extapic cr8_legacy abm sse4a misalignsse 3dnowprefetch osvw ibs skinit wdt tce topoext perfctr_core perfctr_nb bpext perfctr_llc mwaitx cpb cat_l3 cdp_l3 hw_pstate ssbd mba ibrs ibpb stibp vmmcall fsgsbase bmi1 avx2 smep bmi2 cqm rdt_a rdseed adx smap clflushopt clwb sha_ni xsaveopt xsavec xgetbv1 xsaves cqm_llc cqm_occup_llc cqm_mbm_total cqm_mbm_local clzero irperf xsaveerptr rdpru wbnoinvd amd_ppin arat npt lbrv svm_lock nrip_save tsc_scale vmcb_clean flushbyasid decodeassists pausefilter pfthreshold avic v_vmsave_vmload vgif v_spec_ctrl umip rdpid overflow_recov succor smca sev sev_es

Online cpus: 0-31
Offline cpus: 
BIOS frequency limitation: <Not Available>
Frequency switch latency (ns): <Not Available>
Available cpu frequencies: <Not Available>
Current governor: <Not Available>
Core performance/turbo boost: <Not Available>

Memory: 4k page, physical 131492232k(112180996k free), swap 8388604k(8388604k free)
Page Sizes: 4k

vm_info: OpenJDK 64-Bit Server VM (21.0.9-internal-adhoc.talzuss.openjdk-mmtk) for linux-amd64 JRE (21.0.9-internal-adhoc.talzuss.openjdk-mmtk), built on 2026-07-06T23:13:08Z by "talzuss" with gcc 13.3.0
heap_info: MMTk OpenJDK 0.32.0 (a3bb9ef-dirty), using MMTk 0.32.0 (3ecdf08-dirty, BUILTIN_ENV_LOGGER, DEFAULT, EAGER_SWEEPING, VO_BIT)@

END.
