#
# A fatal error has been detected by the Java Runtime Environment:
#
#  SIGSEGV (0xb) at pc=0x00007834c507763c, pid=416287, tid=416303
#
# JRE version: OpenJDK Runtime Environment (21.0.9) (build 21.0.9-internal-adhoc.talzuss.openjdk-mmtk)
# Java VM: OpenJDK 64-Bit Server VM (21.0.9-internal-adhoc.talzuss.openjdk-mmtk, mixed mode, sharing, tiered, compressed oops, compressed class ptrs, third-party gc, linux-amd64)
# Problematic frame:
# C  [libmmtk_openjdk.so+0x27763c]  mmtk::plan::tracing::SlotIterator$LT$VM$GT$::iterate_fields::hbed5683148b475e0+0x2c
#
# No core dump will be written. Core dumps have been disabled. To enable core dumping, try "ulimit -c unlimited" before starting Java again
#
# If you would like to submit a bug report, please visit:
#   https://bugreport.java.com/bugreport/crash.jsp
#

---------------  S U M M A R Y ------------

Command Line: -XX:+UseThirdPartyHeap -Xms512m -Xmx512m /mydata/dacapo/dacapo-23.11/dacapo-23.11-MR2-chopin.jar lusearch -n 3

Host: AMD EPYC 7302P 16-Core Processor, 32 cores, 125G, Ubuntu 24.04.4 LTS
Time: Tue Jul  7 18:09:45 2026 MDT elapsed time: 5.228108 seconds (0d 0h 0m 5s)

---------------  T H R E A D  ---------------

Current thread (0x00007834c0535660):  NamedThread "MMTk Collector Thread" [id=416303, stack(0x00006b87d06fa000,0x00006b87d07fa000) (1024K)]

Stack: [0x00006b87d06fa000,0x00006b87d07fa000],  sp=0x00006b87d07f8860,  free space=1018k
Native frames: (J=compiled Java code, j=interpreted, Vv=VM code, C=native code)
C  [libmmtk_openjdk.so+0x27763c]  mmtk::plan::tracing::SlotIterator$LT$VM$GT$::iterate_fields::hbed5683148b475e0+0x2c

siginfo: si_signo: 11 (SIGSEGV), si_code: 2 (SEGV_ACCERR), si_addr: 0x00006b87bd3a323d

Registers:
RAX=0x00000000323a3231, RBX=0x00006b87d07f8930, RCX=0x0000000000000000, RDX=0x00006b878b000000
RSP=0x00006b87d07f8860, RBP=0x00006b874800e170, RSI=0x00006b87bd3a3231, RDI=0x0000000046856ff8
R8 =0x00006b87480008e0, R9 =0x0000000000001000, R10=0x00006b8748000030, R11=0x50b048ebcc076923
R12=0x00006b87d07f8930, R13=0x00007834c520e5a8, R14=0x0000000046856ff8, R15=0x0000000000000000
RIP=0x00007834c507763c, EFLAGS=0x0000000000010206, CSGSFS=0x002b000000000033, ERR=0x0000000000000004
  TRAPNO=0x000000000000000e

XMM[0]=0x0000000000000000 0x0000000000000000
XMM[1]=0x0000000000000000 0x00006b8748000090
XMM[2]=0x170a10764effffff 0xffffff21480d3003
XMM[3]=0x0000000000000000 0x000000000000ff00
XMM[4]=0x0000000000000000 0x00006b8748000090
XMM[5]=0x00000000400b71e0 0x00000000400b71c8
XMM[6]=0x00000000400b70f0 0x00000000400b70d0
XMM[7]=0x00000000400b7050 0x00000000400b7010
XMM[8]=0x0000000028747570 0x000000006e497865
XMM[9]=0x0000000000000000 0x0000000000000000
XMM[10]=0x3f3f3f3f3f3f3f3f 0x3f3f3f3f3f3f3f3f
XMM[11]=0x9999999999999999 0x9999999999999999
XMM[12]=0x2020202020202020 0x2020202020202020
XMM[13]=0x0000000000000000 0x0000000000000000
XMM[14]=0x0000000000000000 0x0000000000000000
XMM[15]=0x0000000000000000 0x0000000000000000
  MXCSR=0x00001fa2


Register to memory mapping:

RAX=
[error occurred during error reporting (printing register info), id 0xe0000000, Internal Error (/mydata/mmtk-openjdk/openjdk/share/mmtkHeap.cpp:444)]
RBX=
[error occurred during error reporting (printing register info, attempt 2), id 0xe0000000, Internal Error (/mydata/mmtk-openjdk/openjdk/share/mmtkHeap.cpp:444)]
RCX=0x0 is null
RDX=
[error occurred during error reporting (printing register info, attempt 3), id 0xe0000000, Internal Error (/mydata/mmtk-openjdk/openjdk/share/mmtkHeap.cpp:444)]
Top of Stack: (sp=0x00006b87d07f8860)
0x00006b87d07f8860:   0000000000000000 00006b874800e170
0x00006b87d07f8870:   0000000000002000 0000000000000200
0x00006b87d07f8880:   0000000000d0b000 00007834c50e453a
0x00006b87d07f8890:   0000000000000008 04006b87d07f8990
0x00006b87d07f88a0:   00006b87d07f8990 0000000046857ff8
0x00006b87d07f88b0:   00007834c51e0158 00006b87d07f88a8
0x00006b87d07f88c0:   00006b87d07f889f 00006b87d07f8a20
0x00006b87d07f88d0:   00006b87d07f8930 00007834c520e5a8
0x00006b87d07f88e0:   0000000000001008 0000000000000000
0x00006b87d07f88f0:   00006b874800e170 00007834c50f29e7
0x00006b87d07f8900:   00007834c03ddf70 0000000000000400
0x00006b87d07f8910:   0000000046856ff8 00006b874400eb20
0x00006b87d07f8920:   00000000415c413c 00006b874800c8d8
0x00006b87d07f8930:   00007834c520e5a8 00006b87d07f8a70
0x00006b87d07f8940:   00006b87d07f8978 00006b87d07f8a38
0x00006b87d07f8950:   00006b87d07f8a68 00006b87d07f8977
0x00006b87d07f8960:   00006b87d07f8a00 00006b87d07f8a20
0x00006b87d07f8970:   00007834c052ab10 0000200006857000
0x00006b87d07f8980:   0000000000000000 0000000000000001
0x00006b87d07f8990:   0000000000000400 00006b874800e170
0x00006b87d07f89a0:   0000000000000201 0000000000000036
0x00006b87d07f89b0:   0000000000000001 00007834c51d0900
0x00006b87d07f89c0:   0000000000000000 8000000000000000
0x00006b87d07f89d0:   8000000000000000 0000000000000004
0x00006b87d07f89e0:   00007834c006d200 00007834c052a9b0
0x00006b87d07f89f0:   8000000000000000 00007834c5095bc3
0x00006b87d07f8a00:   0000000000000800 00006b8748009e00
0x00006b87d07f8a10:   0000000000000641 00006b874800d008
0x00006b87d07f8a20:   0000000000010000 00006b8748012500
0x00006b87d07f8a30:   000000000000f7df 0000000046857000
0x00006b87d07f8a40:   00007834c006d200 00007834c0070800
0x00006b87d07f8a50:   00007834c0070500 00007834c0070200 

Instructions: (pc=0x00007834c507763c)
0x00007834c507753c:   de 16 00 48 8d 54 24 08 31 f6 e8 65 04 15 00 e9
0x00007834c507754c:   ef fd ff ff 48 89 e0 48 89 44 24 38 48 8d 44 24
0x00007834c507755c:   38 48 89 44 24 08 48 8d 3d 23 75 19 00 48 8d 0d
0x00007834c507756c:   e8 41 16 00 4c 8d 05 49 de 16 00 48 8d 54 24 08
0x00007834c507757c:   31 f6 e8 2d 04 15 00 48 63 05 fe 74 19 00 4d 63
0x00007834c507758c:   34 06 4d 85 f6 0f 85 db fd ff ff e9 f9 fd ff ff
0x00007834c507759c:   48 89 e0 48 89 44 24 38 48 8d 44 24 38 48 89 44
0x00007834c50775ac:   24 08 48 8d 3d b3 74 19 00 48 8d 0d c4 41 16 00
0x00007834c50775bc:   4c 8d 05 fd dd 16 00 48 8d 54 24 08 31 f6 e8 e1
0x00007834c50775cc:   03 15 00 e9 c3 fc ff ff 48 8d 05 cd 41 16 00 48
0x00007834c50775dc:   89 44 24 08 48 c7 44 24 10 01 00 00 00 48 c7 44
0x00007834c50775ec:   24 18 08 00 00 00 0f 57 c0 0f 11 44 24 20 48 8d
0x00007834c50775fc:   35 b7 41 16 00 48 8d 7c 24 08 e8 25 e3 f1 ff cc
0x00007834c507760c:   cc cc cc cc 55 41 57 41 56 41 55 41 54 53 48 83
0x00007834c507761c:   ec 68 48 89 f3 49 89 fe 8b 47 08 48 8b 15 ea 87
0x00007834c507762c:   19 00 48 8b 0d eb 87 19 00 48 d3 e0 48 8d 34 10
0x00007834c507763c:   8b 44 10 0c 48 8d 0d 2d 44 e0 ff 48 63 04 81 48
0x00007834c507764c:   01 c8 ff e0 48 63 86 28 01 00 00 48 85 c0 0f 84
0x00007834c507765c:   05 03 00 00 48 63 8e ac 00 00 00 48 8d 0c ce 48
0x00007834c507766c:   63 96 2c 01 00 00 48 8d 34 d1 4c 8d 24 d1 49 81
0x00007834c507767c:   c4 d8 01 00 00 4c 8d 2c c6 49 81 c5 d8 01 00 00
0x00007834c507768c:   eb 0f 66 90 49 83 c4 08 4d 39 ec 0f 84 c8 02 00
0x00007834c507769c:   00 41 8b 6c 24 04 48 85 ed 74 e9 4d 63 3c 24 4d
0x00007834c50776ac:   01 f7 66 90 48 89 df 4c 89 fe e8 f5 45 08 00 49
0x00007834c50776bc:   83 c7 04 48 ff cd 75 ec eb ca 4d 63 7e 0c 4d 85
0x00007834c50776cc:   ff 0f 84 92 02 00 00 49 83 c6 10 49 c1 e7 02 0f
0x00007834c50776dc:   1f 44 00 00 48 89 df 4c 89 f6 e8 c5 45 08 00 49
0x00007834c50776ec:   83 c6 04 49 83 c7 fc 75 eb e9 6b 02 00 00 48 63
0x00007834c50776fc:   86 28 01 00 00 48 85 c0 0f 84 5b 02 00 00 48 63
0x00007834c507770c:   8e ac 00 00 00 48 8d 0c ce 48 63 96 2c 01 00 00
0x00007834c507771c:   48 8d 34 d1 4c 8d 24 d1 49 81 c4 d8 01 00 00 4c
0x00007834c507772c:   8d 2c c6 49 81 c5 d8 01 00 00 eb 15 0f 1f 84 00 


Stack slot to memory mapping:

stack at sp + 0 slots: 0x0 is null
stack at sp + 1 slots: 
[error occurred during error reporting (inspecting top of stack), id 0xe0000000, Internal Error (/mydata/mmtk-openjdk/openjdk/share/mmtkHeap.cpp:444)]
stack at sp + 2 slots: 
[error occurred during error reporting (inspecting top of stack, attempt 2), id 0xe0000000, Internal Error (/mydata/mmtk-openjdk/openjdk/share/mmtkHeap.cpp:444)]
stack at sp + 3 slots: 
[error occurred during error reporting (inspecting top of stack, attempt 3), id 0xe0000000, Internal Error (/mydata/mmtk-openjdk/openjdk/share/mmtkHeap.cpp:444)]

---------------  P R O C E S S  ---------------

Threads class SMR info:
_java_thread_list=0x00006b8650003a40, length=56, elements={
0x00007834c002b240, 0x00007834c0524f20, 0x00007834c05267b0, 0x00007834c05282c0,
0x00007834c0546af0, 0x00007834c0548440, 0x00007834c0549d00, 0x00007834c054bb40,
0x00007834c0555510, 0x00007834c05a4590, 0x00007834c05a7590, 0x00006b87000da140,
0x00006b87040a7980, 0x00006b87040add30, 0x00006b87040aeba0, 0x00006b87040afb00,
0x00007834c07d8ea0, 0x00007834c07da0c0, 0x00007834c07db010, 0x00007834c07dc3a0,
0x00007834c07dd8f0, 0x00007834c07ded90, 0x00007834c07e0230, 0x00007834c07e17a0,
0x00007834c07e2d10, 0x00007834c07e41c0, 0x00007834c07e5670, 0x00007834c07e6c00,
0x00007834c07e8190, 0x00007834c07e9640, 0x00007834c07eaaf0, 0x00007834c07ebfa0,
0x00007834c07ed450, 0x00007834c07eec90, 0x00007834c07f0250, 0x00007834c07f1820,
0x00007834c07f2df0, 0x00007834c07f4290, 0x00007834c07f5870, 0x00007834c07f6e60,
0x00007834c07f8450, 0x00007834c07f9a50, 0x00007834c07fb440, 0x00007834c07fca50,
0x00007834c07fe060, 0x00007834c07ff680, 0x00007834c08012b0, 0x00007834c0802900,
0x00006b86fc075cc0, 0x00006b86e80bdbb0, 0x00006b86e8192a40, 0x00006b86ec078c50,
0x00006b86e00fedf0, 0x00006b86ec07a7f0, 0x00006b86e81949a0, 0x00006b8650002560
}

Java Threads: ( => current thread )
  0x00007834c002b240 JavaThread "main"                              [_thread_blocked, id=416288, stack(0x00007834c5300000,0x00007834c5400000) (1024K)]
  0x00007834c0524f20 JavaThread "Reference Handler"          daemon [_thread_blocked, id=416292, stack(0x00007834886ff000,0x00007834887ff000) (1024K)]
  0x00007834c05267b0 JavaThread "Finalizer"                  daemon [_thread_blocked, id=416293, stack(0x00007834885ff000,0x00007834886ff000) (1024K)]
  0x00007834c05282c0 JavaThread "MMTk Finalizer Thread"      daemon [_thread_blocked, id=416294, stack(0x00007834884ff000,0x00007834885ff000) (1024K)]
  0x00007834c0546af0 JavaThread "Signal Dispatcher"          daemon [_thread_blocked, id=416318, stack(0x00006b878a6f8000,0x00006b878a7f8000) (1024K)]
  0x00007834c0548440 JavaThread "Service Thread"             daemon [_thread_blocked, id=416319, stack(0x00006b878a5f8000,0x00006b878a6f8000) (1024K)]
  0x00007834c0549d00 JavaThread "Monitor Deflation Thread"   daemon [_thread_blocked, id=416320, stack(0x00006b878a4f8000,0x00006b878a5f8000) (1024K)]
  0x00007834c054bb40 JavaThread "C2 CompilerThread0"         daemon [_thread_in_native, id=416321, stack(0x00006b878a3f8000,0x00006b878a4f8000) (1024K)]
  0x00007834c0555510 JavaThread "C1 CompilerThread0"         daemon [_thread_blocked, id=416322, stack(0x00006b878a2f8000,0x00006b878a3f8000) (1024K)]
  0x00007834c05a4590 JavaThread "Notification Thread"        daemon [_thread_blocked, id=416325, stack(0x00006b8789ff8000,0x00006b878a0f8000) (1024K)]
  0x00007834c05a7590 JavaThread "Common-Cleaner"             daemon [_thread_blocked, id=416326, stack(0x00006b8789ef8000,0x00006b8789ff8000) (1024K)]
  0x00006b87000da140 JavaThread "C2 CompilerThread1"         daemon [_thread_in_native, id=416332, stack(0x00006b878a1f8000,0x00006b878a2f8000) (1024K)]
  0x00006b87040a7980 JavaThread "C1 CompilerThread1"         daemon [_thread_blocked, id=416333, stack(0x00006b878a0f8000,0x00006b878a1f8000) (1024K)]
  0x00006b87040add30 JavaThread "C1 CompilerThread2"         daemon [_thread_blocked, id=416334, stack(0x00006b8789cf8000,0x00006b8789df8000) (1024K)]
  0x00006b87040aeba0 JavaThread "C1 CompilerThread3"         daemon [_thread_blocked, id=416335, stack(0x00006b8789bf8000,0x00006b8789cf8000) (1024K)]
  0x00006b87040afb00 JavaThread "C1 CompilerThread4"         daemon [_thread_blocked, id=416336, stack(0x00006b8789df8000,0x00006b8789ef8000) (1024K)]
  0x00007834c07d8ea0 JavaThread "Query0"                            [_thread_blocked, id=416337, stack(0x00006b8789af8000,0x00006b8789bf8000) (1024K)]
  0x00007834c07da0c0 JavaThread "Query1"                            [_thread_blocked, id=416338, stack(0x00006b87899f8000,0x00006b8789af8000) (1024K)]
  0x00007834c07db010 JavaThread "Query2"                            [_thread_blocked, id=416339, stack(0x00006b87898f8000,0x00006b87899f8000) (1024K)]
  0x00007834c07dc3a0 JavaThread "Query3"                            [_thread_blocked, id=416340, stack(0x00006b8789300000,0x00006b8789400000) (1024K)]
  0x00007834c07dd8f0 JavaThread "Query4"                            [_thread_blocked, id=416341, stack(0x00006b8788d00000,0x00006b8788e00000) (1024K)]
  0x00007834c07ded90 JavaThread "Query5"                            [_thread_blocked, id=416342, stack(0x00006b8788c00000,0x00006b8788d00000) (1024K)]
  0x00007834c07e0230 JavaThread "Query6"                            [_thread_blocked, id=416343, stack(0x00006b8788b00000,0x00006b8788c00000) (1024K)]
  0x00007834c07e17a0 JavaThread "Query7"                            [_thread_blocked, id=416344, stack(0x00006b8788a00000,0x00006b8788b00000) (1024K)]
  0x00007834c07e2d10 JavaThread "Query8"                            [_thread_blocked, id=416345, stack(0x00006b8788900000,0x00006b8788a00000) (1024K)]
  0x00007834c07e41c0 JavaThread "Query9"                            [_thread_blocked, id=416346, stack(0x00006b8788800000,0x00006b8788900000) (1024K)]
  0x00007834c07e5670 JavaThread "Query10"                           [_thread_blocked, id=416347, stack(0x00006b8788700000,0x00006b8788800000) (1024K)]
  0x00007834c07e6c00 JavaThread "Query11"                           [_thread_blocked, id=416348, stack(0x00006b8788600000,0x00006b8788700000) (1024K)]
  0x00007834c07e8190 JavaThread "Query12"                           [_thread_blocked, id=416349, stack(0x00006b8788500000,0x00006b8788600000) (1024K)]
  0x00007834c07e9640 JavaThread "Query13"                           [_thread_blocked, id=416350, stack(0x00006b8788400000,0x00006b8788500000) (1024K)]
  0x00007834c07eaaf0 JavaThread "Query14"                           [_thread_blocked, id=416351, stack(0x00006b8788300000,0x00006b8788400000) (1024K)]
  0x00007834c07ebfa0 JavaThread "Query15"                           [_thread_blocked, id=416352, stack(0x00006b8788200000,0x00006b8788300000) (1024K)]
  0x00007834c07ed450 JavaThread "Query16"                           [_thread_blocked, id=416353, stack(0x00006b8788100000,0x00006b8788200000) (1024K)]
  0x00007834c07eec90 JavaThread "Query17"                           [_thread_blocked, id=416354, stack(0x00006b8788000000,0x00006b8788100000) (1024K)]
  0x00007834c07f0250 JavaThread "Query18"                           [_thread_blocked, id=416355, stack(0x00006b869ff00000,0x00006b86a0000000) (1024K)]
  0x00007834c07f1820 JavaThread "Query19"                           [_thread_blocked, id=416356, stack(0x00006b869fe00000,0x00006b869ff00000) (1024K)]
  0x00007834c07f2df0 JavaThread "Query20"                           [_thread_blocked, id=416357, stack(0x00006b869fd00000,0x00006b869fe00000) (1024K)]
  0x00007834c07f4290 JavaThread "Query21"                           [_thread_blocked, id=416358, stack(0x00006b869fc00000,0x00006b869fd00000) (1024K)]
  0x00007834c07f5870 JavaThread "Query22"                           [_thread_blocked, id=416359, stack(0x00006b869fb00000,0x00006b869fc00000) (1024K)]
  0x00007834c07f6e60 JavaThread "Query23"                           [_thread_blocked, id=416360, stack(0x00006b869fa00000,0x00006b869fb00000) (1024K)]
  0x00007834c07f8450 JavaThread "Query24"                           [_thread_blocked, id=416361, stack(0x00006b869f900000,0x00006b869fa00000) (1024K)]
  0x00007834c07f9a50 JavaThread "Query25"                           [_thread_blocked, id=416362, stack(0x00006b869f800000,0x00006b869f900000) (1024K)]
  0x00007834c07fb440 JavaThread "Query26"                           [_thread_blocked, id=416363, stack(0x00006b869f700000,0x00006b869f800000) (1024K)]
  0x00007834c07fca50 JavaThread "Query27"                           [_thread_blocked, id=416364, stack(0x00006b869f600000,0x00006b869f700000) (1024K)]
  0x00007834c07fe060 JavaThread "Query28"                           [_thread_blocked, id=416365, stack(0x00006b869f500000,0x00006b869f600000) (1024K)]
  0x00007834c07ff680 JavaThread "Query29"                           [_thread_blocked, id=416366, stack(0x00006b869f400000,0x00006b869f500000) (1024K)]
  0x00007834c08012b0 JavaThread "Query30"                           [_thread_blocked, id=416367, stack(0x00006b869f300000,0x00006b869f400000) (1024K)]
  0x00007834c0802900 JavaThread "Query31"                           [_thread_blocked, id=416368, stack(0x00006b869f200000,0x00006b869f300000) (1024K)]
  0x00006b86fc075cc0 JavaThread "C2 CompilerThread2"         daemon [_thread_blocked, id=416369, stack(0x00006b869f100000,0x00006b869f200000) (1024K)]
  0x00006b86e80bdbb0 JavaThread "C2 CompilerThread3"         daemon [_thread_blocked, id=416370, stack(0x00006b869f000000,0x00006b869f100000) (1024K)]
  0x00006b86e8192a40 JavaThread "C2 CompilerThread4"         daemon [_thread_blocked, id=416372, stack(0x00006b869ef00000,0x00006b869f000000) (1024K)]
  0x00006b86ec078c50 JavaThread "C2 CompilerThread5"         daemon [_thread_blocked, id=416373, stack(0x00006b869ee00000,0x00006b869ef00000) (1024K)]
  0x00006b86e00fedf0 JavaThread "C2 CompilerThread6"         daemon [_thread_blocked, id=416374, stack(0x00006b869ed00000,0x00006b869ee00000) (1024K)]
  0x00006b86ec07a7f0 JavaThread "C2 CompilerThread7"         daemon [_thread_blocked, id=416375, stack(0x00006b869ec00000,0x00006b869ed00000) (1024K)]
  0x00006b86e81949a0 JavaThread "C2 CompilerThread8"         daemon [_thread_blocked, id=416376, stack(0x00006b869eb00000,0x00006b869ec00000) (1024K)]
  0x00006b8650002560 JavaThread "C2 CompilerThread9"         daemon [_thread_in_native, id=416377, stack(0x00006b869ea00000,0x00006b869eb00000) (1024K)]
Total: 56

Other Threads:
  0x00007834c0519a70 VMThread "VM Thread"                           [id=416291, stack(0x00007834c4043000,0x00007834c4143000) (1024K)]
  0x00007834c05076c0 WatcherThread "VM Periodic Task Thread"        [id=416290, stack(0x00007834c4144000,0x00007834c4244000) (1024K)]

=>0x00007834c0535660 (exited) NamedThread "MMTk Collector Thread"   [id=416303, stack(0x00006b87d06fa000,0x00006b87d07fa000) (1024K)]
Total: 3

Threads with active compile tasks:
C2 CompilerThread0  5231 3002   !   4       org.apache.lucene.search.IndexSearcher::search (317 bytes)
C2 CompilerThread1  5231 3054       4       org.apache.lucene.codecs.lucene90.blocktree.SegmentTermsEnum::impacts (57 bytes)
C2 CompilerThread2  5231 2997       4       org.apache.lucene.search.IndexSearcher::search (45 bytes)
C2 CompilerThread3  5231 3007       4       org.apache.lucene.search.IndexSearcher::searchAfter (78 bytes)
C2 CompilerThread4  5231 2961       4       org.apache.lucene.search.IndexSearcher::search (37 bytes)
C2 CompilerThread5  5231 2783       4       org.apache.lucene.util.ArrayUtil::growNoCopy (40 bytes)
C2 CompilerThread6  5231 2970       4       org.apache.lucene.queryparser.classic.QueryParser::jj_3R_MultiTerm_383_3_3 (104 bytes)
C2 CompilerThread7  5231 3004       4       org.apache.lucene.search.IndexSearcher::search (8 bytes)
C2 CompilerThread8  5231 2962   !   4       org.apache.lucene.queryparser.classic.QueryParser::jj_2_1 (61 bytes)
C2 CompilerThread9  5231 2813       4       org.dacapo.lusearch.Search$QueryProcessor::doPagingSearch (259 bytes)
Total: 10

VM state: at safepoint (normal execution)

VM Mutex/Monitor currently owned by a thread:  ([mutex/lock_event])
[0x00007834c69580d0] Threads_lock - owner thread: 0x00007834c0519a70
[0x00007834c6957fd0] Heap_lock - owner thread: 0x00007834c03e2eb0

Heap address: 0x0000000040000000, size: 3072 MB, Compressed Oops mode: 32-bit

CDS archive(s) mapped at: [0x00006b878b000000-0x00006b878bca3000-0x00006b878bca3000), size 13250560, SharedBaseAddress: 0x00006b878b000000, ArchiveRelocationMode: 1.
Compressed class space mapped at: 0x00006b878c000000-0x00006b87cc000000, reserved size: 1073741824
Narrow klass base: 0x00006b878b000000, Narrow klass shift: 0, Narrow klass range: 0x100000000

GC Precious Log:
<Empty>

Heap:

[error occurred during error reporting (printing heap information), id 0xe0000000, Internal Error (/mydata/mmtk-openjdk/openjdk/share/mmtkHeap.cpp:424)]
Metaspace:

Usage:
  Non-class:      8.68 MB used.
      Class:      1.27 MB used.
       Both:      9.94 MB used.

Virtual space:
  Non-class space:       64.00 MB reserved,       9.31 MB ( 15%) committed,  1 nodes.
      Class space:        1.00 GB reserved,       1.75 MB ( <1%) committed,  1 nodes.
             Both:        1.06 GB reserved,      11.06 MB (  1%) committed. 

Chunk freelists:
   Non-Class:  6.23 MB
       Class:  14.14 MB
        Both:  20.37 MB

MaxMetaspaceSize: unlimited
CompressedClassSpaceSize: 1.00 GB
Initial GC threshold: 21.00 MB
Current GC threshold: 21.00 MB
CDS: on
 - commit_granule_bytes: 65536.
 - commit_granule_words: 8192.
 - virtual_space_node_default_size: 8388608.
 - enlarge_chunks_in_place: 1.
 - use_allocation_guard: 0.


Internal statistics:

num_allocs_failed_limit: 0.
num_arena_births: 1716.
num_arena_deaths: 0.
num_vsnodes_births: 2.
num_vsnodes_deaths: 0.
num_space_committed: 177.
num_space_uncommitted: 0.
num_chunks_returned_to_freelist: 0.
num_chunks_taken_from_freelist: 2650.
num_chunk_merges: 0.
num_chunk_splits: 1423.
num_chunks_enlarged: 251.
num_inconsistent_stats: 0.

CodeHeap 'non-profiled nmethods': size=118880Kb used=2216Kb max_used=2216Kb free=116663Kb
 bounds [0x00007834b03e8000, 0x00007834b0658000, 0x00007834b7800000]
CodeHeap 'profiled nmethods': size=118876Kb used=5463Kb max_used=5463Kb free=113412Kb
 bounds [0x00007834a8800000, 0x00007834a8d60000, 0x00007834afc17000]
CodeHeap 'non-nmethods': size=8004Kb used=3482Kb max_used=3580Kb free=4521Kb
 bounds [0x00007834afc17000, 0x00007834affa7000, 0x00007834b03e8000]
CodeCache: size=245760Kb, used=11161Kb, max_used=11259Kb, free=234596Kb
 total_blobs=3607, nmethods=3092, adapters=415, full_count=0
Compilation: enabled, stopped_count=0, restarted_count=0

Compilation events (20 events):
Event: 5.198 Thread 0x00006b86ec07a7f0 nmethod 3015 0x00007834b0608790 code [0x00007834b0608920, 0x00007834b06089e8]
Event: 5.198 Thread 0x00006b86ec07a7f0 3098       4       org.apache.lucene.codecs.lucene90.blocktree.CompressionAlgorithm$1::read (8 bytes)
Event: 5.198 Thread 0x00006b86e00fedf0 nmethod 2993 0x00007834b0608b10 code [0x00007834b0608ca0, 0x00007834b0608e40]
Event: 5.198 Thread 0x00006b86e00fedf0 2991       4       org.dacapo.harness.LatencyReporter::start (9 bytes)
Event: 5.204 Thread 0x00006b86e00fedf0 nmethod 2991 0x00007834b0609010 code [0x00007834b06091e0, 0x00007834b06094d8]
Event: 5.218 Thread 0x00006b86e00fedf0 3133       4       java.util.Arrays::fill (21 bytes)
Event: 5.219 Thread 0x00006b86e81949a0 nmethod 3046 0x00007834b0609790 code [0x00007834b0609b40, 0x00007834b060bf80]
Event: 5.219 Thread 0x00006b86ec07a7f0 nmethod 3098 0x00007834b060cf90 code [0x00007834b060d180, 0x00007834b060d670]
Event: 5.219 Thread 0x00006b86ec07a7f0 3004       4       org.apache.lucene.search.IndexSearcher::search (8 bytes)
Event: 5.219 Thread 0x00006b86e81949a0 2995       4       org.dacapo.harness.LatencyReporter::end (9 bytes)
Event: 5.220 Thread 0x00006b86ec078c50 nmethod 3032 0x00007834b060dd90 code [0x00007834b060e0c0, 0x00007834b060fda0]
Event: 5.220 Thread 0x00006b86ec078c50 2996       4       org.apache.lucene.queryparser.classic.QueryParser::Modifiers (167 bytes)
Event: 5.220 Thread 0x00006b86e81949a0 nmethod 2995 0x00007834b0611010 code [0x00007834b06111a0, 0x00007834b0611300]
Event: 5.220 Thread 0x00006b86e81949a0 2962   !   4       org.apache.lucene.queryparser.classic.QueryParser::jj_2_1 (61 bytes)
Event: 5.220 Thread 0x00006b86e00fedf0 nmethod 3133 0x00007834b0611490 code [0x00007834b0611600, 0x00007834b0611730]
Event: 5.220 Thread 0x00006b86e00fedf0 2970       4       org.apache.lucene.queryparser.classic.QueryParser::jj_3R_MultiTerm_383_3_3 (104 bytes)
Event: 5.221 Thread 0x00006b86ec078c50 nmethod 2996 0x00007834b0611810 code [0x00007834b06119a0, 0x00007834b0611ab8]
Event: 5.221 Thread 0x00006b86ec078c50 2980       4       java.util.ArrayList::<init> (61 bytes)
Event: 5.222 Thread 0x00006b86ec078c50 nmethod 2980 0x00007834b0611c10 code [0x00007834b0611da0, 0x00007834b0611fa8]
Event: 5.222 Thread 0x00006b86ec078c50 2783       4       org.apache.lucene.util.ArrayUtil::growNoCopy (40 bytes)

GC Heap History (0 events):
No events

Dll operation events (8 events):
Event: 0.001 Loaded shared library /mydata/openjdk-mmtk/build/b0test/images/jdk/lib/libjava.so
Event: 2.205 Loaded shared library /mydata/openjdk-mmtk/build/b0test/images/jdk/lib/libjsvml.so
Event: 2.218 Loaded shared library /mydata/openjdk-mmtk/build/b0test/images/jdk/lib/libnio.so
Event: 2.222 Loaded shared library /mydata/openjdk-mmtk/build/b0test/images/jdk/lib/libzip.so
Event: 2.235 Loaded shared library /mydata/openjdk-mmtk/build/b0test/images/jdk/lib/libjimage.so
Event: 2.261 Loaded shared library /mydata/openjdk-mmtk/build/b0test/images/jdk/lib/libnet.so
Event: 4.156 Loaded shared library /mydata/openjdk-mmtk/build/b0test/images/jdk/lib/libmanagement.so
Event: 4.157 Loaded shared library /mydata/openjdk-mmtk/build/b0test/images/jdk/lib/libmanagement_ext.so

Deoptimization events (20 events):
Event: 4.937 Thread 0x00007834c07f8450 DEOPT PACKING pc=0x00007834a8d3aed1 sp=0x00006b869f9fe610
Event: 4.937 Thread 0x00007834c07f8450 DEOPT UNPACKING pc=0x00007834afc6ab2f sp=0x00006b869f9fdbb0 mode 0
Event: 4.986 Thread 0x00007834c07e5670 DEOPT PACKING pc=0x00007834a8d3aed1 sp=0x00006b87887fe550
Event: 4.986 Thread 0x00007834c07e5670 DEOPT UNPACKING pc=0x00007834afc6ab2f sp=0x00006b87887fdaf0 mode 0
Event: 4.989 Thread 0x00007834c07dc3a0 DEOPT PACKING pc=0x00007834a8d3aed1 sp=0x00006b87893fe550
Event: 4.989 Thread 0x00007834c07dc3a0 DEOPT UNPACKING pc=0x00007834afc6ab2f sp=0x00006b87893fdaf0 mode 0
Event: 4.990 Thread 0x00007834c07eaaf0 Uncommon trap: trap_request=0xffffff45 fr.pc=0x00007834b05195d0 relative=0x0000000000000290
Event: 4.990 Thread 0x00007834c07eaaf0 Uncommon trap: reason=unstable_if action=reinterpret pc=0x00007834b05195d0 method=java.lang.StringConcatHelper.prepend(J[BILjava/lang/String;)J @ 9 c2
Event: 4.990 Thread 0x00007834c07eaaf0 DEOPT PACKING pc=0x00007834b05195d0 sp=0x00006b87883fe6e0
Event: 4.990 Thread 0x00007834c07eaaf0 DEOPT UNPACKING pc=0x00007834afc6a399 sp=0x00006b87883fe698 mode 2
Event: 4.991 Thread 0x00007834c07f9a50 DEOPT PACKING pc=0x00007834a8d3aed1 sp=0x00006b869f8fe550
Event: 4.991 Thread 0x00007834c07f9a50 DEOPT UNPACKING pc=0x00007834afc6ab2f sp=0x00006b869f8fdaf0 mode 0
Event: 4.993 Thread 0x00007834c07f4290 DEOPT PACKING pc=0x00007834a8d3aed1 sp=0x00006b869fcfe550
Event: 4.993 Thread 0x00007834c07f4290 DEOPT UNPACKING pc=0x00007834afc6ab2f sp=0x00006b869fcfdaf0 mode 0
Event: 4.995 Thread 0x00007834c07ff680 DEOPT PACKING pc=0x00007834a8d3aed1 sp=0x00006b869f4fe610
Event: 4.995 Thread 0x00007834c07ff680 DEOPT UNPACKING pc=0x00007834afc6ab2f sp=0x00006b869f4fdbb0 mode 0
Event: 4.998 Thread 0x00007834c07e6c00 DEOPT PACKING pc=0x00007834a8d3aed1 sp=0x00006b87886fe550
Event: 4.998 Thread 0x00007834c07e6c00 DEOPT UNPACKING pc=0x00007834afc6ab2f sp=0x00006b87886fdaf0 mode 0
Event: 5.000 Thread 0x00007834c07e2d10 DEOPT PACKING pc=0x00007834a8d3aed1 sp=0x00006b87889fe550
Event: 5.000 Thread 0x00007834c07e2d10 DEOPT UNPACKING pc=0x00007834afc6ab2f sp=0x00006b87889fdaf0 mode 0

Classes loaded (20 events):
Event: 4.249 Loading class java/util/stream/SpinedBuffer$OfPrimitive
Event: 4.249 Loading class java/util/stream/AbstractSpinedBuffer
Event: 4.249 Loading class java/util/stream/AbstractSpinedBuffer done
Event: 4.249 Loading class java/util/stream/SpinedBuffer$OfPrimitive done
Event: 4.249 Loading class java/util/stream/SpinedBuffer$OfInt done
Event: 4.249 Loading class java/util/stream/Nodes$IntSpinedNodeBuilder done
Event: 4.249 Loading class java/util/stream/ReferencePipeline$8$1
Event: 4.249 Loading class java/util/stream/ReferencePipeline$8$1 done
Event: 4.250 Loading class java/util/Spliterators$IntArraySpliterator
Event: 4.250 Loading class java/util/Spliterators$IntArraySpliterator done
Event: 4.250 Loading class java/util/stream/IntPipeline$Head
Event: 4.250 Loading class java/util/stream/IntPipeline$Head done
Event: 4.266 Loading class java/lang/invoke/VarHandleSegmentAsShorts
Event: 4.266 Loading class java/lang/invoke/VarHandleSegmentAsShorts done
Event: 4.284 Loading class java/util/WeakHashMap$KeyIterator
Event: 4.284 Loading class java/util/WeakHashMap$HashIterator
Event: 4.284 Loading class java/util/WeakHashMap$HashIterator done
Event: 4.284 Loading class java/util/WeakHashMap$KeyIterator done
Event: 4.607 Loading class java/io/FileOutputStream$1
Event: 4.607 Loading class java/io/FileOutputStream$1 done

Classes unloaded (0 events):
No events

Classes redefined (0 events):
No events

Internal exceptions (20 events):
Event: 4.221 Thread 0x00007834c07e6c00 Exception <a 'java/lang/NoSuchMethodError'{0x0000000041dea768}: 'java.lang.Object java.lang.invoke.Invokers$Holder.linkToTargetMethod(java.lang.Object, java.lang.Object, java.lang.Object, int, java.lang.Object)'> (0x0000000041dea768) 
thrown [src/hotspot/share/interpreter/linkResolver.cpp, line 772]
Event: 4.221 Thread 0x00007834c07f4290 Exception <a 'java/lang/NoSuchMethodError'{0x0000000041dc1a20}: 'java.lang.Object java.lang.invoke.Invokers$Holder.linkToTargetMethod(java.lang.Object, java.lang.Object, java.lang.Object, int, java.lang.Object)'> (0x0000000041dc1a20) 
thrown [src/hotspot/share/interpreter/linkResolver.cpp, line 772]
Event: 4.221 Thread 0x00007834c07e17a0 Exception <a 'java/lang/NoSuchMethodError'{0x0000000041de35c8}: 'java.lang.Object java.lang.invoke.Invokers$Holder.linkToTargetMethod(java.lang.Object, java.lang.Object, java.lang.Object, int, java.lang.Object)'> (0x0000000041de35c8) 
thrown [src/hotspot/share/interpreter/linkResolver.cpp, line 772]
Event: 4.221 Thread 0x00007834c07f8450 Exception <a 'java/lang/NoSuchMethodError'{0x0000000041d99488}: 'java.lang.Object java.lang.invoke.Invokers$Holder.linkToTargetMethod(java.lang.Object, java.lang.Object, java.lang.Object, int, java.lang.Object)'> (0x0000000041d99488) 
thrown [src/hotspot/share/interpreter/linkResolver.cpp, line 772]
Event: 4.221 Thread 0x00007834c07dc3a0 Exception <a 'java/lang/NoSuchMethodError'{0x0000000041db8d30}: 'java.lang.Object java.lang.invoke.Invokers$Holder.linkToTargetMethod(java.lang.Object, java.lang.Object, java.lang.Object, int, java.lang.Object)'> (0x0000000041db8d30) 
thrown [src/hotspot/share/interpreter/linkResolver.cpp, line 772]
Event: 4.221 Thread 0x00007834c07f1820 Exception <a 'java/lang/NoSuchMethodError'{0x0000000041ef5e30}: 'java.lang.Object java.lang.invoke.Invokers$Holder.linkToTargetMethod(java.lang.Object, java.lang.Object, java.lang.Object, int, java.lang.Object)'> (0x0000000041ef5e30) 
thrown [src/hotspot/share/interpreter/linkResolver.cpp, line 772]
Event: 4.221 Thread 0x00007834c07e0230 Exception <a 'java/lang/NoSuchMethodError'{0x0000000041dfb7a0}: 'java.lang.Object java.lang.invoke.Invokers$Holder.linkToTargetMethod(java.lang.Object, java.lang.Object, java.lang.Object, int, java.lang.Object)'> (0x0000000041dfb7a0) 
thrown [src/hotspot/share/interpreter/linkResolver.cpp, line 772]
Event: 4.222 Thread 0x00007834c07f9a50 Exception <a 'java/lang/NoSuchMethodError'{0x0000000041dcb368}: 'java.lang.Object java.lang.invoke.Invokers$Holder.linkToTargetMethod(java.lang.Object, java.lang.Object, java.lang.Object, int, java.lang.Object)'> (0x0000000041dcb368) 
thrown [src/hotspot/share/interpreter/linkResolver.cpp, line 772]
Event: 4.222 Thread 0x00007834c07fe060 Exception <a 'java/lang/NoSuchMethodError'{0x0000000041da9f88}: 'java.lang.Object java.lang.invoke.Invokers$Holder.linkToTargetMethod(java.lang.Object, java.lang.Object, java.lang.Object, int, java.lang.Object)'> (0x0000000041da9f88) 
thrown [src/hotspot/share/interpreter/linkResolver.cpp, line 772]
Event: 4.222 Thread 0x00007834c07f2df0 Exception <a 'java/lang/NoSuchMethodError'{0x0000000041e55e60}: 'java.lang.Object java.lang.invoke.Invokers$Holder.linkToTargetMethod(java.lang.Object, java.lang.Object, java.lang.Object, int, java.lang.Object)'> (0x0000000041e55e60) 
thrown [src/hotspot/share/interpreter/linkResolver.cpp, line 772]
Event: 4.240 Thread 0x00007834c07dd8f0 Implicit null exception at 0x00007834b0415ade to 0x00007834b0415b98
Event: 4.240 Thread 0x00007834c07f0250 Implicit null exception at 0x00007834b0415ade to 0x00007834b0415b98
Event: 4.240 Thread 0x00007834c07f9a50 Implicit null exception at 0x00007834b0415ade to 0x00007834b0415b98
Event: 4.240 Thread 0x00007834c07d8ea0 Implicit null exception at 0x00007834b0415ade to 0x00007834b0415b98
Event: 4.240 Thread 0x00007834c08012b0 Implicit null exception at 0x00007834b0415ade to 0x00007834b0415b98
Event: 4.250 Thread 0x00007834c08012b0 Exception <a 'java/lang/NoSuchMethodError'{0x00000000421ae098}: 'void java.lang.invoke.DirectMethodHandle$Holder.invokeInterface(java.lang.Object, java.lang.Object, int)'> (0x00000000421ae098) 
thrown [src/hotspot/share/interpreter/linkResolver.cpp, line 772]
Event: 4.250 Thread 0x00007834c08012b0 Exception <a 'java/lang/IncompatibleClassChangeError'{0x0000000042161700}: Found class java.lang.Object, but interface was expected> (0x0000000042161700) 
thrown [src/hotspot/share/interpreter/linkResolver.cpp, line 840]
Event: 4.255 Thread 0x00007834c07eec90 Exception <a 'java/lang/NoSuchMethodError'{0x00000000420b2798}: 'int java.lang.invoke.DirectMethodHandle$Holder.invokeStaticInit(java.lang.Object, java.lang.Object)'> (0x00000000420b2798) 
thrown [src/hotspot/share/interpreter/linkResolver.cpp, line 772]
Event: 4.256 Thread 0x00007834c07eec90 Exception <a 'java/lang/NoSuchMethodError'{0x00000000420ac498}: 'java.lang.Object java.lang.invoke.Invokers$Holder.invokeExact_MT(java.lang.Object, java.lang.Object, java.lang.Object, java.lang.Object, java.lang.Object, java.lang.Object)'> (0x00000000420ac498) 
thrown [src/hotspot/share/interpreter/linkResolver.cpp, line 772]
Event: 4.608 Thread 0x00007834c07f2df0 Implicit null exception at 0x00007834b0514310 to 0x00007834b0514460

ZGC Phase Switch (0 events):
No events

VM Operations (20 events):
Event: 4.800 Executing VM operation: ThirdPartyHeapOperation done
Event: 4.850 Executing VM operation: ThirdPartyHeapOperation
Event: 4.864 Executing VM operation: ThirdPartyHeapOperation done
Event: 4.868 Executing VM operation: ThirdPartyHeapOperation
Event: 4.893 Executing VM operation: ThirdPartyHeapOperation done
Event: 4.942 Executing VM operation: ThirdPartyHeapOperation
Event: 4.956 Executing VM operation: ThirdPartyHeapOperation done
Event: 4.959 Executing VM operation: ThirdPartyHeapOperation
Event: 4.985 Executing VM operation: ThirdPartyHeapOperation done
Event: 5.027 Executing VM operation: ThirdPartyHeapOperation
Event: 5.041 Executing VM operation: ThirdPartyHeapOperation done
Event: 5.045 Executing VM operation: ThirdPartyHeapOperation
Event: 5.072 Executing VM operation: ThirdPartyHeapOperation done
Event: 5.111 Executing VM operation: ThirdPartyHeapOperation
Event: 5.126 Executing VM operation: ThirdPartyHeapOperation done
Event: 5.129 Executing VM operation: ThirdPartyHeapOperation
Event: 5.164 Executing VM operation: ThirdPartyHeapOperation done
Event: 5.204 Executing VM operation: ThirdPartyHeapOperation
Event: 5.218 Executing VM operation: ThirdPartyHeapOperation done
Event: 5.222 Executing VM operation: ThirdPartyHeapOperation

Memory protections (20 events):
Event: 4.202 Protecting memory [0x00006b8788200000,0x00006b8788204000] with protection modes 0
Event: 4.202 Protecting memory [0x00006b869fc00000,0x00006b869fc04000] with protection modes 0
Event: 4.202 Protecting memory [0x00006b869fb00000,0x00006b869fb04000] with protection modes 0
Event: 4.203 Protecting memory [0x00006b869fa00000,0x00006b869fa04000] with protection modes 0
Event: 4.203 Protecting memory [0x00006b869f900000,0x00006b869f904000] with protection modes 0
Event: 4.203 Protecting memory [0x00006b869f800000,0x00006b869f804000] with protection modes 0
Event: 4.203 Protecting memory [0x00006b869f700000,0x00006b869f704000] with protection modes 0
Event: 4.203 Protecting memory [0x00006b869f600000,0x00006b869f604000] with protection modes 0
Event: 4.203 Protecting memory [0x00006b869f500000,0x00006b869f504000] with protection modes 0
Event: 4.204 Protecting memory [0x00006b869f400000,0x00006b869f404000] with protection modes 0
Event: 4.204 Protecting memory [0x00006b869f300000,0x00006b869f304000] with protection modes 0
Event: 4.205 Protecting memory [0x00006b869f200000,0x00006b869f204000] with protection modes 0
Event: 4.218 Protecting memory [0x00006b869f100000,0x00006b869f104000] with protection modes 0
Event: 4.278 Protecting memory [0x00006b869f000000,0x00006b869f004000] with protection modes 0
Event: 4.430 Protecting memory [0x00006b869ef00000,0x00006b869ef04000] with protection modes 0
Event: 4.433 Protecting memory [0x00006b869ee00000,0x00006b869ee04000] with protection modes 0
Event: 4.435 Protecting memory [0x00006b869ed00000,0x00006b869ed04000] with protection modes 0
Event: 4.440 Protecting memory [0x00006b869ec00000,0x00006b869ec04000] with protection modes 0
Event: 4.447 Protecting memory [0x00006b869ea00000,0x00006b869ea04000] with protection modes 0
Event: 4.447 Protecting memory [0x00006b869eb00000,0x00006b869eb04000] with protection modes 0

Nmethod flushes (0 events):
No events

Events (20 events):
Event: 4.202 Thread 0x00007834c002b240 Thread added: 0x00007834c07f2df0
Event: 4.202 Thread 0x00007834c002b240 Thread added: 0x00007834c07f4290
Event: 4.202 Thread 0x00007834c002b240 Thread added: 0x00007834c07f5870
Event: 4.203 Thread 0x00007834c002b240 Thread added: 0x00007834c07f6e60
Event: 4.203 Thread 0x00007834c002b240 Thread added: 0x00007834c07f8450
Event: 4.203 Thread 0x00007834c002b240 Thread added: 0x00007834c07f9a50
Event: 4.203 Thread 0x00007834c002b240 Thread added: 0x00007834c07fb440
Event: 4.203 Thread 0x00007834c002b240 Thread added: 0x00007834c07fca50
Event: 4.203 Thread 0x00007834c002b240 Thread added: 0x00007834c07fe060
Event: 4.204 Thread 0x00007834c002b240 Thread added: 0x00007834c07ff680
Event: 4.204 Thread 0x00007834c002b240 Thread added: 0x00007834c08012b0
Event: 4.205 Thread 0x00007834c002b240 Thread added: 0x00007834c0802900
Event: 4.218 Thread 0x00006b87040a7980 Thread added: 0x00006b86fc075cc0
Event: 4.278 Thread 0x00006b87040afb00 Thread added: 0x00006b86e80bdbb0
Event: 4.430 Thread 0x00006b87040afb00 Thread added: 0x00006b86e8192a40
Event: 4.432 Thread 0x00006b87040add30 Thread added: 0x00006b86ec078c50
Event: 4.435 Thread 0x00006b87040aeba0 Thread added: 0x00006b86e00fedf0
Event: 4.440 Thread 0x00006b87040add30 Thread added: 0x00006b86ec07a7f0
Event: 4.446 Thread 0x00006b87040afb00 Thread added: 0x00006b86e81949a0
Event: 4.447 Thread 0x00006b86e00fedf0 Thread added: 0x00006b8650002560


Dynamic libraries:
40000000-40400000 rw-p 00000000 00:00 0                                  [anon:mmtk:space:immix]
40400000-41400000 rw-p 00000000 00:00 0                                  [anon:mmtk:space:los]
41400000-41800000 rw-p 00000000 00:00 0                                  [anon:mmtk:space:immix]
41800000-48000000 rw-p 00000000 00:00 0                                  [anon:mmtk:space:los]
48000000-48400000 rw-p 00000000 00:00 0                                  [anon:mmtk:space:immix]
48400000-49800000 rw-p 00000000 00:00 0                                  [anon:mmtk:space:los]
49800000-50000000 rw-p 00000000 00:00 0                                  [anon:mmtk:space:immix]
50000000-52000000 rw-p 00000000 00:00 0                                  [anon:mmtk:space:immix]
52000000-52800000 rw-p 00000000 00:00 0                                  [anon:mmtk:space:immix]
52800000-52c00000 rw-p 00000000 00:00 0                                  [anon:mmtk:space:immix]
52c00000-53000000 rw-p 00000000 00:00 0                                  [anon:mmtk:space:immix]
53000000-53400000 rw-p 00000000 00:00 0                                  [anon:mmtk:space:immix]
53400000-53800000 rw-p 00000000 00:00 0                                  [anon:mmtk:space:immix]
200000000000-2000c00c0000 rw-s 00000000 00:10 68                         anon_inode:bpf-map
582bcfee2000-582bcfee3000 r--p 00000000 fc:00 49676352                   /mydata/openjdk-mmtk/build/b0test/images/jdk/bin/java
582bcfee3000-582bcfee4000 r-xp 00001000 fc:00 49676352                   /mydata/openjdk-mmtk/build/b0test/images/jdk/bin/java
582bcfee4000-582bcfee5000 r--p 00002000 fc:00 49676352                   /mydata/openjdk-mmtk/build/b0test/images/jdk/bin/java
582bcfee5000-582bcfee6000 r--p 00002000 fc:00 49676352                   /mydata/openjdk-mmtk/build/b0test/images/jdk/bin/java
582bcfee6000-582bcfee7000 rw-p 00003000 fc:00 49676352                   /mydata/openjdk-mmtk/build/b0test/images/jdk/bin/java
582bee145000-582bee18d000 rw-p 00000000 00:00 0                          [heap]
6b863c000000-6b863d14d000 rw-p 00000000 00:00 0 
6b863d14d000-6b8640000000 ---p 00000000 00:00 0 
6b8644000000-6b8644a00000 rw-p 00000000 00:00 0 
6b8644a00000-6b8648000000 ---p 00000000 00:00 0 
6b8648000000-6b8648961000 rw-p 00000000 00:00 0 
6b8648961000-6b864c000000 ---p 00000000 00:00 0 
6b864c000000-6b864cdf9000 rw-p 00000000 00:00 0 
6b864cdf9000-6b8650000000 ---p 00000000 00:00 0 
6b8650000000-6b8651042000 rw-p 00000000 00:00 0 
6b8651042000-6b8654000000 ---p 00000000 00:00 0 
6b8654000000-6b8654bdf000 rw-p 00000000 00:00 0 
6b8654bdf000-6b8658000000 ---p 00000000 00:00 0 
6b8658000000-6b8658c09000 rw-p 00000000 00:00 0 
6b8658c09000-6b865c000000 ---p 00000000 00:00 0 
6b865c000000-6b865c021000 rw-p 00000000 00:00 0 
6b865c021000-6b8660000000 ---p 00000000 00:00 0 
6b8660000000-6b86608aa000 rw-p 00000000 00:00 0 
6b86608aa000-6b8664000000 ---p 00000000 00:00 0 
6b8664000000-6b8664024000 rw-p 00000000 00:00 0 
6b8664024000-6b8668000000 ---p 00000000 00:00 0 
6b8668000000-6b8668024000 rw-p 00000000 00:00 0 
6b8668024000-6b866c000000 ---p 00000000 00:00 0 
6b866c000000-6b866c021000 rw-p 00000000 00:00 0 
6b866c021000-6b8670000000 ---p 00000000 00:00 0 
6b8670000000-6b8670021000 rw-p 00000000 00:00 0 
6b8670021000-6b8674000000 ---p 00000000 00:00 0 
6b8674000000-6b8674021000 rw-p 00000000 00:00 0 
6b8674021000-6b8678000000 ---p 00000000 00:00 0 
6b8678000000-6b8678021000 rw-p 00000000 00:00 0 
6b8678021000-6b867c000000 ---p 00000000 00:00 0 
6b867c000000-6b867c021000 rw-p 00000000 00:00 0 
6b867c021000-6b8680000000 ---p 00000000 00:00 0 
6b8680000000-6b8680033000 rw-p 00000000 00:00 0 
6b8680033000-6b8684000000 ---p 00000000 00:00 0 
6b8684000000-6b8684030000 rw-p 00000000 00:00 0 
6b8684030000-6b8688000000 ---p 00000000 00:00 0 
6b8688000000-6b8688021000 rw-p 00000000 00:00 0 
6b8688021000-6b868c000000 ---p 00000000 00:00 0 
6b868c000000-6b868c022000 rw-p 00000000 00:00 0 
6b868c022000-6b8690000000 ---p 00000000 00:00 0 
6b8690000000-6b869002f000 rw-p 00000000 00:00 0 
6b869002f000-6b8694000000 ---p 00000000 00:00 0 
6b8694000000-6b8694021000 rw-p 00000000 00:00 0 
6b8694021000-6b8698000000 ---p 00000000 00:00 0 
6b8698000000-6b869802f000 rw-p 00000000 00:00 0 
6b869802f000-6b869c000000 ---p 00000000 00:00 0 
6b869ea00000-6b869ea04000 ---p 00000000 00:00 0 
6b869ea04000-6b869eb00000 rw-p 00000000 00:00 0 
6b869eb00000-6b869eb04000 ---p 00000000 00:00 0 
6b869eb04000-6b869ec00000 rw-p 00000000 00:00 0 
6b869ec00000-6b869ec04000 ---p 00000000 00:00 0 
6b869ec04000-6b869ed00000 rw-p 00000000 00:00 0 
6b869ed00000-6b869ed04000 ---p 00000000 00:00 0 
6b869ed04000-6b869ee00000 rw-p 00000000 00:00 0 
6b869ee00000-6b869ee04000 ---p 00000000 00:00 0 
6b869ee04000-6b869ef00000 rw-p 00000000 00:00 0 
6b869ef00000-6b869ef04000 ---p 00000000 00:00 0 
6b869ef04000-6b869f000000 rw-p 00000000 00:00 0 
6b869f000000-6b869f004000 ---p 00000000 00:00 0 
6b869f004000-6b869f100000 rw-p 00000000 00:00 0 
6b869f100000-6b869f104000 ---p 00000000 00:00 0 
6b869f104000-6b869f200000 rw-p 00000000 00:00 0 
6b869f200000-6b869f204000 ---p 00000000 00:00 0 
6b869f204000-6b869f300000 rw-p 00000000 00:00 0 
6b869f300000-6b869f304000 ---p 00000000 00:00 0 
6b869f304000-6b869f400000 rw-p 00000000 00:00 0 
6b869f400000-6b869f404000 ---p 00000000 00:00 0 
6b869f404000-6b869f500000 rw-p 00000000 00:00 0 
6b869f500000-6b869f504000 ---p 00000000 00:00 0 
6b869f504000-6b869f600000 rw-p 00000000 00:00 0 
6b869f600000-6b869f604000 ---p 00000000 00:00 0 
6b869f604000-6b869f700000 rw-p 00000000 00:00 0 
6b869f700000-6b869f704000 ---p 00000000 00:00 0 
6b869f704000-6b869f800000 rw-p 00000000 00:00 0 
6b869f800000-6b869f804000 ---p 00000000 00:00 0 
6b869f804000-6b869f900000 rw-p 00000000 00:00 0 
6b869f900000-6b869f904000 ---p 00000000 00:00 0 
6b869f904000-6b869fa00000 rw-p 00000000 00:00 0 
6b869fa00000-6b869fa04000 ---p 00000000 00:00 0 
6b869fa04000-6b869fb00000 rw-p 00000000 00:00 0 
6b869fb00000-6b869fb04000 ---p 00000000 00:00 0 
6b869fb04000-6b869fc00000 rw-p 00000000 00:00 0 
6b869fc00000-6b869fc04000 ---p 00000000 00:00 0 
6b869fc04000-6b869fd00000 rw-p 00000000 00:00 0 
6b869fd00000-6b869fd04000 ---p 00000000 00:00 0 
6b869fd04000-6b869fe00000 rw-p 00000000 00:00 0 
6b869fe00000-6b869fe04000 ---p 00000000 00:00 0 
6b869fe04000-6b869ff00000 rw-p 00000000 00:00 0 
6b869ff00000-6b869ff04000 ---p 00000000 00:00 0 
6b869ff04000-6b86a0000000 rw-p 00000000 00:00 0 
6b86a0000000-6b86a002e000 rw-p 00000000 00:00 0 
6b86a002e000-6b86a4000000 ---p 00000000 00:00 0 
6b86a4000000-6b86a402b000 rw-p 00000000 00:00 0 
6b86a402b000-6b86a8000000 ---p 00000000 00:00 0 
6b86a8000000-6b86a8021000 rw-p 00000000 00:00 0 
6b86a8021000-6b86ac000000 ---p 00000000 00:00 0 
6b86ac000000-6b86ac038000 rw-p 00000000 00:00 0 
6b86ac038000-6b86b0000000 ---p 00000000 00:00 0 
6b86b0000000-6b86b0021000 rw-p 00000000 00:00 0 
6b86b0021000-6b86b4000000 ---p 00000000 00:00 0 
6b86b4000000-6b86b4022000 rw-p 00000000 00:00 0 
6b86b4022000-6b86b8000000 ---p 00000000 00:00 0 
6b86b8000000-6b86b8022000 rw-p 00000000 00:00 0 
6b86b8022000-6b86bc000000 ---p 00000000 00:00 0 
6b86bc000000-6b86bc025000 rw-p 00000000 00:00 0 
6b86bc025000-6b86c0000000 ---p 00000000 00:00 0 
6b86c0000000-6b86c0024000 rw-p 00000000 00:00 0 
6b86c0024000-6b86c4000000 ---p 00000000 00:00 0 
6b86c4000000-6b86c4027000 rw-p 00000000 00:00 0 
6b86c4027000-6b86c8000000 ---p 00000000 00:00 0 
6b86c8000000-6b86c802a000 rw-p 00000000 00:00 0 
6b86c802a000-6b86cc000000 ---p 00000000 00:00 0 
6b86cc000000-6b86cc029000 rw-p 00000000 00:00 0 
6b86cc029000-6b86d0000000 ---p 00000000 00:00 0 
6b86d0000000-6b86d0021000 rw-p 00000000 00:00 0 
6b86d0021000-6b86d4000000 ---p 00000000 00:00 0 
6b86d4000000-6b86d404f000 rw-p 00000000 00:00 0 
6b86d404f000-6b86d8000000 ---p 00000000 00:00 0 
6b86d8000000-6b86d8075000 rw-p 00000000 00:00 0 
6b86d8075000-6b86dc000000 ---p 00000000 00:00 0 
6b86dc000000-6b86dc032000 rw-p 00000000 00:00 0 
6b86dc032000-6b86e0000000 ---p 00000000 00:00 0 
6b86e0000000-6b86e0164000 rw-p 00000000 00:00 0 
6b86e0164000-6b86e4000000 ---p 00000000 00:00 0 
6b86e4000000-6b86e40b9000 rw-p 00000000 00:00 0 
6b86e40b9000-6b86e8000000 ---p 00000000 00:00 0 
6b86e8000000-6b86e822b000 rw-p 00000000 00:00 0 
6b86e822b000-6b86ec000000 ---p 00000000 00:00 0 
6b86ec000000-6b86ec1e0000 rw-p 00000000 00:00 0 
6b86ec1e0000-6b86f0000000 ---p 00000000 00:00 0 
6b86f0000000-6b86f0021000 rw-p 00000000 00:00 0 
6b86f0021000-6b86f4000000 ---p 00000000 00:00 0 
6b86f4000000-6b86f4021000 rw-p 00000000 00:00 0 
6b86f4021000-6b86f8000000 ---p 00000000 00:00 0 
6b86f8000000-6b86f91a4000 rw-p 00000000 00:00 0 
6b86f91a4000-6b86fc000000 ---p 00000000 00:00 0 
6b86fc000000-6b86fc2d1000 rw-p 00000000 00:00 0 
6b86fc2d1000-6b8700000000 ---p 00000000 00:00 0 
6b8700000000-6b87012cb000 rw-p 00000000 00:00 0 
6b87012cb000-6b8704000000 ---p 00000000 00:00 0 
6b8704000000-6b8704155000 rw-p 00000000 00:00 0 
6b8704155000-6b8708000000 ---p 00000000 00:00 0 
6b8708000000-6b8708021000 rw-p 00000000 00:00 0 
6b8708021000-6b870c000000 ---p 00000000 00:00 0 
6b870c000000-6b870c021000 rw-p 00000000 00:00 0 
6b870c021000-6b8710000000 ---p 00000000 00:00 0 
6b8710000000-6b871003c000 rw-p 00000000 00:00 0 
6b871003c000-6b8714000000 ---p 00000000 00:00 0 
6b8714000000-6b8714021000 rw-p 00000000 00:00 0 
6b8714021000-6b8718000000 ---p 00000000 00:00 0 
6b8718000000-6b8718044000 rw-p 00000000 00:00 0 
6b8718044000-6b871c000000 ---p 00000000 00:00 0 
6b871c000000-6b871c04e000 rw-p 00000000 00:00 0 
6b871c04e000-6b8720000000 ---p 00000000 00:00 0 
6b8720000000-6b8720043000 rw-p 00000000 00:00 0 
6b8720043000-6b8724000000 ---p 00000000 00:00 0 
6b8724000000-6b8724034000 rw-p 00000000 00:00 0 
6b8724034000-6b8728000000 ---p 00000000 00:00 0 
6b8728000000-6b872802e000 rw-p 00000000 00:00 0 
6b872802e000-6b872c000000 ---p 00000000 00:00 0 
6b872c000000-6b872c03a000 rw-p 00000000 00:00 0 
6b872c03a000-6b8730000000 ---p 00000000 00:00 0 
6b8730000000-6b8730042000 rw-p 00000000 00:00 0 
6b8730042000-6b8734000000 ---p 00000000 00:00 0 
6b8734000000-6b873403a000 rw-p 00000000 00:00 0 
6b873403a000-6b8738000000 ---p 00000000 00:00 0 
6b8738000000-6b8738193000 rw-p 00000000 00:00 0 
6b8738193000-6b873c000000 ---p 00000000 00:00 0 
6b873c000000-6b873c052000 rw-p 00000000 00:00 0 
6b873c052000-6b8740000000 ---p 00000000 00:00 0 
6b8740000000-6b8740037000 rw-p 00000000 00:00 0 
6b8740037000-6b8744000000 ---p 00000000 00:00 0 
6b8744000000-6b874419f000 rw-p 00000000 00:00 0 
6b874419f000-6b8748000000 ---p 00000000 00:00 0 
6b8748000000-6b8748177000 rw-p 00000000 00:00 0 
6b8748177000-6b874c000000 ---p 00000000 00:00 0 
6b874c000000-6b874c033000 rw-p 00000000 00:00 0 
6b874c033000-6b8750000000 ---p 00000000 00:00 0 
6b8750000000-6b8750043000 rw-p 00000000 00:00 0 
6b8750043000-6b8754000000 ---p 00000000 00:00 0 
6b8754000000-6b87542b3000 rw-p 00000000 00:00 0 
6b87542b3000-6b8758000000 ---p 00000000 00:00 0 
6b8758000000-6b875804a000 rw-p 00000000 00:00 0 
6b875804a000-6b875c000000 ---p 00000000 00:00 0 
6b875c000000-6b875c053000 rw-p 00000000 00:00 0 
6b875c053000-6b8760000000 ---p 00000000 00:00 0 
6b8760000000-6b87600d3000 rw-p 00000000 00:00 0 
6b87600d3000-6b8764000000 ---p 00000000 00:00 0 
6b8764000000-6b8764053000 rw-p 00000000 00:00 0 
6b8764053000-6b8768000000 ---p 00000000 00:00 0 
6b8768000000-6b8768053000 rw-p 00000000 00:00 0 
6b8768053000-6b876c000000 ---p 00000000 00:00 0 
6b876c000000-6b876c0dc000 rw-p 00000000 00:00 0 
6b876c0dc000-6b8770000000 ---p 00000000 00:00 0 
6b8770000000-6b8770021000 rw-p 00000000 00:00 0 
6b8770021000-6b8774000000 ---p 00000000 00:00 0 
6b8774000000-6b8774021000 rw-p 00000000 00:00 0 
6b8774021000-6b8778000000 ---p 00000000 00:00 0 
6b8778000000-6b8778021000 rw-p 00000000 00:00 0 
6b8778021000-6b877c000000 ---p 00000000 00:00 0 
6b877c000000-6b877c021000 rw-p 00000000 00:00 0 
6b877c021000-6b8780000000 ---p 00000000 00:00 0 
6b8780000000-6b8780380000 rw-p 00000000 00:00 0 
6b8780380000-6b8780400000 ---p 00000000 00:00 0 
6b8780400000-6b87809d0000 rw-p 00000000 00:00 0 
6b87809d0000-6b8784000000 ---p 00000000 00:00 0 
6b8784000000-6b8784021000 rw-p 00000000 00:00 0 
6b8784021000-6b8788004000 ---p 00000000 00:00 0 
6b8788004000-6b8788100000 rw-p 00000000 00:00 0 
6b8788100000-6b8788104000 ---p 00000000 00:00 0 
6b8788104000-6b8788200000 rw-p 00000000 00:00 0 
6b8788200000-6b8788204000 ---p 00000000 00:00 0 
6b8788204000-6b8788300000 rw-p 00000000 00:00 0 
6b8788300000-6b8788304000 ---p 00000000 00:00 0 
6b8788304000-6b8788400000 rw-p 00000000 00:00 0 
6b8788400000-6b8788404000 ---p 00000000 00:00 0 
6b8788404000-6b8788500000 rw-p 00000000 00:00 0 
6b8788500000-6b8788504000 ---p 00000000 00:00 0 
6b8788504000-6b8788600000 rw-p 00000000 00:00 0 
6b8788600000-6b8788604000 ---p 00000000 00:00 0 
6b8788604000-6b8788700000 rw-p 00000000 00:00 0 
6b8788700000-6b8788704000 ---p 00000000 00:00 0 
6b8788704000-6b8788800000 rw-p 00000000 00:00 0 
6b8788800000-6b8788804000 ---p 00000000 00:00 0 
6b8788804000-6b8788900000 rw-p 00000000 00:00 0 
6b8788900000-6b8788904000 ---p 00000000 00:00 0 
6b8788904000-6b8788a00000 rw-p 00000000 00:00 0 
6b8788a00000-6b8788a04000 ---p 00000000 00:00 0 
6b8788a04000-6b8788b00000 rw-p 00000000 00:00 0 
6b8788b00000-6b8788b04000 ---p 00000000 00:00 0 
6b8788b04000-6b8788c00000 rw-p 00000000 00:00 0 
6b8788c00000-6b8788c04000 ---p 00000000 00:00 0 
6b8788c04000-6b8788d00000 rw-p 00000000 00:00 0 
6b8788d00000-6b8788d04000 ---p 00000000 00:00 0 
6b8788d04000-6b8788e00000 rw-p 00000000 00:00 0 
6b8788e00000-6b8789265000 r--s 00000000 fc:00 7871857                    /mydata/dacapo/dacapo-23.11/dacapo-23.11-MR2-chopin/dat/lusearch/index-default/_3_Lucene90_0.tim
6b8789300000-6b8789304000 ---p 00000000 00:00 0 
6b8789304000-6b8789400000 rw-p 00000000 00:00 0 
6b8789400000-6b8789801000 r--s 00000000 fc:00 7871856                    /mydata/dacapo/dacapo-23.11/dacapo-23.11-MR2-chopin/dat/lusearch/index-default/_3_Lucene90_0.doc
6b87898f8000-6b87898fc000 ---p 00000000 00:00 0 
6b87898fc000-6b87899f8000 rw-p 00000000 00:00 0 
6b87899f8000-6b87899fc000 ---p 00000000 00:00 0 
6b87899fc000-6b8789af8000 rw-p 00000000 00:00 0 
6b8789af8000-6b8789afc000 ---p 00000000 00:00 0 
6b8789afc000-6b8789bf8000 rw-p 00000000 00:00 0 
6b8789bf8000-6b8789bfc000 ---p 00000000 00:00 0 
6b8789bfc000-6b8789cf8000 rw-p 00000000 00:00 0 
6b8789cf8000-6b8789cfc000 ---p 00000000 00:00 0 
6b8789cfc000-6b8789df8000 rw-p 00000000 00:00 0 
6b8789df8000-6b8789dfc000 ---p 00000000 00:00 0 
6b8789dfc000-6b8789ef8000 rw-p 00000000 00:00 0 
6b8789ef8000-6b8789efc000 ---p 00000000 00:00 0 
6b8789efc000-6b8789ff8000 rw-p 00000000 00:00 0 
6b8789ff8000-6b8789ffc000 ---p 00000000 00:00 0 
6b8789ffc000-6b878a0f8000 rw-p 00000000 00:00 0 
6b878a0f8000-6b878a0fc000 ---p 00000000 00:00 0 
6b878a0fc000-6b878a1f8000 rw-p 00000000 00:00 0 
6b878a1f8000-6b878a1fc000 ---p 00000000 00:00 0 
6b878a1fc000-6b878a2f8000 rw-p 00000000 00:00 0 
6b878a2f8000-6b878a2fc000 ---p 00000000 00:00 0 
6b878a2fc000-6b878a3f8000 rw-p 00000000 00:00 0 
6b878a3f8000-6b878a3fc000 ---p 00000000 00:00 0 
6b878a3fc000-6b878a4f8000 rw-p 00000000 00:00 0 
6b878a4f8000-6b878a4fc000 ---p 00000000 00:00 0 
6b878a4fc000-6b878a5f8000 rw-p 00000000 00:00 0 
6b878a5f8000-6b878a5fc000 ---p 00000000 00:00 0 
6b878a5fc000-6b878a6f8000 rw-p 00000000 00:00 0 
6b878a6f8000-6b878a6fc000 ---p 00000000 00:00 0 
6b878a6fc000-6b878a7f8000 rw-p 00000000 00:00 0 
6b878a7f8000-6b878a7f9000 ---p 00000000 00:00 0 
6b878a7f9000-6b878a8f9000 rw-p 00000000 00:00 0 
6b878a8f9000-6b878a8fa000 ---p 00000000 00:00 0 
6b878a8fa000-6b878a9fa000 rw-p 00000000 00:00 0 
6b878a9fa000-6b878a9fb000 ---p 00000000 00:00 0 
6b878a9fb000-6b878aafb000 rw-p 00000000 00:00 0 
6b878aafb000-6b878aafc000 ---p 00000000 00:00 0 
6b878aafc000-6b878abfc000 rw-p 00000000 00:00 0 
6b878abfc000-6b878abfd000 ---p 00000000 00:00 0 
6b878abfd000-6b878acfd000 rw-p 00000000 00:00 0 
6b878acfd000-6b878acfe000 ---p 00000000 00:00 0 
6b878acfe000-6b878adfe000 rw-p 00000000 00:00 0 
6b878adfe000-6b878adff000 ---p 00000000 00:00 0 
6b878adff000-6b878aeff000 rw-p 00000000 00:00 0 
6b878aeff000-6b878af00000 ---p 00000000 00:00 0 
6b878af00000-6b878b000000 rw-p 00000000 00:00 0 
6b878b000000-6b878bca3000 rw-p 00001000 fc:00 49677059                   /mydata/openjdk-mmtk/build/b0test/images/jdk/lib/server/classes.jsa
6b878bca3000-6b878c000000 ---p 00000000 00:00 0 
6b878c000000-6b878c040000 rw-p 00000000 00:00 0 
6b878c040000-6b878c0c0000 rw-p 00000000 00:00 0 
6b878c0c0000-6b878c0e0000 rw-p 00000000 00:00 0 
6b878c0e0000-6b878c100000 ---p 00000000 00:00 0 
6b878c100000-6b878c1e0000 rw-p 00000000 00:00 0 
6b878c1e0000-6b87cc000000 ---p 00000000 00:00 0 
6b87cc000000-6b87cc021000 rw-p 00000000 00:00 0 
6b87cc021000-6b87d0000000 ---p 00000000 00:00 0 
6b87d00f3000-6b87d00f4000 ---p 00000000 00:00 0 
6b87d00f4000-6b87d01f4000 rw-p 00000000 00:00 0 
6b87d01f4000-6b87d01f5000 ---p 00000000 00:00 0 
6b87d01f5000-6b87d02f5000 rw-p 00000000 00:00 0 
6b87d02f5000-6b87d02f6000 ---p 00000000 00:00 0 
6b87d02f6000-6b87d03f6000 rw-p 00000000 00:00 0 
6b87d03f6000-6b87d03f7000 ---p 00000000 00:00 0 
6b87d03f7000-6b87d04f7000 rw-p 00000000 00:00 0 
6b87d04f7000-6b87d04f8000 ---p 00000000 00:00 0 
6b87d04f8000-6b87d05f8000 rw-p 00000000 00:00 0 
6b87d05f8000-6b87d05f9000 ---p 00000000 00:00 0 
6b87d05f9000-6b87d06f9000 rw-p 00000000 00:00 0 
6b87d06f9000-6b87d06fa000 ---p 00000000 00:00 0 
6b87d06fa000-6b87d07fa000 rw-p 00000000 00:00 0 
6b87d07fa000-6b87d07fb000 ---p 00000000 00:00 0 
6b87d07fb000-6b87d08fb000 rw-p 00000000 00:00 0 
6b87d08fb000-6b87d08fc000 ---p 00000000 00:00 0 
6b87d08fc000-6b87d09fc000 rw-p 00000000 00:00 0 
6b87d09fc000-6b87d09fd000 ---p 00000000 00:00 0 
6b87d09fd000-6b87d0afd000 rw-p 00000000 00:00 0 
6b87d0afd000-6b87d0afe000 ---p 00000000 00:00 0 
6b87d0afe000-6b87d0bfe000 rw-p 00000000 00:00 0 
6b87d0bfe000-6b87d0bff000 ---p 00000000 00:00 0 
6b87d0bff000-6b87d0cff000 rw-p 00000000 00:00 0 
6b87d0cff000-6b87d0d00000 ---p 00000000 00:00 0 
6b87d0d00000-6b87d0e00000 rw-p 00000000 00:00 0 
6b87d0e00000-6b87d10eb000 r--p 00000000 08:03 1410552                    /usr/lib/locale/locale-archive
6b87d10ff000-6b87d1100000 ---p 00000000 00:00 0 
6b87d1100000-6b87d1200000 rw-p 00000000 00:00 0 
6b87d1200000-6b87d4200000 rw-p 00000000 00:00 0 
6b87d42fb000-6b87d42fc000 ---p 00000000 00:00 0 
6b87d42fc000-6b87d43fc000 rw-p 00000000 00:00 0 
6b87d43fc000-6b8804400000 rw-p 00000000 00:00 0 
6b8804400000-6b8805400000 ---p 00000000 00:00 0                          [anon:mmtk:sidemeta:all:all-quarantined]
6b8805400000-6b8805c00000 rw-p 00000000 00:00 0                          [anon:mmtk:sidemeta:immix:VO_BIT]
6b8805c00000-6d8806400000 ---p 00000000 00:00 0                          [anon:mmtk:sidemeta:all:all-quarantined]
6d8806400000-6d8806800000 rw-p 00000000 00:00 0                          [anon:mmtk:sidemeta:immix:CHUNK_MARK]
6d8806800000-6d8809400000 ---p 00000000 00:00 0                          [anon:mmtk:sidemeta:all:all-quarantined]
6d8809400000-6d8809c00000 rw-p 00000000 00:00 0                          [anon:mmtk:sidemeta:immix:VMGlobalLogBitSpec]
6d8809c00000-6f9008800000 ---p 00000000 00:00 0                          [anon:mmtk:sidemeta:all:all-quarantined]
6f9008800000-6f9008c00000 rw-p 00000000 00:00 0                          [anon:mmtk:sidemeta:immix:IX_LINE_MARK]
6f9008c00000-701008400000 ---p 00000000 00:00 0                          [anon:mmtk:sidemeta:all:all-quarantined]
701008400000-701008800000 rw-p 00000000 00:00 0                          [anon:mmtk:sidemeta:immix:IX_BLOCK_DEFRAG]
701008800000-701108400000 ---p 00000000 00:00 0                          [anon:mmtk:sidemeta:all:all-quarantined]
701108400000-701108800000 rw-p 00000000 00:00 0                          [anon:mmtk:sidemeta:immix:IX_BLOCK_MARK]
701108800000-763288400000 ---p 00000000 00:00 0                          [anon:mmtk:sidemeta:all:all-quarantined]
763288400000-763288800000 rw-p 00000000 00:00 0                          [anon:mmtk:sidemeta:los:VMLocalLOSMarkNurserySpec]
763288800000-763489400000 ---p 00000000 00:00 0                          [anon:mmtk:sidemeta:all:all-quarantined]
763489400000-763489c00000 rw-p 00000000 00:00 0                          [anon:mmtk:sidemeta:immix:VMLocalMarkBitSpec]
763489c00000-783488400000 ---p 00000000 00:00 0                          [anon:mmtk:sidemeta:all:all-quarantined]
78348842e000-783488433000 r--p 00000000 fc:00 49676433                   /mydata/openjdk-mmtk/build/b0test/images/jdk/lib/libjsvml.so
783488433000-783488474000 r-xp 00005000 fc:00 49676433                   /mydata/openjdk-mmtk/build/b0test/images/jdk/lib/libjsvml.so
783488474000-7834884fd000 r--p 00046000 fc:00 49676433                   /mydata/openjdk-mmtk/build/b0test/images/jdk/lib/libjsvml.so
7834884fd000-7834884fe000 r--p 000ce000 fc:00 49676433                   /mydata/openjdk-mmtk/build/b0test/images/jdk/lib/libjsvml.so
7834884fe000-7834884ff000 rw-p 000cf000 fc:00 49676433                   /mydata/openjdk-mmtk/build/b0test/images/jdk/lib/libjsvml.so
7834884ff000-783488503000 ---p 00000000 00:00 0 
783488503000-7834885ff000 rw-p 00000000 00:00 0 
7834885ff000-783488603000 ---p 00000000 00:00 0 
783488603000-7834886ff000 rw-p 00000000 00:00 0 
7834886ff000-783488703000 ---p 00000000 00:00 0 
783488703000-7834887ff000 rw-p 00000000 00:00 0 
7834887ff000-7834a8800000 rw-p 00000000 00:00 0 
7834a8800000-7834a8d60000 rwxp 00000000 00:00 0 
7834a8d60000-7834afc17000 ---p 00000000 00:00 0 
7834afc17000-7834affa7000 rwxp 00000000 00:00 0 
7834affa7000-7834b03e8000 ---p 00000000 00:00 0 
7834b03e8000-7834b0658000 rwxp 00000000 00:00 0 
7834b0658000-7834b7800000 ---p 00000000 00:00 0 
7834b7800000-7834bffa0000 r--s 00000000 fc:00 49676300                   /mydata/openjdk-mmtk/build/b0test/images/jdk/lib/modules
7834c0000000-7834c0806000 rw-p 00000000 00:00 0 
7834c0806000-7834c4000000 ---p 00000000 00:00 0 
7834c4042000-7834c4043000 ---p 00000000 00:00 0 
7834c4043000-7834c4143000 rw-p 00000000 00:00 0 
7834c4143000-7834c4144000 ---p 00000000 00:00 0 
7834c4144000-7834c4244000 rw-p 00000000 00:00 0 
7834c4244000-7834c4245000 ---p 00000000 00:00 0 
7834c4245000-7834c4345000 rw-p 00000000 00:00 0 
7834c4345000-7834c4946000 rw-p 00000000 00:00 0 
7834c4946000-7834c494a000 r--p 00000000 08:03 1410107                    /usr/lib/x86_64-linux-gnu/libzstd.so.1.5.5
7834c494a000-7834c49f1000 r-xp 00004000 08:03 1410107                    /usr/lib/x86_64-linux-gnu/libzstd.so.1.5.5
7834c49f1000-7834c49fe000 r--p 000ab000 08:03 1410107                    /usr/lib/x86_64-linux-gnu/libzstd.so.1.5.5
7834c49fe000-7834c49ff000 r--p 000b7000 08:03 1410107                    /usr/lib/x86_64-linux-gnu/libzstd.so.1.5.5
7834c49ff000-7834c4a00000 rw-p 000b8000 08:03 1410107                    /usr/lib/x86_64-linux-gnu/libzstd.so.1.5.5
7834c4a00000-7834c4a0c000 r--p 00000000 fc:00 13107796                   /mydata/gc-bpf-fault/shim/libgcbpf.so
7834c4a0c000-7834c4a6e000 r-xp 0000c000 fc:00 13107796                   /mydata/gc-bpf-fault/shim/libgcbpf.so
7834c4a6e000-7834c4cde000 r--p 0006e000 fc:00 13107796                   /mydata/gc-bpf-fault/shim/libgcbpf.so
7834c4cde000-7834c4ce0000 r--p 002de000 fc:00 13107796                   /mydata/gc-bpf-fault/shim/libgcbpf.so
7834c4ce0000-7834c4ce1000 rw-p 002e0000 fc:00 13107796                   /mydata/gc-bpf-fault/shim/libgcbpf.so
7834c4ce1000-7834c4ce2000 rw-p 00000000 00:00 0 
7834c4cf0000-7834c4d17000 r--s 00000000 fc:00 7871850                    /mydata/dacapo/dacapo-23.11/dacapo-23.11-MR2-chopin/dat/lusearch/index-default/_3.fdt
7834c4d17000-7834c4d1c000 rw-p 00000000 00:00 0 
7834c4d1c000-7834c4e00000 ---p 00000000 00:00 0 
7834c4e00000-7834c4f48000 r--p 00000000 fc:00 49676390                   /mydata/openjdk-mmtk/build/b0test/images/jdk/lib/server/libmmtk_openjdk.so
7834c4f48000-7834c51cd000 r-xp 00147000 fc:00 49676390                   /mydata/openjdk-mmtk/build/b0test/images/jdk/lib/server/libmmtk_openjdk.so
7834c51cd000-7834c520e000 r--p 003cb000 fc:00 49676390                   /mydata/openjdk-mmtk/build/b0test/images/jdk/lib/server/libmmtk_openjdk.so
7834c520e000-7834c5210000 rw-p 0040b000 fc:00 49676390                   /mydata/openjdk-mmtk/build/b0test/images/jdk/lib/server/libmmtk_openjdk.so
7834c5210000-7834c5213000 rw-p 00000000 00:00 0 
7834c5217000-7834c5222000 rw-p 00000000 00:00 0 
7834c5222000-7834c5300000 ---p 00000000 00:00 0 
7834c5300000-7834c5304000 ---p 00000000 00:00 0 
7834c5304000-7834c5400000 rw-p 00000000 00:00 0 
7834c5400000-7834c56a9000 r--p 00000000 fc:00 49676389                   /mydata/openjdk-mmtk/build/b0test/images/jdk/lib/server/libjvm.so
7834c56a9000-7834c653c000 r-xp 002a9000 fc:00 49676389                   /mydata/openjdk-mmtk/build/b0test/images/jdk/lib/server/libjvm.so
7834c653c000-7834c6820000 r--p 0113c000 fc:00 49676389                   /mydata/openjdk-mmtk/build/b0test/images/jdk/lib/server/libjvm.so
7834c6820000-7834c68f6000 r--p 0141f000 fc:00 49676389                   /mydata/openjdk-mmtk/build/b0test/images/jdk/lib/server/libjvm.so
7834c68f6000-7834c6926000 rw-p 014f5000 fc:00 49676389                   /mydata/openjdk-mmtk/build/b0test/images/jdk/lib/server/libjvm.so
7834c6926000-7834c698c000 rw-p 00000000 00:00 0 
7834c699e000-7834c69a5000 r--s 00000000 08:03 1436340                    /usr/lib/x86_64-linux-gnu/gconv/gconv-modules.cache
7834c69a5000-7834c69c8000 r--s 00000000 fc:00 7871858                    /mydata/dacapo/dacapo-23.11/dacapo-23.11-MR2-chopin/dat/lusearch/index-default/_3_Lucene90_0.tip
7834c69c8000-7834c69ca000 r--p 00000000 fc:00 49676482                   /mydata/openjdk-mmtk/build/b0test/images/jdk/lib/libmanagement_ext.so
7834c69ca000-7834c69cd000 r-xp 00002000 fc:00 49676482                   /mydata/openjdk-mmtk/build/b0test/images/jdk/lib/libmanagement_ext.so
7834c69cd000-7834c69ce000 r--p 00005000 fc:00 49676482                   /mydata/openjdk-mmtk/build/b0test/images/jdk/lib/libmanagement_ext.so
7834c69ce000-7834c69cf000 r--p 00006000 fc:00 49676482                   /mydata/openjdk-mmtk/build/b0test/images/jdk/lib/libmanagement_ext.so
7834c69cf000-7834c69d0000 rw-p 00007000 fc:00 49676482                   /mydata/openjdk-mmtk/build/b0test/images/jdk/lib/libmanagement_ext.so
7834c69d0000-7834c69d2000 r--p 00000000 fc:00 49676410                   /mydata/openjdk-mmtk/build/b0test/images/jdk/lib/libmanagement.so
7834c69d2000-7834c69d3000 r-xp 00002000 fc:00 49676410                   /mydata/openjdk-mmtk/build/b0test/images/jdk/lib/libmanagement.so
7834c69d3000-7834c69d4000 r--p 00003000 fc:00 49676410                   /mydata/openjdk-mmtk/build/b0test/images/jdk/lib/libmanagement.so
7834c69d4000-7834c69d5000 r--p 00003000 fc:00 49676410                   /mydata/openjdk-mmtk/build/b0test/images/jdk/lib/libmanagement.so
7834c69d5000-7834c69d6000 rw-p 00004000 fc:00 49676410                   /mydata/openjdk-mmtk/build/b0test/images/jdk/lib/libmanagement.so
7834c69d6000-7834c69d8000 r--p 00000000 fc:00 49676380                   /mydata/openjdk-mmtk/build/b0test/images/jdk/lib/libzip.so
7834c69d8000-7834c69dd000 r-xp 00002000 fc:00 49676380                   /mydata/openjdk-mmtk/build/b0test/images/jdk/lib/libzip.so
7834c69dd000-7834c69df000 r--p 00007000 fc:00 49676380                   /mydata/openjdk-mmtk/build/b0test/images/jdk/lib/libzip.so
7834c69df000-7834c69e0000 r--p 00008000 fc:00 49676380                   /mydata/openjdk-mmtk/build/b0test/images/jdk/lib/libzip.so
7834c69e0000-7834c69e1000 rw-p 00009000 fc:00 49676380                   /mydata/openjdk-mmtk/build/b0test/images/jdk/lib/libzip.so
7834c69e1000-7834c69e4000 r--p 00000000 08:03 1410420                    /usr/lib/x86_64-linux-gnu/libelf-0.190.so
7834c69e4000-7834c69fa000 r-xp 00003000 08:03 1410420                    /usr/lib/x86_64-linux-gnu/libelf-0.190.so
7834c69fa000-7834c69fe000 r--p 00019000 08:03 1410420                    /usr/lib/x86_64-linux-gnu/libelf-0.190.so
7834c69fe000-7834c69ff000 r--p 0001c000 08:03 1410420                    /usr/lib/x86_64-linux-gnu/libelf-0.190.so
7834c69ff000-7834c6a00000 rw-p 0001d000 08:03 1410420                    /usr/lib/x86_64-linux-gnu/libelf-0.190.so
7834c6a00000-7834c6a28000 r--p 00000000 08:03 1410238                    /usr/lib/x86_64-linux-gnu/libc.so.6
7834c6a28000-7834c6bb0000 r-xp 00028000 08:03 1410238                    /usr/lib/x86_64-linux-gnu/libc.so.6
7834c6bb0000-7834c6bff000 r--p 001b0000 08:03 1410238                    /usr/lib/x86_64-linux-gnu/libc.so.6
7834c6bff000-7834c6c03000 r--p 001fe000 08:03 1410238                    /usr/lib/x86_64-linux-gnu/libc.so.6
7834c6c03000-7834c6c05000 rw-p 00202000 08:03 1410238                    /usr/lib/x86_64-linux-gnu/libc.so.6
7834c6c05000-7834c6c12000 rw-p 00000000 00:00 0 
7834c6c14000-7834c6c17000 r--p 00000000 fc:00 49676376                   /mydata/openjdk-mmtk/build/b0test/images/jdk/lib/libnet.so
7834c6c17000-7834c6c1f000 r-xp 00003000 fc:00 49676376                   /mydata/openjdk-mmtk/build/b0test/images/jdk/lib/libnet.so
7834c6c1f000-7834c6c21000 r--p 0000b000 fc:00 49676376                   /mydata/openjdk-mmtk/build/b0test/images/jdk/lib/libnet.so
7834c6c21000-7834c6c22000 r--p 0000c000 fc:00 49676376                   /mydata/openjdk-mmtk/build/b0test/images/jdk/lib/libnet.so
7834c6c22000-7834c6c23000 rw-p 0000d000 fc:00 49676376                   /mydata/openjdk-mmtk/build/b0test/images/jdk/lib/libnet.so
7834c6c23000-7834c6c2a000 r--p 00000000 fc:00 49676377                   /mydata/openjdk-mmtk/build/b0test/images/jdk/lib/libnio.so
7834c6c2a000-7834c6c33000 r-xp 00007000 fc:00 49676377                   /mydata/openjdk-mmtk/build/b0test/images/jdk/lib/libnio.so
7834c6c33000-7834c6c37000 r--p 00010000 fc:00 49676377                   /mydata/openjdk-mmtk/build/b0test/images/jdk/lib/libnio.so
7834c6c37000-7834c6c38000 r--p 00014000 fc:00 49676377                   /mydata/openjdk-mmtk/build/b0test/images/jdk/lib/libnio.so
7834c6c38000-7834c6c39000 rw-p 00015000 fc:00 49676377                   /mydata/openjdk-mmtk/build/b0test/images/jdk/lib/libnio.so
7834c6c39000-7834c6c41000 rw-p 00000000 00:00 0 
7834c6c41000-7834c6c49000 ---p 00000000 00:00 0 
7834c6c49000-7834c6c56000 r--p 00000000 fc:00 49676369                   /mydata/openjdk-mmtk/build/b0test/images/jdk/lib/libjava.so
7834c6c56000-7834c6c65000 r-xp 0000d000 fc:00 49676369                   /mydata/openjdk-mmtk/build/b0test/images/jdk/lib/libjava.so
7834c6c65000-7834c6c6a000 r--p 0001c000 fc:00 49676369                   /mydata/openjdk-mmtk/build/b0test/images/jdk/lib/libjava.so
7834c6c6a000-7834c6c6b000 r--p 00021000 fc:00 49676369                   /mydata/openjdk-mmtk/build/b0test/images/jdk/lib/libjava.so
7834c6c6b000-7834c6c6c000 rw-p 00022000 fc:00 49676369                   /mydata/openjdk-mmtk/build/b0test/images/jdk/lib/libjava.so
7834c6c6c000-7834c6c6d000 rw-p 00000000 00:00 0 
7834c6c6d000-7834c6c75000 rw-s 00000000 08:03 237591                     /tmp/hsperfdata_root/416287
7834c6c75000-7834c6c79000 r--p 00000000 fc:00 49676370                   /mydata/openjdk-mmtk/build/b0test/images/jdk/lib/libjimage.so
7834c6c79000-7834c6c90000 r-xp 00004000 fc:00 49676370                   /mydata/openjdk-mmtk/build/b0test/images/jdk/lib/libjimage.so
7834c6c90000-7834c6c95000 r--p 0001b000 fc:00 49676370                   /mydata/openjdk-mmtk/build/b0test/images/jdk/lib/libjimage.so
7834c6c95000-7834c6c97000 r--p 00020000 fc:00 49676370                   /mydata/openjdk-mmtk/build/b0test/images/jdk/lib/libjimage.so
7834c6c97000-7834c6c98000 rw-p 00022000 fc:00 49676370                   /mydata/openjdk-mmtk/build/b0test/images/jdk/lib/libjimage.so
7834c6c98000-7834c6c9c000 r--p 00000000 08:03 1410148                    /usr/lib/x86_64-linux-gnu/libgcc_s.so.1
7834c6c9c000-7834c6cc0000 r-xp 00004000 08:03 1410148                    /usr/lib/x86_64-linux-gnu/libgcc_s.so.1
7834c6cc0000-7834c6cc4000 r--p 00028000 08:03 1410148                    /usr/lib/x86_64-linux-gnu/libgcc_s.so.1
7834c6cc4000-7834c6cc5000 r--p 0002b000 08:03 1410148                    /usr/lib/x86_64-linux-gnu/libgcc_s.so.1
7834c6cc5000-7834c6cc6000 rw-p 0002c000 08:03 1410148                    /usr/lib/x86_64-linux-gnu/libgcc_s.so.1
7834c6cc6000-7834c6cd6000 r--p 00000000 08:03 1411099                    /usr/lib/x86_64-linux-gnu/libm.so.6
7834c6cd6000-7834c6d55000 r-xp 00010000 08:03 1411099                    /usr/lib/x86_64-linux-gnu/libm.so.6
7834c6d55000-7834c6dad000 r--p 0008f000 08:03 1411099                    /usr/lib/x86_64-linux-gnu/libm.so.6
7834c6dad000-7834c6dae000 r--p 000e7000 08:03 1411099                    /usr/lib/x86_64-linux-gnu/libm.so.6
7834c6dae000-7834c6daf000 rw-p 000e8000 08:03 1411099                    /usr/lib/x86_64-linux-gnu/libm.so.6
7834c6daf000-7834c6db1000 rw-p 00000000 00:00 0 
7834c6db1000-7834c6db3000 r--p 00000000 08:03 1409104                    /usr/lib/x86_64-linux-gnu/libz.so.1.3
7834c6db3000-7834c6dc5000 r-xp 00002000 08:03 1409104                    /usr/lib/x86_64-linux-gnu/libz.so.1.3
7834c6dc5000-7834c6dcb000 r--p 00014000 08:03 1409104                    /usr/lib/x86_64-linux-gnu/libz.so.1.3
7834c6dcb000-7834c6dcc000 r--p 0001a000 08:03 1409104                    /usr/lib/x86_64-linux-gnu/libz.so.1.3
7834c6dcc000-7834c6dcd000 rw-p 0001b000 08:03 1409104                    /usr/lib/x86_64-linux-gnu/libz.so.1.3
7834c6dce000-7834c6dcf000 r--s 00000000 fc:00 7871851                    /mydata/dacapo/dacapo-23.11/dacapo-23.11-MR2-chopin/dat/lusearch/index-default/_3.fdx
7834c6dd0000-7834c6dd2000 r--s 00000000 fc:00 7871853                    /mydata/dacapo/dacapo-23.11/dacapo-23.11-MR2-chopin/dat/lusearch/index-default/_3.nvd
7834c6dd2000-7834c6dd3000 rw-s 00000000 00:10 68                         anon_inode:bpf-map
7834c6dd3000-7834c6dd4000 r--s 00000000 00:10 68                         anon_inode:bpf-map
7834c6dd4000-7834c6dd5000 ---p 00000000 00:00 0 
7834c6dd5000-7834c6dd6000 r--p 00000000 00:00 0 
7834c6dd6000-7834c6dd7000 ---p 00000000 00:00 0 
7834c6dd7000-7834c6dd9000 r--p 00000000 fc:00 49676372                   /mydata/openjdk-mmtk/build/b0test/images/jdk/lib/libjli.so
7834c6dd9000-7834c6de3000 r-xp 00002000 fc:00 49676372                   /mydata/openjdk-mmtk/build/b0test/images/jdk/lib/libjli.so
7834c6de3000-7834c6de6000 r--p 0000c000 fc:00 49676372                   /mydata/openjdk-mmtk/build/b0test/images/jdk/lib/libjli.so
7834c6de6000-7834c6de7000 r--p 0000f000 fc:00 49676372                   /mydata/openjdk-mmtk/build/b0test/images/jdk/lib/libjli.so
7834c6de7000-7834c6de8000 rw-p 00010000 fc:00 49676372                   /mydata/openjdk-mmtk/build/b0test/images/jdk/lib/libjli.so
7834c6de8000-7834c6dea000 rw-p 00000000 00:00 0 
7834c6dea000-7834c6dee000 r--p 00000000 00:00 0                          [vvar]
7834c6dee000-7834c6df0000 r--p 00000000 00:00 0                          [vvar_vclock]
7834c6df0000-7834c6df2000 r-xp 00000000 00:00 0                          [vdso]
7834c6df2000-7834c6df3000 r--p 00000000 08:03 1409763                    /usr/lib/x86_64-linux-gnu/ld-linux-x86-64.so.2
7834c6df3000-7834c6e1e000 r-xp 00001000 08:03 1409763                    /usr/lib/x86_64-linux-gnu/ld-linux-x86-64.so.2
7834c6e1e000-7834c6e28000 r--p 0002c000 08:03 1409763                    /usr/lib/x86_64-linux-gnu/ld-linux-x86-64.so.2
7834c6e28000-7834c6e2a000 r--p 00036000 08:03 1409763                    /usr/lib/x86_64-linux-gnu/ld-linux-x86-64.so.2
7834c6e2a000-7834c6e2c000 rw-p 00038000 08:03 1409763                    /usr/lib/x86_64-linux-gnu/ld-linux-x86-64.so.2
7ffdc4175000-7ffdc4196000 rw-p 00000000 00:00 0                          [stack]
ffffffffff600000-ffffffffff601000 --xp 00000000 00:00 0                  [vsyscall]
Total number of mappings: 513

JVMTI agents: none


VM Arguments:
jvm_args: -XX:+UseThirdPartyHeap -Xms512m -Xmx512m 
java_command: /mydata/dacapo/dacapo-23.11/dacapo-23.11-MR2-chopin.jar lusearch -n 3
java_class_path (initial): /mydata/dacapo/dacapo-23.11/dacapo-23.11-MR2-chopin.jar
Launcher Type: SUN_STANDARD

[Global flags]
     intx CICompilerCount                          = 15                                        {product} {ergonomic}
   size_t InitialHeapSize                          = 536870912                                 {product} {command line}
   size_t MaxHeapSize                              = 536870912                                 {product} {command line}
   size_t MinHeapDeltaBytes                        = 524288                                    {product} {ergonomic}
   size_t MinHeapSize                              = 536870912                                 {product} {command line}
    uintx NonNMethodCodeHeapSize                   = 8192380                                {pd product} {ergonomic}
    uintx NonProfiledCodeHeapSize                  = 121732930                              {pd product} {ergonomic}
    uintx ProfiledCodeHeapSize                     = 121732930                              {pd product} {ergonomic}
    uintx ReservedCodeCacheSize                    = 251658240                              {pd product} {ergonomic}
     bool SegmentedCodeCache                       = true                                      {product} {ergonomic}
   size_t SoftMaxHeapSize                          = 536870912                              {manageable} {ergonomic}
     bool UseCompressedOops                        = true                           {product lp64_product} {ergonomic}

Logging:
Log output configuration:
 #0: stdout all=warning uptime,level,tags foldmultilines=false
 #1: stderr all=off uptime,level,tags foldmultilines=false

Release file:
IMPLEMENTOR="N/A"
JAVA_RUNTIME_VERSION="21.0.9-internal-adhoc.talzuss.openjdk-mmtk"
JAVA_VERSION="21.0.9"
JAVA_VERSION_DATE="2025-10-21"
LIBC="gnu"
MODULES="java.base java.compiler java.datatransfer java.xml java.prefs java.desktop java.instrument java.logging java.management java.security.sasl java.naming java.rmi java.management.rmi java.net.http java.scripting java.security.jgss java.transaction.xa java.sql java.sql.rowset java.xml.crypto java.se java.smartcardio jdk.accessibility jdk.internal.jvmstat jdk.attach jdk.charsets jdk.internal.opt jdk.zipfs jdk.compiler jdk.crypto.ec jdk.crypto.cryptoki jdk.dynalink jdk.internal.ed jdk.editpad jdk.hotspot.agent jdk.httpserver jdk.incubator.vector jdk.internal.le jdk.internal.vm.ci jdk.internal.vm.compiler jdk.internal.vm.compiler.management jdk.jartool jdk.javadoc jdk.jcmd jdk.management jdk.management.agent jdk.jconsole jdk.jdeps jdk.jdwp.agent jdk.jdi jdk.jfr jdk.jlink jdk.jpackage jdk.jshell jdk.jsobject jdk.jstatd jdk.localedata jdk.management.jfr jdk.naming.dns jdk.naming.rmi jdk.net jdk.nio.mapmode jdk.random jdk.sctp jdk.security.auth jdk.security.jgss jdk.unsupported jdk.unsupported.desktop jdk.xml.dom"
OS_ARCH="x86_64"
OS_NAME="Linux"
SOURCE=".:git:b557520f04b3+"

Environment Variables:
PATH=/usr/local/sbin:/usr/local/bin:/usr/sbin:/usr/bin:/sbin:/bin:/snap/bin
SHELL=/bin/bash
LANG=en_US.UTF-8
TERM=tmux-256color

Active Locale:
LC_ALL=en_US.UTF-8
LC_COLLATE=en_US.UTF-8
LC_CTYPE=en_US.UTF-8
LC_MESSAGES=en_US.UTF-8
LC_MONETARY=en_US.UTF-8
LC_NUMERIC=en_US.UTF-8
LC_TIME=en_US.UTF-8

Signal Handlers:
   SIGSEGV: crash_handler in libjvm.so, mask=11100100010111111101111111111110, flags=SA_RESTART|SA_SIGINFO, unblocked
    SIGBUS: crash_handler in libjvm.so, mask=11100100010111111101111111111110, flags=SA_RESTART|SA_SIGINFO, unblocked
    SIGFPE: crash_handler in libjvm.so, mask=11100100010111111101111111111110, flags=SA_RESTART|SA_SIGINFO, unblocked
   SIGPIPE: javaSignalHandler in libjvm.so, mask=11100100010111111101111111111110, flags=SA_RESTART|SA_SIGINFO, blocked
   SIGXFSZ: javaSignalHandler in libjvm.so, mask=11100100010111111101111111111110, flags=SA_RESTART|SA_SIGINFO, blocked
    SIGILL: crash_handler in libjvm.so, mask=11100100010111111101111111111110, flags=SA_RESTART|SA_SIGINFO, unblocked
   SIGUSR2: SR_handler in libjvm.so, mask=00000000000000000000000000000000, flags=SA_RESTART|SA_SIGINFO, blocked
    SIGHUP: UserHandler in libjvm.so, mask=11100100010111111101111111111110, flags=SA_RESTART|SA_SIGINFO, blocked
    SIGINT: UserHandler in libjvm.so, mask=11100100010111111101111111111110, flags=SA_RESTART|SA_SIGINFO, blocked
   SIGTERM: UserHandler in libjvm.so, mask=11100100010111111101111111111110, flags=SA_RESTART|SA_SIGINFO, blocked
   SIGQUIT: UserHandler in libjvm.so, mask=11100100010111111101111111111110, flags=SA_RESTART|SA_SIGINFO, blocked
   SIGTRAP: crash_handler in libjvm.so, mask=11100100010111111101111111111110, flags=SA_RESTART|SA_SIGINFO, unblocked


Periodic native trim disabled

---------------  S Y S T E M  ---------------

OS:
DISTRIB_ID=Ubuntu
DISTRIB_RELEASE=24.04
DISTRIB_CODENAME=noble
DISTRIB_DESCRIPTION="Ubuntu 24.04.4 LTS"
uname: Linux 6.17.0-bpf-fault+ #1 SMP PREEMPT_DYNAMIC Mon Jul  6 16:43:12 MDT 2026 x86_64
OS uptime: 1 days 1:12 hours
libc: glibc 2.39 NPTL 2.39 
rlimit (soft/hard): STACK 8192k/infinity , CORE 0k/0k , NPROC 513205/513205 , NOFILE 1048576/1048576 , AS infinity/infinity , CPU infinity/infinity , DATA infinity/infinity , FSIZE infinity/infinity , MEMLOCK 16436528k/16436528k
load average: 6.43 3.76 1.84

/proc/meminfo:
MemTotal:       131492232 kB
MemFree:        64967580 kB
MemAvailable:   112197988 kB
Buffers:          549756 kB
Cached:         45939464 kB
SwapCached:            0 kB
Active:          4482004 kB
Inactive:       45666276 kB
Active(anon):    3675516 kB
Inactive(anon):        0 kB
Active(file):     806488 kB
Inactive(file): 45666276 kB
Unevictable:       41912 kB
Mlocked:           38840 kB
SwapTotal:       8388604 kB
SwapFree:        8388604 kB
Zswap:                 0 kB
Zswapped:              0 kB
Dirty:            837928 kB
Writeback:             0 kB
AnonPages:       3701812 kB
Mapped:         12910676 kB
Shmem:              5308 kB
KReclaimable:    2009328 kB
Slab:            2551232 kB
SReclaimable:    2009328 kB
SUnreclaim:       541904 kB
KernelStack:       12928 kB
PageTables:        72624 kB
SecPageTables:      9180 kB
NFS_Unstable:          0 kB
Bounce:                0 kB
WritebackTmp:          0 kB
CommitLimit:    74134720 kB
Committed_AS:   165171732 kB
VmallocTotal:   34359738367 kB
VmallocUsed:       38836 kB
VmallocChunk:          0 kB
Percpu:            51072 kB
HardwareCorrupted:     0 kB
AnonHugePages:         0 kB
ShmemHugePages:        0 kB
ShmemPmdMapped:        0 kB
FileHugePages:   2177024 kB
FilePmdMapped:         0 kB
Unaccepted:            0 kB
Balloon:               0 kB
HugePages_Total:       0
HugePages_Free:        0
HugePages_Rsvd:        0
HugePages_Surp:        0
Hugepagesize:       2048 kB
Hugetlb:               0 kB
DirectMap4k:      953152 kB
DirectMap2M:    29042688 kB
DirectMap1G:    103809024 kB

/sys/kernel/mm/transparent_hugepage/enabled: always [madvise] never
/sys/kernel/mm/transparent_hugepage/hpage_pmd_size: 2097152
/sys/kernel/mm/transparent_hugepage/defrag (defrag/compaction efforts parameter): always defer defer+madvise [madvise] never

Process Memory:
Virtual Size: 13620342520K (peak: 13620342520K)
Resident Set Size: 4299996K (peak: 4299996K) (anon: 1118608K, file: 3181388K, shmem: 0K)
Swapped out: 0K
C-Heap outstanding allocations: 1453967K, retained: 46372K
glibc malloc tunables: (default)

/proc/sys/kernel/threads-max (system-wide limit on the number of threads): 1026411
/proc/sys/vm/max_map_count (maximum number of memory map areas a process may have): 1048576
/proc/sys/vm/swappiness (control to define how aggressively the kernel swaps out anonymous memory): 60
/proc/sys/kernel/pid_max (system-wide limit on number of process identifiers): 4194304

container information not found.
Steal ticks since vm start: 0
Steal ticks percentage since vm start:  0.000

CPU: total 32 (initial active 32) (32 cores per cpu, 2 threads per core) family 23 model 49 stepping 0 microcode 0x830107c, cx8, cmov, fxsr, ht, mmx, 3dnowpref, sse, sse2, sse3, ssse3, sse4a, sse4.1, sse4.2, popcnt, lzcnt, tsc, tscinvbit, avx, avx2, aes, clmul, bmi1, bmi2, adx, sha, fma, vzeroupper, clflush, clflushopt, rdtscp, rdpid, f16c
CPU Model and flags from /proc/cpuinfo:
model name	: AMD EPYC 7302P 16-Core Processor
flags		: fpu vme de pse tsc msr pae mce cx8 apic sep mtrr pge mca cmov pat pse36 clflush mmx fxsr sse sse2 ht syscall nx mmxext fxsr_opt pdpe1gb rdtscp lm constant_tsc rep_good nopl xtopology nonstop_tsc cpuid extd_apicid aperfmperf rapl pni pclmulqdq monitor ssse3 fma cx16 sse4_1 sse4_2 movbe popcnt aes xsave avx f16c rdrand lahf_lm cmp_legacy svm extapic cr8_legacy abm sse4a misalignsse 3dnowprefetch osvw ibs skinit wdt tce topoext perfctr_core perfctr_nb bpext perfctr_llc mwaitx cpb cat_l3 cdp_l3 hw_pstate ssbd mba ibrs ibpb stibp vmmcall fsgsbase bmi1 avx2 smep bmi2 cqm rdt_a rdseed adx smap clflushopt clwb sha_ni xsaveopt xsavec xgetbv1 xsaves cqm_llc cqm_occup_llc cqm_mbm_total cqm_mbm_local clzero irperf xsaveerptr rdpru wbnoinvd amd_ppin arat npt lbrv svm_lock nrip_save tsc_scale vmcb_clean flushbyasid decodeassists pausefilter pfthreshold avic v_vmsave_vmload vgif v_spec_ctrl umip rdpid overflow_recov succor smca sev sev_es

Online cpus: 0-31
Offline cpus: 
BIOS frequency limitation: <Not Available>
Frequency switch latency (ns): <Not Available>
Available cpu frequencies: <Not Available>
Current governor: <Not Available>
Core performance/turbo boost: <Not Available>

Memory: 4k page, physical 131492232k(112197988k free), swap 8388604k(8388604k free)
Page Sizes: 4k

vm_info: OpenJDK 64-Bit Server VM (21.0.9-internal-adhoc.talzuss.openjdk-mmtk) for linux-amd64 JRE (21.0.9-internal-adhoc.talzuss.openjdk-mmtk), built on 2026-07-06T23:13:08Z by "talzuss" with gcc 13.3.0
heap_info: MMTk OpenJDK 0.32.0 (a3bb9ef-dirty), using MMTk 0.32.0 (ec64c30-dirty, BUILTIN_ENV_LOGGER, DEFAULT, EAGER_SWEEPING, VO_BIT)

END.
