#
# A fatal error has been detected by the Java Runtime Environment:
#
#  SIGSEGV (0xb) at pc=0x0000726389ccb40c, pid=438246, tid=438265
#
# JRE version: OpenJDK Runtime Environment (21.0.9) (build 21.0.9-internal-adhoc.talzuss.openjdk-mmtk)
# Java VM: OpenJDK 64-Bit Server VM (21.0.9-internal-adhoc.talzuss.openjdk-mmtk, mixed mode, sharing, tiered, compressed oops, compressed class ptrs, third-party gc, linux-amd64)
# Problematic frame:
# C  [libmmtk_openjdk.so+0x2cb40c]  _$LT$F$u20$as$u20$mmtk..vm..scanning..SlotVisitor$LT$SL$GT$$GT$::visit_slot::h81dcf91a3f9f67cd+0x11c
#
# No core dump will be written. Core dumps have been disabled. To enable core dumping, try "ulimit -c unlimited" before starting Java again
#
# If you would like to submit a bug report, please visit:
#   https://bugreport.java.com/bugreport/crash.jsp
#

---------------  S U M M A R Y ------------

Command Line: -XX:+UseThirdPartyHeap -Xms512m -Xmx512m /mydata/dacapo/dacapo-23.11/dacapo-23.11-MR2-chopin.jar xalan -n 3

Host: AMD EPYC 7302P 16-Core Processor, 32 cores, 125G, Ubuntu 24.04.4 LTS
Time: Tue Jul  7 19:32:05 2026 MDT elapsed time: 5.703562 seconds (0d 0h 0m 5s)

---------------  T H R E A D  ---------------

Current thread (0x0000726384539b30):  NamedThread "MMTk Collector Thread" [id=438265, stack(0x000065b694efe000,0x000065b694ffe000) (1024K)]

Stack: [0x000065b694efe000,0x000065b694ffe000],  sp=0x000065b694ffc7e0,  free space=1017k
Native frames: (J=compiled Java code, j=interpreted, Vv=VM code, C=native code)
C  [libmmtk_openjdk.so+0x2cb40c]  _$LT$F$u20$as$u20$mmtk..vm..scanning..SlotVisitor$LT$SL$GT$$GT$::visit_slot::h81dcf91a3f9f67cd+0x11c

siginfo: si_signo: 11 (SIGSEGV), si_code: 1 (SEGV_MAPERR), si_addr: 0x0000000094d8b2e0

Registers:
RAX=0x0000000094d8b2e0, RBX=0x0000000000000997, RCX=0x0000000040000000, RDX=0x0000000000054d8b
RSP=0x000065b694ffc7e0, RBP=0x00000000000065b6, RSI=0x0000000094d8b2e0, RDI=0x000065b694ffc920
R8 =0x0000726389e0e248, R9 =0x00000000c0000000, R10=0x0000000000000001, R11=0x000065b5f0009d20
R12=0x000065b64f072808, R13=0x000065b2a388e288, R14=0x0000000000000001, R15=0x0000000000000997
RIP=0x0000726389ccb40c, EFLAGS=0x0000000000010202, CSGSFS=0x002b000000000033, ERR=0x0000000000000004
  TRAPNO=0x000000000000000e

XMM[0]=0x0000000000000000 0x0000000000000000
XMM[1]=0x0000000000000000 0x000065b5f0000090
XMM[2]=0xffff20ff57594b51 0x5414ff4b4e3e6911
XMM[3]=0x0000000000000000 0x00000000000000ff
XMM[4]=0x0000000000000000 0x000065b5f0000090
XMM[5]=0x000000000025f898 0x0000000000000001
XMM[6]=0x0000000000000001 0x0000000000000001
XMM[7]=0x0000000000690072 0x0000000000740073
XMM[8]=0x000000004009e6c0 0x000000004009ef50
XMM[9]=0x0000000000000000 0x0000000000000000
XMM[10]=0x3f3f3f3f3f3f3f3f 0x3f3f3f3f3f3f3f3f
XMM[11]=0x9999999999999999 0x9999999999999999
XMM[12]=0x2020202020202020 0x2020202020202020
XMM[13]=0x0000000000000000 0x0000000000000000
XMM[14]=0x0000000000000000 0x0000000000000000
XMM[15]=0x0000000000000000 0x0000000000000000
  MXCSR=0x00001fa2


Register to memory mapping:

RAX=
[error occurred during error reporting (printing register info), id 0xe0000000, Internal Error (/mydata/mmtk-openjdk/openjdk/share/mmtkHeap.cpp:444)]
RBX=
[error occurred during error reporting (printing register info, attempt 2), id 0xe0000000, Internal Error (/mydata/mmtk-openjdk/openjdk/share/mmtkHeap.cpp:444)]
RCX=
[error occurred during error reporting (printing register info, attempt 3), id 0xe0000000, Internal Error (/mydata/mmtk-openjdk/openjdk/share/mmtkHeap.cpp:444)]
Top of Stack: (sp=0x000065b694ffc7e0)
0x000065b694ffc7e0:   00000000456834e0 00000000456834e0
0x000065b694ffc7f0:   000065b694ffc830 000065b694ffc8e0
0x000065b694ffc800:   00000000456c8d68 0000000000ad91ad
0x000065b694ffc810:   000065b694ffc920 00000000456c8608
0x000065b694ffc820:   0000000094d8b2e0 0000726389c77d9b
0x000065b694ffc830:   0000000000000000 000065b5f0004990
0x000065b694ffc840:   0000000000000800 0000000000000080
0x000065b694ffc850:   0000000000ad9200 0000726389c995af
0x000065b694ffc860:   000065b694ffc8a0 040065b694ffc8e0
0x000065b694ffc870:   000065b694ffc8e0 00000000456c8fe8
0x000065b694ffc880:   0000726389ddde98 000065b694ffc878
0x000065b694ffc890:   000065b694ffc86f 0000000000000098
0x000065b694ffc8a0:   0000726389e0e248 0000000000000490
0x000065b694ffc8b0:   0000726389b96a20 000065b5f0004990
0x000065b694ffc8c0:   0000000000000000 0000726389cc1e46
0x000065b694ffc8d0:   0000000000000100 00007263843dff80
0x000065b694ffc8e0:   0000000000000100 000065b5f0004990
0x000065b694ffc8f0:   0000000000000092 000065b5f000b6b8
0x000065b694ffc900:   00002000056c8000 000065b604025e20
0x000065b694ffc910:   0000000000008000 000065b618004150
0x000065b694ffc920:   000065b694ffca48 0000726389e0e248
0x000065b694ffc930:   000065b694ffca50 000065b694ffc900
0x000065b694ffc940:   000065b694ffca40 000065b694ffc91f
0x000065b694ffc950:   000065b694ffc9f0 000065b694ffca20
0x000065b694ffc960:   000065b618004150 000065b5fc022ca0
0x000065b694ffc970:   000072638452ce60 00000000456c7fd0
0x000065b694ffc980:   0000000000000000 0000000000000001
0x000065b694ffc990:   0000000000000178 000065b694ffca00
0x000065b694ffc9a0:   0000726384058b10 0000000000000014
0x000065b694ffc9b0:   0000000000000004 0000726389dd0550
0x000065b694ffc9c0:   0000000000000000 8000000000000000
0x000065b694ffc9d0:   8000000000000000 0000000000000000 

Instructions: (pc=0x0000726389ccb40c)
0x0000726389ccb30c:   48 39 c8 0f 82 e8 00 00 00 4c 8b 47 08 4d 8b 48
0x0000726389ccb31c:   60 49 8d 14 09 48 39 d0 0f 83 d3 00 00 00 4d 8b
0x0000726389ccb32c:   58 58 48 89 c2 4c 29 da 4f 8d 14 0b 48 c1 ea 0c
0x0000726389ccb33c:   4c 39 d0 49 c7 c6 ff ff ff ff 4c 0f 42 f2 48 c7
0x0000726389ccb34c:   c3 ff ff ff ff 4c 39 d8 4c 0f 42 f3 4c 8b 7f 10
0x0000726389ccb35c:   4d 3b 37 75 10 48 8b 4f 18 48 8b 77 20 48 8b 11
0x0000726389ccb36c:   48 8b 0e eb 64 4c 39 d0 4c 8b 77 30 4d 8b 56 10
0x0000726389ccb37c:   48 0f 43 d3 4c 39 d8 48 0f 42 d3 4d 85 d2 74 7b
0x0000726389ccb38c:   4d 8b 5e 08 31 db 49 83 fa 01 74 23 0f 1f 84 00
0x0000726389ccb39c:   00 00 00 00 4d 89 d6 49 d1 ee 4d 8d 3c 1e 4b 39
0x0000726389ccb3ac:   14 fb 49 0f 46 df 4d 29 f2 49 83 fa 01 77 e5 49
0x0000726389ccb3bc:   39 14 db 75 46 49 c1 e9 0c 4c 39 ca 73 7f 48 c1
0x0000726389ccb3cc:   e2 0c 48 01 d1 49 03 50 70 48 29 c8 44 8b 34 02
0x0000726389ccb3dc:   4d 85 f6 74 1c 48 8b 5f 38 4c 8b 7b 10 4c 3b 3b
0x0000726389ccb3ec:   74 47 48 8b 43 08 4e 89 34 f8 49 ff c7 4c 89 7b
0x0000726389ccb3fc:   10 48 83 c4 30 5b 41 5e 41 5f c3 48 85 f6 78 33
0x0000726389ccb40c:   44 8b 36 4d 85 f6 74 e9 48 8b 05 bd 46 14 00 48
0x0000726389ccb41c:   8b 0d be 46 14 00 49 d3 e6 49 01 c6 48 8b 5f 38
0x0000726389ccb42c:   4c 8b 7b 10 4c 3b 3b 75 b9 48 89 df e8 b3 37 f0
0x0000726389ccb43c:   ff eb af 4c 8b 30 4d 85 f6 75 9a eb b4 48 8d 05
0x0000726389ccb44c:   40 aa 10 00 48 89 04 24 48 c7 44 24 08 01 00 00
0x0000726389ccb45c:   00 48 c7 44 24 10 08 00 00 00 0f 57 c0 0f 11 44
0x0000726389ccb46c:   24 18 48 8d 35 2b aa 10 00 48 89 e7 e8 93 a7 ec
0x0000726389ccb47c:   ff cc cc cc 41 57 41 56 53 48 83 ec 30 48 b8 ff
0x0000726389ccb48c:   ff ff ff ff ff ff 7f 48 21 f0 48 8b 0f 48 8b 09
0x0000726389ccb49c:   48 39 c8 0f 82 f2 00 00 00 4c 8b 47 08 4d 8b 48
0x0000726389ccb4ac:   60 49 8d 14 09 48 39 d0 0f 83 dd 00 00 00 4d 8b
0x0000726389ccb4bc:   58 58 48 89 c2 4c 29 da 4f 8d 14 0b 48 c1 ea 0c
0x0000726389ccb4cc:   4c 39 d0 49 c7 c6 ff ff ff ff 4c 0f 42 f2 48 c7
0x0000726389ccb4dc:   c3 ff ff ff ff 4c 39 d8 4c 0f 42 f3 4c 8b 7f 10
0x0000726389ccb4ec:   4d 3b 37 75 10 48 8b 4f 18 48 8b 77 20 48 8b 11
0x0000726389ccb4fc:   48 8b 0e eb 64 4c 39 d0 4c 8b 77 30 4d 8b 56 10 


Stack slot to memory mapping:

stack at sp + 0 slots: 
[error occurred during error reporting (inspecting top of stack), id 0xe0000000, Internal Error (/mydata/mmtk-openjdk/openjdk/share/mmtkHeap.cpp:444)]
stack at sp + 1 slots: 
[error occurred during error reporting (inspecting top of stack, attempt 2), id 0xe0000000, Internal Error (/mydata/mmtk-openjdk/openjdk/share/mmtkHeap.cpp:444)]
stack at sp + 2 slots: 
[error occurred during error reporting (inspecting top of stack, attempt 3), id 0xe0000000, Internal Error (/mydata/mmtk-openjdk/openjdk/share/mmtkHeap.cpp:444)]

---------------  P R O C E S S  ---------------

Threads class SMR info:
_java_thread_list=0x000065b51c42a890, length=47, elements={
0x000072638402b240, 0x0000726384526f30, 0x00007263845287c0, 0x000072638452a2b0,
0x0000726384548ae0, 0x000072638454a430, 0x000072638454bcf0, 0x000072638454db30,
0x000072638454f510, 0x000072638459e1f0, 0x00007263845a1200, 0x00007263843d62c0,
0x00007263845c95b0, 0x00007263845cae00, 0x00007263845d2ab0, 0x00007263845c7d60,
0x00007263845d8320, 0x00007263845d54d0, 0x00007263843e2860, 0x00007263843e40a0,
0x00007263845d3ed0, 0x00007263847a2310, 0x00007263847a8860, 0x00007263847a36b0,
0x00007263847a1390, 0x00007263847a5e50, 0x00007263847a73c0, 0x00007263847ac860,
0x00007263847adc10, 0x00007263845d9b80, 0x00007263843aa6e0, 0x0000726384065610,
0x000072638475c1b0, 0x000072638475cbd0, 0x0000726384783b80, 0x0000726384784990,
0x00007263843da100, 0x00007263843dac00, 0x00007263843dbab0, 0x00007263843dc960,
0x00007263843dd810, 0x00007263843de6c0, 0x00007263843b1f00, 0x000065b5c82ac6c0,
0x000065b57400b9e0, 0x000065b5c82ae340, 0x000065b51c0aebf0
}

Java Threads: ( => current thread )
  0x000072638402b240 JavaThread "main"                              [_thread_blocked, id=438247, stack(0x0000726389e17000,0x0000726389f17000) (1024K)]
  0x0000726384526f30 JavaThread "Reference Handler"          daemon [_thread_blocked, id=438252, stack(0x0000726388700000,0x0000726388800000) (1024K)]
  0x00007263845287c0 JavaThread "Finalizer"                  daemon [_thread_blocked, id=438253, stack(0x0000726388600000,0x0000726388700000) (1024K)]
  0x000072638452a2b0 JavaThread "MMTk Finalizer Thread"      daemon [_thread_blocked, id=438254, stack(0x0000726388500000,0x0000726388600000) (1024K)]
  0x0000726384548ae0 JavaThread "Signal Dispatcher"          daemon [_thread_blocked, id=438278, stack(0x000065b6941f1000,0x000065b6942f1000) (1024K)]
  0x000072638454a430 JavaThread "Service Thread"             daemon [_thread_blocked, id=438279, stack(0x000065b6940f1000,0x000065b6941f1000) (1024K)]
  0x000072638454bcf0 JavaThread "Monitor Deflation Thread"   daemon [_thread_blocked, id=438280, stack(0x000065b64ef00000,0x000065b64f000000) (1024K)]
  0x000072638454db30 JavaThread "C2 CompilerThread0"         daemon [_thread_blocked, id=438281, stack(0x000065b64ee00000,0x000065b64ef00000) (1024K)]
  0x000072638454f510 JavaThread "C1 CompilerThread0"         daemon [_thread_blocked, id=438282, stack(0x000065b64ed00000,0x000065b64ee00000) (1024K)]
  0x000072638459e1f0 JavaThread "Notification Thread"        daemon [_thread_blocked, id=438284, stack(0x000065b64eb00000,0x000065b64ec00000) (1024K)]
  0x00007263845a1200 JavaThread "Common-Cleaner"             daemon [_thread_blocked, id=438285, stack(0x000065b64ea00000,0x000065b64eb00000) (1024K)]
  0x00007263843d62c0 JavaThread "Thread-32"                         [_thread_blocked, id=438330, stack(0x000065b64c800000,0x000065b64c900000) (1024K)]
  0x00007263845c95b0 JavaThread "Thread-33"                         [_thread_blocked, id=438331, stack(0x000065b64d000000,0x000065b64d100000) (1024K)]
  0x00007263845cae00 JavaThread "Thread-34"                         [_thread_blocked, id=438332, stack(0x000065b64d700000,0x000065b64d800000) (1024K)]
  0x00007263845d2ab0 JavaThread "Thread-35"                         [_thread_blocked, id=438333, stack(0x000065b64d200000,0x000065b64d300000) (1024K)]
  0x00007263845c7d60 JavaThread "Thread-36"                         [_thread_blocked, id=438334, stack(0x000065b64c500000,0x000065b64c600000) (1024K)]
  0x00007263845d8320 JavaThread "Thread-37"                         [_thread_blocked, id=438335, stack(0x000065b64e100000,0x000065b64e200000) (1024K)]
  0x00007263845d54d0 JavaThread "Thread-38"                         [_thread_blocked, id=438336, stack(0x000065b64cf00000,0x000065b64d000000) (1024K)]
  0x00007263843e2860 JavaThread "Thread-39"                         [_thread_blocked, id=438337, stack(0x000065b64cd00000,0x000065b64ce00000) (1024K)]
  0x00007263843e40a0 JavaThread "Thread-40"                         [_thread_blocked, id=438338, stack(0x000065b64cb00000,0x000065b64cc00000) (1024K)]
  0x00007263845d3ed0 JavaThread "Thread-41"                         [_thread_blocked, id=438339, stack(0x000065b64df00000,0x000065b64e000000) (1024K)]
  0x00007263847a2310 JavaThread "Thread-42"                         [_thread_blocked, id=438340, stack(0x000065b64d900000,0x000065b64da00000) (1024K)]
  0x00007263847a8860 JavaThread "Thread-43"                         [_thread_blocked, id=438341, stack(0x000065b64e200000,0x000065b64e300000) (1024K)]
  0x00007263847a36b0 JavaThread "Thread-44"                         [_thread_blocked, id=438342, stack(0x000065b64e400000,0x000065b64e500000) (1024K)]
  0x00007263847a1390 JavaThread "Thread-45"                         [_thread_blocked, id=438343, stack(0x000065b64d600000,0x000065b64d700000) (1024K)]
  0x00007263847a5e50 JavaThread "Thread-46"                         [_thread_blocked, id=438344, stack(0x000065b64ca00000,0x000065b64cb00000) (1024K)]
  0x00007263847a73c0 JavaThread "Thread-47"                         [_thread_blocked, id=438345, stack(0x000065b64d500000,0x000065b64d600000) (1024K)]
  0x00007263847ac860 JavaThread "Thread-48"                         [_thread_blocked, id=438346, stack(0x000065b64e300000,0x000065b64e400000) (1024K)]
  0x00007263847adc10 JavaThread "Thread-49"                         [_thread_blocked, id=438347, stack(0x000065b64cc00000,0x000065b64cd00000) (1024K)]
  0x00007263845d9b80 JavaThread "Thread-50"                         [_thread_blocked, id=438348, stack(0x000065b64dd00000,0x000065b64de00000) (1024K)]
  0x00007263843aa6e0 JavaThread "Thread-51"                         [_thread_blocked, id=438349, stack(0x000065b64c600000,0x000065b64c700000) (1024K)]
  0x0000726384065610 JavaThread "Thread-52"                         [_thread_blocked, id=438350, stack(0x000065b64db00000,0x000065b64dc00000) (1024K)]
  0x000072638475c1b0 JavaThread "Thread-53"                         [_thread_blocked, id=438351, stack(0x000065b64de00000,0x000065b64df00000) (1024K)]
  0x000072638475cbd0 JavaThread "Thread-54"                         [_thread_blocked, id=438352, stack(0x000065b64c700000,0x000065b64c800000) (1024K)]
  0x0000726384783b80 JavaThread "Thread-55"                         [_thread_blocked, id=438353, stack(0x000065b64dc00000,0x000065b64dd00000) (1024K)]
  0x0000726384784990 JavaThread "Thread-56"                         [_thread_blocked, id=438354, stack(0x000065b64e000000,0x000065b64e100000) (1024K)]
  0x00007263843da100 JavaThread "Thread-57"                         [_thread_blocked, id=438355, stack(0x000065b64c900000,0x000065b64ca00000) (1024K)]
  0x00007263843dac00 JavaThread "Thread-58"                         [_thread_blocked, id=438356, stack(0x000065b64ce00000,0x000065b64cf00000) (1024K)]
  0x00007263843dbab0 JavaThread "Thread-59"                         [_thread_blocked, id=438357, stack(0x000065b64d300000,0x000065b64d400000) (1024K)]
  0x00007263843dc960 JavaThread "Thread-60"                         [_thread_blocked, id=438358, stack(0x000065b64d400000,0x000065b64d500000) (1024K)]
  0x00007263843dd810 JavaThread "Thread-61"                         [_thread_blocked, id=438359, stack(0x000065b64d800000,0x000065b64d900000) (1024K)]
  0x00007263843de6c0 JavaThread "Thread-62"                         [_thread_blocked, id=438360, stack(0x000065b64d100000,0x000065b64d200000) (1024K)]
  0x00007263843b1f00 JavaThread "Thread-63"                         [_thread_blocked, id=438361, stack(0x000065b64e900000,0x000065b64ea00000) (1024K)]
  0x000065b5c82ac6c0 JavaThread "C1 CompilerThread1"         daemon [_thread_blocked, id=438362, stack(0x000065b64da00000,0x000065b64db00000) (1024K)]
  0x000065b57400b9e0 JavaThread "C2 CompilerThread1"         daemon [_thread_blocked, id=438363, stack(0x000065b64e500000,0x000065b64e600000) (1024K)]
  0x000065b5c82ae340 JavaThread "C2 CompilerThread2"         daemon [_thread_blocked, id=438364, stack(0x000065b64c400000,0x000065b64c500000) (1024K)]
  0x000065b51c0aebf0 JavaThread "C2 CompilerThread3"         daemon [_thread_blocked, id=438365, stack(0x000065b64c300000,0x000065b64c400000) (1024K)]
Total: 47

Other Threads:
  0x000072638451ba80 VMThread "VM Thread"                           [id=438251, stack(0x0000726388afd000,0x0000726388bfd000) (1024K)]
  0x00007263845096d0 WatcherThread "VM Periodic Task Thread"        [id=438250, stack(0x0000726388bfe000,0x0000726388cfe000) (1024K)]

=>0x0000726384539b30 (exited) NamedThread "MMTk Collector Thread"   [id=438265, stack(0x000065b694efe000,0x000065b694ffe000) (1024K)]
Total: 3

Threads with active compile tasks:
C2 CompilerThread0  5706 3689  s!   4       org.apache.xml.dtm.ref.DTMManagerDefault::getDTM (900 bytes)
C2 CompilerThread1  5706 3701       4       org.apache.xerces.impl.XMLDocumentScannerImpl::startEntity (70 bytes)
C2 CompilerThread2  5706 3706       4       java.io.BufferedReader::implReadLine (301 bytes)
C2 CompilerThread3  5706 3663       4       java.io.BufferedReader::readLine (7 bytes)
Total: 4

VM state: at safepoint (normal execution)

VM Mutex/Monitor currently owned by a thread:  ([mutex/lock_event])
[0x000072638b5580d0] Threads_lock - owner thread: 0x000072638451ba80
[0x000072638b557fd0] Heap_lock - owner thread: 0x00007263843e4ec0

Heap address: 0x0000000040000000, size: 3072 MB, Compressed Oops mode: 32-bit

CDS archive(s) mapped at: [0x000065b64f000000-0x000065b64fca3000-0x000065b64fca3000), size 13250560, SharedBaseAddress: 0x000065b64f000000, ArchiveRelocationMode: 1.
Compressed class space mapped at: 0x000065b650000000-0x000065b690000000, reserved size: 1073741824
Narrow klass base: 0x000065b64f000000, Narrow klass shift: 0, Narrow klass range: 0x100000000

GC Precious Log:
<Empty>

Heap:

[error occurred during error reporting (printing heap information), id 0xe0000000, Internal Error (/mydata/mmtk-openjdk/openjdk/share/mmtkHeap.cpp:424)]
Metaspace:

Usage:
  Non-class:      7.24 MB used.
      Class:    975.62 KB used.
       Both:      8.19 MB used.

Virtual space:
  Non-class space:       64.00 MB reserved,       7.38 MB ( 12%) committed,  1 nodes.
      Class space:        1.00 GB reserved,       1.06 MB ( <1%) committed,  1 nodes.
             Both:        1.06 GB reserved,       8.44 MB ( <1%) committed. 

Chunk freelists:
   Non-Class:  7.17 MB
       Class:  14.98 MB
        Both:  22.15 MB

MaxMetaspaceSize: unlimited
CompressedClassSpaceSize: 1.00 GB
Initial GC threshold: 21.00 MB
Current GC threshold: 21.00 MB
CDS: on
 - commit_granule_bytes: 65536.
 - commit_granule_words: 8192.
 - virtual_space_node_default_size: 8388608.
 - enlarge_chunks_in_place: 1.
 - use_allocation_guard: 0.


Internal statistics:

num_allocs_failed_limit: 0.
num_arena_births: 118.
num_arena_deaths: 0.
num_vsnodes_births: 2.
num_vsnodes_deaths: 0.
num_space_committed: 135.
num_space_uncommitted: 0.
num_chunks_returned_to_freelist: 0.
num_chunks_taken_from_freelist: 377.
num_chunk_merges: 0.
num_chunk_splits: 264.
num_chunks_enlarged: 208.
num_inconsistent_stats: 0.

CodeHeap 'non-profiled nmethods': size=118880Kb used=4698Kb max_used=4698Kb free=114181Kb
 bounds [0x00007263743e8000, 0x0000726374888000, 0x000072637b800000]
CodeHeap 'profiled nmethods': size=118876Kb used=7340Kb max_used=7340Kb free=111535Kb
 bounds [0x000072636c800000, 0x000072636cf30000, 0x0000726373c17000]
CodeHeap 'non-nmethods': size=8004Kb used=1773Kb max_used=3578Kb free=6230Kb
 bounds [0x0000726373c17000, 0x0000726373fa7000, 0x00007263743e8000]
CodeCache: size=245760Kb, used=13811Kb, max_used=15616Kb, free=231946Kb
 total_blobs=4178, nmethods=3698, adapters=382, full_count=0
Compilation: enabled, stopped_count=0, restarted_count=0

Compilation events (20 events):
Event: 5.632 Thread 0x000065b5c82ae340 nmethod 3640 0x0000726374878010 code [0x0000726374878260, 0x0000726374878a78]
Event: 5.632 Thread 0x000065b5c82ae340 3694   !   4       org.apache.xerces.impl.XMLVersionDetector::determineDocVersion (275 bytes)
Event: 5.632 Thread 0x000065b57400b9e0 nmethod 3693 0x0000726374879210 code [0x00007263748793c0, 0x00007263748797e8]
Event: 5.632 Thread 0x000065b57400b9e0 3695   !   4       java.io.RandomAccessFile::readBytes (32 bytes)
Event: 5.633 Thread 0x000065b57400b9e0 nmethod 3695 0x0000726374879b90 code [0x0000726374879d40, 0x0000726374879ea0]
Event: 5.633 Thread 0x000065b57400b9e0 3696       4       org.apache.xml.dtm.ref.sax2dtm.SAX2DTM::setDocumentLocator (16 bytes)
Event: 5.635 Thread 0x000065b57400b9e0 nmethod 3696 0x000072637487a090 code [0x000072637487a240, 0x000072637487a5c8]
Event: 5.639 Thread 0x000065b5c82ae340 nmethod 3694 0x000072637487a890 code [0x000072637487aa80, 0x000072637487afc8]
Event: 5.645 Thread 0x000065b5c82ae340 3697       4       org.apache.xerces.parsers.XIncludeAwareParserConfiguration::configurePipeline (300 bytes)
Event: 5.645 Thread 0x000065b57400b9e0 3698       4       org.apache.xerces.impl.XMLVersionDetector::startDocumentParsing (68 bytes)
Event: 5.646 Thread 0x000065b5c82ae340 nmethod 3697 0x000072637487b410 code [0x000072637487b5a0, 0x000072637487b6a8]
Event: 5.646 Thread 0x000065b5c82ae340 3699       4       org.apache.xml.dtm.ref.sax2dtm.SAX2DTM::startDocument (50 bytes)
Event: 5.652 Thread 0x000065b5c82ae340 nmethod 3699 0x000072637487b790 code [0x000072637487b980, 0x000072637487c360]
Event: 5.652 Thread 0x000065b5c82ae340 3706       4       java.io.BufferedReader::implReadLine (301 bytes)
Event: 5.655 Thread 0x000065b5c82ac6c0 3707       3       sun.nio.cs.StreamEncoder::implFlushBuffer (15 bytes)
Event: 5.656 Thread 0x000065b5c82ac6c0 nmethod 3707 0x000072636cf2af90 code [0x000072636cf2b140, 0x000072636cf2b2d0]
Event: 5.662 Thread 0x000065b57400b9e0 nmethod 3698 0x000072637487c690 code [0x000072637487c920, 0x000072637487dc58]
Event: 5.662 Thread 0x000065b57400b9e0 3700   !   4       org.apache.xerces.impl.XMLEntityManager::closeReaders (38 bytes)
Event: 5.662 Thread 0x000065b57400b9e0 nmethod 3700 0x000072637487e690 code [0x000072637487e820, 0x000072637487ea38]
Event: 5.662 Thread 0x000065b57400b9e0 3701       4       org.apache.xerces.impl.XMLDocumentScannerImpl::startEntity (70 bytes)

GC Heap History (0 events):
No events

Dll operation events (7 events):
Event: 0.001 Loaded shared library /mydata/openjdk-mmtk/build/b0test/images/jdk/lib/libjava.so
Event: 2.213 Loaded shared library /mydata/openjdk-mmtk/build/b0test/images/jdk/lib/libjsvml.so
Event: 2.227 Loaded shared library /mydata/openjdk-mmtk/build/b0test/images/jdk/lib/libnio.so
Event: 2.230 Loaded shared library /mydata/openjdk-mmtk/build/b0test/images/jdk/lib/libzip.so
Event: 2.244 Loaded shared library /mydata/openjdk-mmtk/build/b0test/images/jdk/lib/libjimage.so
Event: 2.270 Loaded shared library /mydata/openjdk-mmtk/build/b0test/images/jdk/lib/libnet.so
Event: 2.367 Loaded shared library /mydata/openjdk-mmtk/build/b0test/images/jdk/lib/libverify.so

Deoptimization events (20 events):
Event: 5.599 Thread 0x00007263845cae00 Uncommon trap: trap_request=0xffffff45 fr.pc=0x00007263747c48dc relative=0x00000000000000bc
Event: 5.599 Thread 0x00007263845cae00 Uncommon trap: reason=unstable_if action=reinterpret pc=0x00007263747c48dc method=org.apache.xerces.impl.XMLScanner.reset(Lorg/apache/xerces/xni/parser/XMLComponentManager;)V @ 25 c2
Event: 5.599 Thread 0x00007263845cae00 DEOPT PACKING pc=0x00007263747c48dc sp=0x000065b64d7fe510
Event: 5.599 Thread 0x00007263845cae00 DEOPT UNPACKING pc=0x0000726373c6a399 sp=0x000065b64d7fe4d8 mode 2
Event: 5.600 Thread 0x00007263845d54d0 Uncommon trap: trap_request=0xfffffff4 fr.pc=0x00007263748556fc relative=0x00000000000001dc
Event: 5.600 Thread 0x00007263845d54d0 Uncommon trap: reason=null_check action=make_not_entrant pc=0x00007263748556fc method=org.apache.xerces.parsers.AbstractSAXParser.getErrorHandler()Lorg/xml/sax/ErrorHandler; @ 13 c2
Event: 5.600 Thread 0x00007263845d54d0 DEOPT PACKING pc=0x00007263748556fc sp=0x000065b64cffe780
Event: 5.600 Thread 0x00007263845d54d0 DEOPT UNPACKING pc=0x0000726373c6a399 sp=0x000065b64cffe740 mode 2
Event: 5.600 Thread 0x00007263845d54d0 Uncommon trap: trap_request=0xffffff45 fr.pc=0x000072637485b594 relative=0x0000000000000174
Event: 5.600 Thread 0x00007263845d54d0 Uncommon trap: reason=unstable_if action=reinterpret pc=0x000072637485b594 method=org.apache.xerces.impl.XMLScanner.reset(Lorg/apache/xerces/xni/parser/XMLComponentManager;)V @ 25 c2
Event: 5.600 Thread 0x00007263845d54d0 DEOPT PACKING pc=0x000072637485b594 sp=0x000065b64cffe490
Event: 5.600 Thread 0x00007263845d54d0 DEOPT UNPACKING pc=0x0000726373c6a399 sp=0x000065b64cffe3f8 mode 2
Event: 5.600 Thread 0x00007263845c95b0 Uncommon trap: trap_request=0xfffffff4 fr.pc=0x0000726374818014 relative=0x0000000000000c74
Event: 5.600 Thread 0x00007263845c95b0 Uncommon trap: reason=null_check action=make_not_entrant pc=0x0000726374818014 method=org.apache.xml.utils.XMLReaderManager.getXMLReader()Lorg/xml/sax/XMLReader; @ 43 c2
Event: 5.601 Thread 0x00007263845c95b0 DEOPT PACKING pc=0x0000726374818014 sp=0x000065b64d0fe6f0
Event: 5.601 Thread 0x00007263845c95b0 DEOPT UNPACKING pc=0x0000726373c6a399 sp=0x000065b64d0fe6b8 mode 2
Event: 5.601 Thread 0x00007263845c95b0 Uncommon trap: trap_request=0xfffffff4 fr.pc=0x00007263748657f4 relative=0x0000000000000754
Event: 5.601 Thread 0x00007263845c95b0 Uncommon trap: reason=null_check action=make_not_entrant pc=0x00007263748657f4 method=org.apache.xerces.parsers.AbstractSAXParser.getErrorHandler()Lorg/xml/sax/ErrorHandler; @ 13 c2
Event: 5.601 Thread 0x00007263845c95b0 DEOPT PACKING pc=0x00007263748657f4 sp=0x000065b64d0fe7f0
Event: 5.601 Thread 0x00007263845c95b0 DEOPT UNPACKING pc=0x0000726373c6a399 sp=0x000065b64d0fe748 mode 2

Classes loaded (20 events):
Event: 2.631 Loading class sun/util/ResourceBundleEnumeration
Event: 2.631 Loading class sun/util/ResourceBundleEnumeration done
Event: 2.638 Loading class sun/nio/cs/ISO_8859_1$Encoder
Event: 2.639 Loading class sun/nio/cs/ISO_8859_1$Encoder done
Event: 2.671 Loading class java/util/ResourceBundle$Control$1
Event: 2.671 Loading class java/util/ResourceBundle$Control$1 done
Event: 2.692 Loading class java/lang/foreign/MemorySegment
Event: 2.692 Loading class java/lang/foreign/MemorySegment done
Event: 3.743 Loading class java/net/Proxy
Event: 3.743 Loading class java/net/Proxy done
Event: 5.507 Loading class java/io/FileOutputStream$1
Event: 5.507 Loading class java/io/FileOutputStream$1 done
Event: 5.508 Loading class java/security/NoSuchAlgorithmException
Event: 5.508 Loading class java/security/GeneralSecurityException
Event: 5.508 Loading class java/security/GeneralSecurityException done
Event: 5.508 Loading class java/security/NoSuchAlgorithmException done
Event: 5.508 Loading class sun/security/provider/SHA
Event: 5.508 Loading class sun/security/provider/SHA done
Event: 5.509 Loading class sun/security/provider/ByteArrayAccess$BE
Event: 5.509 Loading class sun/security/provider/ByteArrayAccess$BE done

Classes unloaded (0 events):
No events

Classes redefined (0 events):
No events

Internal exceptions (20 events):
Event: 2.289 Thread 0x000072638402b240 Exception <a 'java/lang/NoSuchMethodError'{0x00000000401bdc58}: 'void java.lang.invoke.DirectMethodHandle$Holder.invokeVirtual(java.lang.Object, java.lang.Object)'> (0x00000000401bdc58) 
thrown [src/hotspot/share/interpreter/linkResolver.cpp, line 772]
Event: 2.294 Thread 0x000072638402b240 Exception <a 'java/io/FileNotFoundException'{0x0000000040196c38}> (0x0000000040196c38) 
thrown [src/hotspot/share/prims/jni.cpp, line 520]
Event: 2.304 Thread 0x000072638402b240 Exception <a 'java/lang/NoSuchMethodError'{0x0000000040129838}: 'java.lang.Object java.lang.invoke.Invokers$Holder.invokeExact_MT(java.lang.Object, java.lang.Object, java.lang.Object, java.lang.Object, java.lang.Object)'> (0x0000000040129838) 
thrown [src/hotspot/share/interpreter/linkResolver.cpp, line 772]
Event: 2.488 Thread 0x000072638402b240 Exception <a 'java/lang/NoSuchMethodError'{0x0000000040eaa4f8}: 'void java.lang.invoke.DirectMethodHandle$Holder.invokeVirtual(java.lang.Object, java.lang.Object, int)'> (0x0000000040eaa4f8) 
thrown [src/hotspot/share/interpreter/linkResolver.cpp, line 772]
Event: 2.488 Thread 0x000072638402b240 Exception <a 'java/lang/NoSuchMethodError'{0x0000000040eaec88}: 'int java.lang.invoke.DirectMethodHandle$Holder.invokeSpecial(java.lang.Object, java.lang.Object, java.lang.Object, int)'> (0x0000000040eaec88) 
thrown [src/hotspot/share/interpreter/linkResolver.cpp, line 772]
Event: 2.490 Thread 0x000072638402b240 Exception <a 'java/lang/NoSuchMethodError'{0x0000000040e880a8}: 'java.lang.Object java.lang.invoke.DirectMethodHandle$Holder.invokeStatic(java.lang.Object, java.lang.Object, java.lang.Object, java.lang.Object, int)'> (0x0000000040e880a8) 
thrown [src/hotspot/share/interpreter/linkResolver.cpp, line 772]
Event: 2.491 Thread 0x000072638402b240 Exception <a 'java/lang/NoSuchMethodError'{0x0000000040e832d0}: 'void java.lang.invoke.DelegatingMethodHandle$Holder.reinvoke_L(java.lang.Object, java.lang.Object, int)'> (0x0000000040e832d0) 
thrown [src/hotspot/share/interpreter/linkResolver.cpp, line 772]
Event: 2.491 Thread 0x000072638402b240 Exception <a 'java/lang/NoSuchMethodError'{0x0000000040e7a048}: 'int java.lang.invoke.DirectMethodHandle$Holder.invokeSpecial(java.lang.Object, java.lang.Object, java.lang.Object)'> (0x0000000040e7a048) 
thrown [src/hotspot/share/interpreter/linkResolver.cpp, line 772]
Event: 2.560 Thread 0x000072638402b240 Exception <a 'java/lang/NoSuchMethodError'{0x00000000413ac670}: 'void java.lang.invoke.DelegatingMethodHandle$Holder.reinvoke_L(java.lang.Object, java.lang.Object, int, int)'> (0x00000000413ac670) 
thrown [src/hotspot/share/interpreter/linkResolver.cpp, line 772]
Event: 2.626 Thread 0x00007263847ac880 Exception <a 'java/lang/NoSuchMethodError'{0x00000000408c9cc0}: 'java.lang.Object java.lang.invoke.DirectMethodHandle$Holder.invokeInterface(java.lang.Object, java.lang.Object)'> (0x00000000408c9cc0) 
thrown [src/hotspot/share/interpreter/linkResolver.cpp, line 772]
Event: 3.580 Thread 0x00007263845cae50 Implicit null exception at 0x0000726374676c0e to 0x0000726374679128
Event: 3.580 Thread 0x00007263845d9bd0 Implicit null exception at 0x0000726374676c0e to 0x0000726374679128
Event: 3.580 Thread 0x00007263847a1390 Implicit null exception at 0x0000726374676c0e to 0x0000726374679128
Event: 3.580 Thread 0x000072638475c3b0 Implicit null exception at 0x0000726374676c0e to 0x0000726374679128
Event: 3.580 Thread 0x00007263847ac880 Implicit null exception at 0x0000726374676c0e to 0x0000726374679128
Event: 4.613 Thread 0x00007263847a4ad0 Implicit null exception at 0x00007263747fd64b to 0x00007263747fd9d4
Event: 5.598 Thread 0x00007263843d62c0 Implicit null exception at 0x000072637481a52a to 0x000072637481b1c0
Event: 5.598 Thread 0x00007263843d62c0 Implicit null exception at 0x00007263747b5a1f to 0x00007263747bc0ac
Event: 5.599 Thread 0x00007263845cae00 Implicit null exception at 0x00007263748174cb to 0x0000726374818004
Event: 5.600 Thread 0x00007263845c95b0 Implicit null exception at 0x00007263748174cb to 0x0000726374818004

ZGC Phase Switch (0 events):
No events

VM Operations (20 events):
Event: 4.966 Executing VM operation: ThirdPartyHeapOperation done
Event: 5.027 Executing VM operation: ThirdPartyHeapOperation
Event: 5.046 Executing VM operation: ThirdPartyHeapOperation done
Event: 5.051 Executing VM operation: ThirdPartyHeapOperation
Event: 5.125 Executing VM operation: ThirdPartyHeapOperation done
Event: 5.192 Executing VM operation: ThirdPartyHeapOperation
Event: 5.212 Executing VM operation: ThirdPartyHeapOperation done
Event: 5.217 Executing VM operation: ThirdPartyHeapOperation
Event: 5.298 Executing VM operation: ThirdPartyHeapOperation done
Event: 5.365 Executing VM operation: ThirdPartyHeapOperation
Event: 5.385 Executing VM operation: ThirdPartyHeapOperation done
Event: 5.390 Executing VM operation: ThirdPartyHeapOperation
Event: 5.462 Executing VM operation: ThirdPartyHeapOperation done
Event: 5.512 Executing VM operation: ThirdPartyHeapOperation
Event: 5.532 Executing VM operation: ThirdPartyHeapOperation done
Event: 5.536 Executing VM operation: ThirdPartyHeapOperation
Event: 5.595 Executing VM operation: ThirdPartyHeapOperation done
Event: 5.667 Executing VM operation: ThirdPartyHeapOperation
Event: 5.689 Executing VM operation: ThirdPartyHeapOperation done
Event: 5.695 Executing VM operation: ThirdPartyHeapOperation

Memory protections (20 events):
Event: 5.597 Protecting memory [0x000065b64e300000,0x000065b64e304000] with protection modes 0
Event: 5.597 Protecting memory [0x000065b64cc00000,0x000065b64cc04000] with protection modes 0
Event: 5.597 Protecting memory [0x000065b64dd00000,0x000065b64dd04000] with protection modes 0
Event: 5.597 Protecting memory [0x000065b64c600000,0x000065b64c604000] with protection modes 0
Event: 5.597 Protecting memory [0x000065b64db00000,0x000065b64db04000] with protection modes 0
Event: 5.597 Protecting memory [0x000065b64de00000,0x000065b64de04000] with protection modes 0
Event: 5.597 Protecting memory [0x000065b64c700000,0x000065b64c704000] with protection modes 0
Event: 5.597 Protecting memory [0x000065b64dc00000,0x000065b64dc04000] with protection modes 0
Event: 5.597 Protecting memory [0x000065b64e000000,0x000065b64e004000] with protection modes 0
Event: 5.597 Protecting memory [0x000065b64c900000,0x000065b64c904000] with protection modes 0
Event: 5.597 Protecting memory [0x000065b64ce00000,0x000065b64ce04000] with protection modes 0
Event: 5.597 Protecting memory [0x000065b64d300000,0x000065b64d304000] with protection modes 0
Event: 5.598 Protecting memory [0x000065b64d400000,0x000065b64d404000] with protection modes 0
Event: 5.598 Protecting memory [0x000065b64d800000,0x000065b64d804000] with protection modes 0
Event: 5.598 Protecting memory [0x000065b64d100000,0x000065b64d104000] with protection modes 0
Event: 5.598 Protecting memory [0x000065b64e900000,0x000065b64e904000] with protection modes 0
Event: 5.601 Protecting memory [0x000065b64da00000,0x000065b64da04000] with protection modes 0
Event: 5.602 Protecting memory [0x000065b64e500000,0x000065b64e504000] with protection modes 0
Event: 5.606 Protecting memory [0x000065b64c400000,0x000065b64c404000] with protection modes 0
Event: 5.612 Protecting memory [0x000065b64c300000,0x000065b64c304000] with protection modes 0

Nmethod flushes (0 events):
No events

Events (20 events):
Event: 5.597 Thread 0x000072638402b240 Thread added: 0x00007263847ac860
Event: 5.597 Thread 0x000072638402b240 Thread added: 0x00007263847adc10
Event: 5.597 Thread 0x000072638402b240 Thread added: 0x00007263845d9b80
Event: 5.597 Thread 0x000072638402b240 Thread added: 0x00007263843aa6e0
Event: 5.597 Thread 0x000072638402b240 Thread added: 0x0000726384065610
Event: 5.597 Thread 0x000072638402b240 Thread added: 0x000072638475c1b0
Event: 5.597 Thread 0x000072638402b240 Thread added: 0x000072638475cbd0
Event: 5.597 Thread 0x000072638402b240 Thread added: 0x0000726384783b80
Event: 5.597 Thread 0x000072638402b240 Thread added: 0x0000726384784990
Event: 5.597 Thread 0x000072638402b240 Thread added: 0x00007263843da100
Event: 5.597 Thread 0x000072638402b240 Thread added: 0x00007263843dac00
Event: 5.597 Thread 0x000072638402b240 Thread added: 0x00007263843dbab0
Event: 5.598 Thread 0x000072638402b240 Thread added: 0x00007263843dc960
Event: 5.598 Thread 0x000072638402b240 Thread added: 0x00007263843dd810
Event: 5.598 Thread 0x000072638402b240 Thread added: 0x00007263843de6c0
Event: 5.598 Thread 0x000072638402b240 Thread added: 0x00007263843b1f00
Event: 5.601 Thread 0x000072638454f510 Thread added: 0x000065b5c82ac6c0
Event: 5.602 Thread 0x000065b5c82ac6c0 Thread added: 0x000065b57400b9e0
Event: 5.606 Thread 0x000072638454f510 Thread added: 0x000065b5c82ae340
Event: 5.612 Thread 0x000065b5c82ae340 Thread added: 0x000065b51c0aebf0


Dynamic libraries:
40000000-40400000 rw-p 00000000 00:00 0                                  [anon:mmtk:space:immix]
40400000-40800000 rw-p 00000000 00:00 0                                  [anon:mmtk:space:los]
40800000-41400000 rw-p 00000000 00:00 0                                  [anon:mmtk:space:immix]
41400000-41800000 rw-p 00000000 00:00 0                                  [anon:mmtk:space:los]
41800000-41c00000 rw-p 00000000 00:00 0                                  [anon:mmtk:space:immix]
41c00000-42000000 rw-p 00000000 00:00 0                                  [anon:mmtk:space:los]
42000000-42400000 rw-p 00000000 00:00 0                                  [anon:mmtk:space:immix]
42400000-42800000 rw-p 00000000 00:00 0                                  [anon:mmtk:space:los]
42800000-43000000 rw-p 00000000 00:00 0                                  [anon:mmtk:space:immix]
43000000-43400000 rw-p 00000000 00:00 0                                  [anon:mmtk:space:los]
43400000-43c00000 rw-p 00000000 00:00 0                                  [anon:mmtk:space:immix]
43c00000-44000000 rw-p 00000000 00:00 0                                  [anon:mmtk:space:los]
44000000-44400000 rw-p 00000000 00:00 0                                  [anon:mmtk:space:immix]
44400000-44800000 rw-p 00000000 00:00 0                                  [anon:mmtk:space:los]
44800000-45000000 rw-p 00000000 00:00 0                                  [anon:mmtk:space:immix]
45000000-45400000 rw-p 00000000 00:00 0                                  [anon:mmtk:space:los]
45400000-45c00000 rw-p 00000000 00:00 0                                  [anon:mmtk:space:immix]
45c00000-46000000 rw-p 00000000 00:00 0                                  [anon:mmtk:space:los]
46000000-46400000 rw-p 00000000 00:00 0                                  [anon:mmtk:space:immix]
46400000-46800000 rw-p 00000000 00:00 0                                  [anon:mmtk:space:los]
46800000-47000000 rw-p 00000000 00:00 0                                  [anon:mmtk:space:immix]
47000000-47400000 rw-p 00000000 00:00 0                                  [anon:mmtk:space:los]
47400000-47800000 rw-p 00000000 00:00 0                                  [anon:mmtk:space:immix]
47800000-47c00000 rw-p 00000000 00:00 0                                  [anon:mmtk:space:los]
47c00000-48000000 rw-p 00000000 00:00 0                                  [anon:mmtk:space:immix]
48000000-48400000 rw-p 00000000 00:00 0                                  [anon:mmtk:space:los]
48400000-48c00000 rw-p 00000000 00:00 0                                  [anon:mmtk:space:immix]
48c00000-49000000 rw-p 00000000 00:00 0                                  [anon:mmtk:space:los]
49000000-49400000 rw-p 00000000 00:00 0                                  [anon:mmtk:space:immix]
49400000-49800000 rw-p 00000000 00:00 0                                  [anon:mmtk:space:los]
49800000-4a000000 rw-p 00000000 00:00 0                                  [anon:mmtk:space:immix]
4a000000-4a400000 rw-p 00000000 00:00 0                                  [anon:mmtk:space:los]
4a400000-4ac00000 rw-p 00000000 00:00 0                                  [anon:mmtk:space:immix]
4ac00000-4b000000 rw-p 00000000 00:00 0                                  [anon:mmtk:space:los]
4b000000-4b400000 rw-p 00000000 00:00 0                                  [anon:mmtk:space:immix]
4b400000-4b800000 rw-p 00000000 00:00 0                                  [anon:mmtk:space:los]
4b800000-4c000000 rw-p 00000000 00:00 0                                  [anon:mmtk:space:immix]
4c000000-4c400000 rw-p 00000000 00:00 0                                  [anon:mmtk:space:los]
4c400000-4c800000 rw-p 00000000 00:00 0                                  [anon:mmtk:space:immix]
4c800000-4cc00000 rw-p 00000000 00:00 0                                  [anon:mmtk:space:los]
4cc00000-4d400000 rw-p 00000000 00:00 0                                  [anon:mmtk:space:immix]
4d400000-4d800000 rw-p 00000000 00:00 0                                  [anon:mmtk:space:los]
4d800000-4e000000 rw-p 00000000 00:00 0                                  [anon:mmtk:space:immix]
4e000000-4e400000 rw-p 00000000 00:00 0                                  [anon:mmtk:space:los]
4e400000-4e800000 rw-p 00000000 00:00 0                                  [anon:mmtk:space:immix]
4e800000-4ec00000 rw-p 00000000 00:00 0                                  [anon:mmtk:space:los]
4ec00000-4f400000 rw-p 00000000 00:00 0                                  [anon:mmtk:space:immix]
4f400000-4f800000 rw-p 00000000 00:00 0                                  [anon:mmtk:space:los]
4f800000-50000000 rw-p 00000000 00:00 0                                  [anon:mmtk:space:immix]
50000000-50400000 rw-p 00000000 00:00 0                                  [anon:mmtk:space:los]
50400000-50800000 rw-p 00000000 00:00 0                                  [anon:mmtk:space:immix]
50800000-51400000 rw-p 00000000 00:00 0                                  [anon:mmtk:space:los]
51400000-51800000 rw-p 00000000 00:00 0                                  [anon:mmtk:space:immix]
51800000-51c00000 rw-p 00000000 00:00 0                                  [anon:mmtk:space:los]
51c00000-52000000 rw-p 00000000 00:00 0                                  [anon:mmtk:space:immix]
52000000-52400000 rw-p 00000000 00:00 0                                  [anon:mmtk:space:los]
52400000-52c00000 rw-p 00000000 00:00 0                                  [anon:mmtk:space:immix]
52c00000-53000000 rw-p 00000000 00:00 0                                  [anon:mmtk:space:los]
53000000-53800000 rw-p 00000000 00:00 0                                  [anon:mmtk:space:immix]
53800000-53c00000 rw-p 00000000 00:00 0                                  [anon:mmtk:space:los]
53c00000-54000000 rw-p 00000000 00:00 0                                  [anon:mmtk:space:immix]
54000000-54800000 rw-p 00000000 00:00 0                                  [anon:mmtk:space:los]
54800000-54c00000 rw-p 00000000 00:00 0                                  [anon:mmtk:space:immix]
54c00000-55000000 rw-p 00000000 00:00 0                                  [anon:mmtk:space:los]
55000000-55800000 rw-p 00000000 00:00 0                                  [anon:mmtk:space:los]
55800000-56000000 rw-p 00000000 00:00 0                                  [anon:mmtk:space:immix]
56000000-56400000 rw-p 00000000 00:00 0                                  [anon:mmtk:space:los]
56400000-56800000 rw-p 00000000 00:00 0                                  [anon:mmtk:space:immix]
56800000-57000000 rw-p 00000000 00:00 0                                  [anon:mmtk:space:los]
57000000-57400000 rw-p 00000000 00:00 0                                  [anon:mmtk:space:immix]
57400000-58000000 rw-p 00000000 00:00 0                                  [anon:mmtk:space:los]
58000000-58800000 rw-p 00000000 00:00 0                                  [anon:mmtk:space:immix]
58800000-58c00000 rw-p 00000000 00:00 0                                  [anon:mmtk:space:los]
58c00000-59000000 rw-p 00000000 00:00 0                                  [anon:mmtk:space:immix]
59000000-59c00000 rw-p 00000000 00:00 0                                  [anon:mmtk:space:los]
59c00000-5a400000 rw-p 00000000 00:00 0                                  [anon:mmtk:space:immix]
5a400000-5a800000 rw-p 00000000 00:00 0                                  [anon:mmtk:space:los]
5a800000-5ac00000 rw-p 00000000 00:00 0                                  [anon:mmtk:space:immix]
5ac00000-5b800000 rw-p 00000000 00:00 0                                  [anon:mmtk:space:los]
5b800000-5c000000 rw-p 00000000 00:00 0                                  [anon:mmtk:space:immix]
5c000000-5c400000 rw-p 00000000 00:00 0                                  [anon:mmtk:space:immix]
5c400000-5d400000 rw-p 00000000 00:00 0                                  [anon:mmtk:space:los]
5d400000-5d800000 rw-p 00000000 00:00 0                                  [anon:mmtk:space:los]
5d800000-5dc00000 rw-p 00000000 00:00 0                                  [anon:mmtk:space:immix]
5dc00000-5e000000 rw-p 00000000 00:00 0                                  [anon:mmtk:space:los]
5e000000-5e400000 rw-p 00000000 00:00 0                                  [anon:mmtk:space:immix]
5e400000-5ec00000 rw-p 00000000 00:00 0                                  [anon:mmtk:space:los]
5ec00000-5f000000 rw-p 00000000 00:00 0                                  [anon:mmtk:space:immix]
5f000000-5f400000 rw-p 00000000 00:00 0                                  [anon:mmtk:space:los]
200000000000-2000c00c0000 rw-s 00000000 00:10 68                         anon_inode:bpf-map
559f89715000-559f89716000 r--p 00000000 fc:00 49676352                   /mydata/openjdk-mmtk/build/b0test/images/jdk/bin/java
559f89716000-559f89717000 r-xp 00001000 fc:00 49676352                   /mydata/openjdk-mmtk/build/b0test/images/jdk/bin/java
559f89717000-559f89718000 r--p 00002000 fc:00 49676352                   /mydata/openjdk-mmtk/build/b0test/images/jdk/bin/java
559f89718000-559f89719000 r--p 00002000 fc:00 49676352                   /mydata/openjdk-mmtk/build/b0test/images/jdk/bin/java
559f89719000-559f8971a000 rw-p 00003000 fc:00 49676352                   /mydata/openjdk-mmtk/build/b0test/images/jdk/bin/java
559fad889000-559fad8d1000 rw-p 00000000 00:00 0                          [heap]
65b500000000-65b50129f000 rw-p 00000000 00:00 0 
65b50129f000-65b504000000 ---p 00000000 00:00 0 
65b508000000-65b508d5f000 rw-p 00000000 00:00 0 
65b508d5f000-65b50c000000 ---p 00000000 00:00 0 
65b50c000000-65b50cca3000 rw-p 00000000 00:00 0 
65b50cca3000-65b510000000 ---p 00000000 00:00 0 
65b513f00000-65b513f04000 ---p 00000000 00:00 0 
65b513f04000-65b514000000 rw-p 00000000 00:00 0 
65b514000000-65b515118000 rw-p 00000000 00:00 0 
65b515118000-65b518000000 ---p 00000000 00:00 0 
65b518000000-65b518bb5000 rw-p 00000000 00:00 0 
65b518bb5000-65b51c000000 ---p 00000000 00:00 0 
65b51c000000-65b51ca19000 rw-p 00000000 00:00 0 
65b51ca19000-65b520000000 ---p 00000000 00:00 0 
65b520000000-65b5207a6000 rw-p 00000000 00:00 0 
65b5207a6000-65b524000000 ---p 00000000 00:00 0 
65b524000000-65b524021000 rw-p 00000000 00:00 0 
65b524021000-65b528000000 ---p 00000000 00:00 0 
65b528000000-65b528040000 rw-p 00000000 00:00 0 
65b528040000-65b52c000000 ---p 00000000 00:00 0 
65b52c000000-65b52c021000 rw-p 00000000 00:00 0 
65b52c021000-65b530000000 ---p 00000000 00:00 0 
65b530000000-65b530021000 rw-p 00000000 00:00 0 
65b530021000-65b534000000 ---p 00000000 00:00 0 
65b534000000-65b53402a000 rw-p 00000000 00:00 0 
65b53402a000-65b538000000 ---p 00000000 00:00 0 
65b538000000-65b538021000 rw-p 00000000 00:00 0 
65b538021000-65b53c000000 ---p 00000000 00:00 0 
65b53c000000-65b53c021000 rw-p 00000000 00:00 0 
65b53c021000-65b540000000 ---p 00000000 00:00 0 
65b540000000-65b540026000 rw-p 00000000 00:00 0 
65b540026000-65b544000000 ---p 00000000 00:00 0 
65b544000000-65b544021000 rw-p 00000000 00:00 0 
65b544021000-65b548000000 ---p 00000000 00:00 0 
65b548000000-65b548024000 rw-p 00000000 00:00 0 
65b548024000-65b54c000000 ---p 00000000 00:00 0 
65b54c000000-65b54c023000 rw-p 00000000 00:00 0 
65b54c023000-65b550000000 ---p 00000000 00:00 0 
65b550000000-65b550024000 rw-p 00000000 00:00 0 
65b550024000-65b554000000 ---p 00000000 00:00 0 
65b554000000-65b554022000 rw-p 00000000 00:00 0 
65b554022000-65b558000000 ---p 00000000 00:00 0 
65b558000000-65b55802c000 rw-p 00000000 00:00 0 
65b55802c000-65b55c000000 ---p 00000000 00:00 0 
65b55c000000-65b55c059000 rw-p 00000000 00:00 0 
65b55c059000-65b560000000 ---p 00000000 00:00 0 
65b560000000-65b560026000 rw-p 00000000 00:00 0 
65b560026000-65b564000000 ---p 00000000 00:00 0 
65b564000000-65b564021000 rw-p 00000000 00:00 0 
65b564021000-65b568000000 ---p 00000000 00:00 0 
65b568000000-65b568021000 rw-p 00000000 00:00 0 
65b568021000-65b56c000000 ---p 00000000 00:00 0 
65b56c000000-65b56c02c000 rw-p 00000000 00:00 0 
65b56c02c000-65b570000000 ---p 00000000 00:00 0 
65b570000000-65b570021000 rw-p 00000000 00:00 0 
65b570021000-65b574000000 ---p 00000000 00:00 0 
65b574000000-65b574021000 rw-p 00000000 00:00 0 
65b574021000-65b578000000 ---p 00000000 00:00 0 
65b578000000-65b578021000 rw-p 00000000 00:00 0 
65b578021000-65b57c000000 ---p 00000000 00:00 0 
65b57c000000-65b57c022000 rw-p 00000000 00:00 0 
65b57c022000-65b580000000 ---p 00000000 00:00 0 
65b580000000-65b580021000 rw-p 00000000 00:00 0 
65b580021000-65b584000000 ---p 00000000 00:00 0 
65b584000000-65b58405b000 rw-p 00000000 00:00 0 
65b58405b000-65b588000000 ---p 00000000 00:00 0 
65b588000000-65b58804b000 rw-p 00000000 00:00 0 
65b58804b000-65b58c000000 ---p 00000000 00:00 0 
65b58c000000-65b58c021000 rw-p 00000000 00:00 0 
65b58c021000-65b590000000 ---p 00000000 00:00 0 
65b590000000-65b590033000 rw-p 00000000 00:00 0 
65b590033000-65b594000000 ---p 00000000 00:00 0 
65b594000000-65b59404a000 rw-p 00000000 00:00 0 
65b59404a000-65b598000000 ---p 00000000 00:00 0 
65b598000000-65b598021000 rw-p 00000000 00:00 0 
65b598021000-65b59c000000 ---p 00000000 00:00 0 
65b59c000000-65b59c025000 rw-p 00000000 00:00 0 
65b59c025000-65b5a0000000 ---p 00000000 00:00 0 
65b5a0000000-65b5a0021000 rw-p 00000000 00:00 0 
65b5a0021000-65b5a4000000 ---p 00000000 00:00 0 
65b5a4000000-65b5a435d000 rw-p 00000000 00:00 0 
65b5a435d000-65b5a8000000 ---p 00000000 00:00 0 
65b5a8000000-65b5a8c37000 rw-p 00000000 00:00 0 
65b5a8c37000-65b5ac000000 ---p 00000000 00:00 0 
65b5ac000000-65b5ac2f6000 rw-p 00000000 00:00 0 
65b5ac2f6000-65b5b0000000 ---p 00000000 00:00 0 
65b5b0000000-65b5b01d8000 rw-p 00000000 00:00 0 
65b5b01d8000-65b5b4000000 ---p 00000000 00:00 0 
65b5b4000000-65b5b4021000 rw-p 00000000 00:00 0 
65b5b4021000-65b5b8000000 ---p 00000000 00:00 0 
65b5b8000000-65b5b8d7d000 rw-p 00000000 00:00 0 
65b5b8d7d000-65b5bc000000 ---p 00000000 00:00 0 
65b5bc000000-65b5bc307000 rw-p 00000000 00:00 0 
65b5bc307000-65b5c0000000 ---p 00000000 00:00 0 
65b5c0000000-65b5c0021000 rw-p 00000000 00:00 0 
65b5c0021000-65b5c4000000 ---p 00000000 00:00 0 
65b5c4000000-65b5c4a25000 rw-p 00000000 00:00 0 
65b5c4a25000-65b5c8000000 ---p 00000000 00:00 0 
65b5c8000000-65b5c82b3000 rw-p 00000000 00:00 0 
65b5c82b3000-65b5cc000000 ---p 00000000 00:00 0 
65b5cc000000-65b5cc021000 rw-p 00000000 00:00 0 
65b5cc021000-65b5d0000000 ---p 00000000 00:00 0 
65b5d0000000-65b5d0021000 rw-p 00000000 00:00 0 
65b5d0021000-65b5d4000000 ---p 00000000 00:00 0 
65b5d4000000-65b5d43a2000 rw-p 00000000 00:00 0 
65b5d43a2000-65b5d8000000 ---p 00000000 00:00 0 
65b5d8000000-65b5d8021000 rw-p 00000000 00:00 0 
65b5d8021000-65b5dc000000 ---p 00000000 00:00 0 
65b5dc000000-65b5dc0ab000 rw-p 00000000 00:00 0 
65b5dc0ab000-65b5e0000000 ---p 00000000 00:00 0 
65b5e0000000-65b5e005f000 rw-p 00000000 00:00 0 
65b5e005f000-65b5e4000000 ---p 00000000 00:00 0 
65b5e4000000-65b5e40ba000 rw-p 00000000 00:00 0 
65b5e40ba000-65b5e8000000 ---p 00000000 00:00 0 
65b5e8000000-65b5e815a000 rw-p 00000000 00:00 0 
65b5e815a000-65b5ec000000 ---p 00000000 00:00 0 
65b5ec000000-65b5ec073000 rw-p 00000000 00:00 0 
65b5ec073000-65b5f0000000 ---p 00000000 00:00 0 
65b5f0000000-65b5f02a4000 rw-p 00000000 00:00 0 
65b5f02a4000-65b5f4000000 ---p 00000000 00:00 0 
65b5f4000000-65b5f42a6000 rw-p 00000000 00:00 0 
65b5f42a6000-65b5f8000000 ---p 00000000 00:00 0 
65b5f8000000-65b5f80cb000 rw-p 00000000 00:00 0 
65b5f80cb000-65b5fc000000 ---p 00000000 00:00 0 
65b5fc000000-65b5fc28e000 rw-p 00000000 00:00 0 
65b5fc28e000-65b600000000 ---p 00000000 00:00 0 
65b600000000-65b600085000 rw-p 00000000 00:00 0 
65b600085000-65b604000000 ---p 00000000 00:00 0 
65b604000000-65b6042a6000 rw-p 00000000 00:00 0 
65b6042a6000-65b608000000 ---p 00000000 00:00 0 
65b608000000-65b60804b000 rw-p 00000000 00:00 0 
65b60804b000-65b60c000000 ---p 00000000 00:00 0 
65b60c000000-65b60c053000 rw-p 00000000 00:00 0 
65b60c053000-65b610000000 ---p 00000000 00:00 0 
65b610000000-65b610068000 rw-p 00000000 00:00 0 
65b610068000-65b614000000 ---p 00000000 00:00 0 
65b614000000-65b61409e000 rw-p 00000000 00:00 0 
65b61409e000-65b618000000 ---p 00000000 00:00 0 
65b618000000-65b61829d000 rw-p 00000000 00:00 0 
65b61829d000-65b61c000000 ---p 00000000 00:00 0 
65b61c000000-65b61c06b000 rw-p 00000000 00:00 0 
65b61c06b000-65b620000000 ---p 00000000 00:00 0 
65b620000000-65b62029e000 rw-p 00000000 00:00 0 
65b62029e000-65b624000000 ---p 00000000 00:00 0 
65b624000000-65b62429b000 rw-p 00000000 00:00 0 
65b62429b000-65b628000000 ---p 00000000 00:00 0 
65b628000000-65b628053000 rw-p 00000000 00:00 0 
65b628053000-65b62c000000 ---p 00000000 00:00 0 
65b62c000000-65b62c054000 rw-p 00000000 00:00 0 
65b62c054000-65b630000000 ---p 00000000 00:00 0 
65b630000000-65b630045000 rw-p 00000000 00:00 0 
65b630045000-65b634000000 ---p 00000000 00:00 0 
65b634000000-65b634021000 rw-p 00000000 00:00 0 
65b634021000-65b638000000 ---p 00000000 00:00 0 
65b638000000-65b638021000 rw-p 00000000 00:00 0 
65b638021000-65b63c000000 ---p 00000000 00:00 0 
65b63c000000-65b63c021000 rw-p 00000000 00:00 0 
65b63c021000-65b640000000 ---p 00000000 00:00 0 
65b640000000-65b640021000 rw-p 00000000 00:00 0 
65b640021000-65b644000000 ---p 00000000 00:00 0 
65b644000000-65b644280000 rw-p 00000000 00:00 0 
65b644280000-65b644400000 ---p 00000000 00:00 0 
65b644400000-65b6448e0000 rw-p 00000000 00:00 0 
65b6448e0000-65b648000000 ---p 00000000 00:00 0 
65b648000000-65b648021000 rw-p 00000000 00:00 0 
65b648021000-65b64c000000 ---p 00000000 00:00 0 
65b64c000000-65b64c004000 ---p 00000000 00:00 0 
65b64c004000-65b64c100000 rw-p 00000000 00:00 0 
65b64c100000-65b64c104000 ---p 00000000 00:00 0 
65b64c104000-65b64c200000 rw-p 00000000 00:00 0 
65b64c200000-65b64c204000 ---p 00000000 00:00 0 
65b64c204000-65b64c300000 rw-p 00000000 00:00 0 
65b64c300000-65b64c304000 ---p 00000000 00:00 0 
65b64c304000-65b64c400000 rw-p 00000000 00:00 0 
65b64c400000-65b64c404000 ---p 00000000 00:00 0 
65b64c404000-65b64c500000 rw-p 00000000 00:00 0 
65b64c500000-65b64c504000 ---p 00000000 00:00 0 
65b64c504000-65b64c600000 rw-p 00000000 00:00 0 
65b64c600000-65b64c604000 ---p 00000000 00:00 0 
65b64c604000-65b64c700000 rw-p 00000000 00:00 0 
65b64c700000-65b64c704000 ---p 00000000 00:00 0 
65b64c704000-65b64c800000 rw-p 00000000 00:00 0 
65b64c800000-65b64c804000 ---p 00000000 00:00 0 
65b64c804000-65b64c900000 rw-p 00000000 00:00 0 
65b64c900000-65b64c904000 ---p 00000000 00:00 0 
65b64c904000-65b64ca00000 rw-p 00000000 00:00 0 
65b64ca00000-65b64ca04000 ---p 00000000 00:00 0 
65b64ca04000-65b64cb00000 rw-p 00000000 00:00 0 
65b64cb00000-65b64cb04000 ---p 00000000 00:00 0 
65b64cb04000-65b64cc00000 rw-p 00000000 00:00 0 
65b64cc00000-65b64cc04000 ---p 00000000 00:00 0 
65b64cc04000-65b64cd00000 rw-p 00000000 00:00 0 
65b64cd00000-65b64cd04000 ---p 00000000 00:00 0 
65b64cd04000-65b64ce00000 rw-p 00000000 00:00 0 
65b64ce00000-65b64ce04000 ---p 00000000 00:00 0 
65b64ce04000-65b64cf00000 rw-p 00000000 00:00 0 
65b64cf00000-65b64cf04000 ---p 00000000 00:00 0 
65b64cf04000-65b64d000000 rw-p 00000000 00:00 0 
65b64d000000-65b64d004000 ---p 00000000 00:00 0 
65b64d004000-65b64d100000 rw-p 00000000 00:00 0 
65b64d100000-65b64d104000 ---p 00000000 00:00 0 
65b64d104000-65b64d200000 rw-p 00000000 00:00 0 
65b64d200000-65b64d204000 ---p 00000000 00:00 0 
65b64d204000-65b64d300000 rw-p 00000000 00:00 0 
65b64d300000-65b64d304000 ---p 00000000 00:00 0 
65b64d304000-65b64d400000 rw-p 00000000 00:00 0 
65b64d400000-65b64d404000 ---p 00000000 00:00 0 
65b64d404000-65b64d500000 rw-p 00000000 00:00 0 
65b64d500000-65b64d504000 ---p 00000000 00:00 0 
65b64d504000-65b64d600000 rw-p 00000000 00:00 0 
65b64d600000-65b64d604000 ---p 00000000 00:00 0 
65b64d604000-65b64d700000 rw-p 00000000 00:00 0 
65b64d700000-65b64d704000 ---p 00000000 00:00 0 
65b64d704000-65b64d800000 rw-p 00000000 00:00 0 
65b64d800000-65b64d804000 ---p 00000000 00:00 0 
65b64d804000-65b64d900000 rw-p 00000000 00:00 0 
65b64d900000-65b64d904000 ---p 00000000 00:00 0 
65b64d904000-65b64da00000 rw-p 00000000 00:00 0 
65b64da00000-65b64da04000 ---p 00000000 00:00 0 
65b64da04000-65b64db00000 rw-p 00000000 00:00 0 
65b64db00000-65b64db04000 ---p 00000000 00:00 0 
65b64db04000-65b64dc00000 rw-p 00000000 00:00 0 
65b64dc00000-65b64dc04000 ---p 00000000 00:00 0 
65b64dc04000-65b64dd00000 rw-p 00000000 00:00 0 
65b64dd00000-65b64dd04000 ---p 00000000 00:00 0 
65b64dd04000-65b64de00000 rw-p 00000000 00:00 0 
65b64de00000-65b64de04000 ---p 00000000 00:00 0 
65b64de04000-65b64df00000 rw-p 00000000 00:00 0 
65b64df00000-65b64df04000 ---p 00000000 00:00 0 
65b64df04000-65b64e000000 rw-p 00000000 00:00 0 
65b64e000000-65b64e004000 ---p 00000000 00:00 0 
65b64e004000-65b64e100000 rw-p 00000000 00:00 0 
65b64e100000-65b64e104000 ---p 00000000 00:00 0 
65b64e104000-65b64e200000 rw-p 00000000 00:00 0 
65b64e200000-65b64e204000 ---p 00000000 00:00 0 
65b64e204000-65b64e300000 rw-p 00000000 00:00 0 
65b64e300000-65b64e304000 ---p 00000000 00:00 0 
65b64e304000-65b64e400000 rw-p 00000000 00:00 0 
65b64e400000-65b64e404000 ---p 00000000 00:00 0 
65b64e404000-65b64e500000 rw-p 00000000 00:00 0 
65b64e500000-65b64e504000 ---p 00000000 00:00 0 
65b64e504000-65b64e600000 rw-p 00000000 00:00 0 
65b64e900000-65b64e904000 ---p 00000000 00:00 0 
65b64e904000-65b64ea00000 rw-p 00000000 00:00 0 
65b64ea00000-65b64ea04000 ---p 00000000 00:00 0 
65b64ea04000-65b64eb00000 rw-p 00000000 00:00 0 
65b64eb00000-65b64eb04000 ---p 00000000 00:00 0 
65b64eb04000-65b64ec00000 rw-p 00000000 00:00 0 
65b64ed00000-65b64ed04000 ---p 00000000 00:00 0 
65b64ed04000-65b64ee00000 rw-p 00000000 00:00 0 
65b64ee00000-65b64ee04000 ---p 00000000 00:00 0 
65b64ee04000-65b64ef00000 rw-p 00000000 00:00 0 
65b64ef00000-65b64ef04000 ---p 00000000 00:00 0 
65b64ef04000-65b64f000000 rw-p 00000000 00:00 0 
65b64f000000-65b64fca3000 rw-p 00001000 fc:00 49677059                   /mydata/openjdk-mmtk/build/b0test/images/jdk/lib/server/classes.jsa
65b64fca3000-65b650000000 ---p 00000000 00:00 0 
65b650000000-65b650040000 rw-p 00000000 00:00 0 
65b650040000-65b650110000 rw-p 00000000 00:00 0 
65b650110000-65b690000000 ---p 00000000 00:00 0 
65b690000000-65b690021000 rw-p 00000000 00:00 0 
65b690021000-65b694000000 ---p 00000000 00:00 0 
65b6940f1000-65b6940f5000 ---p 00000000 00:00 0 
65b6940f5000-65b6941f1000 rw-p 00000000 00:00 0 
65b6941f1000-65b6941f5000 ---p 00000000 00:00 0 
65b6941f5000-65b6942f1000 rw-p 00000000 00:00 0 
65b6942f1000-65b6942f2000 ---p 00000000 00:00 0 
65b6942f2000-65b6943f2000 rw-p 00000000 00:00 0 
65b6943f2000-65b6943f3000 ---p 00000000 00:00 0 
65b6943f3000-65b6944f3000 rw-p 00000000 00:00 0 
65b6944f3000-65b6944f4000 ---p 00000000 00:00 0 
65b6944f4000-65b6945f4000 rw-p 00000000 00:00 0 
65b6945f4000-65b6945f5000 ---p 00000000 00:00 0 
65b6945f5000-65b6946f5000 rw-p 00000000 00:00 0 
65b6946f5000-65b6946f6000 ---p 00000000 00:00 0 
65b6946f6000-65b6947f6000 rw-p 00000000 00:00 0 
65b6947f6000-65b6947f7000 ---p 00000000 00:00 0 
65b6947f7000-65b6948f7000 rw-p 00000000 00:00 0 
65b6948f7000-65b6948f8000 ---p 00000000 00:00 0 
65b6948f8000-65b6949f8000 rw-p 00000000 00:00 0 
65b6949f8000-65b6949f9000 ---p 00000000 00:00 0 
65b6949f9000-65b694af9000 rw-p 00000000 00:00 0 
65b694af9000-65b694afa000 ---p 00000000 00:00 0 
65b694afa000-65b694bfa000 rw-p 00000000 00:00 0 
65b694bfa000-65b694bfb000 ---p 00000000 00:00 0 
65b694bfb000-65b694cfb000 rw-p 00000000 00:00 0 
65b694cfb000-65b694cfc000 ---p 00000000 00:00 0 
65b694cfc000-65b694dfc000 rw-p 00000000 00:00 0 
65b694dfc000-65b694dfd000 ---p 00000000 00:00 0 
65b694dfd000-65b694efd000 rw-p 00000000 00:00 0 
65b694efd000-65b694efe000 ---p 00000000 00:00 0 
65b694efe000-65b694ffe000 rw-p 00000000 00:00 0 
65b694ffe000-65b694fff000 ---p 00000000 00:00 0 
65b694fff000-65b6950ff000 rw-p 00000000 00:00 0 
65b6950ff000-65b695100000 ---p 00000000 00:00 0 
65b695100000-65b695200000 rw-p 00000000 00:00 0 
65b695200000-65b698200000 rw-p 00000000 00:00 0 
65b6982fb000-65b6982fc000 ---p 00000000 00:00 0 
65b6982fc000-65b6983fc000 rw-p 00000000 00:00 0 
65b6983fc000-65b6c8400000 rw-p 00000000 00:00 0 
65b6c8400000-65b6c9400000 ---p 00000000 00:00 0                          [anon:mmtk:sidemeta:all:all-quarantined]
65b6c9400000-65b6c9800000 rw-p 00000000 00:00 0                          [anon:mmtk:sidemeta:immix:VO_BIT]
65b6c9800000-65b6c9c00000 rw-p 00000000 00:00 0                          [anon:mmtk:sidemeta:los:VO_BIT]
65b6c9c00000-67b6ca400000 ---p 00000000 00:00 0                          [anon:mmtk:sidemeta:all:all-quarantined]
67b6ca400000-67b6ca800000 rw-p 00000000 00:00 0                          [anon:mmtk:sidemeta:immix:CHUNK_MARK]
67b6ca800000-67b6cd400000 ---p 00000000 00:00 0                          [anon:mmtk:sidemeta:all:all-quarantined]
67b6cd400000-67b6cd800000 rw-p 00000000 00:00 0                          [anon:mmtk:sidemeta:immix:VMGlobalLogBitSpec]
67b6cd800000-67b6cdc00000 rw-p 00000000 00:00 0                          [anon:mmtk:sidemeta:los:VMGlobalLogBitSpec]
67b6cdc00000-69becc800000 ---p 00000000 00:00 0                          [anon:mmtk:sidemeta:all:all-quarantined]
69becc800000-69beccc00000 rw-p 00000000 00:00 0                          [anon:mmtk:sidemeta:immix:IX_LINE_MARK]
69beccc00000-6a3ecc400000 ---p 00000000 00:00 0                          [anon:mmtk:sidemeta:all:all-quarantined]
6a3ecc400000-6a3ecc800000 rw-p 00000000 00:00 0                          [anon:mmtk:sidemeta:immix:IX_BLOCK_DEFRAG]
6a3ecc800000-6a3fcc400000 ---p 00000000 00:00 0                          [anon:mmtk:sidemeta:all:all-quarantined]
6a3fcc400000-6a3fcc800000 rw-p 00000000 00:00 0                          [anon:mmtk:sidemeta:immix:IX_BLOCK_MARK]
6a3fcc800000-70614c400000 ---p 00000000 00:00 0                          [anon:mmtk:sidemeta:all:all-quarantined]
70614c400000-70614c800000 rw-p 00000000 00:00 0                          [anon:mmtk:sidemeta:los:VMLocalLOSMarkNurserySpec]
70614c800000-70634d400000 ---p 00000000 00:00 0                          [anon:mmtk:sidemeta:all:all-quarantined]
70634d400000-70634dc00000 rw-p 00000000 00:00 0                          [anon:mmtk:sidemeta:immix:VMLocalMarkBitSpec]
70634dc00000-72634c400000 ---p 00000000 00:00 0                          [anon:mmtk:sidemeta:all:all-quarantined]
72634c4fc000-72634c4fd000 ---p 00000000 00:00 0 
72634c4fd000-72634c5fd000 rw-p 00000000 00:00 0 
72634c5fd000-72634c5fe000 ---p 00000000 00:00 0 
72634c5fe000-72634c6fe000 rw-p 00000000 00:00 0 
72634c6fe000-72634c6ff000 ---p 00000000 00:00 0 
72634c6ff000-72634c7ff000 rw-p 00000000 00:00 0 
72634c7ff000-72636c800000 rw-p 00000000 00:00 0 
72636c800000-72636cf30000 rwxp 00000000 00:00 0 
72636cf30000-726373c17000 ---p 00000000 00:00 0 
726373c17000-726373fa7000 rwxp 00000000 00:00 0 
726373fa7000-7263743e8000 ---p 00000000 00:00 0 
7263743e8000-726374888000 rwxp 00000000 00:00 0 
726374888000-72637b800000 ---p 00000000 00:00 0 
72637b800000-726383fa0000 r--s 00000000 fc:00 49676300                   /mydata/openjdk-mmtk/build/b0test/images/jdk/lib/modules
726384000000-7263847d2000 rw-p 00000000 00:00 0 
7263847d2000-726388000000 ---p 00000000 00:00 0 
72638802b000-726388030000 r--p 00000000 fc:00 49676433                   /mydata/openjdk-mmtk/build/b0test/images/jdk/lib/libjsvml.so
726388030000-726388071000 r-xp 00005000 fc:00 49676433                   /mydata/openjdk-mmtk/build/b0test/images/jdk/lib/libjsvml.so
726388071000-7263880fa000 r--p 00046000 fc:00 49676433                   /mydata/openjdk-mmtk/build/b0test/images/jdk/lib/libjsvml.so
7263880fa000-7263880fb000 r--p 000ce000 fc:00 49676433                   /mydata/openjdk-mmtk/build/b0test/images/jdk/lib/libjsvml.so
7263880fb000-7263880fc000 rw-p 000cf000 fc:00 49676433                   /mydata/openjdk-mmtk/build/b0test/images/jdk/lib/libjsvml.so
7263880fc000-7263880fd000 ---p 00000000 00:00 0 
7263880fd000-7263881fd000 rw-p 00000000 00:00 0 
7263881fd000-7263881fe000 ---p 00000000 00:00 0 
7263881fe000-7263882fe000 rw-p 00000000 00:00 0 
7263882fe000-7263882ff000 ---p 00000000 00:00 0 
7263882ff000-7263883ff000 rw-p 00000000 00:00 0 
7263883ff000-726388400000 ---p 00000000 00:00 0 
726388400000-726388500000 rw-p 00000000 00:00 0 
726388500000-726388504000 ---p 00000000 00:00 0 
726388504000-726388600000 rw-p 00000000 00:00 0 
726388600000-726388604000 ---p 00000000 00:00 0 
726388604000-726388700000 rw-p 00000000 00:00 0 
726388700000-726388704000 ---p 00000000 00:00 0 
726388704000-726388800000 rw-p 00000000 00:00 0 
726388800000-726388aeb000 r--p 00000000 08:03 1410552                    /usr/lib/locale/locale-archive
726388afc000-726388afd000 ---p 00000000 00:00 0 
726388afd000-726388bfd000 rw-p 00000000 00:00 0 
726388bfd000-726388bfe000 ---p 00000000 00:00 0 
726388bfe000-726388cfe000 rw-p 00000000 00:00 0 
726388cfe000-726388cff000 ---p 00000000 00:00 0 
726388cff000-726388dff000 rw-p 00000000 00:00 0 
726388dff000-726389400000 rw-p 00000000 00:00 0 
726389400000-72638940c000 r--p 00000000 fc:00 13107796                   /mydata/gc-bpf-fault/shim/libgcbpf.so
72638940c000-72638946e000 r-xp 0000c000 fc:00 13107796                   /mydata/gc-bpf-fault/shim/libgcbpf.so
72638946e000-7263896de000 r--p 0006e000 fc:00 13107796                   /mydata/gc-bpf-fault/shim/libgcbpf.so
7263896de000-7263896e0000 r--p 002de000 fc:00 13107796                   /mydata/gc-bpf-fault/shim/libgcbpf.so
7263896e0000-7263896e1000 rw-p 002e0000 fc:00 13107796                   /mydata/gc-bpf-fault/shim/libgcbpf.so
7263896e1000-7263896e2000 rw-p 00000000 00:00 0 
726389700000-726389704000 r--p 00000000 fc:00 49676379                   /mydata/openjdk-mmtk/build/b0test/images/jdk/lib/libverify.so
726389704000-72638970b000 r-xp 00004000 fc:00 49676379                   /mydata/openjdk-mmtk/build/b0test/images/jdk/lib/libverify.so
72638970b000-72638970d000 r--p 0000b000 fc:00 49676379                   /mydata/openjdk-mmtk/build/b0test/images/jdk/lib/libverify.so
72638970d000-72638970f000 r--p 0000c000 fc:00 49676379                   /mydata/openjdk-mmtk/build/b0test/images/jdk/lib/libverify.so
72638970f000-726389710000 rw-p 0000e000 fc:00 49676379                   /mydata/openjdk-mmtk/build/b0test/images/jdk/lib/libverify.so
726389710000-726389712000 r--p 00000000 fc:00 49676380                   /mydata/openjdk-mmtk/build/b0test/images/jdk/lib/libzip.so
726389712000-726389717000 r-xp 00002000 fc:00 49676380                   /mydata/openjdk-mmtk/build/b0test/images/jdk/lib/libzip.so
726389717000-726389719000 r--p 00007000 fc:00 49676380                   /mydata/openjdk-mmtk/build/b0test/images/jdk/lib/libzip.so
726389719000-72638971a000 r--p 00008000 fc:00 49676380                   /mydata/openjdk-mmtk/build/b0test/images/jdk/lib/libzip.so
72638971a000-72638971b000 rw-p 00009000 fc:00 49676380                   /mydata/openjdk-mmtk/build/b0test/images/jdk/lib/libzip.so
72638971b000-726389722000 r--p 00000000 fc:00 49676377                   /mydata/openjdk-mmtk/build/b0test/images/jdk/lib/libnio.so
726389722000-72638972b000 r-xp 00007000 fc:00 49676377                   /mydata/openjdk-mmtk/build/b0test/images/jdk/lib/libnio.so
72638972b000-72638972f000 r--p 00010000 fc:00 49676377                   /mydata/openjdk-mmtk/build/b0test/images/jdk/lib/libnio.so
72638972f000-726389730000 r--p 00014000 fc:00 49676377                   /mydata/openjdk-mmtk/build/b0test/images/jdk/lib/libnio.so
726389730000-726389731000 rw-p 00015000 fc:00 49676377                   /mydata/openjdk-mmtk/build/b0test/images/jdk/lib/libnio.so
726389731000-726389735000 r--p 00000000 08:03 1410107                    /usr/lib/x86_64-linux-gnu/libzstd.so.1.5.5
726389735000-7263897dc000 r-xp 00004000 08:03 1410107                    /usr/lib/x86_64-linux-gnu/libzstd.so.1.5.5
7263897dc000-7263897e9000 r--p 000ab000 08:03 1410107                    /usr/lib/x86_64-linux-gnu/libzstd.so.1.5.5
7263897e9000-7263897ea000 r--p 000b7000 08:03 1410107                    /usr/lib/x86_64-linux-gnu/libzstd.so.1.5.5
7263897ea000-7263897eb000 rw-p 000b8000 08:03 1410107                    /usr/lib/x86_64-linux-gnu/libzstd.so.1.5.5
7263897eb000-7263897ee000 r--p 00000000 08:03 1410420                    /usr/lib/x86_64-linux-gnu/libelf-0.190.so
7263897ee000-726389804000 r-xp 00003000 08:03 1410420                    /usr/lib/x86_64-linux-gnu/libelf-0.190.so
726389804000-726389808000 r--p 00019000 08:03 1410420                    /usr/lib/x86_64-linux-gnu/libelf-0.190.so
726389808000-726389809000 r--p 0001c000 08:03 1410420                    /usr/lib/x86_64-linux-gnu/libelf-0.190.so
726389809000-72638980a000 rw-p 0001d000 08:03 1410420                    /usr/lib/x86_64-linux-gnu/libelf-0.190.so
72638980a000-726389814000 rw-p 00000000 00:00 0 
726389814000-7263898f3000 ---p 00000000 00:00 0 
7263898f3000-726389902000 rw-p 00000000 00:00 0 
726389902000-7263899dc000 ---p 00000000 00:00 0 
7263899dc000-7263899e9000 r--p 00000000 fc:00 49676369                   /mydata/openjdk-mmtk/build/b0test/images/jdk/lib/libjava.so
7263899e9000-7263899f8000 r-xp 0000d000 fc:00 49676369                   /mydata/openjdk-mmtk/build/b0test/images/jdk/lib/libjava.so
7263899f8000-7263899fd000 r--p 0001c000 fc:00 49676369                   /mydata/openjdk-mmtk/build/b0test/images/jdk/lib/libjava.so
7263899fd000-7263899fe000 r--p 00021000 fc:00 49676369                   /mydata/openjdk-mmtk/build/b0test/images/jdk/lib/libjava.so
7263899fe000-7263899ff000 rw-p 00022000 fc:00 49676369                   /mydata/openjdk-mmtk/build/b0test/images/jdk/lib/libjava.so
7263899ff000-726389a00000 rw-p 00000000 00:00 0 
726389a00000-726389b48000 r--p 00000000 fc:00 49676390                   /mydata/openjdk-mmtk/build/b0test/images/jdk/lib/server/libmmtk_openjdk.so
726389b48000-726389dcd000 r-xp 00147000 fc:00 49676390                   /mydata/openjdk-mmtk/build/b0test/images/jdk/lib/server/libmmtk_openjdk.so
726389dcd000-726389e0e000 r--p 003cb000 fc:00 49676390                   /mydata/openjdk-mmtk/build/b0test/images/jdk/lib/server/libmmtk_openjdk.so
726389e0e000-726389e10000 rw-p 0040b000 fc:00 49676390                   /mydata/openjdk-mmtk/build/b0test/images/jdk/lib/server/libmmtk_openjdk.so
726389e10000-726389e12000 rw-p 00000000 00:00 0 
726389e17000-726389e1b000 ---p 00000000 00:00 0 
726389e1b000-726389f17000 rw-p 00000000 00:00 0 
726389f17000-726389f27000 r--p 00000000 08:03 1411099                    /usr/lib/x86_64-linux-gnu/libm.so.6
726389f27000-726389fa6000 r-xp 00010000 08:03 1411099                    /usr/lib/x86_64-linux-gnu/libm.so.6
726389fa6000-726389ffe000 r--p 0008f000 08:03 1411099                    /usr/lib/x86_64-linux-gnu/libm.so.6
726389ffe000-726389fff000 r--p 000e7000 08:03 1411099                    /usr/lib/x86_64-linux-gnu/libm.so.6
726389fff000-72638a000000 rw-p 000e8000 08:03 1411099                    /usr/lib/x86_64-linux-gnu/libm.so.6
72638a000000-72638a2a9000 r--p 00000000 fc:00 49676389                   /mydata/openjdk-mmtk/build/b0test/images/jdk/lib/server/libjvm.so
72638a2a9000-72638b13c000 r-xp 002a9000 fc:00 49676389                   /mydata/openjdk-mmtk/build/b0test/images/jdk/lib/server/libjvm.so
72638b13c000-72638b420000 r--p 0113c000 fc:00 49676389                   /mydata/openjdk-mmtk/build/b0test/images/jdk/lib/server/libjvm.so
72638b420000-72638b4f6000 r--p 0141f000 fc:00 49676389                   /mydata/openjdk-mmtk/build/b0test/images/jdk/lib/server/libjvm.so
72638b4f6000-72638b526000 rw-p 014f5000 fc:00 49676389                   /mydata/openjdk-mmtk/build/b0test/images/jdk/lib/server/libjvm.so
72638b526000-72638b58c000 rw-p 00000000 00:00 0 
72638b590000-72638b593000 r--p 00000000 fc:00 49676376                   /mydata/openjdk-mmtk/build/b0test/images/jdk/lib/libnet.so
72638b593000-72638b59b000 r-xp 00003000 fc:00 49676376                   /mydata/openjdk-mmtk/build/b0test/images/jdk/lib/libnet.so
72638b59b000-72638b59d000 r--p 0000b000 fc:00 49676376                   /mydata/openjdk-mmtk/build/b0test/images/jdk/lib/libnet.so
72638b59d000-72638b59e000 r--p 0000c000 fc:00 49676376                   /mydata/openjdk-mmtk/build/b0test/images/jdk/lib/libnet.so
72638b59e000-72638b59f000 rw-p 0000d000 fc:00 49676376                   /mydata/openjdk-mmtk/build/b0test/images/jdk/lib/libnet.so
72638b59f000-72638b5a7000 rw-p 00000000 00:00 0 
72638b5a7000-72638b5af000 ---p 00000000 00:00 0 
72638b5af000-72638b5b3000 r--p 00000000 fc:00 49676370                   /mydata/openjdk-mmtk/build/b0test/images/jdk/lib/libjimage.so
72638b5b3000-72638b5ca000 r-xp 00004000 fc:00 49676370                   /mydata/openjdk-mmtk/build/b0test/images/jdk/lib/libjimage.so
72638b5ca000-72638b5cf000 r--p 0001b000 fc:00 49676370                   /mydata/openjdk-mmtk/build/b0test/images/jdk/lib/libjimage.so
72638b5cf000-72638b5d1000 r--p 00020000 fc:00 49676370                   /mydata/openjdk-mmtk/build/b0test/images/jdk/lib/libjimage.so
72638b5d1000-72638b5d2000 rw-p 00022000 fc:00 49676370                   /mydata/openjdk-mmtk/build/b0test/images/jdk/lib/libjimage.so
72638b5d2000-72638b5d6000 r--p 00000000 08:03 1410148                    /usr/lib/x86_64-linux-gnu/libgcc_s.so.1
72638b5d6000-72638b5fa000 r-xp 00004000 08:03 1410148                    /usr/lib/x86_64-linux-gnu/libgcc_s.so.1
72638b5fa000-72638b5fe000 r--p 00028000 08:03 1410148                    /usr/lib/x86_64-linux-gnu/libgcc_s.so.1
72638b5fe000-72638b5ff000 r--p 0002b000 08:03 1410148                    /usr/lib/x86_64-linux-gnu/libgcc_s.so.1
72638b5ff000-72638b600000 rw-p 0002c000 08:03 1410148                    /usr/lib/x86_64-linux-gnu/libgcc_s.so.1
72638b600000-72638b628000 r--p 00000000 08:03 1410238                    /usr/lib/x86_64-linux-gnu/libc.so.6
72638b628000-72638b7b0000 r-xp 00028000 08:03 1410238                    /usr/lib/x86_64-linux-gnu/libc.so.6
72638b7b0000-72638b7ff000 r--p 001b0000 08:03 1410238                    /usr/lib/x86_64-linux-gnu/libc.so.6
72638b7ff000-72638b803000 r--p 001fe000 08:03 1410238                    /usr/lib/x86_64-linux-gnu/libc.so.6
72638b803000-72638b805000 rw-p 00202000 08:03 1410238                    /usr/lib/x86_64-linux-gnu/libc.so.6
72638b805000-72638b812000 rw-p 00000000 00:00 0 
72638b813000-72638b81a000 r--s 00000000 08:03 1436340                    /usr/lib/x86_64-linux-gnu/gconv/gconv-modules.cache
72638b81a000-72638b822000 rw-s 00000000 08:03 237600                     /tmp/hsperfdata_root/438246
72638b822000-72638b824000 rw-p 00000000 00:00 0 
72638b824000-72638b826000 r--p 00000000 08:03 1409104                    /usr/lib/x86_64-linux-gnu/libz.so.1.3
72638b826000-72638b838000 r-xp 00002000 08:03 1409104                    /usr/lib/x86_64-linux-gnu/libz.so.1.3
72638b838000-72638b83e000 r--p 00014000 08:03 1409104                    /usr/lib/x86_64-linux-gnu/libz.so.1.3
72638b83e000-72638b83f000 r--p 0001a000 08:03 1409104                    /usr/lib/x86_64-linux-gnu/libz.so.1.3
72638b83f000-72638b840000 rw-p 0001b000 08:03 1409104                    /usr/lib/x86_64-linux-gnu/libz.so.1.3
72638b845000-72638b846000 rw-s 00000000 00:10 68                         anon_inode:bpf-map
72638b846000-72638b847000 r--s 00000000 00:10 68                         anon_inode:bpf-map
72638b847000-72638b848000 ---p 00000000 00:00 0 
72638b848000-72638b849000 r--p 00000000 00:00 0 
72638b849000-72638b84a000 ---p 00000000 00:00 0 
72638b84a000-72638b84c000 r--p 00000000 fc:00 49676372                   /mydata/openjdk-mmtk/build/b0test/images/jdk/lib/libjli.so
72638b84c000-72638b856000 r-xp 00002000 fc:00 49676372                   /mydata/openjdk-mmtk/build/b0test/images/jdk/lib/libjli.so
72638b856000-72638b859000 r--p 0000c000 fc:00 49676372                   /mydata/openjdk-mmtk/build/b0test/images/jdk/lib/libjli.so
72638b859000-72638b85a000 r--p 0000f000 fc:00 49676372                   /mydata/openjdk-mmtk/build/b0test/images/jdk/lib/libjli.so
72638b85a000-72638b85b000 rw-p 00010000 fc:00 49676372                   /mydata/openjdk-mmtk/build/b0test/images/jdk/lib/libjli.so
72638b85b000-72638b85d000 rw-p 00000000 00:00 0 
72638b85d000-72638b861000 r--p 00000000 00:00 0                          [vvar]
72638b861000-72638b863000 r--p 00000000 00:00 0                          [vvar_vclock]
72638b863000-72638b865000 r-xp 00000000 00:00 0                          [vdso]
72638b865000-72638b866000 r--p 00000000 08:03 1409763                    /usr/lib/x86_64-linux-gnu/ld-linux-x86-64.so.2
72638b866000-72638b891000 r-xp 00001000 08:03 1409763                    /usr/lib/x86_64-linux-gnu/ld-linux-x86-64.so.2
72638b891000-72638b89b000 r--p 0002c000 08:03 1409763                    /usr/lib/x86_64-linux-gnu/ld-linux-x86-64.so.2
72638b89b000-72638b89d000 r--p 00036000 08:03 1409763                    /usr/lib/x86_64-linux-gnu/ld-linux-x86-64.so.2
72638b89d000-72638b89f000 rw-p 00038000 08:03 1409763                    /usr/lib/x86_64-linux-gnu/ld-linux-x86-64.so.2
7ffca7bb8000-7ffca7bd9000 rw-p 00000000 00:00 0                          [stack]
ffffffffff600000-ffffffffff601000 --xp 00000000 00:00 0                  [vsyscall]
Total number of mappings: 568

JVMTI agents: none


VM Arguments:
jvm_args: -XX:+UseThirdPartyHeap -Xms512m -Xmx512m 
java_command: /mydata/dacapo/dacapo-23.11/dacapo-23.11-MR2-chopin.jar xalan -n 3
java_class_path (initial): /mydata/dacapo/dacapo-23.11/dacapo-23.11-MR2-chopin.jar
Launcher Type: SUN_STANDARD

[Global flags]
     intx CICompilerCount                          = 15                                        {product} {ergonomic}
   size_t InitialHeapSize                          = 536870912                                 {product} {command line}
   size_t MaxHeapSize                              = 536870912                                 {product} {command line}
   size_t MinHeapDeltaBytes                        = 524288                                    {product} {ergonomic}
   size_t MinHeapSize                              = 536870912                                 {product} {command line}
    uintx NonNMethodCodeHeapSize                   = 8192380                                {pd product} {ergonomic}
    uintx NonProfiledCodeHeapSize                  = 121732930                              {pd product} {ergonomic}
    uintx ProfiledCodeHeapSize                     = 121732930                              {pd product} {ergonomic}
    uintx ReservedCodeCacheSize                    = 251658240                              {pd product} {ergonomic}
     bool SegmentedCodeCache                       = true                                      {product} {ergonomic}
   size_t SoftMaxHeapSize                          = 536870912                              {manageable} {ergonomic}
     bool UseCompressedOops                        = true                           {product lp64_product} {ergonomic}

Logging:
Log output configuration:
 #0: stdout all=warning uptime,level,tags foldmultilines=false
 #1: stderr all=off uptime,level,tags foldmultilines=false

Release file:
IMPLEMENTOR="N/A"
JAVA_RUNTIME_VERSION="21.0.9-internal-adhoc.talzuss.openjdk-mmtk"
JAVA_VERSION="21.0.9"
JAVA_VERSION_DATE="2025-10-21"
LIBC="gnu"
MODULES="java.base java.compiler java.datatransfer java.xml java.prefs java.desktop java.instrument java.logging java.management java.security.sasl java.naming java.rmi java.management.rmi java.net.http java.scripting java.security.jgss java.transaction.xa java.sql java.sql.rowset java.xml.crypto java.se java.smartcardio jdk.accessibility jdk.internal.jvmstat jdk.attach jdk.charsets jdk.internal.opt jdk.zipfs jdk.compiler jdk.crypto.ec jdk.crypto.cryptoki jdk.dynalink jdk.internal.ed jdk.editpad jdk.hotspot.agent jdk.httpserver jdk.incubator.vector jdk.internal.le jdk.internal.vm.ci jdk.internal.vm.compiler jdk.internal.vm.compiler.management jdk.jartool jdk.javadoc jdk.jcmd jdk.management jdk.management.agent jdk.jconsole jdk.jdeps jdk.jdwp.agent jdk.jdi jdk.jfr jdk.jlink jdk.jpackage jdk.jshell jdk.jsobject jdk.jstatd jdk.localedata jdk.management.jfr jdk.naming.dns jdk.naming.rmi jdk.net jdk.nio.mapmode jdk.random jdk.sctp jdk.security.auth jdk.security.jgss jdk.unsupported jdk.unsupported.desktop jdk.xml.dom"
OS_ARCH="x86_64"
OS_NAME="Linux"
SOURCE=".:git:b557520f04b3+"

Environment Variables:
PATH=/usr/local/sbin:/usr/local/bin:/usr/sbin:/usr/bin:/sbin:/bin:/snap/bin
SHELL=/bin/bash
LANG=en_US.UTF-8
TERM=tmux-256color

Active Locale:
LC_ALL=en_US.UTF-8
LC_COLLATE=en_US.UTF-8
LC_CTYPE=en_US.UTF-8
LC_MESSAGES=en_US.UTF-8
LC_MONETARY=en_US.UTF-8
LC_NUMERIC=en_US.UTF-8
LC_TIME=en_US.UTF-8

Signal Handlers:
   SIGSEGV: crash_handler in libjvm.so, mask=11100100010111111101111111111110, flags=SA_RESTART|SA_SIGINFO, unblocked
    SIGBUS: crash_handler in libjvm.so, mask=11100100010111111101111111111110, flags=SA_RESTART|SA_SIGINFO, unblocked
    SIGFPE: crash_handler in libjvm.so, mask=11100100010111111101111111111110, flags=SA_RESTART|SA_SIGINFO, unblocked
   SIGPIPE: javaSignalHandler in libjvm.so, mask=11100100010111111101111111111110, flags=SA_RESTART|SA_SIGINFO, blocked
   SIGXFSZ: javaSignalHandler in libjvm.so, mask=11100100010111111101111111111110, flags=SA_RESTART|SA_SIGINFO, blocked
    SIGILL: crash_handler in libjvm.so, mask=11100100010111111101111111111110, flags=SA_RESTART|SA_SIGINFO, unblocked
   SIGUSR2: SR_handler in libjvm.so, mask=00000000000000000000000000000000, flags=SA_RESTART|SA_SIGINFO, blocked
    SIGHUP: UserHandler in libjvm.so, mask=11100100010111111101111111111110, flags=SA_RESTART|SA_SIGINFO, blocked
    SIGINT: UserHandler in libjvm.so, mask=11100100010111111101111111111110, flags=SA_RESTART|SA_SIGINFO, blocked
   SIGTERM: UserHandler in libjvm.so, mask=11100100010111111101111111111110, flags=SA_RESTART|SA_SIGINFO, blocked
   SIGQUIT: UserHandler in libjvm.so, mask=11100100010111111101111111111110, flags=SA_RESTART|SA_SIGINFO, blocked
   SIGTRAP: crash_handler in libjvm.so, mask=11100100010111111101111111111110, flags=SA_RESTART|SA_SIGINFO, unblocked


Periodic native trim disabled

---------------  S Y S T E M  ---------------

OS:
DISTRIB_ID=Ubuntu
DISTRIB_RELEASE=24.04
DISTRIB_CODENAME=noble
DISTRIB_DESCRIPTION="Ubuntu 24.04.4 LTS"
uname: Linux 6.17.0-bpf-fault+ #1 SMP PREEMPT_DYNAMIC Mon Jul  6 16:43:12 MDT 2026 x86_64
OS uptime: 1 days 2:35 hours
libc: glibc 2.39 NPTL 2.39 
rlimit (soft/hard): STACK 8192k/infinity , CORE 0k/0k , NPROC 513205/513205 , NOFILE 1048576/1048576 , AS infinity/infinity , CPU infinity/infinity , DATA infinity/infinity , FSIZE infinity/infinity , MEMLOCK 16436528k/16436528k
load average: 1.13 1.26 1.26

/proc/meminfo:
MemTotal:       131492232 kB
MemFree:        64655216 kB
MemAvailable:   111902760 kB
Buffers:          560860 kB
Cached:         45946156 kB
SwapCached:            0 kB
Active:          4676896 kB
Inactive:       45682612 kB
Active(anon):    3870408 kB
Inactive(anon):        0 kB
Active(file):     806488 kB
Inactive(file): 45682612 kB
Unevictable:       41912 kB
Mlocked:           38840 kB
SwapTotal:       8388604 kB
SwapFree:        8388604 kB
Zswap:                 0 kB
Zswapped:              0 kB
Dirty:              8176 kB
Writeback:             0 kB
AnonPages:       3896040 kB
Mapped:         12903700 kB
Shmem:              5316 kB
KReclaimable:    2010128 kB
Slab:            2552176 kB
SReclaimable:    2010128 kB
SUnreclaim:       542048 kB
KernelStack:       12912 kB
PageTables:        73228 kB
SecPageTables:      9380 kB
NFS_Unstable:          0 kB
Bounce:                0 kB
WritebackTmp:          0 kB
CommitLimit:    74134720 kB
Committed_AS:   165375780 kB
VmallocTotal:   34359738367 kB
VmallocUsed:       38972 kB
VmallocChunk:          0 kB
Percpu:            51072 kB
HardwareCorrupted:     0 kB
AnonHugePages:         0 kB
ShmemHugePages:        0 kB
ShmemPmdMapped:        0 kB
FileHugePages:   2177024 kB
FilePmdMapped:         0 kB
Unaccepted:            0 kB
Balloon:               0 kB
HugePages_Total:       0
HugePages_Free:        0
HugePages_Rsvd:        0
HugePages_Surp:        0
Hugepagesize:       2048 kB
Hugetlb:               0 kB
DirectMap4k:     1047360 kB
DirectMap2M:    29997056 kB
DirectMap1G:    102760448 kB

/sys/kernel/mm/transparent_hugepage/enabled: always [madvise] never
/sys/kernel/mm/transparent_hugepage/hpage_pmd_size: 2097152
/sys/kernel/mm/transparent_hugepage/defrag (defrag/compaction efforts parameter): always defer defer+madvise [madvise] never

Process Memory:
Virtual Size: 13620521008K (peak: 13620523092K)
Resident Set Size: 4489836K (peak: 4489836K) (anon: 1316588K, file: 3173248K, shmem: 0K)
Swapped out: 0K
C-Heap outstanding allocations: 1410622K, retained: 85789K
glibc malloc tunables: (default)

/proc/sys/kernel/threads-max (system-wide limit on the number of threads): 1026411
/proc/sys/vm/max_map_count (maximum number of memory map areas a process may have): 1048576
/proc/sys/vm/swappiness (control to define how aggressively the kernel swaps out anonymous memory): 60
/proc/sys/kernel/pid_max (system-wide limit on number of process identifiers): 4194304

container information not found.
Steal ticks since vm start: 0
Steal ticks percentage since vm start:  0.000

CPU: total 32 (initial active 32) (32 cores per cpu, 2 threads per core) family 23 model 49 stepping 0 microcode 0x830107c, cx8, cmov, fxsr, ht, mmx, 3dnowpref, sse, sse2, sse3, ssse3, sse4a, sse4.1, sse4.2, popcnt, lzcnt, tsc, tscinvbit, avx, avx2, aes, clmul, bmi1, bmi2, adx, sha, fma, vzeroupper, clflush, clflushopt, rdtscp, rdpid, f16c
CPU Model and flags from /proc/cpuinfo:
model name	: AMD EPYC 7302P 16-Core Processor
flags		: fpu vme de pse tsc msr pae mce cx8 apic sep mtrr pge mca cmov pat pse36 clflush mmx fxsr sse sse2 ht syscall nx mmxext fxsr_opt pdpe1gb rdtscp lm constant_tsc rep_good nopl xtopology nonstop_tsc cpuid extd_apicid aperfmperf rapl pni pclmulqdq monitor ssse3 fma cx16 sse4_1 sse4_2 movbe popcnt aes xsave avx f16c rdrand lahf_lm cmp_legacy svm extapic cr8_legacy abm sse4a misalignsse 3dnowprefetch osvw ibs skinit wdt tce topoext perfctr_core perfctr_nb bpext perfctr_llc mwaitx cpb cat_l3 cdp_l3 hw_pstate ssbd mba ibrs ibpb stibp vmmcall fsgsbase bmi1 avx2 smep bmi2 cqm rdt_a rdseed adx smap clflushopt clwb sha_ni xsaveopt xsavec xgetbv1 xsaves cqm_llc cqm_occup_llc cqm_mbm_total cqm_mbm_local clzero irperf xsaveerptr rdpru wbnoinvd amd_ppin arat npt lbrv svm_lock nrip_save tsc_scale vmcb_clean flushbyasid decodeassists pausefilter pfthreshold avic v_vmsave_vmload vgif v_spec_ctrl umip rdpid overflow_recov succor smca sev sev_es

Online cpus: 0-31
Offline cpus: 
BIOS frequency limitation: <Not Available>
Frequency switch latency (ns): <Not Available>
Available cpu frequencies: <Not Available>
Current governor: <Not Available>
Core performance/turbo boost: <Not Available>

Memory: 4k page, physical 131492232k(111902760k free), swap 8388604k(8388604k free)
Page Sizes: 4k

vm_info: OpenJDK 64-Bit Server VM (21.0.9-internal-adhoc.talzuss.openjdk-mmtk) for linux-amd64 JRE (21.0.9-internal-adhoc.talzuss.openjdk-mmtk), built on 2026-07-06T23:13:08Z by "talzuss" with gcc 13.3.0
heap_info: MMTk OpenJDK 0.32.0 (a3bb9ef-dirty), using MMTk 0.32.0 (3ecdf08-dirty, BUILTIN_ENV_LOGGER, DEFAULT, EAGER_SWEEPING, VO_BIT)@

END.
