#
# A fatal error has been detected by the Java Runtime Environment:
#
#  SIGSEGV (0xb) at pc=0x00007d6b792776b7, pid=413415, tid=413434
#
# JRE version: OpenJDK Runtime Environment (21.0.9) (build 21.0.9-internal-adhoc.talzuss.openjdk-mmtk)
# Java VM: OpenJDK 64-Bit Server VM (21.0.9-internal-adhoc.talzuss.openjdk-mmtk, mixed mode, sharing, tiered, compressed oops, compressed class ptrs, third-party gc, linux-amd64)
# Problematic frame:
# C  [libmmtk_openjdk.so+0x2776b7]  mmtk::plan::tracing::SlotIterator$LT$VM$GT$::iterate_fields::hbed5683148b475e0+0x37
#
# No core dump will be written. Core dumps have been disabled. To enable core dumping, try "ulimit -c unlimited" before starting Java again
#
# If you would like to submit a bug report, please visit:
#   https://bugreport.java.com/bugreport/crash.jsp
#

---------------  S U M M A R Y ------------

Command Line: -XX:+UseThirdPartyHeap -Xms512m -Xmx512m /mydata/dacapo/dacapo-23.11/dacapo-23.11-MR2-chopin.jar xalan -n 3

Host: AMD EPYC 7302P 16-Core Processor, 32 cores, 125G, Ubuntu 24.04.4 LTS
Time: Tue Jul  7 18:07:36 2026 MDT elapsed time: 2.996777 seconds (0d 0h 0m 2s)

---------------  T H R E A D  ---------------

Current thread (0x00007d6b7453ada0):  NamedThread "MMTk Collector Thread" [id=413434, stack(0x000070be843f7000,0x000070be844f7000) (1024K)]

Stack: [0x000070be843f7000,0x000070be844f7000],  sp=0x000070be844f5860,  free space=1018k
Native frames: (J=compiled Java code, j=interpreted, Vv=VM code, C=native code)
C  [libmmtk_openjdk.so+0x2776b7]  mmtk::plan::tracing::SlotIterator$LT$VM$GT$::iterate_fields::hbed5683148b475e0+0x37

siginfo: si_signo: 11 (SIGSEGV), si_code: 1 (SEGV_MAPERR), si_addr: 0x00007d6cd907ba94

Registers:
RAX=0x0000000058000000, RBX=0x000070be844f5940, RCX=0x00007d6b7907ba94, RDX=0x000070be3f000000
RSP=0x000070be844f5860, RBP=0x000070bdf80075b0, RSI=0x000070be3f000001, RDI=0x000000004139fff8
R8 =0x000070beb944e82c, R9 =0xffffffffffffff08, R10=0x0000000000000007, R11=0x7001c18cfc7dd768
R12=0x000070be844f5940, R13=0x0000000000000000, R14=0x000000004139fff8, R15=0x00000000000001c8
RIP=0x00007d6b792776b7, EFLAGS=0x0000000000010206, CSGSFS=0x002b000000000033, ERR=0x0000000000000004
  TRAPNO=0x000000000000000e

XMM[0]=0x0000000000000000 0x0000000000000000
XMM[1]=0x0000000000000000 0x000070bdf8000090
XMM[2]=0x3dffffff7f5eff47 0xff1aff19ff6f2b6a
XMM[3]=0x0000000000000000 0x000000000000ff00
XMM[4]=0x0000000000000000 0x000070bdf8000090
XMM[5]=0x0000000000002770 0x000000000001000b
XMM[6]=0x00000000000070be 0x000000003f489d48
XMM[7]=0x00000000000070be 0x000000004030fba0
XMM[8]=0x00000000403a4a78 0x0000000000000001
XMM[9]=0x0000000000000000 0x0000000000000000
XMM[10]=0x3f3f3f3f3f3f3f3f 0x3f3f3f3f3f3f3f3f
XMM[11]=0x9999999999999999 0x9999999999999999
XMM[12]=0x2020202020202020 0x2020202020202020
XMM[13]=0x0000000000000000 0x0000000000000000
XMM[14]=0x0000000000000000 0x0000000000000000
XMM[15]=0x0000000000000000 0x0000000000000000
  MXCSR=0x00001fa2


Register to memory mapping:

RAX=
[error occurred during error reporting (printing register info), id 0xe0000000, Internal Error (/mydata/mmtk-openjdk/openjdk/share/mmtkHeap.cpp:444)]
RBX=
[error occurred during error reporting (printing register info, attempt 2), id 0xe0000000, Internal Error (/mydata/mmtk-openjdk/openjdk/share/mmtkHeap.cpp:444)]
RCX=
[error occurred during error reporting (printing register info, attempt 3), id 0xe0000000, Internal Error (/mydata/mmtk-openjdk/openjdk/share/mmtkHeap.cpp:444)]
Top of Stack: (sp=0x000070be844f5860)
0x000070be844f5860:   0000000000000000 000070bdf80075b0
0x000070be844f5870:   0000000000000200 0000000000000020
0x000070be844f5880:   0000000000274200 00007d6b792acf8f
0x000070be844f5890:   0000000000000008 040070be844f59a0
0x000070be844f58a0:   000070be844f59a0 00000000413a0b18
0x000070be844f58b0:   00007d6b793e6ba8 000070be844f58a8
0x000070be844f58c0:   000070be844f589f 000070be844f5a30
0x000070be844f58d0:   000070be844f5940 0000000000000000
0x000070be844f58e0:   00007d6b7940e788 00000000000001c8
0x000070be844f58f0:   000070bdf80075b0 00007d6b792c43bd
0x000070be844f5900:   0000000000000000 00007d6b743dff80
0x000070be844f5910:   0000000000000040 000000004139fff8
0x000070be844f5920:   000000004e646940 00007d6b7926667c
0x000070be844f5930:   0000000000000000 000070bdf80029e8
0x000070be844f5940:   00007d6b7940e788 000070be844f5a60
0x000070be844f5950:   000070be844f5980 000070be844f5a48
0x000070be844f5960:   000070be844f5a58 000070be844f599f
0x000070be844f5970:   000070be844f5a18 000070be844f5a30
0x000070be844f5980:   00002000013a0000 0000000000000001
0x000070be844f5990:   0000000000000001 000070be844f5a00
0x000070be844f59a0:   0000000000000040 000070bdf80075b0
0x000070be844f59b0:   0000000000000039 00007d6b793d0ae0
0x000070be844f59c0:   0000000000000000 0000000000000000
0x000070be844f59d0:   8000000000000000 8000000000000000
0x000070be844f59e0:   00007d6b7406d200 000070bdf8003ff8
0x000070be844f59f0:   000070be844f5a00 00007d6b7929c204
0x000070be844f5a00:   0000000000000001 0000000000000001
0x000070be844f5a10:   8000000000000000 0000000000000800
0x000070be844f5a20:   000070bdf8001c10 000000000000047d
0x000070be844f5a30:   0000000000010000 000070bdf800d520
0x000070be844f5a40:   000000000000c6f5 00000000413a0000
0x000070be844f5a50:   00007d6b74070500 0000000040000000 

Instructions: (pc=0x00007d6b792776b7)
0x00007d6b792775b7:   d5 05 15 00 e9 ef fd ff ff 48 89 e0 48 89 44 24
0x00007d6b792775c7:   38 48 8d 44 24 38 48 89 44 24 08 48 8d 3d 93 76
0x00007d6b792775d7:   19 00 48 8d 0d 58 43 16 00 4c 8d 05 59 86 16 00
0x00007d6b792775e7:   48 8d 54 24 08 31 f6 e8 9d 05 15 00 48 63 05 6e
0x00007d6b792775f7:   76 19 00 4d 63 34 06 4d 85 f6 0f 85 db fd ff ff
0x00007d6b79277607:   e9 f9 fd ff ff 48 89 e0 48 89 44 24 38 48 8d 44
0x00007d6b79277617:   24 38 48 89 44 24 08 48 8d 3d 23 76 19 00 48 8d
0x00007d6b79277627:   0d 34 43 16 00 4c 8d 05 0d 86 16 00 48 8d 54 24
0x00007d6b79277637:   08 31 f6 e8 51 05 15 00 e9 c3 fc ff ff 48 8d 05
0x00007d6b79277647:   3d 43 16 00 48 89 44 24 08 48 c7 44 24 10 01 00
0x00007d6b79277657:   00 00 48 c7 44 24 18 08 00 00 00 0f 57 c0 0f 11
0x00007d6b79277667:   44 24 20 48 8d 35 27 43 16 00 48 8d 7c 24 08 e8
0x00007d6b79277677:   65 e2 f1 ff cc cc cc cc cc 55 41 57 41 56 41 55
0x00007d6b79277687:   41 54 53 48 83 ec 68 48 89 f3 49 89 fe 8b 47 08
0x00007d6b79277697:   48 8b 15 7a 89 19 00 48 8b 0d 7b 89 19 00 48 d3
0x00007d6b792776a7:   e0 48 8d 34 10 8b 44 10 0c 48 8d 0d dd 43 e0 ff
0x00007d6b792776b7:   48 63 04 81 48 01 c8 ff e0 48 63 86 28 01 00 00
0x00007d6b792776c7:   48 85 c0 0f 84 05 03 00 00 48 63 8e ac 00 00 00
0x00007d6b792776d7:   48 8d 0c ce 48 63 96 2c 01 00 00 48 8d 34 d1 4c
0x00007d6b792776e7:   8d 24 d1 49 81 c4 d8 01 00 00 4c 8d 2c c6 49 81
0x00007d6b792776f7:   c5 d8 01 00 00 eb 0f 66 90 49 83 c4 08 4d 39 ec
0x00007d6b79277707:   0f 84 c8 02 00 00 41 8b 6c 24 04 48 85 ed 74 e9
0x00007d6b79277717:   4d 63 3c 24 4d 01 f7 66 90 48 89 df 4c 89 fe e8
0x00007d6b79277727:   65 61 05 00 49 83 c7 04 48 ff cd 75 ec eb ca 4d
0x00007d6b79277737:   63 7e 0c 4d 85 ff 0f 84 92 02 00 00 49 83 c6 10
0x00007d6b79277747:   49 c1 e7 02 0f 1f 44 00 00 48 89 df 4c 89 f6 e8
0x00007d6b79277757:   35 61 05 00 49 83 c6 04 49 83 c7 fc 75 eb e9 6b
0x00007d6b79277767:   02 00 00 48 63 86 28 01 00 00 48 85 c0 0f 84 5b
0x00007d6b79277777:   02 00 00 48 63 8e ac 00 00 00 48 8d 0c ce 48 63
0x00007d6b79277787:   96 2c 01 00 00 48 8d 34 d1 4c 8d 24 d1 49 81 c4
0x00007d6b79277797:   d8 01 00 00 4c 8d 2c c6 49 81 c5 d8 01 00 00 eb
0x00007d6b792777a7:   15 0f 1f 84 00 00 00 00 00 49 83 c4 08 4d 39 ec 


Stack slot to memory mapping:

stack at sp + 0 slots: 0x0 is null
stack at sp + 1 slots: 
[error occurred during error reporting (inspecting top of stack), id 0xe0000000, Internal Error (/mydata/mmtk-openjdk/openjdk/share/mmtkHeap.cpp:444)]
stack at sp + 2 slots: 
[error occurred during error reporting (inspecting top of stack, attempt 2), id 0xe0000000, Internal Error (/mydata/mmtk-openjdk/openjdk/share/mmtkHeap.cpp:444)]
stack at sp + 3 slots: 
[error occurred during error reporting (inspecting top of stack, attempt 3), id 0xe0000000, Internal Error (/mydata/mmtk-openjdk/openjdk/share/mmtkHeap.cpp:444)]

---------------  P R O C E S S  ---------------

Threads class SMR info:
_java_thread_list=0x000070bdb0118700, length=56, elements={
0x00007d6b7402b240, 0x00007d6b74526f30, 0x00007d6b745287c0, 0x00007d6b7452a2b0,
0x00007d6b74548ae0, 0x00007d6b7454a430, 0x00007d6b7454bcf0, 0x00007d6b7454db30,
0x00007d6b74557500, 0x000070bdb80454c0, 0x000070bdb8046b00, 0x00007d6b745a66d0,
0x00007d6b745a96d0, 0x000070bdac023f10, 0x000070bdac03e950, 0x000070bdac03ff80,
0x000070bd9c012370, 0x00007d6b747caa30, 0x00007d6b747cb840, 0x00007d6b747cca20,
0x00007d6b747cde70, 0x00007d6b747cf240, 0x00007d6b747d0610, 0x00007d6b747d19e0,
0x00007d6b747d2f50, 0x00007d6b747d4320, 0x00007d6b747d57d0, 0x00007d6b747d6d60,
0x00007d6b747dd9a0, 0x00007d6b747dee50, 0x00007d6b747e0300, 0x00007d6b743e1860,
0x00007d6b743e2880, 0x00007d6b743e40c0, 0x00007d6b745d9e40, 0x00007d6b745db260,
0x00007d6b745dc650, 0x00007d6b745ddc30, 0x00007d6b745df210, 0x00007d6b745e06b0,
0x00007d6b745e1f40, 0x00007d6b745cfeb0, 0x00007d6b745d1700, 0x00007d6b745d2f50,
0x00007d6b745d47a0, 0x00007d6b745d5ff0, 0x00007d6b745d79a0, 0x00007d6b743d4610,
0x00007d6b743d5e60, 0x000070bdb00a66d0, 0x000070bd94040f20, 0x000070bda0074ab0,
0x000070bdb00e45f0, 0x000070bd981181d0, 0x000070bd98119bc0, 0x000070bdb0117260
}

Java Threads: ( => current thread )
  0x00007d6b7402b240 JavaThread "main"                              [_thread_blocked, id=413416, stack(0x00007d6b79417000,0x00007d6b79517000) (1024K)]
  0x00007d6b74526f30 JavaThread "Reference Handler"          daemon [_thread_blocked, id=413420, stack(0x00007d6b3c6ff000,0x00007d6b3c7ff000) (1024K)]
  0x00007d6b745287c0 JavaThread "Finalizer"                  daemon [_thread_blocked, id=413421, stack(0x00007d6b3c5ff000,0x00007d6b3c6ff000) (1024K)]
  0x00007d6b7452a2b0 JavaThread "MMTk Finalizer Thread"      daemon [_thread_blocked, id=413422, stack(0x00007d6b3c4ff000,0x00007d6b3c5ff000) (1024K)]
  0x00007d6b74548ae0 JavaThread "Signal Dispatcher"          daemon [_thread_blocked, id=413446, stack(0x000070be3e6f8000,0x000070be3e7f8000) (1024K)]
  0x00007d6b7454a430 JavaThread "Service Thread"             daemon [_thread_blocked, id=413447, stack(0x000070be3e5f8000,0x000070be3e6f8000) (1024K)]
  0x00007d6b7454bcf0 JavaThread "Monitor Deflation Thread"   daemon [_thread_blocked, id=413448, stack(0x000070be3e4f8000,0x000070be3e5f8000) (1024K)]
  0x00007d6b7454db30 JavaThread "C2 CompilerThread0"         daemon [_thread_blocked, id=413449, stack(0x000070be3e3f8000,0x000070be3e4f8000) (1024K)]
  0x00007d6b74557500 JavaThread "C1 CompilerThread0"         daemon [_thread_blocked, id=413450, stack(0x000070be3e2f8000,0x000070be3e3f8000) (1024K)]
  0x000070bdb80454c0 JavaThread "C1 CompilerThread1"         daemon [_thread_blocked, id=413451, stack(0x000070be3e1f8000,0x000070be3e2f8000) (1024K)]
  0x000070bdb8046b00 JavaThread "C1 CompilerThread2"         daemon [_thread_blocked, id=413452, stack(0x000070be3e0f8000,0x000070be3e1f8000) (1024K)]
  0x00007d6b745a66d0 JavaThread "Notification Thread"        daemon [_thread_blocked, id=413453, stack(0x000070be3dff8000,0x000070be3e0f8000) (1024K)]
  0x00007d6b745a96d0 JavaThread "Common-Cleaner"             daemon [_thread_blocked, id=413454, stack(0x000070be3def8000,0x000070be3dff8000) (1024K)]
  0x000070bdac023f10 JavaThread "C2 CompilerThread1"         daemon [_thread_blocked, id=413455, stack(0x000070be3ddf8000,0x000070be3def8000) (1024K)]
  0x000070bdac03e950 JavaThread "C1 CompilerThread3"         daemon [_thread_blocked, id=413456, stack(0x000070be3dcf8000,0x000070be3ddf8000) (1024K)]
  0x000070bdac03ff80 JavaThread "C1 CompilerThread4"         daemon [_thread_blocked, id=413457, stack(0x000070be3dbf8000,0x000070be3dcf8000) (1024K)]
  0x000070bd9c012370 JavaThread "C2 CompilerThread2"         daemon [_thread_in_native, id=413458, stack(0x000070be3daf8000,0x000070be3dbf8000) (1024K)]
  0x00007d6b747caa30 JavaThread "Thread-0"                          [_thread_blocked, id=413459, stack(0x000070be3d9f8000,0x000070be3daf8000) (1024K)]
  0x00007d6b747cb840 JavaThread "Thread-1"                          [_thread_blocked, id=413460, stack(0x000070be3d8f8000,0x000070be3d9f8000) (1024K)]
  0x00007d6b747cca20 JavaThread "Thread-2"                          [_thread_blocked, id=413461, stack(0x000070be3d7f8000,0x000070be3d8f8000) (1024K)]
  0x00007d6b747cde70 JavaThread "Thread-3"                          [_thread_blocked, id=413462, stack(0x000070be3d6f8000,0x000070be3d7f8000) (1024K)]
  0x00007d6b747cf240 JavaThread "Thread-4"                          [_thread_blocked, id=413463, stack(0x000070be3d5f8000,0x000070be3d6f8000) (1024K)]
  0x00007d6b747d0610 JavaThread "Thread-5"                          [_thread_blocked, id=413464, stack(0x000070be3d4f8000,0x000070be3d5f8000) (1024K)]
  0x00007d6b747d19e0 JavaThread "Thread-6"                          [_thread_blocked, id=413465, stack(0x000070be3d3f8000,0x000070be3d4f8000) (1024K)]
  0x00007d6b747d2f50 JavaThread "Thread-7"                          [_thread_blocked, id=413466, stack(0x000070be3d2f8000,0x000070be3d3f8000) (1024K)]
  0x00007d6b747d4320 JavaThread "Thread-8"                          [_thread_blocked, id=413467, stack(0x000070be3d1f8000,0x000070be3d2f8000) (1024K)]
  0x00007d6b747d57d0 JavaThread "Thread-9"                          [_thread_blocked, id=413468, stack(0x000070be3d0f8000,0x000070be3d1f8000) (1024K)]
  0x00007d6b747d6d60 JavaThread "Thread-10"                         [_thread_blocked, id=413469, stack(0x000070be3cff8000,0x000070be3d0f8000) (1024K)]
  0x00007d6b747dd9a0 JavaThread "Thread-11"                         [_thread_blocked, id=413470, stack(0x000070be3cef8000,0x000070be3cff8000) (1024K)]
  0x00007d6b747dee50 JavaThread "Thread-12"                         [_thread_blocked, id=413471, stack(0x000070be3cdf8000,0x000070be3cef8000) (1024K)]
  0x00007d6b747e0300 JavaThread "Thread-13"                         [_thread_blocked, id=413472, stack(0x000070be3ccf8000,0x000070be3cdf8000) (1024K)]
  0x00007d6b743e1860 JavaThread "Thread-14"                         [_thread_blocked, id=413473, stack(0x000070be3cbf8000,0x000070be3ccf8000) (1024K)]
  0x00007d6b743e2880 JavaThread "Thread-15"                         [_thread_blocked, id=413474, stack(0x000070be3caf8000,0x000070be3cbf8000) (1024K)]
  0x00007d6b743e40c0 JavaThread "Thread-16"                         [_thread_blocked, id=413475, stack(0x000070be3c9f8000,0x000070be3caf8000) (1024K)]
  0x00007d6b745d9e40 JavaThread "Thread-17"                         [_thread_blocked, id=413476, stack(0x000070be3c8f8000,0x000070be3c9f8000) (1024K)]
  0x00007d6b745db260 JavaThread "Thread-18"                         [_thread_blocked, id=413477, stack(0x000070be3c7f8000,0x000070be3c8f8000) (1024K)]
  0x00007d6b745dc650 JavaThread "Thread-19"                         [_thread_blocked, id=413478, stack(0x000070be3c6f8000,0x000070be3c7f8000) (1024K)]
  0x00007d6b745ddc30 JavaThread "Thread-20"                         [_thread_blocked, id=413479, stack(0x000070be3c5f8000,0x000070be3c6f8000) (1024K)]
  0x00007d6b745df210 JavaThread "Thread-21"                         [_thread_blocked, id=413480, stack(0x000070be3c4f8000,0x000070be3c5f8000) (1024K)]
  0x00007d6b745e06b0 JavaThread "Thread-22"                         [_thread_blocked, id=413481, stack(0x000070be3c3f8000,0x000070be3c4f8000) (1024K)]
  0x00007d6b745e1f40 JavaThread "Thread-23"                         [_thread_blocked, id=413482, stack(0x000070be3c2f8000,0x000070be3c3f8000) (1024K)]
  0x00007d6b745cfeb0 JavaThread "Thread-24"                         [_thread_blocked, id=413483, stack(0x000070be3c1f8000,0x000070be3c2f8000) (1024K)]
  0x00007d6b745d1700 JavaThread "Thread-25"                         [_thread_blocked, id=413484, stack(0x000070be3c0f8000,0x000070be3c1f8000) (1024K)]
  0x00007d6b745d2f50 JavaThread "Thread-26"                         [_thread_blocked, id=413485, stack(0x000070bd2bf00000,0x000070bd2c000000) (1024K)]
  0x00007d6b745d47a0 JavaThread "Thread-27"                         [_thread_blocked, id=413486, stack(0x000070bd2be00000,0x000070bd2bf00000) (1024K)]
  0x00007d6b745d5ff0 JavaThread "Thread-28"                         [_thread_blocked, id=413487, stack(0x000070bd2bd00000,0x000070bd2be00000) (1024K)]
  0x00007d6b745d79a0 JavaThread "Thread-29"                         [_thread_blocked, id=413488, stack(0x000070bd2bc00000,0x000070bd2bd00000) (1024K)]
  0x00007d6b743d4610 JavaThread "Thread-30"                         [_thread_blocked, id=413489, stack(0x000070bd2bb00000,0x000070bd2bc00000) (1024K)]
  0x00007d6b743d5e60 JavaThread "Thread-31"                         [_thread_blocked, id=413490, stack(0x000070bd2ba00000,0x000070bd2bb00000) (1024K)]
  0x000070bdb00a66d0 JavaThread "C2 CompilerThread3"         daemon [_thread_blocked, id=413491, stack(0x000070bd2b900000,0x000070bd2ba00000) (1024K)]
  0x000070bd94040f20 JavaThread "C2 CompilerThread4"         daemon [_thread_blocked, id=413492, stack(0x000070bd2b800000,0x000070bd2b900000) (1024K)]
  0x000070bda0074ab0 JavaThread "C2 CompilerThread5"         daemon [_thread_in_native, id=413493, stack(0x000070bd2b700000,0x000070bd2b800000) (1024K)]
  0x000070bdb00e45f0 JavaThread "C2 CompilerThread6"         daemon [_thread_blocked, id=413494, stack(0x000070bd2b600000,0x000070bd2b700000) (1024K)]
  0x000070bd981181d0 JavaThread "C2 CompilerThread7"         daemon [_thread_blocked, id=413495, stack(0x000070bd2b500000,0x000070bd2b600000) (1024K)]
  0x000070bd98119bc0 JavaThread "C2 CompilerThread8"         daemon [_thread_blocked, id=413496, stack(0x000070bd2b400000,0x000070bd2b500000) (1024K)]
  0x000070bdb0117260 JavaThread "C2 CompilerThread9"         daemon [_thread_in_native, id=413497, stack(0x000070bd2b300000,0x000070bd2b400000) (1024K)]
Total: 56

Other Threads:
  0x00007d6b7451ba80 VMThread "VM Thread"                           [id=413419, stack(0x00007d6b780fd000,0x00007d6b781fd000) (1024K)]
  0x00007d6b745096d0 WatcherThread "VM Periodic Task Thread"        [id=413418, stack(0x00007d6b781fe000,0x00007d6b782fe000) (1024K)]

=>0x00007d6b7453ada0 (exited) NamedThread "MMTk Collector Thread"   [id=413434, stack(0x000070be843f7000,0x000070be844f7000) (1024K)]
Total: 3

Threads with active compile tasks:
C2 CompilerThread0  2999 2568       4       org.apache.xpath.axes.LocPathIterator::asNode (38 bytes)
C2 CompilerThread1  2999 2709       4       org.apache.xml.serializer.AttributesImplSerializer::addAttribute (116 bytes)
C2 CompilerThread2  2999 2293   !   4       org.apache.xalan.templates.ElemApplyTemplates::transformSelectedNodes (979 bytes)
C2 CompilerThread3  2999 2555       4       org.apache.xpath.axes.ChildTestIterator::detach (17 bytes)
C2 CompilerThread4  2999 2929       4       java.util.HashMap::putMapEntries (170 bytes)
C2 CompilerThread5  2999 2382   !   4       org.apache.xalan.templates.ElemLiteralResult::execute (312 bytes)
C2 CompilerThread6  2999 2663       4       org.apache.xalan.templates.ElemIf::execute (120 bytes)
C2 CompilerThread7  2999 2601   !   4       org.apache.xpath.axes.PredicatedNodeTest::acceptNode (99 bytes)
C2 CompilerThread8  2999 2552   !   4       org.apache.xpath.XPath::bool (202 bytes)
C2 CompilerThread9  2999 2752       4       org.apache.xerces.impl.XMLNSDocumentScannerImpl::scanStartElement (866 bytes)
Total: 10

VM state: at safepoint (normal execution)

VM Mutex/Monitor currently owned by a thread:  ([mutex/lock_event])
[0x00007d6b7ab580d0] Threads_lock - owner thread: 0x00007d6b7451ba80
[0x00007d6b7ab57fd0] Heap_lock - owner thread: 0x00007d6b743e4ec0

Heap address: 0x0000000040000000, size: 3072 MB, Compressed Oops mode: 32-bit

CDS archive(s) mapped at: [0x000070be3f000000-0x000070be3fca3000-0x000070be3fca3000), size 13250560, SharedBaseAddress: 0x000070be3f000000, ArchiveRelocationMode: 1.
Compressed class space mapped at: 0x000070be40000000-0x000070be80000000, reserved size: 1073741824
Narrow klass base: 0x000070be3f000000, Narrow klass shift: 0, Narrow klass range: 0x100000000

GC Precious Log:
<Empty>

Heap:

[error occurred during error reporting (printing heap information), id 0xe0000000, Internal Error (/mydata/mmtk-openjdk/openjdk/share/mmtkHeap.cpp:424)]
Metaspace:

Usage:
  Non-class:      6.99 MB used.
      Class:    965.03 KB used.
       Both:      7.93 MB used.

Virtual space:
  Non-class space:       64.00 MB reserved,       7.06 MB ( 11%) committed,  1 nodes.
      Class space:        1.00 GB reserved,       1.06 MB ( <1%) committed,  1 nodes.
             Both:        1.06 GB reserved,       8.12 MB ( <1%) committed. 

Chunk freelists:
   Non-Class:  7.38 MB
       Class:  14.99 MB
        Both:  22.37 MB

MaxMetaspaceSize: unlimited
CompressedClassSpaceSize: 1.00 GB
Initial GC threshold: 21.00 MB
Current GC threshold: 21.00 MB
CDS: on
 - commit_granule_bytes: 65536.
 - commit_granule_words: 8192.
 - virtual_space_node_default_size: 8388608.
 - enlarge_chunks_in_place: 1.
 - use_allocation_guard: 0.


Internal statistics:

num_allocs_failed_limit: 0.
num_arena_births: 118.
num_arena_deaths: 0.
num_vsnodes_births: 2.
num_vsnodes_deaths: 0.
num_space_committed: 130.
num_space_uncommitted: 0.
num_chunks_returned_to_freelist: 0.
num_chunks_taken_from_freelist: 367.
num_chunk_merges: 0.
num_chunk_splits: 256.
num_chunks_enlarged: 199.
num_inconsistent_stats: 0.

CodeHeap 'non-profiled nmethods': size=118880Kb used=1383Kb max_used=1383Kb free=117496Kb
 bounds [0x00007d6b643e8000, 0x00007d6b64658000, 0x00007d6b6b800000]
CodeHeap 'profiled nmethods': size=118876Kb used=6225Kb max_used=6225Kb free=112650Kb
 bounds [0x00007d6b5c800000, 0x00007d6b5ce20000, 0x00007d6b63c17000]
CodeHeap 'non-nmethods': size=8004Kb used=3462Kb max_used=3541Kb free=4541Kb
 bounds [0x00007d6b63c17000, 0x00007d6b63f97000, 0x00007d6b643e8000]
CodeCache: size=245760Kb, used=11070Kb, max_used=11149Kb, free=234687Kb
 total_blobs=3346, nmethods=2864, adapters=381, full_count=0
Compilation: enabled, stopped_count=0, restarted_count=0

Compilation events (20 events):
Event: 2.989 Thread 0x000070bdb00a66d0 nmethod 2467 0x00007d6b64534890 code [0x00007d6b64534a60, 0x00007d6b64534f60]
Event: 2.989 Thread 0x000070bdb00a66d0 2853       4       org.apache.xml.dtm.ref.sax2dtm.SAX2DTM::isTextType (16 bytes)
Event: 2.989 Thread 0x000070bdb00a66d0 nmethod 2853 0x00007d6b64535390 code [0x00007d6b64535500, 0x00007d6b645355b0]
Event: 2.989 Thread 0x000070bdb00a66d0 2555       4       org.apache.xpath.axes.ChildTestIterator::detach (17 bytes)
Event: 2.990 Thread 0x000070bd981181d0 nmethod 2558 0x00007d6b64535690 code [0x00007d6b64535820, 0x00007d6b64535900]
Event: 2.990 Thread 0x000070bd981181d0 2569       4       org.apache.xpath.axes.LocPathIterator::bool (15 bytes)
Event: 2.990 Thread 0x00007d6b7454db30 nmethod 2427 0x00007d6b64535990 code [0x00007d6b64535c80, 0x00007d6b64536cb8]
Event: 2.990 Thread 0x00007d6b7454db30 2568       4       org.apache.xpath.axes.LocPathIterator::asNode (38 bytes)
Event: 2.990 Thread 0x000070bdac023f10 nmethod 2868 0x00007d6b64537c90 code [0x00007d6b64538060, 0x00007d6b64539ec0]
Event: 2.990 Thread 0x000070bd981181d0 nmethod 2569 0x00007d6b6453b390 code [0x00007d6b6453b520, 0x00007d6b6453b5e0]
Event: 2.990 Thread 0x000070bd981181d0 2601   !   4       org.apache.xpath.axes.PredicatedNodeTest::acceptNode (99 bytes)
Event: 2.990 Thread 0x000070bdac023f10 2787       4       org.apache.xpath.NodeSetDTM::size (5 bytes)
Event: 2.990 Thread 0x000070bdac023f10 nmethod 2787 0x00007d6b6453b690 code [0x00007d6b6453b800, 0x00007d6b6453b888]
Event: 2.990 Thread 0x000070bdac023f10 2695       4       org.apache.xpath.NodeSetDTM::elementAt (11 bytes)
Event: 2.991 Thread 0x000070bdb00e45f0 nmethod 2757% 0x00007d6b6453b990 code [0x00007d6b6453c060, 0x00007d6b6453f368]
Event: 2.991 Thread 0x000070bdac023f10 nmethod 2695 0x00007d6b64541610 code [0x00007d6b645417a0, 0x00007d6b645418c8]
Event: 2.991 Thread 0x000070bdac023f10 2619       4       org.apache.xml.serializer.CharInfo$CharKey::equals (20 bytes)
Event: 2.991 Thread 0x000070bdb00e45f0 2663       4       org.apache.xalan.templates.ElemIf::execute (120 bytes)
Event: 2.992 Thread 0x000070bdac023f10 nmethod 2619 0x00007d6b64541a10 code [0x00007d6b64541ba0, 0x00007d6b64541c90]
Event: 2.992 Thread 0x000070bdac023f10 2709       4       org.apache.xml.serializer.AttributesImplSerializer::addAttribute (116 bytes)

GC Heap History (0 events):
No events

Dll operation events (7 events):
Event: 0.001 Loaded shared library /mydata/openjdk-mmtk/build/b0test/images/jdk/lib/libjava.so
Event: 2.218 Loaded shared library /mydata/openjdk-mmtk/build/b0test/images/jdk/lib/libjsvml.so
Event: 2.231 Loaded shared library /mydata/openjdk-mmtk/build/b0test/images/jdk/lib/libnio.so
Event: 2.234 Loaded shared library /mydata/openjdk-mmtk/build/b0test/images/jdk/lib/libzip.so
Event: 2.247 Loaded shared library /mydata/openjdk-mmtk/build/b0test/images/jdk/lib/libjimage.so
Event: 2.273 Loaded shared library /mydata/openjdk-mmtk/build/b0test/images/jdk/lib/libnet.so
Event: 2.368 Loaded shared library /mydata/openjdk-mmtk/build/b0test/images/jdk/lib/libverify.so

Deoptimization events (20 events):
Event: 2.755 Thread 0x00007d6b745db260 DEOPT PACKING pc=0x00007d6b6449669c sp=0x000070be3c8f6270
Event: 2.755 Thread 0x00007d6b745db260 DEOPT UNPACKING pc=0x00007d6b63c6a399 sp=0x000070be3c8f6240 mode 2
Event: 2.814 Thread 0x00007d6b747d2f50 Uncommon trap: trap_request=0xffffff6e fr.pc=0x00007d6b644c1080 relative=0x00000000000021c0
Event: 2.814 Thread 0x00007d6b747d2f50 Uncommon trap: reason=loop_limit_check action=maybe_recompile pc=0x00007d6b644c1080 method=org.apache.xerces.parsers.AbstractSAXParser.startElement(Lorg/apache/xerces/xni/QName;Lorg/apache/xerces/xni/XMLAttributes;Lorg/apache/xerces/xni/Augmentations;)V @
Event: 2.814 Thread 0x00007d6b747d2f50 DEOPT PACKING pc=0x00007d6b644c1080 sp=0x000070be3d3f6390
Event: 2.814 Thread 0x00007d6b747d2f50 DEOPT UNPACKING pc=0x00007d6b63c6a399 sp=0x000070be3d3f62d0 mode 2
Event: 2.818 Thread 0x00007d6b747dd9a0 Uncommon trap: trap_request=0xffffff6e fr.pc=0x00007d6b644c55f0 relative=0x0000000000000370
Event: 2.818 Thread 0x00007d6b747dd9a0 Uncommon trap: reason=loop_limit_check action=maybe_recompile pc=0x00007d6b644c55f0 method=org.apache.xml.dtm.ref.DTMDefaultBase.getFirstAttributeIdentity(I)I @ 19 c2
Event: 2.818 Thread 0x00007d6b747dee50 Uncommon trap: trap_request=0xffffff6e fr.pc=0x00007d6b644c55f0 relative=0x0000000000000370
Event: 2.818 Thread 0x00007d6b747dee50 Uncommon trap: reason=loop_limit_check action=maybe_recompile pc=0x00007d6b644c55f0 method=org.apache.xml.dtm.ref.DTMDefaultBase.getFirstAttributeIdentity(I)I @ 19 c2
Event: 2.818 Thread 0x00007d6b747dd9a0 DEOPT PACKING pc=0x00007d6b644c55f0 sp=0x000070be3cff4ec0
Event: 2.818 Thread 0x00007d6b747cca20 Uncommon trap: trap_request=0xffffff6e fr.pc=0x00007d6b644c55f0 relative=0x0000000000000370
Event: 2.818 Thread 0x00007d6b747cca20 Uncommon trap: reason=loop_limit_check action=maybe_recompile pc=0x00007d6b644c55f0 method=org.apache.xml.dtm.ref.DTMDefaultBase.getFirstAttributeIdentity(I)I @ 19 c2
Event: 2.818 Thread 0x00007d6b747dee50 DEOPT PACKING pc=0x00007d6b644c55f0 sp=0x000070be3cef4830
Event: 2.818 Thread 0x00007d6b747cca20 DEOPT PACKING pc=0x00007d6b644c55f0 sp=0x000070be3d8f3b10
Event: 2.818 Thread 0x00007d6b747dd9a0 DEOPT UNPACKING pc=0x00007d6b63c6a399 sp=0x000070be3cff4e80 mode 2
Event: 2.818 Thread 0x00007d6b747cca20 DEOPT UNPACKING pc=0x00007d6b63c6a399 sp=0x000070be3d8f3ad0 mode 2
Event: 2.818 Thread 0x00007d6b747dee50 DEOPT UNPACKING pc=0x00007d6b63c6a399 sp=0x000070be3cef47f0 mode 2
Event: 2.967 Thread 0x00007d6b745d5ff0 DEOPT PACKING pc=0x00007d6b5cc8243d sp=0x000070bd2bdfe110
Event: 2.967 Thread 0x00007d6b745d5ff0 DEOPT UNPACKING pc=0x00007d6b63c6ab2f sp=0x000070bd2bdfd608 mode 0

Classes loaded (20 events):
Event: 2.627 Loading class java/util/ResourceBundle$KeyElementReference
Event: 2.627 Loading class java/util/ResourceBundle$CacheKeyReference
Event: 2.627 Loading class java/util/ResourceBundle$CacheKeyReference done
Event: 2.627 Loading class java/util/ResourceBundle$KeyElementReference done
Event: 2.627 Loading class java/util/ResourceBundle$Control$2
Event: 2.628 Loading class java/util/ResourceBundle$Control$2 done
Event: 2.629 Loading class sun/util/PropertyResourceBundleCharset
Event: 2.629 Loading class sun/util/PropertyResourceBundleCharset done
Event: 2.629 Loading class sun/util/PropertyResourceBundleCharset$PropertiesFileDecoder
Event: 2.629 Loading class sun/util/PropertyResourceBundleCharset$PropertiesFileDecoder done
Event: 2.630 Loading class java/util/ResourceBundle$BundleReference
Event: 2.630 Loading class java/util/ResourceBundle$BundleReference done
Event: 2.630 Loading class sun/util/ResourceBundleEnumeration
Event: 2.630 Loading class sun/util/ResourceBundleEnumeration done
Event: 2.636 Loading class sun/nio/cs/ISO_8859_1$Encoder
Event: 2.636 Loading class sun/nio/cs/ISO_8859_1$Encoder done
Event: 2.667 Loading class java/util/ResourceBundle$Control$1
Event: 2.667 Loading class java/util/ResourceBundle$Control$1 done
Event: 2.689 Loading class java/lang/foreign/MemorySegment
Event: 2.689 Loading class java/lang/foreign/MemorySegment done

Classes unloaded (0 events):
No events

Classes redefined (0 events):
No events

Internal exceptions (13 events):
Event: 2.241 Thread 0x00007d6b7402b240 Exception <a 'java/lang/NoSuchMethodError'{0x000000004033c090}: 'java.lang.Object java.lang.invoke.DirectMethodHandle$Holder.newInvokeSpecial(java.lang.Object, int, java.lang.Object)'> (0x000000004033c090) 
thrown [src/hotspot/share/interpreter/linkResolver.cpp, line 772]
Event: 2.250 Thread 0x00007d6b7402b240 Exception <a 'java/lang/NoSuchMethodError'{0x00000000402f9e28}: 'void java.lang.invoke.DirectMethodHandle$Holder.invokeStatic(java.lang.Object, java.lang.Object)'> (0x00000000402f9e28) 
thrown [src/hotspot/share/interpreter/linkResolver.cpp, line 772]
Event: 2.250 Thread 0x00007d6b7402b240 Exception <a 'java/lang/NoSuchMethodError'{0x00000000402fd820}: 'void java.lang.invoke.DirectMethodHandle$Holder.invokeSpecial(java.lang.Object, java.lang.Object, java.lang.Object)'> (0x00000000402fd820) 
thrown [src/hotspot/share/interpreter/linkResolver.cpp, line 772]
Event: 2.291 Thread 0x00007d6b7402b240 Exception <a 'java/lang/NoSuchMethodError'{0x00000000401b5ca8}: 'void java.lang.invoke.DirectMethodHandle$Holder.invokeVirtual(java.lang.Object, java.lang.Object)'> (0x00000000401b5ca8) 
thrown [src/hotspot/share/interpreter/linkResolver.cpp, line 772]
Event: 2.295 Thread 0x00007d6b7402b240 Exception <a 'java/io/FileNotFoundException'{0x000000004018e640}> (0x000000004018e640) 
thrown [src/hotspot/share/prims/jni.cpp, line 520]
Event: 2.306 Thread 0x00007d6b7402b240 Exception <a 'java/lang/NoSuchMethodError'{0x0000000040120350}: 'java.lang.Object java.lang.invoke.Invokers$Holder.invokeExact_MT(java.lang.Object, java.lang.Object, java.lang.Object, java.lang.Object, java.lang.Object)'> (0x0000000040120350) 
thrown [src/hotspot/share/interpreter/linkResolver.cpp, line 772]
Event: 2.488 Thread 0x00007d6b7402b240 Exception <a 'java/lang/NoSuchMethodError'{0x0000000040eba4f8}: 'void java.lang.invoke.DirectMethodHandle$Holder.invokeVirtual(java.lang.Object, java.lang.Object, int)'> (0x0000000040eba4f8) 
thrown [src/hotspot/share/interpreter/linkResolver.cpp, line 772]
Event: 2.488 Thread 0x00007d6b7402b240 Exception <a 'java/lang/NoSuchMethodError'{0x0000000040ebec20}: 'int java.lang.invoke.DirectMethodHandle$Holder.invokeSpecial(java.lang.Object, java.lang.Object, java.lang.Object, int)'> (0x0000000040ebec20) 
thrown [src/hotspot/share/interpreter/linkResolver.cpp, line 772]
Event: 2.489 Thread 0x00007d6b7402b240 Exception <a 'java/lang/NoSuchMethodError'{0x0000000040ea09e0}: 'java.lang.Object java.lang.invoke.DirectMethodHandle$Holder.invokeStatic(java.lang.Object, java.lang.Object, java.lang.Object, java.lang.Object, int)'> (0x0000000040ea09e0) 
thrown [src/hotspot/share/interpreter/linkResolver.cpp, line 772]
Event: 2.490 Thread 0x00007d6b7402b240 Exception <a 'java/lang/NoSuchMethodError'{0x0000000040e9bbe0}: 'void java.lang.invoke.DelegatingMethodHandle$Holder.reinvoke_L(java.lang.Object, java.lang.Object, int)'> (0x0000000040e9bbe0) 
thrown [src/hotspot/share/interpreter/linkResolver.cpp, line 772]
Event: 2.491 Thread 0x00007d6b7402b240 Exception <a 'java/lang/NoSuchMethodError'{0x0000000040e92938}: 'int java.lang.invoke.DirectMethodHandle$Holder.invokeSpecial(java.lang.Object, java.lang.Object, java.lang.Object)'> (0x0000000040e92938) 
thrown [src/hotspot/share/interpreter/linkResolver.cpp, line 772]
Event: 2.559 Thread 0x00007d6b7402b240 Exception <a 'java/lang/NoSuchMethodError'{0x00000000413bc670}: 'void java.lang.invoke.DelegatingMethodHandle$Holder.reinvoke_L(java.lang.Object, java.lang.Object, int, int)'> (0x00000000413bc670) 
thrown [src/hotspot/share/interpreter/linkResolver.cpp, line 772]
Event: 2.625 Thread 0x00007d6b745d1700 Exception <a 'java/lang/NoSuchMethodError'{0x000000004096e408}: 'java.lang.Object java.lang.invoke.DirectMethodHandle$Holder.invokeInterface(java.lang.Object, java.lang.Object)'> (0x000000004096e408) 
thrown [src/hotspot/share/interpreter/linkResolver.cpp, line 772]

ZGC Phase Switch (0 events):
No events

VM Operations (20 events):
Event: 2.593 Executing VM operation: ThirdPartyHeapOperation done
Event: 2.604 Executing VM operation: HandshakeAllThreads (Deoptimize)
Event: 2.604 Executing VM operation: HandshakeAllThreads (Deoptimize) done
Event: 2.622 Executing VM operation: HandshakeAllThreads (Deoptimize)
Event: 2.622 Executing VM operation: HandshakeAllThreads (Deoptimize) done
Event: 2.670 Executing VM operation: HandshakeAllThreads (Deoptimize)
Event: 2.671 Executing VM operation: HandshakeAllThreads (Deoptimize) done
Event: 2.719 Executing VM operation: ICBufferFull
Event: 2.720 Executing VM operation: ICBufferFull done
Event: 2.724 Executing VM operation: ICBufferFull
Event: 2.724 Executing VM operation: ICBufferFull done
Event: 2.834 Executing VM operation: ICBufferFull
Event: 2.834 Executing VM operation: ICBufferFull done
Event: 2.834 Executing VM operation: ICBufferFull
Event: 2.834 Executing VM operation: ICBufferFull done
Event: 2.835 Executing VM operation: ICBufferFull
Event: 2.838 Executing VM operation: ICBufferFull done
Event: 2.972 Executing VM operation: ThirdPartyHeapOperation
Event: 2.988 Executing VM operation: ThirdPartyHeapOperation done
Event: 2.993 Executing VM operation: ThirdPartyHeapOperation

Memory protections (20 events):
Event: 2.594 Protecting memory [0x000070be3c6f8000,0x000070be3c6fc000] with protection modes 0
Event: 2.594 Protecting memory [0x000070be3c5f8000,0x000070be3c5fc000] with protection modes 0
Event: 2.594 Protecting memory [0x000070be3c4f8000,0x000070be3c4fc000] with protection modes 0
Event: 2.594 Protecting memory [0x000070be3c3f8000,0x000070be3c3fc000] with protection modes 0
Event: 2.594 Protecting memory [0x000070be3c2f8000,0x000070be3c2fc000] with protection modes 0
Event: 2.594 Protecting memory [0x000070be3c1f8000,0x000070be3c1fc000] with protection modes 0
Event: 2.594 Protecting memory [0x000070be3c0f8000,0x000070be3c0fc000] with protection modes 0
Event: 2.594 Protecting memory [0x000070bd2bf00000,0x000070bd2bf04000] with protection modes 0
Event: 2.595 Protecting memory [0x000070bd2be00000,0x000070bd2be04000] with protection modes 0
Event: 2.595 Protecting memory [0x000070bd2bd00000,0x000070bd2bd04000] with protection modes 0
Event: 2.595 Protecting memory [0x000070bd2bc00000,0x000070bd2bc04000] with protection modes 0
Event: 2.595 Protecting memory [0x000070bd2bb00000,0x000070bd2bb04000] with protection modes 0
Event: 2.595 Protecting memory [0x000070bd2ba00000,0x000070bd2ba04000] with protection modes 0
Event: 2.639 Protecting memory [0x000070bd2b900000,0x000070bd2b904000] with protection modes 0
Event: 2.666 Protecting memory [0x000070bd2b800000,0x000070bd2b804000] with protection modes 0
Event: 2.667 Protecting memory [0x000070bd2b700000,0x000070bd2b704000] with protection modes 0
Event: 2.667 Protecting memory [0x000070bd2b600000,0x000070bd2b604000] with protection modes 0
Event: 2.672 Protecting memory [0x000070bd2b500000,0x000070bd2b504000] with protection modes 0
Event: 2.682 Protecting memory [0x000070bd2b400000,0x000070bd2b404000] with protection modes 0
Event: 2.691 Protecting memory [0x000070bd2b300000,0x000070bd2b304000] with protection modes 0

Nmethod flushes (0 events):
No events

Events (20 events):
Event: 2.594 Thread 0x00007d6b7402b240 Thread added: 0x00007d6b745dc650
Event: 2.594 Thread 0x00007d6b7402b240 Thread added: 0x00007d6b745ddc30
Event: 2.594 Thread 0x00007d6b7402b240 Thread added: 0x00007d6b745df210
Event: 2.594 Thread 0x00007d6b7402b240 Thread added: 0x00007d6b745e06b0
Event: 2.594 Thread 0x00007d6b7402b240 Thread added: 0x00007d6b745e1f40
Event: 2.594 Thread 0x00007d6b7402b240 Thread added: 0x00007d6b745cfeb0
Event: 2.594 Thread 0x00007d6b7402b240 Thread added: 0x00007d6b745d1700
Event: 2.594 Thread 0x00007d6b7402b240 Thread added: 0x00007d6b745d2f50
Event: 2.595 Thread 0x00007d6b7402b240 Thread added: 0x00007d6b745d47a0
Event: 2.595 Thread 0x00007d6b7402b240 Thread added: 0x00007d6b745d5ff0
Event: 2.595 Thread 0x00007d6b7402b240 Thread added: 0x00007d6b745d79a0
Event: 2.595 Thread 0x00007d6b7402b240 Thread added: 0x00007d6b743d4610
Event: 2.595 Thread 0x00007d6b7402b240 Thread added: 0x00007d6b743d5e60
Event: 2.639 Thread 0x000070bdb8046b00 Thread added: 0x000070bdb00a66d0
Event: 2.666 Thread 0x000070bdac03ff80 Thread added: 0x000070bd94040f20
Event: 2.667 Thread 0x000070bdac03e950 Thread added: 0x000070bda0074ab0
Event: 2.667 Thread 0x000070bdb8046b00 Thread added: 0x000070bdb00e45f0
Event: 2.672 Thread 0x000070bd9c012370 Thread added: 0x000070bd981181d0
Event: 2.682 Thread 0x000070bd9c012370 Thread added: 0x000070bd98119bc0
Event: 2.690 Thread 0x000070bdb8046b00 Thread added: 0x000070bdb0117260


Dynamic libraries:
40000000-40400000 rw-p 00000000 00:00 0                                  [anon:mmtk:space:immix]
40400000-40800000 rw-p 00000000 00:00 0                                  [anon:mmtk:space:los]
40800000-41400000 rw-p 00000000 00:00 0                                  [anon:mmtk:space:immix]
41400000-41800000 rw-p 00000000 00:00 0                                  [anon:mmtk:space:los]
41800000-41c00000 rw-p 00000000 00:00 0                                  [anon:mmtk:space:immix]
41c00000-42000000 rw-p 00000000 00:00 0                                  [anon:mmtk:space:los]
42000000-42400000 rw-p 00000000 00:00 0                                  [anon:mmtk:space:immix]
42400000-42800000 rw-p 00000000 00:00 0                                  [anon:mmtk:space:los]
42800000-43000000 rw-p 00000000 00:00 0                                  [anon:mmtk:space:immix]
43000000-43400000 rw-p 00000000 00:00 0                                  [anon:mmtk:space:los]
43400000-43800000 rw-p 00000000 00:00 0                                  [anon:mmtk:space:immix]
43800000-43c00000 rw-p 00000000 00:00 0                                  [anon:mmtk:space:los]
43c00000-44400000 rw-p 00000000 00:00 0                                  [anon:mmtk:space:immix]
44400000-44800000 rw-p 00000000 00:00 0                                  [anon:mmtk:space:los]
44800000-45000000 rw-p 00000000 00:00 0                                  [anon:mmtk:space:immix]
45000000-45400000 rw-p 00000000 00:00 0                                  [anon:mmtk:space:los]
45400000-45c00000 rw-p 00000000 00:00 0                                  [anon:mmtk:space:immix]
45c00000-46000000 rw-p 00000000 00:00 0                                  [anon:mmtk:space:los]
46000000-46400000 rw-p 00000000 00:00 0                                  [anon:mmtk:space:immix]
46400000-46800000 rw-p 00000000 00:00 0                                  [anon:mmtk:space:los]
46800000-46c00000 rw-p 00000000 00:00 0                                  [anon:mmtk:space:immix]
46c00000-47000000 rw-p 00000000 00:00 0                                  [anon:mmtk:space:los]
47000000-47800000 rw-p 00000000 00:00 0                                  [anon:mmtk:space:immix]
47800000-47c00000 rw-p 00000000 00:00 0                                  [anon:mmtk:space:los]
47c00000-48000000 rw-p 00000000 00:00 0                                  [anon:mmtk:space:immix]
48000000-48400000 rw-p 00000000 00:00 0                                  [anon:mmtk:space:los]
48400000-48c00000 rw-p 00000000 00:00 0                                  [anon:mmtk:space:immix]
48c00000-49000000 rw-p 00000000 00:00 0                                  [anon:mmtk:space:los]
49000000-49400000 rw-p 00000000 00:00 0                                  [anon:mmtk:space:immix]
49400000-49800000 rw-p 00000000 00:00 0                                  [anon:mmtk:space:los]
49800000-4a000000 rw-p 00000000 00:00 0                                  [anon:mmtk:space:immix]
4a000000-4a400000 rw-p 00000000 00:00 0                                  [anon:mmtk:space:los]
4a400000-4ac00000 rw-p 00000000 00:00 0                                  [anon:mmtk:space:immix]
4ac00000-4b000000 rw-p 00000000 00:00 0                                  [anon:mmtk:space:los]
4b000000-4b800000 rw-p 00000000 00:00 0                                  [anon:mmtk:space:immix]
4b800000-4bc00000 rw-p 00000000 00:00 0                                  [anon:mmtk:space:los]
4bc00000-4c000000 rw-p 00000000 00:00 0                                  [anon:mmtk:space:immix]
4c000000-4c400000 rw-p 00000000 00:00 0                                  [anon:mmtk:space:los]
4c400000-4c800000 rw-p 00000000 00:00 0                                  [anon:mmtk:space:immix]
4c800000-4cc00000 rw-p 00000000 00:00 0                                  [anon:mmtk:space:los]
4cc00000-4d400000 rw-p 00000000 00:00 0                                  [anon:mmtk:space:immix]
4d400000-4d800000 rw-p 00000000 00:00 0                                  [anon:mmtk:space:los]
4d800000-4e000000 rw-p 00000000 00:00 0                                  [anon:mmtk:space:immix]
4e000000-4e400000 rw-p 00000000 00:00 0                                  [anon:mmtk:space:los]
4e400000-4e800000 rw-p 00000000 00:00 0                                  [anon:mmtk:space:immix]
4e800000-4ec00000 rw-p 00000000 00:00 0                                  [anon:mmtk:space:los]
4ec00000-4f400000 rw-p 00000000 00:00 0                                  [anon:mmtk:space:immix]
4f400000-4f800000 rw-p 00000000 00:00 0                                  [anon:mmtk:space:los]
4f800000-50000000 rw-p 00000000 00:00 0                                  [anon:mmtk:space:immix]
50000000-50400000 rw-p 00000000 00:00 0                                  [anon:mmtk:space:los]
200000000000-2000c00c0000 rw-s 00000000 00:10 68                         anon_inode:bpf-map
64231bb0d000-64231bb0e000 r--p 00000000 fc:00 49676352                   /mydata/openjdk-mmtk/build/b0test/images/jdk/bin/java
64231bb0e000-64231bb0f000 r-xp 00001000 fc:00 49676352                   /mydata/openjdk-mmtk/build/b0test/images/jdk/bin/java
64231bb0f000-64231bb10000 r--p 00002000 fc:00 49676352                   /mydata/openjdk-mmtk/build/b0test/images/jdk/bin/java
64231bb10000-64231bb11000 r--p 00002000 fc:00 49676352                   /mydata/openjdk-mmtk/build/b0test/images/jdk/bin/java
64231bb11000-64231bb12000 rw-p 00003000 fc:00 49676352                   /mydata/openjdk-mmtk/build/b0test/images/jdk/bin/java
64233f092000-64233f0da000 rw-p 00000000 00:00 0                          [heap]
70bcf4000000-70bcf462a000 rw-p 00000000 00:00 0 
70bcf462a000-70bcf8000000 ---p 00000000 00:00 0 
70bcf8000000-70bcf8590000 rw-p 00000000 00:00 0 
70bcf8590000-70bcfc000000 ---p 00000000 00:00 0 
70bcfc000000-70bcfc6f5000 rw-p 00000000 00:00 0 
70bcfc6f5000-70bd00000000 ---p 00000000 00:00 0 
70bd00000000-70bd0072f000 rw-p 00000000 00:00 0 
70bd0072f000-70bd04000000 ---p 00000000 00:00 0 
70bd04000000-70bd047e3000 rw-p 00000000 00:00 0 
70bd047e3000-70bd08000000 ---p 00000000 00:00 0 
70bd08000000-70bd08abf000 rw-p 00000000 00:00 0 
70bd08abf000-70bd0c000000 ---p 00000000 00:00 0 
70bd0c000000-70bd0c021000 rw-p 00000000 00:00 0 
70bd0c021000-70bd10000000 ---p 00000000 00:00 0 
70bd10000000-70bd1086d000 rw-p 00000000 00:00 0 
70bd1086d000-70bd14000000 ---p 00000000 00:00 0 
70bd14000000-70bd14053000 rw-p 00000000 00:00 0 
70bd14053000-70bd18000000 ---p 00000000 00:00 0 
70bd18000000-70bd1805a000 rw-p 00000000 00:00 0 
70bd1805a000-70bd1c000000 ---p 00000000 00:00 0 
70bd1c000000-70bd1c021000 rw-p 00000000 00:00 0 
70bd1c021000-70bd20000000 ---p 00000000 00:00 0 
70bd20000000-70bd20021000 rw-p 00000000 00:00 0 
70bd20021000-70bd24000000 ---p 00000000 00:00 0 
70bd24000000-70bd24021000 rw-p 00000000 00:00 0 
70bd24021000-70bd28000000 ---p 00000000 00:00 0 
70bd2afe5000-70bd2b300000 rw-p 00000000 00:00 0 
70bd2b300000-70bd2b304000 ---p 00000000 00:00 0 
70bd2b304000-70bd2b400000 rw-p 00000000 00:00 0 
70bd2b400000-70bd2b404000 ---p 00000000 00:00 0 
70bd2b404000-70bd2b500000 rw-p 00000000 00:00 0 
70bd2b500000-70bd2b504000 ---p 00000000 00:00 0 
70bd2b504000-70bd2b600000 rw-p 00000000 00:00 0 
70bd2b600000-70bd2b604000 ---p 00000000 00:00 0 
70bd2b604000-70bd2b700000 rw-p 00000000 00:00 0 
70bd2b700000-70bd2b704000 ---p 00000000 00:00 0 
70bd2b704000-70bd2b800000 rw-p 00000000 00:00 0 
70bd2b800000-70bd2b804000 ---p 00000000 00:00 0 
70bd2b804000-70bd2b900000 rw-p 00000000 00:00 0 
70bd2b900000-70bd2b904000 ---p 00000000 00:00 0 
70bd2b904000-70bd2ba00000 rw-p 00000000 00:00 0 
70bd2ba00000-70bd2ba04000 ---p 00000000 00:00 0 
70bd2ba04000-70bd2bb00000 rw-p 00000000 00:00 0 
70bd2bb00000-70bd2bb04000 ---p 00000000 00:00 0 
70bd2bb04000-70bd2bc00000 rw-p 00000000 00:00 0 
70bd2bc00000-70bd2bc04000 ---p 00000000 00:00 0 
70bd2bc04000-70bd2bd00000 rw-p 00000000 00:00 0 
70bd2bd00000-70bd2bd04000 ---p 00000000 00:00 0 
70bd2bd04000-70bd2be00000 rw-p 00000000 00:00 0 
70bd2be00000-70bd2be04000 ---p 00000000 00:00 0 
70bd2be04000-70bd2bf00000 rw-p 00000000 00:00 0 
70bd2bf00000-70bd2bf04000 ---p 00000000 00:00 0 
70bd2bf04000-70bd2c000000 rw-p 00000000 00:00 0 
70bd2c000000-70bd2c021000 rw-p 00000000 00:00 0 
70bd2c021000-70bd30000000 ---p 00000000 00:00 0 
70bd30000000-70bd30043000 rw-p 00000000 00:00 0 
70bd30043000-70bd34000000 ---p 00000000 00:00 0 
70bd34000000-70bd34021000 rw-p 00000000 00:00 0 
70bd34021000-70bd38000000 ---p 00000000 00:00 0 
70bd38000000-70bd38021000 rw-p 00000000 00:00 0 
70bd38021000-70bd3c000000 ---p 00000000 00:00 0 
70bd3c000000-70bd3c021000 rw-p 00000000 00:00 0 
70bd3c021000-70bd40000000 ---p 00000000 00:00 0 
70bd40000000-70bd40021000 rw-p 00000000 00:00 0 
70bd40021000-70bd44000000 ---p 00000000 00:00 0 
70bd44000000-70bd44021000 rw-p 00000000 00:00 0 
70bd44021000-70bd48000000 ---p 00000000 00:00 0 
70bd48000000-70bd48021000 rw-p 00000000 00:00 0 
70bd48021000-70bd4c000000 ---p 00000000 00:00 0 
70bd4c000000-70bd4c021000 rw-p 00000000 00:00 0 
70bd4c021000-70bd50000000 ---p 00000000 00:00 0 
70bd50000000-70bd50021000 rw-p 00000000 00:00 0 
70bd50021000-70bd54000000 ---p 00000000 00:00 0 
70bd54000000-70bd5403f000 rw-p 00000000 00:00 0 
70bd5403f000-70bd58000000 ---p 00000000 00:00 0 
70bd58000000-70bd58021000 rw-p 00000000 00:00 0 
70bd58021000-70bd5c000000 ---p 00000000 00:00 0 
70bd5c000000-70bd5c024000 rw-p 00000000 00:00 0 
70bd5c024000-70bd60000000 ---p 00000000 00:00 0 
70bd60000000-70bd60021000 rw-p 00000000 00:00 0 
70bd60021000-70bd64000000 ---p 00000000 00:00 0 
70bd64000000-70bd64021000 rw-p 00000000 00:00 0 
70bd64021000-70bd68000000 ---p 00000000 00:00 0 
70bd68000000-70bd68021000 rw-p 00000000 00:00 0 
70bd68021000-70bd6c000000 ---p 00000000 00:00 0 
70bd6c000000-70bd6c021000 rw-p 00000000 00:00 0 
70bd6c021000-70bd70000000 ---p 00000000 00:00 0 
70bd70000000-70bd70021000 rw-p 00000000 00:00 0 
70bd70021000-70bd74000000 ---p 00000000 00:00 0 
70bd74000000-70bd74021000 rw-p 00000000 00:00 0 
70bd74021000-70bd78000000 ---p 00000000 00:00 0 
70bd78000000-70bd78021000 rw-p 00000000 00:00 0 
70bd78021000-70bd7c000000 ---p 00000000 00:00 0 
70bd7c000000-70bd7c021000 rw-p 00000000 00:00 0 
70bd7c021000-70bd80000000 ---p 00000000 00:00 0 
70bd80000000-70bd80021000 rw-p 00000000 00:00 0 
70bd80021000-70bd84000000 ---p 00000000 00:00 0 
70bd84000000-70bd84054000 rw-p 00000000 00:00 0 
70bd84054000-70bd88000000 ---p 00000000 00:00 0 
70bd88000000-70bd88021000 rw-p 00000000 00:00 0 
70bd88021000-70bd8c000000 ---p 00000000 00:00 0 
70bd8c000000-70bd8c021000 rw-p 00000000 00:00 0 
70bd8c021000-70bd90000000 ---p 00000000 00:00 0 
70bd90000000-70bd9004b000 rw-p 00000000 00:00 0 
70bd9004b000-70bd94000000 ---p 00000000 00:00 0 
70bd94000000-70bd942c7000 rw-p 00000000 00:00 0 
70bd942c7000-70bd98000000 ---p 00000000 00:00 0 
70bd98000000-70bd98b32000 rw-p 00000000 00:00 0 
70bd98b32000-70bd9c000000 ---p 00000000 00:00 0 
70bd9c000000-70bd9c793000 rw-p 00000000 00:00 0 
70bd9c793000-70bda0000000 ---p 00000000 00:00 0 
70bda0000000-70bda020e000 rw-p 00000000 00:00 0 
70bda020e000-70bda4000000 ---p 00000000 00:00 0 
70bda4000000-70bda4021000 rw-p 00000000 00:00 0 
70bda4021000-70bda8000000 ---p 00000000 00:00 0 
70bda8000000-70bda8021000 rw-p 00000000 00:00 0 
70bda8021000-70bdac000000 ---p 00000000 00:00 0 
70bdac000000-70bdac33f000 rw-p 00000000 00:00 0 
70bdac33f000-70bdb0000000 ---p 00000000 00:00 0 
70bdb0000000-70bdb02cd000 rw-p 00000000 00:00 0 
70bdb02cd000-70bdb4000000 ---p 00000000 00:00 0 
70bdb4000000-70bdb4940000 rw-p 00000000 00:00 0 
70bdb4940000-70bdb8000000 ---p 00000000 00:00 0 
70bdb8000000-70bdb82ef000 rw-p 00000000 00:00 0 
70bdb82ef000-70bdbc000000 ---p 00000000 00:00 0 
70bdbc000000-70bdbc021000 rw-p 00000000 00:00 0 
70bdbc021000-70bdc0000000 ---p 00000000 00:00 0 
70bdc0000000-70bdc0021000 rw-p 00000000 00:00 0 
70bdc0021000-70bdc4000000 ---p 00000000 00:00 0 
70bdc4000000-70bdc4021000 rw-p 00000000 00:00 0 
70bdc4021000-70bdc8000000 ---p 00000000 00:00 0 
70bdc8000000-70bdc8021000 rw-p 00000000 00:00 0 
70bdc8021000-70bdcc000000 ---p 00000000 00:00 0 
70bdcc000000-70bdcc042000 rw-p 00000000 00:00 0 
70bdcc042000-70bdd0000000 ---p 00000000 00:00 0 
70bdd0000000-70bdd0052000 rw-p 00000000 00:00 0 
70bdd0052000-70bdd4000000 ---p 00000000 00:00 0 
70bdd4000000-70bdd4021000 rw-p 00000000 00:00 0 
70bdd4021000-70bdd8000000 ---p 00000000 00:00 0 
70bdd8000000-70bdd8032000 rw-p 00000000 00:00 0 
70bdd8032000-70bddc000000 ---p 00000000 00:00 0 
70bddc000000-70bddc021000 rw-p 00000000 00:00 0 
70bddc021000-70bde0000000 ---p 00000000 00:00 0 
70bde0000000-70bde0054000 rw-p 00000000 00:00 0 
70bde0054000-70bde4000000 ---p 00000000 00:00 0 
70bde4000000-70bde4021000 rw-p 00000000 00:00 0 
70bde4021000-70bde8000000 ---p 00000000 00:00 0 
70bde8000000-70bde8023000 rw-p 00000000 00:00 0 
70bde8023000-70bdec000000 ---p 00000000 00:00 0 
70bdec000000-70bdec021000 rw-p 00000000 00:00 0 
70bdec021000-70bdf0000000 ---p 00000000 00:00 0 
70bdf0000000-70bdf002a000 rw-p 00000000 00:00 0 
70bdf002a000-70bdf4000000 ---p 00000000 00:00 0 
70bdf4000000-70bdf402b000 rw-p 00000000 00:00 0 
70bdf402b000-70bdf8000000 ---p 00000000 00:00 0 
70bdf8000000-70bdf8171000 rw-p 00000000 00:00 0 
70bdf8171000-70bdfc000000 ---p 00000000 00:00 0 
70bdfc000000-70bdfc03b000 rw-p 00000000 00:00 0 
70bdfc03b000-70be00000000 ---p 00000000 00:00 0 
70be00000000-70be00025000 rw-p 00000000 00:00 0 
70be00025000-70be04000000 ---p 00000000 00:00 0 
70be04000000-70be04032000 rw-p 00000000 00:00 0 
70be04032000-70be08000000 ---p 00000000 00:00 0 
70be08000000-70be08021000 rw-p 00000000 00:00 0 
70be08021000-70be0c000000 ---p 00000000 00:00 0 
70be0c000000-70be0c03a000 rw-p 00000000 00:00 0 
70be0c03a000-70be10000000 ---p 00000000 00:00 0 
70be10000000-70be10023000 rw-p 00000000 00:00 0 
70be10023000-70be14000000 ---p 00000000 00:00 0 
70be14000000-70be14021000 rw-p 00000000 00:00 0 
70be14021000-70be18000000 ---p 00000000 00:00 0 
70be18000000-70be1802e000 rw-p 00000000 00:00 0 
70be1802e000-70be1c000000 ---p 00000000 00:00 0 
70be1c000000-70be1c033000 rw-p 00000000 00:00 0 
70be1c033000-70be20000000 ---p 00000000 00:00 0 
70be20000000-70be2003a000 rw-p 00000000 00:00 0 
70be2003a000-70be24000000 ---p 00000000 00:00 0 
70be24000000-70be24021000 rw-p 00000000 00:00 0 
70be24021000-70be28000000 ---p 00000000 00:00 0 
70be28000000-70be28021000 rw-p 00000000 00:00 0 
70be28021000-70be2c000000 ---p 00000000 00:00 0 
70be2c000000-70be2c021000 rw-p 00000000 00:00 0 
70be2c021000-70be30000000 ---p 00000000 00:00 0 
70be30000000-70be30021000 rw-p 00000000 00:00 0 
70be30021000-70be34000000 ---p 00000000 00:00 0 
70be34000000-70be34270000 rw-p 00000000 00:00 0 
70be34270000-70be34400000 ---p 00000000 00:00 0 
70be34400000-70be348a0000 rw-p 00000000 00:00 0 
70be348a0000-70be38000000 ---p 00000000 00:00 0 
70be38000000-70be38021000 rw-p 00000000 00:00 0 
70be38021000-70be3c000000 ---p 00000000 00:00 0 
70be3c0f8000-70be3c0fc000 ---p 00000000 00:00 0 
70be3c0fc000-70be3c1f8000 rw-p 00000000 00:00 0 
70be3c1f8000-70be3c1fc000 ---p 00000000 00:00 0 
70be3c1fc000-70be3c2f8000 rw-p 00000000 00:00 0 
70be3c2f8000-70be3c2fc000 ---p 00000000 00:00 0 
70be3c2fc000-70be3c3f8000 rw-p 00000000 00:00 0 
70be3c3f8000-70be3c3fc000 ---p 00000000 00:00 0 
70be3c3fc000-70be3c4f8000 rw-p 00000000 00:00 0 
70be3c4f8000-70be3c4fc000 ---p 00000000 00:00 0 
70be3c4fc000-70be3c5f8000 rw-p 00000000 00:00 0 
70be3c5f8000-70be3c5fc000 ---p 00000000 00:00 0 
70be3c5fc000-70be3c6f8000 rw-p 00000000 00:00 0 
70be3c6f8000-70be3c6fc000 ---p 00000000 00:00 0 
70be3c6fc000-70be3c7f8000 rw-p 00000000 00:00 0 
70be3c7f8000-70be3c7fc000 ---p 00000000 00:00 0 
70be3c7fc000-70be3c8f8000 rw-p 00000000 00:00 0 
70be3c8f8000-70be3c8fc000 ---p 00000000 00:00 0 
70be3c8fc000-70be3c9f8000 rw-p 00000000 00:00 0 
70be3c9f8000-70be3c9fc000 ---p 00000000 00:00 0 
70be3c9fc000-70be3caf8000 rw-p 00000000 00:00 0 
70be3caf8000-70be3cafc000 ---p 00000000 00:00 0 
70be3cafc000-70be3cbf8000 rw-p 00000000 00:00 0 
70be3cbf8000-70be3cbfc000 ---p 00000000 00:00 0 
70be3cbfc000-70be3ccf8000 rw-p 00000000 00:00 0 
70be3ccf8000-70be3ccfc000 ---p 00000000 00:00 0 
70be3ccfc000-70be3cdf8000 rw-p 00000000 00:00 0 
70be3cdf8000-70be3cdfc000 ---p 00000000 00:00 0 
70be3cdfc000-70be3cef8000 rw-p 00000000 00:00 0 
70be3cef8000-70be3cefc000 ---p 00000000 00:00 0 
70be3cefc000-70be3cff8000 rw-p 00000000 00:00 0 
70be3cff8000-70be3cffc000 ---p 00000000 00:00 0 
70be3cffc000-70be3d0f8000 rw-p 00000000 00:00 0 
70be3d0f8000-70be3d0fc000 ---p 00000000 00:00 0 
70be3d0fc000-70be3d1f8000 rw-p 00000000 00:00 0 
70be3d1f8000-70be3d1fc000 ---p 00000000 00:00 0 
70be3d1fc000-70be3d2f8000 rw-p 00000000 00:00 0 
70be3d2f8000-70be3d2fc000 ---p 00000000 00:00 0 
70be3d2fc000-70be3d3f8000 rw-p 00000000 00:00 0 
70be3d3f8000-70be3d3fc000 ---p 00000000 00:00 0 
70be3d3fc000-70be3d4f8000 rw-p 00000000 00:00 0 
70be3d4f8000-70be3d4fc000 ---p 00000000 00:00 0 
70be3d4fc000-70be3d5f8000 rw-p 00000000 00:00 0 
70be3d5f8000-70be3d5fc000 ---p 00000000 00:00 0 
70be3d5fc000-70be3d6f8000 rw-p 00000000 00:00 0 
70be3d6f8000-70be3d6fc000 ---p 00000000 00:00 0 
70be3d6fc000-70be3d7f8000 rw-p 00000000 00:00 0 
70be3d7f8000-70be3d7fc000 ---p 00000000 00:00 0 
70be3d7fc000-70be3d8f8000 rw-p 00000000 00:00 0 
70be3d8f8000-70be3d8fc000 ---p 00000000 00:00 0 
70be3d8fc000-70be3d9f8000 rw-p 00000000 00:00 0 
70be3d9f8000-70be3d9fc000 ---p 00000000 00:00 0 
70be3d9fc000-70be3daf8000 rw-p 00000000 00:00 0 
70be3daf8000-70be3dafc000 ---p 00000000 00:00 0 
70be3dafc000-70be3dbf8000 rw-p 00000000 00:00 0 
70be3dbf8000-70be3dbfc000 ---p 00000000 00:00 0 
70be3dbfc000-70be3dcf8000 rw-p 00000000 00:00 0 
70be3dcf8000-70be3dcfc000 ---p 00000000 00:00 0 
70be3dcfc000-70be3ddf8000 rw-p 00000000 00:00 0 
70be3ddf8000-70be3ddfc000 ---p 00000000 00:00 0 
70be3ddfc000-70be3def8000 rw-p 00000000 00:00 0 
70be3def8000-70be3defc000 ---p 00000000 00:00 0 
70be3defc000-70be3dff8000 rw-p 00000000 00:00 0 
70be3dff8000-70be3dffc000 ---p 00000000 00:00 0 
70be3dffc000-70be3e0f8000 rw-p 00000000 00:00 0 
70be3e0f8000-70be3e0fc000 ---p 00000000 00:00 0 
70be3e0fc000-70be3e1f8000 rw-p 00000000 00:00 0 
70be3e1f8000-70be3e1fc000 ---p 00000000 00:00 0 
70be3e1fc000-70be3e2f8000 rw-p 00000000 00:00 0 
70be3e2f8000-70be3e2fc000 ---p 00000000 00:00 0 
70be3e2fc000-70be3e3f8000 rw-p 00000000 00:00 0 
70be3e3f8000-70be3e3fc000 ---p 00000000 00:00 0 
70be3e3fc000-70be3e4f8000 rw-p 00000000 00:00 0 
70be3e4f8000-70be3e4fc000 ---p 00000000 00:00 0 
70be3e4fc000-70be3e5f8000 rw-p 00000000 00:00 0 
70be3e5f8000-70be3e5fc000 ---p 00000000 00:00 0 
70be3e5fc000-70be3e6f8000 rw-p 00000000 00:00 0 
70be3e6f8000-70be3e6fc000 ---p 00000000 00:00 0 
70be3e6fc000-70be3e7f8000 rw-p 00000000 00:00 0 
70be3e7f8000-70be3e7f9000 ---p 00000000 00:00 0 
70be3e7f9000-70be3e8f9000 rw-p 00000000 00:00 0 
70be3e8f9000-70be3e8fa000 ---p 00000000 00:00 0 
70be3e8fa000-70be3e9fa000 rw-p 00000000 00:00 0 
70be3e9fa000-70be3e9fb000 ---p 00000000 00:00 0 
70be3e9fb000-70be3eafb000 rw-p 00000000 00:00 0 
70be3eafb000-70be3eafc000 ---p 00000000 00:00 0 
70be3eafc000-70be3ebfc000 rw-p 00000000 00:00 0 
70be3ebfc000-70be3ebfd000 ---p 00000000 00:00 0 
70be3ebfd000-70be3ecfd000 rw-p 00000000 00:00 0 
70be3ecfd000-70be3ecfe000 ---p 00000000 00:00 0 
70be3ecfe000-70be3edfe000 rw-p 00000000 00:00 0 
70be3edfe000-70be3edff000 ---p 00000000 00:00 0 
70be3edff000-70be3eeff000 rw-p 00000000 00:00 0 
70be3eeff000-70be3ef00000 ---p 00000000 00:00 0 
70be3ef00000-70be3f000000 rw-p 00000000 00:00 0 
70be3f000000-70be3fca3000 rw-p 00001000 fc:00 49677059                   /mydata/openjdk-mmtk/build/b0test/images/jdk/lib/server/classes.jsa
70be3fca3000-70be40000000 ---p 00000000 00:00 0 
70be40000000-70be40040000 rw-p 00000000 00:00 0 
70be40040000-70be40110000 rw-p 00000000 00:00 0 
70be40110000-70be80000000 ---p 00000000 00:00 0 
70be80000000-70be80021000 rw-p 00000000 00:00 0 
70be80021000-70be84000000 ---p 00000000 00:00 0 
70be840f3000-70be840f4000 ---p 00000000 00:00 0 
70be840f4000-70be841f4000 rw-p 00000000 00:00 0 
70be841f4000-70be841f5000 ---p 00000000 00:00 0 
70be841f5000-70be842f5000 rw-p 00000000 00:00 0 
70be842f5000-70be842f6000 ---p 00000000 00:00 0 
70be842f6000-70be843f6000 rw-p 00000000 00:00 0 
70be843f6000-70be843f7000 ---p 00000000 00:00 0 
70be843f7000-70be844f7000 rw-p 00000000 00:00 0 
70be844f7000-70be844f8000 ---p 00000000 00:00 0 
70be844f8000-70be845f8000 rw-p 00000000 00:00 0 
70be845f8000-70be845f9000 ---p 00000000 00:00 0 
70be845f9000-70be846f9000 rw-p 00000000 00:00 0 
70be846f9000-70be846fa000 ---p 00000000 00:00 0 
70be846fa000-70be847fa000 rw-p 00000000 00:00 0 
70be847fa000-70be847fb000 ---p 00000000 00:00 0 
70be847fb000-70be848fb000 rw-p 00000000 00:00 0 
70be848fb000-70be848fc000 ---p 00000000 00:00 0 
70be848fc000-70be849fc000 rw-p 00000000 00:00 0 
70be849fc000-70be849fd000 ---p 00000000 00:00 0 
70be849fd000-70be84afd000 rw-p 00000000 00:00 0 
70be84afd000-70be84afe000 ---p 00000000 00:00 0 
70be84afe000-70be84bfe000 rw-p 00000000 00:00 0 
70be84bfe000-70be84bff000 ---p 00000000 00:00 0 
70be84bff000-70be84cff000 rw-p 00000000 00:00 0 
70be84cff000-70be84d00000 ---p 00000000 00:00 0 
70be84d00000-70be84e00000 rw-p 00000000 00:00 0 
70be84e00000-70be850eb000 r--p 00000000 08:03 1410552                    /usr/lib/locale/locale-archive
70be850ff000-70be85100000 ---p 00000000 00:00 0 
70be85100000-70be85200000 rw-p 00000000 00:00 0 
70be85200000-70be88200000 rw-p 00000000 00:00 0 
70be882fb000-70be882fc000 ---p 00000000 00:00 0 
70be882fc000-70be883fc000 rw-p 00000000 00:00 0 
70be883fc000-70beb8400000 rw-p 00000000 00:00 0 
70beb8400000-70beb9400000 ---p 00000000 00:00 0                          [anon:mmtk:sidemeta:all:all-quarantined]
70beb9400000-70beb9800000 rw-p 00000000 00:00 0                          [anon:mmtk:sidemeta:immix:VO_BIT]
70beb9800000-70beb9c00000 rw-p 00000000 00:00 0                          [anon:mmtk:sidemeta:los:VO_BIT]
70beb9c00000-72beba400000 ---p 00000000 00:00 0                          [anon:mmtk:sidemeta:all:all-quarantined]
72beba400000-72beba800000 rw-p 00000000 00:00 0                          [anon:mmtk:sidemeta:immix:CHUNK_MARK]
72beba800000-72bebd400000 ---p 00000000 00:00 0                          [anon:mmtk:sidemeta:all:all-quarantined]
72bebd400000-72bebd800000 rw-p 00000000 00:00 0                          [anon:mmtk:sidemeta:immix:VMGlobalLogBitSpec]
72bebd800000-72bebdc00000 rw-p 00000000 00:00 0                          [anon:mmtk:sidemeta:los:VMGlobalLogBitSpec]
72bebdc00000-74c6bc800000 ---p 00000000 00:00 0                          [anon:mmtk:sidemeta:all:all-quarantined]
74c6bc800000-74c6bcc00000 rw-p 00000000 00:00 0                          [anon:mmtk:sidemeta:immix:IX_LINE_MARK]
74c6bcc00000-7546bc400000 ---p 00000000 00:00 0                          [anon:mmtk:sidemeta:all:all-quarantined]
7546bc400000-7546bc800000 rw-p 00000000 00:00 0                          [anon:mmtk:sidemeta:immix:IX_BLOCK_DEFRAG]
7546bc800000-7547bc400000 ---p 00000000 00:00 0                          [anon:mmtk:sidemeta:all:all-quarantined]
7547bc400000-7547bc800000 rw-p 00000000 00:00 0                          [anon:mmtk:sidemeta:immix:IX_BLOCK_MARK]
7547bc800000-7b693c400000 ---p 00000000 00:00 0                          [anon:mmtk:sidemeta:all:all-quarantined]
7b693c400000-7b693c800000 rw-p 00000000 00:00 0                          [anon:mmtk:sidemeta:los:VMLocalLOSMarkNurserySpec]
7b693c800000-7b6b3d400000 ---p 00000000 00:00 0                          [anon:mmtk:sidemeta:all:all-quarantined]
7b6b3d400000-7b6b3d800000 rw-p 00000000 00:00 0                          [anon:mmtk:sidemeta:immix:VMLocalMarkBitSpec]
7b6b3d800000-7d6b3c400000 ---p 00000000 00:00 0                          [anon:mmtk:sidemeta:all:all-quarantined]
7d6b3c4ff000-7d6b3c503000 ---p 00000000 00:00 0 
7d6b3c503000-7d6b3c5ff000 rw-p 00000000 00:00 0 
7d6b3c5ff000-7d6b3c603000 ---p 00000000 00:00 0 
7d6b3c603000-7d6b3c6ff000 rw-p 00000000 00:00 0 
7d6b3c6ff000-7d6b3c703000 ---p 00000000 00:00 0 
7d6b3c703000-7d6b3c7ff000 rw-p 00000000 00:00 0 
7d6b3c7ff000-7d6b5c800000 rw-p 00000000 00:00 0 
7d6b5c800000-7d6b5ce20000 rwxp 00000000 00:00 0 
7d6b5ce20000-7d6b63c17000 ---p 00000000 00:00 0 
7d6b63c17000-7d6b63f97000 rwxp 00000000 00:00 0 
7d6b63f97000-7d6b643e8000 ---p 00000000 00:00 0 
7d6b643e8000-7d6b64658000 rwxp 00000000 00:00 0 
7d6b64658000-7d6b6b800000 ---p 00000000 00:00 0 
7d6b6b800000-7d6b73fa0000 r--s 00000000 fc:00 49676300                   /mydata/openjdk-mmtk/build/b0test/images/jdk/lib/modules
7d6b74000000-7d6b74802000 rw-p 00000000 00:00 0 
7d6b74802000-7d6b78000000 ---p 00000000 00:00 0 
7d6b7802b000-7d6b78030000 r--p 00000000 fc:00 49676433                   /mydata/openjdk-mmtk/build/b0test/images/jdk/lib/libjsvml.so
7d6b78030000-7d6b78071000 r-xp 00005000 fc:00 49676433                   /mydata/openjdk-mmtk/build/b0test/images/jdk/lib/libjsvml.so
7d6b78071000-7d6b780fa000 r--p 00046000 fc:00 49676433                   /mydata/openjdk-mmtk/build/b0test/images/jdk/lib/libjsvml.so
7d6b780fa000-7d6b780fb000 r--p 000ce000 fc:00 49676433                   /mydata/openjdk-mmtk/build/b0test/images/jdk/lib/libjsvml.so
7d6b780fb000-7d6b780fc000 rw-p 000cf000 fc:00 49676433                   /mydata/openjdk-mmtk/build/b0test/images/jdk/lib/libjsvml.so
7d6b780fc000-7d6b780fd000 ---p 00000000 00:00 0 
7d6b780fd000-7d6b781fd000 rw-p 00000000 00:00 0 
7d6b781fd000-7d6b781fe000 ---p 00000000 00:00 0 
7d6b781fe000-7d6b782fe000 rw-p 00000000 00:00 0 
7d6b782fe000-7d6b782ff000 ---p 00000000 00:00 0 
7d6b782ff000-7d6b783ff000 rw-p 00000000 00:00 0 
7d6b783ff000-7d6b78a00000 rw-p 00000000 00:00 0 
7d6b78a00000-7d6b78a0c000 r--p 00000000 fc:00 13107796                   /mydata/gc-bpf-fault/shim/libgcbpf.so
7d6b78a0c000-7d6b78a6e000 r-xp 0000c000 fc:00 13107796                   /mydata/gc-bpf-fault/shim/libgcbpf.so
7d6b78a6e000-7d6b78cde000 r--p 0006e000 fc:00 13107796                   /mydata/gc-bpf-fault/shim/libgcbpf.so
7d6b78cde000-7d6b78ce0000 r--p 002de000 fc:00 13107796                   /mydata/gc-bpf-fault/shim/libgcbpf.so
7d6b78ce0000-7d6b78ce1000 rw-p 002e0000 fc:00 13107796                   /mydata/gc-bpf-fault/shim/libgcbpf.so
7d6b78ce1000-7d6b78ce2000 rw-p 00000000 00:00 0 
7d6b78d59000-7d6b78d5d000 r--p 00000000 fc:00 49676379                   /mydata/openjdk-mmtk/build/b0test/images/jdk/lib/libverify.so
7d6b78d5d000-7d6b78d64000 r-xp 00004000 fc:00 49676379                   /mydata/openjdk-mmtk/build/b0test/images/jdk/lib/libverify.so
7d6b78d64000-7d6b78d66000 r--p 0000b000 fc:00 49676379                   /mydata/openjdk-mmtk/build/b0test/images/jdk/lib/libverify.so
7d6b78d66000-7d6b78d68000 r--p 0000c000 fc:00 49676379                   /mydata/openjdk-mmtk/build/b0test/images/jdk/lib/libverify.so
7d6b78d68000-7d6b78d69000 rw-p 0000e000 fc:00 49676379                   /mydata/openjdk-mmtk/build/b0test/images/jdk/lib/libverify.so
7d6b78d69000-7d6b78d6b000 r--p 00000000 fc:00 49676380                   /mydata/openjdk-mmtk/build/b0test/images/jdk/lib/libzip.so
7d6b78d6b000-7d6b78d70000 r-xp 00002000 fc:00 49676380                   /mydata/openjdk-mmtk/build/b0test/images/jdk/lib/libzip.so
7d6b78d70000-7d6b78d72000 r--p 00007000 fc:00 49676380                   /mydata/openjdk-mmtk/build/b0test/images/jdk/lib/libzip.so
7d6b78d72000-7d6b78d73000 r--p 00008000 fc:00 49676380                   /mydata/openjdk-mmtk/build/b0test/images/jdk/lib/libzip.so
7d6b78d73000-7d6b78d74000 rw-p 00009000 fc:00 49676380                   /mydata/openjdk-mmtk/build/b0test/images/jdk/lib/libzip.so
7d6b78d74000-7d6b78d78000 r--p 00000000 08:03 1410107                    /usr/lib/x86_64-linux-gnu/libzstd.so.1.5.5
7d6b78d78000-7d6b78e1f000 r-xp 00004000 08:03 1410107                    /usr/lib/x86_64-linux-gnu/libzstd.so.1.5.5
7d6b78e1f000-7d6b78e2c000 r--p 000ab000 08:03 1410107                    /usr/lib/x86_64-linux-gnu/libzstd.so.1.5.5
7d6b78e2c000-7d6b78e2d000 r--p 000b7000 08:03 1410107                    /usr/lib/x86_64-linux-gnu/libzstd.so.1.5.5
7d6b78e2d000-7d6b78e2e000 rw-p 000b8000 08:03 1410107                    /usr/lib/x86_64-linux-gnu/libzstd.so.1.5.5
7d6b78e2e000-7d6b78e33000 rw-p 00000000 00:00 0 
7d6b78e33000-7d6b78f17000 ---p 00000000 00:00 0 
7d6b78f17000-7d6b78f24000 rw-p 00000000 00:00 0 
7d6b78f24000-7d6b79000000 ---p 00000000 00:00 0 
7d6b79000000-7d6b79148000 r--p 00000000 fc:00 49676390                   /mydata/openjdk-mmtk/build/b0test/images/jdk/lib/server/libmmtk_openjdk.so
7d6b79148000-7d6b793cd000 r-xp 00147000 fc:00 49676390                   /mydata/openjdk-mmtk/build/b0test/images/jdk/lib/server/libmmtk_openjdk.so
7d6b793cd000-7d6b7940e000 r--p 003cb000 fc:00 49676390                   /mydata/openjdk-mmtk/build/b0test/images/jdk/lib/server/libmmtk_openjdk.so
7d6b7940e000-7d6b79410000 rw-p 0040b000 fc:00 49676390                   /mydata/openjdk-mmtk/build/b0test/images/jdk/lib/server/libmmtk_openjdk.so
7d6b79410000-7d6b79413000 rw-p 00000000 00:00 0 
7d6b79417000-7d6b7941b000 ---p 00000000 00:00 0 
7d6b7941b000-7d6b79517000 rw-p 00000000 00:00 0 
7d6b79517000-7d6b79527000 r--p 00000000 08:03 1411099                    /usr/lib/x86_64-linux-gnu/libm.so.6
7d6b79527000-7d6b795a6000 r-xp 00010000 08:03 1411099                    /usr/lib/x86_64-linux-gnu/libm.so.6
7d6b795a6000-7d6b795fe000 r--p 0008f000 08:03 1411099                    /usr/lib/x86_64-linux-gnu/libm.so.6
7d6b795fe000-7d6b795ff000 r--p 000e7000 08:03 1411099                    /usr/lib/x86_64-linux-gnu/libm.so.6
7d6b795ff000-7d6b79600000 rw-p 000e8000 08:03 1411099                    /usr/lib/x86_64-linux-gnu/libm.so.6
7d6b79600000-7d6b798a9000 r--p 00000000 fc:00 49676389                   /mydata/openjdk-mmtk/build/b0test/images/jdk/lib/server/libjvm.so
7d6b798a9000-7d6b7a73c000 r-xp 002a9000 fc:00 49676389                   /mydata/openjdk-mmtk/build/b0test/images/jdk/lib/server/libjvm.so
7d6b7a73c000-7d6b7aa20000 r--p 0113c000 fc:00 49676389                   /mydata/openjdk-mmtk/build/b0test/images/jdk/lib/server/libjvm.so
7d6b7aa20000-7d6b7aaf6000 r--p 0141f000 fc:00 49676389                   /mydata/openjdk-mmtk/build/b0test/images/jdk/lib/server/libjvm.so
7d6b7aaf6000-7d6b7ab26000 rw-p 014f5000 fc:00 49676389                   /mydata/openjdk-mmtk/build/b0test/images/jdk/lib/server/libjvm.so
7d6b7ab26000-7d6b7ab8c000 rw-p 00000000 00:00 0 
7d6b7ab8e000-7d6b7ab91000 r--p 00000000 fc:00 49676376                   /mydata/openjdk-mmtk/build/b0test/images/jdk/lib/libnet.so
7d6b7ab91000-7d6b7ab99000 r-xp 00003000 fc:00 49676376                   /mydata/openjdk-mmtk/build/b0test/images/jdk/lib/libnet.so
7d6b7ab99000-7d6b7ab9b000 r--p 0000b000 fc:00 49676376                   /mydata/openjdk-mmtk/build/b0test/images/jdk/lib/libnet.so
7d6b7ab9b000-7d6b7ab9c000 r--p 0000c000 fc:00 49676376                   /mydata/openjdk-mmtk/build/b0test/images/jdk/lib/libnet.so
7d6b7ab9c000-7d6b7ab9d000 rw-p 0000d000 fc:00 49676376                   /mydata/openjdk-mmtk/build/b0test/images/jdk/lib/libnet.so
7d6b7ab9d000-7d6b7aba4000 r--p 00000000 fc:00 49676377                   /mydata/openjdk-mmtk/build/b0test/images/jdk/lib/libnio.so
7d6b7aba4000-7d6b7abad000 r-xp 00007000 fc:00 49676377                   /mydata/openjdk-mmtk/build/b0test/images/jdk/lib/libnio.so
7d6b7abad000-7d6b7abb1000 r--p 00010000 fc:00 49676377                   /mydata/openjdk-mmtk/build/b0test/images/jdk/lib/libnio.so
7d6b7abb1000-7d6b7abb2000 r--p 00014000 fc:00 49676377                   /mydata/openjdk-mmtk/build/b0test/images/jdk/lib/libnio.so
7d6b7abb2000-7d6b7abb3000 rw-p 00015000 fc:00 49676377                   /mydata/openjdk-mmtk/build/b0test/images/jdk/lib/libnio.so
7d6b7abb3000-7d6b7abb6000 r--p 00000000 08:03 1410420                    /usr/lib/x86_64-linux-gnu/libelf-0.190.so
7d6b7abb6000-7d6b7abcc000 r-xp 00003000 08:03 1410420                    /usr/lib/x86_64-linux-gnu/libelf-0.190.so
7d6b7abcc000-7d6b7abd0000 r--p 00019000 08:03 1410420                    /usr/lib/x86_64-linux-gnu/libelf-0.190.so
7d6b7abd0000-7d6b7abd1000 r--p 0001c000 08:03 1410420                    /usr/lib/x86_64-linux-gnu/libelf-0.190.so
7d6b7abd1000-7d6b7abd2000 rw-p 0001d000 08:03 1410420                    /usr/lib/x86_64-linux-gnu/libelf-0.190.so
7d6b7abd5000-7d6b7abdc000 r--s 00000000 08:03 1436340                    /usr/lib/x86_64-linux-gnu/gconv/gconv-modules.cache
7d6b7abdc000-7d6b7abe9000 r--p 00000000 fc:00 49676369                   /mydata/openjdk-mmtk/build/b0test/images/jdk/lib/libjava.so
7d6b7abe9000-7d6b7abf8000 r-xp 0000d000 fc:00 49676369                   /mydata/openjdk-mmtk/build/b0test/images/jdk/lib/libjava.so
7d6b7abf8000-7d6b7abfd000 r--p 0001c000 fc:00 49676369                   /mydata/openjdk-mmtk/build/b0test/images/jdk/lib/libjava.so
7d6b7abfd000-7d6b7abfe000 r--p 00021000 fc:00 49676369                   /mydata/openjdk-mmtk/build/b0test/images/jdk/lib/libjava.so
7d6b7abfe000-7d6b7abff000 rw-p 00022000 fc:00 49676369                   /mydata/openjdk-mmtk/build/b0test/images/jdk/lib/libjava.so
7d6b7abff000-7d6b7ac00000 rw-p 00000000 00:00 0 
7d6b7ac00000-7d6b7ac28000 r--p 00000000 08:03 1410238                    /usr/lib/x86_64-linux-gnu/libc.so.6
7d6b7ac28000-7d6b7adb0000 r-xp 00028000 08:03 1410238                    /usr/lib/x86_64-linux-gnu/libc.so.6
7d6b7adb0000-7d6b7adff000 r--p 001b0000 08:03 1410238                    /usr/lib/x86_64-linux-gnu/libc.so.6
7d6b7adff000-7d6b7ae03000 r--p 001fe000 08:03 1410238                    /usr/lib/x86_64-linux-gnu/libc.so.6
7d6b7ae03000-7d6b7ae05000 rw-p 00202000 08:03 1410238                    /usr/lib/x86_64-linux-gnu/libc.so.6
7d6b7ae05000-7d6b7ae12000 rw-p 00000000 00:00 0 
7d6b7ae15000-7d6b7ae1c000 rw-p 00000000 00:00 0 
7d6b7ae1c000-7d6b7ae25000 ---p 00000000 00:00 0 
7d6b7ae25000-7d6b7ae2d000 rw-s 00000000 08:03 237591                     /tmp/hsperfdata_root/413415
7d6b7ae2d000-7d6b7ae31000 r--p 00000000 fc:00 49676370                   /mydata/openjdk-mmtk/build/b0test/images/jdk/lib/libjimage.so
7d6b7ae31000-7d6b7ae48000 r-xp 00004000 fc:00 49676370                   /mydata/openjdk-mmtk/build/b0test/images/jdk/lib/libjimage.so
7d6b7ae48000-7d6b7ae4d000 r--p 0001b000 fc:00 49676370                   /mydata/openjdk-mmtk/build/b0test/images/jdk/lib/libjimage.so
7d6b7ae4d000-7d6b7ae4f000 r--p 00020000 fc:00 49676370                   /mydata/openjdk-mmtk/build/b0test/images/jdk/lib/libjimage.so
7d6b7ae4f000-7d6b7ae50000 rw-p 00022000 fc:00 49676370                   /mydata/openjdk-mmtk/build/b0test/images/jdk/lib/libjimage.so
7d6b7ae50000-7d6b7ae54000 r--p 00000000 08:03 1410148                    /usr/lib/x86_64-linux-gnu/libgcc_s.so.1
7d6b7ae54000-7d6b7ae78000 r-xp 00004000 08:03 1410148                    /usr/lib/x86_64-linux-gnu/libgcc_s.so.1
7d6b7ae78000-7d6b7ae7c000 r--p 00028000 08:03 1410148                    /usr/lib/x86_64-linux-gnu/libgcc_s.so.1
7d6b7ae7c000-7d6b7ae7d000 r--p 0002b000 08:03 1410148                    /usr/lib/x86_64-linux-gnu/libgcc_s.so.1
7d6b7ae7d000-7d6b7ae7e000 rw-p 0002c000 08:03 1410148                    /usr/lib/x86_64-linux-gnu/libgcc_s.so.1
7d6b7ae7e000-7d6b7ae80000 rw-p 00000000 00:00 0 
7d6b7ae80000-7d6b7ae82000 r--p 00000000 08:03 1409104                    /usr/lib/x86_64-linux-gnu/libz.so.1.3
7d6b7ae82000-7d6b7ae94000 r-xp 00002000 08:03 1409104                    /usr/lib/x86_64-linux-gnu/libz.so.1.3
7d6b7ae94000-7d6b7ae9a000 r--p 00014000 08:03 1409104                    /usr/lib/x86_64-linux-gnu/libz.so.1.3
7d6b7ae9a000-7d6b7ae9b000 r--p 0001a000 08:03 1409104                    /usr/lib/x86_64-linux-gnu/libz.so.1.3
7d6b7ae9b000-7d6b7ae9c000 rw-p 0001b000 08:03 1409104                    /usr/lib/x86_64-linux-gnu/libz.so.1.3
7d6b7aea1000-7d6b7aea2000 rw-s 00000000 00:10 68                         anon_inode:bpf-map
7d6b7aea2000-7d6b7aea3000 r--s 00000000 00:10 68                         anon_inode:bpf-map
7d6b7aea3000-7d6b7aea4000 ---p 00000000 00:00 0 
7d6b7aea4000-7d6b7aea5000 r--p 00000000 00:00 0 
7d6b7aea5000-7d6b7aea6000 ---p 00000000 00:00 0 
7d6b7aea6000-7d6b7aea8000 r--p 00000000 fc:00 49676372                   /mydata/openjdk-mmtk/build/b0test/images/jdk/lib/libjli.so
7d6b7aea8000-7d6b7aeb2000 r-xp 00002000 fc:00 49676372                   /mydata/openjdk-mmtk/build/b0test/images/jdk/lib/libjli.so
7d6b7aeb2000-7d6b7aeb5000 r--p 0000c000 fc:00 49676372                   /mydata/openjdk-mmtk/build/b0test/images/jdk/lib/libjli.so
7d6b7aeb5000-7d6b7aeb6000 r--p 0000f000 fc:00 49676372                   /mydata/openjdk-mmtk/build/b0test/images/jdk/lib/libjli.so
7d6b7aeb6000-7d6b7aeb7000 rw-p 00010000 fc:00 49676372                   /mydata/openjdk-mmtk/build/b0test/images/jdk/lib/libjli.so
7d6b7aeb7000-7d6b7aeb9000 rw-p 00000000 00:00 0 
7d6b7aeb9000-7d6b7aebd000 r--p 00000000 00:00 0                          [vvar]
7d6b7aebd000-7d6b7aebf000 r--p 00000000 00:00 0                          [vvar_vclock]
7d6b7aebf000-7d6b7aec1000 r-xp 00000000 00:00 0                          [vdso]
7d6b7aec1000-7d6b7aec2000 r--p 00000000 08:03 1409763                    /usr/lib/x86_64-linux-gnu/ld-linux-x86-64.so.2
7d6b7aec2000-7d6b7aeed000 r-xp 00001000 08:03 1409763                    /usr/lib/x86_64-linux-gnu/ld-linux-x86-64.so.2
7d6b7aeed000-7d6b7aef7000 r--p 0002c000 08:03 1409763                    /usr/lib/x86_64-linux-gnu/ld-linux-x86-64.so.2
7d6b7aef7000-7d6b7aef9000 r--p 00036000 08:03 1409763                    /usr/lib/x86_64-linux-gnu/ld-linux-x86-64.so.2
7d6b7aef9000-7d6b7aefb000 rw-p 00038000 08:03 1409763                    /usr/lib/x86_64-linux-gnu/ld-linux-x86-64.so.2
7ffc85f8a000-7ffc85fab000 rw-p 00000000 00:00 0                          [stack]
ffffffffff600000-ffffffffff601000 --xp 00000000 00:00 0                  [vsyscall]
Total number of mappings: 540

JVMTI agents: none


VM Arguments:
jvm_args: -XX:+UseThirdPartyHeap -Xms512m -Xmx512m 
java_command: /mydata/dacapo/dacapo-23.11/dacapo-23.11-MR2-chopin.jar xalan -n 3
java_class_path (initial): /mydata/dacapo/dacapo-23.11/dacapo-23.11-MR2-chopin.jar
Launcher Type: SUN_STANDARD

[Global flags]
     intx CICompilerCount                          = 15                                        {product} {ergonomic}
   size_t InitialHeapSize                          = 536870912                                 {product} {command line}
   size_t MaxHeapSize                              = 536870912                                 {product} {command line}
   size_t MinHeapDeltaBytes                        = 524288                                    {product} {ergonomic}
   size_t MinHeapSize                              = 536870912                                 {product} {command line}
    uintx NonNMethodCodeHeapSize                   = 8192380                                {pd product} {ergonomic}
    uintx NonProfiledCodeHeapSize                  = 121732930                              {pd product} {ergonomic}
    uintx ProfiledCodeHeapSize                     = 121732930                              {pd product} {ergonomic}
    uintx ReservedCodeCacheSize                    = 251658240                              {pd product} {ergonomic}
     bool SegmentedCodeCache                       = true                                      {product} {ergonomic}
   size_t SoftMaxHeapSize                          = 536870912                              {manageable} {ergonomic}
     bool UseCompressedOops                        = true                           {product lp64_product} {ergonomic}

Logging:
Log output configuration:
 #0: stdout all=warning uptime,level,tags foldmultilines=false
 #1: stderr all=off uptime,level,tags foldmultilines=false

Release file:
IMPLEMENTOR="N/A"
JAVA_RUNTIME_VERSION="21.0.9-internal-adhoc.talzuss.openjdk-mmtk"
JAVA_VERSION="21.0.9"
JAVA_VERSION_DATE="2025-10-21"
LIBC="gnu"
MODULES="java.base java.compiler java.datatransfer java.xml java.prefs java.desktop java.instrument java.logging java.management java.security.sasl java.naming java.rmi java.management.rmi java.net.http java.scripting java.security.jgss java.transaction.xa java.sql java.sql.rowset java.xml.crypto java.se java.smartcardio jdk.accessibility jdk.internal.jvmstat jdk.attach jdk.charsets jdk.internal.opt jdk.zipfs jdk.compiler jdk.crypto.ec jdk.crypto.cryptoki jdk.dynalink jdk.internal.ed jdk.editpad jdk.hotspot.agent jdk.httpserver jdk.incubator.vector jdk.internal.le jdk.internal.vm.ci jdk.internal.vm.compiler jdk.internal.vm.compiler.management jdk.jartool jdk.javadoc jdk.jcmd jdk.management jdk.management.agent jdk.jconsole jdk.jdeps jdk.jdwp.agent jdk.jdi jdk.jfr jdk.jlink jdk.jpackage jdk.jshell jdk.jsobject jdk.jstatd jdk.localedata jdk.management.jfr jdk.naming.dns jdk.naming.rmi jdk.net jdk.nio.mapmode jdk.random jdk.sctp jdk.security.auth jdk.security.jgss jdk.unsupported jdk.unsupported.desktop jdk.xml.dom"
OS_ARCH="x86_64"
OS_NAME="Linux"
SOURCE=".:git:b557520f04b3+"

Environment Variables:
PATH=/usr/local/sbin:/usr/local/bin:/usr/sbin:/usr/bin:/sbin:/bin:/snap/bin
SHELL=/bin/bash
LANG=en_US.UTF-8
TERM=tmux-256color

Active Locale:
LC_ALL=en_US.UTF-8
LC_COLLATE=en_US.UTF-8
LC_CTYPE=en_US.UTF-8
LC_MESSAGES=en_US.UTF-8
LC_MONETARY=en_US.UTF-8
LC_NUMERIC=en_US.UTF-8
LC_TIME=en_US.UTF-8

Signal Handlers:
   SIGSEGV: crash_handler in libjvm.so, mask=11100100010111111101111111111110, flags=SA_RESTART|SA_SIGINFO, unblocked
    SIGBUS: crash_handler in libjvm.so, mask=11100100010111111101111111111110, flags=SA_RESTART|SA_SIGINFO, unblocked
    SIGFPE: crash_handler in libjvm.so, mask=11100100010111111101111111111110, flags=SA_RESTART|SA_SIGINFO, unblocked
   SIGPIPE: javaSignalHandler in libjvm.so, mask=11100100010111111101111111111110, flags=SA_RESTART|SA_SIGINFO, blocked
   SIGXFSZ: javaSignalHandler in libjvm.so, mask=11100100010111111101111111111110, flags=SA_RESTART|SA_SIGINFO, blocked
    SIGILL: crash_handler in libjvm.so, mask=11100100010111111101111111111110, flags=SA_RESTART|SA_SIGINFO, unblocked
   SIGUSR2: SR_handler in libjvm.so, mask=00000000000000000000000000000000, flags=SA_RESTART|SA_SIGINFO, blocked
    SIGHUP: UserHandler in libjvm.so, mask=11100100010111111101111111111110, flags=SA_RESTART|SA_SIGINFO, blocked
    SIGINT: UserHandler in libjvm.so, mask=11100100010111111101111111111110, flags=SA_RESTART|SA_SIGINFO, blocked
   SIGTERM: UserHandler in libjvm.so, mask=11100100010111111101111111111110, flags=SA_RESTART|SA_SIGINFO, blocked
   SIGQUIT: UserHandler in libjvm.so, mask=11100100010111111101111111111110, flags=SA_RESTART|SA_SIGINFO, blocked
   SIGTRAP: crash_handler in libjvm.so, mask=11100100010111111101111111111110, flags=SA_RESTART|SA_SIGINFO, unblocked


Periodic native trim disabled

---------------  S Y S T E M  ---------------

OS:
DISTRIB_ID=Ubuntu
DISTRIB_RELEASE=24.04
DISTRIB_CODENAME=noble
DISTRIB_DESCRIPTION="Ubuntu 24.04.4 LTS"
uname: Linux 6.17.0-bpf-fault+ #1 SMP PREEMPT_DYNAMIC Mon Jul  6 16:43:12 MDT 2026 x86_64
OS uptime: 1 days 1:10 hours
libc: glibc 2.39 NPTL 2.39 
rlimit (soft/hard): STACK 8192k/infinity , CORE 0k/0k , NPROC 513205/513205 , NOFILE 1048576/1048576 , AS infinity/infinity , CPU infinity/infinity , DATA infinity/infinity , FSIZE infinity/infinity , MEMLOCK 16436528k/16436528k
load average: 9.33 3.76 1.60

/proc/meminfo:
MemTotal:       131492232 kB
MemFree:        64894992 kB
MemAvailable:   112121988 kB
Buffers:          549184 kB
Cached:         45936856 kB
SwapCached:            0 kB
Active:          4387940 kB
Inactive:       45663084 kB
Active(anon):    3581452 kB
Inactive(anon):        0 kB
Active(file):     806488 kB
Inactive(file): 45663084 kB
Unevictable:       41912 kB
Mlocked:           38840 kB
SwapTotal:       8388604 kB
SwapFree:        8388604 kB
Zswap:                 0 kB
Zswapped:              0 kB
Dirty:              6176 kB
Writeback:             0 kB
AnonPages:       3608832 kB
Mapped:         12902484 kB
Shmem:              5308 kB
KReclaimable:    2009108 kB
Slab:            2550796 kB
SReclaimable:    2009108 kB
SUnreclaim:       541688 kB
KernelStack:       12912 kB
PageTables:        72084 kB
SecPageTables:      9196 kB
NFS_Unstable:          0 kB
Bounce:                0 kB
WritebackTmp:          0 kB
CommitLimit:    74134720 kB
Committed_AS:   164879856 kB
VmallocTotal:   34359738367 kB
VmallocUsed:       38916 kB
VmallocChunk:          0 kB
Percpu:            51072 kB
HardwareCorrupted:     0 kB
AnonHugePages:         0 kB
ShmemHugePages:        0 kB
ShmemPmdMapped:        0 kB
FileHugePages:   2177024 kB
FilePmdMapped:         0 kB
Unaccepted:            0 kB
Balloon:               0 kB
HugePages_Total:       0
HugePages_Free:        0
HugePages_Rsvd:        0
HugePages_Surp:        0
Hugepagesize:       2048 kB
Hugetlb:               0 kB
DirectMap4k:      949056 kB
DirectMap2M:    29046784 kB
DirectMap1G:    103809024 kB

/sys/kernel/mm/transparent_hugepage/enabled: always [madvise] never
/sys/kernel/mm/transparent_hugepage/hpage_pmd_size: 2097152
/sys/kernel/mm/transparent_hugepage/defrag (defrag/compaction efforts parameter): always defer defer+madvise [madvise] never

Process Memory:
Virtual Size: 13620285112K (peak: 13620285112K)
Resident Set Size: 4179376K (peak: 4179376K) (anon: 1006180K, file: 3173196K, shmem: 0K)
Swapped out: 0K
C-Heap outstanding allocations: 1405745K, retained: 39358K
glibc malloc tunables: (default)

/proc/sys/kernel/threads-max (system-wide limit on the number of threads): 1026411
/proc/sys/vm/max_map_count (maximum number of memory map areas a process may have): 1048576
/proc/sys/vm/swappiness (control to define how aggressively the kernel swaps out anonymous memory): 60
/proc/sys/kernel/pid_max (system-wide limit on number of process identifiers): 4194304

container information not found.
Steal ticks since vm start: 0
Steal ticks percentage since vm start:  0.000

CPU: total 32 (initial active 32) (32 cores per cpu, 2 threads per core) family 23 model 49 stepping 0 microcode 0x830107c, cx8, cmov, fxsr, ht, mmx, 3dnowpref, sse, sse2, sse3, ssse3, sse4a, sse4.1, sse4.2, popcnt, lzcnt, tsc, tscinvbit, avx, avx2, aes, clmul, bmi1, bmi2, adx, sha, fma, vzeroupper, clflush, clflushopt, rdtscp, rdpid, f16c
CPU Model and flags from /proc/cpuinfo:
model name	: AMD EPYC 7302P 16-Core Processor
flags		: fpu vme de pse tsc msr pae mce cx8 apic sep mtrr pge mca cmov pat pse36 clflush mmx fxsr sse sse2 ht syscall nx mmxext fxsr_opt pdpe1gb rdtscp lm constant_tsc rep_good nopl xtopology nonstop_tsc cpuid extd_apicid aperfmperf rapl pni pclmulqdq monitor ssse3 fma cx16 sse4_1 sse4_2 movbe popcnt aes xsave avx f16c rdrand lahf_lm cmp_legacy svm extapic cr8_legacy abm sse4a misalignsse 3dnowprefetch osvw ibs skinit wdt tce topoext perfctr_core perfctr_nb bpext perfctr_llc mwaitx cpb cat_l3 cdp_l3 hw_pstate ssbd mba ibrs ibpb stibp vmmcall fsgsbase bmi1 avx2 smep bmi2 cqm rdt_a rdseed adx smap clflushopt clwb sha_ni xsaveopt xsavec xgetbv1 xsaves cqm_llc cqm_occup_llc cqm_mbm_total cqm_mbm_local clzero irperf xsaveerptr rdpru wbnoinvd amd_ppin arat npt lbrv svm_lock nrip_save tsc_scale vmcb_clean flushbyasid decodeassists pausefilter pfthreshold avic v_vmsave_vmload vgif v_spec_ctrl umip rdpid overflow_recov succor smca sev sev_es

Online cpus: 0-31
Offline cpus: 
BIOS frequency limitation: <Not Available>
Frequency switch latency (ns): <Not Available>
Available cpu frequencies: <Not Available>
Current governor: <Not Available>
Core performance/turbo boost: <Not Available>

Memory: 4k page, physical 131492232k(112121988k free), swap 8388604k(8388604k free)
Page Sizes: 4k

vm_info: OpenJDK 64-Bit Server VM (21.0.9-internal-adhoc.talzuss.openjdk-mmtk) for linux-amd64 JRE (21.0.9-internal-adhoc.talzuss.openjdk-mmtk), built on 2026-07-06T23:13:08Z by "talzuss" with gcc 13.3.0
heap_info: MMTk OpenJDK 0.32.0 (a3bb9ef-dirty), using MMTk 0.32.0 (ec64c30-dirty, BUILTIN_ENV_LOGGER, DEFAULT, EAGER_SWEEPING, VO_BIT)

END.
