#
# A fatal error has been detected by the Java Runtime Environment:
#
#  SIGSEGV (0xb) at pc=0x0000725b9b677717, pid=435403, tid=435433
#
# JRE version: OpenJDK Runtime Environment (21.0.9) (build 21.0.9-internal-adhoc.talzuss.openjdk-mmtk)
# Java VM: OpenJDK 64-Bit Server VM (21.0.9-internal-adhoc.talzuss.openjdk-mmtk, mixed mode, sharing, tiered, compressed oops, compressed class ptrs, third-party gc, linux-amd64)
# Problematic frame:
# C  [libmmtk_openjdk.so+0x277717]  mmtk::plan::tracing::SlotIterator$LT$VM$GT$::iterate_fields::h682899b42905c759+0x37
#
# No core dump will be written. Core dumps have been disabled. To enable core dumping, try "ulimit -c unlimited" before starting Java again
#
# If you would like to submit a bug report, please visit:
#   https://bugreport.java.com/bugreport/crash.jsp
#

---------------  S U M M A R Y ------------

Command Line: -XX:+UseThirdPartyHeap -Xms512m -Xmx512m /mydata/dacapo/dacapo-23.11/dacapo-23.11-MR2-chopin.jar luindex -n 3

Host: AMD EPYC 7302P 16-Core Processor, 32 cores, 125G, Ubuntu 24.04.4 LTS
Time: Tue Jul  7 19:28:21 2026 MDT elapsed time: 31.275308 seconds (0d 0h 0m 31s)

---------------  T H R E A D  ---------------

Current thread (0x0000725b945468c0):  NamedThread "MMTk Collector Thread" [id=435433, stack(0x0000725b987eb000,0x0000725b988eb000) (1024K)]

Stack: [0x0000725b987eb000,0x0000725b988eb000],  sp=0x0000725b988e9830,  free space=1018k
Native frames: (J=compiled Java code, j=interpreted, Vv=VM code, C=native code)
C  [libmmtk_openjdk.so+0x277717]  mmtk::plan::tracing::SlotIterator$LT$VM$GT$::iterate_fields::h682899b42905c759+0x37

siginfo: si_signo: 11 (SIGSEGV), si_code: 1 (SEGV_MAPERR), si_addr: 0x0000725cfb47bafc

Registers:
RAX=0x0000000058000000, RBX=0x0000725b988e9920, RCX=0x0000725b9b47bafc, RDX=0x000065ae5f000000
RSP=0x0000725b988e9830, RBP=0x00000000550f1ff8, RSI=0x000065ae5f000001, RDI=0x00000000550f1ff8
R8 =0x0000000000000000, R9 =0x0000000000000008, R10=0x0000000000000007, R11=0x0000000000000293
R12=0x0000725b9b80cbb8, R13=0x0000000000001008, R14=0x00000000550f1ff8, R15=0x000065ae0c010c60
RIP=0x0000725b9b677717, EFLAGS=0x0000000000010206, CSGSFS=0x002b000000000033, ERR=0x0000000000000004
  TRAPNO=0x000000000000000e

XMM[0]=0x0000000000000000 0x0000000000000000
XMM[1]=0x0000000000000000 0x000065ae0c000090
XMM[2]=0xff5656ffffff4e02 0x436b5e1e4e5e0810
XMM[3]=0x0000000000000000 0x00000000000000ff
XMM[4]=0x0000000000000000 0x000065ae0c000090
XMM[5]=0x000000004089d4a8 0x000000004089d3a8
XMM[6]=0x000000004089d2c8 0x000000004089d1f0
XMM[7]=0x000000004089d160 0x000000004089d010
XMM[8]=0x000000004034f140 0x000000004034f140
XMM[9]=0x0000000000000000 0x0000000000000000
XMM[10]=0x3f3f3f3f3f3f3f3f 0x3f3f3f3f3f3f3f3f
XMM[11]=0x9999999999999999 0x9999999999999999
XMM[12]=0x2020202020202020 0x2020202020202020
XMM[13]=0x0000000000000000 0x0000000000000000
XMM[14]=0x0000000000000000 0x0000000000000000
XMM[15]=0x0000000000000000 0x0000000000000000
  MXCSR=0x00001fa2


Register to memory mapping:

RAX=
[error occurred during error reporting (printing register info), id 0xe0000000, Internal Error (/mydata/mmtk-openjdk/openjdk/share/mmtkHeap.cpp:444)]
RBX=
[error occurred during error reporting (printing register info, attempt 2), id 0xe0000000, Internal Error (/mydata/mmtk-openjdk/openjdk/share/mmtkHeap.cpp:444)]
RCX=
[error occurred during error reporting (printing register info, attempt 3), id 0xe0000000, Internal Error (/mydata/mmtk-openjdk/openjdk/share/mmtkHeap.cpp:444)]
Top of Stack: (sp=0x0000725b988e9830)
0x0000725b988e9830:   0000725b9b4f12eb 0000000000000006
0x0000725b988e9840:   0000000000002000 0000000000000200
0x0000725b988e9850:   0000000002a1e600 0000725b9b69014a
0x0000725b988e9860:   0000725b988e98a0 0400725b988e98e0
0x0000725b988e9870:   0000725b988e9890 0000000000000000
0x0000725b988e9880:   0000725b9b7dc598 0000725b988e9878
0x0000725b988e9890:   0000725b9b810608 0000000000000000
0x0000725b988e98a0:   0000725b9b80cbb8 0000000000001008
0x0000725b988e98b0:   0000725b9b5963c0 000065ae0c010c60
0x0000725b988e98c0:   00000000550f1ff8 0000725b9b6ef6c0
0x0000725b988e98d0:   0000000000000400 0000725b943e0540
0x0000725b988e98e0:   0000000000000400 000065ae0c010c60
0x0000725b988e98f0:   0000000000000201 000065ae0c00cb58
0x0000725b988e9900:   00002000150f2000 000065adf4012060
0x0000725b988e9910:   0000000000000000 0000725b9b5bd462
0x0000725b988e9920:   0000725b988e9a48 0000725b9b80cbb8
0x0000725b988e9930:   0000725b988e9a50 0000725b988e9900
0x0000725b988e9940:   0000725b988e9a40 0000725b988e991f
0x0000725b988e9950:   0000725b988e99f0 0000725b988e9a20
0x0000725b988e9960:   0000725b988e99b0 0000725b9b5963c0
0x0000725b988e9970:   0000725b9452e3b0 0000725b9b7e4900
0x0000725b988e9980:   0000000000000006 0000725b988e9920
0x0000725b988e9990:   0000000000000005 0000000000000000
0x0000725b988e99a0:   0000725b9405cf10 0000000000000001
0x0000725b988e99b0:   0000000000000000 0000725b9b7ceec0
0x0000725b988e99c0:   0000000000000000 8000000000000000
0x0000725b988e99d0:   0000000000000001 0000000000000001
0x0000725b988e99e0:   0000000000000001 0000725b9452e250
0x0000725b988e99f0:   0000000000000800 000065ae0c00a8b0
0x0000725b988e9a00:   000000000000055c 0000000000000001
0x0000725b988e9a10:   0000725b9b7ceec0 0000725b94045fc8
0x0000725b988e9a20:   0000000000010000 000065ae0c031080 

Instructions: (pc=0x0000725b9b677717)
0x0000725b9b677617:   ff ff 48 89 df e8 6f 6f f5 ff e9 6b fc ff ff ba
0x0000725b9b677627:   00 10 00 00 b9 08 00 00 00 41 b8 08 00 00 00 48
0x0000725b9b677637:   89 df 31 f6 e8 a0 85 03 00 48 8b 03 4c 8b 7b 10
0x0000725b9b677647:   49 39 c7 0f 85 1c ff ff ff 48 89 df e8 38 6f f5
0x0000725b9b677657:   ff e9 0f ff ff ff 48 8d 05 04 27 16 00 48 89 44
0x0000725b9b677667:   24 10 48 c7 44 24 18 01 00 00 00 48 c7 44 24 20
0x0000725b9b677677:   08 00 00 00 0f 57 c0 0f 11 44 24 28 48 8d 35 ee
0x0000725b9b677687:   26 16 00 48 8d 7c 24 10 e8 1c df f1 ff 48 89 e0
0x0000725b9b677697:   48 89 44 24 40 48 8d 44 24 40 48 89 44 24 10 48
0x0000725b9b6776a7:   8d 3d cb 59 19 00 48 8d 0d 8c 26 16 00 4c 8d 05
0x0000725b9b6776b7:   fd b6 16 00 48 8d 54 24 10 31 f6 e8 a9 e8 14 00
0x0000725b9b6776c7:   48 63 05 a6 59 19 00 4d 8b 34 04 4d 85 f6 0f 85
0x0000725b9b6776d7:   6d fe ff ff e9 b7 fe ff ff 55 41 57 41 56 41 55
0x0000725b9b6776e7:   41 54 53 48 83 ec 68 48 89 f3 49 89 fe 8b 47 08
0x0000725b9b6776f7:   48 8b 15 1a 6d 19 00 48 8b 0d 1b 6d 19 00 48 d3
0x0000725b9b677707:   e0 48 8d 34 10 8b 44 10 0c 48 8d 0d e5 43 e0 ff
0x0000725b9b677717:   48 63 04 81 48 01 c8 ff e0 48 63 86 28 01 00 00
0x0000725b9b677727:   48 85 c0 0f 84 05 03 00 00 48 63 8e ac 00 00 00
0x0000725b9b677737:   48 8d 0c ce 48 63 96 2c 01 00 00 48 8d 34 d1 4c
0x0000725b9b677747:   8d 24 d1 49 81 c4 d8 01 00 00 4c 8d 2c c6 49 81
0x0000725b9b677757:   c5 d8 01 00 00 eb 0f 66 90 49 83 c4 08 4d 39 ec
0x0000725b9b677767:   0f 84 c8 02 00 00 41 8b 6c 24 04 48 85 ed 74 e9
0x0000725b9b677777:   4d 63 3c 24 4d 01 f7 66 90 48 89 df 4c 89 fe e8
0x0000725b9b677787:   65 11 08 00 49 83 c7 04 48 ff cd 75 ec eb ca 4d
0x0000725b9b677797:   63 7e 0c 4d 85 ff 0f 84 92 02 00 00 49 83 c6 10
0x0000725b9b6777a7:   49 c1 e7 02 0f 1f 44 00 00 48 89 df 4c 89 f6 e8
0x0000725b9b6777b7:   35 11 08 00 49 83 c6 04 49 83 c7 fc 75 eb e9 6b
0x0000725b9b6777c7:   02 00 00 48 63 86 28 01 00 00 48 85 c0 0f 84 5b
0x0000725b9b6777d7:   02 00 00 48 63 8e ac 00 00 00 48 8d 0c ce 48 63
0x0000725b9b6777e7:   96 2c 01 00 00 48 8d 34 d1 4c 8d 24 d1 49 81 c4
0x0000725b9b6777f7:   d8 01 00 00 4c 8d 2c c6 49 81 c5 d8 01 00 00 eb
0x0000725b9b677807:   15 0f 1f 84 00 00 00 00 00 49 83 c4 08 4d 39 ec 


Stack slot to memory mapping:

stack at sp + 0 slots: 
[error occurred during error reporting (inspecting top of stack), id 0xe0000000, Internal Error (/mydata/mmtk-openjdk/openjdk/share/mmtkHeap.cpp:444)]
stack at sp + 1 slots: 
[error occurred during error reporting (inspecting top of stack, attempt 2), id 0xe0000000, Internal Error (/mydata/mmtk-openjdk/openjdk/share/mmtkHeap.cpp:444)]
stack at sp + 2 slots: 
[error occurred during error reporting (inspecting top of stack, attempt 3), id 0xe0000000, Internal Error (/mydata/mmtk-openjdk/openjdk/share/mmtkHeap.cpp:444)]

---------------  P R O C E S S  ---------------

Threads class SMR info:
_java_thread_list=0x000065adb40dea20, length=14, elements={
0x0000725b9402b240, 0x0000725b945271f0, 0x0000725b94528a80, 0x0000725b9452a570,
0x0000725b94548da0, 0x0000725b9454a6f0, 0x0000725b9454bfb0, 0x0000725b9454ddf0,
0x0000725b9454f7d0, 0x0000725b94596850, 0x0000725b94599850, 0x000065add4192c90,
0x000065add45e95f0, 0x000065add45ea1e0
}

Java Threads: ( => current thread )
  0x0000725b9402b240 JavaThread "main"                              [_thread_blocked, id=435404, stack(0x0000725b9b900000,0x0000725b9ba00000) (1024K)]
  0x0000725b945271f0 JavaThread "Reference Handler"          daemon [_thread_blocked, id=435409, stack(0x0000725b9a2fc000,0x0000725b9a3fc000) (1024K)]
  0x0000725b94528a80 JavaThread "Finalizer"                  daemon [_thread_blocked, id=435410, stack(0x0000725b99f00000,0x0000725b9a000000) (1024K)]
  0x0000725b9452a570 JavaThread "MMTk Finalizer Thread"      daemon [_thread_blocked, id=435411, stack(0x0000725b99e00000,0x0000725b99f00000) (1024K)]
  0x0000725b94548da0 JavaThread "Signal Dispatcher"          daemon [_thread_blocked, id=435435, stack(0x0000725b985e9000,0x0000725b986e9000) (1024K)]
  0x0000725b9454a6f0 JavaThread "Service Thread"             daemon [_thread_blocked, id=435436, stack(0x0000725b984e9000,0x0000725b985e9000) (1024K)]
  0x0000725b9454bfb0 JavaThread "Monitor Deflation Thread"   daemon [_thread_blocked, id=435437, stack(0x0000725b983e9000,0x0000725b984e9000) (1024K)]
  0x0000725b9454ddf0 JavaThread "C2 CompilerThread0"         daemon [_thread_blocked, id=435438, stack(0x0000725b982e9000,0x0000725b983e9000) (1024K)]
  0x0000725b9454f7d0 JavaThread "C1 CompilerThread0"         daemon [_thread_blocked, id=435439, stack(0x0000725b981e9000,0x0000725b982e9000) (1024K)]
  0x0000725b94596850 JavaThread "Notification Thread"        daemon [_thread_blocked, id=435442, stack(0x0000725b5c5ff000,0x0000725b5c6ff000) (1024K)]
  0x0000725b94599850 JavaThread "Common-Cleaner"             daemon [_thread_blocked, id=435443, stack(0x0000725b5c4ff000,0x0000725b5c5ff000) (1024K)]
  0x000065add4192c90 JavaThread "C2 CompilerThread1"         daemon [_thread_blocked, id=435481, stack(0x0000725b98018000,0x0000725b98118000) (1024K)]
  0x000065add45e95f0 JavaThread "C2 CompilerThread2"         daemon [_thread_blocked, id=435483, stack(0x000065aea4c00000,0x000065aea4d00000) (1024K)]
  0x000065add45ea1e0 JavaThread "C2 CompilerThread3"         daemon [_thread_blocked, id=435484, stack(0x000065aea82fc000,0x000065aea83fc000) (1024K)]
Total: 14

Other Threads:
  0x0000725b9451bf10 VMThread "VM Thread"                           [id=435408, stack(0x0000725b9a3fd000,0x0000725b9a4fd000) (1024K)]
  0x0000725b94509b00 WatcherThread "VM Periodic Task Thread"        [id=435407, stack(0x0000725b9a4fe000,0x0000725b9a5fe000) (1024K)]

=>0x0000725b945468c0 (exited) NamedThread "MMTk Collector Thread"   [id=435433, stack(0x0000725b987eb000,0x0000725b988eb000) (1024K)]
Total: 3

Threads with active compile tasks:
Total: 0

VM state: at safepoint (normal execution)

VM Mutex/Monitor currently owned by a thread:  ([mutex/lock_event])
[0x0000725b9cf580d0] Threads_lock - owner thread: 0x0000725b9451bf10
[0x0000725b9cf57fd0] Heap_lock - owner thread: 0x0000725b943e5480

Heap address: 0x0000000040000000, size: 3072 MB, Compressed Oops mode: 32-bit

CDS archive(s) mapped at: [0x000065ae5f000000-0x000065ae5fca3000-0x000065ae5fca3000), size 13250560, SharedBaseAddress: 0x000065ae5f000000, ArchiveRelocationMode: 1.
Compressed class space mapped at: 0x000065ae60000000-0x000065aea0000000, reserved size: 1073741824
Narrow klass base: 0x000065ae5f000000, Narrow klass shift: 0, Narrow klass range: 0x100000000

GC Precious Log:
<Empty>

Heap:

[error occurred during error reporting (printing heap information), id 0xe0000000, Internal Error (/mydata/mmtk-openjdk/openjdk/share/mmtkHeap.cpp:424)]
Metaspace:

Usage:
  Non-class:      8.72 MB used.
      Class:      1.04 MB used.
       Both:      9.76 MB used.

Virtual space:
  Non-class space:       64.00 MB reserved,       8.94 MB ( 14%) committed,  1 nodes.
      Class space:        1.00 GB reserved,       1.19 MB ( <1%) committed,  1 nodes.
             Both:        1.06 GB reserved,      10.12 MB ( <1%) committed. 

Chunk freelists:
   Non-Class:  6.61 MB
       Class:  14.75 MB
        Both:  21.35 MB

MaxMetaspaceSize: unlimited
CompressedClassSpaceSize: 1.00 GB
Initial GC threshold: 21.00 MB
Current GC threshold: 21.00 MB
CDS: on
 - commit_granule_bytes: 65536.
 - commit_granule_words: 8192.
 - virtual_space_node_default_size: 8388608.
 - enlarge_chunks_in_place: 1.
 - use_allocation_guard: 0.


Internal statistics:

num_allocs_failed_limit: 0.
num_arena_births: 268.
num_arena_deaths: 0.
num_vsnodes_births: 2.
num_vsnodes_deaths: 0.
num_space_committed: 162.
num_space_uncommitted: 0.
num_chunks_returned_to_freelist: 0.
num_chunks_taken_from_freelist: 570.
num_chunk_merges: 0.
num_chunk_splits: 381.
num_chunks_enlarged: 263.
num_inconsistent_stats: 0.

CodeHeap 'non-profiled nmethods': size=118880Kb used=4355Kb max_used=4355Kb free=114524Kb
 bounds [0x0000725b843e8000, 0x0000725b84838000, 0x0000725b8b800000]
CodeHeap 'profiled nmethods': size=118876Kb used=5466Kb max_used=5466Kb free=113409Kb
 bounds [0x0000725b7c800000, 0x0000725b7cd60000, 0x0000725b83c17000]
CodeHeap 'non-nmethods': size=8004Kb used=1244Kb max_used=3501Kb free=6759Kb
 bounds [0x0000725b83c17000, 0x0000725b84007000, 0x0000725b843e8000]
CodeCache: size=245760Kb, used=11065Kb, max_used=13322Kb, free=234692Kb
 total_blobs=3911, nmethods=3380, adapters=435, full_count=0
Compilation: enabled, stopped_count=0, restarted_count=0

Compilation events (20 events):
Event: 30.116 Thread 0x000065add45ea1e0 nmethod 3370 0x0000725b84803e90 code [0x0000725b84804040, 0x0000725b848044c0]
Event: 30.116 Thread 0x000065add45ea1e0 3377   !   4       org.apache.lucene.index.ConcurrentApproximatePriorityQueue::poll (215 bytes)
Event: 30.118 Thread 0x000065add45e95f0 nmethod 3371 0x0000725b84804690 code [0x0000725b84804880, 0x0000725b84805070]
Event: 30.118 Thread 0x000065add45e95f0 3374   !   4       org.apache.lucene.index.DocumentsWriter::updateDocuments (235 bytes)
Event: 30.122 Thread 0x0000725b9454ddf0 nmethod 3378 0x0000725b84805510 code [0x0000725b84805740, 0x0000725b84806040]
Event: 30.122 Thread 0x0000725b9454ddf0 3375       4       org.apache.lucene.index.DocumentsWriter::preUpdate (71 bytes)
Event: 30.123 Thread 0x0000725b9454ddf0 nmethod 3375 0x0000725b84806890 code [0x0000725b84806a40, 0x0000725b84806d28]
Event: 30.123 Thread 0x0000725b9454ddf0 3376   !   4       org.apache.lucene.index.DocumentsWriterFlushControl::obtainAndLock (99 bytes)
Event: 30.130 Thread 0x000065add45ea1e0 nmethod 3377 0x0000725b84806f10 code [0x0000725b84807260, 0x0000725b84808288]
Event: 30.130 Thread 0x000065add45ea1e0 3379       4       org.apache.lucene.index.DocumentsWriterPerThreadPool::marksAsFreeAndUnlock (43 bytes)
Event: 30.138 Thread 0x0000725b9454ddf0 nmethod 3376 0x0000725b84809510 code [0x0000725b848098a0, 0x0000725b8480aae0]
Event: 30.139 Thread 0x000065add45ea1e0 nmethod 3379 0x0000725b8480bc10 code [0x0000725b8480bee0, 0x0000725b8480cab8]
Event: 30.157 Thread 0x000065add45ea1e0 3381   !   4       java.io.BufferedOutputStream::write (62 bytes)
Event: 30.162 Thread 0x000065add45ea1e0 nmethod 3381 0x0000725b8480d710 code [0x0000725b8480d960, 0x0000725b8480e178]
Event: 30.179 Thread 0x000065add45e95f0 nmethod 3374 0x0000725b8480e710 code [0x0000725b8480ef00, 0x0000725b84813650]
Event: 30.187 Thread 0x000065add4192c90 nmethod 3373 0x0000725b84817390 code [0x0000725b84817bc0, 0x0000725b8481c7f8]
Event: 30.415 Thread 0x000065add45ea1e0 3382       4       org.apache.lucene.util.compress.LZ4::compressWithDictionary (378 bytes)
Event: 30.415 Thread 0x000065add45e95f0 3383       4       jdk.internal.misc.Unsafe::getIntUnaligned (12 bytes)
Event: 30.416 Thread 0x000065add45e95f0 nmethod 3383 0x0000725b84820b90 code [0x0000725b84820d00, 0x0000725b84820db8]
Event: 30.526 Thread 0x000065add45ea1e0 nmethod 3382 0x0000725b84820e90 code [0x0000725b84821380, 0x0000725b84825b60]

GC Heap History (0 events):
No events

Dll operation events (8 events):
Event: 0.001 Loaded shared library /mydata/openjdk-mmtk/build/b0test/images/jdk/lib/libjava.so
Event: 2.200 Loaded shared library /mydata/openjdk-mmtk/build/b0test/images/jdk/lib/libjsvml.so
Event: 2.213 Loaded shared library /mydata/openjdk-mmtk/build/b0test/images/jdk/lib/libnio.so
Event: 2.216 Loaded shared library /mydata/openjdk-mmtk/build/b0test/images/jdk/lib/libzip.so
Event: 2.229 Loaded shared library /mydata/openjdk-mmtk/build/b0test/images/jdk/lib/libjimage.so
Event: 2.255 Loaded shared library /mydata/openjdk-mmtk/build/b0test/images/jdk/lib/libnet.so
Event: 16.791 Loaded shared library /mydata/openjdk-mmtk/build/b0test/images/jdk/lib/libmanagement.so
Event: 16.793 Loaded shared library /mydata/openjdk-mmtk/build/b0test/images/jdk/lib/libmanagement_ext.so

Deoptimization events (20 events):
Event: 29.885 Thread 0x0000725b9402b240 DEOPT PACKING pc=0x0000725b7cd54c33 sp=0x0000725b9b9fdf30
Event: 29.885 Thread 0x0000725b9402b240 DEOPT UNPACKING pc=0x0000725b83c6ab2f sp=0x0000725b9b9fd458 mode 0
Event: 29.887 Thread 0x0000725b9402b240 DEOPT PACKING pc=0x0000725b7cd54c33 sp=0x0000725b9b9fdf30
Event: 29.887 Thread 0x0000725b9402b240 DEOPT UNPACKING pc=0x0000725b83c6ab2f sp=0x0000725b9b9fd458 mode 0
Event: 29.888 Thread 0x0000725b9402b240 DEOPT PACKING pc=0x0000725b7cd54c33 sp=0x0000725b9b9fdf30
Event: 29.888 Thread 0x0000725b9402b240 DEOPT UNPACKING pc=0x0000725b83c6ab2f sp=0x0000725b9b9fd458 mode 0
Event: 29.888 Thread 0x0000725b9402b240 DEOPT PACKING pc=0x0000725b7cd54c33 sp=0x0000725b9b9fdf30
Event: 29.888 Thread 0x0000725b9402b240 DEOPT UNPACKING pc=0x0000725b83c6ab2f sp=0x0000725b9b9fd458 mode 0
Event: 29.890 Thread 0x0000725b9402b240 DEOPT PACKING pc=0x0000725b7cd54c33 sp=0x0000725b9b9fdf30
Event: 29.890 Thread 0x0000725b9402b240 DEOPT UNPACKING pc=0x0000725b83c6ab2f sp=0x0000725b9b9fd458 mode 0
Event: 29.890 Thread 0x0000725b9402b240 DEOPT PACKING pc=0x0000725b7cd54c33 sp=0x0000725b9b9fdf30
Event: 29.890 Thread 0x0000725b9402b240 DEOPT UNPACKING pc=0x0000725b83c6ab2f sp=0x0000725b9b9fd458 mode 0
Event: 29.890 Thread 0x0000725b9402b240 DEOPT PACKING pc=0x0000725b7cd54c33 sp=0x0000725b9b9fdf30
Event: 29.890 Thread 0x0000725b9402b240 DEOPT UNPACKING pc=0x0000725b83c6ab2f sp=0x0000725b9b9fd458 mode 0
Event: 29.892 Thread 0x0000725b9402b240 DEOPT PACKING pc=0x0000725b7cd54c33 sp=0x0000725b9b9fdf30
Event: 29.892 Thread 0x0000725b9402b240 DEOPT UNPACKING pc=0x0000725b83c6ab2f sp=0x0000725b9b9fd458 mode 0
Event: 30.415 Thread 0x0000725b9402b240 DEOPT PACKING pc=0x0000725b7cd37f4f sp=0x0000725b9b9fdb30
Event: 30.415 Thread 0x0000725b9402b240 DEOPT UNPACKING pc=0x0000725b83c6ab2f sp=0x0000725b9b9fd068 mode 0
Event: 30.416 Thread 0x0000725b9402b240 DEOPT PACKING pc=0x0000725b7cd37f4f sp=0x0000725b9b9fdb30
Event: 30.416 Thread 0x0000725b9402b240 DEOPT UNPACKING pc=0x0000725b83c6ab2f sp=0x0000725b9b9fd068 mode 0

Classes loaded (20 events):
Event: 28.923 Loading class java/util/function/BooleanSupplier
Event: 28.923 Loading class java/util/function/BooleanSupplier done
Event: 28.924 Loading class java/lang/invoke/MethodHandle$1
Event: 28.924 Loading class java/lang/invoke/MethodHandle$1 done
Event: 28.954 Loading class java/nio/file/StandardCopyOption
Event: 28.954 Loading class java/nio/file/StandardCopyOption done
Event: 28.954 Loading class sun/nio/fs/UnixFileSystem$Flags
Event: 28.954 Loading class sun/nio/fs/UnixFileSystem$Flags done
Event: 28.956 Loading class java/util/ArrayDeque$DeqSpliterator
Event: 28.956 Loading class java/util/ArrayDeque$DeqSpliterator done
Event: 28.957 Loading class java/io/FileOutputStream$1
Event: 28.957 Loading class java/io/FileOutputStream$1 done
Event: 28.958 Loading class java/security/NoSuchAlgorithmException
Event: 28.958 Loading class java/security/GeneralSecurityException
Event: 28.958 Loading class java/security/GeneralSecurityException done
Event: 28.958 Loading class java/security/NoSuchAlgorithmException done
Event: 28.958 Loading class sun/security/provider/SHA
Event: 28.958 Loading class sun/security/provider/SHA done
Event: 28.959 Loading class sun/security/provider/ByteArrayAccess$BE
Event: 28.959 Loading class sun/security/provider/ByteArrayAccess$BE done

Classes unloaded (0 events):
No events

Classes redefined (0 events):
No events

Internal exceptions (20 events):
Event: 18.978 Thread 0x0000725b9402b240 Exception <a 'java/lang/NoSuchMethodError'{0x0000000040e9ea48}: 'void java.lang.invoke.DirectMethodHandle$Holder.invokeStatic(java.lang.Object, java.lang.Object, java.lang.Object, java.lang.Object)'> (0x0000000040e9ea48) 
thrown [src/hotspot/share/interpreter/linkResolver.cpp, line 772]
Event: 20.364 Thread 0x0000725b9402b240 Exception <a 'java/lang/NoSuchMethodError'{0x000000004ffecec0}: 'void java.lang.invoke.DirectMethodHandle$Holder.invokeInterface(java.lang.Object, java.lang.Object, java.lang.Object)'> (0x000000004ffecec0) 
thrown [src/hotspot/share/interpreter/linkResolver.cpp, line 772]
Event: 20.376 Thread 0x0000725b9402b240 Implicit null exception at 0x0000725b845087ba to 0x0000725b84508a58
Event: 20.380 Thread 0x0000725b9402b240 Implicit null exception at 0x0000725b844a421d to 0x0000725b844a58b0
Event: 23.367 Thread 0x0000725b9402b240 Implicit null exception at 0x0000725b84514c06 to 0x0000725b84514e4c
Event: 23.367 Thread 0x0000725b9402b240 Implicit null exception at 0x0000725b845d246d to 0x0000725b845d7d58
Event: 26.202 Thread 0x0000725b943b2fd0 Implicit null exception at 0x0000725b84413deb to 0x0000725b84413e90
Event: 26.219 Thread 0x0000725b943b2fd0 Implicit null exception at 0x0000725b8442213f to 0x0000725b84422418
Event: 26.261 Thread 0x0000725b943b2fd0 Implicit null exception at 0x0000725b846b822b to 0x0000725b846b8af8
Event: 28.896 Thread 0x0000725b943b2fd0 Implicit null exception at 0x0000725b84790e49 to 0x0000725b84793220
Event: 28.896 Thread 0x0000725b943b2fd0 Implicit null exception at 0x0000725b846ded42 to 0x0000725b846e05f0
Event: 28.896 Thread 0x0000725b943b2fd0 Implicit null exception at 0x0000725b846e20db to 0x0000725b846e2c98
Event: 28.896 Thread 0x0000725b943b2fd0 Implicit null exception at 0x0000725b846d0754 to 0x0000725b846d0bcc
Event: 28.900 Thread 0x0000725b943b2fd0 Implicit null exception at 0x0000725b846be862 to 0x0000725b846be9b4
Event: 28.909 Thread 0x0000725b943b2fd0 Implicit null exception at 0x0000725b847c922d to 0x0000725b847c9cf8
Event: 28.921 Thread 0x0000725b943b2fd0 Exception <a 'java/lang/NoSuchMethodError'{0x000000005517f8f0}: 'java.lang.Object java.lang.invoke.DirectMethodHandle$Holder.newInvokeSpecial(java.lang.Object, java.lang.Object, java.lang.Object, int)'> (0x000000005517f8f0) 
thrown [src/hotspot/share/interpreter/linkResolver.cpp, line 772]
Event: 28.921 Thread 0x0000725b943b2fd0 Exception <a 'java/lang/NoSuchMethodError'{0x0000000055173440}: 'java.lang.Object java.lang.invoke.DirectMethodHandle$Holder.invokeSpecial(java.lang.Object, java.lang.Object, java.lang.Object, java.lang.Object, int)'> (0x0000000055173440) 
thrown [src/hotspot/share/interpreter/linkResolver.cpp, line 772]
Event: 28.921 Thread 0x0000725b943b2fd0 Exception <a 'java/lang/NoSuchMethodError'{0x0000000055176af8}: 'java.lang.Object java.lang.invoke.Invokers$Holder.linkToTargetMethod(java.lang.Object, java.lang.Object, int, java.lang.Object)'> (0x0000000055176af8) 
thrown [src/hotspot/share/interpreter/linkResolver.cpp, line 772]
Event: 28.922 Thread 0x0000725b943b2fd0 Exception <a 'java/lang/NoSuchMethodError'{0x000000005516ecc0}: 'java.lang.Object java.lang.invoke.DirectMethodHandle$Holder.invokeInterface(java.lang.Object, java.lang.Object)'> (0x000000005516ecc0) 
thrown [src/hotspot/share/interpreter/linkResolver.cpp, line 772]
Event: 28.979 Thread 0x0000725b9402b240 Exception <a 'sun/nio/fs/UnixException'{0x00000000550f2d28}> (0x00000000550f2d28) 
thrown [src/hotspot/share/prims/jni.cpp, line 520]

ZGC Phase Switch (0 events):
No events

VM Operations (20 events):
Event: 28.705 Executing VM operation: ThirdPartyHeapOperation done
Event: 28.918 Executing VM operation: HandshakeAllThreads (CloseScopedMemory)
Event: 28.918 Executing VM operation: HandshakeAllThreads (CloseScopedMemory) done
Event: 28.924 Executing VM operation: HandshakeAllThreads (CloseScopedMemory)
Event: 28.924 Executing VM operation: HandshakeAllThreads (CloseScopedMemory) done
Event: 28.925 Executing VM operation: HandshakeAllThreads (CloseScopedMemory)
Event: 28.925 Executing VM operation: HandshakeAllThreads (CloseScopedMemory) done
Event: 28.926 Executing VM operation: HandshakeAllThreads (CloseScopedMemory)
Event: 28.926 Executing VM operation: HandshakeAllThreads (CloseScopedMemory) done
Event: 28.958 Executing VM operation: HandshakeAllThreads (Deoptimize)
Event: 28.958 Executing VM operation: HandshakeAllThreads (Deoptimize) done
Event: 28.960 Executing VM operation: HandshakeAllThreads (Deoptimize)
Event: 28.960 Executing VM operation: HandshakeAllThreads (Deoptimize) done
Event: 28.965 Executing VM operation: ThirdPartyHeapOperation
Event: 28.979 Executing VM operation: ThirdPartyHeapOperation done
Event: 28.982 Executing VM operation: ThirdPartyHeapOperation
Event: 29.846 Executing VM operation: ThirdPartyHeapOperation done
Event: 30.583 Executing VM operation: ThirdPartyHeapOperation
Event: 30.600 Executing VM operation: ThirdPartyHeapOperation done
Event: 30.604 Executing VM operation: ThirdPartyHeapOperation

Memory protections (20 events):
Event: 20.355 Protecting memory [0x000065aea4e00000,0x000065aea4e04000] with protection modes 0
Event: 20.370 Protecting memory [0x0000725b5c6ff000,0x0000725b5c703000] with protection modes 0
Event: 23.279 Protecting memory [0x0000725b98018000,0x0000725b9801c000] with protection modes 0
Event: 23.371 Protecting memory [0x000065aea5100000,0x000065aea5104000] with protection modes 0
Event: 23.374 Protecting memory [0x000065aea4c00000,0x000065aea4c04000] with protection modes 0
Event: 23.379 Protecting memory [0x000065aea82fc000,0x000065aea8300000] with protection modes 0
Event: 26.168 Protecting memory [0x0000725b98018000,0x0000725b9801c000] with protection modes 0
Event: 26.196 Protecting memory [0x000065aea5100000,0x000065aea5104000] with protection modes 0
Event: 26.227 Protecting memory [0x000065aea4c00000,0x000065aea4c04000] with protection modes 0
Event: 26.227 Protecting memory [0x000065aea82fc000,0x000065aea8300000] with protection modes 0
Event: 26.227 Protecting memory [0x000065aea5000000,0x000065aea5004000] with protection modes 0
Event: 26.248 Protecting memory [0x000065aea4f00000,0x000065aea4f04000] with protection modes 0
Event: 26.250 Protecting memory [0x000065aea4e00000,0x000065aea4e04000] with protection modes 0
Event: 26.250 Protecting memory [0x0000725b5c6ff000,0x0000725b5c703000] with protection modes 0
Event: 26.257 Protecting memory [0x000065aea4d00000,0x000065aea4d04000] with protection modes 0
Event: 26.264 Protecting memory [0x000065aea4b00000,0x000065aea4b04000] with protection modes 0
Event: 26.274 Protecting memory [0x000065aea4a00000,0x000065aea4a04000] with protection modes 0
Event: 26.281 Protecting memory [0x000065aea4100000,0x000065aea4104000] with protection modes 0
Event: 26.281 Protecting memory [0x000065aea4000000,0x000065aea4004000] with protection modes 0
Event: 28.923 Protecting memory [0x000065aea4100000,0x000065aea4104000] with protection modes 0

Nmethod flushes (0 events):
No events

Events (20 events):
Event: 26.248 Thread 0x0000725b9454f7d0 Thread added: 0x000065add83141f0
Event: 26.250 Thread 0x000065add83141f0 Thread added: 0x000065adb8180240
Event: 26.250 Thread 0x000065add83141f0 Thread added: 0x000065adb8180d50
Event: 26.257 Thread 0x000065adb8180240 Thread added: 0x000065adac140590
Event: 26.264 Thread 0x000065adb8180240 Thread added: 0x000065adac141800
Event: 26.274 Thread 0x000065add40b4430 Thread added: 0x000065adb40ddea0
Event: 26.281 Thread 0x0000725b9454f7d0 Thread added: 0x000065add8317830
Event: 26.281 Thread 0x0000725b9454f7d0 Thread added: 0x000065add8368c20
Event: 27.385 Thread 0x000065adb8180d50 Thread exited: 0x000065adb8180d50
Event: 27.385 Thread 0x000065add8368c20 Thread exited: 0x000065add8368c20
Event: 27.393 Thread 0x000065adb8180240 Thread exited: 0x000065adb8180240
Event: 27.398 Thread 0x000065add83141f0 Thread exited: 0x000065add83141f0
Event: 27.501 Thread 0x000065add8317830 Thread exited: 0x000065add8317830
Event: 28.923 Thread 0x000065add45ea1e0 Thread added: 0x000065adbc14c180
Event: 28.929 Thread 0x0000725b943b2fd0 Thread exited: 0x0000725b943b2fd0
Event: 29.846 Thread 0x000065adb40ddea0 Thread exited: 0x000065adb40ddea0
Event: 29.846 Thread 0x000065adac141800 Thread exited: 0x000065adac141800
Event: 29.846 Thread 0x000065adbc14c180 Thread exited: 0x000065adbc14c180
Event: 29.846 Thread 0x000065adac140590 Thread exited: 0x000065adac140590
Event: 29.847 Thread 0x000065add40b4430 Thread exited: 0x000065add40b4430


Dynamic libraries:
40000000-40400000 rw-p 00000000 00:00 0                                  [anon:mmtk:space:immix]
40400000-40800000 rw-p 00000000 00:00 0                                  [anon:mmtk:space:los]
40800000-41400000 rw-p 00000000 00:00 0                                  [anon:mmtk:space:immix]
41400000-43c00000 rw-p 00000000 00:00 0                                  [anon:mmtk:space:los]
43c00000-44000000 rw-p 00000000 00:00 0                                  [anon:mmtk:space:immix]
44000000-45c00000 rw-p 00000000 00:00 0                                  [anon:mmtk:space:los]
45c00000-46000000 rw-p 00000000 00:00 0                                  [anon:mmtk:space:immix]
46000000-47800000 rw-p 00000000 00:00 0                                  [anon:mmtk:space:los]
47800000-47c00000 rw-p 00000000 00:00 0                                  [anon:mmtk:space:immix]
47c00000-49000000 rw-p 00000000 00:00 0                                  [anon:mmtk:space:los]
49000000-49400000 rw-p 00000000 00:00 0                                  [anon:mmtk:space:immix]
49400000-4a000000 rw-p 00000000 00:00 0                                  [anon:mmtk:space:los]
4a000000-4a400000 rw-p 00000000 00:00 0                                  [anon:mmtk:space:immix]
4a400000-4c400000 rw-p 00000000 00:00 0                                  [anon:mmtk:space:los]
4c400000-4c800000 rw-p 00000000 00:00 0                                  [anon:mmtk:space:immix]
4c800000-4e000000 rw-p 00000000 00:00 0                                  [anon:mmtk:space:los]
4e000000-4e400000 rw-p 00000000 00:00 0                                  [anon:mmtk:space:immix]
4e400000-4f400000 rw-p 00000000 00:00 0                                  [anon:mmtk:space:los]
4f400000-4f800000 rw-p 00000000 00:00 0                                  [anon:mmtk:space:immix]
4f800000-50000000 rw-p 00000000 00:00 0                                  [anon:mmtk:space:los]
50000000-50c00000 rw-p 00000000 00:00 0                                  [anon:mmtk:space:los]
50c00000-51000000 rw-p 00000000 00:00 0                                  [anon:mmtk:space:immix]
51000000-51c00000 rw-p 00000000 00:00 0                                  [anon:mmtk:space:los]
51c00000-52400000 rw-p 00000000 00:00 0                                  [anon:mmtk:space:los]
52400000-53800000 rw-p 00000000 00:00 0                                  [anon:mmtk:space:los]
53800000-54000000 rw-p 00000000 00:00 0                                  [anon:mmtk:space:los]
54000000-54800000 rw-p 00000000 00:00 0                                  [anon:mmtk:space:los]
54800000-55400000 rw-p 00000000 00:00 0                                  [anon:mmtk:space:immix]
55400000-56000000 rw-p 00000000 00:00 0                                  [anon:mmtk:space:immix]
56000000-56800000 rw-p 00000000 00:00 0                                  [anon:mmtk:space:los]
200000000000-2000c00c0000 rw-s 00000000 00:10 68                         anon_inode:bpf-map
60b819c92000-60b819c93000 r--p 00000000 fc:00 49676352                   /mydata/openjdk-mmtk/build/b0test/images/jdk/bin/java
60b819c93000-60b819c94000 r-xp 00001000 fc:00 49676352                   /mydata/openjdk-mmtk/build/b0test/images/jdk/bin/java
60b819c94000-60b819c95000 r--p 00002000 fc:00 49676352                   /mydata/openjdk-mmtk/build/b0test/images/jdk/bin/java
60b819c95000-60b819c96000 r--p 00002000 fc:00 49676352                   /mydata/openjdk-mmtk/build/b0test/images/jdk/bin/java
60b819c96000-60b819c97000 rw-p 00003000 fc:00 49676352                   /mydata/openjdk-mmtk/build/b0test/images/jdk/bin/java
60b848e23000-60b848e6b000 rw-p 00000000 00:00 0                          [heap]
65ad94000000-65ad947e9000 rw-p 00000000 00:00 0 
65ad947e9000-65ad98000000 ---p 00000000 00:00 0 
65ad9c000000-65ad9cd12000 rw-p 00000000 00:00 0 
65ad9cd12000-65ada0000000 ---p 00000000 00:00 0 
65ada0000000-65ada0c40000 rw-p 00000000 00:00 0 
65ada0c40000-65ada4000000 ---p 00000000 00:00 0 
65ada4000000-65ada51d9000 rw-p 00000000 00:00 0 
65ada51d9000-65ada8000000 ---p 00000000 00:00 0 
65ada8000000-65ada8a73000 rw-p 00000000 00:00 0 
65ada8a73000-65adac000000 ---p 00000000 00:00 0 
65adac000000-65adac747000 rw-p 00000000 00:00 0 
65adac747000-65adb0000000 ---p 00000000 00:00 0 
65adb0000000-65adb11de000 rw-p 00000000 00:00 0 
65adb11de000-65adb4000000 ---p 00000000 00:00 0 
65adb4000000-65adb4b5d000 rw-p 00000000 00:00 0 
65adb4b5d000-65adb8000000 ---p 00000000 00:00 0 
65adb8000000-65adb8e98000 rw-p 00000000 00:00 0 
65adb8e98000-65adbc000000 ---p 00000000 00:00 0 
65adbc000000-65adbcf34000 rw-p 00000000 00:00 0 
65adbcf34000-65adc0000000 ---p 00000000 00:00 0 
65adc0000000-65adc100c000 rw-p 00000000 00:00 0 
65adc100c000-65adc4000000 ---p 00000000 00:00 0 
65adc4000000-65adc4021000 rw-p 00000000 00:00 0 
65adc4021000-65adc8000000 ---p 00000000 00:00 0 
65adc8000000-65adc8021000 rw-p 00000000 00:00 0 
65adc8021000-65adcc000000 ---p 00000000 00:00 0 
65adcc000000-65adcda31000 rw-p 00000000 00:00 0 
65adcda31000-65add0000000 ---p 00000000 00:00 0 
65add0000000-65add0559000 rw-p 00000000 00:00 0 
65add0559000-65add4000000 ---p 00000000 00:00 0 
65add4000000-65add5b03000 rw-p 00000000 00:00 0 
65add5b03000-65add8000000 ---p 00000000 00:00 0 
65add8000000-65add839d000 rw-p 00000000 00:00 0 
65add839d000-65addc000000 ---p 00000000 00:00 0 
65addc000000-65addc021000 rw-p 00000000 00:00 0 
65addc021000-65ade0000000 ---p 00000000 00:00 0 
65ade0000000-65ade0021000 rw-p 00000000 00:00 0 
65ade0021000-65ade4000000 ---p 00000000 00:00 0 
65ade4000000-65ade403a000 rw-p 00000000 00:00 0 
65ade403a000-65ade8000000 ---p 00000000 00:00 0 
65ade8000000-65ade8021000 rw-p 00000000 00:00 0 
65ade8021000-65adec000000 ---p 00000000 00:00 0 
65adec000000-65adec06a000 rw-p 00000000 00:00 0 
65adec06a000-65adf0000000 ---p 00000000 00:00 0 
65adf0000000-65adf00ee000 rw-p 00000000 00:00 0 
65adf00ee000-65adf4000000 ---p 00000000 00:00 0 
65adf4000000-65adf402a000 rw-p 00000000 00:00 0 
65adf402a000-65adf8000000 ---p 00000000 00:00 0 
65adf8000000-65adf8022000 rw-p 00000000 00:00 0 
65adf8022000-65adfc000000 ---p 00000000 00:00 0 
65adfc000000-65adfc14b000 rw-p 00000000 00:00 0 
65adfc14b000-65ae00000000 ---p 00000000 00:00 0 
65ae00000000-65ae00053000 rw-p 00000000 00:00 0 
65ae00053000-65ae04000000 ---p 00000000 00:00 0 
65ae04000000-65ae04023000 rw-p 00000000 00:00 0 
65ae04023000-65ae08000000 ---p 00000000 00:00 0 
65ae08000000-65ae0802c000 rw-p 00000000 00:00 0 
65ae0802c000-65ae0c000000 ---p 00000000 00:00 0 
65ae0c000000-65ae0c0f2000 rw-p 00000000 00:00 0 
65ae0c0f2000-65ae10000000 ---p 00000000 00:00 0 
65ae10000000-65ae1006b000 rw-p 00000000 00:00 0 
65ae1006b000-65ae14000000 ---p 00000000 00:00 0 
65ae14000000-65ae1415b000 rw-p 00000000 00:00 0 
65ae1415b000-65ae18000000 ---p 00000000 00:00 0 
65ae18000000-65ae1802a000 rw-p 00000000 00:00 0 
65ae1802a000-65ae1c000000 ---p 00000000 00:00 0 
65ae1c000000-65ae1c023000 rw-p 00000000 00:00 0 
65ae1c023000-65ae20000000 ---p 00000000 00:00 0 
65ae20000000-65ae20022000 rw-p 00000000 00:00 0 
65ae20022000-65ae24000000 ---p 00000000 00:00 0 
65ae24000000-65ae24023000 rw-p 00000000 00:00 0 
65ae24023000-65ae28000000 ---p 00000000 00:00 0 
65ae28000000-65ae28045000 rw-p 00000000 00:00 0 
65ae28045000-65ae2c000000 ---p 00000000 00:00 0 
65ae2c000000-65ae2c02b000 rw-p 00000000 00:00 0 
65ae2c02b000-65ae30000000 ---p 00000000 00:00 0 
65ae30000000-65ae30043000 rw-p 00000000 00:00 0 
65ae30043000-65ae34000000 ---p 00000000 00:00 0 
65ae34000000-65ae3415a000 rw-p 00000000 00:00 0 
65ae3415a000-65ae38000000 ---p 00000000 00:00 0 
65ae38000000-65ae3807c000 rw-p 00000000 00:00 0 
65ae3807c000-65ae3c000000 ---p 00000000 00:00 0 
65ae3c000000-65ae3c03b000 rw-p 00000000 00:00 0 
65ae3c03b000-65ae40000000 ---p 00000000 00:00 0 
65ae40000000-65ae40026000 rw-p 00000000 00:00 0 
65ae40026000-65ae44000000 ---p 00000000 00:00 0 
65ae44000000-65ae44021000 rw-p 00000000 00:00 0 
65ae44021000-65ae48000000 ---p 00000000 00:00 0 
65ae48000000-65ae48021000 rw-p 00000000 00:00 0 
65ae48021000-65ae4c000000 ---p 00000000 00:00 0 
65ae4c000000-65ae4c021000 rw-p 00000000 00:00 0 
65ae4c021000-65ae50000000 ---p 00000000 00:00 0 
65ae50000000-65ae50021000 rw-p 00000000 00:00 0 
65ae50021000-65ae54000000 ---p 00000000 00:00 0 
65ae54000000-65ae54380000 rw-p 00000000 00:00 0 
65ae54380000-65ae54400000 ---p 00000000 00:00 0 
65ae54400000-65ae54970000 rw-p 00000000 00:00 0 
65ae54970000-65ae58000000 ---p 00000000 00:00 0 
65ae58000000-65ae58021000 rw-p 00000000 00:00 0 
65ae58021000-65ae5c000000 ---p 00000000 00:00 0 
65ae5f000000-65ae5fca3000 rw-p 00001000 fc:00 49677059                   /mydata/openjdk-mmtk/build/b0test/images/jdk/lib/server/classes.jsa
65ae5fca3000-65ae60000000 ---p 00000000 00:00 0 
65ae60000000-65ae60040000 rw-p 00000000 00:00 0 
65ae60040000-65ae600c0000 rw-p 00000000 00:00 0 
65ae600c0000-65ae600e0000 rw-p 00000000 00:00 0 
65ae600e0000-65ae60100000 ---p 00000000 00:00 0 
65ae60100000-65ae60150000 rw-p 00000000 00:00 0 
65ae60150000-65aea0000000 ---p 00000000 00:00 0 
65aea0000000-65aea0021000 rw-p 00000000 00:00 0 
65aea0021000-65aea4000000 ---p 00000000 00:00 0 
65aea4000000-65aea4004000 ---p 00000000 00:00 0 
65aea4004000-65aea4100000 rw-p 00000000 00:00 0 
65aea4100000-65aea4104000 ---p 00000000 00:00 0 
65aea4104000-65aea4200000 rw-p 00000000 00:00 0 
65aea4a00000-65aea4a04000 ---p 00000000 00:00 0 
65aea4a04000-65aea4b00000 rw-p 00000000 00:00 0 
65aea4b00000-65aea4b04000 ---p 00000000 00:00 0 
65aea4b04000-65aea4c00000 rw-p 00000000 00:00 0 
65aea4c00000-65aea4c04000 ---p 00000000 00:00 0 
65aea4c04000-65aea4d00000 rw-p 00000000 00:00 0 
65aea4d00000-65aea4d04000 ---p 00000000 00:00 0 
65aea4d04000-65aea4e00000 rw-p 00000000 00:00 0 
65aea4e00000-65aea4e04000 ---p 00000000 00:00 0 
65aea4e04000-65aea4f00000 rw-p 00000000 00:00 0 
65aea4f00000-65aea4f04000 ---p 00000000 00:00 0 
65aea4f04000-65aea5000000 rw-p 00000000 00:00 0 
65aea5000000-65aea5004000 ---p 00000000 00:00 0 
65aea5004000-65aea5100000 rw-p 00000000 00:00 0 
65aea5100000-65aea5104000 ---p 00000000 00:00 0 
65aea5104000-65aea5200000 rw-p 00000000 00:00 0 
65aea5200000-65aea8200000 rw-p 00000000 00:00 0 
65aea82fc000-65aea8300000 ---p 00000000 00:00 0 
65aea8300000-65aea83fc000 rw-p 00000000 00:00 0 
65aea83fc000-65aed8400000 rw-p 00000000 00:00 0 
65aed8400000-65aed9400000 ---p 00000000 00:00 0                          [anon:mmtk:sidemeta:all:all-quarantined]
65aed9400000-65aed9800000 rw-p 00000000 00:00 0                          [anon:mmtk:sidemeta:immix:VO_BIT]
65aed9800000-65aed9c00000 rw-p 00000000 00:00 0                          [anon:mmtk:sidemeta:los:VO_BIT]
65aed9c00000-67aeda400000 ---p 00000000 00:00 0                          [anon:mmtk:sidemeta:all:all-quarantined]
67aeda400000-67aeda800000 rw-p 00000000 00:00 0                          [anon:mmtk:sidemeta:immix:CHUNK_MARK]
67aeda800000-67aedd400000 ---p 00000000 00:00 0                          [anon:mmtk:sidemeta:all:all-quarantined]
67aedd400000-67aedd800000 rw-p 00000000 00:00 0                          [anon:mmtk:sidemeta:immix:VMGlobalLogBitSpec]
67aedd800000-67aeddc00000 rw-p 00000000 00:00 0                          [anon:mmtk:sidemeta:los:VMGlobalLogBitSpec]
67aeddc00000-69b6dc800000 ---p 00000000 00:00 0                          [anon:mmtk:sidemeta:all:all-quarantined]
69b6dc800000-69b6dcc00000 rw-p 00000000 00:00 0                          [anon:mmtk:sidemeta:immix:IX_LINE_MARK]
69b6dcc00000-6a36dc400000 ---p 00000000 00:00 0                          [anon:mmtk:sidemeta:all:all-quarantined]
6a36dc400000-6a36dc800000 rw-p 00000000 00:00 0                          [anon:mmtk:sidemeta:immix:IX_BLOCK_DEFRAG]
6a36dc800000-6a37dc400000 ---p 00000000 00:00 0                          [anon:mmtk:sidemeta:all:all-quarantined]
6a37dc400000-6a37dc800000 rw-p 00000000 00:00 0                          [anon:mmtk:sidemeta:immix:IX_BLOCK_MARK]
6a37dc800000-70595c400000 ---p 00000000 00:00 0                          [anon:mmtk:sidemeta:all:all-quarantined]
70595c400000-70595c800000 rw-p 00000000 00:00 0                          [anon:mmtk:sidemeta:los:VMLocalLOSMarkNurserySpec]
70595c800000-705b5d400000 ---p 00000000 00:00 0                          [anon:mmtk:sidemeta:all:all-quarantined]
705b5d400000-705b5dc00000 rw-p 00000000 00:00 0                          [anon:mmtk:sidemeta:immix:VMLocalMarkBitSpec]
705b5dc00000-725b5c400000 ---p 00000000 00:00 0                          [anon:mmtk:sidemeta:all:all-quarantined]
725b5c4ff000-725b5c503000 ---p 00000000 00:00 0 
725b5c503000-725b5c5ff000 rw-p 00000000 00:00 0 
725b5c5ff000-725b5c603000 ---p 00000000 00:00 0 
725b5c603000-725b5c6ff000 rw-p 00000000 00:00 0 
725b5c6ff000-725b5c703000 ---p 00000000 00:00 0 
725b5c703000-725b5c7ff000 rw-p 00000000 00:00 0 
725b5c7ff000-725b7c800000 rw-p 00000000 00:00 0 
725b7c800000-725b7cd60000 rwxp 00000000 00:00 0 
725b7cd60000-725b83c17000 ---p 00000000 00:00 0 
725b83c17000-725b84007000 rwxp 00000000 00:00 0 
725b84007000-725b843e8000 ---p 00000000 00:00 0 
725b843e8000-725b84838000 rwxp 00000000 00:00 0 
725b84838000-725b8b800000 ---p 00000000 00:00 0 
725b8b800000-725b93fa0000 r--s 00000000 fc:00 49676300                   /mydata/openjdk-mmtk/build/b0test/images/jdk/lib/modules
725b94000000-725b94935000 rw-p 00000000 00:00 0 
725b94935000-725b98000000 ---p 00000000 00:00 0 
725b98018000-725b9801c000 ---p 00000000 00:00 0 
725b9801c000-725b98118000 rw-p 00000000 00:00 0 
725b98118000-725b9811d000 r--p 00000000 fc:00 49676433                   /mydata/openjdk-mmtk/build/b0test/images/jdk/lib/libjsvml.so
725b9811d000-725b9815e000 r-xp 00005000 fc:00 49676433                   /mydata/openjdk-mmtk/build/b0test/images/jdk/lib/libjsvml.so
725b9815e000-725b981e7000 r--p 00046000 fc:00 49676433                   /mydata/openjdk-mmtk/build/b0test/images/jdk/lib/libjsvml.so
725b981e7000-725b981e8000 r--p 000ce000 fc:00 49676433                   /mydata/openjdk-mmtk/build/b0test/images/jdk/lib/libjsvml.so
725b981e8000-725b981e9000 rw-p 000cf000 fc:00 49676433                   /mydata/openjdk-mmtk/build/b0test/images/jdk/lib/libjsvml.so
725b981e9000-725b981ed000 ---p 00000000 00:00 0 
725b981ed000-725b982e9000 rw-p 00000000 00:00 0 
725b982e9000-725b982ed000 ---p 00000000 00:00 0 
725b982ed000-725b983e9000 rw-p 00000000 00:00 0 
725b983e9000-725b983ed000 ---p 00000000 00:00 0 
725b983ed000-725b984e9000 rw-p 00000000 00:00 0 
725b984e9000-725b984ed000 ---p 00000000 00:00 0 
725b984ed000-725b985e9000 rw-p 00000000 00:00 0 
725b985e9000-725b985ed000 ---p 00000000 00:00 0 
725b985ed000-725b986e9000 rw-p 00000000 00:00 0 
725b986e9000-725b986ea000 ---p 00000000 00:00 0 
725b986ea000-725b987ea000 rw-p 00000000 00:00 0 
725b987ea000-725b987eb000 ---p 00000000 00:00 0 
725b987eb000-725b988eb000 rw-p 00000000 00:00 0 
725b988eb000-725b988ec000 ---p 00000000 00:00 0 
725b988ec000-725b989ec000 rw-p 00000000 00:00 0 
725b989ec000-725b989ed000 ---p 00000000 00:00 0 
725b989ed000-725b98aed000 rw-p 00000000 00:00 0 
725b98aed000-725b98aee000 ---p 00000000 00:00 0 
725b98aee000-725b98bee000 rw-p 00000000 00:00 0 
725b98bee000-725b98bef000 ---p 00000000 00:00 0 
725b98bef000-725b98cef000 rw-p 00000000 00:00 0 
725b98cef000-725b98cf0000 ---p 00000000 00:00 0 
725b98cf0000-725b98df0000 rw-p 00000000 00:00 0 
725b98df0000-725b98df1000 ---p 00000000 00:00 0 
725b98df1000-725b98ef1000 rw-p 00000000 00:00 0 
725b98ef1000-725b98ef2000 ---p 00000000 00:00 0 
725b98ef2000-725b98ff2000 rw-p 00000000 00:00 0 
725b98ff2000-725b98ff3000 ---p 00000000 00:00 0 
725b98ff3000-725b990f3000 rw-p 00000000 00:00 0 
725b990f3000-725b990f4000 ---p 00000000 00:00 0 
725b990f4000-725b991f4000 rw-p 00000000 00:00 0 
725b991f4000-725b991f5000 ---p 00000000 00:00 0 
725b991f5000-725b992f5000 rw-p 00000000 00:00 0 
725b992f5000-725b992f6000 ---p 00000000 00:00 0 
725b992f6000-725b993f6000 rw-p 00000000 00:00 0 
725b993f6000-725b993f7000 ---p 00000000 00:00 0 
725b993f7000-725b994f7000 rw-p 00000000 00:00 0 
725b994f7000-725b994f8000 ---p 00000000 00:00 0 
725b994f8000-725b995f8000 rw-p 00000000 00:00 0 
725b995f8000-725b995f9000 ---p 00000000 00:00 0 
725b995f9000-725b996f9000 rw-p 00000000 00:00 0 
725b996f9000-725b996fa000 ---p 00000000 00:00 0 
725b996fa000-725b997fa000 rw-p 00000000 00:00 0 
725b997fa000-725b997fb000 ---p 00000000 00:00 0 
725b997fb000-725b998fb000 rw-p 00000000 00:00 0 
725b998fb000-725b998fc000 ---p 00000000 00:00 0 
725b998fc000-725b999fc000 rw-p 00000000 00:00 0 
725b999fc000-725b999fd000 ---p 00000000 00:00 0 
725b999fd000-725b99afd000 rw-p 00000000 00:00 0 
725b99afd000-725b99afe000 ---p 00000000 00:00 0 
725b99afe000-725b99bfe000 rw-p 00000000 00:00 0 
725b99bfe000-725b99bff000 ---p 00000000 00:00 0 
725b99bff000-725b99cff000 rw-p 00000000 00:00 0 
725b99cff000-725b99d00000 ---p 00000000 00:00 0 
725b99d00000-725b99e00000 rw-p 00000000 00:00 0 
725b99e00000-725b99e04000 ---p 00000000 00:00 0 
725b99e04000-725b99f00000 rw-p 00000000 00:00 0 
725b99f00000-725b99f04000 ---p 00000000 00:00 0 
725b99f04000-725b9a000000 rw-p 00000000 00:00 0 
725b9a000000-725b9a2eb000 r--p 00000000 08:03 1410552                    /usr/lib/locale/locale-archive
725b9a2fc000-725b9a300000 ---p 00000000 00:00 0 
725b9a300000-725b9a3fc000 rw-p 00000000 00:00 0 
725b9a3fc000-725b9a3fd000 ---p 00000000 00:00 0 
725b9a3fd000-725b9a4fd000 rw-p 00000000 00:00 0 
725b9a4fd000-725b9a4fe000 ---p 00000000 00:00 0 
725b9a4fe000-725b9a5fe000 rw-p 00000000 00:00 0 
725b9a5fe000-725b9abff000 rw-p 00000000 00:00 0 
725b9abff000-725b9ac00000 ---p 00000000 00:00 0 
725b9ac00000-725b9ae00000 rw-p 00000000 00:00 0 
725b9ae00000-725b9ae0c000 r--p 00000000 fc:00 13107796                   /mydata/gc-bpf-fault/shim/libgcbpf.so
725b9ae0c000-725b9ae6e000 r-xp 0000c000 fc:00 13107796                   /mydata/gc-bpf-fault/shim/libgcbpf.so
725b9ae6e000-725b9b0de000 r--p 0006e000 fc:00 13107796                   /mydata/gc-bpf-fault/shim/libgcbpf.so
725b9b0de000-725b9b0e0000 r--p 002de000 fc:00 13107796                   /mydata/gc-bpf-fault/shim/libgcbpf.so
725b9b0e0000-725b9b0e1000 rw-p 002e0000 fc:00 13107796                   /mydata/gc-bpf-fault/shim/libgcbpf.so
725b9b0e1000-725b9b0e2000 rw-p 00000000 00:00 0 
725b9b174000-725b9b178000 r--p 00000000 08:03 1410107                    /usr/lib/x86_64-linux-gnu/libzstd.so.1.5.5
725b9b178000-725b9b21f000 r-xp 00004000 08:03 1410107                    /usr/lib/x86_64-linux-gnu/libzstd.so.1.5.5
725b9b21f000-725b9b22c000 r--p 000ab000 08:03 1410107                    /usr/lib/x86_64-linux-gnu/libzstd.so.1.5.5
725b9b22c000-725b9b22d000 r--p 000b7000 08:03 1410107                    /usr/lib/x86_64-linux-gnu/libzstd.so.1.5.5
725b9b22d000-725b9b22e000 rw-p 000b8000 08:03 1410107                    /usr/lib/x86_64-linux-gnu/libzstd.so.1.5.5
725b9b22e000-725b9b237000 rw-p 00000000 00:00 0 
725b9b237000-725b9b317000 ---p 00000000 00:00 0 
725b9b317000-725b9b322000 rw-p 00000000 00:00 0 
725b9b322000-725b9b400000 ---p 00000000 00:00 0 
725b9b400000-725b9b548000 r--p 00000000 fc:00 49676390                   /mydata/openjdk-mmtk/build/b0test/images/jdk/lib/server/libmmtk_openjdk.so
725b9b548000-725b9b7cb000 r-xp 00147000 fc:00 49676390                   /mydata/openjdk-mmtk/build/b0test/images/jdk/lib/server/libmmtk_openjdk.so
725b9b7cb000-725b9b80c000 r--p 003c9000 fc:00 49676390                   /mydata/openjdk-mmtk/build/b0test/images/jdk/lib/server/libmmtk_openjdk.so
725b9b80c000-725b9b80f000 rw-p 00409000 fc:00 49676390                   /mydata/openjdk-mmtk/build/b0test/images/jdk/lib/server/libmmtk_openjdk.so
725b9b80f000-725b9b811000 rw-p 00000000 00:00 0 
725b9b898000-725b9b89f000 r--s 00000000 08:03 1436340                    /usr/lib/x86_64-linux-gnu/gconv/gconv-modules.cache
725b9b89f000-725b9b8a1000 r--p 00000000 fc:00 49676482                   /mydata/openjdk-mmtk/build/b0test/images/jdk/lib/libmanagement_ext.so
725b9b8a1000-725b9b8a4000 r-xp 00002000 fc:00 49676482                   /mydata/openjdk-mmtk/build/b0test/images/jdk/lib/libmanagement_ext.so
725b9b8a4000-725b9b8a5000 r--p 00005000 fc:00 49676482                   /mydata/openjdk-mmtk/build/b0test/images/jdk/lib/libmanagement_ext.so
725b9b8a5000-725b9b8a6000 r--p 00006000 fc:00 49676482                   /mydata/openjdk-mmtk/build/b0test/images/jdk/lib/libmanagement_ext.so
725b9b8a6000-725b9b8a7000 rw-p 00007000 fc:00 49676482                   /mydata/openjdk-mmtk/build/b0test/images/jdk/lib/libmanagement_ext.so
725b9b8a7000-725b9b8ae000 r--p 00000000 fc:00 49676377                   /mydata/openjdk-mmtk/build/b0test/images/jdk/lib/libnio.so
725b9b8ae000-725b9b8b7000 r-xp 00007000 fc:00 49676377                   /mydata/openjdk-mmtk/build/b0test/images/jdk/lib/libnio.so
725b9b8b7000-725b9b8bb000 r--p 00010000 fc:00 49676377                   /mydata/openjdk-mmtk/build/b0test/images/jdk/lib/libnio.so
725b9b8bb000-725b9b8bc000 r--p 00014000 fc:00 49676377                   /mydata/openjdk-mmtk/build/b0test/images/jdk/lib/libnio.so
725b9b8bc000-725b9b8bd000 rw-p 00015000 fc:00 49676377                   /mydata/openjdk-mmtk/build/b0test/images/jdk/lib/libnio.so
725b9b8bd000-725b9b8c0000 r--p 00000000 08:03 1410420                    /usr/lib/x86_64-linux-gnu/libelf-0.190.so
725b9b8c0000-725b9b8d6000 r-xp 00003000 08:03 1410420                    /usr/lib/x86_64-linux-gnu/libelf-0.190.so
725b9b8d6000-725b9b8da000 r--p 00019000 08:03 1410420                    /usr/lib/x86_64-linux-gnu/libelf-0.190.so
725b9b8da000-725b9b8db000 r--p 0001c000 08:03 1410420                    /usr/lib/x86_64-linux-gnu/libelf-0.190.so
725b9b8db000-725b9b8dc000 rw-p 0001d000 08:03 1410420                    /usr/lib/x86_64-linux-gnu/libelf-0.190.so
725b9b8dc000-725b9b8e9000 r--p 00000000 fc:00 49676369                   /mydata/openjdk-mmtk/build/b0test/images/jdk/lib/libjava.so
725b9b8e9000-725b9b8f8000 r-xp 0000d000 fc:00 49676369                   /mydata/openjdk-mmtk/build/b0test/images/jdk/lib/libjava.so
725b9b8f8000-725b9b8fd000 r--p 0001c000 fc:00 49676369                   /mydata/openjdk-mmtk/build/b0test/images/jdk/lib/libjava.so
725b9b8fd000-725b9b8fe000 r--p 00021000 fc:00 49676369                   /mydata/openjdk-mmtk/build/b0test/images/jdk/lib/libjava.so
725b9b8fe000-725b9b8ff000 rw-p 00022000 fc:00 49676369                   /mydata/openjdk-mmtk/build/b0test/images/jdk/lib/libjava.so
725b9b8ff000-725b9b900000 rw-p 00000000 00:00 0 
725b9b900000-725b9b904000 ---p 00000000 00:00 0 
725b9b904000-725b9ba00000 rw-p 00000000 00:00 0 
725b9ba00000-725b9bca9000 r--p 00000000 fc:00 49676389                   /mydata/openjdk-mmtk/build/b0test/images/jdk/lib/server/libjvm.so
725b9bca9000-725b9cb3c000 r-xp 002a9000 fc:00 49676389                   /mydata/openjdk-mmtk/build/b0test/images/jdk/lib/server/libjvm.so
725b9cb3c000-725b9ce20000 r--p 0113c000 fc:00 49676389                   /mydata/openjdk-mmtk/build/b0test/images/jdk/lib/server/libjvm.so
725b9ce20000-725b9cef6000 r--p 0141f000 fc:00 49676389                   /mydata/openjdk-mmtk/build/b0test/images/jdk/lib/server/libjvm.so
725b9cef6000-725b9cf26000 rw-p 014f5000 fc:00 49676389                   /mydata/openjdk-mmtk/build/b0test/images/jdk/lib/server/libjvm.so
725b9cf26000-725b9cf8c000 rw-p 00000000 00:00 0 
725b9cf8e000-725b9cf90000 r--p 00000000 fc:00 49676410                   /mydata/openjdk-mmtk/build/b0test/images/jdk/lib/libmanagement.so
725b9cf90000-725b9cf91000 r-xp 00002000 fc:00 49676410                   /mydata/openjdk-mmtk/build/b0test/images/jdk/lib/libmanagement.so
725b9cf91000-725b9cf92000 r--p 00003000 fc:00 49676410                   /mydata/openjdk-mmtk/build/b0test/images/jdk/lib/libmanagement.so
725b9cf92000-725b9cf93000 r--p 00003000 fc:00 49676410                   /mydata/openjdk-mmtk/build/b0test/images/jdk/lib/libmanagement.so
725b9cf93000-725b9cf94000 rw-p 00004000 fc:00 49676410                   /mydata/openjdk-mmtk/build/b0test/images/jdk/lib/libmanagement.so
725b9cf94000-725b9cf96000 r--p 00000000 fc:00 49676380                   /mydata/openjdk-mmtk/build/b0test/images/jdk/lib/libzip.so
725b9cf96000-725b9cf9b000 r-xp 00002000 fc:00 49676380                   /mydata/openjdk-mmtk/build/b0test/images/jdk/lib/libzip.so
725b9cf9b000-725b9cf9d000 r--p 00007000 fc:00 49676380                   /mydata/openjdk-mmtk/build/b0test/images/jdk/lib/libzip.so
725b9cf9d000-725b9cf9e000 r--p 00008000 fc:00 49676380                   /mydata/openjdk-mmtk/build/b0test/images/jdk/lib/libzip.so
725b9cf9e000-725b9cf9f000 rw-p 00009000 fc:00 49676380                   /mydata/openjdk-mmtk/build/b0test/images/jdk/lib/libzip.so
725b9cf9f000-725b9cfa7000 rw-p 00000000 00:00 0 
725b9cfa7000-725b9cfaf000 ---p 00000000 00:00 0 
725b9cfaf000-725b9cfb3000 r--p 00000000 fc:00 49676370                   /mydata/openjdk-mmtk/build/b0test/images/jdk/lib/libjimage.so
725b9cfb3000-725b9cfca000 r-xp 00004000 fc:00 49676370                   /mydata/openjdk-mmtk/build/b0test/images/jdk/lib/libjimage.so
725b9cfca000-725b9cfcf000 r--p 0001b000 fc:00 49676370                   /mydata/openjdk-mmtk/build/b0test/images/jdk/lib/libjimage.so
725b9cfcf000-725b9cfd1000 r--p 00020000 fc:00 49676370                   /mydata/openjdk-mmtk/build/b0test/images/jdk/lib/libjimage.so
725b9cfd1000-725b9cfd2000 rw-p 00022000 fc:00 49676370                   /mydata/openjdk-mmtk/build/b0test/images/jdk/lib/libjimage.so
725b9cfd2000-725b9cfd6000 r--p 00000000 08:03 1410148                    /usr/lib/x86_64-linux-gnu/libgcc_s.so.1
725b9cfd6000-725b9cffa000 r-xp 00004000 08:03 1410148                    /usr/lib/x86_64-linux-gnu/libgcc_s.so.1
725b9cffa000-725b9cffe000 r--p 00028000 08:03 1410148                    /usr/lib/x86_64-linux-gnu/libgcc_s.so.1
725b9cffe000-725b9cfff000 r--p 0002b000 08:03 1410148                    /usr/lib/x86_64-linux-gnu/libgcc_s.so.1
725b9cfff000-725b9d000000 rw-p 0002c000 08:03 1410148                    /usr/lib/x86_64-linux-gnu/libgcc_s.so.1
725b9d000000-725b9d028000 r--p 00000000 08:03 1410238                    /usr/lib/x86_64-linux-gnu/libc.so.6
725b9d028000-725b9d1b0000 r-xp 00028000 08:03 1410238                    /usr/lib/x86_64-linux-gnu/libc.so.6
725b9d1b0000-725b9d1ff000 r--p 001b0000 08:03 1410238                    /usr/lib/x86_64-linux-gnu/libc.so.6
725b9d1ff000-725b9d203000 r--p 001fe000 08:03 1410238                    /usr/lib/x86_64-linux-gnu/libc.so.6
725b9d203000-725b9d205000 rw-p 00202000 08:03 1410238                    /usr/lib/x86_64-linux-gnu/libc.so.6
725b9d205000-725b9d212000 rw-p 00000000 00:00 0 
725b9d212000-725b9d215000 r--p 00000000 fc:00 49676376                   /mydata/openjdk-mmtk/build/b0test/images/jdk/lib/libnet.so
725b9d215000-725b9d21d000 r-xp 00003000 fc:00 49676376                   /mydata/openjdk-mmtk/build/b0test/images/jdk/lib/libnet.so
725b9d21d000-725b9d21f000 r--p 0000b000 fc:00 49676376                   /mydata/openjdk-mmtk/build/b0test/images/jdk/lib/libnet.so
725b9d21f000-725b9d220000 r--p 0000c000 fc:00 49676376                   /mydata/openjdk-mmtk/build/b0test/images/jdk/lib/libnet.so
725b9d220000-725b9d221000 rw-p 0000d000 fc:00 49676376                   /mydata/openjdk-mmtk/build/b0test/images/jdk/lib/libnet.so
725b9d221000-725b9d229000 rw-s 00000000 08:03 237600                     /tmp/hsperfdata_root/435403
725b9d229000-725b9d239000 r--p 00000000 08:03 1411099                    /usr/lib/x86_64-linux-gnu/libm.so.6
725b9d239000-725b9d2b8000 r-xp 00010000 08:03 1411099                    /usr/lib/x86_64-linux-gnu/libm.so.6
725b9d2b8000-725b9d310000 r--p 0008f000 08:03 1411099                    /usr/lib/x86_64-linux-gnu/libm.so.6
725b9d310000-725b9d311000 r--p 000e7000 08:03 1411099                    /usr/lib/x86_64-linux-gnu/libm.so.6
725b9d311000-725b9d312000 rw-p 000e8000 08:03 1411099                    /usr/lib/x86_64-linux-gnu/libm.so.6
725b9d312000-725b9d314000 rw-p 00000000 00:00 0 
725b9d314000-725b9d316000 r--p 00000000 08:03 1409104                    /usr/lib/x86_64-linux-gnu/libz.so.1.3
725b9d316000-725b9d328000 r-xp 00002000 08:03 1409104                    /usr/lib/x86_64-linux-gnu/libz.so.1.3
725b9d328000-725b9d32e000 r--p 00014000 08:03 1409104                    /usr/lib/x86_64-linux-gnu/libz.so.1.3
725b9d32e000-725b9d32f000 r--p 0001a000 08:03 1409104                    /usr/lib/x86_64-linux-gnu/libz.so.1.3
725b9d32f000-725b9d330000 rw-p 0001b000 08:03 1409104                    /usr/lib/x86_64-linux-gnu/libz.so.1.3
725b9d335000-725b9d336000 rw-s 00000000 00:10 68                         anon_inode:bpf-map
725b9d336000-725b9d337000 r--s 00000000 00:10 68                         anon_inode:bpf-map
725b9d337000-725b9d338000 ---p 00000000 00:00 0 
725b9d338000-725b9d339000 r--p 00000000 00:00 0 
725b9d339000-725b9d33a000 ---p 00000000 00:00 0 
725b9d33a000-725b9d33c000 r--p 00000000 fc:00 49676372                   /mydata/openjdk-mmtk/build/b0test/images/jdk/lib/libjli.so
725b9d33c000-725b9d346000 r-xp 00002000 fc:00 49676372                   /mydata/openjdk-mmtk/build/b0test/images/jdk/lib/libjli.so
725b9d346000-725b9d349000 r--p 0000c000 fc:00 49676372                   /mydata/openjdk-mmtk/build/b0test/images/jdk/lib/libjli.so
725b9d349000-725b9d34a000 r--p 0000f000 fc:00 49676372                   /mydata/openjdk-mmtk/build/b0test/images/jdk/lib/libjli.so
725b9d34a000-725b9d34b000 rw-p 00010000 fc:00 49676372                   /mydata/openjdk-mmtk/build/b0test/images/jdk/lib/libjli.so
725b9d34b000-725b9d34d000 rw-p 00000000 00:00 0 
725b9d34d000-725b9d351000 r--p 00000000 00:00 0                          [vvar]
725b9d351000-725b9d353000 r--p 00000000 00:00 0                          [vvar_vclock]
725b9d353000-725b9d355000 r-xp 00000000 00:00 0                          [vdso]
725b9d355000-725b9d356000 r--p 00000000 08:03 1409763                    /usr/lib/x86_64-linux-gnu/ld-linux-x86-64.so.2
725b9d356000-725b9d381000 r-xp 00001000 08:03 1409763                    /usr/lib/x86_64-linux-gnu/ld-linux-x86-64.so.2
725b9d381000-725b9d38b000 r--p 0002c000 08:03 1409763                    /usr/lib/x86_64-linux-gnu/ld-linux-x86-64.so.2
725b9d38b000-725b9d38d000 r--p 00036000 08:03 1409763                    /usr/lib/x86_64-linux-gnu/ld-linux-x86-64.so.2
725b9d38d000-725b9d38f000 rw-p 00038000 08:03 1409763                    /usr/lib/x86_64-linux-gnu/ld-linux-x86-64.so.2
7fff33bc3000-7fff33be4000 rw-p 00000000 00:00 0                          [stack]
ffffffffff600000-ffffffffff601000 --xp 00000000 00:00 0                  [vsyscall]
Total number of mappings: 399

JVMTI agents: none


VM Arguments:
jvm_args: -XX:+UseThirdPartyHeap -Xms512m -Xmx512m 
java_command: /mydata/dacapo/dacapo-23.11/dacapo-23.11-MR2-chopin.jar luindex -n 3
java_class_path (initial): /mydata/dacapo/dacapo-23.11/dacapo-23.11-MR2-chopin.jar
Launcher Type: SUN_STANDARD

[Global flags]
     intx CICompilerCount                          = 15                                        {product} {ergonomic}
   size_t InitialHeapSize                          = 536870912                                 {product} {command line}
   size_t MaxHeapSize                              = 536870912                                 {product} {command line}
   size_t MinHeapDeltaBytes                        = 524288                                    {product} {ergonomic}
   size_t MinHeapSize                              = 536870912                                 {product} {command line}
    uintx NonNMethodCodeHeapSize                   = 8192380                                {pd product} {ergonomic}
    uintx NonProfiledCodeHeapSize                  = 121732930                              {pd product} {ergonomic}
    uintx ProfiledCodeHeapSize                     = 121732930                              {pd product} {ergonomic}
    uintx ReservedCodeCacheSize                    = 251658240                              {pd product} {ergonomic}
     bool SegmentedCodeCache                       = true                                      {product} {ergonomic}
   size_t SoftMaxHeapSize                          = 536870912                              {manageable} {ergonomic}
     bool UseCompressedOops                        = true                           {product lp64_product} {ergonomic}

Logging:
Log output configuration:
 #0: stdout all=warning uptime,level,tags foldmultilines=false
 #1: stderr all=off uptime,level,tags foldmultilines=false

Release file:
IMPLEMENTOR="N/A"
JAVA_RUNTIME_VERSION="21.0.9-internal-adhoc.talzuss.openjdk-mmtk"
JAVA_VERSION="21.0.9"
JAVA_VERSION_DATE="2025-10-21"
LIBC="gnu"
MODULES="java.base java.compiler java.datatransfer java.xml java.prefs java.desktop java.instrument java.logging java.management java.security.sasl java.naming java.rmi java.management.rmi java.net.http java.scripting java.security.jgss java.transaction.xa java.sql java.sql.rowset java.xml.crypto java.se java.smartcardio jdk.accessibility jdk.internal.jvmstat jdk.attach jdk.charsets jdk.internal.opt jdk.zipfs jdk.compiler jdk.crypto.ec jdk.crypto.cryptoki jdk.dynalink jdk.internal.ed jdk.editpad jdk.hotspot.agent jdk.httpserver jdk.incubator.vector jdk.internal.le jdk.internal.vm.ci jdk.internal.vm.compiler jdk.internal.vm.compiler.management jdk.jartool jdk.javadoc jdk.jcmd jdk.management jdk.management.agent jdk.jconsole jdk.jdeps jdk.jdwp.agent jdk.jdi jdk.jfr jdk.jlink jdk.jpackage jdk.jshell jdk.jsobject jdk.jstatd jdk.localedata jdk.management.jfr jdk.naming.dns jdk.naming.rmi jdk.net jdk.nio.mapmode jdk.random jdk.sctp jdk.security.auth jdk.security.jgss jdk.unsupported jdk.unsupported.desktop jdk.xml.dom"
OS_ARCH="x86_64"
OS_NAME="Linux"
SOURCE=".:git:b557520f04b3+"

Environment Variables:
PATH=/usr/local/sbin:/usr/local/bin:/usr/sbin:/usr/bin:/sbin:/bin:/snap/bin
SHELL=/bin/bash
LANG=en_US.UTF-8
TERM=tmux-256color

Active Locale:
LC_ALL=en_US.UTF-8
LC_COLLATE=en_US.UTF-8
LC_CTYPE=en_US.UTF-8
LC_MESSAGES=en_US.UTF-8
LC_MONETARY=en_US.UTF-8
LC_NUMERIC=en_US.UTF-8
LC_TIME=en_US.UTF-8

Signal Handlers:
   SIGSEGV: crash_handler in libjvm.so, mask=11100100010111111101111111111110, flags=SA_RESTART|SA_SIGINFO, unblocked
    SIGBUS: crash_handler in libjvm.so, mask=11100100010111111101111111111110, flags=SA_RESTART|SA_SIGINFO, unblocked
    SIGFPE: crash_handler in libjvm.so, mask=11100100010111111101111111111110, flags=SA_RESTART|SA_SIGINFO, unblocked
   SIGPIPE: javaSignalHandler in libjvm.so, mask=11100100010111111101111111111110, flags=SA_RESTART|SA_SIGINFO, blocked
   SIGXFSZ: javaSignalHandler in libjvm.so, mask=11100100010111111101111111111110, flags=SA_RESTART|SA_SIGINFO, blocked
    SIGILL: crash_handler in libjvm.so, mask=11100100010111111101111111111110, flags=SA_RESTART|SA_SIGINFO, unblocked
   SIGUSR2: SR_handler in libjvm.so, mask=00000000000000000000000000000000, flags=SA_RESTART|SA_SIGINFO, blocked
    SIGHUP: UserHandler in libjvm.so, mask=11100100010111111101111111111110, flags=SA_RESTART|SA_SIGINFO, blocked
    SIGINT: UserHandler in libjvm.so, mask=11100100010111111101111111111110, flags=SA_RESTART|SA_SIGINFO, blocked
   SIGTERM: UserHandler in libjvm.so, mask=11100100010111111101111111111110, flags=SA_RESTART|SA_SIGINFO, blocked
   SIGQUIT: UserHandler in libjvm.so, mask=11100100010111111101111111111110, flags=SA_RESTART|SA_SIGINFO, blocked
   SIGTRAP: crash_handler in libjvm.so, mask=11100100010111111101111111111110, flags=SA_RESTART|SA_SIGINFO, unblocked


Periodic native trim disabled

---------------  S Y S T E M  ---------------

OS:
DISTRIB_ID=Ubuntu
DISTRIB_RELEASE=24.04
DISTRIB_CODENAME=noble
DISTRIB_DESCRIPTION="Ubuntu 24.04.4 LTS"
uname: Linux 6.17.0-bpf-fault+ #1 SMP PREEMPT_DYNAMIC Mon Jul  6 16:43:12 MDT 2026 x86_64
OS uptime: 1 days 2:31 hours
libc: glibc 2.39 NPTL 2.39 
rlimit (soft/hard): STACK 8192k/infinity , CORE 0k/0k , NPROC 513205/513205 , NOFILE 1048576/1048576 , AS infinity/infinity , CPU infinity/infinity , DATA infinity/infinity , FSIZE infinity/infinity , MEMLOCK 16436528k/16436528k
load average: 1.33 1.78 1.41

/proc/meminfo:
MemTotal:       131492232 kB
MemFree:        64835952 kB
MemAvailable:   112074984 kB
Buffers:          559572 kB
Cached:         45938132 kB
SwapCached:            0 kB
Active:          4562768 kB
Inactive:       45674656 kB
Active(anon):    3756288 kB
Inactive(anon):        0 kB
Active(file):     806480 kB
Inactive(file): 45674656 kB
Unevictable:       41912 kB
Mlocked:           38840 kB
SwapTotal:       8388604 kB
SwapFree:        8388604 kB
Zswap:                 0 kB
Zswapped:              0 kB
Dirty:             20568 kB
Writeback:             4 kB
AnonPages:       3783360 kB
Mapped:         12904016 kB
Shmem:              5316 kB
KReclaimable:    2009580 kB
Slab:            2551688 kB
SReclaimable:    2009580 kB
SUnreclaim:       542108 kB
KernelStack:       12256 kB
PageTables:        72596 kB
SecPageTables:      9284 kB
NFS_Unstable:          0 kB
Bounce:                0 kB
WritebackTmp:          0 kB
CommitLimit:    74134720 kB
Committed_AS:   165074772 kB
VmallocTotal:   34359738367 kB
VmallocUsed:       38268 kB
VmallocChunk:          0 kB
Percpu:            51072 kB
HardwareCorrupted:     0 kB
AnonHugePages:         0 kB
ShmemHugePages:        0 kB
ShmemPmdMapped:        0 kB
FileHugePages:   2177024 kB
FilePmdMapped:         0 kB
Unaccepted:            0 kB
Balloon:               0 kB
HugePages_Total:       0
HugePages_Free:        0
HugePages_Rsvd:        0
HugePages_Surp:        0
Hugepagesize:       2048 kB
Hugetlb:               0 kB
DirectMap4k:     1043264 kB
DirectMap2M:    30001152 kB
DirectMap1G:    102760448 kB

/sys/kernel/mm/transparent_hugepage/enabled: always [madvise] never
/sys/kernel/mm/transparent_hugepage/hpage_pmd_size: 2097152
/sys/kernel/mm/transparent_hugepage/defrag (defrag/compaction efforts parameter): always defer defer+madvise [madvise] never

Process Memory:
Virtual Size: 13618250852K (peak: 13618293788K)
Resident Set Size: 4382576K (peak: 4382576K) (anon: 1208956K, file: 3173620K, shmem: 0K)
Swapped out: 0K
C-Heap outstanding allocations: 1382891K, retained: 154340K
glibc malloc tunables: (default)

/proc/sys/kernel/threads-max (system-wide limit on the number of threads): 1026411
/proc/sys/vm/max_map_count (maximum number of memory map areas a process may have): 1048576
/proc/sys/vm/swappiness (control to define how aggressively the kernel swaps out anonymous memory): 60
/proc/sys/kernel/pid_max (system-wide limit on number of process identifiers): 4194304

container information not found.
Steal ticks since vm start: 0
Steal ticks percentage since vm start:  0.000

CPU: total 32 (initial active 32) (32 cores per cpu, 2 threads per core) family 23 model 49 stepping 0 microcode 0x830107c, cx8, cmov, fxsr, ht, mmx, 3dnowpref, sse, sse2, sse3, ssse3, sse4a, sse4.1, sse4.2, popcnt, lzcnt, tsc, tscinvbit, avx, avx2, aes, clmul, bmi1, bmi2, adx, sha, fma, vzeroupper, clflush, clflushopt, rdtscp, rdpid, f16c
CPU Model and flags from /proc/cpuinfo:
model name	: AMD EPYC 7302P 16-Core Processor
flags		: fpu vme de pse tsc msr pae mce cx8 apic sep mtrr pge mca cmov pat pse36 clflush mmx fxsr sse sse2 ht syscall nx mmxext fxsr_opt pdpe1gb rdtscp lm constant_tsc rep_good nopl xtopology nonstop_tsc cpuid extd_apicid aperfmperf rapl pni pclmulqdq monitor ssse3 fma cx16 sse4_1 sse4_2 movbe popcnt aes xsave avx f16c rdrand lahf_lm cmp_legacy svm extapic cr8_legacy abm sse4a misalignsse 3dnowprefetch osvw ibs skinit wdt tce topoext perfctr_core perfctr_nb bpext perfctr_llc mwaitx cpb cat_l3 cdp_l3 hw_pstate ssbd mba ibrs ibpb stibp vmmcall fsgsbase bmi1 avx2 smep bmi2 cqm rdt_a rdseed adx smap clflushopt clwb sha_ni xsaveopt xsavec xgetbv1 xsaves cqm_llc cqm_occup_llc cqm_mbm_total cqm_mbm_local clzero irperf xsaveerptr rdpru wbnoinvd amd_ppin arat npt lbrv svm_lock nrip_save tsc_scale vmcb_clean flushbyasid decodeassists pausefilter pfthreshold avic v_vmsave_vmload vgif v_spec_ctrl umip rdpid overflow_recov succor smca sev sev_es

Online cpus: 0-31
Offline cpus: 
BIOS frequency limitation: <Not Available>
Frequency switch latency (ns): <Not Available>
Available cpu frequencies: <Not Available>
Current governor: <Not Available>
Core performance/turbo boost: <Not Available>

Memory: 4k page, physical 131492232k(112074984k free), swap 8388604k(8388604k free)
Page Sizes: 4k

vm_info: OpenJDK 64-Bit Server VM (21.0.9-internal-adhoc.talzuss.openjdk-mmtk) for linux-amd64 JRE (21.0.9-internal-adhoc.talzuss.openjdk-mmtk), built on 2026-07-06T23:13:08Z by "talzuss" with gcc 13.3.0
heap_info: MMTk OpenJDK 0.32.0 (a3bb9ef-dirty), using MMTk 0.32.0 (3ecdf08-dirty, BUILTIN_ENV_LOGGER, DEFAULT, EAGER_SWEEPING, VO_BIT)@

END.
