#
# A fatal error has been detected by the Java Runtime Environment:
#
#  SIGSEGV (0xb) at pc=0x00007f96dfc6d5a7, pid=409943, tid=409955
#
# JRE version: OpenJDK Runtime Environment (21.0.9) (build 21.0.9-internal-adhoc.talzuss.openjdk-mmtk)
# Java VM: OpenJDK 64-Bit Server VM (21.0.9-internal-adhoc.talzuss.openjdk-mmtk, mixed mode, sharing, tiered, compressed oops, compressed class ptrs, third-party gc, linux-amd64)
# Problematic frame:
# C  [libmmtk_openjdk.so+0x26d5a7]  mmtk::plan::tracing::SlotIterator$LT$VM$GT$::iterate_fields::hbed5683148b475e0+0x37
#
# No core dump will be written. Core dumps have been disabled. To enable core dumping, try "ulimit -c unlimited" before starting Java again
#
# If you would like to submit a bug report, please visit:
#   https://bugreport.java.com/bugreport/crash.jsp
#

---------------  S U M M A R Y ------------

Command Line: -XX:+UseThirdPartyHeap -Xms512m -Xmx512m /mydata/dacapo/dacapo-23.11/dacapo-23.11-MR2-chopin.jar xalan -n 3

Host: AMD EPYC 7302P 16-Core Processor, 32 cores, 125G, Ubuntu 24.04.4 LTS
Time: Tue Jul  7 18:03:55 2026 MDT elapsed time: 3.064291 seconds (0d 0h 0m 3s)

---------------  T H R E A D  ---------------

Current thread (0x00007f96d8530ca0):  NamedThread "MMTk Collector Thread" [id=409955, stack(0x000072e9eb5fd000,0x000072e9eb6fd000) (1024K)]

Stack: [0x000072e9eb5fd000,0x000072e9eb6fd000],  sp=0x000072e9eb6fb870,  free space=1018k
Native frames: (J=compiled Java code, j=interpreted, Vv=VM code, C=native code)
C  [libmmtk_openjdk.so+0x26d5a7]  mmtk::plan::tracing::SlotIterator$LT$VM$GT$::iterate_fields::hbed5683148b475e0+0x37

siginfo: si_signo: 11 (SIGSEGV), si_code: 1 (SEGV_MAPERR), si_addr: 0x00007f983fa78e78

Registers:
RAX=0x0000000058000000, RBX=0x000072e9eb6fb920, RCX=0x00007f96dfa78e78, RDX=0x000072e9a3000000
RSP=0x000072e9eb6fb870, RBP=0x000072e9eb6fba10, RSI=0x000072e9a3000001, RDI=0x000000004139fff8
R8 =0x000072ea1d44e83f, R9 =0xffffffffffffff02, R10=0x0000000000000007, R11=0x379ebf4cf66c3c40
R12=0x00000000000002f8, R13=0x000072e9eb6fb920, R14=0x000000004139fff8, R15=0x000072e97800bcb0
RIP=0x00007f96dfc6d5a7, EFLAGS=0x0000000000010202, CSGSFS=0x002b000000000033, ERR=0x0000000000000004
  TRAPNO=0x000000000000000e

XMM[0]=0x0000000000000000 0x0000000000000000
XMM[1]=0x0000000000000000 0x000072e978000090
XMM[2]=0xff0000ff00ffff00 0x00ffffffff0000ff
XMM[3]=0x0000000000000000 0x0000000000000000
XMM[4]=0x0000000000000000 0x000072e978000090
XMM[5]=0x0000000061636164 0x000000002f6f7061
XMM[6]=0x00000000796d2f3a 0x00000000656c6966
XMM[7]=0x0000000000000001 0x0000000040070018
XMM[8]=0x00000000a40798c1 0x00000000bb1deccc
XMM[9]=0x0000000000000000 0x0000000000000000
XMM[10]=0x3f3f3f3f3f3f3f3f 0x3f3f3f3f3f3f3f3f
XMM[11]=0x9999999999999999 0x9999999999999999
XMM[12]=0x2020202020202020 0x2020202020202020
XMM[13]=0x0000000000000000 0x0000000000000000
XMM[14]=0x0000000000000000 0x0000000000000000
XMM[15]=0x0000000000000000 0x0000000000000000
  MXCSR=0x00001fa2


Register to memory mapping:

RAX=
[error occurred during error reporting (printing register info), id 0xe0000000, Internal Error (/mydata/mmtk-openjdk/openjdk/share/mmtkHeap.cpp:444)]
RBX=
[error occurred during error reporting (printing register info, attempt 2), id 0xe0000000, Internal Error (/mydata/mmtk-openjdk/openjdk/share/mmtkHeap.cpp:444)]
RCX=
[error occurred during error reporting (printing register info, attempt 3), id 0xe0000000, Internal Error (/mydata/mmtk-openjdk/openjdk/share/mmtkHeap.cpp:444)]
Top of Stack: (sp=0x000072e9eb6fb870)
0x000072e9eb6fb870:   0000000000000000 000072e97800bcb0
0x000072e9eb6fb880:   0000000000000400 0000000000000040
0x000072e9eb6fb890:   0000000000274200 00007f96dfc5568f
0x000072e9eb6fb8a0:   0000000000000006 040072e9eb6fb988
0x000072e9eb6fb8b0:   000072e9eb6fb988 00000000413a0fc8
0x000072e9eb6fb8c0:   00007f96dfde3c68 000072e9eb6fb8b8
0x000072e9eb6fb8d0:   000072e9eb6fb8af 0000000000000000
0x000072e9eb6fb8e0:   00000000000002f8 000072e9eb6fb920
0x000072e9eb6fb8f0:   00007f96dfe07f68 000072e97800bcb0
0x000072e9eb6fb900:   000072e9eb6fba10 00007f96dfc8a259
0x000072e9eb6fb910:   0000000000008000 000072e97c0021e0
0x000072e9eb6fb920:   00007f96dfe07f68 000072e9eb6fba50
0x000072e9eb6fb930:   000072e9eb6fb9c0 000072e9eb6fba28
0x000072e9eb6fb940:   000072e9eb6fba48 000072e9eb6fb91f
0x000072e9eb6fb950:   000072e9eb6fb9e0 000072e9eb6fba10
0x000072e9eb6fb960:   000072e97c0021e0 000000004139fff8
0x000072e9eb6fb970:   00007f96d852a450 0000000000000040
0x000072e9eb6fb980:   00007f96d83ddf70 0000000000000080
0x000072e9eb6fb990:   000072e97800bcb0 000000000000005f
0x000072e9eb6fb9a0:   00007f96d8056750 000000000000000e
0x000072e9eb6fb9b0:   0000000000000001 0000000000000080
0x000072e9eb6fb9c0:   00002000013a0000 0000000000000000
0x000072e9eb6fb9d0:   00007f96d852a450 0000000000000000
0x000072e9eb6fb9e0:   0000000000000800 000072e9780040d0
0x000072e9eb6fb9f0:   0000000000000572 00007f96dfcd9504
0x000072e9eb6fba00:   0000000000000001 000072e978005170
0x000072e9eb6fba10:   0000000000020000 000072e97800fd90
0x000072e9eb6fba20:   000000000001053c 00000000413a0000
0x000072e9eb6fba30:   00007f96d852a450 8000000000000000
0x000072e9eb6fba40:   8000000000000000 0000000040000000
0x000072e9eb6fba50:   00000000000013a0 000000004139fff8
0x000072e9eb6fba60:   00007f96d806ff00 00007f96d806fc00 

Instructions: (pc=0x00007f96dfc6d5a7)
0x00007f96dfc6d4a7:   45 3e 15 00 e9 ef fd ff ff 48 89 e0 48 89 44 24
0x00007f96dfc6d4b7:   38 48 8d 44 24 38 48 89 44 24 08 48 8d 3d 83 af
0x00007f96dfc6d4c7:   19 00 48 8d 0d 10 5a 16 00 4c 8d 05 a9 6d 17 00
0x00007f96dfc6d4d7:   48 8d 54 24 08 31 f6 e8 0d 3e 15 00 48 63 05 5e
0x00007f96dfc6d4e7:   af 19 00 4d 63 34 06 4d 85 f6 0f 85 db fd ff ff
0x00007f96dfc6d4f7:   e9 f9 fd ff ff 48 89 e0 48 89 44 24 38 48 8d 44
0x00007f96dfc6d507:   24 38 48 89 44 24 08 48 8d 3d 13 af 19 00 48 8d
0x00007f96dfc6d517:   0d ec 59 16 00 4c 8d 05 5d 6d 17 00 48 8d 54 24
0x00007f96dfc6d527:   08 31 f6 e8 c1 3d 15 00 e9 c3 fc ff ff 48 8d 05
0x00007f96dfc6d537:   f5 59 16 00 48 89 44 24 08 48 c7 44 24 10 01 00
0x00007f96dfc6d547:   00 00 48 c7 44 24 18 08 00 00 00 0f 57 c0 0f 11
0x00007f96dfc6d557:   44 24 20 48 8d 35 df 59 16 00 48 8d 7c 24 08 e8
0x00007f96dfc6d567:   85 88 f2 ff cc cc cc cc cc 55 41 57 41 56 41 55
0x00007f96dfc6d577:   41 54 53 48 83 ec 68 48 89 f3 49 89 fe 8b 47 08
0x00007f96dfc6d587:   48 8b 15 0a c2 19 00 48 8b 0d 0b c2 19 00 48 d3
0x00007f96dfc6d597:   e0 48 8d 34 10 8b 44 10 0c 48 8d 0d d1 b8 e0 ff
0x00007f96dfc6d5a7:   48 63 04 81 48 01 c8 ff e0 48 63 86 28 01 00 00
0x00007f96dfc6d5b7:   48 85 c0 0f 84 05 03 00 00 48 63 8e ac 00 00 00
0x00007f96dfc6d5c7:   48 8d 0c ce 48 63 96 2c 01 00 00 48 8d 34 d1 4c
0x00007f96dfc6d5d7:   8d 24 d1 49 81 c4 d8 01 00 00 4c 8d 2c c6 49 81
0x00007f96dfc6d5e7:   c5 d8 01 00 00 eb 0f 66 90 49 83 c4 08 4d 39 ec
0x00007f96dfc6d5f7:   0f 84 c8 02 00 00 41 8b 6c 24 04 48 85 ed 74 e9
0x00007f96dfc6d607:   4d 63 3c 24 4d 01 f7 66 90 48 89 df 4c 89 fe e8
0x00007f96dfc6d617:   85 01 02 00 49 83 c7 04 48 ff cd 75 ec eb ca 4d
0x00007f96dfc6d627:   63 7e 0c 4d 85 ff 0f 84 92 02 00 00 49 83 c6 10
0x00007f96dfc6d637:   49 c1 e7 02 0f 1f 44 00 00 48 89 df 4c 89 f6 e8
0x00007f96dfc6d647:   55 01 02 00 49 83 c6 04 49 83 c7 fc 75 eb e9 6b
0x00007f96dfc6d657:   02 00 00 48 63 86 28 01 00 00 48 85 c0 0f 84 5b
0x00007f96dfc6d667:   02 00 00 48 63 8e ac 00 00 00 48 8d 0c ce 48 63
0x00007f96dfc6d677:   96 2c 01 00 00 48 8d 34 d1 4c 8d 24 d1 49 81 c4
0x00007f96dfc6d687:   d8 01 00 00 4c 8d 2c c6 49 81 c5 d8 01 00 00 eb
0x00007f96dfc6d697:   15 0f 1f 84 00 00 00 00 00 49 83 c4 08 4d 39 ec 


Stack slot to memory mapping:

stack at sp + 0 slots: 0x0 is null
stack at sp + 1 slots: 
[error occurred during error reporting (inspecting top of stack), id 0xe0000000, Internal Error (/mydata/mmtk-openjdk/openjdk/share/mmtkHeap.cpp:444)]
stack at sp + 2 slots: 
[error occurred during error reporting (inspecting top of stack, attempt 2), id 0xe0000000, Internal Error (/mydata/mmtk-openjdk/openjdk/share/mmtkHeap.cpp:444)]
stack at sp + 3 slots: 
[error occurred during error reporting (inspecting top of stack, attempt 3), id 0xe0000000, Internal Error (/mydata/mmtk-openjdk/openjdk/share/mmtkHeap.cpp:444)]

---------------  P R O C E S S  ---------------

Threads class SMR info:
_java_thread_list=0x000072e87c099db0, length=56, elements={
0x00007f96d802b240, 0x00007f96d8524f20, 0x00007f96d85267b0, 0x00007f96d85282c0,
0x00007f96d8546af0, 0x00007f96d8548440, 0x00007f96d8549d00, 0x00007f96d854bb40,
0x00007f96d8555510, 0x000072e91c04d5b0, 0x000072e910001600, 0x00007f96d85a4600,
0x00007f96d85a7600, 0x000072e9100150e0, 0x000072e91002f930, 0x000072e9180b45e0,
0x00007f96d87bde80, 0x00007f96d87be8a0, 0x00007f96d87bfa30, 0x00007f96d87c0e30,
0x00007f96d87c21f0, 0x00007f96d87c35c0, 0x00007f96d87c4990, 0x00007f96d87c5f00,
0x00007f96d87d7e50, 0x00007f96d87d8bb0, 0x00007f96d87d9fe0, 0x00007f96d87db570,
0x00007f96d87dcb00, 0x00007f96d87ddfb0, 0x00007f96d83df850, 0x00007f96d83e0760,
0x00007f96d83e1c10, 0x00007f96d85d7a60, 0x00007f96d85d8fc0, 0x00007f96d85da460,
0x00007f96d85dba30, 0x00007f96d85dced0, 0x00007f96d85de760, 0x00007f96d85dfff0,
0x00007f96d85cde00, 0x00007f96d85cf690, 0x00007f96d85d0f20, 0x00007f96d85d27b0,
0x00007f96d85d4040, 0x00007f96d85d58d0, 0x00007f96d83d27a0, 0x00007f96d83d3ff0,
0x000072e91c112a60, 0x000072e91009d1a0, 0x000072e9140887a0, 0x000072e914089f30,
0x000072e90407a520, 0x000072e870070310, 0x000072e904135d70, 0x000072e87c098ea0
}

Java Threads: ( => current thread )
  0x00007f96d802b240 JavaThread "main"                              [_thread_blocked, id=409944, stack(0x00007f96dfe17000,0x00007f96dff17000) (1024K)]
  0x00007f96d8524f20 JavaThread "Reference Handler"          daemon [_thread_blocked, id=409948, stack(0x00007f96a06ff000,0x00007f96a07ff000) (1024K)]
  0x00007f96d85267b0 JavaThread "Finalizer"                  daemon [_thread_blocked, id=409949, stack(0x00007f96a05ff000,0x00007f96a06ff000) (1024K)]
  0x00007f96d85282c0 JavaThread "MMTk Finalizer Thread"      daemon [_thread_blocked, id=409950, stack(0x00007f96a04ff000,0x00007f96a05ff000) (1024K)]
  0x00007f96d8546af0 JavaThread "Signal Dispatcher"          daemon [_thread_blocked, id=409974, stack(0x000072e9ea2ea000,0x000072e9ea3ea000) (1024K)]
  0x00007f96d8548440 JavaThread "Service Thread"             daemon [_thread_blocked, id=409975, stack(0x000072e9ea1ea000,0x000072e9ea2ea000) (1024K)]
  0x00007f96d8549d00 JavaThread "Monitor Deflation Thread"   daemon [_thread_blocked, id=409976, stack(0x000072e9ea0ea000,0x000072e9ea1ea000) (1024K)]
  0x00007f96d854bb40 JavaThread "C2 CompilerThread0"         daemon [_thread_blocked, id=409977, stack(0x000072e9e9fea000,0x000072e9ea0ea000) (1024K)]
  0x00007f96d8555510 JavaThread "C1 CompilerThread0"         daemon [_thread_blocked, id=409978, stack(0x000072e9e9eea000,0x000072e9e9fea000) (1024K)]
  0x000072e91c04d5b0 JavaThread "C1 CompilerThread1"         daemon [_thread_blocked, id=409979, stack(0x000072e9e9dea000,0x000072e9e9eea000) (1024K)]
  0x000072e910001600 JavaThread "C1 CompilerThread2"         daemon [_thread_blocked, id=409980, stack(0x000072e9e9cea000,0x000072e9e9dea000) (1024K)]
  0x00007f96d85a4600 JavaThread "Notification Thread"        daemon [_thread_blocked, id=409981, stack(0x000072e9e9bea000,0x000072e9e9cea000) (1024K)]
  0x00007f96d85a7600 JavaThread "Common-Cleaner"             daemon [_thread_blocked, id=409982, stack(0x000072e9e9aea000,0x000072e9e9bea000) (1024K)]
  0x000072e9100150e0 JavaThread "C2 CompilerThread1"         daemon [_thread_blocked, id=409983, stack(0x000072e9e99ea000,0x000072e9e9aea000) (1024K)]
  0x000072e91002f930 JavaThread "C1 CompilerThread3"         daemon [_thread_blocked, id=409984, stack(0x000072e9e98ea000,0x000072e9e99ea000) (1024K)]
  0x000072e9180b45e0 JavaThread "C2 CompilerThread2"         daemon [_thread_blocked, id=409985, stack(0x000072e9e97ea000,0x000072e9e98ea000) (1024K)]
  0x00007f96d87bde80 JavaThread "Thread-0"                          [_thread_blocked, id=409986, stack(0x000072e9e96ea000,0x000072e9e97ea000) (1024K)]
  0x00007f96d87be8a0 JavaThread "Thread-1"                          [_thread_blocked, id=409987, stack(0x000072e9e95ea000,0x000072e9e96ea000) (1024K)]
  0x00007f96d87bfa30 JavaThread "Thread-2"                          [_thread_blocked, id=409988, stack(0x000072e9e94ea000,0x000072e9e95ea000) (1024K)]
  0x00007f96d87c0e30 JavaThread "Thread-3"                          [_thread_blocked, id=409989, stack(0x000072e9e93ea000,0x000072e9e94ea000) (1024K)]
  0x00007f96d87c21f0 JavaThread "Thread-4"                          [_thread_blocked, id=409990, stack(0x000072e9e92ea000,0x000072e9e93ea000) (1024K)]
  0x00007f96d87c35c0 JavaThread "Thread-5"                          [_thread_blocked, id=409991, stack(0x000072e9e91ea000,0x000072e9e92ea000) (1024K)]
  0x00007f96d87c4990 JavaThread "Thread-6"                          [_thread_blocked, id=409992, stack(0x000072e9e90ea000,0x000072e9e91ea000) (1024K)]
  0x00007f96d87c5f00 JavaThread "Thread-7"                          [_thread_blocked, id=409993, stack(0x000072e9e8fea000,0x000072e9e90ea000) (1024K)]
  0x00007f96d87d7e50 JavaThread "Thread-8"                          [_thread_blocked, id=409994, stack(0x000072e9e8eea000,0x000072e9e8fea000) (1024K)]
  0x00007f96d87d8bb0 JavaThread "Thread-9"                          [_thread_blocked, id=409995, stack(0x000072e9e8dea000,0x000072e9e8eea000) (1024K)]
  0x00007f96d87d9fe0 JavaThread "Thread-10"                         [_thread_blocked, id=409996, stack(0x000072e9e8cea000,0x000072e9e8dea000) (1024K)]
  0x00007f96d87db570 JavaThread "Thread-11"                         [_thread_blocked, id=409997, stack(0x000072e9e8bea000,0x000072e9e8cea000) (1024K)]
  0x00007f96d87dcb00 JavaThread "Thread-12"                         [_thread_blocked, id=409998, stack(0x000072e9e8aea000,0x000072e9e8bea000) (1024K)]
  0x00007f96d87ddfb0 JavaThread "Thread-13"                         [_thread_blocked, id=409999, stack(0x000072e9e89ea000,0x000072e9e8aea000) (1024K)]
  0x00007f96d83df850 JavaThread "Thread-14"                         [_thread_blocked, id=410000, stack(0x000072e9e88ea000,0x000072e9e89ea000) (1024K)]
  0x00007f96d83e0760 JavaThread "Thread-15"                         [_thread_blocked, id=410001, stack(0x000072e9e87ea000,0x000072e9e88ea000) (1024K)]
  0x00007f96d83e1c10 JavaThread "Thread-16"                         [_thread_blocked, id=410002, stack(0x000072e9e86ea000,0x000072e9e87ea000) (1024K)]
  0x00007f96d85d7a60 JavaThread "Thread-17"                         [_thread_blocked, id=410003, stack(0x000072e9e85ea000,0x000072e9e86ea000) (1024K)]
  0x00007f96d85d8fc0 JavaThread "Thread-18"                         [_thread_blocked, id=410004, stack(0x000072e9e84ea000,0x000072e9e85ea000) (1024K)]
  0x00007f96d85da460 JavaThread "Thread-19"                         [_thread_blocked, id=410005, stack(0x000072e9e83ea000,0x000072e9e84ea000) (1024K)]
  0x00007f96d85dba30 JavaThread "Thread-20"                         [_thread_blocked, id=410006, stack(0x000072e9e82ea000,0x000072e9e83ea000) (1024K)]
  0x00007f96d85dced0 JavaThread "Thread-21"                         [_thread_blocked, id=410007, stack(0x000072e9e81ea000,0x000072e9e82ea000) (1024K)]
  0x00007f96d85de760 JavaThread "Thread-22"                         [_thread_blocked, id=410008, stack(0x000072e9e80ea000,0x000072e9e81ea000) (1024K)]
  0x00007f96d85dfff0 JavaThread "Thread-23"                         [_thread_blocked, id=410009, stack(0x000072e9a2f00000,0x000072e9a3000000) (1024K)]
  0x00007f96d85cde00 JavaThread "Thread-24"                         [_thread_blocked, id=410010, stack(0x000072e9a2e00000,0x000072e9a2f00000) (1024K)]
  0x00007f96d85cf690 JavaThread "Thread-25"                         [_thread_blocked, id=410011, stack(0x000072e9a2d00000,0x000072e9a2e00000) (1024K)]
  0x00007f96d85d0f20 JavaThread "Thread-26"                         [_thread_blocked, id=410012, stack(0x000072e9a2c00000,0x000072e9a2d00000) (1024K)]
  0x00007f96d85d27b0 JavaThread "Thread-27"                         [_thread_blocked, id=410013, stack(0x000072e9a2b00000,0x000072e9a2c00000) (1024K)]
  0x00007f96d85d4040 JavaThread "Thread-28"                         [_thread_blocked, id=410014, stack(0x000072e9a2a00000,0x000072e9a2b00000) (1024K)]
  0x00007f96d85d58d0 JavaThread "Thread-29"                         [_thread_blocked, id=410015, stack(0x000072e9a2900000,0x000072e9a2a00000) (1024K)]
  0x00007f96d83d27a0 JavaThread "Thread-30"                         [_thread_blocked, id=410016, stack(0x000072e9a2800000,0x000072e9a2900000) (1024K)]
  0x00007f96d83d3ff0 JavaThread "Thread-31"                         [_thread_blocked, id=410017, stack(0x000072e9a2700000,0x000072e9a2800000) (1024K)]
  0x000072e91c112a60 JavaThread "C2 CompilerThread3"         daemon [_thread_blocked, id=410018, stack(0x000072e9a2600000,0x000072e9a2700000) (1024K)]
  0x000072e91009d1a0 JavaThread "C2 CompilerThread4"         daemon [_thread_blocked, id=410019, stack(0x000072e9a2500000,0x000072e9a2600000) (1024K)]
  0x000072e9140887a0 JavaThread "C2 CompilerThread5"         daemon [_thread_in_native, id=410020, stack(0x000072e9a2400000,0x000072e9a2500000) (1024K)]
  0x000072e914089f30 JavaThread "C2 CompilerThread6"         daemon [_thread_blocked, id=410021, stack(0x000072e9a2300000,0x000072e9a2400000) (1024K)]
  0x000072e90407a520 JavaThread "C2 CompilerThread7"         daemon [_thread_blocked, id=410022, stack(0x000072e9a2200000,0x000072e9a2300000) (1024K)]
  0x000072e870070310 JavaThread "C1 CompilerThread4"         daemon [_thread_blocked, id=410023, stack(0x000072e9a2100000,0x000072e9a2200000) (1024K)]
  0x000072e904135d70 JavaThread "C2 CompilerThread8"         daemon [_thread_blocked, id=410024, stack(0x000072e9a2000000,0x000072e9a2100000) (1024K)]
  0x000072e87c098ea0 JavaThread "C2 CompilerThread9"         daemon [_thread_blocked, id=410025, stack(0x000072e9a1f00000,0x000072e9a2000000) (1024K)]
Total: 56

Other Threads:
  0x00007f96d8519a70 VMThread "VM Thread"                           [id=409947, stack(0x00007f96dc0fe000,0x00007f96dc1fe000) (1024K)]
  0x00007f96d85076c0 WatcherThread "VM Periodic Task Thread"        [id=409946, stack(0x00007f96dc1ff000,0x00007f96dc2ff000) (1024K)]

=>0x00007f96d8530ca0 (exited) NamedThread "MMTk Collector Thread"   [id=409955, stack(0x000072e9eb5fd000,0x000072e9eb6fd000) (1024K)]
Total: 3

Threads with active compile tasks:
C2 CompilerThread0  3067 2894       4       org.apache.xerces.impl.XMLScanner::scanAttributeValue (995 bytes)
C2 CompilerThread1  3067 2877       4       org.apache.xpath.axes.WalkingIterator::nextNode (69 bytes)
C2 CompilerThread2  3067 2966       4       org.apache.xpath.axes.LocPathIterator::execute (29 bytes)
C2 CompilerThread3  3067 2961   !   4       org.apache.xerces.impl.XMLDocumentFragmentScannerImpl$FragmentContentDispatcher::dispatch (1118 bytes)
C2 CompilerThread4  3067 2904       4       org.apache.xpath.Expression::asNode (16 bytes)
C2 CompilerThread5  3067 2320   !   4       org.apache.xalan.templates.ElemApplyTemplates::transformSelectedNodes (979 bytes)
C2 CompilerThread6  3067 2933   !   4       org.apache.xalan.templates.ElemValueOf::execute (230 bytes)
C2 CompilerThread7  3067 2930       4       org.apache.xml.dtm.ref.DTMDefaultBase::getPreviousSibling (78 bytes)
C2 CompilerThread8  3067 2885       4       org.apache.xerces.impl.XMLNSDocumentScannerImpl::scanAttribute (595 bytes)
C2 CompilerThread9  3067 2887       4       org.apache.xpath.axes.WalkingIterator::setRoot (31 bytes)
Total: 10

VM state: at safepoint (normal execution)

VM Mutex/Monitor currently owned by a thread:  ([mutex/lock_event])
[0x00007f96e15580d0] Threads_lock - owner thread: 0x00007f96d8519a70
[0x00007f96e1557fd0] Heap_lock - owner thread: 0x00007f96d83e2eb0

Heap address: 0x0000000040000000, size: 3072 MB, Compressed Oops mode: 32-bit

CDS archive(s) mapped at: [0x000072e9a3000000-0x000072e9a3ca3000-0x000072e9a3ca3000), size 13250560, SharedBaseAddress: 0x000072e9a3000000, ArchiveRelocationMode: 1.
Compressed class space mapped at: 0x000072e9a4000000-0x000072e9e4000000, reserved size: 1073741824
Narrow klass base: 0x000072e9a3000000, Narrow klass shift: 0, Narrow klass range: 0x100000000

GC Precious Log:
<Empty>

Heap:

[error occurred during error reporting (printing heap information), id 0xe0000000, Internal Error (/mydata/mmtk-openjdk/openjdk/share/mmtkHeap.cpp:424)]
Metaspace:

Usage:
  Non-class:      6.98 MB used.
      Class:    964.45 KB used.
       Both:      7.92 MB used.

Virtual space:
  Non-class space:       64.00 MB reserved,       7.06 MB ( 11%) committed,  1 nodes.
      Class space:        1.00 GB reserved,       1.06 MB ( <1%) committed,  1 nodes.
             Both:        1.06 GB reserved,       8.12 MB ( <1%) committed. 

Chunk freelists:
   Non-Class:  7.38 MB
       Class:  14.99 MB
        Both:  22.37 MB

MaxMetaspaceSize: unlimited
CompressedClassSpaceSize: 1.00 GB
Initial GC threshold: 21.00 MB
Current GC threshold: 21.00 MB
CDS: on
 - commit_granule_bytes: 65536.
 - commit_granule_words: 8192.
 - virtual_space_node_default_size: 8388608.
 - enlarge_chunks_in_place: 1.
 - use_allocation_guard: 0.


Internal statistics:

num_allocs_failed_limit: 0.
num_arena_births: 120.
num_arena_deaths: 0.
num_vsnodes_births: 2.
num_vsnodes_deaths: 0.
num_space_committed: 130.
num_space_uncommitted: 0.
num_chunks_returned_to_freelist: 0.
num_chunks_taken_from_freelist: 360.
num_chunk_merges: 0.
num_chunk_splits: 257.
num_chunks_enlarged: 207.
num_inconsistent_stats: 0.

CodeHeap 'non-profiled nmethods': size=118880Kb used=1658Kb max_used=1658Kb free=117221Kb
 bounds [0x00007f96c83e8000, 0x00007f96c8658000, 0x00007f96cf800000]
CodeHeap 'profiled nmethods': size=118876Kb used=6532Kb max_used=6532Kb free=112343Kb
 bounds [0x00007f96c0800000, 0x00007f96c0e70000, 0x00007f96c7c17000]
CodeHeap 'non-nmethods': size=8004Kb used=3487Kb max_used=3559Kb free=4516Kb
 bounds [0x00007f96c7c17000, 0x00007f96c7f97000, 0x00007f96c83e8000]
CodeCache: size=245760Kb, used=11677Kb, max_used=11749Kb, free=234080Kb
 total_blobs=3435, nmethods=2951, adapters=381, full_count=0
Compilation: enabled, stopped_count=0, restarted_count=0

Compilation events (20 events):
Event: 3.056 Thread 0x000072e904135d70 2885       4       org.apache.xerces.impl.XMLNSDocumentScannerImpl::scanAttribute (595 bytes)
Event: 3.056 Thread 0x000072e910001600 2981       1       org.apache.xml.serializer.SerializerBase::getTransformer (5 bytes)
Event: 3.057 Thread 0x000072e910001600 nmethod 2981 0x00007f96c857a390 code [0x00007f96c857a520, 0x00007f96c857a5e0]
Event: 3.057 Thread 0x000072e914089f30 nmethod 2977 0x00007f96c857a690 code [0x00007f96c857a820, 0x00007f96c857ac28]
Event: 3.057 Thread 0x00007f96d8555510 nmethod 2980 0x00007f96c0e5fe90 code [0x00007f96c0e60160, 0x00007f96c0e60eb0]
Event: 3.057 Thread 0x000072e914089f30 2933   !   4       org.apache.xalan.templates.ElemValueOf::execute (230 bytes)
Event: 3.057 Thread 0x000072e91009d1a0 nmethod 2880 0x00007f96c857ad90 code [0x00007f96c857af40, 0x00007f96c857b3c8]
Event: 3.057 Thread 0x000072e91009d1a0 2928       4       org.apache.xml.dtm.ref.DTMDefaultBase::_prevsib (56 bytes)
Event: 3.057 Thread 0x000072e9180b45e0 nmethod 2651 0x00007f96c857b690 code [0x00007f96c857c040, 0x00007f96c8581518]
Event: 3.058 Thread 0x000072e90407a520 nmethod 2868 0x00007f96c8584a90 code [0x00007f96c8584c80, 0x00007f96c8585440]
Event: 3.058 Thread 0x000072e90407a520 2930       4       org.apache.xml.dtm.ref.DTMDefaultBase::getPreviousSibling (78 bytes)
Event: 3.058 Thread 0x000072e9180b45e0 2402       4       org.apache.xml.serializer.ElemContext::push (60 bytes)
Event: 3.058 Thread 0x000072e91009d1a0 nmethod 2928 0x00007f96c8585b10 code [0x00007f96c8585ca0, 0x00007f96c8585e38]
Event: 3.058 Thread 0x000072e91009d1a0 2932       4       org.apache.xpath.Expression::assertion (28 bytes)
Event: 3.059 Thread 0x000072e91009d1a0 nmethod 2932 0x00007f96c8586010 code [0x00007f96c8586180, 0x00007f96c8586228]
Event: 3.059 Thread 0x000072e91009d1a0 2904       4       org.apache.xpath.Expression::asNode (16 bytes)
Event: 3.059 Thread 0x000072e9180b45e0 nmethod 2402 0x00007f96c8586310 code [0x00007f96c85864a0, 0x00007f96c8586630]
Event: 3.059 Thread 0x000072e9180b45e0 2348       4       java.nio.ByteBuffer::clear (7 bytes)
Event: 3.059 Thread 0x000072e9180b45e0 nmethod 2348 0x00007f96c8586710 code [0x00007f96c8586880, 0x00007f96c8586920]
Event: 3.059 Thread 0x000072e9180b45e0 2966       4       org.apache.xpath.axes.LocPathIterator::execute (29 bytes)

GC Heap History (0 events):
No events

Dll operation events (7 events):
Event: 0.001 Loaded shared library /mydata/openjdk-mmtk/build/b0test/images/jdk/lib/libjava.so
Event: 2.215 Loaded shared library /mydata/openjdk-mmtk/build/b0test/images/jdk/lib/libjsvml.so
Event: 2.229 Loaded shared library /mydata/openjdk-mmtk/build/b0test/images/jdk/lib/libnio.so
Event: 2.232 Loaded shared library /mydata/openjdk-mmtk/build/b0test/images/jdk/lib/libzip.so
Event: 2.246 Loaded shared library /mydata/openjdk-mmtk/build/b0test/images/jdk/lib/libjimage.so
Event: 2.272 Loaded shared library /mydata/openjdk-mmtk/build/b0test/images/jdk/lib/libnet.so
Event: 2.369 Loaded shared library /mydata/openjdk-mmtk/build/b0test/images/jdk/lib/libverify.so

Deoptimization events (20 events):
Event: 2.951 Thread 0x00007f96d87dcb00 DEOPT PACKING pc=0x00007f96c85322e4 sp=0x000072e9e8be7400
Event: 2.951 Thread 0x00007f96d87dcb00 DEOPT UNPACKING pc=0x00007f96c7c6a399 sp=0x000072e9e8be73e0 mode 2
Event: 2.955 Thread 0x00007f96d85dba30 DEOPT PACKING pc=0x00007f96c85322e4 sp=0x000072e9e83e79d0
Event: 2.955 Thread 0x00007f96d85dba30 DEOPT UNPACKING pc=0x00007f96c7c6a399 sp=0x000072e9e83e79b0 mode 2
Event: 2.979 Thread 0x00007f96d85d27b0 DEOPT PACKING pc=0x00007f96c0ca293d sp=0x000072e9a2bfe0e0
Event: 2.979 Thread 0x00007f96d85d27b0 DEOPT UNPACKING pc=0x00007f96c7c6ab2f sp=0x000072e9a2bfd5d8 mode 0
Event: 2.988 Thread 0x00007f96d83d27a0 DEOPT PACKING pc=0x00007f96c0ca293d sp=0x000072e9a28fe0e0
Event: 2.988 Thread 0x00007f96d83d27a0 DEOPT UNPACKING pc=0x00007f96c7c6ab2f sp=0x000072e9a28fd5d8 mode 0
Event: 2.997 Thread 0x00007f96d85d8fc0 DEOPT PACKING pc=0x00007f96c0ca293d sp=0x000072e9e85e80a0
Event: 2.997 Thread 0x00007f96d85d8fc0 DEOPT UNPACKING pc=0x00007f96c7c6ab2f sp=0x000072e9e85e7598 mode 0
Event: 3.023 Thread 0x00007f96d87dcb00 DEOPT PACKING pc=0x00007f96c0d2465c sp=0x000072e9e8be8380
Event: 3.023 Thread 0x00007f96d87dcb00 DEOPT UNPACKING pc=0x00007f96c7c6ab2f sp=0x000072e9e8be78d8 mode 0
Event: 3.024 Thread 0x00007f96d87c5f00 DEOPT PACKING pc=0x00007f96c0d2465c sp=0x000072e9e90e8370
Event: 3.024 Thread 0x00007f96d87c5f00 DEOPT UNPACKING pc=0x00007f96c7c6ab2f sp=0x000072e9e90e78c8 mode 0
Event: 3.029 Thread 0x00007f96d87d9fe0 DEOPT PACKING pc=0x00007f96c0d2465c sp=0x000072e9e8de82f0
Event: 3.029 Thread 0x00007f96d87d9fe0 DEOPT UNPACKING pc=0x00007f96c7c6ab2f sp=0x000072e9e8de7848 mode 0
Event: 3.035 Thread 0x00007f96d87c4990 DEOPT PACKING pc=0x00007f96c0d2465c sp=0x000072e9e91e8230
Event: 3.035 Thread 0x00007f96d87c4990 DEOPT UNPACKING pc=0x00007f96c7c6ab2f sp=0x000072e9e91e7788 mode 0
Event: 3.055 Thread 0x00007f96d87ddfb0 DEOPT PACKING pc=0x00007f96c0d2465c sp=0x000072e9e8ae8230
Event: 3.055 Thread 0x00007f96d87ddfb0 DEOPT UNPACKING pc=0x00007f96c7c6ab2f sp=0x000072e9e8ae7788 mode 0

Classes loaded (20 events):
Event: 2.635 Loading class java/util/ResourceBundle$KeyElementReference
Event: 2.635 Loading class java/util/ResourceBundle$CacheKeyReference
Event: 2.635 Loading class java/util/ResourceBundle$CacheKeyReference done
Event: 2.635 Loading class java/util/ResourceBundle$KeyElementReference done
Event: 2.636 Loading class java/util/ResourceBundle$Control$2
Event: 2.636 Loading class java/util/ResourceBundle$Control$2 done
Event: 2.636 Loading class sun/util/PropertyResourceBundleCharset
Event: 2.636 Loading class sun/util/PropertyResourceBundleCharset done
Event: 2.637 Loading class sun/util/PropertyResourceBundleCharset$PropertiesFileDecoder
Event: 2.637 Loading class sun/util/PropertyResourceBundleCharset$PropertiesFileDecoder done
Event: 2.638 Loading class java/util/ResourceBundle$BundleReference
Event: 2.638 Loading class java/util/ResourceBundle$BundleReference done
Event: 2.638 Loading class sun/util/ResourceBundleEnumeration
Event: 2.638 Loading class sun/util/ResourceBundleEnumeration done
Event: 2.645 Loading class sun/nio/cs/ISO_8859_1$Encoder
Event: 2.645 Loading class sun/nio/cs/ISO_8859_1$Encoder done
Event: 2.683 Loading class java/util/ResourceBundle$Control$1
Event: 2.683 Loading class java/util/ResourceBundle$Control$1 done
Event: 2.699 Loading class java/lang/foreign/MemorySegment
Event: 2.699 Loading class java/lang/foreign/MemorySegment done

Classes unloaded (0 events):
No events

Classes redefined (0 events):
No events

Internal exceptions (13 events):
Event: 2.239 Thread 0x00007f96d802b240 Exception <a 'java/lang/NoSuchMethodError'{0x0000000040334090}: 'java.lang.Object java.lang.invoke.DirectMethodHandle$Holder.newInvokeSpecial(java.lang.Object, int, java.lang.Object)'> (0x0000000040334090) 
thrown [src/hotspot/share/interpreter/linkResolver.cpp, line 772]
Event: 2.248 Thread 0x00007f96d802b240 Exception <a 'java/lang/NoSuchMethodError'{0x00000000402f9e28}: 'void java.lang.invoke.DirectMethodHandle$Holder.invokeStatic(java.lang.Object, java.lang.Object)'> (0x00000000402f9e28) 
thrown [src/hotspot/share/interpreter/linkResolver.cpp, line 772]
Event: 2.249 Thread 0x00007f96d802b240 Exception <a 'java/lang/NoSuchMethodError'{0x00000000402fd820}: 'void java.lang.invoke.DirectMethodHandle$Holder.invokeSpecial(java.lang.Object, java.lang.Object, java.lang.Object)'> (0x00000000402fd820) 
thrown [src/hotspot/share/interpreter/linkResolver.cpp, line 772]
Event: 2.291 Thread 0x00007f96d802b240 Exception <a 'java/lang/NoSuchMethodError'{0x00000000401b5ca8}: 'void java.lang.invoke.DirectMethodHandle$Holder.invokeVirtual(java.lang.Object, java.lang.Object)'> (0x00000000401b5ca8) 
thrown [src/hotspot/share/interpreter/linkResolver.cpp, line 772]
Event: 2.296 Thread 0x00007f96d802b240 Exception <a 'java/io/FileNotFoundException'{0x0000000040196640}> (0x0000000040196640) 
thrown [src/hotspot/share/prims/jni.cpp, line 520]
Event: 2.307 Thread 0x00007f96d802b240 Exception <a 'java/lang/NoSuchMethodError'{0x0000000040128298}: 'java.lang.Object java.lang.invoke.Invokers$Holder.invokeExact_MT(java.lang.Object, java.lang.Object, java.lang.Object, java.lang.Object, java.lang.Object)'> (0x0000000040128298) 
thrown [src/hotspot/share/interpreter/linkResolver.cpp, line 772]
Event: 2.493 Thread 0x00007f96d802b240 Exception <a 'java/lang/NoSuchMethodError'{0x0000000040eb0ad8}: 'void java.lang.invoke.DirectMethodHandle$Holder.invokeVirtual(java.lang.Object, java.lang.Object, int)'> (0x0000000040eb0ad8) 
thrown [src/hotspot/share/interpreter/linkResolver.cpp, line 772]
Event: 2.493 Thread 0x00007f96d802b240 Exception <a 'java/lang/NoSuchMethodError'{0x0000000040eb5200}: 'int java.lang.invoke.DirectMethodHandle$Holder.invokeSpecial(java.lang.Object, java.lang.Object, java.lang.Object, int)'> (0x0000000040eb5200) 
thrown [src/hotspot/share/interpreter/linkResolver.cpp, line 772]
Event: 2.495 Thread 0x00007f96d802b240 Exception <a 'java/lang/NoSuchMethodError'{0x0000000040ea7f90}: 'java.lang.Object java.lang.invoke.DirectMethodHandle$Holder.invokeStatic(java.lang.Object, java.lang.Object, java.lang.Object, java.lang.Object, int)'> (0x0000000040ea7f90) 
thrown [src/hotspot/share/interpreter/linkResolver.cpp, line 772]
Event: 2.496 Thread 0x00007f96d802b240 Exception <a 'java/lang/NoSuchMethodError'{0x0000000040e931a8}: 'void java.lang.invoke.DelegatingMethodHandle$Holder.reinvoke_L(java.lang.Object, java.lang.Object, int)'> (0x0000000040e931a8) 
thrown [src/hotspot/share/interpreter/linkResolver.cpp, line 772]
Event: 2.496 Thread 0x00007f96d802b240 Exception <a 'java/lang/NoSuchMethodError'{0x0000000040e89f00}: 'int java.lang.invoke.DirectMethodHandle$Holder.invokeSpecial(java.lang.Object, java.lang.Object, java.lang.Object)'> (0x0000000040e89f00) 
thrown [src/hotspot/share/interpreter/linkResolver.cpp, line 772]
Event: 2.567 Thread 0x00007f96d802b240 Exception <a 'java/lang/NoSuchMethodError'{0x00000000413be268}: 'void java.lang.invoke.DelegatingMethodHandle$Holder.reinvoke_L(java.lang.Object, java.lang.Object, int, int)'> (0x00000000413be268) 
thrown [src/hotspot/share/interpreter/linkResolver.cpp, line 772]
Event: 2.634 Thread 0x00007f96d83e1c10 Exception <a 'java/lang/NoSuchMethodError'{0x0000000040d58bc0}: 'java.lang.Object java.lang.invoke.DirectMethodHandle$Holder.invokeInterface(java.lang.Object, java.lang.Object)'> (0x0000000040d58bc0) 
thrown [src/hotspot/share/interpreter/linkResolver.cpp, line 772]

ZGC Phase Switch (0 events):
No events

VM Operations (20 events):
Event: 2.740 Executing VM operation: ICBufferFull done
Event: 2.748 Executing VM operation: ICBufferFull
Event: 2.751 Executing VM operation: ICBufferFull done
Event: 2.751 Executing VM operation: ICBufferFull
Event: 2.751 Executing VM operation: ICBufferFull done
Event: 2.754 Executing VM operation: ICBufferFull
Event: 2.755 Executing VM operation: ICBufferFull done
Event: 2.756 Executing VM operation: ICBufferFull
Event: 2.758 Executing VM operation: ICBufferFull done
Event: 2.946 Executing VM operation: ICBufferFull
Event: 2.946 Executing VM operation: ICBufferFull done
Event: 2.948 Executing VM operation: ICBufferFull
Event: 2.949 Executing VM operation: ICBufferFull done
Event: 2.950 Executing VM operation: ICBufferFull
Event: 2.954 Executing VM operation: ICBufferFull done
Event: 2.957 Executing VM operation: ICBufferFull
Event: 2.957 Executing VM operation: ICBufferFull done
Event: 3.037 Executing VM operation: ThirdPartyHeapOperation
Event: 3.053 Executing VM operation: ThirdPartyHeapOperation done
Event: 3.060 Executing VM operation: ThirdPartyHeapOperation

Memory protections (20 events):
Event: 2.601 Protecting memory [0x000072e9e82ea000,0x000072e9e82ee000] with protection modes 0
Event: 2.601 Protecting memory [0x000072e9e81ea000,0x000072e9e81ee000] with protection modes 0
Event: 2.601 Protecting memory [0x000072e9e80ea000,0x000072e9e80ee000] with protection modes 0
Event: 2.601 Protecting memory [0x000072e9a2f00000,0x000072e9a2f04000] with protection modes 0
Event: 2.601 Protecting memory [0x000072e9a2e00000,0x000072e9a2e04000] with protection modes 0
Event: 2.602 Protecting memory [0x000072e9a2d00000,0x000072e9a2d04000] with protection modes 0
Event: 2.602 Protecting memory [0x000072e9a2c00000,0x000072e9a2c04000] with protection modes 0
Event: 2.602 Protecting memory [0x000072e9a2b00000,0x000072e9a2b04000] with protection modes 0
Event: 2.602 Protecting memory [0x000072e9a2a00000,0x000072e9a2a04000] with protection modes 0
Event: 2.602 Protecting memory [0x000072e9a2900000,0x000072e9a2904000] with protection modes 0
Event: 2.602 Protecting memory [0x000072e9a2800000,0x000072e9a2804000] with protection modes 0
Event: 2.602 Protecting memory [0x000072e9a2700000,0x000072e9a2704000] with protection modes 0
Event: 2.655 Protecting memory [0x000072e9a2600000,0x000072e9a2604000] with protection modes 0
Event: 2.660 Protecting memory [0x000072e9a2500000,0x000072e9a2504000] with protection modes 0
Event: 2.681 Protecting memory [0x000072e9a2400000,0x000072e9a2404000] with protection modes 0
Event: 2.681 Protecting memory [0x000072e9a2300000,0x000072e9a2304000] with protection modes 0
Event: 2.683 Protecting memory [0x000072e9a2200000,0x000072e9a2204000] with protection modes 0
Event: 2.685 Protecting memory [0x000072e9a2100000,0x000072e9a2104000] with protection modes 0
Event: 2.716 Protecting memory [0x000072e9a1f00000,0x000072e9a1f04000] with protection modes 0
Event: 2.716 Protecting memory [0x000072e9a2000000,0x000072e9a2004000] with protection modes 0

Nmethod flushes (0 events):
No events

Events (20 events):
Event: 2.601 Thread 0x00007f96d802b240 Thread added: 0x00007f96d85dba30
Event: 2.601 Thread 0x00007f96d802b240 Thread added: 0x00007f96d85dced0
Event: 2.601 Thread 0x00007f96d802b240 Thread added: 0x00007f96d85de760
Event: 2.601 Thread 0x00007f96d802b240 Thread added: 0x00007f96d85dfff0
Event: 2.601 Thread 0x00007f96d802b240 Thread added: 0x00007f96d85cde00
Event: 2.602 Thread 0x00007f96d802b240 Thread added: 0x00007f96d85cf690
Event: 2.602 Thread 0x00007f96d802b240 Thread added: 0x00007f96d85d0f20
Event: 2.602 Thread 0x00007f96d802b240 Thread added: 0x00007f96d85d27b0
Event: 2.602 Thread 0x00007f96d802b240 Thread added: 0x00007f96d85d4040
Event: 2.602 Thread 0x00007f96d802b240 Thread added: 0x00007f96d85d58d0
Event: 2.602 Thread 0x00007f96d802b240 Thread added: 0x00007f96d83d27a0
Event: 2.602 Thread 0x00007f96d802b240 Thread added: 0x00007f96d83d3ff0
Event: 2.655 Thread 0x00007f96d8555510 Thread added: 0x000072e91c112a60
Event: 2.660 Thread 0x000072e91c04d5b0 Thread added: 0x000072e91009d1a0
Event: 2.681 Thread 0x000072e910001600 Thread added: 0x000072e9140887a0
Event: 2.681 Thread 0x000072e910001600 Thread added: 0x000072e914089f30
Event: 2.683 Thread 0x000072e91002f930 Thread added: 0x000072e90407a520
Event: 2.684 Thread 0x000072e91009d1a0 Thread added: 0x000072e870070310
Event: 2.714 Thread 0x000072e91002f930 Thread added: 0x000072e904135d70
Event: 2.716 Thread 0x000072e91c112a60 Thread added: 0x000072e87c098ea0


Dynamic libraries:
40000000-40400000 rw-p 00000000 00:00 0                                  [anon:mmtk:space:immix]
40400000-40800000 rw-p 00000000 00:00 0                                  [anon:mmtk:space:los]
40800000-41400000 rw-p 00000000 00:00 0                                  [anon:mmtk:space:immix]
41400000-41800000 rw-p 00000000 00:00 0                                  [anon:mmtk:space:los]
41800000-41c00000 rw-p 00000000 00:00 0                                  [anon:mmtk:space:immix]
41c00000-42000000 rw-p 00000000 00:00 0                                  [anon:mmtk:space:los]
42000000-42400000 rw-p 00000000 00:00 0                                  [anon:mmtk:space:immix]
42400000-42800000 rw-p 00000000 00:00 0                                  [anon:mmtk:space:los]
42800000-43000000 rw-p 00000000 00:00 0                                  [anon:mmtk:space:immix]
43000000-43400000 rw-p 00000000 00:00 0                                  [anon:mmtk:space:los]
43400000-43c00000 rw-p 00000000 00:00 0                                  [anon:mmtk:space:immix]
43c00000-44000000 rw-p 00000000 00:00 0                                  [anon:mmtk:space:los]
44000000-44400000 rw-p 00000000 00:00 0                                  [anon:mmtk:space:immix]
44400000-44800000 rw-p 00000000 00:00 0                                  [anon:mmtk:space:los]
44800000-45000000 rw-p 00000000 00:00 0                                  [anon:mmtk:space:immix]
45000000-45400000 rw-p 00000000 00:00 0                                  [anon:mmtk:space:los]
45400000-45800000 rw-p 00000000 00:00 0                                  [anon:mmtk:space:immix]
45800000-45c00000 rw-p 00000000 00:00 0                                  [anon:mmtk:space:los]
45c00000-46400000 rw-p 00000000 00:00 0                                  [anon:mmtk:space:immix]
46400000-46800000 rw-p 00000000 00:00 0                                  [anon:mmtk:space:los]
46800000-47000000 rw-p 00000000 00:00 0                                  [anon:mmtk:space:immix]
47000000-47400000 rw-p 00000000 00:00 0                                  [anon:mmtk:space:los]
47400000-47800000 rw-p 00000000 00:00 0                                  [anon:mmtk:space:immix]
47800000-47c00000 rw-p 00000000 00:00 0                                  [anon:mmtk:space:los]
47c00000-48400000 rw-p 00000000 00:00 0                                  [anon:mmtk:space:immix]
48400000-48800000 rw-p 00000000 00:00 0                                  [anon:mmtk:space:los]
48800000-48c00000 rw-p 00000000 00:00 0                                  [anon:mmtk:space:immix]
48c00000-49000000 rw-p 00000000 00:00 0                                  [anon:mmtk:space:los]
49000000-49800000 rw-p 00000000 00:00 0                                  [anon:mmtk:space:immix]
49800000-49c00000 rw-p 00000000 00:00 0                                  [anon:mmtk:space:los]
49c00000-4a400000 rw-p 00000000 00:00 0                                  [anon:mmtk:space:immix]
4a400000-4a800000 rw-p 00000000 00:00 0                                  [anon:mmtk:space:los]
4a800000-4ac00000 rw-p 00000000 00:00 0                                  [anon:mmtk:space:immix]
4ac00000-4b000000 rw-p 00000000 00:00 0                                  [anon:mmtk:space:los]
4b000000-4b400000 rw-p 00000000 00:00 0                                  [anon:mmtk:space:immix]
4b400000-4b800000 rw-p 00000000 00:00 0                                  [anon:mmtk:space:los]
4b800000-4c000000 rw-p 00000000 00:00 0                                  [anon:mmtk:space:immix]
4c000000-4c400000 rw-p 00000000 00:00 0                                  [anon:mmtk:space:los]
4c400000-4c800000 rw-p 00000000 00:00 0                                  [anon:mmtk:space:immix]
4c800000-4cc00000 rw-p 00000000 00:00 0                                  [anon:mmtk:space:los]
4cc00000-4d400000 rw-p 00000000 00:00 0                                  [anon:mmtk:space:immix]
4d400000-4d800000 rw-p 00000000 00:00 0                                  [anon:mmtk:space:los]
4d800000-4dc00000 rw-p 00000000 00:00 0                                  [anon:mmtk:space:immix]
4dc00000-4e000000 rw-p 00000000 00:00 0                                  [anon:mmtk:space:los]
4e000000-4e800000 rw-p 00000000 00:00 0                                  [anon:mmtk:space:immix]
4e800000-4ec00000 rw-p 00000000 00:00 0                                  [anon:mmtk:space:los]
4ec00000-4f000000 rw-p 00000000 00:00 0                                  [anon:mmtk:space:immix]
4f000000-4f400000 rw-p 00000000 00:00 0                                  [anon:mmtk:space:los]
4f400000-4fc00000 rw-p 00000000 00:00 0                                  [anon:mmtk:space:immix]
4fc00000-50000000 rw-p 00000000 00:00 0                                  [anon:mmtk:space:los]
50000000-50400000 rw-p 00000000 00:00 0                                  [anon:mmtk:space:immix]
50400000-50800000 rw-p 00000000 00:00 0                                  [anon:mmtk:space:immix]
50800000-50c00000 rw-p 00000000 00:00 0                                  [anon:mmtk:space:los]
200000000000-2000c00c0000 rw-s 00000000 00:10 68                         anon_inode:bpf-map
5f4176f46000-5f4176f47000 r--p 00000000 fc:00 49676352                   /mydata/openjdk-mmtk/build/b0test/images/jdk/bin/java
5f4176f47000-5f4176f48000 r-xp 00001000 fc:00 49676352                   /mydata/openjdk-mmtk/build/b0test/images/jdk/bin/java
5f4176f48000-5f4176f49000 r--p 00002000 fc:00 49676352                   /mydata/openjdk-mmtk/build/b0test/images/jdk/bin/java
5f4176f49000-5f4176f4a000 r--p 00002000 fc:00 49676352                   /mydata/openjdk-mmtk/build/b0test/images/jdk/bin/java
5f4176f4a000-5f4176f4b000 rw-p 00003000 fc:00 49676352                   /mydata/openjdk-mmtk/build/b0test/images/jdk/bin/java
5f419c131000-5f419c179000 rw-p 00000000 00:00 0                          [heap]
72e858000000-72e858558000 rw-p 00000000 00:00 0 
72e858558000-72e85c000000 ---p 00000000 00:00 0 
72e860000000-72e8601ee000 rw-p 00000000 00:00 0 
72e8601ee000-72e864000000 ---p 00000000 00:00 0 
72e864000000-72e864380000 rw-p 00000000 00:00 0 
72e864380000-72e868000000 ---p 00000000 00:00 0 
72e868000000-72e868629000 rw-p 00000000 00:00 0 
72e868629000-72e86c000000 ---p 00000000 00:00 0 
72e86c000000-72e86c6cd000 rw-p 00000000 00:00 0 
72e86c6cd000-72e870000000 ---p 00000000 00:00 0 
72e870000000-72e870882000 rw-p 00000000 00:00 0 
72e870882000-72e874000000 ---p 00000000 00:00 0 
72e874000000-72e874924000 rw-p 00000000 00:00 0 
72e874924000-72e878000000 ---p 00000000 00:00 0 
72e878000000-72e878021000 rw-p 00000000 00:00 0 
72e878021000-72e87c000000 ---p 00000000 00:00 0 
72e87c000000-72e87c58f000 rw-p 00000000 00:00 0 
72e87c58f000-72e880000000 ---p 00000000 00:00 0 
72e880000000-72e880021000 rw-p 00000000 00:00 0 
72e880021000-72e884000000 ---p 00000000 00:00 0 
72e884000000-72e884021000 rw-p 00000000 00:00 0 
72e884021000-72e888000000 ---p 00000000 00:00 0 
72e888000000-72e888021000 rw-p 00000000 00:00 0 
72e888021000-72e88c000000 ---p 00000000 00:00 0 
72e88c000000-72e88c021000 rw-p 00000000 00:00 0 
72e88c021000-72e890000000 ---p 00000000 00:00 0 
72e890000000-72e890021000 rw-p 00000000 00:00 0 
72e890021000-72e894000000 ---p 00000000 00:00 0 
72e894000000-72e894021000 rw-p 00000000 00:00 0 
72e894021000-72e898000000 ---p 00000000 00:00 0 
72e898000000-72e898060000 rw-p 00000000 00:00 0 
72e898060000-72e89c000000 ---p 00000000 00:00 0 
72e89c000000-72e89c021000 rw-p 00000000 00:00 0 
72e89c021000-72e8a0000000 ---p 00000000 00:00 0 
72e8a0000000-72e8a0021000 rw-p 00000000 00:00 0 
72e8a0021000-72e8a4000000 ---p 00000000 00:00 0 
72e8a4000000-72e8a4021000 rw-p 00000000 00:00 0 
72e8a4021000-72e8a8000000 ---p 00000000 00:00 0 
72e8a8000000-72e8a8021000 rw-p 00000000 00:00 0 
72e8a8021000-72e8ac000000 ---p 00000000 00:00 0 
72e8ac000000-72e8ac021000 rw-p 00000000 00:00 0 
72e8ac021000-72e8b0000000 ---p 00000000 00:00 0 
72e8b0000000-72e8b0021000 rw-p 00000000 00:00 0 
72e8b0021000-72e8b4000000 ---p 00000000 00:00 0 
72e8b4000000-72e8b4021000 rw-p 00000000 00:00 0 
72e8b4021000-72e8b8000000 ---p 00000000 00:00 0 
72e8b8000000-72e8b8040000 rw-p 00000000 00:00 0 
72e8b8040000-72e8bc000000 ---p 00000000 00:00 0 
72e8bc000000-72e8bc021000 rw-p 00000000 00:00 0 
72e8bc021000-72e8c0000000 ---p 00000000 00:00 0 
72e8c0000000-72e8c0021000 rw-p 00000000 00:00 0 
72e8c0021000-72e8c4000000 ---p 00000000 00:00 0 
72e8c4000000-72e8c4023000 rw-p 00000000 00:00 0 
72e8c4023000-72e8c8000000 ---p 00000000 00:00 0 
72e8c8000000-72e8c805a000 rw-p 00000000 00:00 0 
72e8c805a000-72e8cc000000 ---p 00000000 00:00 0 
72e8cc000000-72e8cc02b000 rw-p 00000000 00:00 0 
72e8cc02b000-72e8d0000000 ---p 00000000 00:00 0 
72e8d0000000-72e8d0022000 rw-p 00000000 00:00 0 
72e8d0022000-72e8d4000000 ---p 00000000 00:00 0 
72e8d4000000-72e8d4021000 rw-p 00000000 00:00 0 
72e8d4021000-72e8d8000000 ---p 00000000 00:00 0 
72e8d8000000-72e8d8021000 rw-p 00000000 00:00 0 
72e8d8021000-72e8dc000000 ---p 00000000 00:00 0 
72e8dc000000-72e8dc04a000 rw-p 00000000 00:00 0 
72e8dc04a000-72e8e0000000 ---p 00000000 00:00 0 
72e8e0000000-72e8e0024000 rw-p 00000000 00:00 0 
72e8e0024000-72e8e4000000 ---p 00000000 00:00 0 
72e8e4000000-72e8e4021000 rw-p 00000000 00:00 0 
72e8e4021000-72e8e8000000 ---p 00000000 00:00 0 
72e8e8000000-72e8e8021000 rw-p 00000000 00:00 0 
72e8e8021000-72e8ec000000 ---p 00000000 00:00 0 
72e8ec000000-72e8ec021000 rw-p 00000000 00:00 0 
72e8ec021000-72e8f0000000 ---p 00000000 00:00 0 
72e8f0000000-72e8f0021000 rw-p 00000000 00:00 0 
72e8f0021000-72e8f4000000 ---p 00000000 00:00 0 
72e8f4000000-72e8f4030000 rw-p 00000000 00:00 0 
72e8f4030000-72e8f8000000 ---p 00000000 00:00 0 
72e8f8000000-72e8f89a2000 rw-p 00000000 00:00 0 
72e8f89a2000-72e8fc000000 ---p 00000000 00:00 0 
72e8fc000000-72e8fc025000 rw-p 00000000 00:00 0 
72e8fc025000-72e900000000 ---p 00000000 00:00 0 
72e900000000-72e900589000 rw-p 00000000 00:00 0 
72e900589000-72e904000000 ---p 00000000 00:00 0 
72e904000000-72e9041ee000 rw-p 00000000 00:00 0 
72e9041ee000-72e908000000 ---p 00000000 00:00 0 
72e908000000-72e908021000 rw-p 00000000 00:00 0 
72e908021000-72e90c000000 ---p 00000000 00:00 0 
72e90c000000-72e90c021000 rw-p 00000000 00:00 0 
72e90c021000-72e910000000 ---p 00000000 00:00 0 
72e910000000-72e910296000 rw-p 00000000 00:00 0 
72e910296000-72e914000000 ---p 00000000 00:00 0 
72e914000000-72e9142a4000 rw-p 00000000 00:00 0 
72e9142a4000-72e918000000 ---p 00000000 00:00 0 
72e918000000-72e918985000 rw-p 00000000 00:00 0 
72e918985000-72e91c000000 ---p 00000000 00:00 0 
72e91c000000-72e91c2a6000 rw-p 00000000 00:00 0 
72e91c2a6000-72e920000000 ---p 00000000 00:00 0 
72e920000000-72e920021000 rw-p 00000000 00:00 0 
72e920021000-72e924000000 ---p 00000000 00:00 0 
72e924000000-72e924021000 rw-p 00000000 00:00 0 
72e924021000-72e928000000 ---p 00000000 00:00 0 
72e928000000-72e928021000 rw-p 00000000 00:00 0 
72e928021000-72e92c000000 ---p 00000000 00:00 0 
72e92c000000-72e92c021000 rw-p 00000000 00:00 0 
72e92c021000-72e930000000 ---p 00000000 00:00 0 
72e930000000-72e93002a000 rw-p 00000000 00:00 0 
72e93002a000-72e934000000 ---p 00000000 00:00 0 
72e934000000-72e934033000 rw-p 00000000 00:00 0 
72e934033000-72e938000000 ---p 00000000 00:00 0 
72e938000000-72e93804c000 rw-p 00000000 00:00 0 
72e93804c000-72e93c000000 ---p 00000000 00:00 0 
72e93c000000-72e93c022000 rw-p 00000000 00:00 0 
72e93c022000-72e940000000 ---p 00000000 00:00 0 
72e940000000-72e940027000 rw-p 00000000 00:00 0 
72e940027000-72e944000000 ---p 00000000 00:00 0 
72e944000000-72e944042000 rw-p 00000000 00:00 0 
72e944042000-72e948000000 ---p 00000000 00:00 0 
72e948000000-72e948032000 rw-p 00000000 00:00 0 
72e948032000-72e94c000000 ---p 00000000 00:00 0 
72e94c000000-72e94c03a000 rw-p 00000000 00:00 0 
72e94c03a000-72e950000000 ---p 00000000 00:00 0 
72e950000000-72e950043000 rw-p 00000000 00:00 0 
72e950043000-72e954000000 ---p 00000000 00:00 0 
72e954000000-72e954021000 rw-p 00000000 00:00 0 
72e954021000-72e958000000 ---p 00000000 00:00 0 
72e958000000-72e95803b000 rw-p 00000000 00:00 0 
72e95803b000-72e95c000000 ---p 00000000 00:00 0 
72e95c000000-72e95c021000 rw-p 00000000 00:00 0 
72e95c021000-72e960000000 ---p 00000000 00:00 0 
72e960000000-72e96004a000 rw-p 00000000 00:00 0 
72e96004a000-72e964000000 ---p 00000000 00:00 0 
72e964000000-72e96403b000 rw-p 00000000 00:00 0 
72e96403b000-72e968000000 ---p 00000000 00:00 0 
72e968000000-72e96802a000 rw-p 00000000 00:00 0 
72e96802a000-72e96c000000 ---p 00000000 00:00 0 
72e96c000000-72e96c033000 rw-p 00000000 00:00 0 
72e96c033000-72e970000000 ---p 00000000 00:00 0 
72e970000000-72e9700ed000 rw-p 00000000 00:00 0 
72e9700ed000-72e974000000 ---p 00000000 00:00 0 
72e974000000-72e974032000 rw-p 00000000 00:00 0 
72e974032000-72e978000000 ---p 00000000 00:00 0 
72e978000000-72e978190000 rw-p 00000000 00:00 0 
72e978190000-72e97c000000 ---p 00000000 00:00 0 
72e97c000000-72e97c034000 rw-p 00000000 00:00 0 
72e97c034000-72e980000000 ---p 00000000 00:00 0 
72e980000000-72e980044000 rw-p 00000000 00:00 0 
72e980044000-72e984000000 ---p 00000000 00:00 0 
72e984000000-72e984023000 rw-p 00000000 00:00 0 
72e984023000-72e988000000 ---p 00000000 00:00 0 
72e988000000-72e988021000 rw-p 00000000 00:00 0 
72e988021000-72e98c000000 ---p 00000000 00:00 0 
72e98c000000-72e98c021000 rw-p 00000000 00:00 0 
72e98c021000-72e990000000 ---p 00000000 00:00 0 
72e990000000-72e990021000 rw-p 00000000 00:00 0 
72e990021000-72e994000000 ---p 00000000 00:00 0 
72e994000000-72e994021000 rw-p 00000000 00:00 0 
72e994021000-72e998000000 ---p 00000000 00:00 0 
72e998000000-72e998270000 rw-p 00000000 00:00 0 
72e998270000-72e998400000 ---p 00000000 00:00 0 
72e998400000-72e9988a0000 rw-p 00000000 00:00 0 
72e9988a0000-72e99c000000 ---p 00000000 00:00 0 
72e99c000000-72e99c021000 rw-p 00000000 00:00 0 
72e99c021000-72e9a0000000 ---p 00000000 00:00 0 
72e9a1abb000-72e9a1f00000 rw-p 00000000 00:00 0 
72e9a1f00000-72e9a1f04000 ---p 00000000 00:00 0 
72e9a1f04000-72e9a2000000 rw-p 00000000 00:00 0 
72e9a2000000-72e9a2004000 ---p 00000000 00:00 0 
72e9a2004000-72e9a2100000 rw-p 00000000 00:00 0 
72e9a2100000-72e9a2104000 ---p 00000000 00:00 0 
72e9a2104000-72e9a2200000 rw-p 00000000 00:00 0 
72e9a2200000-72e9a2204000 ---p 00000000 00:00 0 
72e9a2204000-72e9a2300000 rw-p 00000000 00:00 0 
72e9a2300000-72e9a2304000 ---p 00000000 00:00 0 
72e9a2304000-72e9a2400000 rw-p 00000000 00:00 0 
72e9a2400000-72e9a2404000 ---p 00000000 00:00 0 
72e9a2404000-72e9a2500000 rw-p 00000000 00:00 0 
72e9a2500000-72e9a2504000 ---p 00000000 00:00 0 
72e9a2504000-72e9a2600000 rw-p 00000000 00:00 0 
72e9a2600000-72e9a2604000 ---p 00000000 00:00 0 
72e9a2604000-72e9a2700000 rw-p 00000000 00:00 0 
72e9a2700000-72e9a2704000 ---p 00000000 00:00 0 
72e9a2704000-72e9a2800000 rw-p 00000000 00:00 0 
72e9a2800000-72e9a2804000 ---p 00000000 00:00 0 
72e9a2804000-72e9a2900000 rw-p 00000000 00:00 0 
72e9a2900000-72e9a2904000 ---p 00000000 00:00 0 
72e9a2904000-72e9a2a00000 rw-p 00000000 00:00 0 
72e9a2a00000-72e9a2a04000 ---p 00000000 00:00 0 
72e9a2a04000-72e9a2b00000 rw-p 00000000 00:00 0 
72e9a2b00000-72e9a2b04000 ---p 00000000 00:00 0 
72e9a2b04000-72e9a2c00000 rw-p 00000000 00:00 0 
72e9a2c00000-72e9a2c04000 ---p 00000000 00:00 0 
72e9a2c04000-72e9a2d00000 rw-p 00000000 00:00 0 
72e9a2d00000-72e9a2d04000 ---p 00000000 00:00 0 
72e9a2d04000-72e9a2e00000 rw-p 00000000 00:00 0 
72e9a2e00000-72e9a2e04000 ---p 00000000 00:00 0 
72e9a2e04000-72e9a2f00000 rw-p 00000000 00:00 0 
72e9a2f00000-72e9a2f04000 ---p 00000000 00:00 0 
72e9a2f04000-72e9a3000000 rw-p 00000000 00:00 0 
72e9a3000000-72e9a3ca3000 rw-p 00001000 fc:00 49677059                   /mydata/openjdk-mmtk/build/b0test/images/jdk/lib/server/classes.jsa
72e9a3ca3000-72e9a4000000 ---p 00000000 00:00 0 
72e9a4000000-72e9a4040000 rw-p 00000000 00:00 0 
72e9a4040000-72e9a4110000 rw-p 00000000 00:00 0 
72e9a4110000-72e9e4000000 ---p 00000000 00:00 0 
72e9e4000000-72e9e4021000 rw-p 00000000 00:00 0 
72e9e4021000-72e9e8000000 ---p 00000000 00:00 0 
72e9e80ea000-72e9e80ee000 ---p 00000000 00:00 0 
72e9e80ee000-72e9e81ea000 rw-p 00000000 00:00 0 
72e9e81ea000-72e9e81ee000 ---p 00000000 00:00 0 
72e9e81ee000-72e9e82ea000 rw-p 00000000 00:00 0 
72e9e82ea000-72e9e82ee000 ---p 00000000 00:00 0 
72e9e82ee000-72e9e83ea000 rw-p 00000000 00:00 0 
72e9e83ea000-72e9e83ee000 ---p 00000000 00:00 0 
72e9e83ee000-72e9e84ea000 rw-p 00000000 00:00 0 
72e9e84ea000-72e9e84ee000 ---p 00000000 00:00 0 
72e9e84ee000-72e9e85ea000 rw-p 00000000 00:00 0 
72e9e85ea000-72e9e85ee000 ---p 00000000 00:00 0 
72e9e85ee000-72e9e86ea000 rw-p 00000000 00:00 0 
72e9e86ea000-72e9e86ee000 ---p 00000000 00:00 0 
72e9e86ee000-72e9e87ea000 rw-p 00000000 00:00 0 
72e9e87ea000-72e9e87ee000 ---p 00000000 00:00 0 
72e9e87ee000-72e9e88ea000 rw-p 00000000 00:00 0 
72e9e88ea000-72e9e88ee000 ---p 00000000 00:00 0 
72e9e88ee000-72e9e89ea000 rw-p 00000000 00:00 0 
72e9e89ea000-72e9e89ee000 ---p 00000000 00:00 0 
72e9e89ee000-72e9e8aea000 rw-p 00000000 00:00 0 
72e9e8aea000-72e9e8aee000 ---p 00000000 00:00 0 
72e9e8aee000-72e9e8bea000 rw-p 00000000 00:00 0 
72e9e8bea000-72e9e8bee000 ---p 00000000 00:00 0 
72e9e8bee000-72e9e8cea000 rw-p 00000000 00:00 0 
72e9e8cea000-72e9e8cee000 ---p 00000000 00:00 0 
72e9e8cee000-72e9e8dea000 rw-p 00000000 00:00 0 
72e9e8dea000-72e9e8dee000 ---p 00000000 00:00 0 
72e9e8dee000-72e9e8eea000 rw-p 00000000 00:00 0 
72e9e8eea000-72e9e8eee000 ---p 00000000 00:00 0 
72e9e8eee000-72e9e8fea000 rw-p 00000000 00:00 0 
72e9e8fea000-72e9e8fee000 ---p 00000000 00:00 0 
72e9e8fee000-72e9e90ea000 rw-p 00000000 00:00 0 
72e9e90ea000-72e9e90ee000 ---p 00000000 00:00 0 
72e9e90ee000-72e9e91ea000 rw-p 00000000 00:00 0 
72e9e91ea000-72e9e91ee000 ---p 00000000 00:00 0 
72e9e91ee000-72e9e92ea000 rw-p 00000000 00:00 0 
72e9e92ea000-72e9e92ee000 ---p 00000000 00:00 0 
72e9e92ee000-72e9e93ea000 rw-p 00000000 00:00 0 
72e9e93ea000-72e9e93ee000 ---p 00000000 00:00 0 
72e9e93ee000-72e9e94ea000 rw-p 00000000 00:00 0 
72e9e94ea000-72e9e94ee000 ---p 00000000 00:00 0 
72e9e94ee000-72e9e95ea000 rw-p 00000000 00:00 0 
72e9e95ea000-72e9e95ee000 ---p 00000000 00:00 0 
72e9e95ee000-72e9e96ea000 rw-p 00000000 00:00 0 
72e9e96ea000-72e9e96ee000 ---p 00000000 00:00 0 
72e9e96ee000-72e9e97ea000 rw-p 00000000 00:00 0 
72e9e97ea000-72e9e97ee000 ---p 00000000 00:00 0 
72e9e97ee000-72e9e98ea000 rw-p 00000000 00:00 0 
72e9e98ea000-72e9e98ee000 ---p 00000000 00:00 0 
72e9e98ee000-72e9e99ea000 rw-p 00000000 00:00 0 
72e9e99ea000-72e9e99ee000 ---p 00000000 00:00 0 
72e9e99ee000-72e9e9aea000 rw-p 00000000 00:00 0 
72e9e9aea000-72e9e9aee000 ---p 00000000 00:00 0 
72e9e9aee000-72e9e9bea000 rw-p 00000000 00:00 0 
72e9e9bea000-72e9e9bee000 ---p 00000000 00:00 0 
72e9e9bee000-72e9e9cea000 rw-p 00000000 00:00 0 
72e9e9cea000-72e9e9cee000 ---p 00000000 00:00 0 
72e9e9cee000-72e9e9dea000 rw-p 00000000 00:00 0 
72e9e9dea000-72e9e9dee000 ---p 00000000 00:00 0 
72e9e9dee000-72e9e9eea000 rw-p 00000000 00:00 0 
72e9e9eea000-72e9e9eee000 ---p 00000000 00:00 0 
72e9e9eee000-72e9e9fea000 rw-p 00000000 00:00 0 
72e9e9fea000-72e9e9fee000 ---p 00000000 00:00 0 
72e9e9fee000-72e9ea0ea000 rw-p 00000000 00:00 0 
72e9ea0ea000-72e9ea0ee000 ---p 00000000 00:00 0 
72e9ea0ee000-72e9ea1ea000 rw-p 00000000 00:00 0 
72e9ea1ea000-72e9ea1ee000 ---p 00000000 00:00 0 
72e9ea1ee000-72e9ea2ea000 rw-p 00000000 00:00 0 
72e9ea2ea000-72e9ea2ee000 ---p 00000000 00:00 0 
72e9ea2ee000-72e9ea3ea000 rw-p 00000000 00:00 0 
72e9ea3ea000-72e9ea3eb000 ---p 00000000 00:00 0 
72e9ea3eb000-72e9ea4eb000 rw-p 00000000 00:00 0 
72e9ea4eb000-72e9ea4ec000 ---p 00000000 00:00 0 
72e9ea4ec000-72e9ea5ec000 rw-p 00000000 00:00 0 
72e9ea5ec000-72e9ea5ed000 ---p 00000000 00:00 0 
72e9ea5ed000-72e9ea6ed000 rw-p 00000000 00:00 0 
72e9ea6ed000-72e9ea6ee000 ---p 00000000 00:00 0 
72e9ea6ee000-72e9ea7ee000 rw-p 00000000 00:00 0 
72e9ea7ee000-72e9ea7ef000 ---p 00000000 00:00 0 
72e9ea7ef000-72e9ea8ef000 rw-p 00000000 00:00 0 
72e9ea8ef000-72e9ea8f0000 ---p 00000000 00:00 0 
72e9ea8f0000-72e9ea9f0000 rw-p 00000000 00:00 0 
72e9ea9f0000-72e9ea9f1000 ---p 00000000 00:00 0 
72e9ea9f1000-72e9eaaf1000 rw-p 00000000 00:00 0 
72e9eaaf1000-72e9eaaf2000 ---p 00000000 00:00 0 
72e9eaaf2000-72e9eabf2000 rw-p 00000000 00:00 0 
72e9eabf2000-72e9eabf3000 ---p 00000000 00:00 0 
72e9eabf3000-72e9eacf3000 rw-p 00000000 00:00 0 
72e9eacf3000-72e9eacf4000 ---p 00000000 00:00 0 
72e9eacf4000-72e9eadf4000 rw-p 00000000 00:00 0 
72e9eadf4000-72e9eadf5000 ---p 00000000 00:00 0 
72e9eadf5000-72e9eaef5000 rw-p 00000000 00:00 0 
72e9eaef5000-72e9eaef6000 ---p 00000000 00:00 0 
72e9eaef6000-72e9eaff6000 rw-p 00000000 00:00 0 
72e9eaff6000-72e9eaff7000 ---p 00000000 00:00 0 
72e9eaff7000-72e9eb0f7000 rw-p 00000000 00:00 0 
72e9eb0f7000-72e9eb0f8000 ---p 00000000 00:00 0 
72e9eb0f8000-72e9eb1f8000 rw-p 00000000 00:00 0 
72e9eb1f8000-72e9eb1f9000 ---p 00000000 00:00 0 
72e9eb1f9000-72e9eb2f9000 rw-p 00000000 00:00 0 
72e9eb2f9000-72e9eb2fa000 ---p 00000000 00:00 0 
72e9eb2fa000-72e9eb3fa000 rw-p 00000000 00:00 0 
72e9eb3fa000-72e9eb3fb000 ---p 00000000 00:00 0 
72e9eb3fb000-72e9eb4fb000 rw-p 00000000 00:00 0 
72e9eb4fb000-72e9eb4fc000 ---p 00000000 00:00 0 
72e9eb4fc000-72e9eb5fc000 rw-p 00000000 00:00 0 
72e9eb5fc000-72e9eb5fd000 ---p 00000000 00:00 0 
72e9eb5fd000-72e9eb6fd000 rw-p 00000000 00:00 0 
72e9eb6fd000-72e9eb6fe000 ---p 00000000 00:00 0 
72e9eb6fe000-72e9eb7fe000 rw-p 00000000 00:00 0 
72e9eb7fe000-72e9eb7ff000 ---p 00000000 00:00 0 
72e9eb7ff000-72e9eb8ff000 rw-p 00000000 00:00 0 
72e9eb8ff000-72e9eb900000 ---p 00000000 00:00 0 
72e9eb900000-72e9eba00000 rw-p 00000000 00:00 0 
72e9eba00000-72e9ebceb000 r--p 00000000 08:03 1410552                    /usr/lib/locale/locale-archive
72e9ebcfa000-72e9ebcfb000 ---p 00000000 00:00 0 
72e9ebcfb000-72e9ebdfb000 rw-p 00000000 00:00 0 
72e9ebdfb000-72ea1c400000 rw-p 00000000 00:00 0 
72ea1c400000-72ea1d400000 ---p 00000000 00:00 0                          [anon:mmtk:sidemeta:all:all-quarantined]
72ea1d400000-72ea1dc00000 rw-p 00000000 00:00 0                          [anon:mmtk:sidemeta:immix:VO_BIT]
72ea1dc00000-74ea1e400000 ---p 00000000 00:00 0                          [anon:mmtk:sidemeta:all:all-quarantined]
74ea1e400000-74ea1e800000 rw-p 00000000 00:00 0                          [anon:mmtk:sidemeta:immix:CHUNK_MARK]
74ea1e800000-74ea21400000 ---p 00000000 00:00 0                          [anon:mmtk:sidemeta:all:all-quarantined]
74ea21400000-74ea21c00000 rw-p 00000000 00:00 0                          [anon:mmtk:sidemeta:immix:VMGlobalLogBitSpec]
74ea21c00000-76f220800000 ---p 00000000 00:00 0                          [anon:mmtk:sidemeta:all:all-quarantined]
76f220800000-76f220c00000 rw-p 00000000 00:00 0                          [anon:mmtk:sidemeta:immix:IX_LINE_MARK]
76f220c00000-777220400000 ---p 00000000 00:00 0                          [anon:mmtk:sidemeta:all:all-quarantined]
777220400000-777220800000 rw-p 00000000 00:00 0                          [anon:mmtk:sidemeta:immix:IX_BLOCK_DEFRAG]
777220800000-777320400000 ---p 00000000 00:00 0                          [anon:mmtk:sidemeta:all:all-quarantined]
777320400000-777320800000 rw-p 00000000 00:00 0                          [anon:mmtk:sidemeta:immix:IX_BLOCK_MARK]
777320800000-7d94a0400000 ---p 00000000 00:00 0                          [anon:mmtk:sidemeta:all:all-quarantined]
7d94a0400000-7d94a0800000 rw-p 00000000 00:00 0                          [anon:mmtk:sidemeta:los:VMLocalLOSMarkNurserySpec]
7d94a0800000-7d96a1400000 ---p 00000000 00:00 0                          [anon:mmtk:sidemeta:all:all-quarantined]
7d96a1400000-7d96a1c00000 rw-p 00000000 00:00 0                          [anon:mmtk:sidemeta:immix:VMLocalMarkBitSpec]
7d96a1c00000-7f96a0400000 ---p 00000000 00:00 0                          [anon:mmtk:sidemeta:all:all-quarantined]
7f96a04ff000-7f96a0503000 ---p 00000000 00:00 0 
7f96a0503000-7f96a05ff000 rw-p 00000000 00:00 0 
7f96a05ff000-7f96a0603000 ---p 00000000 00:00 0 
7f96a0603000-7f96a06ff000 rw-p 00000000 00:00 0 
7f96a06ff000-7f96a0703000 ---p 00000000 00:00 0 
7f96a0703000-7f96a07ff000 rw-p 00000000 00:00 0 
7f96a07ff000-7f96c0800000 rw-p 00000000 00:00 0 
7f96c0800000-7f96c0e70000 rwxp 00000000 00:00 0 
7f96c0e70000-7f96c7c17000 ---p 00000000 00:00 0 
7f96c7c17000-7f96c7f97000 rwxp 00000000 00:00 0 
7f96c7f97000-7f96c83e8000 ---p 00000000 00:00 0 
7f96c83e8000-7f96c8658000 rwxp 00000000 00:00 0 
7f96c8658000-7f96cf800000 ---p 00000000 00:00 0 
7f96cf800000-7f96d7fa0000 r--s 00000000 fc:00 49676300                   /mydata/openjdk-mmtk/build/b0test/images/jdk/lib/modules
7f96d8000000-7f96d87f3000 rw-p 00000000 00:00 0 
7f96d87f3000-7f96dc000000 ---p 00000000 00:00 0 
7f96dc02c000-7f96dc031000 r--p 00000000 fc:00 49676433                   /mydata/openjdk-mmtk/build/b0test/images/jdk/lib/libjsvml.so
7f96dc031000-7f96dc072000 r-xp 00005000 fc:00 49676433                   /mydata/openjdk-mmtk/build/b0test/images/jdk/lib/libjsvml.so
7f96dc072000-7f96dc0fb000 r--p 00046000 fc:00 49676433                   /mydata/openjdk-mmtk/build/b0test/images/jdk/lib/libjsvml.so
7f96dc0fb000-7f96dc0fc000 r--p 000ce000 fc:00 49676433                   /mydata/openjdk-mmtk/build/b0test/images/jdk/lib/libjsvml.so
7f96dc0fc000-7f96dc0fd000 rw-p 000cf000 fc:00 49676433                   /mydata/openjdk-mmtk/build/b0test/images/jdk/lib/libjsvml.so
7f96dc0fd000-7f96dc0fe000 ---p 00000000 00:00 0 
7f96dc0fe000-7f96dc1fe000 rw-p 00000000 00:00 0 
7f96dc1fe000-7f96dc1ff000 ---p 00000000 00:00 0 
7f96dc1ff000-7f96dc2ff000 rw-p 00000000 00:00 0 
7f96dc2ff000-7f96dc300000 ---p 00000000 00:00 0 
7f96dc300000-7f96dc400000 rw-p 00000000 00:00 0 
7f96dc400000-7f96df400000 rw-p 00000000 00:00 0 
7f96df400000-7f96df40c000 r--p 00000000 fc:00 13107796                   /mydata/gc-bpf-fault/shim/libgcbpf.so
7f96df40c000-7f96df46e000 r-xp 0000c000 fc:00 13107796                   /mydata/gc-bpf-fault/shim/libgcbpf.so
7f96df46e000-7f96df6de000 r--p 0006e000 fc:00 13107796                   /mydata/gc-bpf-fault/shim/libgcbpf.so
7f96df6de000-7f96df6e0000 r--p 002de000 fc:00 13107796                   /mydata/gc-bpf-fault/shim/libgcbpf.so
7f96df6e0000-7f96df6e1000 rw-p 002e0000 fc:00 13107796                   /mydata/gc-bpf-fault/shim/libgcbpf.so
7f96df6e1000-7f96df6e2000 rw-p 00000000 00:00 0 
7f96df764000-7f96df768000 r--p 00000000 fc:00 49676379                   /mydata/openjdk-mmtk/build/b0test/images/jdk/lib/libverify.so
7f96df768000-7f96df76f000 r-xp 00004000 fc:00 49676379                   /mydata/openjdk-mmtk/build/b0test/images/jdk/lib/libverify.so
7f96df76f000-7f96df771000 r--p 0000b000 fc:00 49676379                   /mydata/openjdk-mmtk/build/b0test/images/jdk/lib/libverify.so
7f96df771000-7f96df773000 r--p 0000c000 fc:00 49676379                   /mydata/openjdk-mmtk/build/b0test/images/jdk/lib/libverify.so
7f96df773000-7f96df774000 rw-p 0000e000 fc:00 49676379                   /mydata/openjdk-mmtk/build/b0test/images/jdk/lib/libverify.so
7f96df774000-7f96df778000 r--p 00000000 08:03 1410107                    /usr/lib/x86_64-linux-gnu/libzstd.so.1.5.5
7f96df778000-7f96df81f000 r-xp 00004000 08:03 1410107                    /usr/lib/x86_64-linux-gnu/libzstd.so.1.5.5
7f96df81f000-7f96df82c000 r--p 000ab000 08:03 1410107                    /usr/lib/x86_64-linux-gnu/libzstd.so.1.5.5
7f96df82c000-7f96df82d000 r--p 000b7000 08:03 1410107                    /usr/lib/x86_64-linux-gnu/libzstd.so.1.5.5
7f96df82d000-7f96df82e000 rw-p 000b8000 08:03 1410107                    /usr/lib/x86_64-linux-gnu/libzstd.so.1.5.5
7f96df82e000-7f96df833000 rw-p 00000000 00:00 0 
7f96df833000-7f96df917000 ---p 00000000 00:00 0 
7f96df917000-7f96df924000 rw-p 00000000 00:00 0 
7f96df924000-7f96dfa00000 ---p 00000000 00:00 0 
7f96dfa00000-7f96dfb48000 r--p 00000000 fc:00 49676390                   /mydata/openjdk-mmtk/build/b0test/images/jdk/lib/server/libmmtk_openjdk.so
7f96dfb48000-7f96dfdc7000 r-xp 00147000 fc:00 49676390                   /mydata/openjdk-mmtk/build/b0test/images/jdk/lib/server/libmmtk_openjdk.so
7f96dfdc7000-7f96dfe07000 r--p 003c5000 fc:00 49676390                   /mydata/openjdk-mmtk/build/b0test/images/jdk/lib/server/libmmtk_openjdk.so
7f96dfe07000-7f96dfe0a000 rw-p 00404000 fc:00 49676390                   /mydata/openjdk-mmtk/build/b0test/images/jdk/lib/server/libmmtk_openjdk.so
7f96dfe0a000-7f96dfe0c000 rw-p 00000000 00:00 0 
7f96dfe17000-7f96dfe1b000 ---p 00000000 00:00 0 
7f96dfe1b000-7f96dff17000 rw-p 00000000 00:00 0 
7f96dff17000-7f96dff27000 r--p 00000000 08:03 1411099                    /usr/lib/x86_64-linux-gnu/libm.so.6
7f96dff27000-7f96dffa6000 r-xp 00010000 08:03 1411099                    /usr/lib/x86_64-linux-gnu/libm.so.6
7f96dffa6000-7f96dfffe000 r--p 0008f000 08:03 1411099                    /usr/lib/x86_64-linux-gnu/libm.so.6
7f96dfffe000-7f96dffff000 r--p 000e7000 08:03 1411099                    /usr/lib/x86_64-linux-gnu/libm.so.6
7f96dffff000-7f96e0000000 rw-p 000e8000 08:03 1411099                    /usr/lib/x86_64-linux-gnu/libm.so.6
7f96e0000000-7f96e02a9000 r--p 00000000 fc:00 49676389                   /mydata/openjdk-mmtk/build/b0test/images/jdk/lib/server/libjvm.so
7f96e02a9000-7f96e113c000 r-xp 002a9000 fc:00 49676389                   /mydata/openjdk-mmtk/build/b0test/images/jdk/lib/server/libjvm.so
7f96e113c000-7f96e1420000 r--p 0113c000 fc:00 49676389                   /mydata/openjdk-mmtk/build/b0test/images/jdk/lib/server/libjvm.so
7f96e1420000-7f96e14f6000 r--p 0141f000 fc:00 49676389                   /mydata/openjdk-mmtk/build/b0test/images/jdk/lib/server/libjvm.so
7f96e14f6000-7f96e1526000 rw-p 014f5000 fc:00 49676389                   /mydata/openjdk-mmtk/build/b0test/images/jdk/lib/server/libjvm.so
7f96e1526000-7f96e158c000 rw-p 00000000 00:00 0 
7f96e1597000-7f96e1599000 r--p 00000000 fc:00 49676380                   /mydata/openjdk-mmtk/build/b0test/images/jdk/lib/libzip.so
7f96e1599000-7f96e159e000 r-xp 00002000 fc:00 49676380                   /mydata/openjdk-mmtk/build/b0test/images/jdk/lib/libzip.so
7f96e159e000-7f96e15a0000 r--p 00007000 fc:00 49676380                   /mydata/openjdk-mmtk/build/b0test/images/jdk/lib/libzip.so
7f96e15a0000-7f96e15a1000 r--p 00008000 fc:00 49676380                   /mydata/openjdk-mmtk/build/b0test/images/jdk/lib/libzip.so
7f96e15a1000-7f96e15a2000 rw-p 00009000 fc:00 49676380                   /mydata/openjdk-mmtk/build/b0test/images/jdk/lib/libzip.so
7f96e15a2000-7f96e15a5000 r--p 00000000 fc:00 49676376                   /mydata/openjdk-mmtk/build/b0test/images/jdk/lib/libnet.so
7f96e15a5000-7f96e15ad000 r-xp 00003000 fc:00 49676376                   /mydata/openjdk-mmtk/build/b0test/images/jdk/lib/libnet.so
7f96e15ad000-7f96e15af000 r--p 0000b000 fc:00 49676376                   /mydata/openjdk-mmtk/build/b0test/images/jdk/lib/libnet.so
7f96e15af000-7f96e15b0000 r--p 0000c000 fc:00 49676376                   /mydata/openjdk-mmtk/build/b0test/images/jdk/lib/libnet.so
7f96e15b0000-7f96e15b1000 rw-p 0000d000 fc:00 49676376                   /mydata/openjdk-mmtk/build/b0test/images/jdk/lib/libnet.so
7f96e15b1000-7f96e15b8000 r--p 00000000 fc:00 49676377                   /mydata/openjdk-mmtk/build/b0test/images/jdk/lib/libnio.so
7f96e15b8000-7f96e15c1000 r-xp 00007000 fc:00 49676377                   /mydata/openjdk-mmtk/build/b0test/images/jdk/lib/libnio.so
7f96e15c1000-7f96e15c5000 r--p 00010000 fc:00 49676377                   /mydata/openjdk-mmtk/build/b0test/images/jdk/lib/libnio.so
7f96e15c5000-7f96e15c6000 r--p 00014000 fc:00 49676377                   /mydata/openjdk-mmtk/build/b0test/images/jdk/lib/libnio.so
7f96e15c6000-7f96e15c7000 rw-p 00015000 fc:00 49676377                   /mydata/openjdk-mmtk/build/b0test/images/jdk/lib/libnio.so
7f96e15c7000-7f96e15ca000 r--p 00000000 08:03 1410420                    /usr/lib/x86_64-linux-gnu/libelf-0.190.so
7f96e15ca000-7f96e15e0000 r-xp 00003000 08:03 1410420                    /usr/lib/x86_64-linux-gnu/libelf-0.190.so
7f96e15e0000-7f96e15e4000 r--p 00019000 08:03 1410420                    /usr/lib/x86_64-linux-gnu/libelf-0.190.so
7f96e15e4000-7f96e15e5000 r--p 0001c000 08:03 1410420                    /usr/lib/x86_64-linux-gnu/libelf-0.190.so
7f96e15e5000-7f96e15e6000 rw-p 0001d000 08:03 1410420                    /usr/lib/x86_64-linux-gnu/libelf-0.190.so
7f96e15f0000-7f96e15f7000 rw-p 00000000 00:00 0 
7f96e15f7000-7f96e1600000 ---p 00000000 00:00 0 
7f96e1600000-7f96e1628000 r--p 00000000 08:03 1410238                    /usr/lib/x86_64-linux-gnu/libc.so.6
7f96e1628000-7f96e17b0000 r-xp 00028000 08:03 1410238                    /usr/lib/x86_64-linux-gnu/libc.so.6
7f96e17b0000-7f96e17ff000 r--p 001b0000 08:03 1410238                    /usr/lib/x86_64-linux-gnu/libc.so.6
7f96e17ff000-7f96e1803000 r--p 001fe000 08:03 1410238                    /usr/lib/x86_64-linux-gnu/libc.so.6
7f96e1803000-7f96e1805000 rw-p 00202000 08:03 1410238                    /usr/lib/x86_64-linux-gnu/libc.so.6
7f96e1805000-7f96e1812000 rw-p 00000000 00:00 0 
7f96e1813000-7f96e181a000 r--s 00000000 08:03 1436340                    /usr/lib/x86_64-linux-gnu/gconv/gconv-modules.cache
7f96e181a000-7f96e1827000 r--p 00000000 fc:00 49676369                   /mydata/openjdk-mmtk/build/b0test/images/jdk/lib/libjava.so
7f96e1827000-7f96e1836000 r-xp 0000d000 fc:00 49676369                   /mydata/openjdk-mmtk/build/b0test/images/jdk/lib/libjava.so
7f96e1836000-7f96e183b000 r--p 0001c000 fc:00 49676369                   /mydata/openjdk-mmtk/build/b0test/images/jdk/lib/libjava.so
7f96e183b000-7f96e183c000 r--p 00021000 fc:00 49676369                   /mydata/openjdk-mmtk/build/b0test/images/jdk/lib/libjava.so
7f96e183c000-7f96e183d000 rw-p 00022000 fc:00 49676369                   /mydata/openjdk-mmtk/build/b0test/images/jdk/lib/libjava.so
7f96e183d000-7f96e183e000 rw-p 00000000 00:00 0 
7f96e183e000-7f96e1846000 rw-s 00000000 08:03 237600                     /tmp/hsperfdata_root/409943
7f96e1846000-7f96e184a000 r--p 00000000 fc:00 49676370                   /mydata/openjdk-mmtk/build/b0test/images/jdk/lib/libjimage.so
7f96e184a000-7f96e1861000 r-xp 00004000 fc:00 49676370                   /mydata/openjdk-mmtk/build/b0test/images/jdk/lib/libjimage.so
7f96e1861000-7f96e1866000 r--p 0001b000 fc:00 49676370                   /mydata/openjdk-mmtk/build/b0test/images/jdk/lib/libjimage.so
7f96e1866000-7f96e1868000 r--p 00020000 fc:00 49676370                   /mydata/openjdk-mmtk/build/b0test/images/jdk/lib/libjimage.so
7f96e1868000-7f96e1869000 rw-p 00022000 fc:00 49676370                   /mydata/openjdk-mmtk/build/b0test/images/jdk/lib/libjimage.so
7f96e1869000-7f96e186d000 r--p 00000000 08:03 1410148                    /usr/lib/x86_64-linux-gnu/libgcc_s.so.1
7f96e186d000-7f96e1891000 r-xp 00004000 08:03 1410148                    /usr/lib/x86_64-linux-gnu/libgcc_s.so.1
7f96e1891000-7f96e1895000 r--p 00028000 08:03 1410148                    /usr/lib/x86_64-linux-gnu/libgcc_s.so.1
7f96e1895000-7f96e1896000 r--p 0002b000 08:03 1410148                    /usr/lib/x86_64-linux-gnu/libgcc_s.so.1
7f96e1896000-7f96e1897000 rw-p 0002c000 08:03 1410148                    /usr/lib/x86_64-linux-gnu/libgcc_s.so.1
7f96e1897000-7f96e1899000 rw-p 00000000 00:00 0 
7f96e1899000-7f96e189b000 r--p 00000000 08:03 1409104                    /usr/lib/x86_64-linux-gnu/libz.so.1.3
7f96e189b000-7f96e18ad000 r-xp 00002000 08:03 1409104                    /usr/lib/x86_64-linux-gnu/libz.so.1.3
7f96e18ad000-7f96e18b3000 r--p 00014000 08:03 1409104                    /usr/lib/x86_64-linux-gnu/libz.so.1.3
7f96e18b3000-7f96e18b4000 r--p 0001a000 08:03 1409104                    /usr/lib/x86_64-linux-gnu/libz.so.1.3
7f96e18b4000-7f96e18b5000 rw-p 0001b000 08:03 1409104                    /usr/lib/x86_64-linux-gnu/libz.so.1.3
7f96e18ba000-7f96e18bb000 rw-s 00000000 00:10 68                         anon_inode:bpf-map
7f96e18bb000-7f96e18bc000 r--s 00000000 00:10 68                         anon_inode:bpf-map
7f96e18bc000-7f96e18bd000 ---p 00000000 00:00 0 
7f96e18bd000-7f96e18be000 r--p 00000000 00:00 0 
7f96e18be000-7f96e18bf000 ---p 00000000 00:00 0 
7f96e18bf000-7f96e18c1000 r--p 00000000 fc:00 49676372                   /mydata/openjdk-mmtk/build/b0test/images/jdk/lib/libjli.so
7f96e18c1000-7f96e18cb000 r-xp 00002000 fc:00 49676372                   /mydata/openjdk-mmtk/build/b0test/images/jdk/lib/libjli.so
7f96e18cb000-7f96e18ce000 r--p 0000c000 fc:00 49676372                   /mydata/openjdk-mmtk/build/b0test/images/jdk/lib/libjli.so
7f96e18ce000-7f96e18cf000 r--p 0000f000 fc:00 49676372                   /mydata/openjdk-mmtk/build/b0test/images/jdk/lib/libjli.so
7f96e18cf000-7f96e18d0000 rw-p 00010000 fc:00 49676372                   /mydata/openjdk-mmtk/build/b0test/images/jdk/lib/libjli.so
7f96e18d0000-7f96e18d2000 rw-p 00000000 00:00 0 
7f96e18d2000-7f96e18d6000 r--p 00000000 00:00 0                          [vvar]
7f96e18d6000-7f96e18d8000 r--p 00000000 00:00 0                          [vvar_vclock]
7f96e18d8000-7f96e18da000 r-xp 00000000 00:00 0                          [vdso]
7f96e18da000-7f96e18db000 r--p 00000000 08:03 1409763                    /usr/lib/x86_64-linux-gnu/ld-linux-x86-64.so.2
7f96e18db000-7f96e1906000 r-xp 00001000 08:03 1409763                    /usr/lib/x86_64-linux-gnu/ld-linux-x86-64.so.2
7f96e1906000-7f96e1910000 r--p 0002c000 08:03 1409763                    /usr/lib/x86_64-linux-gnu/ld-linux-x86-64.so.2
7f96e1910000-7f96e1912000 r--p 00036000 08:03 1409763                    /usr/lib/x86_64-linux-gnu/ld-linux-x86-64.so.2
7f96e1912000-7f96e1914000 rw-p 00038000 08:03 1409763                    /usr/lib/x86_64-linux-gnu/ld-linux-x86-64.so.2
7ffc774c0000-7ffc774e1000 rw-p 00000000 00:00 0                          [stack]
ffffffffff600000-ffffffffff601000 --xp 00000000 00:00 0                  [vsyscall]
Total number of mappings: 540

JVMTI agents: none


VM Arguments:
jvm_args: -XX:+UseThirdPartyHeap -Xms512m -Xmx512m 
java_command: /mydata/dacapo/dacapo-23.11/dacapo-23.11-MR2-chopin.jar xalan -n 3
java_class_path (initial): /mydata/dacapo/dacapo-23.11/dacapo-23.11-MR2-chopin.jar
Launcher Type: SUN_STANDARD

[Global flags]
     intx CICompilerCount                          = 15                                        {product} {ergonomic}
   size_t InitialHeapSize                          = 536870912                                 {product} {command line}
   size_t MaxHeapSize                              = 536870912                                 {product} {command line}
   size_t MinHeapDeltaBytes                        = 524288                                    {product} {ergonomic}
   size_t MinHeapSize                              = 536870912                                 {product} {command line}
    uintx NonNMethodCodeHeapSize                   = 8192380                                {pd product} {ergonomic}
    uintx NonProfiledCodeHeapSize                  = 121732930                              {pd product} {ergonomic}
    uintx ProfiledCodeHeapSize                     = 121732930                              {pd product} {ergonomic}
    uintx ReservedCodeCacheSize                    = 251658240                              {pd product} {ergonomic}
     bool SegmentedCodeCache                       = true                                      {product} {ergonomic}
   size_t SoftMaxHeapSize                          = 536870912                              {manageable} {ergonomic}
     bool UseCompressedOops                        = true                           {product lp64_product} {ergonomic}

Logging:
Log output configuration:
 #0: stdout all=warning uptime,level,tags foldmultilines=false
 #1: stderr all=off uptime,level,tags foldmultilines=false

Release file:
IMPLEMENTOR="N/A"
JAVA_RUNTIME_VERSION="21.0.9-internal-adhoc.talzuss.openjdk-mmtk"
JAVA_VERSION="21.0.9"
JAVA_VERSION_DATE="2025-10-21"
LIBC="gnu"
MODULES="java.base java.compiler java.datatransfer java.xml java.prefs java.desktop java.instrument java.logging java.management java.security.sasl java.naming java.rmi java.management.rmi java.net.http java.scripting java.security.jgss java.transaction.xa java.sql java.sql.rowset java.xml.crypto java.se java.smartcardio jdk.accessibility jdk.internal.jvmstat jdk.attach jdk.charsets jdk.internal.opt jdk.zipfs jdk.compiler jdk.crypto.ec jdk.crypto.cryptoki jdk.dynalink jdk.internal.ed jdk.editpad jdk.hotspot.agent jdk.httpserver jdk.incubator.vector jdk.internal.le jdk.internal.vm.ci jdk.internal.vm.compiler jdk.internal.vm.compiler.management jdk.jartool jdk.javadoc jdk.jcmd jdk.management jdk.management.agent jdk.jconsole jdk.jdeps jdk.jdwp.agent jdk.jdi jdk.jfr jdk.jlink jdk.jpackage jdk.jshell jdk.jsobject jdk.jstatd jdk.localedata jdk.management.jfr jdk.naming.dns jdk.naming.rmi jdk.net jdk.nio.mapmode jdk.random jdk.sctp jdk.security.auth jdk.security.jgss jdk.unsupported jdk.unsupported.desktop jdk.xml.dom"
OS_ARCH="x86_64"
OS_NAME="Linux"
SOURCE=".:git:b557520f04b3+"

Environment Variables:
PATH=/usr/local/sbin:/usr/local/bin:/usr/sbin:/usr/bin:/sbin:/bin:/snap/bin
SHELL=/bin/bash
LANG=en_US.UTF-8
TERM=tmux-256color

Active Locale:
LC_ALL=en_US.UTF-8
LC_COLLATE=en_US.UTF-8
LC_CTYPE=en_US.UTF-8
LC_MESSAGES=en_US.UTF-8
LC_MONETARY=en_US.UTF-8
LC_NUMERIC=en_US.UTF-8
LC_TIME=en_US.UTF-8

Signal Handlers:
   SIGSEGV: crash_handler in libjvm.so, mask=11100100010111111101111111111110, flags=SA_RESTART|SA_SIGINFO, unblocked
    SIGBUS: crash_handler in libjvm.so, mask=11100100010111111101111111111110, flags=SA_RESTART|SA_SIGINFO, unblocked
    SIGFPE: crash_handler in libjvm.so, mask=11100100010111111101111111111110, flags=SA_RESTART|SA_SIGINFO, unblocked
   SIGPIPE: javaSignalHandler in libjvm.so, mask=11100100010111111101111111111110, flags=SA_RESTART|SA_SIGINFO, blocked
   SIGXFSZ: javaSignalHandler in libjvm.so, mask=11100100010111111101111111111110, flags=SA_RESTART|SA_SIGINFO, blocked
    SIGILL: crash_handler in libjvm.so, mask=11100100010111111101111111111110, flags=SA_RESTART|SA_SIGINFO, unblocked
   SIGUSR2: SR_handler in libjvm.so, mask=00000000000000000000000000000000, flags=SA_RESTART|SA_SIGINFO, blocked
    SIGHUP: UserHandler in libjvm.so, mask=11100100010111111101111111111110, flags=SA_RESTART|SA_SIGINFO, blocked
    SIGINT: UserHandler in libjvm.so, mask=11100100010111111101111111111110, flags=SA_RESTART|SA_SIGINFO, blocked
   SIGTERM: UserHandler in libjvm.so, mask=11100100010111111101111111111110, flags=SA_RESTART|SA_SIGINFO, blocked
   SIGQUIT: UserHandler in libjvm.so, mask=11100100010111111101111111111110, flags=SA_RESTART|SA_SIGINFO, blocked
   SIGTRAP: crash_handler in libjvm.so, mask=11100100010111111101111111111110, flags=SA_RESTART|SA_SIGINFO, unblocked


Periodic native trim disabled

---------------  S Y S T E M  ---------------

OS:
DISTRIB_ID=Ubuntu
DISTRIB_RELEASE=24.04
DISTRIB_CODENAME=noble
DISTRIB_DESCRIPTION="Ubuntu 24.04.4 LTS"
uname: Linux 6.17.0-bpf-fault+ #1 SMP PREEMPT_DYNAMIC Mon Jul  6 16:43:12 MDT 2026 x86_64
OS uptime: 1 days 1:07 hours
libc: glibc 2.39 NPTL 2.39 
rlimit (soft/hard): STACK 8192k/infinity , CORE 0k/0k , NPROC 513205/513205 , NOFILE 1048576/1048576 , AS infinity/infinity , CPU infinity/infinity , DATA infinity/infinity , FSIZE infinity/infinity , MEMLOCK 16436528k/16436528k
load average: 3.51 1.25 0.59

/proc/meminfo:
MemTotal:       131492232 kB
MemFree:        65071064 kB
MemAvailable:   112296152 kB
Buffers:          548264 kB
Cached:         45936152 kB
SwapCached:            0 kB
Active:          4374216 kB
Inactive:       45661464 kB
Active(anon):    3567752 kB
Inactive(anon):        0 kB
Active(file):     806464 kB
Inactive(file): 45661464 kB
Unevictable:       41912 kB
Mlocked:           38840 kB
SwapTotal:       8388604 kB
SwapFree:        8388604 kB
Zswap:                 0 kB
Zswapped:              0 kB
Dirty:              5736 kB
Writeback:             0 kB
AnonPages:       3595020 kB
Mapped:         12927100 kB
Shmem:              5312 kB
KReclaimable:    2008844 kB
Slab:            2550780 kB
SReclaimable:    2008844 kB
SUnreclaim:       541936 kB
KernelStack:       12896 kB
PageTables:        72260 kB
SecPageTables:      9132 kB
NFS_Unstable:          0 kB
Bounce:                0 kB
WritebackTmp:          0 kB
CommitLimit:    74134720 kB
Committed_AS:   164935348 kB
VmallocTotal:   34359738367 kB
VmallocUsed:       38920 kB
VmallocChunk:          0 kB
Percpu:            51072 kB
HardwareCorrupted:     0 kB
AnonHugePages:         0 kB
ShmemHugePages:        0 kB
ShmemPmdMapped:        0 kB
FileHugePages:   2177024 kB
FilePmdMapped:         0 kB
Unaccepted:            0 kB
Balloon:               0 kB
HugePages_Total:       0
HugePages_Free:        0
HugePages_Rsvd:        0
HugePages_Surp:        0
Hugepagesize:       2048 kB
Hugetlb:               0 kB
DirectMap4k:      934720 kB
DirectMap2M:    26963968 kB
DirectMap1G:    105906176 kB

/sys/kernel/mm/transparent_hugepage/enabled: always [madvise] never
/sys/kernel/mm/transparent_hugepage/hpage_pmd_size: 2097152
/sys/kernel/mm/transparent_hugepage/defrag (defrag/compaction efforts parameter): always defer defer+madvise [madvise] never

Process Memory:
Virtual Size: 13620292908K (peak: 13620292908K)
Resident Set Size: 4164108K (peak: 4164108K) (anon: 991000K, file: 3173108K, shmem: 0K)
Swapped out: 0K
C-Heap outstanding allocations: 1386516K, retained: 37447K
glibc malloc tunables: (default)

/proc/sys/kernel/threads-max (system-wide limit on the number of threads): 1026411
/proc/sys/vm/max_map_count (maximum number of memory map areas a process may have): 1048576
/proc/sys/vm/swappiness (control to define how aggressively the kernel swaps out anonymous memory): 60
/proc/sys/kernel/pid_max (system-wide limit on number of process identifiers): 4194304

container information not found.
Steal ticks since vm start: 0
Steal ticks percentage since vm start:  0.000

CPU: total 32 (initial active 32) (32 cores per cpu, 2 threads per core) family 23 model 49 stepping 0 microcode 0x830107c, cx8, cmov, fxsr, ht, mmx, 3dnowpref, sse, sse2, sse3, ssse3, sse4a, sse4.1, sse4.2, popcnt, lzcnt, tsc, tscinvbit, avx, avx2, aes, clmul, bmi1, bmi2, adx, sha, fma, vzeroupper, clflush, clflushopt, rdtscp, rdpid, f16c
CPU Model and flags from /proc/cpuinfo:
model name	: AMD EPYC 7302P 16-Core Processor
flags		: fpu vme de pse tsc msr pae mce cx8 apic sep mtrr pge mca cmov pat pse36 clflush mmx fxsr sse sse2 ht syscall nx mmxext fxsr_opt pdpe1gb rdtscp lm constant_tsc rep_good nopl xtopology nonstop_tsc cpuid extd_apicid aperfmperf rapl pni pclmulqdq monitor ssse3 fma cx16 sse4_1 sse4_2 movbe popcnt aes xsave avx f16c rdrand lahf_lm cmp_legacy svm extapic cr8_legacy abm sse4a misalignsse 3dnowprefetch osvw ibs skinit wdt tce topoext perfctr_core perfctr_nb bpext perfctr_llc mwaitx cpb cat_l3 cdp_l3 hw_pstate ssbd mba ibrs ibpb stibp vmmcall fsgsbase bmi1 avx2 smep bmi2 cqm rdt_a rdseed adx smap clflushopt clwb sha_ni xsaveopt xsavec xgetbv1 xsaves cqm_llc cqm_occup_llc cqm_mbm_total cqm_mbm_local clzero irperf xsaveerptr rdpru wbnoinvd amd_ppin arat npt lbrv svm_lock nrip_save tsc_scale vmcb_clean flushbyasid decodeassists pausefilter pfthreshold avic v_vmsave_vmload vgif v_spec_ctrl umip rdpid overflow_recov succor smca sev sev_es

Online cpus: 0-31
Offline cpus: 
BIOS frequency limitation: <Not Available>
Frequency switch latency (ns): <Not Available>
Available cpu frequencies: <Not Available>
Current governor: <Not Available>
Core performance/turbo boost: <Not Available>

Memory: 4k page, physical 131492232k(112296152k free), swap 8388604k(8388604k free)
Page Sizes: 4k

vm_info: OpenJDK 64-Bit Server VM (21.0.9-internal-adhoc.talzuss.openjdk-mmtk) for linux-amd64 JRE (21.0.9-internal-adhoc.talzuss.openjdk-mmtk), built on 2026-07-06T23:13:08Z by "talzuss" with gcc 13.3.0
heap_info: MMTk OpenJDK 0.32.0 (a3bb9ef-dirty), using MMTk 0.32.0 (ec64c30-dirty, BUILTIN_ENV_LOGGER, DEFAULT, EAGER_SWEEPING, VO_BIT)@

END.
