#
# A fatal error has been detected by the Java Runtime Environment:
#
#  SIGSEGV (0xb) at pc=0x0000703df64a5d9b, pid=460023, tid=460039
#
# JRE version: OpenJDK Runtime Environment (21.0.9) (build 21.0.9-internal-adhoc.talzuss.openjdk-mmtk)
# Java VM: OpenJDK 64-Bit Server VM (21.0.9-internal-adhoc.talzuss.openjdk-mmtk, mixed mode, sharing, tiered, compressed oops, compressed class ptrs, third-party gc, linux-amd64)
# Problematic frame:
# C  [libmmtk_openjdk.so+0x2a5d9b]  _$LT$mmtk..plan..concurrent..immix..gc_work..SatbFinalDrain$LT$VM$GT$$u20$as$u20$mmtk..scheduler..work..GCWork$LT$VM$GT$$GT$::do_work::h99199484dacfec84+0x101b
#
# No core dump will be written. Core dumps have been disabled. To enable core dumping, try "ulimit -c unlimited" before starting Java again
#
# If you would like to submit a bug report, please visit:
#   https://bugreport.java.com/bugreport/crash.jsp
#

---------------  S U M M A R Y ------------

Command Line: -XX:+UseThirdPartyHeap -Xms512m -Xmx512m /mydata/dacapo/dacapo-23.11/dacapo-23.11-MR2-chopin.jar luindex -n 3

Host: AMD EPYC 7302P 16-Core Processor, 32 cores, 125G, Ubuntu 24.04.4 LTS
Time: Tue Jul  7 20:16:49 2026 MDT elapsed time: 17.896950 seconds (0d 0h 0m 17s)

---------------  T H R E A D  ---------------

Current thread (0x0000703df0533180):  NamedThread "MMTk Collector Thread" [id=460039, stack(0x0000703df45fa000,0x0000703df46fa000) (1024K)]

Stack: [0x0000703df45fa000,0x0000703df46fa000],  sp=0x0000703df46f8910,  free space=1018k
Native frames: (J=compiled Java code, j=interpreted, Vv=VM code, C=native code)
C  [libmmtk_openjdk.so+0x2a5d9b]  _$LT$mmtk..plan..concurrent..immix..gc_work..SatbFinalDrain$LT$VM$GT$$u20$as$u20$mmtk..scheduler..work..GCWork$LT$VM$GT$$GT$::do_work::h99199484dacfec84+0x101b

siginfo: si_signo: 11 (SIGSEGV), si_code: 1 (SEGV_MAPERR), si_addr: 0x0000703f5627bf3c

Registers:
RAX=0x0000000058000000, RBX=0x0000703df65e2308, RCX=0x0000703df627bf3c, RDX=0x00006390bb000000
RSP=0x0000703df46f8910, RBP=0x0000000000000000, RSI=0x00006390bb000001, RDI=0x000000004f021000
R8 =0x0000000000000400, R9 =0x0000000000008000, R10=0x00006390800008e0, R11=0x0000000000000202
R12=0x0000000000000008, R13=0x0000703df03ddf70, R14=0x0000000000000008, R15=0x0000703df46f8a20
RIP=0x0000703df64a5d9b, EFLAGS=0x0000000000010206, CSGSFS=0x002b000000000033, ERR=0x0000000000000004
  TRAPNO=0x000000000000000e

XMM[0]=0x0000639060008290 0x0000000000000100
XMM[1]=0x0000000000000000 0x0000639060000090
XMM[2]=0xffffffffffffffff 0x00ff000000000000
XMM[3]=0x0000000000000000 0x0000000000000000
XMM[4]=0x0000000000000000 0x0000639060000090
XMM[5]=0x2020202020202020 0x20302030303a3030
XMM[6]=0x6d3a6e6f6e615b20 0x2020202020202020
XMM[7]=0x3030303830342d30 0x303030303430340a
XMM[8]=0x373030303020702d 0x2d72203030306434
XMM[9]=0x0000000000000000 0x0000000000000000
XMM[10]=0x3f3f3f3f3f3f3f3f 0x3f3f3f3f3f3f3f3f
XMM[11]=0x9999999999999999 0x9999999999999999
XMM[12]=0x2020202020202020 0x2020202020202020
XMM[13]=0x0000000000000000 0x0000000000000000
XMM[14]=0x0000000000000000 0x0000000000000000
XMM[15]=0x0000000000000000 0x0000000000000000
  MXCSR=0x00001fa2


Register to memory mapping:

RAX=
[error occurred during error reporting (printing register info), id 0xe0000000, Internal Error (/mydata/mmtk-openjdk/openjdk/share/mmtkHeap.cpp:444)]
RBX=
[error occurred during error reporting (printing register info, attempt 2), id 0xe0000000, Internal Error (/mydata/mmtk-openjdk/openjdk/share/mmtkHeap.cpp:444)]
RCX=
[error occurred during error reporting (printing register info, attempt 3), id 0xe0000000, Internal Error (/mydata/mmtk-openjdk/openjdk/share/mmtkHeap.cpp:444)]
Top of Stack: (sp=0x0000703df46f8910)
0x0000703df46f8910:   0000000040021200 0000000000000000
0x0000703df46f8920:   0000000000000008 0000000000000000
0x0000703df46f8930:   0000000000000000 0000000000000100
0x0000703df46f8940:   0000639060008290 00000000000000b2
0x0000703df46f8950:   0000000000000000 0000000000000000
0x0000703df46f8960:   0000000000000904 0000703df03de2b0
0x0000703df46f8970:   0000000000000000 000000000000003f
0x0000703df46f8980:   0000000000000100 0000639060008290
0x0000703df46f8990:   00000000000000b2 0000703df03de2b0
0x0000703df46f89a0:   0000000000000000 0000000000000032
0x0000703df46f89b0:   0000000000000001 0000703df65cb728
0x0000703df46f89c0:   0000000000000000 0000000000000000
0x0000703df46f89d0:   0000703df052a7b0 0000000000000000
0x0000703df46f89e0:   0000703df006d200 0000703df052a650
0x0000703df46f89f0:   8000000000000000 0000703df03ddf70
0x0000703df46f8a00:   0000703df46f8938 8000000000000000
0x0000703df46f8a10:   0000703df65cb728 0000000000000000
0x0000703df46f8a20:   0000000000000400 0000639060009c70
0x0000703df46f8a30:   0000000000000304 0000703df46f8950
0x0000703df46f8a40:   0000703df46f8980 0000000000000800
0x0000703df46f8a50:   0000639060004280 0000000000000481
0x0000703df46f8a60:   0000000000020000 00006390ba9ff010
0x0000703df46f8a70:   0000000000019fb6 0000000000008000
0x0000703df46f8a80:   0000639060011cd0 0000000000004345
0x0000703df46f8a90:   0000000000004342 0000000000000000
0x0000703df46f8aa0:   0000000000000000 0000000000000000
0x0000703df46f8ab0:   0000000000000003 0000703df6609c70
0x0000703df46f8ac0:   0000703df46f8938 0000703df46f8918
0x0000703df46f8ad0:   0000703df006d500 0000703df0046210
0x0000703df46f8ae0:   0000703df006ce80 0000000000000001
0x0000703df46f8af0:   0000703df65cb728 0000000000000009
0x0000703df46f8b00:   0000000000000000 0000703df64b658d 

Instructions: (pc=0x0000703df64a5d9b)
0x0000703df64a5c9b:   ed 48 8d 74 24 70 e8 ea 63 eb ff 31 ed eb 03 40
0x0000703df64a5cab:   b5 01 4c 8b 64 24 08 4c 8b 74 24 10 48 8b 5c 24
0x0000703df64a5cbb:   18 48 c1 e3 03 45 31 ed 4c 8d bc 24 10 01 00 00
0x0000703df64a5ccb:   0f 1f 44 00 00 4c 39 eb 74 1a 4b 8b 14 2e 49 83
0x0000703df64a5cdb:   c5 08 48 8b bc 24 e8 00 00 00 4c 89 fe e8 a3 cd
0x0000703df64a5ceb:   03 00 eb e1 4d 85 e4 74 09 4c 89 f7 ff 15 43 23
0x0000703df64a5cfb:   16 00 40 84 ed 4c 8b ac 24 e8 00 00 00 74 13 48
0x0000703df64a5d0b:   83 7c 24 28 00 74 0b 48 8b 7c 24 30 ff 15 23 23
0x0000703df64a5d1b:   16 00 48 8b 84 24 20 01 00 00 48 85 c0 0f 84 87
0x0000703df64a5d2b:   0c 00 00 48 8d 4c 24 70 48 89 8c 24 30 01 00 00
0x0000703df64a5d3b:   0f 1f 44 00 00 48 8d 48 ff 48 89 8c 24 20 01 00
0x0000703df64a5d4b:   00 48 8b 8c 24 18 01 00 00 48 8b 44 c1 f8 48 c7
0x0000703df64a5d5b:   44 24 08 00 00 00 00 48 c7 44 24 10 08 00 00 00
0x0000703df64a5d6b:   48 c7 44 24 18 00 00 00 00 48 89 04 24 8b 40 08
0x0000703df64a5d7b:   48 8b 15 16 50 16 00 48 8b 0d 17 50 16 00 48 d3
0x0000703df64a5d8b:   e0 48 8d 34 10 8b 44 10 0c 48 8d 0d a1 61 dd ff
0x0000703df64a5d9b:   48 63 04 81 48 01 c8 ff e0 48 63 86 28 01 00 00
0x0000703df64a5dab:   48 85 c0 0f 84 cc 07 00 00 48 63 8e ac 00 00 00
0x0000703df64a5dbb:   48 8d 0c ce 48 63 96 2c 01 00 00 48 8d 34 d1 4c
0x0000703df64a5dcb:   8d 34 d1 49 81 c6 d8 01 00 00 48 8d 04 c6 48 05
0x0000703df64a5ddb:   d8 01 00 00 48 89 44 24 20 b8 08 00 00 00 45 31
0x0000703df64a5deb:   e4 eb 11 66 90 49 83 c6 08 4c 3b 74 24 20 0f 84
0x0000703df64a5dfb:   81 07 00 00 41 8b 6e 04 48 85 ed 74 e8 4d 63 3e
0x0000703df64a5e0b:   4c 03 3c 24 48 be ff ff ff ff ff ff ff 7f eb 1f
0x0000703df64a5e1b:   4a 89 1c e0 49 ff c4 4c 89 64 24 18 48 be ff ff
0x0000703df64a5e2b:   ff ff ff ff ff 7f 49 83 c7 04 48 ff cd 74 b6 4c
0x0000703df64a5e3b:   89 f9 48 21 f1 48 8b 15 99 37 16 00 48 39 d1 72
0x0000703df64a5e4b:   e5 48 03 15 95 37 16 00 48 39 d1 73 d9 4d 85 ff
0x0000703df64a5e5b:   78 1e 41 8b 1f 48 85 db 74 c2 48 8b 15 64 4f 16
0x0000703df64a5e6b:   00 48 8b 0d 65 4f 16 00 48 d3 e3 48 01 d3 eb 08
0x0000703df64a5e7b:   48 8b 19 48 85 db 74 a4 4c 3b 64 24 08 75 91 48
0x0000703df64a5e8b:   8d 7c 24 08 e8 6c d4 f2 ff 48 8b 44 24 10 eb 80 


Stack slot to memory mapping:

stack at sp + 0 slots: 
[error occurred during error reporting (inspecting top of stack), id 0xe0000000, Internal Error (/mydata/mmtk-openjdk/openjdk/share/mmtkHeap.cpp:444)]
stack at sp + 1 slots: 0x0 is null
stack at sp + 2 slots: 
[error occurred during error reporting (inspecting top of stack, attempt 2), id 0xe0000000, Internal Error (/mydata/mmtk-openjdk/openjdk/share/mmtkHeap.cpp:444)]
stack at sp + 3 slots: 0x0 is null
stack at sp + 4 slots: 0x0 is null
stack at sp + 5 slots: 
[error occurred during error reporting (inspecting top of stack, attempt 3), id 0xe0000000, Internal Error (/mydata/mmtk-openjdk/openjdk/share/mmtkHeap.cpp:444)]

---------------  P R O C E S S  ---------------

Threads class SMR info:
_java_thread_list=0x000063900c0d08a0, length=18, elements={
0x0000703df002b240, 0x0000703df0524f20, 0x0000703df05267b0, 0x0000703df05282a0,
0x0000703df0546af0, 0x0000703df0548440, 0x0000703df0549d00, 0x0000703df054bb40,
0x0000703df0555510, 0x0000703df05a44d0, 0x0000703df05a74d0, 0x0000639034024580,
0x0000639034002a10, 0x0000639034003bd0, 0x000063903402c630, 0x000063903402d090,
0x00006390280215b0, 0x000063902c03e410
}

Java Threads: ( => current thread )
  0x0000703df002b240 JavaThread "main"                              [_thread_blocked, id=460024, stack(0x0000703df6617000,0x0000703df6717000) (1024K)]
  0x0000703df0524f20 JavaThread "Reference Handler"          daemon [_thread_blocked, id=460030, stack(0x0000703df4f00000,0x0000703df5000000) (1024K)]
  0x0000703df05267b0 JavaThread "Finalizer"                  daemon [_thread_blocked, id=460031, stack(0x0000703df4e00000,0x0000703df4f00000) (1024K)]
  0x0000703df05282a0 JavaThread "MMTk Finalizer Thread"      daemon [_thread_blocked, id=460032, stack(0x0000703df4d00000,0x0000703df4e00000) (1024K)]
  0x0000703df0546af0 JavaThread "Signal Dispatcher"          daemon [_thread_blocked, id=460056, stack(0x00006391009f9000,0x0000639100af9000) (1024K)]
  0x0000703df0548440 JavaThread "Service Thread"             daemon [_thread_blocked, id=460057, stack(0x00006391008f9000,0x00006391009f9000) (1024K)]
  0x0000703df0549d00 JavaThread "Monitor Deflation Thread"   daemon [_thread_blocked, id=460058, stack(0x00006391007f9000,0x00006391008f9000) (1024K)]
  0x0000703df054bb40 JavaThread "C2 CompilerThread0"         daemon [_thread_blocked, id=460059, stack(0x00006391006f9000,0x00006391007f9000) (1024K)]
  0x0000703df0555510 JavaThread "C1 CompilerThread0"         daemon [_thread_blocked, id=460060, stack(0x00006391005f9000,0x00006391006f9000) (1024K)]
  0x0000703df05a44d0 JavaThread "Notification Thread"        daemon [_thread_blocked, id=460063, stack(0x00006391002f9000,0x00006391003f9000) (1024K)]
  0x0000703df05a74d0 JavaThread "Common-Cleaner"             daemon [_thread_blocked, id=460064, stack(0x00006391001f9000,0x00006391002f9000) (1024K)]
  0x0000639034024580 JavaThread "C1 CompilerThread1"         daemon [_thread_blocked, id=460071, stack(0x00006391000f9000,0x00006391001f9000) (1024K)]
  0x0000639034002a10 JavaThread "C2 CompilerThread1"         daemon [_thread_blocked, id=460072, stack(0x00006391004f9000,0x00006391005f9000) (1024K)]
  0x0000639034003bd0 JavaThread "C2 CompilerThread2"         daemon [_thread_blocked, id=460073, stack(0x00006391003f9000,0x00006391004f9000) (1024K)]
  0x000063903402c630 JavaThread "C1 CompilerThread2"         daemon [_thread_blocked, id=460074, stack(0x00006390baf00000,0x00006390bb000000) (1024K)]
  0x000063903402d090 JavaThread "C1 CompilerThread3"         daemon [_thread_blocked, id=460075, stack(0x00006390bae00000,0x00006390baf00000) (1024K)]
  0x00006390280215b0 JavaThread "C2 CompilerThread3"         daemon [_thread_blocked, id=460076, stack(0x00006390bad00000,0x00006390bae00000) (1024K)]
  0x000063902c03e410 JavaThread "C2 CompilerThread4"         daemon [_thread_blocked, id=460077, stack(0x00006390bac00000,0x00006390bad00000) (1024K)]
Total: 18

Other Threads:
  0x0000703df0519a70 VMThread "VM Thread"                           [id=460029, stack(0x0000703df52fd000,0x0000703df53fd000) (1024K)]
  0x0000703df05076c0 WatcherThread "VM Periodic Task Thread"        [id=460028, stack(0x0000703df53fe000,0x0000703df54fe000) (1024K)]

=>0x0000703df0533180 (exited) NamedThread "MMTk Collector Thread"   [id=460039, stack(0x0000703df45fa000,0x0000703df46fa000) (1024K)]
Total: 3

Threads with active compile tasks:
Total: 0

VM state: at safepoint (normal execution)

VM Mutex/Monitor currently owned by a thread:  ([mutex/lock_event])
[0x0000703df7d580d0] Threads_lock - owner thread: 0x0000703df0519a70
[0x0000703df7d57fd0] Heap_lock - owner thread: 0x0000703df03e2eb0

Heap address: 0x0000000040000000, size: 3072 MB, Compressed Oops mode: 32-bit

CDS archive(s) mapped at: [0x00006390bb000000-0x00006390bbca3000-0x00006390bbca3000), size 13250560, SharedBaseAddress: 0x00006390bb000000, ArchiveRelocationMode: 1.
Compressed class space mapped at: 0x00006390bc000000-0x00006390fc000000, reserved size: 1073741824
Narrow klass base: 0x00006390bb000000, Narrow klass shift: 0, Narrow klass range: 0x100000000

GC Precious Log:
<Empty>

Heap:

[error occurred during error reporting (printing heap information), id 0xe0000000, Internal Error (/mydata/mmtk-openjdk/openjdk/share/mmtkHeap.cpp:424)]
Metaspace:

Usage:
  Non-class:      6.42 MB used.
      Class:    773.73 KB used.
       Both:      7.18 MB used.

Virtual space:
  Non-class space:       64.00 MB reserved,       6.56 MB ( 10%) committed,  1 nodes.
      Class space:        1.00 GB reserved,     896.00 KB ( <1%) committed,  1 nodes.
             Both:        1.06 GB reserved,       7.44 MB ( <1%) committed. 

Chunk freelists:
   Non-Class:  8.20 MB
       Class:  14.96 MB
        Both:  23.16 MB

MaxMetaspaceSize: unlimited
CompressedClassSpaceSize: 1.00 GB
Initial GC threshold: 21.00 MB
Current GC threshold: 21.00 MB
CDS: on
 - commit_granule_bytes: 65536.
 - commit_granule_words: 8192.
 - virtual_space_node_default_size: 8388608.
 - enlarge_chunks_in_place: 1.
 - use_allocation_guard: 0.


Internal statistics:

num_allocs_failed_limit: 0.
num_arena_births: 196.
num_arena_deaths: 0.
num_vsnodes_births: 2.
num_vsnodes_deaths: 0.
num_space_committed: 119.
num_space_uncommitted: 0.
num_chunks_returned_to_freelist: 0.
num_chunks_taken_from_freelist: 417.
num_chunk_merges: 0.
num_chunk_splits: 274.
num_chunks_enlarged: 183.
num_inconsistent_stats: 0.

CodeHeap 'non-profiled nmethods': size=118880Kb used=878Kb max_used=878Kb free=118001Kb
 bounds [0x0000703de03e8000, 0x0000703de0658000, 0x0000703de7800000]
CodeHeap 'profiled nmethods': size=118876Kb used=3222Kb max_used=3222Kb free=115653Kb
 bounds [0x0000703dd8800000, 0x0000703dd8b30000, 0x0000703ddfc17000]
CodeHeap 'non-nmethods': size=8004Kb used=2911Kb max_used=3465Kb free=5093Kb
 bounds [0x0000703ddfc17000, 0x0000703ddff87000, 0x0000703de03e8000]
CodeCache: size=245760Kb, used=7011Kb, max_used=7565Kb, free=238747Kb
 total_blobs=2349, nmethods=1845, adapters=405, full_count=0
Compilation: enabled, stopped_count=0, restarted_count=0

Compilation events (20 events):
Event: 17.728 Thread 0x000063903402c630 nmethod 1836 0x0000703de04c1110 code [0x0000703de04c12a0, 0x0000703de04c1360]
Event: 17.729 Thread 0x000063903402d090 1837       3       java.io.BufferedOutputStream::growIfNeeded (59 bytes)
Event: 17.729 Thread 0x000063903402d090 nmethod 1837 0x0000703dd8b24890 code [0x0000703dd8b24a40, 0x0000703dd8b24cd0]
Event: 17.731 Thread 0x0000639034002a10 nmethod 1835 0x0000703de04c1410 code [0x0000703de04c15e0, 0x0000703de04c1ac0]
Event: 17.740 Thread 0x000063903402c630 1838       3       java.nio.HeapByteBuffer::compact (85 bytes)
Event: 17.740 Thread 0x000063903402c630 nmethod 1838 0x0000703dd8b24e10 code [0x0000703dd8b25000, 0x0000703dd8b256e0]
Event: 17.749 Thread 0x000063903402d090 1839       1       org.apache.lucene.util.InfoStream$NoOutput::isEnabled (2 bytes)
Event: 17.749 Thread 0x000063903402d090 nmethod 1839 0x0000703de04c1f10 code [0x0000703de04c20a0, 0x0000703de04c2160]
Event: 17.847 Thread 0x000063902c03e410 1840       4       java.lang.String::indexOf (37 bytes)
Event: 17.849 Thread 0x000063902c03e410 nmethod 1840 0x0000703de04c2210 code [0x0000703de04c23c0, 0x0000703de04c27e0]
Event: 17.851 Thread 0x000063902c03e410 1841       4       org.apache.lucene.util.Accountable$$Lambda/0x00006390bc0215f0::ramBytesUsed (4 bytes)
Event: 17.852 Thread 0x000063902c03e410 nmethod 1841 0x0000703de04c2990 code [0x0000703de04c2b00, 0x0000703de04c2b88]
Event: 17.853 Thread 0x00006390280215b0 1842       4       java.util.concurrent.atomic.AtomicLong::incrementAndGet (14 bytes)
Event: 17.853 Thread 0x00006390280215b0 nmethod 1842 0x0000703de04c2c90 code [0x0000703de04c2e00, 0x0000703de04c2e98]
Event: 17.856 Thread 0x000063902c03e410 1843       4       java.util.concurrent.atomic.AtomicLong::getAndIncrement (12 bytes)
Event: 17.856 Thread 0x000063902c03e410 nmethod 1843 0x0000703de04c2f90 code [0x0000703de04c3100, 0x0000703de04c3190]
Event: 17.858 Thread 0x000063902c03e410 1845       4       java.util.concurrent.atomic.AtomicInteger::incrementAndGet (14 bytes)
Event: 17.858 Thread 0x00006390280215b0 1844       4       org.apache.lucene.analysis.ReusableStringReader::close (14 bytes)
Event: 17.858 Thread 0x000063902c03e410 nmethod 1845 0x0000703de04c3290 code [0x0000703de04c3400, 0x0000703de04c3498]
Event: 17.858 Thread 0x00006390280215b0 nmethod 1844 0x0000703de04c3590 code [0x0000703de04c3700, 0x0000703de04c3798]

GC Heap History (0 events):
No events

Dll operation events (8 events):
Event: 0.001 Loaded shared library /mydata/openjdk-mmtk/build/b0test/images/jdk/lib/libjava.so
Event: 2.197 Loaded shared library /mydata/openjdk-mmtk/build/b0test/images/jdk/lib/libjsvml.so
Event: 2.210 Loaded shared library /mydata/openjdk-mmtk/build/b0test/images/jdk/lib/libnio.so
Event: 2.214 Loaded shared library /mydata/openjdk-mmtk/build/b0test/images/jdk/lib/libzip.so
Event: 2.227 Loaded shared library /mydata/openjdk-mmtk/build/b0test/images/jdk/lib/libjimage.so
Event: 2.253 Loaded shared library /mydata/openjdk-mmtk/build/b0test/images/jdk/lib/libnet.so
Event: 16.770 Loaded shared library /mydata/openjdk-mmtk/build/b0test/images/jdk/lib/libmanagement.so
Event: 16.772 Loaded shared library /mydata/openjdk-mmtk/build/b0test/images/jdk/lib/libmanagement_ext.so

Deoptimization events (20 events):
Event: 17.459 Thread 0x0000703df002b240 DEOPT PACKING pc=0x0000703dd8b0f274 sp=0x0000703df6714a30
Event: 17.459 Thread 0x0000703df002b240 DEOPT UNPACKING pc=0x0000703ddfc6ab2f sp=0x0000703df6713fa8 mode 0
Event: 17.461 Thread 0x0000703df002b240 DEOPT PACKING pc=0x0000703dd8b0f274 sp=0x0000703df6714a30
Event: 17.461 Thread 0x0000703df002b240 DEOPT UNPACKING pc=0x0000703ddfc6ab2f sp=0x0000703df6713fa8 mode 0
Event: 17.462 Thread 0x0000703df002b240 DEOPT PACKING pc=0x0000703dd8b0f274 sp=0x0000703df6714a30
Event: 17.462 Thread 0x0000703df002b240 DEOPT UNPACKING pc=0x0000703ddfc6ab2f sp=0x0000703df6713fa8 mode 0
Event: 17.463 Thread 0x0000703df002b240 DEOPT PACKING pc=0x0000703dd8b0f274 sp=0x0000703df6714a30
Event: 17.463 Thread 0x0000703df002b240 DEOPT UNPACKING pc=0x0000703ddfc6ab2f sp=0x0000703df6713fa8 mode 0
Event: 17.464 Thread 0x0000703df002b240 DEOPT PACKING pc=0x0000703dd8b0f274 sp=0x0000703df6714a30
Event: 17.464 Thread 0x0000703df002b240 DEOPT UNPACKING pc=0x0000703ddfc6ab2f sp=0x0000703df6713fa8 mode 0
Event: 17.464 Thread 0x0000703df002b240 DEOPT PACKING pc=0x0000703dd8b0f274 sp=0x0000703df6714a30
Event: 17.464 Thread 0x0000703df002b240 DEOPT UNPACKING pc=0x0000703ddfc6ab2f sp=0x0000703df6713fa8 mode 0
Event: 17.465 Thread 0x0000703df002b240 DEOPT PACKING pc=0x0000703dd8b0f274 sp=0x0000703df6714a30
Event: 17.465 Thread 0x0000703df002b240 DEOPT UNPACKING pc=0x0000703ddfc6ab2f sp=0x0000703df6713fa8 mode 0
Event: 17.465 Thread 0x0000703df002b240 DEOPT PACKING pc=0x0000703dd8b0f274 sp=0x0000703df6714a30
Event: 17.465 Thread 0x0000703df002b240 DEOPT UNPACKING pc=0x0000703ddfc6ab2f sp=0x0000703df6713fa8 mode 0
Event: 17.599 Thread 0x0000703df002b240 Uncommon trap: trap_request=0xffffff45 fr.pc=0x0000703de049a918 relative=0x0000000000000a18
Event: 17.599 Thread 0x0000703df002b240 Uncommon trap: reason=unstable_if action=reinterpret pc=0x0000703de049a918 method=org.apache.lucene.util.BytesRefHash.rehash(IZ)V @ 101 c2
Event: 17.599 Thread 0x0000703df002b240 DEOPT PACKING pc=0x0000703de049a918 sp=0x0000703df6714960
Event: 17.599 Thread 0x0000703df002b240 DEOPT UNPACKING pc=0x0000703ddfc6a399 sp=0x0000703df67148e8 mode 2

Classes loaded (20 events):
Event: 16.910 Loading class java/util/Spliterators$IntArraySpliterator
Event: 16.910 Loading class java/util/Spliterators$IntArraySpliterator done
Event: 16.910 Loading class java/util/stream/IntPipeline$Head
Event: 16.910 Loading class java/util/stream/IntPipeline$Head done
Event: 16.920 Loading class java/lang/reflect/UndeclaredThrowableException
Event: 16.921 Loading class java/lang/reflect/UndeclaredThrowableException done
Event: 16.924 Loading class java/lang/ArrayIndexOutOfBoundsException
Event: 16.924 Loading class java/lang/ArrayIndexOutOfBoundsException done
Event: 17.012 Loading class java/util/WeakHashMap$KeyIterator
Event: 17.012 Loading class java/util/WeakHashMap$HashIterator
Event: 17.013 Loading class java/util/WeakHashMap$HashIterator done
Event: 17.013 Loading class java/util/WeakHashMap$KeyIterator done
Event: 17.449 Loading class java/lang/CharacterData01
Event: 17.449 Loading class java/lang/CharacterData01 done
Event: 17.721 Loading class java/nio/BufferUnderflowException
Event: 17.721 Loading class java/nio/BufferUnderflowException done
Event: 17.721 Loading class java/nio/HeapByteBufferR
Event: 17.721 Loading class java/nio/HeapByteBufferR done
Event: 17.722 Loading class java/nio/FloatBuffer
Event: 17.722 Loading class java/nio/FloatBuffer done

Classes unloaded (0 events):
No events

Classes redefined (0 events):
No events

Internal exceptions (20 events):
Event: 2.271 Thread 0x0000703df002b240 Exception <a 'java/lang/NoSuchMethodError'{0x00000000401b5ca8}: 'void java.lang.invoke.DirectMethodHandle$Holder.invokeVirtual(java.lang.Object, java.lang.Object)'> (0x00000000401b5ca8) 
thrown [src/hotspot/share/interpreter/linkResolver.cpp, line 772]
Event: 2.276 Thread 0x0000703df002b240 Exception <a 'java/io/FileNotFoundException'{0x000000004018ec88}> (0x000000004018ec88) 
thrown [src/hotspot/share/prims/jni.cpp, line 520]
Event: 2.286 Thread 0x0000703df002b240 Exception <a 'java/lang/NoSuchMethodError'{0x0000000040120350}: 'java.lang.Object java.lang.invoke.Invokers$Holder.invokeExact_MT(java.lang.Object, java.lang.Object, java.lang.Object, java.lang.Object, java.lang.Object)'> (0x0000000040120350) 
thrown [src/hotspot/share/interpreter/linkResolver.cpp, line 772]
Event: 16.745 Thread 0x0000703df002b240 Exception <a 'java/lang/NoSuchMethodError'{0x00000000400239b0}: 'void java.lang.invoke.DirectMethodHandle$Holder.invokeVirtual(java.lang.Object, java.lang.Object, java.lang.Object, java.lang.Object)'> (0x00000000400239b0) 
thrown [src/hotspot/share/interpreter/linkResolver.cpp, line 772]
Event: 16.745 Thread 0x0000703df002b240 Exception <a 'java/lang/NoSuchMethodError'{0x0000000040027650}: 'void java.lang.invoke.DirectMethodHandle$Holder.invokeSpecial(java.lang.Object, java.lang.Object, java.lang.Object, java.lang.Object, java.lang.Object)'> (0x0000000040027650) 
thrown [src/hotspot/share/interpreter/linkResolver.cpp, line 772]
Event: 16.766 Thread 0x0000703df002b240 Exception <a 'java/lang/NoSuchMethodError'{0x00000000402bf260}: 'long java.lang.invoke.DirectMethodHandle$Holder.invokeStatic(java.lang.Object)'> (0x00000000402bf260) 
thrown [src/hotspot/share/interpreter/linkResolver.cpp, line 772]
Event: 16.766 Thread 0x0000703df002b240 Exception <a 'java/lang/NoSuchMethodError'{0x00000000402b4fa0}: 'long java.lang.invoke.DirectMethodHandle$Holder.invokeStaticInit(java.lang.Object)'> (0x00000000402b4fa0) 
thrown [src/hotspot/share/interpreter/linkResolver.cpp, line 772]
Event: 16.769 Thread 0x0000703df002b240 Exception <a 'java/lang/NoSuchMethodError'{0x00000000402848e0}: 'void java.lang.invoke.DirectMethodHandle$Holder.invokeStatic(java.lang.Object, java.lang.Object, java.lang.Object)'> (0x00000000402848e0) 
thrown [src/hotspot/share/interpreter/linkResolver.cpp, line 772]
Event: 16.775 Thread 0x0000703df002b240 Exception <a 'java/lang/NoSuchMethodError'{0x00000000401a16c8}: 'int java.lang.invoke.DirectMethodHandle$Holder.invokeSpecial(java.lang.Object, java.lang.Object, java.lang.Object)'> (0x00000000401a16c8) 
thrown [src/hotspot/share/interpreter/linkResolver.cpp, line 772]
Event: 16.776 Thread 0x0000703df002b240 Exception <a 'java/lang/NoSuchMethodError'{0x000000004019fec0}: 'java.lang.Object java.lang.invoke.DirectMethodHandle$Holder.invokeInterface(java.lang.Object, java.lang.Object, java.lang.Object)'> (0x000000004019fec0) 
thrown [src/hotspot/share/interpreter/linkResolver.cpp, line 772]
Event: 16.779 Thread 0x0000703df002b240 Exception <a 'java/lang/NoSuchMethodError'{0x000000004016af88}: 'java.lang.Object java.lang.invoke.DirectMethodHandle$Holder.invokeStatic(java.lang.Object, java.lang.Object, int)'> (0x000000004016af88) 
thrown [src/hotspot/share/interpreter/linkResolver.cpp, line 772]
Event: 16.779 Thread 0x0000703df002b240 Exception <a 'java/lang/NoSuchMethodError'{0x0000000040141bd0}: 'void java.lang.invoke.DelegatingMethodHandle$Holder.delegate(java.lang.Object, java.lang.Object, int, java.lang.Object)'> (0x0000000040141bd0) 
thrown [src/hotspot/share/interpreter/linkResolver.cpp, line 772]
Event: 16.788 Thread 0x0000703df002b240 Exception <a 'java/lang/NoSuchMethodError'{0x0000000040095a28}: 'void java.lang.invoke.DirectMethodHandle$Holder.invokeStaticInit(java.lang.Object, java.lang.Object)'> (0x0000000040095a28) 
thrown [src/hotspot/share/interpreter/linkResolver.cpp, line 772]
Event: 16.848 Thread 0x0000703df002b240 Exception <a 'java/lang/NoSuchMethodError'{0x000000004081d7e8}: 'int java.lang.invoke.DirectMethodHandle$Holder.invokeStaticInit(java.lang.Object, java.lang.Object, java.lang.Object)'> (0x000000004081d7e8) 
thrown [src/hotspot/share/interpreter/linkResolver.cpp, line 772]
Event: 16.852 Thread 0x0000703df002b240 Exception <a 'sun/nio/fs/UnixException'{0x0000000040fe1e48}> (0x0000000040fe1e48) 
thrown [src/hotspot/share/prims/jni.cpp, line 520]
Event: 16.861 Thread 0x0000703df002b240 Exception <a 'java/lang/NoSuchMethodError'{0x0000000040f5abb0}: 'java.lang.Object java.lang.invoke.DirectMethodHandle$Holder.newInvokeSpecial(java.lang.Object, java.lang.Object, java.lang.Object, int, java.lang.Object, java.lang.Object, java.lang.Object, java.lang.Object, java.lang.Object, int)'> (0x0000000040f5abb0) 
thrown [src/hotspot/share/interpreter/linkResolver.cpp, line 772]
Event: 16.864 Thread 0x0000703df002b240 Exception <a 'java/lang/NoSuchMethodError'{0x0000000040f27240}: 'long java.lang.invoke.DirectMethodHandle$Holder.invokeSpecial(java.lang.Object, java.lang.Object)'> (0x0000000040f27240) 
thrown [src/hotspot/share/interpreter/linkResolver.cpp, line 772]
Event: 16.910 Thread 0x0000703df002b240 Exception <a 'java/lang/NoSuchMethodError'{0x0000000040cbd9d8}: 'void java.lang.invoke.DirectMethodHandle$Holder.invokeInterface(java.lang.Object, java.lang.Object, int)'> (0x0000000040cbd9d8) 
thrown [src/hotspot/share/interpreter/linkResolver.cpp, line 772]
Event: 16.910 Thread 0x0000703df002b240 Exception <a 'java/lang/IncompatibleClassChangeError'{0x0000000040cb1018}: Found class java.lang.Object, but interface was expected> (0x0000000040cb1018) 
thrown [src/hotspot/share/interpreter/linkResolver.cpp, line 840]
Event: 16.923 Thread 0x0000703df002b240 Implicit null exception at 0x0000703de04134f7 to 0x0000703de04135b8

ZGC Phase Switch (0 events):
No events

VM Operations (20 events):
Event: 11.243 Executing VM operation: Cleanup done
Event: 12.243 Executing VM operation: Cleanup
Event: 12.243 Executing VM operation: Cleanup done
Event: 16.717 Executing VM operation: ThirdPartyHeapOperation
Event: 16.744 Executing VM operation: ThirdPartyHeapOperation done
Event: 16.746 Executing VM operation: ThirdPartyHeapOperation
Event: 16.749 Executing VM operation: ThirdPartyHeapOperation done
Event: 16.778 Executing VM operation: HandshakeAllThreads (Deoptimize)
Event: 16.778 Executing VM operation: HandshakeAllThreads (Deoptimize) done
Event: 16.886 Executing VM operation: HandshakeAllThreads (Deoptimize)
Event: 16.886 Executing VM operation: HandshakeAllThreads (Deoptimize) done
Event: 17.447 Executing VM operation: ICBufferFull
Event: 17.447 Executing VM operation: ICBufferFull done
Event: 17.721 Executing VM operation: HandshakeAllThreads (Deoptimize)
Event: 17.721 Executing VM operation: HandshakeAllThreads (Deoptimize) done
Event: 17.721 Executing VM operation: HandshakeAllThreads (Deoptimize)
Event: 17.721 Executing VM operation: HandshakeAllThreads (Deoptimize) done
Event: 17.868 Executing VM operation: ThirdPartyHeapOperation
Event: 17.886 Executing VM operation: ThirdPartyHeapOperation done
Event: 17.890 Executing VM operation: ThirdPartyHeapOperation

Memory protections (20 events):
Event: 2.196 Protecting memory [0x00006391007f9000,0x00006391007fd000] with protection modes 0
Event: 2.196 Protecting memory [0x00006391006f9000,0x00006391006fd000] with protection modes 0
Event: 2.196 Protecting memory [0x00006391005f9000,0x00006391005fd000] with protection modes 0
Event: 2.207 Protecting memory [0x00006391004f9000,0x00006391004fd000] with protection modes 0
Event: 2.207 Protecting memory [0x00006391003f9000,0x00006391003fd000] with protection modes 0
Event: 2.208 Protecting memory [0x00006391002f9000,0x00006391002fd000] with protection modes 0
Event: 2.209 Protecting memory [0x00006391001f9000,0x00006391001fd000] with protection modes 0
Event: 2.258 Protecting memory [0x00006391000f9000,0x00006391000fd000] with protection modes 0
Event: 2.264 Protecting memory [0x00006390baf00000,0x00006390baf04000] with protection modes 0
Event: 2.264 Protecting memory [0x00006390bae00000,0x00006390bae04000] with protection modes 0
Event: 2.268 Protecting memory [0x00006390bad00000,0x00006390bad04000] with protection modes 0
Event: 10.946 Protecting memory [0x00006391000f9000,0x00006391000fd000] with protection modes 0
Event: 16.752 Protecting memory [0x00006391000f9000,0x00006391000fd000] with protection modes 0
Event: 16.886 Protecting memory [0x00006391004f9000,0x00006391004fd000] with protection modes 0
Event: 16.890 Protecting memory [0x00006391003f9000,0x00006391003fd000] with protection modes 0
Event: 16.930 Protecting memory [0x00006390baf00000,0x00006390baf04000] with protection modes 0
Event: 16.930 Protecting memory [0x00006390bae00000,0x00006390bae04000] with protection modes 0
Event: 16.941 Protecting memory [0x00006390bad00000,0x00006390bad04000] with protection modes 0
Event: 16.941 Protecting memory [0x00006390bac00000,0x00006390bac04000] with protection modes 0
Event: 16.941 Protecting memory [0x00006390bab00000,0x00006390bab04000] with protection modes 0

Nmethod flushes (0 events):
No events

Events (20 events):
Event: 2.264 Thread 0x00006390280015f0 Thread added: 0x000063902c03ceb0
Event: 2.264 Thread 0x00006390280015f0 Thread added: 0x000063902c03e4e0
Event: 2.268 Thread 0x0000703df054bb40 Thread added: 0x00006390300aabf0
Event: 2.605 Thread 0x00006390300aabf0 Thread exited: 0x00006390300aabf0
Event: 2.882 Thread 0x000063902c03e4e0 Thread exited: 0x000063902c03e4e0
Event: 2.882 Thread 0x000063902c03ceb0 Thread exited: 0x000063902c03ceb0
Event: 2.893 Thread 0x00006390280015f0 Thread exited: 0x00006390280015f0
Event: 2.893 Thread 0x00006390340459b0 Thread exited: 0x00006390340459b0
Event: 8.017 Thread 0x0000639034063310 Thread exited: 0x0000639034063310
Event: 10.945 Thread 0x0000703df054bb40 Thread added: 0x00006390300a8400
Event: 13.639 Thread 0x00006390300a8400 Thread exited: 0x00006390300a8400
Event: 16.752 Thread 0x0000703df0555510 Thread added: 0x0000639034024580
Event: 16.886 Thread 0x0000703df0555510 Thread added: 0x0000639034002a10
Event: 16.890 Thread 0x0000703df0555510 Thread added: 0x0000639034003bd0
Event: 16.930 Thread 0x0000703df0555510 Thread added: 0x000063903402c630
Event: 16.930 Thread 0x0000703df0555510 Thread added: 0x000063903402d090
Event: 16.941 Thread 0x0000639034002a10 Thread added: 0x00006390280215b0
Event: 16.941 Thread 0x0000639034003bd0 Thread added: 0x000063902c03e410
Event: 16.941 Thread 0x000063903402d090 Thread added: 0x0000639010013180
Event: 17.189 Thread 0x0000639010013180 Thread exited: 0x0000639010013180


Dynamic libraries:
40000000-40400000 rw-p 00000000 00:00 0                                  [anon:mmtk:space:immix]
40400000-40800000 rw-p 00000000 00:00 0                                  [anon:mmtk:space:los]
40800000-41400000 rw-p 00000000 00:00 0                                  [anon:mmtk:space:immix]
41400000-43c00000 rw-p 00000000 00:00 0                                  [anon:mmtk:space:los]
43c00000-44000000 rw-p 00000000 00:00 0                                  [anon:mmtk:space:immix]
44000000-45c00000 rw-p 00000000 00:00 0                                  [anon:mmtk:space:los]
45c00000-46000000 rw-p 00000000 00:00 0                                  [anon:mmtk:space:immix]
46000000-47800000 rw-p 00000000 00:00 0                                  [anon:mmtk:space:los]
47800000-47c00000 rw-p 00000000 00:00 0                                  [anon:mmtk:space:immix]
47c00000-49000000 rw-p 00000000 00:00 0                                  [anon:mmtk:space:los]
49000000-49400000 rw-p 00000000 00:00 0                                  [anon:mmtk:space:immix]
49400000-4a000000 rw-p 00000000 00:00 0                                  [anon:mmtk:space:los]
4a000000-4a400000 rw-p 00000000 00:00 0                                  [anon:mmtk:space:immix]
4a400000-4c400000 rw-p 00000000 00:00 0                                  [anon:mmtk:space:los]
4c400000-4c800000 rw-p 00000000 00:00 0                                  [anon:mmtk:space:immix]
4c800000-4e000000 rw-p 00000000 00:00 0                                  [anon:mmtk:space:los]
4e000000-4e400000 rw-p 00000000 00:00 0                                  [anon:mmtk:space:immix]
4e400000-4f400000 rw-p 00000000 00:00 0                                  [anon:mmtk:space:los]
4f400000-4f800000 rw-p 00000000 00:00 0                                  [anon:mmtk:space:immix]
4f800000-50000000 rw-p 00000000 00:00 0                                  [anon:mmtk:space:los]
200000000000-2000c00c0000 rw-s 00000000 00:10 68                         anon_inode:bpf-map
55c3c298f000-55c3c2990000 r--p 00000000 fc:00 49676352                   /mydata/openjdk-mmtk/build/b0test/images/jdk/bin/java
55c3c2990000-55c3c2991000 r-xp 00001000 fc:00 49676352                   /mydata/openjdk-mmtk/build/b0test/images/jdk/bin/java
55c3c2991000-55c3c2992000 r--p 00002000 fc:00 49676352                   /mydata/openjdk-mmtk/build/b0test/images/jdk/bin/java
55c3c2992000-55c3c2993000 r--p 00002000 fc:00 49676352                   /mydata/openjdk-mmtk/build/b0test/images/jdk/bin/java
55c3c2993000-55c3c2994000 rw-p 00003000 fc:00 49676352                   /mydata/openjdk-mmtk/build/b0test/images/jdk/bin/java
55c3dd7db000-55c3dd823000 rw-p 00000000 00:00 0                          [heap]
639008000000-63900824d000 rw-p 00000000 00:00 0 
63900824d000-63900c000000 ---p 00000000 00:00 0 
63900c000000-63900c156000 rw-p 00000000 00:00 0 
63900c156000-639010000000 ---p 00000000 00:00 0 
639010000000-639010072000 rw-p 00000000 00:00 0 
639010072000-639014000000 ---p 00000000 00:00 0 
639014000000-639014391000 rw-p 00000000 00:00 0 
639014391000-639018000000 ---p 00000000 00:00 0 
639018000000-63901822f000 rw-p 00000000 00:00 0 
63901822f000-63901c000000 ---p 00000000 00:00 0 
63901c000000-63901c056000 rw-p 00000000 00:00 0 
63901c056000-639020000000 ---p 00000000 00:00 0 
639020000000-639020021000 rw-p 00000000 00:00 0 
639020021000-639024000000 ---p 00000000 00:00 0 
639024000000-639024021000 rw-p 00000000 00:00 0 
639024021000-639028000000 ---p 00000000 00:00 0 
639028000000-639028317000 rw-p 00000000 00:00 0 
639028317000-63902c000000 ---p 00000000 00:00 0 
63902c000000-63902c224000 rw-p 00000000 00:00 0 
63902c224000-639030000000 ---p 00000000 00:00 0 
639030000000-6390304fc000 rw-p 00000000 00:00 0 
6390304fc000-639034000000 ---p 00000000 00:00 0 
639034000000-6390340c5000 rw-p 00000000 00:00 0 
6390340c5000-639038000000 ---p 00000000 00:00 0 
639038000000-639038021000 rw-p 00000000 00:00 0 
639038021000-63903c000000 ---p 00000000 00:00 0 
63903c000000-63903c021000 rw-p 00000000 00:00 0 
63903c021000-639040000000 ---p 00000000 00:00 0 
639040000000-639040021000 rw-p 00000000 00:00 0 
639040021000-639044000000 ---p 00000000 00:00 0 
639044000000-639044021000 rw-p 00000000 00:00 0 
639044021000-639048000000 ---p 00000000 00:00 0 
639048000000-639048021000 rw-p 00000000 00:00 0 
639048021000-63904c000000 ---p 00000000 00:00 0 
63904c000000-63904c021000 rw-p 00000000 00:00 0 
63904c021000-639050000000 ---p 00000000 00:00 0 
639050000000-639050033000 rw-p 00000000 00:00 0 
639050033000-639054000000 ---p 00000000 00:00 0 
639054000000-639054021000 rw-p 00000000 00:00 0 
639054021000-639058000000 ---p 00000000 00:00 0 
639058000000-639058021000 rw-p 00000000 00:00 0 
639058021000-63905c000000 ---p 00000000 00:00 0 
63905c000000-63905c021000 rw-p 00000000 00:00 0 
63905c021000-639060000000 ---p 00000000 00:00 0 
639060000000-6390600d2000 rw-p 00000000 00:00 0 
6390600d2000-639064000000 ---p 00000000 00:00 0 
639064000000-639064021000 rw-p 00000000 00:00 0 
639064021000-639068000000 ---p 00000000 00:00 0 
639068000000-639068021000 rw-p 00000000 00:00 0 
639068021000-63906c000000 ---p 00000000 00:00 0 
63906c000000-63906c021000 rw-p 00000000 00:00 0 
63906c021000-639070000000 ---p 00000000 00:00 0 
639070000000-639070021000 rw-p 00000000 00:00 0 
639070021000-639074000000 ---p 00000000 00:00 0 
639074000000-639074021000 rw-p 00000000 00:00 0 
639074021000-639078000000 ---p 00000000 00:00 0 
639078000000-639078042000 rw-p 00000000 00:00 0 
639078042000-63907c000000 ---p 00000000 00:00 0 
63907c000000-63907c022000 rw-p 00000000 00:00 0 
63907c022000-639080000000 ---p 00000000 00:00 0 
639080000000-63908011d000 rw-p 00000000 00:00 0 
63908011d000-639084000000 ---p 00000000 00:00 0 
639084000000-639084022000 rw-p 00000000 00:00 0 
639084022000-639088000000 ---p 00000000 00:00 0 
639088000000-639088021000 rw-p 00000000 00:00 0 
639088021000-63908c000000 ---p 00000000 00:00 0 
63908c000000-63908c053000 rw-p 00000000 00:00 0 
63908c053000-639090000000 ---p 00000000 00:00 0 
639090000000-639090021000 rw-p 00000000 00:00 0 
639090021000-639094000000 ---p 00000000 00:00 0 
639094000000-639094022000 rw-p 00000000 00:00 0 
639094022000-639098000000 ---p 00000000 00:00 0 
639098000000-639098021000 rw-p 00000000 00:00 0 
639098021000-63909c000000 ---p 00000000 00:00 0 
63909c000000-63909c021000 rw-p 00000000 00:00 0 
63909c021000-6390a0000000 ---p 00000000 00:00 0 
6390a0000000-6390a0021000 rw-p 00000000 00:00 0 
6390a0021000-6390a4000000 ---p 00000000 00:00 0 
6390a4000000-6390a4021000 rw-p 00000000 00:00 0 
6390a4021000-6390a8000000 ---p 00000000 00:00 0 
6390a8000000-6390a8021000 rw-p 00000000 00:00 0 
6390a8021000-6390ac000000 ---p 00000000 00:00 0 
6390ac000000-6390ac021000 rw-p 00000000 00:00 0 
6390ac021000-6390b0000000 ---p 00000000 00:00 0 
6390b0000000-6390b02c0000 rw-p 00000000 00:00 0 
6390b02c0000-6390b0400000 ---p 00000000 00:00 0 
6390b0400000-6390b07d0000 rw-p 00000000 00:00 0 
6390b07d0000-6390b4000000 ---p 00000000 00:00 0 
6390b4000000-6390b4021000 rw-p 00000000 00:00 0 
6390b4021000-6390b8000000 ---p 00000000 00:00 0 
6390bab00000-6390bab04000 ---p 00000000 00:00 0 
6390bab04000-6390bac00000 rw-p 00000000 00:00 0 
6390bac00000-6390bac04000 ---p 00000000 00:00 0 
6390bac04000-6390bad00000 rw-p 00000000 00:00 0 
6390bad00000-6390bad04000 ---p 00000000 00:00 0 
6390bad04000-6390bae00000 rw-p 00000000 00:00 0 
6390bae00000-6390bae04000 ---p 00000000 00:00 0 
6390bae04000-6390baf00000 rw-p 00000000 00:00 0 
6390baf00000-6390baf04000 ---p 00000000 00:00 0 
6390baf04000-6390bb000000 rw-p 00000000 00:00 0 
6390bb000000-6390bbca3000 rw-p 00001000 fc:00 49677060                   /mydata/openjdk-mmtk/build/b0test/images/jdk/lib/server/classes.jsa
6390bbca3000-6390bc000000 ---p 00000000 00:00 0 
6390bc000000-6390bc040000 rw-p 00000000 00:00 0 
6390bc040000-6390bc0c0000 rw-p 00000000 00:00 0 
6390bc0c0000-6390bc0d0000 rw-p 00000000 00:00 0 
6390bc0d0000-6390bc100000 ---p 00000000 00:00 0 
6390bc100000-6390bc110000 rw-p 00000000 00:00 0 
6390bc110000-6390fc000000 ---p 00000000 00:00 0 
6390fc000000-6390fc021000 rw-p 00000000 00:00 0 
6390fc021000-639100000000 ---p 00000000 00:00 0 
6391000f9000-6391000fd000 ---p 00000000 00:00 0 
6391000fd000-6391001f9000 rw-p 00000000 00:00 0 
6391001f9000-6391001fd000 ---p 00000000 00:00 0 
6391001fd000-6391002f9000 rw-p 00000000 00:00 0 
6391002f9000-6391002fd000 ---p 00000000 00:00 0 
6391002fd000-6391003f9000 rw-p 00000000 00:00 0 
6391003f9000-6391003fd000 ---p 00000000 00:00 0 
6391003fd000-6391004f9000 rw-p 00000000 00:00 0 
6391004f9000-6391004fd000 ---p 00000000 00:00 0 
6391004fd000-6391005f9000 rw-p 00000000 00:00 0 
6391005f9000-6391005fd000 ---p 00000000 00:00 0 
6391005fd000-6391006f9000 rw-p 00000000 00:00 0 
6391006f9000-6391006fd000 ---p 00000000 00:00 0 
6391006fd000-6391007f9000 rw-p 00000000 00:00 0 
6391007f9000-6391007fd000 ---p 00000000 00:00 0 
6391007fd000-6391008f9000 rw-p 00000000 00:00 0 
6391008f9000-6391008fd000 ---p 00000000 00:00 0 
6391008fd000-6391009f9000 rw-p 00000000 00:00 0 
6391009f9000-6391009fd000 ---p 00000000 00:00 0 
6391009fd000-639100af9000 rw-p 00000000 00:00 0 
639100af9000-639100afa000 ---p 00000000 00:00 0 
639100afa000-639100bfa000 rw-p 00000000 00:00 0 
639100bfa000-639100bfb000 ---p 00000000 00:00 0 
639100bfb000-639100cfb000 rw-p 00000000 00:00 0 
639100cfb000-639100cfc000 ---p 00000000 00:00 0 
639100cfc000-639100dfc000 rw-p 00000000 00:00 0 
639100dfc000-639100dfd000 ---p 00000000 00:00 0 
639100dfd000-639100efd000 rw-p 00000000 00:00 0 
639100efd000-639100efe000 ---p 00000000 00:00 0 
639100efe000-639100ffe000 rw-p 00000000 00:00 0 
639100ffe000-639100fff000 ---p 00000000 00:00 0 
639100fff000-6391010ff000 rw-p 00000000 00:00 0 
6391010ff000-639101100000 ---p 00000000 00:00 0 
639101100000-639101200000 rw-p 00000000 00:00 0 
639101200000-639104200000 rw-p 00000000 00:00 0 
6391042fb000-6391042fc000 ---p 00000000 00:00 0 
6391042fc000-6391043fc000 rw-p 00000000 00:00 0 
6391043fc000-639134400000 rw-p 00000000 00:00 0 
639134400000-639135400000 ---p 00000000 00:00 0                          [anon:mmtk:sidemeta:all:all-quarantined]
639135400000-639135800000 rw-p 00000000 00:00 0                          [anon:mmtk:sidemeta:immix:VO_BIT]
639135800000-659136400000 ---p 00000000 00:00 0                          [anon:mmtk:sidemeta:all:all-quarantined]
659136400000-659136800000 rw-p 00000000 00:00 0                          [anon:mmtk:sidemeta:immix:CHUNK_MARK]
659136800000-659139400000 ---p 00000000 00:00 0                          [anon:mmtk:sidemeta:all:all-quarantined]
659139400000-659139800000 rw-p 00000000 00:00 0                          [anon:mmtk:sidemeta:immix:VMGlobalLogBitSpec]
659139800000-679938800000 ---p 00000000 00:00 0                          [anon:mmtk:sidemeta:all:all-quarantined]
679938800000-679938c00000 rw-p 00000000 00:00 0                          [anon:mmtk:sidemeta:immix:IX_LINE_MARK]
679938c00000-681938400000 ---p 00000000 00:00 0                          [anon:mmtk:sidemeta:all:all-quarantined]
681938400000-681938800000 rw-p 00000000 00:00 0                          [anon:mmtk:sidemeta:immix:IX_BLOCK_DEFRAG]
681938800000-681a38400000 ---p 00000000 00:00 0                          [anon:mmtk:sidemeta:all:all-quarantined]
681a38400000-681a38800000 rw-p 00000000 00:00 0                          [anon:mmtk:sidemeta:immix:IX_BLOCK_MARK]
681a38800000-6e3bb8400000 ---p 00000000 00:00 0                          [anon:mmtk:sidemeta:all:all-quarantined]
6e3bb8400000-6e3bb8800000 rw-p 00000000 00:00 0                          [anon:mmtk:sidemeta:los:VMLocalLOSMarkNurserySpec]
6e3bb8800000-6e3db9400000 ---p 00000000 00:00 0                          [anon:mmtk:sidemeta:all:all-quarantined]
6e3db9400000-6e3db9800000 rw-p 00000000 00:00 0                          [anon:mmtk:sidemeta:immix:VMLocalMarkBitSpec]
6e3db9800000-703db8400000 ---p 00000000 00:00 0                          [anon:mmtk:sidemeta:all:all-quarantined]
703db84fc000-703db84fd000 ---p 00000000 00:00 0 
703db84fd000-703db85fd000 rw-p 00000000 00:00 0 
703db85fd000-703db85fe000 ---p 00000000 00:00 0 
703db85fe000-703db86fe000 rw-p 00000000 00:00 0 
703db86fe000-703db86ff000 ---p 00000000 00:00 0 
703db86ff000-703db87ff000 rw-p 00000000 00:00 0 
703db87ff000-703dd8800000 rw-p 00000000 00:00 0 
703dd8800000-703dd8b30000 rwxp 00000000 00:00 0 
703dd8b30000-703ddfc17000 ---p 00000000 00:00 0 
703ddfc17000-703ddff87000 rwxp 00000000 00:00 0 
703ddff87000-703de03e8000 ---p 00000000 00:00 0 
703de03e8000-703de0658000 rwxp 00000000 00:00 0 
703de0658000-703de7800000 ---p 00000000 00:00 0 
703de7800000-703deffa0000 r--s 00000000 fc:00 49676300                   /mydata/openjdk-mmtk/build/b0test/images/jdk/lib/modules
703df0000000-703df0818000 rw-p 00000000 00:00 0 
703df0818000-703df4000000 ---p 00000000 00:00 0 
703df4023000-703df4028000 r--p 00000000 fc:00 49676433                   /mydata/openjdk-mmtk/build/b0test/images/jdk/lib/libjsvml.so
703df4028000-703df4069000 r-xp 00005000 fc:00 49676433                   /mydata/openjdk-mmtk/build/b0test/images/jdk/lib/libjsvml.so
703df4069000-703df40f2000 r--p 00046000 fc:00 49676433                   /mydata/openjdk-mmtk/build/b0test/images/jdk/lib/libjsvml.so
703df40f2000-703df40f3000 r--p 000ce000 fc:00 49676433                   /mydata/openjdk-mmtk/build/b0test/images/jdk/lib/libjsvml.so
703df40f3000-703df40f4000 rw-p 000cf000 fc:00 49676433                   /mydata/openjdk-mmtk/build/b0test/images/jdk/lib/libjsvml.so
703df40f4000-703df40f5000 ---p 00000000 00:00 0 
703df40f5000-703df41f5000 rw-p 00000000 00:00 0 
703df41f5000-703df41f6000 ---p 00000000 00:00 0 
703df41f6000-703df42f6000 rw-p 00000000 00:00 0 
703df42f6000-703df42f7000 ---p 00000000 00:00 0 
703df42f7000-703df43f7000 rw-p 00000000 00:00 0 
703df43f7000-703df43f8000 ---p 00000000 00:00 0 
703df43f8000-703df44f8000 rw-p 00000000 00:00 0 
703df44f8000-703df44f9000 ---p 00000000 00:00 0 
703df44f9000-703df45f9000 rw-p 00000000 00:00 0 
703df45f9000-703df45fa000 ---p 00000000 00:00 0 
703df45fa000-703df46fa000 rw-p 00000000 00:00 0 
703df46fa000-703df46fb000 ---p 00000000 00:00 0 
703df46fb000-703df47fb000 rw-p 00000000 00:00 0 
703df47fb000-703df47fc000 ---p 00000000 00:00 0 
703df47fc000-703df48fc000 rw-p 00000000 00:00 0 
703df48fc000-703df48fd000 ---p 00000000 00:00 0 
703df48fd000-703df49fd000 rw-p 00000000 00:00 0 
703df49fd000-703df49fe000 ---p 00000000 00:00 0 
703df49fe000-703df4afe000 rw-p 00000000 00:00 0 
703df4afe000-703df4aff000 ---p 00000000 00:00 0 
703df4aff000-703df4bff000 rw-p 00000000 00:00 0 
703df4bff000-703df4c00000 ---p 00000000 00:00 0 
703df4c00000-703df4d00000 rw-p 00000000 00:00 0 
703df4d00000-703df4d04000 ---p 00000000 00:00 0 
703df4d04000-703df4e00000 rw-p 00000000 00:00 0 
703df4e00000-703df4e04000 ---p 00000000 00:00 0 
703df4e04000-703df4f00000 rw-p 00000000 00:00 0 
703df4f00000-703df4f04000 ---p 00000000 00:00 0 
703df4f04000-703df5000000 rw-p 00000000 00:00 0 
703df5000000-703df52eb000 r--p 00000000 08:03 1410552                    /usr/lib/locale/locale-archive
703df52fc000-703df52fd000 ---p 00000000 00:00 0 
703df52fd000-703df53fd000 rw-p 00000000 00:00 0 
703df53fd000-703df53fe000 ---p 00000000 00:00 0 
703df53fe000-703df54fe000 rw-p 00000000 00:00 0 
703df54fe000-703df54ff000 ---p 00000000 00:00 0 
703df54ff000-703df55ff000 rw-p 00000000 00:00 0 
703df55ff000-703df5c00000 rw-p 00000000 00:00 0 
703df5c00000-703df5c0c000 r--p 00000000 fc:00 13107796                   /mydata/gc-bpf-fault/shim/libgcbpf.so
703df5c0c000-703df5c6e000 r-xp 0000c000 fc:00 13107796                   /mydata/gc-bpf-fault/shim/libgcbpf.so
703df5c6e000-703df5ede000 r--p 0006e000 fc:00 13107796                   /mydata/gc-bpf-fault/shim/libgcbpf.so
703df5ede000-703df5ee0000 r--p 002de000 fc:00 13107796                   /mydata/gc-bpf-fault/shim/libgcbpf.so
703df5ee0000-703df5ee1000 rw-p 002e0000 fc:00 13107796                   /mydata/gc-bpf-fault/shim/libgcbpf.so
703df5ee1000-703df5ee2000 rw-p 00000000 00:00 0 
703df5f3d000-703df5f44000 r--s 00000000 08:03 1436340                    /usr/lib/x86_64-linux-gnu/gconv/gconv-modules.cache
703df5f44000-703df5f46000 r--p 00000000 fc:00 49676380                   /mydata/openjdk-mmtk/build/b0test/images/jdk/lib/libzip.so
703df5f46000-703df5f4b000 r-xp 00002000 fc:00 49676380                   /mydata/openjdk-mmtk/build/b0test/images/jdk/lib/libzip.so
703df5f4b000-703df5f4d000 r--p 00007000 fc:00 49676380                   /mydata/openjdk-mmtk/build/b0test/images/jdk/lib/libzip.so
703df5f4d000-703df5f4e000 r--p 00008000 fc:00 49676380                   /mydata/openjdk-mmtk/build/b0test/images/jdk/lib/libzip.so
703df5f4e000-703df5f4f000 rw-p 00009000 fc:00 49676380                   /mydata/openjdk-mmtk/build/b0test/images/jdk/lib/libzip.so
703df5f4f000-703df5f52000 r--p 00000000 fc:00 49676376                   /mydata/openjdk-mmtk/build/b0test/images/jdk/lib/libnet.so
703df5f52000-703df5f5a000 r-xp 00003000 fc:00 49676376                   /mydata/openjdk-mmtk/build/b0test/images/jdk/lib/libnet.so
703df5f5a000-703df5f5c000 r--p 0000b000 fc:00 49676376                   /mydata/openjdk-mmtk/build/b0test/images/jdk/lib/libnet.so
703df5f5c000-703df5f5d000 r--p 0000c000 fc:00 49676376                   /mydata/openjdk-mmtk/build/b0test/images/jdk/lib/libnet.so
703df5f5d000-703df5f5e000 rw-p 0000d000 fc:00 49676376                   /mydata/openjdk-mmtk/build/b0test/images/jdk/lib/libnet.so
703df5f5e000-703df5f65000 r--p 00000000 fc:00 49676377                   /mydata/openjdk-mmtk/build/b0test/images/jdk/lib/libnio.so
703df5f65000-703df5f6e000 r-xp 00007000 fc:00 49676377                   /mydata/openjdk-mmtk/build/b0test/images/jdk/lib/libnio.so
703df5f6e000-703df5f72000 r--p 00010000 fc:00 49676377                   /mydata/openjdk-mmtk/build/b0test/images/jdk/lib/libnio.so
703df5f72000-703df5f73000 r--p 00014000 fc:00 49676377                   /mydata/openjdk-mmtk/build/b0test/images/jdk/lib/libnio.so
703df5f73000-703df5f74000 rw-p 00015000 fc:00 49676377                   /mydata/openjdk-mmtk/build/b0test/images/jdk/lib/libnio.so
703df5f74000-703df5f78000 r--p 00000000 08:03 1410107                    /usr/lib/x86_64-linux-gnu/libzstd.so.1.5.5
703df5f78000-703df601f000 r-xp 00004000 08:03 1410107                    /usr/lib/x86_64-linux-gnu/libzstd.so.1.5.5
703df601f000-703df602c000 r--p 000ab000 08:03 1410107                    /usr/lib/x86_64-linux-gnu/libzstd.so.1.5.5
703df602c000-703df602d000 r--p 000b7000 08:03 1410107                    /usr/lib/x86_64-linux-gnu/libzstd.so.1.5.5
703df602d000-703df602e000 rw-p 000b8000 08:03 1410107                    /usr/lib/x86_64-linux-gnu/libzstd.so.1.5.5
703df602e000-703df6033000 rw-p 00000000 00:00 0 
703df6033000-703df6117000 ---p 00000000 00:00 0 
703df6117000-703df611e000 rw-p 00000000 00:00 0 
703df611e000-703df6200000 ---p 00000000 00:00 0 
703df6200000-703df6348000 r--p 00000000 fc:00 49676390                   /mydata/openjdk-mmtk/build/b0test/images/jdk/lib/server/libmmtk_openjdk.so
703df6348000-703df65c8000 r-xp 00147000 fc:00 49676390                   /mydata/openjdk-mmtk/build/b0test/images/jdk/lib/server/libmmtk_openjdk.so
703df65c8000-703df6609000 r--p 003c6000 fc:00 49676390                   /mydata/openjdk-mmtk/build/b0test/images/jdk/lib/server/libmmtk_openjdk.so
703df6609000-703df660b000 rw-p 00406000 fc:00 49676390                   /mydata/openjdk-mmtk/build/b0test/images/jdk/lib/server/libmmtk_openjdk.so
703df660b000-703df660e000 rw-p 00000000 00:00 0 
703df660f000-703df6611000 r--p 00000000 fc:00 49676482                   /mydata/openjdk-mmtk/build/b0test/images/jdk/lib/libmanagement_ext.so
703df6611000-703df6614000 r-xp 00002000 fc:00 49676482                   /mydata/openjdk-mmtk/build/b0test/images/jdk/lib/libmanagement_ext.so
703df6614000-703df6615000 r--p 00005000 fc:00 49676482                   /mydata/openjdk-mmtk/build/b0test/images/jdk/lib/libmanagement_ext.so
703df6615000-703df6616000 r--p 00006000 fc:00 49676482                   /mydata/openjdk-mmtk/build/b0test/images/jdk/lib/libmanagement_ext.so
703df6616000-703df6617000 rw-p 00007000 fc:00 49676482                   /mydata/openjdk-mmtk/build/b0test/images/jdk/lib/libmanagement_ext.so
703df6617000-703df661b000 ---p 00000000 00:00 0 
703df661b000-703df6717000 rw-p 00000000 00:00 0 
703df6717000-703df6727000 r--p 00000000 08:03 1411099                    /usr/lib/x86_64-linux-gnu/libm.so.6
703df6727000-703df67a6000 r-xp 00010000 08:03 1411099                    /usr/lib/x86_64-linux-gnu/libm.so.6
703df67a6000-703df67fe000 r--p 0008f000 08:03 1411099                    /usr/lib/x86_64-linux-gnu/libm.so.6
703df67fe000-703df67ff000 r--p 000e7000 08:03 1411099                    /usr/lib/x86_64-linux-gnu/libm.so.6
703df67ff000-703df6800000 rw-p 000e8000 08:03 1411099                    /usr/lib/x86_64-linux-gnu/libm.so.6
703df6800000-703df6aa9000 r--p 00000000 fc:00 49676389                   /mydata/openjdk-mmtk/build/b0test/images/jdk/lib/server/libjvm.so
703df6aa9000-703df793c000 r-xp 002a9000 fc:00 49676389                   /mydata/openjdk-mmtk/build/b0test/images/jdk/lib/server/libjvm.so
703df793c000-703df7c20000 r--p 0113c000 fc:00 49676389                   /mydata/openjdk-mmtk/build/b0test/images/jdk/lib/server/libjvm.so
703df7c20000-703df7cf6000 r--p 0141f000 fc:00 49676389                   /mydata/openjdk-mmtk/build/b0test/images/jdk/lib/server/libjvm.so
703df7cf6000-703df7d26000 rw-p 014f5000 fc:00 49676389                   /mydata/openjdk-mmtk/build/b0test/images/jdk/lib/server/libjvm.so
703df7d26000-703df7d8c000 rw-p 00000000 00:00 0 
703df7d90000-703df7d93000 r--p 00000000 08:03 1410420                    /usr/lib/x86_64-linux-gnu/libelf-0.190.so
703df7d93000-703df7da9000 r-xp 00003000 08:03 1410420                    /usr/lib/x86_64-linux-gnu/libelf-0.190.so
703df7da9000-703df7dad000 r--p 00019000 08:03 1410420                    /usr/lib/x86_64-linux-gnu/libelf-0.190.so
703df7dad000-703df7dae000 r--p 0001c000 08:03 1410420                    /usr/lib/x86_64-linux-gnu/libelf-0.190.so
703df7dae000-703df7daf000 rw-p 0001d000 08:03 1410420                    /usr/lib/x86_64-linux-gnu/libelf-0.190.so
703df7db3000-703df7db5000 r--p 00000000 fc:00 49676410                   /mydata/openjdk-mmtk/build/b0test/images/jdk/lib/libmanagement.so
703df7db5000-703df7db6000 r-xp 00002000 fc:00 49676410                   /mydata/openjdk-mmtk/build/b0test/images/jdk/lib/libmanagement.so
703df7db6000-703df7db7000 r--p 00003000 fc:00 49676410                   /mydata/openjdk-mmtk/build/b0test/images/jdk/lib/libmanagement.so
703df7db7000-703df7db8000 r--p 00003000 fc:00 49676410                   /mydata/openjdk-mmtk/build/b0test/images/jdk/lib/libmanagement.so
703df7db8000-703df7db9000 rw-p 00004000 fc:00 49676410                   /mydata/openjdk-mmtk/build/b0test/images/jdk/lib/libmanagement.so
703df7db9000-703df7dc6000 r--p 00000000 fc:00 49676369                   /mydata/openjdk-mmtk/build/b0test/images/jdk/lib/libjava.so
703df7dc6000-703df7dd5000 r-xp 0000d000 fc:00 49676369                   /mydata/openjdk-mmtk/build/b0test/images/jdk/lib/libjava.so
703df7dd5000-703df7dda000 r--p 0001c000 fc:00 49676369                   /mydata/openjdk-mmtk/build/b0test/images/jdk/lib/libjava.so
703df7dda000-703df7ddb000 r--p 00021000 fc:00 49676369                   /mydata/openjdk-mmtk/build/b0test/images/jdk/lib/libjava.so
703df7ddb000-703df7ddc000 rw-p 00022000 fc:00 49676369                   /mydata/openjdk-mmtk/build/b0test/images/jdk/lib/libjava.so
703df7ddc000-703df7ddd000 rw-p 00000000 00:00 0 
703df7ddd000-703df7de1000 r--p 00000000 fc:00 49676370                   /mydata/openjdk-mmtk/build/b0test/images/jdk/lib/libjimage.so
703df7de1000-703df7df8000 r-xp 00004000 fc:00 49676370                   /mydata/openjdk-mmtk/build/b0test/images/jdk/lib/libjimage.so
703df7df8000-703df7dfd000 r--p 0001b000 fc:00 49676370                   /mydata/openjdk-mmtk/build/b0test/images/jdk/lib/libjimage.so
703df7dfd000-703df7dff000 r--p 00020000 fc:00 49676370                   /mydata/openjdk-mmtk/build/b0test/images/jdk/lib/libjimage.so
703df7dff000-703df7e00000 rw-p 00022000 fc:00 49676370                   /mydata/openjdk-mmtk/build/b0test/images/jdk/lib/libjimage.so
703df7e00000-703df7e28000 r--p 00000000 08:03 1410238                    /usr/lib/x86_64-linux-gnu/libc.so.6
703df7e28000-703df7fb0000 r-xp 00028000 08:03 1410238                    /usr/lib/x86_64-linux-gnu/libc.so.6
703df7fb0000-703df7fff000 r--p 001b0000 08:03 1410238                    /usr/lib/x86_64-linux-gnu/libc.so.6
703df7fff000-703df8003000 r--p 001fe000 08:03 1410238                    /usr/lib/x86_64-linux-gnu/libc.so.6
703df8003000-703df8005000 rw-p 00202000 08:03 1410238                    /usr/lib/x86_64-linux-gnu/libc.so.6
703df8005000-703df8019000 rw-p 00000000 00:00 0 
703df8019000-703df8022000 ---p 00000000 00:00 0 
703df8022000-703df802a000 rw-s 00000000 08:03 237600                     /tmp/hsperfdata_root/460023
703df802a000-703df802e000 r--p 00000000 08:03 1410148                    /usr/lib/x86_64-linux-gnu/libgcc_s.so.1
703df802e000-703df8052000 r-xp 00004000 08:03 1410148                    /usr/lib/x86_64-linux-gnu/libgcc_s.so.1
703df8052000-703df8056000 r--p 00028000 08:03 1410148                    /usr/lib/x86_64-linux-gnu/libgcc_s.so.1
703df8056000-703df8057000 r--p 0002b000 08:03 1410148                    /usr/lib/x86_64-linux-gnu/libgcc_s.so.1
703df8057000-703df8058000 rw-p 0002c000 08:03 1410148                    /usr/lib/x86_64-linux-gnu/libgcc_s.so.1
703df8058000-703df805a000 rw-p 00000000 00:00 0 
703df805a000-703df805c000 r--p 00000000 08:03 1409104                    /usr/lib/x86_64-linux-gnu/libz.so.1.3
703df805c000-703df806e000 r-xp 00002000 08:03 1409104                    /usr/lib/x86_64-linux-gnu/libz.so.1.3
703df806e000-703df8074000 r--p 00014000 08:03 1409104                    /usr/lib/x86_64-linux-gnu/libz.so.1.3
703df8074000-703df8075000 r--p 0001a000 08:03 1409104                    /usr/lib/x86_64-linux-gnu/libz.so.1.3
703df8075000-703df8076000 rw-p 0001b000 08:03 1409104                    /usr/lib/x86_64-linux-gnu/libz.so.1.3
703df807b000-703df807c000 rw-s 00000000 00:10 68                         anon_inode:bpf-map
703df807c000-703df807d000 r--s 00000000 00:10 68                         anon_inode:bpf-map
703df807d000-703df807e000 ---p 00000000 00:00 0 
703df807e000-703df807f000 r--p 00000000 00:00 0 
703df807f000-703df8080000 ---p 00000000 00:00 0 
703df8080000-703df8082000 r--p 00000000 fc:00 49676372                   /mydata/openjdk-mmtk/build/b0test/images/jdk/lib/libjli.so
703df8082000-703df808c000 r-xp 00002000 fc:00 49676372                   /mydata/openjdk-mmtk/build/b0test/images/jdk/lib/libjli.so
703df808c000-703df808f000 r--p 0000c000 fc:00 49676372                   /mydata/openjdk-mmtk/build/b0test/images/jdk/lib/libjli.so
703df808f000-703df8090000 r--p 0000f000 fc:00 49676372                   /mydata/openjdk-mmtk/build/b0test/images/jdk/lib/libjli.so
703df8090000-703df8091000 rw-p 00010000 fc:00 49676372                   /mydata/openjdk-mmtk/build/b0test/images/jdk/lib/libjli.so
703df8091000-703df8093000 rw-p 00000000 00:00 0 
703df8093000-703df8097000 r--p 00000000 00:00 0                          [vvar]
703df8097000-703df8099000 r--p 00000000 00:00 0                          [vvar_vclock]
703df8099000-703df809b000 r-xp 00000000 00:00 0                          [vdso]
703df809b000-703df809c000 r--p 00000000 08:03 1409763                    /usr/lib/x86_64-linux-gnu/ld-linux-x86-64.so.2
703df809c000-703df80c7000 r-xp 00001000 08:03 1409763                    /usr/lib/x86_64-linux-gnu/ld-linux-x86-64.so.2
703df80c7000-703df80d1000 r--p 0002c000 08:03 1409763                    /usr/lib/x86_64-linux-gnu/ld-linux-x86-64.so.2
703df80d1000-703df80d3000 r--p 00036000 08:03 1409763                    /usr/lib/x86_64-linux-gnu/ld-linux-x86-64.so.2
703df80d3000-703df80d5000 rw-p 00038000 08:03 1409763                    /usr/lib/x86_64-linux-gnu/ld-linux-x86-64.so.2
7fffda979000-7fffda99a000 rw-p 00000000 00:00 0                          [stack]
ffffffffff600000-ffffffffff601000 --xp 00000000 00:00 0                  [vsyscall]
Total number of mappings: 366

JVMTI agents: none


VM Arguments:
jvm_args: -XX:+UseThirdPartyHeap -Xms512m -Xmx512m 
java_command: /mydata/dacapo/dacapo-23.11/dacapo-23.11-MR2-chopin.jar luindex -n 3
java_class_path (initial): /mydata/dacapo/dacapo-23.11/dacapo-23.11-MR2-chopin.jar
Launcher Type: SUN_STANDARD

[Global flags]
     intx CICompilerCount                          = 15                                        {product} {ergonomic}
   size_t InitialHeapSize                          = 536870912                                 {product} {command line}
   size_t MaxHeapSize                              = 536870912                                 {product} {command line}
   size_t MinHeapDeltaBytes                        = 524288                                    {product} {ergonomic}
   size_t MinHeapSize                              = 536870912                                 {product} {command line}
    uintx NonNMethodCodeHeapSize                   = 8192380                                {pd product} {ergonomic}
    uintx NonProfiledCodeHeapSize                  = 121732930                              {pd product} {ergonomic}
    uintx ProfiledCodeHeapSize                     = 121732930                              {pd product} {ergonomic}
    uintx ReservedCodeCacheSize                    = 251658240                              {pd product} {ergonomic}
     bool SegmentedCodeCache                       = true                                      {product} {ergonomic}
   size_t SoftMaxHeapSize                          = 536870912                              {manageable} {ergonomic}
     bool UseCompressedOops                        = true                           {product lp64_product} {ergonomic}

Logging:
Log output configuration:
 #0: stdout all=warning uptime,level,tags foldmultilines=false
 #1: stderr all=off uptime,level,tags foldmultilines=false

Release file:
IMPLEMENTOR="N/A"
JAVA_RUNTIME_VERSION="21.0.9-internal-adhoc.talzuss.openjdk-mmtk"
JAVA_VERSION="21.0.9"
JAVA_VERSION_DATE="2025-10-21"
LIBC="gnu"
MODULES="java.base java.compiler java.datatransfer java.xml java.prefs java.desktop java.instrument java.logging java.management java.security.sasl java.naming java.rmi java.management.rmi java.net.http java.scripting java.security.jgss java.transaction.xa java.sql java.sql.rowset java.xml.crypto java.se java.smartcardio jdk.accessibility jdk.internal.jvmstat jdk.attach jdk.charsets jdk.internal.opt jdk.zipfs jdk.compiler jdk.crypto.ec jdk.crypto.cryptoki jdk.dynalink jdk.internal.ed jdk.editpad jdk.hotspot.agent jdk.httpserver jdk.incubator.vector jdk.internal.le jdk.internal.vm.ci jdk.internal.vm.compiler jdk.internal.vm.compiler.management jdk.jartool jdk.javadoc jdk.jcmd jdk.management jdk.management.agent jdk.jconsole jdk.jdeps jdk.jdwp.agent jdk.jdi jdk.jfr jdk.jlink jdk.jpackage jdk.jshell jdk.jsobject jdk.jstatd jdk.localedata jdk.management.jfr jdk.naming.dns jdk.naming.rmi jdk.net jdk.nio.mapmode jdk.random jdk.sctp jdk.security.auth jdk.security.jgss jdk.unsupported jdk.unsupported.desktop jdk.xml.dom"
OS_ARCH="x86_64"
OS_NAME="Linux"
SOURCE=".:git:b557520f04b3+"

Environment Variables:
PATH=/usr/local/sbin:/usr/local/bin:/usr/sbin:/usr/bin:/sbin:/bin:/snap/bin
SHELL=/bin/bash
LANG=en_US.UTF-8
TERM=tmux-256color

Active Locale:
LC_ALL=en_US.UTF-8
LC_COLLATE=en_US.UTF-8
LC_CTYPE=en_US.UTF-8
LC_MESSAGES=en_US.UTF-8
LC_MONETARY=en_US.UTF-8
LC_NUMERIC=en_US.UTF-8
LC_TIME=en_US.UTF-8

Signal Handlers:
   SIGSEGV: crash_handler in libjvm.so, mask=11100100010111111101111111111110, flags=SA_RESTART|SA_SIGINFO, unblocked
    SIGBUS: crash_handler in libjvm.so, mask=11100100010111111101111111111110, flags=SA_RESTART|SA_SIGINFO, unblocked
    SIGFPE: crash_handler in libjvm.so, mask=11100100010111111101111111111110, flags=SA_RESTART|SA_SIGINFO, unblocked
   SIGPIPE: javaSignalHandler in libjvm.so, mask=11100100010111111101111111111110, flags=SA_RESTART|SA_SIGINFO, blocked
   SIGXFSZ: javaSignalHandler in libjvm.so, mask=11100100010111111101111111111110, flags=SA_RESTART|SA_SIGINFO, blocked
    SIGILL: crash_handler in libjvm.so, mask=11100100010111111101111111111110, flags=SA_RESTART|SA_SIGINFO, unblocked
   SIGUSR2: SR_handler in libjvm.so, mask=00000000000000000000000000000000, flags=SA_RESTART|SA_SIGINFO, blocked
    SIGHUP: UserHandler in libjvm.so, mask=11100100010111111101111111111110, flags=SA_RESTART|SA_SIGINFO, blocked
    SIGINT: UserHandler in libjvm.so, mask=11100100010111111101111111111110, flags=SA_RESTART|SA_SIGINFO, blocked
   SIGTERM: UserHandler in libjvm.so, mask=11100100010111111101111111111110, flags=SA_RESTART|SA_SIGINFO, blocked
   SIGQUIT: UserHandler in libjvm.so, mask=11100100010111111101111111111110, flags=SA_RESTART|SA_SIGINFO, blocked
   SIGTRAP: crash_handler in libjvm.so, mask=11100100010111111101111111111110, flags=SA_RESTART|SA_SIGINFO, unblocked


Periodic native trim disabled

---------------  S Y S T E M  ---------------

OS:
DISTRIB_ID=Ubuntu
DISTRIB_RELEASE=24.04
DISTRIB_CODENAME=noble
DISTRIB_DESCRIPTION="Ubuntu 24.04.4 LTS"
uname: Linux 6.17.0-bpf-fault+ #1 SMP PREEMPT_DYNAMIC Mon Jul  6 16:43:12 MDT 2026 x86_64
OS uptime: 1 days 3:19 hours
libc: glibc 2.39 NPTL 2.39 
rlimit (soft/hard): STACK 8192k/infinity , CORE 0k/0k , NPROC 513205/513205 , NOFILE 1048576/1048576 , AS infinity/infinity , CPU infinity/infinity , DATA infinity/infinity , FSIZE infinity/infinity , MEMLOCK 16436528k/16436528k
load average: 1.26 1.67 1.43

/proc/meminfo:
MemTotal:       131492232 kB
MemFree:        65116272 kB
MemAvailable:   112380668 kB
Buffers:          570696 kB
Cached:         45951072 kB
SwapCached:            0 kB
Active:          4287884 kB
Inactive:       45698852 kB
Active(anon):    3481416 kB
Inactive(anon):        0 kB
Active(file):     806468 kB
Inactive(file): 45698852 kB
Unevictable:       41912 kB
Mlocked:           38840 kB
SwapTotal:       8388604 kB
SwapFree:        8388604 kB
Zswap:                 0 kB
Zswapped:              0 kB
Dirty:               324 kB
Writeback:             0 kB
AnonPages:       3507912 kB
Mapped:         12904404 kB
Shmem:              5316 kB
KReclaimable:    2010760 kB
Slab:            2553072 kB
SReclaimable:    2010760 kB
SUnreclaim:       542312 kB
KernelStack:       12288 kB
PageTables:        72280 kB
SecPageTables:      9532 kB
NFS_Unstable:          0 kB
Bounce:                0 kB
WritebackTmp:          0 kB
CommitLimit:    74134720 kB
Committed_AS:   164922116 kB
VmallocTotal:   34359738367 kB
VmallocUsed:       38316 kB
VmallocChunk:          0 kB
Percpu:            51072 kB
HardwareCorrupted:     0 kB
AnonHugePages:         0 kB
ShmemHugePages:        0 kB
ShmemPmdMapped:        0 kB
FileHugePages:   2177024 kB
FilePmdMapped:         0 kB
Unaccepted:            0 kB
Balloon:               0 kB
HugePages_Total:       0
HugePages_Free:        0
HugePages_Rsvd:        0
HugePages_Surp:        0
Hugepagesize:       2048 kB
Hugetlb:               0 kB
DirectMap4k:     1157952 kB
DirectMap2M:    30935040 kB
DirectMap1G:    101711872 kB

/sys/kernel/mm/transparent_hugepage/enabled: always [madvise] never
/sys/kernel/mm/transparent_hugepage/hpage_pmd_size: 2097152
/sys/kernel/mm/transparent_hugepage/defrag (defrag/compaction efforts parameter): always defer defer+madvise [madvise] never

Process Memory:
Virtual Size: 13617815088K (peak: 13617815088K)
Resident Set Size: 4072396K (peak: 4072396K) (anon: 899096K, file: 3173300K, shmem: 0K)
Swapped out: 0K
C-Heap outstanding allocations: 1337578K, retained: 12009K
glibc malloc tunables: (default)

/proc/sys/kernel/threads-max (system-wide limit on the number of threads): 1026411
/proc/sys/vm/max_map_count (maximum number of memory map areas a process may have): 1048576
/proc/sys/vm/swappiness (control to define how aggressively the kernel swaps out anonymous memory): 60
/proc/sys/kernel/pid_max (system-wide limit on number of process identifiers): 4194304

container information not found.
Steal ticks since vm start: 0
Steal ticks percentage since vm start:  0.000

CPU: total 32 (initial active 32) (32 cores per cpu, 2 threads per core) family 23 model 49 stepping 0 microcode 0x830107c, cx8, cmov, fxsr, ht, mmx, 3dnowpref, sse, sse2, sse3, ssse3, sse4a, sse4.1, sse4.2, popcnt, lzcnt, tsc, tscinvbit, avx, avx2, aes, clmul, bmi1, bmi2, adx, sha, fma, vzeroupper, clflush, clflushopt, rdtscp, rdpid, f16c
CPU Model and flags from /proc/cpuinfo:
model name	: AMD EPYC 7302P 16-Core Processor
flags		: fpu vme de pse tsc msr pae mce cx8 apic sep mtrr pge mca cmov pat pse36 clflush mmx fxsr sse sse2 ht syscall nx mmxext fxsr_opt pdpe1gb rdtscp lm constant_tsc rep_good nopl xtopology nonstop_tsc cpuid extd_apicid aperfmperf rapl pni pclmulqdq monitor ssse3 fma cx16 sse4_1 sse4_2 movbe popcnt aes xsave avx f16c rdrand lahf_lm cmp_legacy svm extapic cr8_legacy abm sse4a misalignsse 3dnowprefetch osvw ibs skinit wdt tce topoext perfctr_core perfctr_nb bpext perfctr_llc mwaitx cpb cat_l3 cdp_l3 hw_pstate ssbd mba ibrs ibpb stibp vmmcall fsgsbase bmi1 avx2 smep bmi2 cqm rdt_a rdseed adx smap clflushopt clwb sha_ni xsaveopt xsavec xgetbv1 xsaves cqm_llc cqm_occup_llc cqm_mbm_total cqm_mbm_local clzero irperf xsaveerptr rdpru wbnoinvd amd_ppin arat npt lbrv svm_lock nrip_save tsc_scale vmcb_clean flushbyasid decodeassists pausefilter pfthreshold avic v_vmsave_vmload vgif v_spec_ctrl umip rdpid overflow_recov succor smca sev sev_es

Online cpus: 0-31
Offline cpus: 
BIOS frequency limitation: <Not Available>
Frequency switch latency (ns): <Not Available>
Available cpu frequencies: <Not Available>
Current governor: <Not Available>
Core performance/turbo boost: <Not Available>

Memory: 4k page, physical 131492232k(112380668k free), swap 8388604k(8388604k free)
Page Sizes: 4k

vm_info: OpenJDK 64-Bit Server VM (21.0.9-internal-adhoc.talzuss.openjdk-mmtk) for linux-amd64 JRE (21.0.9-internal-adhoc.talzuss.openjdk-mmtk), built on 2026-07-06T23:13:08Z by "talzuss" with gcc 13.3.0
heap_info: MMTk OpenJDK 0.32.0 (f59b93a-dirty), using MMTk 0.32.0 (3ecdf08-dirty, BUILTIN_ENV_LOGGER, DEFAULT, EAGER_SWEEPING, VO_BIT)@

END.
