#
# A fatal error has been detected by the Java Runtime Environment:
#
#  SIGSEGV (0xb) at pc=0x000076dea56a5d9b, pid=460455, tid=460478
#
# JRE version: OpenJDK Runtime Environment (21.0.9) (build 21.0.9-internal-adhoc.talzuss.openjdk-mmtk)
# Java VM: OpenJDK 64-Bit Server VM (21.0.9-internal-adhoc.talzuss.openjdk-mmtk, mixed mode, sharing, tiered, compressed oops, compressed class ptrs, third-party gc, linux-amd64)
# Problematic frame:
# C  [libmmtk_openjdk.so+0x2a5d9b]  _$LT$mmtk..plan..concurrent..immix..gc_work..SatbFinalDrain$LT$VM$GT$$u20$as$u20$mmtk..scheduler..work..GCWork$LT$VM$GT$$GT$::do_work::h99199484dacfec84+0x101b
#
# No core dump will be written. Core dumps have been disabled. To enable core dumping, try "ulimit -c unlimited" before starting Java again
#
# If you would like to submit a bug report, please visit:
#   https://bugreport.java.com/bugreport/crash.jsp
#

---------------  S U M M A R Y ------------

Command Line: -XX:+UseThirdPartyHeap -Xms512m -Xmx512m /mydata/dacapo/dacapo-23.11/dacapo-23.11-MR2-chopin.jar lusearch -n 3

Host: AMD EPYC 7302P 16-Core Processor, 32 cores, 125G, Ubuntu 24.04.4 LTS
Time: Tue Jul  7 20:17:17 2026 MDT elapsed time: 4.829724 seconds (0d 0h 0m 4s)

---------------  T H R E A D  ---------------

Current thread (0x000076dea053c500):  NamedThread "MMTk Collector Thread" [id=460478, stack(0x00006a31b06f6000,0x00006a31b07f6000) (1024K)]

Stack: [0x00006a31b06f6000,0x00006a31b07f6000],  sp=0x00006a31b07f4910,  free space=1018k
Native frames: (J=compiled Java code, j=interpreted, Vv=VM code, C=native code)
C  [libmmtk_openjdk.so+0x2a5d9b]  _$LT$mmtk..plan..concurrent..immix..gc_work..SatbFinalDrain$LT$VM$GT$$u20$as$u20$mmtk..scheduler..work..GCWork$LT$VM$GT$$GT$::do_work::h99199484dacfec84+0x101b

siginfo: si_signo: 11 (SIGSEGV), si_code: 1 (SEGV_MAPERR), si_addr: 0x000076e00547bf3c

Registers:
RAX=0x0000000058000000, RBX=0x000076dea57e2308, RCX=0x000076dea547bf3c, RDX=0x00006a316b000000
RSP=0x00006a31b07f4910, RBP=0x0000000000000000, RSI=0x00006a316b000001, RDI=0x00000000421d9700
R8 =0x00006a31100008e0, R9 =0x0000000000000007, R10=0x00006a3100013220, R11=0x1b80af41824a3adc
R12=0x0000000000000008, R13=0x000076dea03ddf70, R14=0x00000000417896a8, R15=0x0000000000000020
RIP=0x000076dea56a5d9b, EFLAGS=0x0000000000010206, CSGSFS=0x002b000000000033, ERR=0x0000000000000004
  TRAPNO=0x000000000000000e

XMM[0]=0x0000000041cdc720 0x0000000041cdc6e0
XMM[1]=0x0000000041cdc760 0x0000000041cdc720
XMM[2]=0xffff7a6b2f15546e 0x7e710bff65ff5a6a
XMM[3]=0x0000000000000000 0x00000000000000ff
XMM[4]=0x0000000000000000 0x00006a3100000090
XMM[5]=0x0000000040001f88 0x00000000416b3d70
XMM[6]=0x00000000417f0490 0x00000000417f0490
XMM[7]=0x0000000042309698 0x0000000042317a00
XMM[8]=0x00000000417f5300 0x00000000417f5258
XMM[9]=0x0000000000000000 0x0000000000000000
XMM[10]=0x3f3f3f3f3f3f3f3f 0x3f3f3f3f3f3f3f3f
XMM[11]=0x9999999999999999 0x9999999999999999
XMM[12]=0x2020202020202020 0x2020202020202020
XMM[13]=0x0000000000000000 0x0000000000000000
XMM[14]=0x0000000000000000 0x0000000000000000
XMM[15]=0x0000000000000000 0x0000000000000000
  MXCSR=0x00001fa2


Register to memory mapping:

RAX=
[error occurred during error reporting (printing register info), id 0xe0000000, Internal Error (/mydata/mmtk-openjdk/openjdk/share/mmtkHeap.cpp:444)]
RBX=
[error occurred during error reporting (printing register info, attempt 2), id 0xe0000000, Internal Error (/mydata/mmtk-openjdk/openjdk/share/mmtkHeap.cpp:444)]
RCX=
[error occurred during error reporting (printing register info, attempt 3), id 0xe0000000, Internal Error (/mydata/mmtk-openjdk/openjdk/share/mmtkHeap.cpp:444)]
Top of Stack: (sp=0x00006a31b07f4910)
0x00006a31b07f4910:   000000005000d6d8 0000000000000000
0x00006a31b07f4920:   0000000000000008 0000000000000000
0x00006a31b07f4930:   0000000000000000 000076dea5809c04
0x00006a31b07f4940:   00006a310000b280 0000000000000080
0x00006a31b07f4950:   00000000417896a8 0000000000000050
0x00006a31b07f4960:   00006a31b07f49f8 000076dea03de2b0
0x00006a31b07f4970:   0000000000000000 000000000000003f
0x00006a31b07f4980:   000076dea57e2308 00006a31b07f4950
0x00006a31b07f4990:   00006a31b07f4938 000076dea03de2b0
0x00006a31b07f49a0:   0000000000000000 0000000000000034
0x00006a31b07f49b0:   0000000000000001 000076dea57cb728
0x00006a31b07f49c0:   0000000000000601 0000000000000000
0x00006a31b07f49d0:   000076dea052b530 0000000000000000
0x00006a31b07f49e0:   000076dea006d200 000076dea052b3d0
0x00006a31b07f49f0:   8000000000000000 000076dea03ddf70
0x00006a31b07f4a00:   00006a31b07f4938 8000000000000000
0x00006a31b07f4a10:   00006a316b20b360 0000000000000000
0x00006a31b07f4a20:   0000000000004000 00006a3100120140
0x00006a31b07f4a30:   0000000000000f68 00006a31b07f4950
0x00006a31b07f4a40:   00006a31b07f4980 0000000000000800
0x00006a31b07f4a50:   00006a3100007270 0000000000000405
0x00006a31b07f4a60:   0000000000040000 00006a3066dff010
0x00006a31b07f4a70:   000000000003bb09 0000000000020000
0x00006a31b07f4a80:   00006a3100020130 00000000000162bb
0x00006a31b07f4a90:   00000000000162bb 0000000000000000
0x00006a31b07f4aa0:   0000000000000000 0000000000000000
0x00006a31b07f4ab0:   0000000000000000 000076dea5809c70
0x00006a31b07f4ac0:   00006a31b07f4938 00006a31b07f4918
0x00006a31b07f4ad0:   000076dea006d500 000076dea0046210
0x00006a31b07f4ae0:   000076dea006ce80 0000000000000001
0x00006a31b07f4af0:   000076dea57cb728 0000000000000007
0x00006a31b07f4b00:   0000000000000000 000076dea56b658d 

Instructions: (pc=0x000076dea56a5d9b)
0x000076dea56a5c9b:   ed 48 8d 74 24 70 e8 ea 63 eb ff 31 ed eb 03 40
0x000076dea56a5cab:   b5 01 4c 8b 64 24 08 4c 8b 74 24 10 48 8b 5c 24
0x000076dea56a5cbb:   18 48 c1 e3 03 45 31 ed 4c 8d bc 24 10 01 00 00
0x000076dea56a5ccb:   0f 1f 44 00 00 4c 39 eb 74 1a 4b 8b 14 2e 49 83
0x000076dea56a5cdb:   c5 08 48 8b bc 24 e8 00 00 00 4c 89 fe e8 a3 cd
0x000076dea56a5ceb:   03 00 eb e1 4d 85 e4 74 09 4c 89 f7 ff 15 43 23
0x000076dea56a5cfb:   16 00 40 84 ed 4c 8b ac 24 e8 00 00 00 74 13 48
0x000076dea56a5d0b:   83 7c 24 28 00 74 0b 48 8b 7c 24 30 ff 15 23 23
0x000076dea56a5d1b:   16 00 48 8b 84 24 20 01 00 00 48 85 c0 0f 84 87
0x000076dea56a5d2b:   0c 00 00 48 8d 4c 24 70 48 89 8c 24 30 01 00 00
0x000076dea56a5d3b:   0f 1f 44 00 00 48 8d 48 ff 48 89 8c 24 20 01 00
0x000076dea56a5d4b:   00 48 8b 8c 24 18 01 00 00 48 8b 44 c1 f8 48 c7
0x000076dea56a5d5b:   44 24 08 00 00 00 00 48 c7 44 24 10 08 00 00 00
0x000076dea56a5d6b:   48 c7 44 24 18 00 00 00 00 48 89 04 24 8b 40 08
0x000076dea56a5d7b:   48 8b 15 16 50 16 00 48 8b 0d 17 50 16 00 48 d3
0x000076dea56a5d8b:   e0 48 8d 34 10 8b 44 10 0c 48 8d 0d a1 61 dd ff
0x000076dea56a5d9b:   48 63 04 81 48 01 c8 ff e0 48 63 86 28 01 00 00
0x000076dea56a5dab:   48 85 c0 0f 84 cc 07 00 00 48 63 8e ac 00 00 00
0x000076dea56a5dbb:   48 8d 0c ce 48 63 96 2c 01 00 00 48 8d 34 d1 4c
0x000076dea56a5dcb:   8d 34 d1 49 81 c6 d8 01 00 00 48 8d 04 c6 48 05
0x000076dea56a5ddb:   d8 01 00 00 48 89 44 24 20 b8 08 00 00 00 45 31
0x000076dea56a5deb:   e4 eb 11 66 90 49 83 c6 08 4c 3b 74 24 20 0f 84
0x000076dea56a5dfb:   81 07 00 00 41 8b 6e 04 48 85 ed 74 e8 4d 63 3e
0x000076dea56a5e0b:   4c 03 3c 24 48 be ff ff ff ff ff ff ff 7f eb 1f
0x000076dea56a5e1b:   4a 89 1c e0 49 ff c4 4c 89 64 24 18 48 be ff ff
0x000076dea56a5e2b:   ff ff ff ff ff 7f 49 83 c7 04 48 ff cd 74 b6 4c
0x000076dea56a5e3b:   89 f9 48 21 f1 48 8b 15 99 37 16 00 48 39 d1 72
0x000076dea56a5e4b:   e5 48 03 15 95 37 16 00 48 39 d1 73 d9 4d 85 ff
0x000076dea56a5e5b:   78 1e 41 8b 1f 48 85 db 74 c2 48 8b 15 64 4f 16
0x000076dea56a5e6b:   00 48 8b 0d 65 4f 16 00 48 d3 e3 48 01 d3 eb 08
0x000076dea56a5e7b:   48 8b 19 48 85 db 74 a4 4c 3b 64 24 08 75 91 48
0x000076dea56a5e8b:   8d 7c 24 08 e8 6c d4 f2 ff 48 8b 44 24 10 eb 80 


Stack slot to memory mapping:

stack at sp + 0 slots: 
[error occurred during error reporting (inspecting top of stack), id 0xe0000000, Internal Error (/mydata/mmtk-openjdk/openjdk/share/mmtkHeap.cpp:444)]
stack at sp + 1 slots: 0x0 is null
stack at sp + 2 slots: 
[error occurred during error reporting (inspecting top of stack, attempt 2), id 0xe0000000, Internal Error (/mydata/mmtk-openjdk/openjdk/share/mmtkHeap.cpp:444)]
stack at sp + 3 slots: 0x0 is null
stack at sp + 4 slots: 0x0 is null
stack at sp + 5 slots: 
[error occurred during error reporting (inspecting top of stack, attempt 3), id 0xe0000000, Internal Error (/mydata/mmtk-openjdk/openjdk/share/mmtkHeap.cpp:444)]

---------------  P R O C E S S  ---------------

Threads class SMR info:
_java_thread_list=0x00006a30d8176760, length=56, elements={
0x000076dea002b240, 0x000076dea0524f20, 0x000076dea05267b0, 0x000076dea05282c0,
0x000076dea0546af0, 0x000076dea0548440, 0x000076dea0549d00, 0x000076dea054bb40,
0x000076dea0555510, 0x00006a30e40458b0, 0x000076dea05a44d0, 0x000076dea05a74d0,
0x00006a30e41030a0, 0x00006a30e4104050, 0x00006a30e4104f80, 0x00006a30e4108ae0,
0x000076dea07b9360, 0x000076dea07ba9b0, 0x000076dea07bbef0, 0x000076dea07bd440,
0x000076dea07be990, 0x000076dea07bfef0, 0x000076dea07c1450, 0x000076dea07c29c0,
0x000076dea07c3f30, 0x000076dea07c53e0, 0x000076dea07c6890, 0x000076dea07c7e20,
0x000076dea07c93b0, 0x000076dea07ca860, 0x000076dea07cbd10, 0x000076dea07cd1c0,
0x000076dea07ce670, 0x000076dea07cfeb0, 0x000076dea07d1470, 0x000076dea07d2a40,
0x000076dea07d4010, 0x000076dea07d58a0, 0x000076dea07d6e80, 0x000076dea07d8470,
0x000076dea07d9a60, 0x000076dea07db060, 0x000076dea07dc660, 0x000076dea07ddc70,
0x000076dea07df280, 0x000076dea07e08a0, 0x000076dea07e1ec0, 0x000076dea07e34f0,
0x00006a30e4114260, 0x00006a30c80e36d0, 0x00006a30dc1690a0, 0x00006a30dc16a720,
0x00006a30d8171040, 0x00006a30d81727a0, 0x00006a30d8173ef0, 0x00006a30d8175490
}

Java Threads: ( => current thread )
  0x000076dea002b240 JavaThread "main"                              [_thread_blocked, id=460456, stack(0x000076dea5900000,0x000076dea5a00000) (1024K)]
  0x000076dea0524f20 JavaThread "Reference Handler"          daemon [_thread_blocked, id=460461, stack(0x000076dea4542000,0x000076dea4642000) (1024K)]
  0x000076dea05267b0 JavaThread "Finalizer"                  daemon [_thread_blocked, id=460462, stack(0x000076dea4100000,0x000076dea4200000) (1024K)]
  0x000076dea05282c0 JavaThread "MMTk Finalizer Thread"      daemon [_thread_blocked, id=460463, stack(0x000076dea4000000,0x000076dea4100000) (1024K)]
  0x000076dea0546af0 JavaThread "Signal Dispatcher"          daemon [_thread_blocked, id=460487, stack(0x00006a316acfe000,0x00006a316adfe000) (1024K)]
  0x000076dea0548440 JavaThread "Service Thread"             daemon [_thread_blocked, id=460488, stack(0x00006a316abfe000,0x00006a316acfe000) (1024K)]
  0x000076dea0549d00 JavaThread "Monitor Deflation Thread"   daemon [_thread_blocked, id=460489, stack(0x00006a316aafe000,0x00006a316abfe000) (1024K)]
  0x000076dea054bb40 JavaThread "C2 CompilerThread0"         daemon [_thread_blocked, id=460490, stack(0x00006a316a9fe000,0x00006a316aafe000) (1024K)]
  0x000076dea0555510 JavaThread "C1 CompilerThread0"         daemon [_thread_blocked, id=460491, stack(0x00006a316a8fe000,0x00006a316a9fe000) (1024K)]
  0x00006a30e40458b0 JavaThread "C1 CompilerThread1"         daemon [_thread_blocked, id=460492, stack(0x00006a316a7fe000,0x00006a316a8fe000) (1024K)]
  0x000076dea05a44d0 JavaThread "Notification Thread"        daemon [_thread_blocked, id=460494, stack(0x00006a316a5fe000,0x00006a316a6fe000) (1024K)]
  0x000076dea05a74d0 JavaThread "Common-Cleaner"             daemon [_thread_blocked, id=460495, stack(0x00006a316a4fe000,0x00006a316a5fe000) (1024K)]
  0x00006a30e41030a0 JavaThread "C1 CompilerThread2"         daemon [_thread_blocked, id=460499, stack(0x00006a316a3fe000,0x00006a316a4fe000) (1024K)]
  0x00006a30e4104050 JavaThread "C1 CompilerThread3"         daemon [_thread_blocked, id=460500, stack(0x00006a316a1fe000,0x00006a316a2fe000) (1024K)]
  0x00006a30e4104f80 JavaThread "C1 CompilerThread4"         daemon [_thread_blocked, id=460501, stack(0x00006a316a6fe000,0x00006a316a7fe000) (1024K)]
  0x00006a30e4108ae0 JavaThread "C2 CompilerThread1"         daemon [_thread_blocked, id=460502, stack(0x00006a316a2fe000,0x00006a316a3fe000) (1024K)]
  0x000076dea07b9360 JavaThread "Query0"                            [_thread_blocked, id=460503, stack(0x00006a316a0fe000,0x00006a316a1fe000) (1024K)]
  0x000076dea07ba9b0 JavaThread "Query1"                            [_thread_blocked, id=460504, stack(0x00006a3169b00000,0x00006a3169c00000) (1024K)]
  0x000076dea07bbef0 JavaThread "Query2"                            [_thread_blocked, id=460505, stack(0x00006a3169500000,0x00006a3169600000) (1024K)]
  0x000076dea07bd440 JavaThread "Query3"                            [_thread_blocked, id=460506, stack(0x00006a3169400000,0x00006a3169500000) (1024K)]
  0x000076dea07be990 JavaThread "Query4"                            [_thread_blocked, id=460507, stack(0x00006a3169300000,0x00006a3169400000) (1024K)]
  0x000076dea07bfef0 JavaThread "Query5"                            [_thread_blocked, id=460508, stack(0x00006a3169200000,0x00006a3169300000) (1024K)]
  0x000076dea07c1450 JavaThread "Query6"                            [_thread_blocked, id=460509, stack(0x00006a3169100000,0x00006a3169200000) (1024K)]
  0x000076dea07c29c0 JavaThread "Query7"                            [_thread_blocked, id=460510, stack(0x00006a3169000000,0x00006a3169100000) (1024K)]
  0x000076dea07c3f30 JavaThread "Query8"                            [_thread_blocked, id=460511, stack(0x00006a3168f00000,0x00006a3169000000) (1024K)]
  0x000076dea07c53e0 JavaThread "Query9"                            [_thread_blocked, id=460512, stack(0x00006a3168e00000,0x00006a3168f00000) (1024K)]
  0x000076dea07c6890 JavaThread "Query10"                           [_thread_blocked, id=460513, stack(0x00006a3168d00000,0x00006a3168e00000) (1024K)]
  0x000076dea07c7e20 JavaThread "Query11"                           [_thread_blocked, id=460514, stack(0x00006a3168c00000,0x00006a3168d00000) (1024K)]
  0x000076dea07c93b0 JavaThread "Query12"                           [_thread_blocked, id=460515, stack(0x00006a3168b00000,0x00006a3168c00000) (1024K)]
  0x000076dea07ca860 JavaThread "Query13"                           [_thread_blocked, id=460516, stack(0x00006a3168a00000,0x00006a3168b00000) (1024K)]
  0x000076dea07cbd10 JavaThread "Query14"                           [_thread_blocked, id=460517, stack(0x00006a3168900000,0x00006a3168a00000) (1024K)]
  0x000076dea07cd1c0 JavaThread "Query15"                           [_thread_blocked, id=460518, stack(0x00006a3168800000,0x00006a3168900000) (1024K)]
  0x000076dea07ce670 JavaThread "Query16"                           [_thread_blocked, id=460519, stack(0x00006a3168700000,0x00006a3168800000) (1024K)]
  0x000076dea07cfeb0 JavaThread "Query17"                           [_thread_blocked, id=460520, stack(0x00006a3168600000,0x00006a3168700000) (1024K)]
  0x000076dea07d1470 JavaThread "Query18"                           [_thread_blocked, id=460521, stack(0x00006a3168500000,0x00006a3168600000) (1024K)]
  0x000076dea07d2a40 JavaThread "Query19"                           [_thread_blocked, id=460522, stack(0x00006a3168400000,0x00006a3168500000) (1024K)]
  0x000076dea07d4010 JavaThread "Query20"                           [_thread_blocked, id=460523, stack(0x00006a3168300000,0x00006a3168400000) (1024K)]
  0x000076dea07d58a0 JavaThread "Query21"                           [_thread_blocked, id=460524, stack(0x00006a3168200000,0x00006a3168300000) (1024K)]
  0x000076dea07d6e80 JavaThread "Query22"                           [_thread_blocked, id=460525, stack(0x00006a3168100000,0x00006a3168200000) (1024K)]
  0x000076dea07d8470 JavaThread "Query23"                           [_thread_blocked, id=460526, stack(0x00006a3168000000,0x00006a3168100000) (1024K)]
  0x000076dea07d9a60 JavaThread "Query24"                           [_thread_blocked, id=460527, stack(0x00006a3067f00000,0x00006a3068000000) (1024K)]
  0x000076dea07db060 JavaThread "Query25"                           [_thread_blocked, id=460528, stack(0x00006a3067e00000,0x00006a3067f00000) (1024K)]
  0x000076dea07dc660 JavaThread "Query26"                           [_thread_blocked, id=460529, stack(0x00006a3067d00000,0x00006a3067e00000) (1024K)]
  0x000076dea07ddc70 JavaThread "Query27"                           [_thread_blocked, id=460530, stack(0x00006a3067c00000,0x00006a3067d00000) (1024K)]
  0x000076dea07df280 JavaThread "Query28"                           [_thread_blocked, id=460531, stack(0x00006a3067b00000,0x00006a3067c00000) (1024K)]
  0x000076dea07e08a0 JavaThread "Query29"                           [_thread_blocked, id=460532, stack(0x00006a3067a00000,0x00006a3067b00000) (1024K)]
  0x000076dea07e1ec0 JavaThread "Query30"                           [_thread_blocked, id=460533, stack(0x00006a3067900000,0x00006a3067a00000) (1024K)]
  0x000076dea07e34f0 JavaThread "Query31"                           [_thread_blocked, id=460534, stack(0x00006a3067800000,0x00006a3067900000) (1024K)]
  0x00006a30e4114260 JavaThread "C2 CompilerThread2"         daemon [_thread_blocked, id=460535, stack(0x00006a3067700000,0x00006a3067800000) (1024K)]
  0x00006a30c80e36d0 JavaThread "C2 CompilerThread3"         daemon [_thread_blocked, id=460536, stack(0x00006a3067600000,0x00006a3067700000) (1024K)]
  0x00006a30dc1690a0 JavaThread "C2 CompilerThread4"         daemon [_thread_blocked, id=460537, stack(0x00006a3067500000,0x00006a3067600000) (1024K)]
  0x00006a30dc16a720 JavaThread "C2 CompilerThread5"         daemon [_thread_blocked, id=460538, stack(0x00006a3067400000,0x00006a3067500000) (1024K)]
  0x00006a30d8171040 JavaThread "C2 CompilerThread6"         daemon [_thread_blocked, id=460539, stack(0x00006a3067300000,0x00006a3067400000) (1024K)]
  0x00006a30d81727a0 JavaThread "C2 CompilerThread7"         daemon [_thread_blocked, id=460540, stack(0x00006a3067200000,0x00006a3067300000) (1024K)]
  0x00006a30d8173ef0 JavaThread "C2 CompilerThread8"         daemon [_thread_blocked, id=460541, stack(0x00006a3067100000,0x00006a3067200000) (1024K)]
  0x00006a30d8175490 JavaThread "C2 CompilerThread9"         daemon [_thread_blocked, id=460542, stack(0x00006a3067000000,0x00006a3067100000) (1024K)]
Total: 56

Other Threads:
  0x000076dea0519a70 VMThread "VM Thread"                           [id=460460, stack(0x000076dea4643000,0x000076dea4743000) (1024K)]
  0x000076dea05076c0 WatcherThread "VM Periodic Task Thread"        [id=460459, stack(0x000076dea4744000,0x000076dea4844000) (1024K)]

=>0x000076dea053c500 (exited) NamedThread "MMTk Collector Thread"   [id=460478, stack(0x00006a31b06f6000,0x00006a31b07f6000) (1024K)]
Total: 3

Threads with active compile tasks:
C2 CompilerThread0  4832 2829   !   4       org.apache.lucene.search.IndexSearcher::search (124 bytes)
C2 CompilerThread1  4832 2855       4       org.dacapo.lusearch.Search$QueryProcessor::doPagingSearch (259 bytes)
C2 CompilerThread2  4832 2777       4       org.apache.lucene.codecs.lucene90.blocktree.SegmentTermsEnum::seekExact (995 bytes)
C2 CompilerThread3  4832 2751       4       org.apache.lucene.index.BaseCompositeReader::readerIndex (39 bytes)
C2 CompilerThread4  4832 2757       4       org.apache.lucene.index.SegmentReader::document (19 bytes)
C2 CompilerThread5  4832 2763       4       org.apache.lucene.util.AttributeSource$State::clone (39 bytes)
C2 CompilerThread6  4832 2764       4       org.apache.lucene.index.BaseCompositeReader::document (29 bytes)
C2 CompilerThread7  4832 2761   !   4       org.apache.lucene.util.AttributeImpl::clone (25 bytes)
C2 CompilerThread8  4832 2864       4       org.apache.lucene.index.TermStates::build (126 bytes)
C2 CompilerThread9  4832 2886   !   4       org.apache.lucene.queryparser.classic.QueryParserTokenManager::jjMoveNfa_2 (3658 bytes)
Total: 10

VM state: at safepoint (normal execution)

VM Mutex/Monitor currently owned by a thread:  ([mutex/lock_event])
[0x000076dea6f580d0] Threads_lock - owner thread: 0x000076dea0519a70
[0x000076dea6f57fd0] Heap_lock - owner thread: 0x000076dea03e2eb0

Heap address: 0x0000000040000000, size: 3072 MB, Compressed Oops mode: 32-bit

CDS archive(s) mapped at: [0x00006a316b000000-0x00006a316bca3000-0x00006a316bca3000), size 13250560, SharedBaseAddress: 0x00006a316b000000, ArchiveRelocationMode: 1.
Compressed class space mapped at: 0x00006a316c000000-0x00006a31ac000000, reserved size: 1073741824
Narrow klass base: 0x00006a316b000000, Narrow klass shift: 0, Narrow klass range: 0x100000000

GC Precious Log:
<Empty>

Heap:

[error occurred during error reporting (printing heap information), id 0xe0000000, Internal Error (/mydata/mmtk-openjdk/openjdk/share/mmtkHeap.cpp:424)]
Metaspace:

Usage:
  Non-class:      8.63 MB used.
      Class:      1.26 MB used.
       Both:      9.89 MB used.

Virtual space:
  Non-class space:       64.00 MB reserved,       9.19 MB ( 14%) committed,  1 nodes.
      Class space:        1.00 GB reserved,       1.75 MB ( <1%) committed,  1 nodes.
             Both:        1.06 GB reserved,      10.94 MB (  1%) committed. 

Chunk freelists:
   Non-Class:  6.25 MB
       Class:  14.16 MB
        Both:  20.41 MB

MaxMetaspaceSize: unlimited
CompressedClassSpaceSize: 1.00 GB
Initial GC threshold: 21.00 MB
Current GC threshold: 21.00 MB
CDS: on
 - commit_granule_bytes: 65536.
 - commit_granule_words: 8192.
 - virtual_space_node_default_size: 8388608.
 - enlarge_chunks_in_place: 1.
 - use_allocation_guard: 0.


Internal statistics:

num_allocs_failed_limit: 0.
num_arena_births: 1668.
num_arena_deaths: 0.
num_vsnodes_births: 2.
num_vsnodes_deaths: 0.
num_space_committed: 175.
num_space_uncommitted: 0.
num_chunks_returned_to_freelist: 0.
num_chunks_taken_from_freelist: 2605.
num_chunk_merges: 0.
num_chunk_splits: 1393.
num_chunks_enlarged: 238.
num_inconsistent_stats: 0.

CodeHeap 'non-profiled nmethods': size=118880Kb used=1332Kb max_used=1332Kb free=117547Kb
 bounds [0x000076de903e8000, 0x000076de90658000, 0x000076de97800000]
CodeHeap 'profiled nmethods': size=118876Kb used=5319Kb max_used=5319Kb free=113556Kb
 bounds [0x000076de88800000, 0x000076de88d40000, 0x000076de8fc17000]
CodeHeap 'non-nmethods': size=8004Kb used=3512Kb max_used=3568Kb free=4491Kb
 bounds [0x000076de8fc17000, 0x000076de8ffa7000, 0x000076de903e8000]
CodeCache: size=245760Kb, used=10163Kb, max_used=10219Kb, free=235594Kb
 total_blobs=3340, nmethods=2823, adapters=415, full_count=0
Compilation: enabled, stopped_count=0, restarted_count=0

Compilation events (20 events):
Event: 4.798 Thread 0x00006a30e41030a0 2902       2       java.io.BufferedWriter::implFlushBuffer (34 bytes)
Event: 4.798 Thread 0x000076dea0555510 2903       2       sun.nio.cs.StreamEncoder::ensureOpen (18 bytes)
Event: 4.798 Thread 0x00006a30e41030a0 nmethod 2902 0x000076de88d31190 code [0x000076de88d31360, 0x000076de88d31600]
Event: 4.798 Thread 0x00006a30d81727a0 nmethod 2741 0x000076de9052b590 code [0x000076de9052b7e0, 0x000076de9052c1f0]
Event: 4.799 Thread 0x00006a30c80e36d0 nmethod 2739 0x000076de9052cb10 code [0x000076de9052cda0, 0x000076de9052dd50]
Event: 4.812 Thread 0x00006a30dc1690a0 nmethod 2747 0x000076de9052e990 code [0x000076de9052eba0, 0x000076de9052f348]
Event: 4.812 Thread 0x00006a30c80e36d0 2751       4       org.apache.lucene.index.BaseCompositeReader::readerIndex (39 bytes)
Event: 4.812 Thread 0x00006a30dc1690a0 2757       4       org.apache.lucene.index.SegmentReader::document (19 bytes)
Event: 4.812 Thread 0x000076dea0555510 nmethod 2903 0x000076de88d31710 code [0x000076de88d318c0, 0x000076de88d31ae8]
Event: 4.812 Thread 0x00006a30d8171040 nmethod 2726 0x000076de9052f910 code [0x000076de9052fae0, 0x000076de905301b8]
Event: 4.812 Thread 0x00006a30d8171040 2724       4       java.lang.ThreadLocal::get (8 bytes)
Event: 4.812 Thread 0x00006a30d81727a0 2762       4       org.apache.lucene.queryparser.classic.QueryParser::jj_scan_token (172 bytes)
Event: 4.813 Thread 0x00006a30e4104050 2904       2       java.io.FileDescriptor$1::getAppend (5 bytes)
Event: 4.813 Thread 0x00006a30e4104050 nmethod 2904 0x000076de88d31b90 code [0x000076de88d31d20, 0x000076de88d31e28]
Event: 4.813 Thread 0x00006a30dc16a720 nmethod 2722 0x000076de90530690 code [0x000076de90530a20, 0x000076de90532d68]
Event: 4.814 Thread 0x00006a30dc16a720 2763       4       org.apache.lucene.util.AttributeSource$State::clone (39 bytes)
Event: 4.814 Thread 0x00006a30d8171040 nmethod 2724 0x000076de90534810 code [0x000076de905349a0, 0x000076de90534b30]
Event: 4.814 Thread 0x00006a30d8171040 2764       4       org.apache.lucene.index.BaseCompositeReader::document (29 bytes)
Event: 4.814 Thread 0x00006a30d81727a0 nmethod 2762 0x000076de90534d10 code [0x000076de90534ec0, 0x000076de90535070]
Event: 4.814 Thread 0x00006a30d81727a0 2761   !   4       org.apache.lucene.util.AttributeImpl::clone (25 bytes)

GC Heap History (0 events):
No events

Dll operation events (8 events):
Event: 0.001 Loaded shared library /mydata/openjdk-mmtk/build/b0test/images/jdk/lib/libjava.so
Event: 2.236 Loaded shared library /mydata/openjdk-mmtk/build/b0test/images/jdk/lib/libjsvml.so
Event: 2.249 Loaded shared library /mydata/openjdk-mmtk/build/b0test/images/jdk/lib/libnio.so
Event: 2.253 Loaded shared library /mydata/openjdk-mmtk/build/b0test/images/jdk/lib/libzip.so
Event: 2.266 Loaded shared library /mydata/openjdk-mmtk/build/b0test/images/jdk/lib/libjimage.so
Event: 2.291 Loaded shared library /mydata/openjdk-mmtk/build/b0test/images/jdk/lib/libnet.so
Event: 4.189 Loaded shared library /mydata/openjdk-mmtk/build/b0test/images/jdk/lib/libmanagement.so
Event: 4.190 Loaded shared library /mydata/openjdk-mmtk/build/b0test/images/jdk/lib/libmanagement_ext.so

Deoptimization events (20 events):
Event: 4.630 Thread 0x000076dea07d2a40 DEOPT PACKING pc=0x000076de88d01501 sp=0x00006a31684fdd60
Event: 4.630 Thread 0x000076dea07d2a40 DEOPT UNPACKING pc=0x000076de8fc6ab2f sp=0x00006a31684fd218 mode 0
Event: 4.632 Thread 0x000076dea07be990 DEOPT PACKING pc=0x000076de88d01501 sp=0x00006a31693fdd60
Event: 4.632 Thread 0x000076dea07be990 DEOPT UNPACKING pc=0x000076de8fc6ab2f sp=0x00006a31693fd218 mode 0
Event: 4.632 Thread 0x000076dea07bfef0 DEOPT PACKING pc=0x000076de88d01501 sp=0x00006a31692fdd60
Event: 4.632 Thread 0x000076dea07bfef0 DEOPT UNPACKING pc=0x000076de8fc6ab2f sp=0x00006a31692fd218 mode 0
Event: 4.633 Thread 0x000076dea07c7e20 DEOPT PACKING pc=0x000076de88d01501 sp=0x00006a3168cfdd60
Event: 4.633 Thread 0x000076dea07c7e20 DEOPT UNPACKING pc=0x000076de8fc6ab2f sp=0x00006a3168cfd218 mode 0
Event: 4.633 Thread 0x000076dea07c1450 DEOPT PACKING pc=0x000076de88d01501 sp=0x00006a31691fdd60
Event: 4.633 Thread 0x000076dea07d8470 DEOPT PACKING pc=0x000076de88d01501 sp=0x00006a31680fdd60
Event: 4.633 Thread 0x000076dea07c1450 DEOPT UNPACKING pc=0x000076de8fc6ab2f sp=0x00006a31691fd218 mode 0
Event: 4.633 Thread 0x000076dea07d8470 DEOPT UNPACKING pc=0x000076de8fc6ab2f sp=0x00006a31680fd218 mode 0
Event: 4.647 Thread 0x000076dea07c6890 DEOPT PACKING pc=0x000076de889bfb33 sp=0x00006a3168dfe730
Event: 4.647 Thread 0x000076dea07c6890 DEOPT UNPACKING pc=0x000076de8fc6ab2f sp=0x00006a3168dfdc58 mode 0
Event: 4.669 Thread 0x000076dea07db060 DEOPT PACKING pc=0x000076de889bfb33 sp=0x00006a3067efe730
Event: 4.669 Thread 0x000076dea07db060 DEOPT UNPACKING pc=0x000076de8fc6ab2f sp=0x00006a3067efdc58 mode 0
Event: 4.742 Thread 0x000076dea07c7e20 Uncommon trap: trap_request=0xffffff45 fr.pc=0x000076de904e7314 relative=0x0000000000001034
Event: 4.742 Thread 0x000076dea07c7e20 Uncommon trap: reason=unstable_if action=reinterpret pc=0x000076de904e7314 method=org.apache.lucene.queryparser.classic.QueryParserTokenManager.jjMoveNfa_2(II)I @ 2505 c2
Event: 4.742 Thread 0x000076dea07c7e20 DEOPT PACKING pc=0x000076de904e7314 sp=0x00006a3168cfe4b0
Event: 4.742 Thread 0x000076dea07c7e20 DEOPT UNPACKING pc=0x000076de8fc6a399 sp=0x00006a3168cfe460 mode 2

Classes loaded (20 events):
Event: 4.284 Loading class java/util/stream/SpinedBuffer$OfPrimitive
Event: 4.284 Loading class java/util/stream/AbstractSpinedBuffer
Event: 4.284 Loading class java/util/stream/AbstractSpinedBuffer done
Event: 4.284 Loading class java/util/stream/SpinedBuffer$OfPrimitive done
Event: 4.284 Loading class java/util/stream/SpinedBuffer$OfInt done
Event: 4.284 Loading class java/util/stream/Nodes$IntSpinedNodeBuilder done
Event: 4.284 Loading class java/util/stream/ReferencePipeline$8$1
Event: 4.285 Loading class java/util/stream/ReferencePipeline$8$1 done
Event: 4.285 Loading class java/util/Spliterators$IntArraySpliterator
Event: 4.285 Loading class java/util/Spliterators$IntArraySpliterator done
Event: 4.285 Loading class java/util/stream/IntPipeline$Head
Event: 4.285 Loading class java/util/stream/IntPipeline$Head done
Event: 4.299 Loading class java/lang/invoke/VarHandleSegmentAsShorts
Event: 4.299 Loading class java/lang/invoke/VarHandleSegmentAsShorts done
Event: 4.318 Loading class java/util/WeakHashMap$KeyIterator
Event: 4.318 Loading class java/util/WeakHashMap$HashIterator
Event: 4.318 Loading class java/util/WeakHashMap$HashIterator done
Event: 4.318 Loading class java/util/WeakHashMap$KeyIterator done
Event: 4.736 Loading class java/io/FileOutputStream$1
Event: 4.736 Loading class java/io/FileOutputStream$1 done

Classes unloaded (0 events):
No events

Classes redefined (0 events):
No events

Internal exceptions (20 events):
Event: 4.253 Thread 0x000076dea07d6e80 Exception <a 'java/lang/NoSuchMethodError'{0x0000000041e40270}: 'java.lang.Object java.lang.invoke.Invokers$Holder.linkToTargetMethod(java.lang.Object, java.lang.Object, java.lang.Object, int, java.lang.Object)'> (0x0000000041e40270) 
thrown [src/hotspot/share/interpreter/linkResolver.cpp, line 772]
Event: 4.253 Thread 0x000076dea07ddc70 Exception <a 'java/lang/NoSuchMethodError'{0x0000000041f23818}: 'java.lang.Object java.lang.invoke.Invokers$Holder.linkToTargetMethod(java.lang.Object, java.lang.Object, java.lang.Object, int, java.lang.Object)'> (0x0000000041f23818) 
thrown [src/hotspot/share/interpreter/linkResolver.cpp, line 772]
Event: 4.253 Thread 0x000076dea07db060 Exception <a 'java/lang/NoSuchMethodError'{0x0000000041e38130}: 'java.lang.Object java.lang.invoke.Invokers$Holder.linkToTargetMethod(java.lang.Object, java.lang.Object, java.lang.Object, int, java.lang.Object)'> (0x0000000041e38130) 
thrown [src/hotspot/share/interpreter/linkResolver.cpp, line 772]
Event: 4.253 Thread 0x000076dea07bfef0 Exception <a 'java/lang/NoSuchMethodError'{0x0000000041e69458}: 'java.lang.Object java.lang.invoke.Invokers$Holder.linkToTargetMethod(java.lang.Object, java.lang.Object, java.lang.Object, int, java.lang.Object)'> (0x0000000041e69458) 
thrown [src/hotspot/share/interpreter/linkResolver.cpp, line 772]
Event: 4.253 Thread 0x000076dea07d2a40 Exception <a 'java/lang/NoSuchMethodError'{0x0000000041e81b18}: 'java.lang.Object java.lang.invoke.Invokers$Holder.linkToTargetMethod(java.lang.Object, java.lang.Object, java.lang.Object, int, java.lang.Object)'> (0x0000000041e81b18) 
thrown [src/hotspot/share/interpreter/linkResolver.cpp, line 772]
Event: 4.253 Thread 0x000076dea07b9360 Exception <a 'java/lang/NoSuchMethodError'{0x0000000041ec58f0}: 'java.lang.Object java.lang.invoke.Invokers$Holder.linkToTargetMethod(java.lang.Object, java.lang.Object, java.lang.Object, int, java.lang.Object)'> (0x0000000041ec58f0) 
thrown [src/hotspot/share/interpreter/linkResolver.cpp, line 772]
Event: 4.253 Thread 0x000076dea07e1ec0 Exception <a 'java/lang/NoSuchMethodError'{0x0000000041fc76d0}: 'java.lang.Object java.lang.invoke.Invokers$Holder.linkToTargetMethod(java.lang.Object, java.lang.Object, java.lang.Object, int, java.lang.Object)'> (0x0000000041fc76d0) 
thrown [src/hotspot/share/interpreter/linkResolver.cpp, line 772]
Event: 4.253 Thread 0x000076dea07c3f30 Exception <a 'java/lang/NoSuchMethodError'{0x0000000041e48fc0}: 'java.lang.Object java.lang.invoke.Invokers$Holder.linkToTargetMethod(java.lang.Object, java.lang.Object, java.lang.Object, int, java.lang.Object)'> (0x0000000041e48fc0) 
thrown [src/hotspot/share/interpreter/linkResolver.cpp, line 772]
Event: 4.253 Thread 0x000076dea07c7e20 Exception <a 'java/lang/NoSuchMethodError'{0x0000000041f1c790}: 'java.lang.Object java.lang.invoke.Invokers$Holder.linkToTargetMethod(java.lang.Object, java.lang.Object, java.lang.Object, int, java.lang.Object)'> (0x0000000041f1c790) 
thrown [src/hotspot/share/interpreter/linkResolver.cpp, line 772]
Event: 4.253 Thread 0x000076dea07c53e0 Exception <a 'java/lang/NoSuchMethodError'{0x0000000041e7b818}: 'java.lang.Object java.lang.invoke.Invokers$Holder.linkToTargetMethod(java.lang.Object, java.lang.Object, java.lang.Object, int, java.lang.Object)'> (0x0000000041e7b818) 
thrown [src/hotspot/share/interpreter/linkResolver.cpp, line 772]
Event: 4.254 Thread 0x000076dea07c29c0 Exception <a 'java/lang/NoSuchMethodError'{0x0000000041efd2b0}: 'java.lang.Object java.lang.invoke.Invokers$Holder.linkToTargetMethod(java.lang.Object, java.lang.Object, java.lang.Object, int, java.lang.Object)'> (0x0000000041efd2b0) 
thrown [src/hotspot/share/interpreter/linkResolver.cpp, line 772]
Event: 4.273 Thread 0x000076dea07c53e0 Implicit null exception at 0x000076de90416cde to 0x000076de90416d98
Event: 4.273 Thread 0x000076dea07cd1c0 Implicit null exception at 0x000076de90416cde to 0x000076de90416d98
Event: 4.273 Thread 0x000076dea07dc660 Implicit null exception at 0x000076de90416cde to 0x000076de90416d98
Event: 4.273 Thread 0x000076dea07be990 Implicit null exception at 0x000076de90416cde to 0x000076de90416d98
Event: 4.273 Thread 0x000076dea07d8470 Implicit null exception at 0x000076de90416cde to 0x000076de90416d98
Event: 4.285 Thread 0x000076dea07d4010 Exception <a 'java/lang/NoSuchMethodError'{0x00000000421d92f8}: 'void java.lang.invoke.DirectMethodHandle$Holder.invokeInterface(java.lang.Object, java.lang.Object, int)'> (0x00000000421d92f8) 
thrown [src/hotspot/share/interpreter/linkResolver.cpp, line 772]
Event: 4.285 Thread 0x000076dea07d4010 Exception <a 'java/lang/IncompatibleClassChangeError'{0x00000000421dc938}: Found class java.lang.Object, but interface was expected> (0x00000000421dc938) 
thrown [src/hotspot/share/interpreter/linkResolver.cpp, line 840]
Event: 4.289 Thread 0x000076dea07e1ec0 Exception <a 'java/lang/NoSuchMethodError'{0x00000000421560d8}: 'int java.lang.invoke.DirectMethodHandle$Holder.invokeStaticInit(java.lang.Object, java.lang.Object)'> (0x00000000421560d8) 
thrown [src/hotspot/share/interpreter/linkResolver.cpp, line 772]
Event: 4.290 Thread 0x000076dea07e1ec0 Exception <a 'java/lang/NoSuchMethodError'{0x000000004214faf8}: 'java.lang.Object java.lang.invoke.Invokers$Holder.invokeExact_MT(java.lang.Object, java.lang.Object, java.lang.Object, java.lang.Object, java.lang.Object, java.lang.Object)'> (0x000000004214faf8) 
thrown [src/hotspot/share/interpreter/linkResolver.cpp, line 772]

ZGC Phase Switch (0 events):
No events

VM Operations (20 events):
Event: 4.206 Executing VM operation: HandshakeAllThreads (CloseScopedMemory) done
Event: 4.218 Executing VM operation: HandshakeAllThreads (CloseScopedMemory)
Event: 4.218 Executing VM operation: HandshakeAllThreads (CloseScopedMemory) done
Event: 4.220 Executing VM operation: HandshakeAllThreads (CloseScopedMemory)
Event: 4.220 Executing VM operation: HandshakeAllThreads (CloseScopedMemory) done
Event: 4.224 Executing VM operation: HandshakeAllThreads (CloseScopedMemory)
Event: 4.224 Executing VM operation: HandshakeAllThreads (CloseScopedMemory) done
Event: 4.342 Executing VM operation: ICBufferFull
Event: 4.342 Executing VM operation: ICBufferFull done
Event: 4.350 Executing VM operation: HandshakeAllThreads (Deoptimize)
Event: 4.352 Executing VM operation: HandshakeAllThreads (Deoptimize) done
Event: 4.540 Executing VM operation: ICBufferFull
Event: 4.540 Executing VM operation: ICBufferFull done
Event: 4.677 Executing VM operation: ThirdPartyHeapOperation
Event: 4.690 Executing VM operation: ThirdPartyHeapOperation done
Event: 4.694 Executing VM operation: ThirdPartyHeapOperation
Event: 4.714 Executing VM operation: ThirdPartyHeapOperation done
Event: 4.799 Executing VM operation: ThirdPartyHeapOperation
Event: 4.812 Executing VM operation: ThirdPartyHeapOperation done
Event: 4.815 Executing VM operation: ThirdPartyHeapOperation

Memory protections (20 events):
Event: 4.236 Protecting memory [0x00006a3168300000,0x00006a3168304000] with protection modes 0
Event: 4.236 Protecting memory [0x00006a3168200000,0x00006a3168204000] with protection modes 0
Event: 4.236 Protecting memory [0x00006a3168100000,0x00006a3168104000] with protection modes 0
Event: 4.236 Protecting memory [0x00006a3168000000,0x00006a3168004000] with protection modes 0
Event: 4.237 Protecting memory [0x00006a3067f00000,0x00006a3067f04000] with protection modes 0
Event: 4.237 Protecting memory [0x00006a3067e00000,0x00006a3067e04000] with protection modes 0
Event: 4.238 Protecting memory [0x00006a3067d00000,0x00006a3067d04000] with protection modes 0
Event: 4.238 Protecting memory [0x00006a3067b00000,0x00006a3067b04000] with protection modes 0
Event: 4.239 Protecting memory [0x00006a3067c00000,0x00006a3067c04000] with protection modes 0
Event: 4.241 Protecting memory [0x00006a3067900000,0x00006a3067904000] with protection modes 0
Event: 4.241 Protecting memory [0x00006a3067a00000,0x00006a3067a04000] with protection modes 0
Event: 4.241 Protecting memory [0x00006a3067800000,0x00006a3067804000] with protection modes 0
Event: 4.249 Protecting memory [0x00006a3067700000,0x00006a3067704000] with protection modes 0
Event: 4.442 Protecting memory [0x00006a3067600000,0x00006a3067604000] with protection modes 0
Event: 4.596 Protecting memory [0x00006a3067500000,0x00006a3067504000] with protection modes 0
Event: 4.598 Protecting memory [0x00006a3067400000,0x00006a3067404000] with protection modes 0
Event: 4.601 Protecting memory [0x00006a3067300000,0x00006a3067304000] with protection modes 0
Event: 4.602 Protecting memory [0x00006a3067200000,0x00006a3067204000] with protection modes 0
Event: 4.604 Protecting memory [0x00006a3067100000,0x00006a3067104000] with protection modes 0
Event: 4.608 Protecting memory [0x00006a3067000000,0x00006a3067004000] with protection modes 0

Nmethod flushes (0 events):
No events

Events (20 events):
Event: 4.236 Thread 0x000076dea002b240 Thread added: 0x000076dea07d4010
Event: 4.236 Thread 0x000076dea002b240 Thread added: 0x000076dea07d58a0
Event: 4.236 Thread 0x000076dea002b240 Thread added: 0x000076dea07d6e80
Event: 4.236 Thread 0x000076dea002b240 Thread added: 0x000076dea07d8470
Event: 4.236 Thread 0x000076dea002b240 Thread added: 0x000076dea07d9a60
Event: 4.237 Thread 0x000076dea002b240 Thread added: 0x000076dea07db060
Event: 4.238 Thread 0x000076dea002b240 Thread added: 0x000076dea07dc660
Event: 4.238 Thread 0x000076dea002b240 Thread added: 0x000076dea07ddc70
Event: 4.238 Thread 0x000076dea002b240 Thread added: 0x000076dea07df280
Event: 4.239 Thread 0x000076dea002b240 Thread added: 0x000076dea07e08a0
Event: 4.241 Thread 0x000076dea002b240 Thread added: 0x000076dea07e1ec0
Event: 4.241 Thread 0x000076dea002b240 Thread added: 0x000076dea07e34f0
Event: 4.249 Thread 0x000076dea0555510 Thread added: 0x00006a30e4114260
Event: 4.442 Thread 0x00006a30e41030a0 Thread added: 0x00006a30c80e36d0
Event: 4.596 Thread 0x00006a30e4104f80 Thread added: 0x00006a30dc1690a0
Event: 4.596 Thread 0x00006a30e4104f80 Thread added: 0x00006a30dc16a720
Event: 4.601 Thread 0x00006a30e40458b0 Thread added: 0x00006a30d8171040
Event: 4.602 Thread 0x00006a30e40458b0 Thread added: 0x00006a30d81727a0
Event: 4.604 Thread 0x00006a30e40458b0 Thread added: 0x00006a30d8173ef0
Event: 4.608 Thread 0x00006a30e40458b0 Thread added: 0x00006a30d8175490


Dynamic libraries:
40000000-40400000 rw-p 00000000 00:00 0                                  [anon:mmtk:space:immix]
40400000-41400000 rw-p 00000000 00:00 0                                  [anon:mmtk:space:los]
41400000-41800000 rw-p 00000000 00:00 0                                  [anon:mmtk:space:immix]
41800000-48000000 rw-p 00000000 00:00 0                                  [anon:mmtk:space:los]
48000000-48400000 rw-p 00000000 00:00 0                                  [anon:mmtk:space:immix]
48400000-49800000 rw-p 00000000 00:00 0                                  [anon:mmtk:space:los]
49800000-50400000 rw-p 00000000 00:00 0                                  [anon:mmtk:space:immix]
50400000-52800000 rw-p 00000000 00:00 0                                  [anon:mmtk:space:immix]
52800000-52c00000 rw-p 00000000 00:00 0                                  [anon:mmtk:space:immix]
200000000000-2000c00c0000 rw-s 00000000 00:10 68                         anon_inode:bpf-map
5928e95df000-5928e95e0000 r--p 00000000 fc:00 49676352                   /mydata/openjdk-mmtk/build/b0test/images/jdk/bin/java
5928e95e0000-5928e95e1000 r-xp 00001000 fc:00 49676352                   /mydata/openjdk-mmtk/build/b0test/images/jdk/bin/java
5928e95e1000-5928e95e2000 r--p 00002000 fc:00 49676352                   /mydata/openjdk-mmtk/build/b0test/images/jdk/bin/java
5928e95e2000-5928e95e3000 r--p 00002000 fc:00 49676352                   /mydata/openjdk-mmtk/build/b0test/images/jdk/bin/java
5928e95e3000-5928e95e4000 rw-p 00003000 fc:00 49676352                   /mydata/openjdk-mmtk/build/b0test/images/jdk/bin/java
592902846000-59290288e000 rw-p 00000000 00:00 0                          [heap]
6a301c000000-6a301c413000 rw-p 00000000 00:00 0 
6a301c413000-6a3020000000 ---p 00000000 00:00 0 
6a3024000000-6a30242cc000 rw-p 00000000 00:00 0 
6a30242cc000-6a3028000000 ---p 00000000 00:00 0 
6a3028000000-6a30283bd000 rw-p 00000000 00:00 0 
6a30283bd000-6a302c000000 ---p 00000000 00:00 0 
6a302c000000-6a302c387000 rw-p 00000000 00:00 0 
6a302c387000-6a3030000000 ---p 00000000 00:00 0 
6a3030000000-6a303035d000 rw-p 00000000 00:00 0 
6a303035d000-6a3034000000 ---p 00000000 00:00 0 
6a3034000000-6a30343e0000 rw-p 00000000 00:00 0 
6a30343e0000-6a3038000000 ---p 00000000 00:00 0 
6a3038000000-6a3038239000 rw-p 00000000 00:00 0 
6a3038239000-6a303c000000 ---p 00000000 00:00 0 
6a303c000000-6a303c021000 rw-p 00000000 00:00 0 
6a303c021000-6a3040000000 ---p 00000000 00:00 0 
6a3040000000-6a3040725000 rw-p 00000000 00:00 0 
6a3040725000-6a3044000000 ---p 00000000 00:00 0 
6a3044000000-6a3044021000 rw-p 00000000 00:00 0 
6a3044021000-6a3048000000 ---p 00000000 00:00 0 
6a3048000000-6a3048021000 rw-p 00000000 00:00 0 
6a3048021000-6a304c000000 ---p 00000000 00:00 0 
6a304c000000-6a304c021000 rw-p 00000000 00:00 0 
6a304c021000-6a3050000000 ---p 00000000 00:00 0 
6a3050000000-6a3050021000 rw-p 00000000 00:00 0 
6a3050021000-6a3054000000 ---p 00000000 00:00 0 
6a3054000000-6a3054021000 rw-p 00000000 00:00 0 
6a3054021000-6a3058000000 ---p 00000000 00:00 0 
6a3058000000-6a3058021000 rw-p 00000000 00:00 0 
6a3058021000-6a305c000000 ---p 00000000 00:00 0 
6a305c000000-6a305c021000 rw-p 00000000 00:00 0 
6a305c021000-6a3060000000 ---p 00000000 00:00 0 
6a3060000000-6a3060021000 rw-p 00000000 00:00 0 
6a3060021000-6a3064000000 ---p 00000000 00:00 0 
6a3067000000-6a3067004000 ---p 00000000 00:00 0 
6a3067004000-6a3067100000 rw-p 00000000 00:00 0 
6a3067100000-6a3067104000 ---p 00000000 00:00 0 
6a3067104000-6a3067200000 rw-p 00000000 00:00 0 
6a3067200000-6a3067204000 ---p 00000000 00:00 0 
6a3067204000-6a3067300000 rw-p 00000000 00:00 0 
6a3067300000-6a3067304000 ---p 00000000 00:00 0 
6a3067304000-6a3067400000 rw-p 00000000 00:00 0 
6a3067400000-6a3067404000 ---p 00000000 00:00 0 
6a3067404000-6a3067500000 rw-p 00000000 00:00 0 
6a3067500000-6a3067504000 ---p 00000000 00:00 0 
6a3067504000-6a3067600000 rw-p 00000000 00:00 0 
6a3067600000-6a3067604000 ---p 00000000 00:00 0 
6a3067604000-6a3067700000 rw-p 00000000 00:00 0 
6a3067700000-6a3067704000 ---p 00000000 00:00 0 
6a3067704000-6a3067800000 rw-p 00000000 00:00 0 
6a3067800000-6a3067804000 ---p 00000000 00:00 0 
6a3067804000-6a3067900000 rw-p 00000000 00:00 0 
6a3067900000-6a3067904000 ---p 00000000 00:00 0 
6a3067904000-6a3067a00000 rw-p 00000000 00:00 0 
6a3067a00000-6a3067a04000 ---p 00000000 00:00 0 
6a3067a04000-6a3067b00000 rw-p 00000000 00:00 0 
6a3067b00000-6a3067b04000 ---p 00000000 00:00 0 
6a3067b04000-6a3067c00000 rw-p 00000000 00:00 0 
6a3067c00000-6a3067c04000 ---p 00000000 00:00 0 
6a3067c04000-6a3067d00000 rw-p 00000000 00:00 0 
6a3067d00000-6a3067d04000 ---p 00000000 00:00 0 
6a3067d04000-6a3067e00000 rw-p 00000000 00:00 0 
6a3067e00000-6a3067e04000 ---p 00000000 00:00 0 
6a3067e04000-6a3067f00000 rw-p 00000000 00:00 0 
6a3067f00000-6a3067f04000 ---p 00000000 00:00 0 
6a3067f04000-6a3068000000 rw-p 00000000 00:00 0 
6a3068000000-6a3068021000 rw-p 00000000 00:00 0 
6a3068021000-6a306c000000 ---p 00000000 00:00 0 
6a306c000000-6a306c021000 rw-p 00000000 00:00 0 
6a306c021000-6a3070000000 ---p 00000000 00:00 0 
6a3070000000-6a3070021000 rw-p 00000000 00:00 0 
6a3070021000-6a3074000000 ---p 00000000 00:00 0 
6a3074000000-6a3074021000 rw-p 00000000 00:00 0 
6a3074021000-6a3078000000 ---p 00000000 00:00 0 
6a3078000000-6a3078021000 rw-p 00000000 00:00 0 
6a3078021000-6a307c000000 ---p 00000000 00:00 0 
6a307c000000-6a307c021000 rw-p 00000000 00:00 0 
6a307c021000-6a3080000000 ---p 00000000 00:00 0 
6a3080000000-6a3080021000 rw-p 00000000 00:00 0 
6a3080021000-6a3084000000 ---p 00000000 00:00 0 
6a3084000000-6a3084021000 rw-p 00000000 00:00 0 
6a3084021000-6a3088000000 ---p 00000000 00:00 0 
6a3088000000-6a3088021000 rw-p 00000000 00:00 0 
6a3088021000-6a308c000000 ---p 00000000 00:00 0 
6a308c000000-6a308c021000 rw-p 00000000 00:00 0 
6a308c021000-6a3090000000 ---p 00000000 00:00 0 
6a3090000000-6a3090028000 rw-p 00000000 00:00 0 
6a3090028000-6a3094000000 ---p 00000000 00:00 0 
6a3094000000-6a3094037000 rw-p 00000000 00:00 0 
6a3094037000-6a3098000000 ---p 00000000 00:00 0 
6a3098000000-6a309804b000 rw-p 00000000 00:00 0 
6a309804b000-6a309c000000 ---p 00000000 00:00 0 
6a309c000000-6a309c021000 rw-p 00000000 00:00 0 
6a309c021000-6a30a0000000 ---p 00000000 00:00 0 
6a30a0000000-6a30a0021000 rw-p 00000000 00:00 0 
6a30a0021000-6a30a4000000 ---p 00000000 00:00 0 
6a30a4000000-6a30a4021000 rw-p 00000000 00:00 0 
6a30a4021000-6a30a8000000 ---p 00000000 00:00 0 
6a30a8000000-6a30a8021000 rw-p 00000000 00:00 0 
6a30a8021000-6a30ac000000 ---p 00000000 00:00 0 
6a30ac000000-6a30ac021000 rw-p 00000000 00:00 0 
6a30ac021000-6a30b0000000 ---p 00000000 00:00 0 
6a30b0000000-6a30b002c000 rw-p 00000000 00:00 0 
6a30b002c000-6a30b4000000 ---p 00000000 00:00 0 
6a30b4000000-6a30b4021000 rw-p 00000000 00:00 0 
6a30b4021000-6a30b8000000 ---p 00000000 00:00 0 
6a30b8000000-6a30b8021000 rw-p 00000000 00:00 0 
6a30b8021000-6a30bc000000 ---p 00000000 00:00 0 
6a30bc000000-6a30bc040000 rw-p 00000000 00:00 0 
6a30bc040000-6a30c0000000 ---p 00000000 00:00 0 
6a30c0000000-6a30c016b000 rw-p 00000000 00:00 0 
6a30c016b000-6a30c4000000 ---p 00000000 00:00 0 
6a30c4000000-6a30c4022000 rw-p 00000000 00:00 0 
6a30c4022000-6a30c8000000 ---p 00000000 00:00 0 
6a30c8000000-6a30c8238000 rw-p 00000000 00:00 0 
6a30c8238000-6a30cc000000 ---p 00000000 00:00 0 
6a30cc000000-6a30cc4e8000 rw-p 00000000 00:00 0 
6a30cc4e8000-6a30d0000000 ---p 00000000 00:00 0 
6a30d0000000-6a30d0021000 rw-p 00000000 00:00 0 
6a30d0021000-6a30d4000000 ---p 00000000 00:00 0 
6a30d4000000-6a30d4021000 rw-p 00000000 00:00 0 
6a30d4021000-6a30d8000000 ---p 00000000 00:00 0 
6a30d8000000-6a30d81ae000 rw-p 00000000 00:00 0 
6a30d81ae000-6a30dc000000 ---p 00000000 00:00 0 
6a30dc000000-6a30dc175000 rw-p 00000000 00:00 0 
6a30dc175000-6a30e0000000 ---p 00000000 00:00 0 
6a30e0000000-6a30e0887000 rw-p 00000000 00:00 0 
6a30e0887000-6a30e4000000 ---p 00000000 00:00 0 
6a30e4000000-6a30e41b3000 rw-p 00000000 00:00 0 
6a30e41b3000-6a30e8000000 ---p 00000000 00:00 0 
6a30e8000000-6a30e8021000 rw-p 00000000 00:00 0 
6a30e8021000-6a30ec000000 ---p 00000000 00:00 0 
6a30ec000000-6a30ec021000 rw-p 00000000 00:00 0 
6a30ec021000-6a30f0000000 ---p 00000000 00:00 0 
6a30f0000000-6a30f0033000 rw-p 00000000 00:00 0 
6a30f0033000-6a30f4000000 ---p 00000000 00:00 0 
6a30f4000000-6a30f4021000 rw-p 00000000 00:00 0 
6a30f4021000-6a30f8000000 ---p 00000000 00:00 0 
6a30f8000000-6a30f8042000 rw-p 00000000 00:00 0 
6a30f8042000-6a30fc000000 ---p 00000000 00:00 0 
6a30fc000000-6a30fc02a000 rw-p 00000000 00:00 0 
6a30fc02a000-6a3100000000 ---p 00000000 00:00 0 
6a3100000000-6a310018f000 rw-p 00000000 00:00 0 
6a310018f000-6a3104000000 ---p 00000000 00:00 0 
6a3104000000-6a3104032000 rw-p 00000000 00:00 0 
6a3104032000-6a3108000000 ---p 00000000 00:00 0 
6a3108000000-6a310802b000 rw-p 00000000 00:00 0 
6a310802b000-6a310c000000 ---p 00000000 00:00 0 
6a310c000000-6a310c04a000 rw-p 00000000 00:00 0 
6a310c04a000-6a3110000000 ---p 00000000 00:00 0 
6a3110000000-6a31100f5000 rw-p 00000000 00:00 0 
6a31100f5000-6a3114000000 ---p 00000000 00:00 0 
6a3114000000-6a3114042000 rw-p 00000000 00:00 0 
6a3114042000-6a3118000000 ---p 00000000 00:00 0 
6a3118000000-6a3118034000 rw-p 00000000 00:00 0 
6a3118034000-6a311c000000 ---p 00000000 00:00 0 
6a311c000000-6a311c043000 rw-p 00000000 00:00 0 
6a311c043000-6a3120000000 ---p 00000000 00:00 0 
6a3120000000-6a3120022000 rw-p 00000000 00:00 0 
6a3120022000-6a3124000000 ---p 00000000 00:00 0 
6a3124000000-6a3124052000 rw-p 00000000 00:00 0 
6a3124052000-6a3128000000 ---p 00000000 00:00 0 
6a3128000000-6a3128032000 rw-p 00000000 00:00 0 
6a3128032000-6a312c000000 ---p 00000000 00:00 0 
6a312c000000-6a312c032000 rw-p 00000000 00:00 0 
6a312c032000-6a3130000000 ---p 00000000 00:00 0 
6a3130000000-6a313003b000 rw-p 00000000 00:00 0 
6a313003b000-6a3134000000 ---p 00000000 00:00 0 
6a3134000000-6a3134034000 rw-p 00000000 00:00 0 
6a3134034000-6a3138000000 ---p 00000000 00:00 0 
6a3138000000-6a3138033000 rw-p 00000000 00:00 0 
6a3138033000-6a313c000000 ---p 00000000 00:00 0 
6a313c000000-6a313c02b000 rw-p 00000000 00:00 0 
6a313c02b000-6a3140000000 ---p 00000000 00:00 0 
6a3140000000-6a3140043000 rw-p 00000000 00:00 0 
6a3140043000-6a3144000000 ---p 00000000 00:00 0 
6a3144000000-6a3144024000 rw-p 00000000 00:00 0 
6a3144024000-6a3148000000 ---p 00000000 00:00 0 
6a3148000000-6a3148043000 rw-p 00000000 00:00 0 
6a3148043000-6a314c000000 ---p 00000000 00:00 0 
6a314c000000-6a314c032000 rw-p 00000000 00:00 0 
6a314c032000-6a3150000000 ---p 00000000 00:00 0 
6a3150000000-6a3150021000 rw-p 00000000 00:00 0 
6a3150021000-6a3154000000 ---p 00000000 00:00 0 
6a3154000000-6a3154021000 rw-p 00000000 00:00 0 
6a3154021000-6a3158000000 ---p 00000000 00:00 0 
6a3158000000-6a3158021000 rw-p 00000000 00:00 0 
6a3158021000-6a315c000000 ---p 00000000 00:00 0 
6a315c000000-6a315c021000 rw-p 00000000 00:00 0 
6a315c021000-6a3160000000 ---p 00000000 00:00 0 
6a3160000000-6a3160370000 rw-p 00000000 00:00 0 
6a3160370000-6a3160400000 ---p 00000000 00:00 0 
6a3160400000-6a31609c0000 rw-p 00000000 00:00 0 
6a31609c0000-6a3164000000 ---p 00000000 00:00 0 
6a3164000000-6a3164021000 rw-p 00000000 00:00 0 
6a3164021000-6a3168004000 ---p 00000000 00:00 0 
6a3168004000-6a3168100000 rw-p 00000000 00:00 0 
6a3168100000-6a3168104000 ---p 00000000 00:00 0 
6a3168104000-6a3168200000 rw-p 00000000 00:00 0 
6a3168200000-6a3168204000 ---p 00000000 00:00 0 
6a3168204000-6a3168300000 rw-p 00000000 00:00 0 
6a3168300000-6a3168304000 ---p 00000000 00:00 0 
6a3168304000-6a3168400000 rw-p 00000000 00:00 0 
6a3168400000-6a3168404000 ---p 00000000 00:00 0 
6a3168404000-6a3168500000 rw-p 00000000 00:00 0 
6a3168500000-6a3168504000 ---p 00000000 00:00 0 
6a3168504000-6a3168600000 rw-p 00000000 00:00 0 
6a3168600000-6a3168604000 ---p 00000000 00:00 0 
6a3168604000-6a3168700000 rw-p 00000000 00:00 0 
6a3168700000-6a3168704000 ---p 00000000 00:00 0 
6a3168704000-6a3168800000 rw-p 00000000 00:00 0 
6a3168800000-6a3168804000 ---p 00000000 00:00 0 
6a3168804000-6a3168900000 rw-p 00000000 00:00 0 
6a3168900000-6a3168904000 ---p 00000000 00:00 0 
6a3168904000-6a3168a00000 rw-p 00000000 00:00 0 
6a3168a00000-6a3168a04000 ---p 00000000 00:00 0 
6a3168a04000-6a3168b00000 rw-p 00000000 00:00 0 
6a3168b00000-6a3168b04000 ---p 00000000 00:00 0 
6a3168b04000-6a3168c00000 rw-p 00000000 00:00 0 
6a3168c00000-6a3168c04000 ---p 00000000 00:00 0 
6a3168c04000-6a3168d00000 rw-p 00000000 00:00 0 
6a3168d00000-6a3168d04000 ---p 00000000 00:00 0 
6a3168d04000-6a3168e00000 rw-p 00000000 00:00 0 
6a3168e00000-6a3168e04000 ---p 00000000 00:00 0 
6a3168e04000-6a3168f00000 rw-p 00000000 00:00 0 
6a3168f00000-6a3168f04000 ---p 00000000 00:00 0 
6a3168f04000-6a3169000000 rw-p 00000000 00:00 0 
6a3169000000-6a3169004000 ---p 00000000 00:00 0 
6a3169004000-6a3169100000 rw-p 00000000 00:00 0 
6a3169100000-6a3169104000 ---p 00000000 00:00 0 
6a3169104000-6a3169200000 rw-p 00000000 00:00 0 
6a3169200000-6a3169204000 ---p 00000000 00:00 0 
6a3169204000-6a3169300000 rw-p 00000000 00:00 0 
6a3169300000-6a3169304000 ---p 00000000 00:00 0 
6a3169304000-6a3169400000 rw-p 00000000 00:00 0 
6a3169400000-6a3169404000 ---p 00000000 00:00 0 
6a3169404000-6a3169500000 rw-p 00000000 00:00 0 
6a3169500000-6a3169504000 ---p 00000000 00:00 0 
6a3169504000-6a3169600000 rw-p 00000000 00:00 0 
6a3169600000-6a3169a65000 r--s 00000000 fc:00 7871857                    /mydata/dacapo/dacapo-23.11/dacapo-23.11-MR2-chopin/dat/lusearch/index-default/_3_Lucene90_0.tim
6a3169b00000-6a3169b04000 ---p 00000000 00:00 0 
6a3169b04000-6a3169c00000 rw-p 00000000 00:00 0 
6a3169c00000-6a316a001000 r--s 00000000 fc:00 7871856                    /mydata/dacapo/dacapo-23.11/dacapo-23.11-MR2-chopin/dat/lusearch/index-default/_3_Lucene90_0.doc
6a316a0fe000-6a316a102000 ---p 00000000 00:00 0 
6a316a102000-6a316a1fe000 rw-p 00000000 00:00 0 
6a316a1fe000-6a316a202000 ---p 00000000 00:00 0 
6a316a202000-6a316a2fe000 rw-p 00000000 00:00 0 
6a316a2fe000-6a316a302000 ---p 00000000 00:00 0 
6a316a302000-6a316a3fe000 rw-p 00000000 00:00 0 
6a316a3fe000-6a316a402000 ---p 00000000 00:00 0 
6a316a402000-6a316a4fe000 rw-p 00000000 00:00 0 
6a316a4fe000-6a316a502000 ---p 00000000 00:00 0 
6a316a502000-6a316a5fe000 rw-p 00000000 00:00 0 
6a316a5fe000-6a316a602000 ---p 00000000 00:00 0 
6a316a602000-6a316a6fe000 rw-p 00000000 00:00 0 
6a316a6fe000-6a316a702000 ---p 00000000 00:00 0 
6a316a702000-6a316a7fe000 rw-p 00000000 00:00 0 
6a316a7fe000-6a316a802000 ---p 00000000 00:00 0 
6a316a802000-6a316a8fe000 rw-p 00000000 00:00 0 
6a316a8fe000-6a316a902000 ---p 00000000 00:00 0 
6a316a902000-6a316a9fe000 rw-p 00000000 00:00 0 
6a316a9fe000-6a316aa02000 ---p 00000000 00:00 0 
6a316aa02000-6a316aafe000 rw-p 00000000 00:00 0 
6a316aafe000-6a316ab02000 ---p 00000000 00:00 0 
6a316ab02000-6a316abfe000 rw-p 00000000 00:00 0 
6a316abfe000-6a316ac02000 ---p 00000000 00:00 0 
6a316ac02000-6a316acfe000 rw-p 00000000 00:00 0 
6a316acfe000-6a316ad02000 ---p 00000000 00:00 0 
6a316ad02000-6a316adfe000 rw-p 00000000 00:00 0 
6a316adfe000-6a316adff000 ---p 00000000 00:00 0 
6a316adff000-6a316aeff000 rw-p 00000000 00:00 0 
6a316aeff000-6a316af00000 ---p 00000000 00:00 0 
6a316af00000-6a316b000000 rw-p 00000000 00:00 0 
6a316b000000-6a316bca3000 rw-p 00001000 fc:00 49677060                   /mydata/openjdk-mmtk/build/b0test/images/jdk/lib/server/classes.jsa
6a316bca3000-6a316c000000 ---p 00000000 00:00 0 
6a316c000000-6a316c040000 rw-p 00000000 00:00 0 
6a316c040000-6a316c0c0000 rw-p 00000000 00:00 0 
6a316c0c0000-6a316c0e0000 rw-p 00000000 00:00 0 
6a316c0e0000-6a316c100000 ---p 00000000 00:00 0 
6a316c100000-6a316c1e0000 rw-p 00000000 00:00 0 
6a316c1e0000-6a31ac000000 ---p 00000000 00:00 0 
6a31ac000000-6a31ac021000 rw-p 00000000 00:00 0 
6a31ac021000-6a31b0000000 ---p 00000000 00:00 0 
6a31b00ef000-6a31b00f0000 ---p 00000000 00:00 0 
6a31b00f0000-6a31b01f0000 rw-p 00000000 00:00 0 
6a31b01f0000-6a31b01f1000 ---p 00000000 00:00 0 
6a31b01f1000-6a31b02f1000 rw-p 00000000 00:00 0 
6a31b02f1000-6a31b02f2000 ---p 00000000 00:00 0 
6a31b02f2000-6a31b03f2000 rw-p 00000000 00:00 0 
6a31b03f2000-6a31b03f3000 ---p 00000000 00:00 0 
6a31b03f3000-6a31b04f3000 rw-p 00000000 00:00 0 
6a31b04f3000-6a31b04f4000 ---p 00000000 00:00 0 
6a31b04f4000-6a31b05f4000 rw-p 00000000 00:00 0 
6a31b05f4000-6a31b05f5000 ---p 00000000 00:00 0 
6a31b05f5000-6a31b06f5000 rw-p 00000000 00:00 0 
6a31b06f5000-6a31b06f6000 ---p 00000000 00:00 0 
6a31b06f6000-6a31b07f6000 rw-p 00000000 00:00 0 
6a31b07f6000-6a31b07f7000 ---p 00000000 00:00 0 
6a31b07f7000-6a31b08f7000 rw-p 00000000 00:00 0 
6a31b08f7000-6a31b08f8000 ---p 00000000 00:00 0 
6a31b08f8000-6a31b09f8000 rw-p 00000000 00:00 0 
6a31b09f8000-6a31b09f9000 ---p 00000000 00:00 0 
6a31b09f9000-6a31b0af9000 rw-p 00000000 00:00 0 
6a31b0af9000-6a31b0afa000 ---p 00000000 00:00 0 
6a31b0afa000-6a31b0bfa000 rw-p 00000000 00:00 0 
6a31b0bfa000-6a31b0bfb000 ---p 00000000 00:00 0 
6a31b0bfb000-6a31b0cfb000 rw-p 00000000 00:00 0 
6a31b0cfb000-6a31b0cfc000 ---p 00000000 00:00 0 
6a31b0cfc000-6a31b0dfc000 rw-p 00000000 00:00 0 
6a31b0dfc000-6a31b0dfd000 ---p 00000000 00:00 0 
6a31b0dfd000-6a31b0efd000 rw-p 00000000 00:00 0 
6a31b0efd000-6a31b0efe000 ---p 00000000 00:00 0 
6a31b0efe000-6a31b0ffe000 rw-p 00000000 00:00 0 
6a31b0ffe000-6a31b0fff000 ---p 00000000 00:00 0 
6a31b0fff000-6a31b10ff000 rw-p 00000000 00:00 0 
6a31b10ff000-6a31b1100000 ---p 00000000 00:00 0 
6a31b1100000-6a31b1200000 rw-p 00000000 00:00 0 
6a31b1200000-6a31b4200000 rw-p 00000000 00:00 0 
6a31b42fb000-6a31b42fc000 ---p 00000000 00:00 0 
6a31b42fc000-6a31b43fc000 rw-p 00000000 00:00 0 
6a31b43fc000-6a31e4400000 rw-p 00000000 00:00 0 
6a31e4400000-6a31e5400000 ---p 00000000 00:00 0                          [anon:mmtk:sidemeta:all:all-quarantined]
6a31e5400000-6a31e5c00000 rw-p 00000000 00:00 0                          [anon:mmtk:sidemeta:immix:VO_BIT]
6a31e5c00000-6c31e6400000 ---p 00000000 00:00 0                          [anon:mmtk:sidemeta:all:all-quarantined]
6c31e6400000-6c31e6800000 rw-p 00000000 00:00 0                          [anon:mmtk:sidemeta:immix:CHUNK_MARK]
6c31e6800000-6c31e9400000 ---p 00000000 00:00 0                          [anon:mmtk:sidemeta:all:all-quarantined]
6c31e9400000-6c31e9c00000 rw-p 00000000 00:00 0                          [anon:mmtk:sidemeta:immix:VMGlobalLogBitSpec]
6c31e9c00000-6e39e8800000 ---p 00000000 00:00 0                          [anon:mmtk:sidemeta:all:all-quarantined]
6e39e8800000-6e39e8c00000 rw-p 00000000 00:00 0                          [anon:mmtk:sidemeta:immix:IX_LINE_MARK]
6e39e8c00000-6eb9e8400000 ---p 00000000 00:00 0                          [anon:mmtk:sidemeta:all:all-quarantined]
6eb9e8400000-6eb9e8800000 rw-p 00000000 00:00 0                          [anon:mmtk:sidemeta:immix:IX_BLOCK_DEFRAG]
6eb9e8800000-6ebae8400000 ---p 00000000 00:00 0                          [anon:mmtk:sidemeta:all:all-quarantined]
6ebae8400000-6ebae8800000 rw-p 00000000 00:00 0                          [anon:mmtk:sidemeta:immix:IX_BLOCK_MARK]
6ebae8800000-74dc68400000 ---p 00000000 00:00 0                          [anon:mmtk:sidemeta:all:all-quarantined]
74dc68400000-74dc68800000 rw-p 00000000 00:00 0                          [anon:mmtk:sidemeta:los:VMLocalLOSMarkNurserySpec]
74dc68800000-74de69400000 ---p 00000000 00:00 0                          [anon:mmtk:sidemeta:all:all-quarantined]
74de69400000-74de69c00000 rw-p 00000000 00:00 0                          [anon:mmtk:sidemeta:immix:VMLocalMarkBitSpec]
74de69c00000-76de68400000 ---p 00000000 00:00 0                          [anon:mmtk:sidemeta:all:all-quarantined]
76de6842b000-76de68430000 r--p 00000000 fc:00 49676433                   /mydata/openjdk-mmtk/build/b0test/images/jdk/lib/libjsvml.so
76de68430000-76de68471000 r-xp 00005000 fc:00 49676433                   /mydata/openjdk-mmtk/build/b0test/images/jdk/lib/libjsvml.so
76de68471000-76de684fa000 r--p 00046000 fc:00 49676433                   /mydata/openjdk-mmtk/build/b0test/images/jdk/lib/libjsvml.so
76de684fa000-76de684fb000 r--p 000ce000 fc:00 49676433                   /mydata/openjdk-mmtk/build/b0test/images/jdk/lib/libjsvml.so
76de684fb000-76de684fc000 rw-p 000cf000 fc:00 49676433                   /mydata/openjdk-mmtk/build/b0test/images/jdk/lib/libjsvml.so
76de684fc000-76de684fd000 ---p 00000000 00:00 0 
76de684fd000-76de685fd000 rw-p 00000000 00:00 0 
76de685fd000-76de685fe000 ---p 00000000 00:00 0 
76de685fe000-76de686fe000 rw-p 00000000 00:00 0 
76de686fe000-76de686ff000 ---p 00000000 00:00 0 
76de686ff000-76de687ff000 rw-p 00000000 00:00 0 
76de687ff000-76de88800000 rw-p 00000000 00:00 0 
76de88800000-76de88d40000 rwxp 00000000 00:00 0 
76de88d40000-76de8fc17000 ---p 00000000 00:00 0 
76de8fc17000-76de8ffa7000 rwxp 00000000 00:00 0 
76de8ffa7000-76de903e8000 ---p 00000000 00:00 0 
76de903e8000-76de90658000 rwxp 00000000 00:00 0 
76de90658000-76de97800000 ---p 00000000 00:00 0 
76de97800000-76de9ffa0000 r--s 00000000 fc:00 49676300                   /mydata/openjdk-mmtk/build/b0test/images/jdk/lib/modules
76dea0000000-76dea07e7000 rw-p 00000000 00:00 0 
76dea07e7000-76dea4004000 ---p 00000000 00:00 0 
76dea4004000-76dea4100000 rw-p 00000000 00:00 0 
76dea4100000-76dea4104000 ---p 00000000 00:00 0 
76dea4104000-76dea4200000 rw-p 00000000 00:00 0 
76dea4200000-76dea44eb000 r--p 00000000 08:03 1410552                    /usr/lib/locale/locale-archive
76dea44f8000-76dea451f000 r--s 00000000 fc:00 7871850                    /mydata/dacapo/dacapo-23.11/dacapo-23.11-MR2-chopin/dat/lusearch/index-default/_3.fdt
76dea451f000-76dea4542000 r--s 00000000 fc:00 7871858                    /mydata/dacapo/dacapo-23.11/dacapo-23.11-MR2-chopin/dat/lusearch/index-default/_3_Lucene90_0.tip
76dea4542000-76dea4546000 ---p 00000000 00:00 0 
76dea4546000-76dea4642000 rw-p 00000000 00:00 0 
76dea4642000-76dea4643000 ---p 00000000 00:00 0 
76dea4643000-76dea4743000 rw-p 00000000 00:00 0 
76dea4743000-76dea4744000 ---p 00000000 00:00 0 
76dea4744000-76dea4844000 rw-p 00000000 00:00 0 
76dea4844000-76dea4845000 ---p 00000000 00:00 0 
76dea4845000-76dea4945000 rw-p 00000000 00:00 0 
76dea4945000-76dea4f46000 rw-p 00000000 00:00 0 
76dea4f46000-76dea4f4a000 r--p 00000000 08:03 1410107                    /usr/lib/x86_64-linux-gnu/libzstd.so.1.5.5
76dea4f4a000-76dea4ff1000 r-xp 00004000 08:03 1410107                    /usr/lib/x86_64-linux-gnu/libzstd.so.1.5.5
76dea4ff1000-76dea4ffe000 r--p 000ab000 08:03 1410107                    /usr/lib/x86_64-linux-gnu/libzstd.so.1.5.5
76dea4ffe000-76dea4fff000 r--p 000b7000 08:03 1410107                    /usr/lib/x86_64-linux-gnu/libzstd.so.1.5.5
76dea4fff000-76dea5000000 rw-p 000b8000 08:03 1410107                    /usr/lib/x86_64-linux-gnu/libzstd.so.1.5.5
76dea5000000-76dea500c000 r--p 00000000 fc:00 13107796                   /mydata/gc-bpf-fault/shim/libgcbpf.so
76dea500c000-76dea506e000 r-xp 0000c000 fc:00 13107796                   /mydata/gc-bpf-fault/shim/libgcbpf.so
76dea506e000-76dea52de000 r--p 0006e000 fc:00 13107796                   /mydata/gc-bpf-fault/shim/libgcbpf.so
76dea52de000-76dea52e0000 r--p 002de000 fc:00 13107796                   /mydata/gc-bpf-fault/shim/libgcbpf.so
76dea52e0000-76dea52e1000 rw-p 002e0000 fc:00 13107796                   /mydata/gc-bpf-fault/shim/libgcbpf.so
76dea52e1000-76dea52e2000 rw-p 00000000 00:00 0 
76dea52ef000-76dea52f6000 r--s 00000000 08:03 1436340                    /usr/lib/x86_64-linux-gnu/gconv/gconv-modules.cache
76dea52f6000-76dea52f8000 r--p 00000000 fc:00 49676380                   /mydata/openjdk-mmtk/build/b0test/images/jdk/lib/libzip.so
76dea52f8000-76dea52fd000 r-xp 00002000 fc:00 49676380                   /mydata/openjdk-mmtk/build/b0test/images/jdk/lib/libzip.so
76dea52fd000-76dea52ff000 r--p 00007000 fc:00 49676380                   /mydata/openjdk-mmtk/build/b0test/images/jdk/lib/libzip.so
76dea52ff000-76dea5300000 r--p 00008000 fc:00 49676380                   /mydata/openjdk-mmtk/build/b0test/images/jdk/lib/libzip.so
76dea5300000-76dea5301000 rw-p 00009000 fc:00 49676380                   /mydata/openjdk-mmtk/build/b0test/images/jdk/lib/libzip.so
76dea5301000-76dea5308000 r--p 00000000 fc:00 49676377                   /mydata/openjdk-mmtk/build/b0test/images/jdk/lib/libnio.so
76dea5308000-76dea5311000 r-xp 00007000 fc:00 49676377                   /mydata/openjdk-mmtk/build/b0test/images/jdk/lib/libnio.so
76dea5311000-76dea5315000 r--p 00010000 fc:00 49676377                   /mydata/openjdk-mmtk/build/b0test/images/jdk/lib/libnio.so
76dea5315000-76dea5316000 r--p 00014000 fc:00 49676377                   /mydata/openjdk-mmtk/build/b0test/images/jdk/lib/libnio.so
76dea5316000-76dea5317000 rw-p 00015000 fc:00 49676377                   /mydata/openjdk-mmtk/build/b0test/images/jdk/lib/libnio.so
76dea5317000-76dea531c000 rw-p 00000000 00:00 0 
76dea531c000-76dea5400000 ---p 00000000 00:00 0 
76dea5400000-76dea5548000 r--p 00000000 fc:00 49676390                   /mydata/openjdk-mmtk/build/b0test/images/jdk/lib/server/libmmtk_openjdk.so
76dea5548000-76dea57c8000 r-xp 00147000 fc:00 49676390                   /mydata/openjdk-mmtk/build/b0test/images/jdk/lib/server/libmmtk_openjdk.so
76dea57c8000-76dea5809000 r--p 003c6000 fc:00 49676390                   /mydata/openjdk-mmtk/build/b0test/images/jdk/lib/server/libmmtk_openjdk.so
76dea5809000-76dea580b000 rw-p 00406000 fc:00 49676390                   /mydata/openjdk-mmtk/build/b0test/images/jdk/lib/server/libmmtk_openjdk.so
76dea580b000-76dea580e000 rw-p 00000000 00:00 0 
76dea580f000-76dea5811000 r--p 00000000 fc:00 49676482                   /mydata/openjdk-mmtk/build/b0test/images/jdk/lib/libmanagement_ext.so
76dea5811000-76dea5814000 r-xp 00002000 fc:00 49676482                   /mydata/openjdk-mmtk/build/b0test/images/jdk/lib/libmanagement_ext.so
76dea5814000-76dea5815000 r--p 00005000 fc:00 49676482                   /mydata/openjdk-mmtk/build/b0test/images/jdk/lib/libmanagement_ext.so
76dea5815000-76dea5816000 r--p 00006000 fc:00 49676482                   /mydata/openjdk-mmtk/build/b0test/images/jdk/lib/libmanagement_ext.so
76dea5816000-76dea5817000 rw-p 00007000 fc:00 49676482                   /mydata/openjdk-mmtk/build/b0test/images/jdk/lib/libmanagement_ext.so
76dea5817000-76dea5822000 rw-p 00000000 00:00 0 
76dea5822000-76dea5900000 ---p 00000000 00:00 0 
76dea5900000-76dea5904000 ---p 00000000 00:00 0 
76dea5904000-76dea5a00000 rw-p 00000000 00:00 0 
76dea5a00000-76dea5ca9000 r--p 00000000 fc:00 49676389                   /mydata/openjdk-mmtk/build/b0test/images/jdk/lib/server/libjvm.so
76dea5ca9000-76dea6b3c000 r-xp 002a9000 fc:00 49676389                   /mydata/openjdk-mmtk/build/b0test/images/jdk/lib/server/libjvm.so
76dea6b3c000-76dea6e20000 r--p 0113c000 fc:00 49676389                   /mydata/openjdk-mmtk/build/b0test/images/jdk/lib/server/libjvm.so
76dea6e20000-76dea6ef6000 r--p 0141f000 fc:00 49676389                   /mydata/openjdk-mmtk/build/b0test/images/jdk/lib/server/libjvm.so
76dea6ef6000-76dea6f26000 rw-p 014f5000 fc:00 49676389                   /mydata/openjdk-mmtk/build/b0test/images/jdk/lib/server/libjvm.so
76dea6f26000-76dea6f8c000 rw-p 00000000 00:00 0 
76dea6f8c000-76dea6f8f000 r--p 00000000 fc:00 49676376                   /mydata/openjdk-mmtk/build/b0test/images/jdk/lib/libnet.so
76dea6f8f000-76dea6f97000 r-xp 00003000 fc:00 49676376                   /mydata/openjdk-mmtk/build/b0test/images/jdk/lib/libnet.so
76dea6f97000-76dea6f99000 r--p 0000b000 fc:00 49676376                   /mydata/openjdk-mmtk/build/b0test/images/jdk/lib/libnet.so
76dea6f99000-76dea6f9a000 r--p 0000c000 fc:00 49676376                   /mydata/openjdk-mmtk/build/b0test/images/jdk/lib/libnet.so
76dea6f9a000-76dea6f9b000 rw-p 0000d000 fc:00 49676376                   /mydata/openjdk-mmtk/build/b0test/images/jdk/lib/libnet.so
76dea6f9b000-76dea6f9e000 r--p 00000000 08:03 1410420                    /usr/lib/x86_64-linux-gnu/libelf-0.190.so
76dea6f9e000-76dea6fb4000 r-xp 00003000 08:03 1410420                    /usr/lib/x86_64-linux-gnu/libelf-0.190.so
76dea6fb4000-76dea6fb8000 r--p 00019000 08:03 1410420                    /usr/lib/x86_64-linux-gnu/libelf-0.190.so
76dea6fb8000-76dea6fb9000 r--p 0001c000 08:03 1410420                    /usr/lib/x86_64-linux-gnu/libelf-0.190.so
76dea6fb9000-76dea6fba000 rw-p 0001d000 08:03 1410420                    /usr/lib/x86_64-linux-gnu/libelf-0.190.so
76dea6fbe000-76dea6fc0000 r--p 00000000 fc:00 49676410                   /mydata/openjdk-mmtk/build/b0test/images/jdk/lib/libmanagement.so
76dea6fc0000-76dea6fc1000 r-xp 00002000 fc:00 49676410                   /mydata/openjdk-mmtk/build/b0test/images/jdk/lib/libmanagement.so
76dea6fc1000-76dea6fc2000 r--p 00003000 fc:00 49676410                   /mydata/openjdk-mmtk/build/b0test/images/jdk/lib/libmanagement.so
76dea6fc2000-76dea6fc3000 r--p 00003000 fc:00 49676410                   /mydata/openjdk-mmtk/build/b0test/images/jdk/lib/libmanagement.so
76dea6fc3000-76dea6fc4000 rw-p 00004000 fc:00 49676410                   /mydata/openjdk-mmtk/build/b0test/images/jdk/lib/libmanagement.so
76dea6fc4000-76dea6fcc000 rw-p 00000000 00:00 0 
76dea6fcc000-76dea6fd4000 ---p 00000000 00:00 0 
76dea6fd4000-76dea6fe1000 r--p 00000000 fc:00 49676369                   /mydata/openjdk-mmtk/build/b0test/images/jdk/lib/libjava.so
76dea6fe1000-76dea6ff0000 r-xp 0000d000 fc:00 49676369                   /mydata/openjdk-mmtk/build/b0test/images/jdk/lib/libjava.so
76dea6ff0000-76dea6ff5000 r--p 0001c000 fc:00 49676369                   /mydata/openjdk-mmtk/build/b0test/images/jdk/lib/libjava.so
76dea6ff5000-76dea6ff6000 r--p 00021000 fc:00 49676369                   /mydata/openjdk-mmtk/build/b0test/images/jdk/lib/libjava.so
76dea6ff6000-76dea6ff7000 rw-p 00022000 fc:00 49676369                   /mydata/openjdk-mmtk/build/b0test/images/jdk/lib/libjava.so
76dea6ff7000-76dea6ff8000 rw-p 00000000 00:00 0 
76dea6ff8000-76dea7000000 rw-s 00000000 08:03 237600                     /tmp/hsperfdata_root/460455
76dea7000000-76dea7028000 r--p 00000000 08:03 1410238                    /usr/lib/x86_64-linux-gnu/libc.so.6
76dea7028000-76dea71b0000 r-xp 00028000 08:03 1410238                    /usr/lib/x86_64-linux-gnu/libc.so.6
76dea71b0000-76dea71ff000 r--p 001b0000 08:03 1410238                    /usr/lib/x86_64-linux-gnu/libc.so.6
76dea71ff000-76dea7203000 r--p 001fe000 08:03 1410238                    /usr/lib/x86_64-linux-gnu/libc.so.6
76dea7203000-76dea7205000 rw-p 00202000 08:03 1410238                    /usr/lib/x86_64-linux-gnu/libc.so.6
76dea7205000-76dea7212000 rw-p 00000000 00:00 0 
76dea7217000-76dea721b000 r--p 00000000 fc:00 49676370                   /mydata/openjdk-mmtk/build/b0test/images/jdk/lib/libjimage.so
76dea721b000-76dea7232000 r-xp 00004000 fc:00 49676370                   /mydata/openjdk-mmtk/build/b0test/images/jdk/lib/libjimage.so
76dea7232000-76dea7237000 r--p 0001b000 fc:00 49676370                   /mydata/openjdk-mmtk/build/b0test/images/jdk/lib/libjimage.so
76dea7237000-76dea7239000 r--p 00020000 fc:00 49676370                   /mydata/openjdk-mmtk/build/b0test/images/jdk/lib/libjimage.so
76dea7239000-76dea723a000 rw-p 00022000 fc:00 49676370                   /mydata/openjdk-mmtk/build/b0test/images/jdk/lib/libjimage.so
76dea723a000-76dea723e000 r--p 00000000 08:03 1410148                    /usr/lib/x86_64-linux-gnu/libgcc_s.so.1
76dea723e000-76dea7262000 r-xp 00004000 08:03 1410148                    /usr/lib/x86_64-linux-gnu/libgcc_s.so.1
76dea7262000-76dea7266000 r--p 00028000 08:03 1410148                    /usr/lib/x86_64-linux-gnu/libgcc_s.so.1
76dea7266000-76dea7267000 r--p 0002b000 08:03 1410148                    /usr/lib/x86_64-linux-gnu/libgcc_s.so.1
76dea7267000-76dea7268000 rw-p 0002c000 08:03 1410148                    /usr/lib/x86_64-linux-gnu/libgcc_s.so.1
76dea7268000-76dea7278000 r--p 00000000 08:03 1411099                    /usr/lib/x86_64-linux-gnu/libm.so.6
76dea7278000-76dea72f7000 r-xp 00010000 08:03 1411099                    /usr/lib/x86_64-linux-gnu/libm.so.6
76dea72f7000-76dea734f000 r--p 0008f000 08:03 1411099                    /usr/lib/x86_64-linux-gnu/libm.so.6
76dea734f000-76dea7350000 r--p 000e7000 08:03 1411099                    /usr/lib/x86_64-linux-gnu/libm.so.6
76dea7350000-76dea7351000 rw-p 000e8000 08:03 1411099                    /usr/lib/x86_64-linux-gnu/libm.so.6
76dea7351000-76dea7353000 rw-p 00000000 00:00 0 
76dea7353000-76dea7355000 r--p 00000000 08:03 1409104                    /usr/lib/x86_64-linux-gnu/libz.so.1.3
76dea7355000-76dea7367000 r-xp 00002000 08:03 1409104                    /usr/lib/x86_64-linux-gnu/libz.so.1.3
76dea7367000-76dea736d000 r--p 00014000 08:03 1409104                    /usr/lib/x86_64-linux-gnu/libz.so.1.3
76dea736d000-76dea736e000 r--p 0001a000 08:03 1409104                    /usr/lib/x86_64-linux-gnu/libz.so.1.3
76dea736e000-76dea736f000 rw-p 0001b000 08:03 1409104                    /usr/lib/x86_64-linux-gnu/libz.so.1.3
76dea7370000-76dea7371000 r--s 00000000 fc:00 7871851                    /mydata/dacapo/dacapo-23.11/dacapo-23.11-MR2-chopin/dat/lusearch/index-default/_3.fdx
76dea7372000-76dea7374000 r--s 00000000 fc:00 7871853                    /mydata/dacapo/dacapo-23.11/dacapo-23.11-MR2-chopin/dat/lusearch/index-default/_3.nvd
76dea7374000-76dea7375000 rw-s 00000000 00:10 68                         anon_inode:bpf-map
76dea7375000-76dea7376000 r--s 00000000 00:10 68                         anon_inode:bpf-map
76dea7376000-76dea7377000 ---p 00000000 00:00 0 
76dea7377000-76dea7378000 r--p 00000000 00:00 0 
76dea7378000-76dea7379000 ---p 00000000 00:00 0 
76dea7379000-76dea737b000 r--p 00000000 fc:00 49676372                   /mydata/openjdk-mmtk/build/b0test/images/jdk/lib/libjli.so
76dea737b000-76dea7385000 r-xp 00002000 fc:00 49676372                   /mydata/openjdk-mmtk/build/b0test/images/jdk/lib/libjli.so
76dea7385000-76dea7388000 r--p 0000c000 fc:00 49676372                   /mydata/openjdk-mmtk/build/b0test/images/jdk/lib/libjli.so
76dea7388000-76dea7389000 r--p 0000f000 fc:00 49676372                   /mydata/openjdk-mmtk/build/b0test/images/jdk/lib/libjli.so
76dea7389000-76dea738a000 rw-p 00010000 fc:00 49676372                   /mydata/openjdk-mmtk/build/b0test/images/jdk/lib/libjli.so
76dea738a000-76dea738c000 rw-p 00000000 00:00 0 
76dea738c000-76dea7390000 r--p 00000000 00:00 0                          [vvar]
76dea7390000-76dea7392000 r--p 00000000 00:00 0                          [vvar_vclock]
76dea7392000-76dea7394000 r-xp 00000000 00:00 0                          [vdso]
76dea7394000-76dea7395000 r--p 00000000 08:03 1409763                    /usr/lib/x86_64-linux-gnu/ld-linux-x86-64.so.2
76dea7395000-76dea73c0000 r-xp 00001000 08:03 1409763                    /usr/lib/x86_64-linux-gnu/ld-linux-x86-64.so.2
76dea73c0000-76dea73ca000 r--p 0002c000 08:03 1409763                    /usr/lib/x86_64-linux-gnu/ld-linux-x86-64.so.2
76dea73ca000-76dea73cc000 r--p 00036000 08:03 1409763                    /usr/lib/x86_64-linux-gnu/ld-linux-x86-64.so.2
76dea73cc000-76dea73ce000 rw-p 00038000 08:03 1409763                    /usr/lib/x86_64-linux-gnu/ld-linux-x86-64.so.2
7fff89ad9000-7fff89afa000 rw-p 00000000 00:00 0                          [stack]
ffffffffff600000-ffffffffff601000 --xp 00000000 00:00 0                  [vsyscall]
Total number of mappings: 508

JVMTI agents: none


VM Arguments:
jvm_args: -XX:+UseThirdPartyHeap -Xms512m -Xmx512m 
java_command: /mydata/dacapo/dacapo-23.11/dacapo-23.11-MR2-chopin.jar lusearch -n 3
java_class_path (initial): /mydata/dacapo/dacapo-23.11/dacapo-23.11-MR2-chopin.jar
Launcher Type: SUN_STANDARD

[Global flags]
     intx CICompilerCount                          = 15                                        {product} {ergonomic}
   size_t InitialHeapSize                          = 536870912                                 {product} {command line}
   size_t MaxHeapSize                              = 536870912                                 {product} {command line}
   size_t MinHeapDeltaBytes                        = 524288                                    {product} {ergonomic}
   size_t MinHeapSize                              = 536870912                                 {product} {command line}
    uintx NonNMethodCodeHeapSize                   = 8192380                                {pd product} {ergonomic}
    uintx NonProfiledCodeHeapSize                  = 121732930                              {pd product} {ergonomic}
    uintx ProfiledCodeHeapSize                     = 121732930                              {pd product} {ergonomic}
    uintx ReservedCodeCacheSize                    = 251658240                              {pd product} {ergonomic}
     bool SegmentedCodeCache                       = true                                      {product} {ergonomic}
   size_t SoftMaxHeapSize                          = 536870912                              {manageable} {ergonomic}
     bool UseCompressedOops                        = true                           {product lp64_product} {ergonomic}

Logging:
Log output configuration:
 #0: stdout all=warning uptime,level,tags foldmultilines=false
 #1: stderr all=off uptime,level,tags foldmultilines=false

Release file:
IMPLEMENTOR="N/A"
JAVA_RUNTIME_VERSION="21.0.9-internal-adhoc.talzuss.openjdk-mmtk"
JAVA_VERSION="21.0.9"
JAVA_VERSION_DATE="2025-10-21"
LIBC="gnu"
MODULES="java.base java.compiler java.datatransfer java.xml java.prefs java.desktop java.instrument java.logging java.management java.security.sasl java.naming java.rmi java.management.rmi java.net.http java.scripting java.security.jgss java.transaction.xa java.sql java.sql.rowset java.xml.crypto java.se java.smartcardio jdk.accessibility jdk.internal.jvmstat jdk.attach jdk.charsets jdk.internal.opt jdk.zipfs jdk.compiler jdk.crypto.ec jdk.crypto.cryptoki jdk.dynalink jdk.internal.ed jdk.editpad jdk.hotspot.agent jdk.httpserver jdk.incubator.vector jdk.internal.le jdk.internal.vm.ci jdk.internal.vm.compiler jdk.internal.vm.compiler.management jdk.jartool jdk.javadoc jdk.jcmd jdk.management jdk.management.agent jdk.jconsole jdk.jdeps jdk.jdwp.agent jdk.jdi jdk.jfr jdk.jlink jdk.jpackage jdk.jshell jdk.jsobject jdk.jstatd jdk.localedata jdk.management.jfr jdk.naming.dns jdk.naming.rmi jdk.net jdk.nio.mapmode jdk.random jdk.sctp jdk.security.auth jdk.security.jgss jdk.unsupported jdk.unsupported.desktop jdk.xml.dom"
OS_ARCH="x86_64"
OS_NAME="Linux"
SOURCE=".:git:b557520f04b3+"

Environment Variables:
PATH=/usr/local/sbin:/usr/local/bin:/usr/sbin:/usr/bin:/sbin:/bin:/snap/bin
SHELL=/bin/bash
LANG=en_US.UTF-8
TERM=tmux-256color

Active Locale:
LC_ALL=en_US.UTF-8
LC_COLLATE=en_US.UTF-8
LC_CTYPE=en_US.UTF-8
LC_MESSAGES=en_US.UTF-8
LC_MONETARY=en_US.UTF-8
LC_NUMERIC=en_US.UTF-8
LC_TIME=en_US.UTF-8

Signal Handlers:
   SIGSEGV: crash_handler in libjvm.so, mask=11100100010111111101111111111110, flags=SA_RESTART|SA_SIGINFO, unblocked
    SIGBUS: crash_handler in libjvm.so, mask=11100100010111111101111111111110, flags=SA_RESTART|SA_SIGINFO, unblocked
    SIGFPE: crash_handler in libjvm.so, mask=11100100010111111101111111111110, flags=SA_RESTART|SA_SIGINFO, unblocked
   SIGPIPE: javaSignalHandler in libjvm.so, mask=11100100010111111101111111111110, flags=SA_RESTART|SA_SIGINFO, blocked
   SIGXFSZ: javaSignalHandler in libjvm.so, mask=11100100010111111101111111111110, flags=SA_RESTART|SA_SIGINFO, blocked
    SIGILL: crash_handler in libjvm.so, mask=11100100010111111101111111111110, flags=SA_RESTART|SA_SIGINFO, unblocked
   SIGUSR2: SR_handler in libjvm.so, mask=00000000000000000000000000000000, flags=SA_RESTART|SA_SIGINFO, blocked
    SIGHUP: UserHandler in libjvm.so, mask=11100100010111111101111111111110, flags=SA_RESTART|SA_SIGINFO, blocked
    SIGINT: UserHandler in libjvm.so, mask=11100100010111111101111111111110, flags=SA_RESTART|SA_SIGINFO, blocked
   SIGTERM: UserHandler in libjvm.so, mask=11100100010111111101111111111110, flags=SA_RESTART|SA_SIGINFO, blocked
   SIGQUIT: UserHandler in libjvm.so, mask=11100100010111111101111111111110, flags=SA_RESTART|SA_SIGINFO, blocked
   SIGTRAP: crash_handler in libjvm.so, mask=11100100010111111101111111111110, flags=SA_RESTART|SA_SIGINFO, unblocked


Periodic native trim disabled

---------------  S Y S T E M  ---------------

OS:
DISTRIB_ID=Ubuntu
DISTRIB_RELEASE=24.04
DISTRIB_CODENAME=noble
DISTRIB_DESCRIPTION="Ubuntu 24.04.4 LTS"
uname: Linux 6.17.0-bpf-fault+ #1 SMP PREEMPT_DYNAMIC Mon Jul  6 16:43:12 MDT 2026 x86_64
OS uptime: 1 days 3:20 hours
libc: glibc 2.39 NPTL 2.39 
rlimit (soft/hard): STACK 8192k/infinity , CORE 0k/0k , NPROC 513205/513205 , NOFILE 1048576/1048576 , AS infinity/infinity , CPU infinity/infinity , DATA infinity/infinity , FSIZE infinity/infinity , MEMLOCK 16436528k/16436528k
load average: 1.36 1.65 1.43

/proc/meminfo:
MemTotal:       131492232 kB
MemFree:        64723848 kB
MemAvailable:   111990172 kB
Buffers:          570760 kB
Cached:         45952948 kB
SwapCached:            0 kB
Active:          4391328 kB
Inactive:       45700808 kB
Active(anon):    3584860 kB
Inactive(anon):        0 kB
Active(file):     806468 kB
Inactive(file): 45700808 kB
Unevictable:       41912 kB
Mlocked:           38840 kB
SwapTotal:       8388604 kB
SwapFree:        8388604 kB
Zswap:                 0 kB
Zswapped:              0 kB
Dirty:              2560 kB
Writeback:             0 kB
AnonPages:       3612424 kB
Mapped:         12912536 kB
Shmem:              5316 kB
KReclaimable:    2010732 kB
Slab:            2553336 kB
SReclaimable:    2010732 kB
SUnreclaim:       542604 kB
KernelStack:       12928 kB
PageTables:        72668 kB
SecPageTables:      9532 kB
NFS_Unstable:          0 kB
Bounce:                0 kB
WritebackTmp:          0 kB
CommitLimit:    74134720 kB
Committed_AS:   165061348 kB
VmallocTotal:   34359738367 kB
VmallocUsed:       38908 kB
VmallocChunk:          0 kB
Percpu:            51072 kB
HardwareCorrupted:     0 kB
AnonHugePages:         0 kB
ShmemHugePages:        0 kB
ShmemPmdMapped:        0 kB
FileHugePages:   2177024 kB
FilePmdMapped:         0 kB
Unaccepted:            0 kB
Balloon:               0 kB
HugePages_Total:       0
HugePages_Free:        0
HugePages_Rsvd:        0
HugePages_Surp:        0
Hugepagesize:       2048 kB
Hugetlb:               0 kB
DirectMap4k:     1166144 kB
DirectMap2M:    30926848 kB
DirectMap1G:    101711872 kB

/sys/kernel/mm/transparent_hugepage/enabled: always [madvise] never
/sys/kernel/mm/transparent_hugepage/hpage_pmd_size: 2097152
/sys/kernel/mm/transparent_hugepage/defrag (defrag/compaction efforts parameter): always defer defer+madvise [madvise] never

Process Memory:
Virtual Size: 13620330212K (peak: 13620330212K)
Resident Set Size: 4184972K (peak: 4184972K) (anon: 1003556K, file: 3181416K, shmem: 0K)
Swapped out: 0K
C-Heap outstanding allocations: 1378350K, retained: 16217K
glibc malloc tunables: (default)

/proc/sys/kernel/threads-max (system-wide limit on the number of threads): 1026411
/proc/sys/vm/max_map_count (maximum number of memory map areas a process may have): 1048576
/proc/sys/vm/swappiness (control to define how aggressively the kernel swaps out anonymous memory): 60
/proc/sys/kernel/pid_max (system-wide limit on number of process identifiers): 4194304

container information not found.
Steal ticks since vm start: 0
Steal ticks percentage since vm start:  0.000

CPU: total 32 (initial active 32) (32 cores per cpu, 2 threads per core) family 23 model 49 stepping 0 microcode 0x830107c, cx8, cmov, fxsr, ht, mmx, 3dnowpref, sse, sse2, sse3, ssse3, sse4a, sse4.1, sse4.2, popcnt, lzcnt, tsc, tscinvbit, avx, avx2, aes, clmul, bmi1, bmi2, adx, sha, fma, vzeroupper, clflush, clflushopt, rdtscp, rdpid, f16c
CPU Model and flags from /proc/cpuinfo:
model name	: AMD EPYC 7302P 16-Core Processor
flags		: fpu vme de pse tsc msr pae mce cx8 apic sep mtrr pge mca cmov pat pse36 clflush mmx fxsr sse sse2 ht syscall nx mmxext fxsr_opt pdpe1gb rdtscp lm constant_tsc rep_good nopl xtopology nonstop_tsc cpuid extd_apicid aperfmperf rapl pni pclmulqdq monitor ssse3 fma cx16 sse4_1 sse4_2 movbe popcnt aes xsave avx f16c rdrand lahf_lm cmp_legacy svm extapic cr8_legacy abm sse4a misalignsse 3dnowprefetch osvw ibs skinit wdt tce topoext perfctr_core perfctr_nb bpext perfctr_llc mwaitx cpb cat_l3 cdp_l3 hw_pstate ssbd mba ibrs ibpb stibp vmmcall fsgsbase bmi1 avx2 smep bmi2 cqm rdt_a rdseed adx smap clflushopt clwb sha_ni xsaveopt xsavec xgetbv1 xsaves cqm_llc cqm_occup_llc cqm_mbm_total cqm_mbm_local clzero irperf xsaveerptr rdpru wbnoinvd amd_ppin arat npt lbrv svm_lock nrip_save tsc_scale vmcb_clean flushbyasid decodeassists pausefilter pfthreshold avic v_vmsave_vmload vgif v_spec_ctrl umip rdpid overflow_recov succor smca sev sev_es

Online cpus: 0-31
Offline cpus: 
BIOS frequency limitation: <Not Available>
Frequency switch latency (ns): <Not Available>
Available cpu frequencies: <Not Available>
Current governor: <Not Available>
Core performance/turbo boost: <Not Available>

Memory: 4k page, physical 131492232k(111990172k free), swap 8388604k(8388604k free)
Page Sizes: 4k

vm_info: OpenJDK 64-Bit Server VM (21.0.9-internal-adhoc.talzuss.openjdk-mmtk) for linux-amd64 JRE (21.0.9-internal-adhoc.talzuss.openjdk-mmtk), built on 2026-07-06T23:13:08Z by "talzuss" with gcc 13.3.0
heap_info: MMTk OpenJDK 0.32.0 (f59b93a-dirty), using MMTk 0.32.0 (3ecdf08-dirty, BUILTIN_ENV_LOGGER, DEFAULT, EAGER_SWEEPING, VO_BIT)B

END.
