#
# A fatal error has been detected by the Java Runtime Environment:
#
#  SIGSEGV (0xb) at pc=0x00007764a529a13c, pid=449850, tid=449866
#
# JRE version: OpenJDK Runtime Environment (21.0.9) (build 21.0.9-internal-adhoc.talzuss.openjdk-mmtk)
# Java VM: OpenJDK 64-Bit Server VM (21.0.9-internal-adhoc.talzuss.openjdk-mmtk, mixed mode, sharing, tiered, compressed oops, compressed class ptrs, third-party gc, linux-amd64)
# Problematic frame:
# C  [libmmtk_openjdk.so+0x29a13c]  _$LT$mmtk..plan..concurrent..immix..gc_work..SatbFinalDrain$LT$VM$GT$$u20$as$u20$mmtk..scheduler..work..GCWork$LT$VM$GT$$GT$::do_work::h99199484dacfec84+0xeac
#
# No core dump will be written. Core dumps have been disabled. To enable core dumping, try "ulimit -c unlimited" before starting Java again
#
# If you would like to submit a bug report, please visit:
#   https://bugreport.java.com/bugreport/crash.jsp
#

---------------  S U M M A R Y ------------

Command Line: -XX:+UseThirdPartyHeap -Xms512m -Xmx512m /mydata/dacapo/dacapo-23.11/dacapo-23.11-MR2-chopin.jar xalan -n 3

Host: AMD EPYC 7302P 16-Core Processor, 32 cores, 125G, Ubuntu 24.04.4 LTS
Time: Tue Jul  7 20:05:34 2026 MDT elapsed time: 3.692399 seconds (0d 0h 0m 3s)

---------------  T H R E A D  ---------------

Current thread (0x00007764a05363e0):  NamedThread "MMTk Collector Thread" [id=449866, stack(0x00006ab7b09fd000,0x00006ab7b0afd000) (1024K)]

Stack: [0x00006ab7b09fd000,0x00006ab7b0afd000],  sp=0x00006ab7b0afb970,  free space=1018k
Native frames: (J=compiled Java code, j=interpreted, Vv=VM code, C=native code)
C  [libmmtk_openjdk.so+0x29a13c]  _$LT$mmtk..plan..concurrent..immix..gc_work..SatbFinalDrain$LT$VM$GT$$u20$as$u20$mmtk..scheduler..work..GCWork$LT$VM$GT$$GT$::do_work::h99199484dacfec84+0xeac

siginfo: si_signo: 11 (SIGSEGV), si_code: 1 (SEGV_MAPERR), si_addr: 0x000077660507be2c

Registers:
RAX=0x0000000058000000, RBX=0x00007764a53daf50, RCX=0x00007764a507be2c, RDX=0x00006ab76b000000
RSP=0x00006ab7b0afb970, RBP=0x0000000000000010, RSI=0x00006ab76b000001, RDI=0x000000004019c900
R8 =0x00006ab7340008e0, R9 =0x0000000000000007, R10=0x00006ab7380026c0, R11=0x986a8c1f748e0a6b
R12=0x00006ab7380026c0, R13=0x00007764a03dff80, R14=0x000000004019c8a0, R15=0x0000000000000010
RIP=0x00007764a529a13c, EFLAGS=0x0000000000010202, CSGSFS=0x002b000000000033, ERR=0x0000000000000004
  TRAPNO=0x000000000000000e

XMM[0]=0x0000000000000300 0x0000000000000080
XMM[1]=0xffffffffffffffff 0x0000000000000001
XMM[2]=0x000000ffff0000ff 0x00ff00ffff00ffff
XMM[3]=0x0000000000000000 0x0000000000000000
XMM[4]=0x0000000000000000 0x00006ab738000090
XMM[5]=0x0000000057978920 0x0000000057978900
XMM[6]=0x00000000579788a0 0x0000000057978880
XMM[7]=0x0000000057978820 0x0000000057978800
XMM[8]=0x0000000057978760 0x0000000057978720
XMM[9]=0x0000000000000000 0x0000000000000000
XMM[10]=0x3f3f3f3f3f3f3f3f 0x3f3f3f3f3f3f3f3f
XMM[11]=0x9999999999999999 0x9999999999999999
XMM[12]=0x2020202020202020 0x2020202020202020
XMM[13]=0x0000000000000000 0x0000000000000000
XMM[14]=0x0000000000000000 0x0000000000000000
XMM[15]=0x0000000000000000 0x0000000000000000
  MXCSR=0x00001fa2


Register to memory mapping:

RAX=
[error occurred during error reporting (printing register info), id 0xe0000000, Internal Error (/mydata/mmtk-openjdk/openjdk/share/mmtkHeap.cpp:444)]
RBX=
[error occurred during error reporting (printing register info, attempt 2), id 0xe0000000, Internal Error (/mydata/mmtk-openjdk/openjdk/share/mmtkHeap.cpp:444)]
RCX=
[error occurred during error reporting (printing register info, attempt 3), id 0xe0000000, Internal Error (/mydata/mmtk-openjdk/openjdk/share/mmtkHeap.cpp:444)]
Top of Stack: (sp=0x00006ab7b0afb970)
0x00006ab7b0afb970:   0000000000000001 0000000056749b18
0x00006ab7b0afb980:   0000000000000000 0000000000000008
0x00006ab7b0afb990:   0000000000000000 0000000000000004
0x00006ab7b0afb9a0:   00007764a53daf50 00006ab7b0afb9f0
0x00006ab7b0afb9b0:   00006ab7b0afb9d8 00007764a03e02c0
0x00006ab7b0afb9c0:   0000000000000000 000000000000003d
0x00006ab7b0afb9d0:   0000000000000001 00007764a5408904
0x00006ab7b0afb9e0:   00006ab738003a30 00000000000001ab
0x00006ab7b0afb9f0:   000000004019c8a0 0000000000000000
0x00006ab7b0afba00:   00007764a0046240 00007764a03e02c0
0x00006ab7b0afba10:   0000000000000000 00007764a52af72e
0x00006ab7b0afba20:   00007764a03dff80 00006ab7b0afb9d8
0x00006ab7b0afba30:   8000000000000000 00006ab76b37bb18
0x00006ab7b0afba40:   0000000000008000 00006ab738011cc0
0x00006ab7b0afba50:   0000000000000701 00006ab7b0afb9f0
0x00006ab7b0afba60:   8000000000000000 00006ab7b0afb9a0
0x00006ab7b0afba70:   0000000000000800 00006ab738009c20
0x00006ab7b0afba80:   0000000000000406 0000000000040000
0x00006ab7b0afba90:   00006ab738011cc0 000000000003a68f
0x00006ab7b0afbaa0:   0000000000020000 00006ab738211cd0
0x00006ab7b0afbab0:   0000000000017b2e 00007764a5408920
0x00006ab7b0afbac0:   00006ab7b0afb9d8 00006ab7b0afb980
0x00006ab7b0afbad0:   00007764a006d200 00007764a0046210
0x00006ab7b0afbae0:   00007764a006ce80 0000000000000001
0x00006ab7b0afbaf0:   00007764a53ca508 0000000000000009
0x00006ab7b0afbb00:   0000000000000000 00007764a52aaa2d
0x00006ab7b0afbb10:   00006ab7ffffffff 00006ab7b0afbb60
0x00006ab7b0afbb20:   00007764a052c7f0 00007764a0046220
0x00006ab7b0afbb30:   00007764a006d200 00007764a052c950
0x00006ab7b0afbb40:   00007764a006cf00 0000776400000000
0x00006ab7b0afbb50:   8000000000000000 00007764a6cec96d
0x00006ab7b0afbb60:   00007764a03e0540 0003000300030001 

Instructions: (pc=0x00007764a529a13c)
0x00007764a529a03c:   24 30 31 ed 48 8d 74 24 30 e8 16 1d ec ff 31 ed
0x00007764a529a04c:   eb 03 40 b5 01 4c 8b 64 24 10 4c 8b 74 24 18 48
0x00007764a529a05c:   8b 5c 24 20 48 c1 e3 03 45 31 ed 4c 8d bc 24 d0
0x00007764a529a06c:   00 00 00 90 4c 39 eb 74 1a 4b 8b 14 2e 49 83 c5
0x00007764a529a07c:   08 48 8b bc 24 b0 00 00 00 4c 89 fe e8 83 70 05
0x00007764a529a08c:   00 eb e1 4d 85 e4 74 09 4c 89 f7 ff 15 63 cc 16
0x00007764a529a09c:   00 40 84 ed 4c 8b ac 24 b0 00 00 00 74 13 48 83
0x00007764a529a0ac:   7c 24 68 00 74 0b 48 8b 7c 24 70 ff 15 43 cc 16
0x00007764a529a0bc:   00 48 8b 84 24 e0 00 00 00 48 85 c0 0f 84 cc 0c
0x00007764a529a0cc:   00 00 48 8d 4c 24 30 48 89 8c 24 f8 00 00 00 0f
0x00007764a529a0dc:   1f 44 00 00 48 8d 48 ff 48 89 8c 24 e0 00 00 00
0x00007764a529a0ec:   48 8b 8c 24 d8 00 00 00 48 8b 44 c1 f8 48 c7 44
0x00007764a529a0fc:   24 10 00 00 00 00 48 c7 44 24 18 08 00 00 00 48
0x00007764a529a10c:   c7 44 24 20 00 00 00 00 48 89 44 24 08 8b 40 08
0x00007764a529a11c:   48 8b 15 f5 f8 16 00 48 8b 0d f6 f8 16 00 48 d3
0x00007764a529a12c:   e0 48 8d 34 10 8b 44 10 0c 48 8d 0d f0 1c de ff
0x00007764a529a13c:   48 63 04 81 48 01 c8 ff e0 48 63 86 28 01 00 00
0x00007764a529a14c:   48 85 c0 0f 84 cb 07 00 00 48 63 8e ac 00 00 00
0x00007764a529a15c:   48 8d 0c ce 48 63 96 2c 01 00 00 48 8d 34 d1 4c
0x00007764a529a16c:   8d 34 d1 49 81 c6 d8 01 00 00 48 8d 04 c6 48 05
0x00007764a529a17c:   d8 01 00 00 48 89 44 24 28 b8 08 00 00 00 45 31
0x00007764a529a18c:   e4 eb 10 90 49 83 c6 08 4c 3b 74 24 28 0f 84 81
0x00007764a529a19c:   07 00 00 41 8b 6e 04 48 85 ed 74 e8 4d 63 3e 4c
0x00007764a529a1ac:   03 7c 24 08 48 be ff ff ff ff ff ff ff 7f eb 1f
0x00007764a529a1bc:   4a 89 1c e0 49 ff c4 4c 89 64 24 20 48 be ff ff
0x00007764a529a1cc:   ff ff ff ff ff 7f 49 83 c7 04 48 ff cd 74 b5 4c
0x00007764a529a1dc:   89 f9 48 21 f1 48 8b 15 c0 e2 16 00 48 39 d1 72
0x00007764a529a1ec:   e5 48 03 15 bc e2 16 00 48 39 d1 73 d9 4d 85 ff
0x00007764a529a1fc:   78 1e 41 8b 1f 48 85 db 74 c2 48 8b 15 33 f8 16
0x00007764a529a20c:   00 48 8b 0d 34 f8 16 00 48 d3 e3 48 01 d3 eb 08
0x00007764a529a21c:   48 8b 19 48 85 db 74 a4 4c 3b 64 24 10 75 91 48
0x00007764a529a22c:   8d 7c 24 10 e8 7b 0c f2 ff 48 8b 44 24 18 eb 80 


Stack slot to memory mapping:

stack at sp + 0 slots: 
[error occurred during error reporting (inspecting top of stack), id 0xe0000000, Internal Error (/mydata/mmtk-openjdk/openjdk/share/mmtkHeap.cpp:444)]
stack at sp + 1 slots: 
[error occurred during error reporting (inspecting top of stack, attempt 2), id 0xe0000000, Internal Error (/mydata/mmtk-openjdk/openjdk/share/mmtkHeap.cpp:444)]
stack at sp + 2 slots: 0x0 is null
stack at sp + 3 slots: 
[error occurred during error reporting (inspecting top of stack, attempt 3), id 0xe0000000, Internal Error (/mydata/mmtk-openjdk/openjdk/share/mmtkHeap.cpp:444)]

---------------  P R O C E S S  ---------------

Threads class SMR info:
_java_thread_list=0x00006ab6c4043410, length=56, elements={
0x00007764a002b240, 0x00007764a0526f30, 0x00007764a05287c0, 0x00007764a052a2b0,
0x00007764a0548ae0, 0x00007764a054a430, 0x00007764a054bcf0, 0x00007764a054db30,
0x00007764a0557500, 0x00006ab6e4045870, 0x00006ab6e4046f00, 0x00007764a05a6440,
0x00007764a05a9440, 0x00006ab6e406c9e0, 0x00006ab6c8044a90, 0x00006ab6c8046050,
0x00006ab6e00c9160, 0x00007764a07bcc90, 0x00007764a07bdaa0, 0x00007764a07c1470,
0x00007764a07c27d0, 0x00007764a07c3b70, 0x00007764a07c4f40, 0x00007764a07c63e0,
0x00007764a07c7950, 0x00007764a07c8d20, 0x00007764a07ca200, 0x00007764a07cb790,
0x00007764a07ccd20, 0x00007764a07ce1d0, 0x00007764a07cf680, 0x00007764a03e1860,
0x00007764a03e2880, 0x00007764a03e40c0, 0x00007764a05d9400, 0x00007764a05da820,
0x00007764a05dbd70, 0x00007764a05dd210, 0x00007764a05de7f0, 0x00007764a05dfc90,
0x00007764a05e1520, 0x00007764a05cf450, 0x00007764a05d0ca0, 0x00007764a05d24f0,
0x00007764a05d3d40, 0x00007764a05d5570, 0x00007764a05d6f80, 0x00007764a03d4d90,
0x00007764a03d5f80, 0x00006ab6c00872a0, 0x00006ab6dc074280, 0x00006ab6dc07e2e0,
0x00006ab6dc07fd20, 0x00006ab63c089b00, 0x00006ab6c4101ea0, 0x00006ab6c41e56b0
}

Java Threads: ( => current thread )
  0x00007764a002b240 JavaThread "main"                              [_thread_blocked, id=449851, stack(0x00007764a5500000,0x00007764a5600000) (1024K)]
  0x00007764a0526f30 JavaThread "Reference Handler"          daemon [_thread_blocked, id=449856, stack(0x00007764a4142000,0x00007764a4242000) (1024K)]
  0x00007764a05287c0 JavaThread "Finalizer"                  daemon [_thread_blocked, id=449857, stack(0x00007764a4042000,0x00007764a4142000) (1024K)]
  0x00007764a052a2b0 JavaThread "MMTk Finalizer Thread"      daemon [_thread_blocked, id=449858, stack(0x00007764686ff000,0x00007764687ff000) (1024K)]
  0x00007764a0548ae0 JavaThread "Signal Dispatcher"          daemon [_thread_blocked, id=449882, stack(0x00006ab76a8fa000,0x00006ab76a9fa000) (1024K)]
  0x00007764a054a430 JavaThread "Service Thread"             daemon [_thread_blocked, id=449883, stack(0x00006ab76a7fa000,0x00006ab76a8fa000) (1024K)]
  0x00007764a054bcf0 JavaThread "Monitor Deflation Thread"   daemon [_thread_blocked, id=449884, stack(0x00006ab76a6fa000,0x00006ab76a7fa000) (1024K)]
  0x00007764a054db30 JavaThread "C2 CompilerThread0"         daemon [_thread_blocked, id=449885, stack(0x00006ab76a5fa000,0x00006ab76a6fa000) (1024K)]
  0x00007764a0557500 JavaThread "C1 CompilerThread0"         daemon [_thread_blocked, id=449886, stack(0x00006ab76a4fa000,0x00006ab76a5fa000) (1024K)]
  0x00006ab6e4045870 JavaThread "C1 CompilerThread1"         daemon [_thread_blocked, id=449887, stack(0x00006ab76a3fa000,0x00006ab76a4fa000) (1024K)]
  0x00006ab6e4046f00 JavaThread "C1 CompilerThread2"         daemon [_thread_blocked, id=449888, stack(0x00006ab76a2fa000,0x00006ab76a3fa000) (1024K)]
  0x00007764a05a6440 JavaThread "Notification Thread"        daemon [_thread_blocked, id=449889, stack(0x00006ab76a1fa000,0x00006ab76a2fa000) (1024K)]
  0x00007764a05a9440 JavaThread "Common-Cleaner"             daemon [_thread_blocked, id=449890, stack(0x00006ab76a0fa000,0x00006ab76a1fa000) (1024K)]
  0x00006ab6e406c9e0 JavaThread "C2 CompilerThread1"         daemon [_thread_blocked, id=449891, stack(0x00006ab769ffa000,0x00006ab76a0fa000) (1024K)]
  0x00006ab6c8044a90 JavaThread "C1 CompilerThread3"         daemon [_thread_blocked, id=449892, stack(0x00006ab769efa000,0x00006ab769ffa000) (1024K)]
  0x00006ab6c8046050 JavaThread "C1 CompilerThread4"         daemon [_thread_blocked, id=449893, stack(0x00006ab769dfa000,0x00006ab769efa000) (1024K)]
  0x00006ab6e00c9160 JavaThread "C2 CompilerThread2"         daemon [_thread_blocked, id=449894, stack(0x00006ab769cfa000,0x00006ab769dfa000) (1024K)]
  0x00007764a07bcc90 JavaThread "Thread-0"                          [_thread_blocked, id=449895, stack(0x00006ab769bfa000,0x00006ab769cfa000) (1024K)]
  0x00007764a07bdaa0 JavaThread "Thread-1"                          [_thread_blocked, id=449896, stack(0x00006ab769afa000,0x00006ab769bfa000) (1024K)]
  0x00007764a07c1470 JavaThread "Thread-2"                          [_thread_blocked, id=449897, stack(0x00006ab7699fa000,0x00006ab769afa000) (1024K)]
  0x00007764a07c27d0 JavaThread "Thread-3"                          [_thread_blocked, id=449898, stack(0x00006ab7698fa000,0x00006ab7699fa000) (1024K)]
  0x00007764a07c3b70 JavaThread "Thread-4"                          [_thread_blocked, id=449899, stack(0x00006ab7697fa000,0x00006ab7698fa000) (1024K)]
  0x00007764a07c4f40 JavaThread "Thread-5"                          [_thread_blocked, id=449900, stack(0x00006ab7696fa000,0x00006ab7697fa000) (1024K)]
  0x00007764a07c63e0 JavaThread "Thread-6"                          [_thread_blocked, id=449901, stack(0x00006ab7695fa000,0x00006ab7696fa000) (1024K)]
  0x00007764a07c7950 JavaThread "Thread-7"                          [_thread_blocked, id=449902, stack(0x00006ab7694fa000,0x00006ab7695fa000) (1024K)]
  0x00007764a07c8d20 JavaThread "Thread-8"                          [_thread_blocked, id=449903, stack(0x00006ab7693fa000,0x00006ab7694fa000) (1024K)]
  0x00007764a07ca200 JavaThread "Thread-9"                          [_thread_blocked, id=449904, stack(0x00006ab7692fa000,0x00006ab7693fa000) (1024K)]
  0x00007764a07cb790 JavaThread "Thread-10"                         [_thread_blocked, id=449905, stack(0x00006ab7691fa000,0x00006ab7692fa000) (1024K)]
  0x00007764a07ccd20 JavaThread "Thread-11"                         [_thread_blocked, id=449906, stack(0x00006ab7690fa000,0x00006ab7691fa000) (1024K)]
  0x00007764a07ce1d0 JavaThread "Thread-12"                         [_thread_blocked, id=449907, stack(0x00006ab768ffa000,0x00006ab7690fa000) (1024K)]
  0x00007764a07cf680 JavaThread "Thread-13"                         [_thread_blocked, id=449908, stack(0x00006ab768efa000,0x00006ab768ffa000) (1024K)]
  0x00007764a03e1860 JavaThread "Thread-14"                         [_thread_blocked, id=449909, stack(0x00006ab768dfa000,0x00006ab768efa000) (1024K)]
  0x00007764a03e2880 JavaThread "Thread-15"                         [_thread_blocked, id=449910, stack(0x00006ab768cfa000,0x00006ab768dfa000) (1024K)]
  0x00007764a03e40c0 JavaThread "Thread-16"                         [_thread_blocked, id=449911, stack(0x00006ab768bfa000,0x00006ab768cfa000) (1024K)]
  0x00007764a05d9400 JavaThread "Thread-17"                         [_thread_blocked, id=449912, stack(0x00006ab768afa000,0x00006ab768bfa000) (1024K)]
  0x00007764a05da820 JavaThread "Thread-18"                         [_thread_blocked, id=449913, stack(0x00006ab7689fa000,0x00006ab768afa000) (1024K)]
  0x00007764a05dbd70 JavaThread "Thread-19"                         [_thread_blocked, id=449914, stack(0x00006ab7688fa000,0x00006ab7689fa000) (1024K)]
  0x00007764a05dd210 JavaThread "Thread-20"                         [_thread_blocked, id=449915, stack(0x00006ab7687fa000,0x00006ab7688fa000) (1024K)]
  0x00007764a05de7f0 JavaThread "Thread-21"                         [_thread_blocked, id=449916, stack(0x00006ab7686fa000,0x00006ab7687fa000) (1024K)]
  0x00007764a05dfc90 JavaThread "Thread-22"                         [_thread_blocked, id=449917, stack(0x00006ab7685fa000,0x00006ab7686fa000) (1024K)]
  0x00007764a05e1520 JavaThread "Thread-23"                         [_thread_blocked, id=449918, stack(0x00006ab7684fa000,0x00006ab7685fa000) (1024K)]
  0x00007764a05cf450 JavaThread "Thread-24"                         [_thread_blocked, id=449919, stack(0x00006ab7683fa000,0x00006ab7684fa000) (1024K)]
  0x00007764a05d0ca0 JavaThread "Thread-25"                         [_thread_blocked, id=449920, stack(0x00006ab7682fa000,0x00006ab7683fa000) (1024K)]
  0x00007764a05d24f0 JavaThread "Thread-26"                         [_thread_blocked, id=449921, stack(0x00006ab7681fa000,0x00006ab7682fa000) (1024K)]
  0x00007764a05d3d40 JavaThread "Thread-27"                         [_thread_blocked, id=449922, stack(0x00006ab7680fa000,0x00006ab7681fa000) (1024K)]
  0x00007764a05d5570 JavaThread "Thread-28"                         [_thread_blocked, id=449923, stack(0x00006ab64ff00000,0x00006ab650000000) (1024K)]
  0x00007764a05d6f80 JavaThread "Thread-29"                         [_thread_blocked, id=449924, stack(0x00006ab64fe00000,0x00006ab64ff00000) (1024K)]
  0x00007764a03d4d90 JavaThread "Thread-30"                         [_thread_blocked, id=449925, stack(0x00006ab64fd00000,0x00006ab64fe00000) (1024K)]
  0x00007764a03d5f80 JavaThread "Thread-31"                         [_thread_blocked, id=449926, stack(0x00006ab64fc00000,0x00006ab64fd00000) (1024K)]
  0x00006ab6c00872a0 JavaThread "C2 CompilerThread3"         daemon [_thread_blocked, id=449927, stack(0x00006ab64fb00000,0x00006ab64fc00000) (1024K)]
  0x00006ab6dc074280 JavaThread "C2 CompilerThread4"         daemon [_thread_blocked, id=449928, stack(0x00006ab64fa00000,0x00006ab64fb00000) (1024K)]
  0x00006ab6dc07e2e0 JavaThread "C2 CompilerThread5"         daemon [_thread_blocked, id=449929, stack(0x00006ab64f900000,0x00006ab64fa00000) (1024K)]
  0x00006ab6dc07fd20 JavaThread "C2 CompilerThread6"         daemon [_thread_blocked, id=449930, stack(0x00006ab64f800000,0x00006ab64f900000) (1024K)]
  0x00006ab63c089b00 JavaThread "C2 CompilerThread7"         daemon [_thread_blocked, id=449931, stack(0x00006ab64f700000,0x00006ab64f800000) (1024K)]
  0x00006ab6c4101ea0 JavaThread "C2 CompilerThread8"         daemon [_thread_blocked, id=449932, stack(0x00006ab64f600000,0x00006ab64f700000) (1024K)]
  0x00006ab6c41e56b0 JavaThread "C2 CompilerThread9"         daemon [_thread_blocked, id=449933, stack(0x00006ab64f500000,0x00006ab64f600000) (1024K)]
Total: 56

Other Threads:
  0x00007764a051ba80 VMThread "VM Thread"                           [id=449855, stack(0x00007764a4243000,0x00007764a4343000) (1024K)]
  0x00007764a05096d0 WatcherThread "VM Periodic Task Thread"        [id=449854, stack(0x00007764a4344000,0x00007764a4444000) (1024K)]

=>0x00007764a05363e0 (exited) NamedThread "MMTk Collector Thread"   [id=449866, stack(0x00006ab7b09fd000,0x00006ab7b0afd000) (1024K)]
Total: 3

Threads with active compile tasks:
C2 CompilerThread0  3695 3302       4       sun.net.www.protocol.file.Handler::openConnection (7 bytes)
C2 CompilerThread1  3695 1886   !   4       java.nio.charset.CharsetEncoder::encode (273 bytes)
C2 CompilerThread2  3695 3305   !   4       sun.net.www.protocol.file.Handler::openConnection (195 bytes)
C2 CompilerThread3  3695 3290       4       org.apache.xpath.compiler.Compiler::stepPattern (356 bytes)
C2 CompilerThread4  3695 3179   !   4       org.apache.xalan.transformer.TransformerImpl::transformNode (489 bytes)
C2 CompilerThread5  3695 3268       4       java.lang.ClassLoader::getResource (41 bytes)
C2 CompilerThread6  3695 3298   !   4       org.apache.xalan.serialize.SerializerUtils::processNSDecls (163 bytes)
C2 CompilerThread7  3695 3271   !   4       jdk.internal.loader.BuiltinClassLoader::findResource (154 bytes)
C2 CompilerThread8  3695 3307       4       org.apache.xpath.compiler.Lexer::tokenize (1103 bytes)
C2 CompilerThread9  3695 3301       4       sun.net.www.protocol.file.FileURLConnection::<init> (38 bytes)
Total: 10

VM state: at safepoint (normal execution)

VM Mutex/Monitor currently owned by a thread:  ([mutex/lock_event])
[0x00007764a6b580d0] Threads_lock - owner thread: 0x00007764a051ba80
[0x00007764a6b57fd0] Heap_lock - owner thread: 0x00007764a03e4ec0

Heap address: 0x0000000040000000, size: 3072 MB, Compressed Oops mode: 32-bit

CDS archive(s) mapped at: [0x00006ab76b000000-0x00006ab76bca3000-0x00006ab76bca3000), size 13250560, SharedBaseAddress: 0x00006ab76b000000, ArchiveRelocationMode: 1.
Compressed class space mapped at: 0x00006ab76c000000-0x00006ab7ac000000, reserved size: 1073741824
Narrow klass base: 0x00006ab76b000000, Narrow klass shift: 0, Narrow klass range: 0x100000000

GC Precious Log:
<Empty>

Heap:

[error occurred during error reporting (printing heap information), id 0xe0000000, Internal Error (/mydata/mmtk-openjdk/openjdk/share/mmtkHeap.cpp:424)]
Metaspace:

Usage:
  Non-class:      7.11 MB used.
      Class:    965.48 KB used.
       Both:      8.05 MB used.

Virtual space:
  Non-class space:       64.00 MB reserved,       7.25 MB ( 11%) committed,  1 nodes.
      Class space:        1.00 GB reserved,       1.06 MB ( <1%) committed,  1 nodes.
             Both:        1.06 GB reserved,       8.31 MB ( <1%) committed. 

Chunk freelists:
   Non-Class:  7.27 MB
       Class:  14.99 MB
        Both:  22.26 MB

MaxMetaspaceSize: unlimited
CompressedClassSpaceSize: 1.00 GB
Initial GC threshold: 21.00 MB
Current GC threshold: 21.00 MB
CDS: on
 - commit_granule_bytes: 65536.
 - commit_granule_words: 8192.
 - virtual_space_node_default_size: 8388608.
 - enlarge_chunks_in_place: 1.
 - use_allocation_guard: 0.


Internal statistics:

num_allocs_failed_limit: 0.
num_arena_births: 118.
num_arena_deaths: 0.
num_vsnodes_births: 2.
num_vsnodes_deaths: 0.
num_space_committed: 133.
num_space_uncommitted: 0.
num_chunks_returned_to_freelist: 0.
num_chunks_taken_from_freelist: 376.
num_chunk_merges: 0.
num_chunk_splits: 260.
num_chunks_enlarged: 203.
num_inconsistent_stats: 0.

CodeHeap 'non-profiled nmethods': size=118880Kb used=2975Kb max_used=2975Kb free=115904Kb
 bounds [0x00007764903e8000, 0x00007764906d8000, 0x0000776497800000]
CodeHeap 'profiled nmethods': size=118876Kb used=6964Kb max_used=6964Kb free=111911Kb
 bounds [0x0000776488800000, 0x0000776488ed0000, 0x000077648fc17000]
CodeHeap 'non-nmethods': size=8004Kb used=3488Kb max_used=3567Kb free=4515Kb
 bounds [0x000077648fc17000, 0x000077648ff97000, 0x00007764903e8000]
CodeCache: size=245760Kb, used=13427Kb, max_used=13506Kb, free=232330Kb
 total_blobs=3763, nmethods=3281, adapters=379, full_count=0
Compilation: enabled, stopped_count=0, restarted_count=0

Compilation events (20 events):
Event: 3.626 Thread 0x00006ab6e406c9e0 nmethod 3051 0x00007764906c4990 code [0x00007764906c4b40, 0x00007764906c4d28]
Event: 3.626 Thread 0x00006ab6e406c9e0 3308       4       sun.net.util.URLUtil::urlNoFragString (143 bytes)
Event: 3.628 Thread 0x00006ab6c41e56b0 nmethod 3300 0x00007764906c4f90 code [0x00007764906c5120, 0x00007764906c52d0]
Event: 3.628 Thread 0x00006ab6c41e56b0 3310       4       org.apache.xerces.util.XMLAttributesImpl::checkDuplicatesNS (278 bytes)
Event: 3.631 Thread 0x00006ab6c41e56b0 nmethod 3310 0x00007764906c5410 code [0x00007764906c55a0, 0x00007764906c5798]
Event: 3.631 Thread 0x00006ab6c41e56b0 3311       4       java.util.HashMap::resize (356 bytes)
Event: 3.655 Thread 0x00006ab6c41e56b0 nmethod 3311 0x00007764906c5910 code [0x00007764906c5ae0, 0x00007764906c60e8]
Event: 3.655 Thread 0x00006ab6c41e56b0 1848       4       java.lang.Math::round (56 bytes)
Event: 3.656 Thread 0x00006ab6e406c9e0 nmethod 3308 0x00007764906c6410 code [0x00007764906c6640, 0x00007764906c7370]
Event: 3.656 Thread 0x00006ab6e406c9e0 1886   !   4       java.nio.charset.CharsetEncoder::encode (273 bytes)
Event: 3.656 Thread 0x00006ab6c41e56b0 nmethod 1848 0x00007764906c7c90 code [0x00007764906c7e00, 0x00007764906c7ee0]
Event: 3.656 Thread 0x00006ab6c41e56b0 1885       4       sun.nio.cs.ISO_8859_1$Encoder::encodeLoop (28 bytes)
Event: 3.656 Thread 0x00007764a054db30 nmethod 3295 0x00007764906c7f90 code [0x00007764906c8320, 0x00007764906c9d80]
Event: 3.656 Thread 0x00007764a054db30 3299       4       sun.net.www.protocol.jar.JarFileFactory::urlKey (39 bytes)
Event: 3.657 Thread 0x00006ab6e00c9160 nmethod 3254 0x00007764906cac90 code [0x00007764906cafa0, 0x00007764906cd798]
Event: 3.657 Thread 0x00006ab6c41e56b0 nmethod 1885 0x00007764906cf290 code [0x00007764906cf440, 0x00007764906cf5c8]
Event: 3.657 Thread 0x00006ab6c41e56b0 3301       4       sun.net.www.protocol.file.FileURLConnection::<init> (38 bytes)
Event: 3.657 Thread 0x00006ab6e00c9160 3305   !   4       sun.net.www.protocol.file.Handler::openConnection (195 bytes)
Event: 3.657 Thread 0x00007764a054db30 nmethod 3299 0x00007764906cf790 code [0x00007764906cf920, 0x00007764906cfb40]
Event: 3.657 Thread 0x00007764a054db30 3302       4       sun.net.www.protocol.file.Handler::openConnection (7 bytes)

GC Heap History (0 events):
No events

Dll operation events (7 events):
Event: 0.001 Loaded shared library /mydata/openjdk-mmtk/build/b0test/images/jdk/lib/libjava.so
Event: 2.225 Loaded shared library /mydata/openjdk-mmtk/build/b0test/images/jdk/lib/libjsvml.so
Event: 2.238 Loaded shared library /mydata/openjdk-mmtk/build/b0test/images/jdk/lib/libnio.so
Event: 2.241 Loaded shared library /mydata/openjdk-mmtk/build/b0test/images/jdk/lib/libzip.so
Event: 2.255 Loaded shared library /mydata/openjdk-mmtk/build/b0test/images/jdk/lib/libjimage.so
Event: 2.282 Loaded shared library /mydata/openjdk-mmtk/build/b0test/images/jdk/lib/libnet.so
Event: 2.380 Loaded shared library /mydata/openjdk-mmtk/build/b0test/images/jdk/lib/libverify.so

Deoptimization events (20 events):
Event: 3.573 Thread 0x00007764a07c1470 Uncommon trap: trap_request=0xffffffbe fr.pc=0x00007764906906cc relative=0x000000000000268c
Event: 3.573 Thread 0x00007764a07c1470 Uncommon trap: reason=profile_predicate action=maybe_recompile pc=0x00007764906906cc method=java.util.concurrent.ConcurrentHashMap$Traverser.advance()Ljava/util/concurrent/ConcurrentHashMap$Node; @ 15 c2
Event: 3.573 Thread 0x00007764a07c1470 DEOPT PACKING pc=0x00007764906906cc sp=0x00006ab769af8460
Event: 3.573 Thread 0x00007764a07c1470 DEOPT UNPACKING pc=0x000077648fc6a399 sp=0x00006ab769af8138 mode 2
Event: 3.578 Thread 0x00007764a07c27d0 DEOPT PACKING pc=0x0000776488d69526 sp=0x00006ab7699f8560
Event: 3.578 Thread 0x00007764a07c27d0 DEOPT UNPACKING pc=0x000077648fc6ab2f sp=0x00006ab7699f7b48 mode 0
Event: 3.585 Thread 0x00007764a05d0ca0 DEOPT PACKING pc=0x0000776488d69526 sp=0x00006ab7683f8560
Event: 3.585 Thread 0x00007764a05d0ca0 DEOPT UNPACKING pc=0x000077648fc6ab2f sp=0x00006ab7683f7b48 mode 0
Event: 3.592 Thread 0x00007764a05d5570 DEOPT PACKING pc=0x0000776488d69526 sp=0x00006ab64fffe560
Event: 3.592 Thread 0x00007764a05d5570 DEOPT UNPACKING pc=0x000077648fc6ab2f sp=0x00006ab64fffdb48 mode 0
Event: 3.599 Thread 0x00007764a05d24f0 DEOPT PACKING pc=0x0000776488d69526 sp=0x00006ab7682f8560
Event: 3.599 Thread 0x00007764a05d24f0 DEOPT UNPACKING pc=0x000077648fc6ab2f sp=0x00006ab7682f7b48 mode 0
Event: 3.606 Thread 0x00007764a03d4d90 DEOPT PACKING pc=0x0000776488d69526 sp=0x00006ab64fdfe560
Event: 3.606 Thread 0x00007764a03d4d90 DEOPT UNPACKING pc=0x000077648fc6ab2f sp=0x00006ab64fdfdb48 mode 0
Event: 3.613 Thread 0x00007764a03d4d90 DEOPT PACKING pc=0x0000776488d69526 sp=0x00006ab64fdfe560
Event: 3.613 Thread 0x00007764a03d4d90 DEOPT UNPACKING pc=0x000077648fc6ab2f sp=0x00006ab64fdfdb48 mode 0
Event: 3.621 Thread 0x00007764a05d5570 DEOPT PACKING pc=0x0000776488d69526 sp=0x00006ab64fffe560
Event: 3.621 Thread 0x00007764a05d5570 DEOPT UNPACKING pc=0x000077648fc6ab2f sp=0x00006ab64fffdb48 mode 0
Event: 3.627 Thread 0x00007764a05dbd70 DEOPT PACKING pc=0x0000776488d69526 sp=0x00006ab7689f8560
Event: 3.627 Thread 0x00007764a05dbd70 DEOPT UNPACKING pc=0x000077648fc6ab2f sp=0x00006ab7689f7b48 mode 0

Classes loaded (20 events):
Event: 2.646 Loading class java/util/ResourceBundle$CacheKeyReference done
Event: 2.646 Loading class java/util/ResourceBundle$KeyElementReference done
Event: 2.647 Loading class java/util/ResourceBundle$Control$2
Event: 2.647 Loading class java/util/ResourceBundle$Control$2 done
Event: 2.648 Loading class sun/util/PropertyResourceBundleCharset
Event: 2.648 Loading class sun/util/PropertyResourceBundleCharset done
Event: 2.648 Loading class sun/util/PropertyResourceBundleCharset$PropertiesFileDecoder
Event: 2.648 Loading class sun/util/PropertyResourceBundleCharset$PropertiesFileDecoder done
Event: 2.649 Loading class java/util/ResourceBundle$BundleReference
Event: 2.649 Loading class java/util/ResourceBundle$BundleReference done
Event: 2.649 Loading class sun/util/ResourceBundleEnumeration
Event: 2.649 Loading class sun/util/ResourceBundleEnumeration done
Event: 2.655 Loading class sun/nio/cs/ISO_8859_1$Encoder
Event: 2.655 Loading class sun/nio/cs/ISO_8859_1$Encoder done
Event: 2.672 Loading class java/util/ResourceBundle$Control$1
Event: 2.672 Loading class java/util/ResourceBundle$Control$1 done
Event: 2.702 Loading class java/lang/foreign/MemorySegment
Event: 2.703 Loading class java/lang/foreign/MemorySegment done
Event: 3.624 Loading class java/net/Proxy
Event: 3.624 Loading class java/net/Proxy done

Classes unloaded (0 events):
No events

Classes redefined (0 events):
No events

Internal exceptions (18 events):
Event: 2.248 Thread 0x00007764a002b240 Exception <a 'java/lang/NoSuchMethodError'{0x0000000040334090}: 'java.lang.Object java.lang.invoke.DirectMethodHandle$Holder.newInvokeSpecial(java.lang.Object, int, java.lang.Object)'> (0x0000000040334090) 
thrown [src/hotspot/share/interpreter/linkResolver.cpp, line 772]
Event: 2.258 Thread 0x00007764a002b240 Exception <a 'java/lang/NoSuchMethodError'{0x0000000040301e28}: 'void java.lang.invoke.DirectMethodHandle$Holder.invokeStatic(java.lang.Object, java.lang.Object)'> (0x0000000040301e28) 
thrown [src/hotspot/share/interpreter/linkResolver.cpp, line 772]
Event: 2.258 Thread 0x00007764a002b240 Exception <a 'java/lang/NoSuchMethodError'{0x0000000040305820}: 'void java.lang.invoke.DirectMethodHandle$Holder.invokeSpecial(java.lang.Object, java.lang.Object, java.lang.Object)'> (0x0000000040305820) 
thrown [src/hotspot/share/interpreter/linkResolver.cpp, line 772]
Event: 2.301 Thread 0x00007764a002b240 Exception <a 'java/lang/NoSuchMethodError'{0x00000000401b5c58}: 'void java.lang.invoke.DirectMethodHandle$Holder.invokeVirtual(java.lang.Object, java.lang.Object)'> (0x00000000401b5c58) 
thrown [src/hotspot/share/interpreter/linkResolver.cpp, line 772]
Event: 2.306 Thread 0x00007764a002b240 Exception <a 'java/io/FileNotFoundException'{0x0000000040187128}> (0x0000000040187128) 
thrown [src/hotspot/share/prims/jni.cpp, line 520]
Event: 2.317 Thread 0x00007764a002b240 Exception <a 'java/lang/NoSuchMethodError'{0x0000000040127c00}: 'java.lang.Object java.lang.invoke.Invokers$Holder.invokeExact_MT(java.lang.Object, java.lang.Object, java.lang.Object, java.lang.Object, java.lang.Object)'> (0x0000000040127c00) 
thrown [src/hotspot/share/interpreter/linkResolver.cpp, line 772]
Event: 2.503 Thread 0x00007764a002b240 Exception <a 'java/lang/NoSuchMethodError'{0x0000000040eaa470}: 'void java.lang.invoke.DirectMethodHandle$Holder.invokeVirtual(java.lang.Object, java.lang.Object, int)'> (0x0000000040eaa470) 
thrown [src/hotspot/share/interpreter/linkResolver.cpp, line 772]
Event: 2.504 Thread 0x00007764a002b240 Exception <a 'java/lang/NoSuchMethodError'{0x0000000040eaeb98}: 'int java.lang.invoke.DirectMethodHandle$Holder.invokeSpecial(java.lang.Object, java.lang.Object, java.lang.Object, int)'> (0x0000000040eaeb98) 
thrown [src/hotspot/share/interpreter/linkResolver.cpp, line 772]
Event: 2.505 Thread 0x00007764a002b240 Exception <a 'java/lang/NoSuchMethodError'{0x0000000040e91838}: 'java.lang.Object java.lang.invoke.DirectMethodHandle$Holder.invokeStatic(java.lang.Object, java.lang.Object, java.lang.Object, java.lang.Object, int)'> (0x0000000040e91838) 
thrown [src/hotspot/share/interpreter/linkResolver.cpp, line 772]
Event: 2.506 Thread 0x00007764a002b240 Exception <a 'java/lang/NoSuchMethodError'{0x0000000040e8ca40}: 'void java.lang.invoke.DelegatingMethodHandle$Holder.reinvoke_L(java.lang.Object, java.lang.Object, int)'> (0x0000000040e8ca40) 
thrown [src/hotspot/share/interpreter/linkResolver.cpp, line 772]
Event: 2.507 Thread 0x00007764a002b240 Exception <a 'java/lang/NoSuchMethodError'{0x0000000040e837a0}: 'int java.lang.invoke.DirectMethodHandle$Holder.invokeSpecial(java.lang.Object, java.lang.Object, java.lang.Object)'> (0x0000000040e837a0) 
thrown [src/hotspot/share/interpreter/linkResolver.cpp, line 772]
Event: 2.577 Thread 0x00007764a002b240 Exception <a 'java/lang/NoSuchMethodError'{0x00000000413b6268}: 'void java.lang.invoke.DelegatingMethodHandle$Holder.reinvoke_L(java.lang.Object, java.lang.Object, int, int)'> (0x00000000413b6268) 
thrown [src/hotspot/share/interpreter/linkResolver.cpp, line 772]
Event: 2.645 Thread 0x00007764a03e2880 Exception <a 'java/lang/NoSuchMethodError'{0x0000000040af9d38}: 'java.lang.Object java.lang.invoke.DirectMethodHandle$Holder.invokeInterface(java.lang.Object, java.lang.Object)'> (0x0000000040af9d38) 
thrown [src/hotspot/share/interpreter/linkResolver.cpp, line 772]
Event: 3.572 Thread 0x00007764a07c27d0 Implicit null exception at 0x000077649068e10e to 0x00007764906906b4
Event: 3.572 Thread 0x00007764a07c8d20 Implicit null exception at 0x000077649068e10e to 0x00007764906906b4
Event: 3.572 Thread 0x00007764a03e40c0 Implicit null exception at 0x000077649068e10e to 0x00007764906906b4
Event: 3.573 Thread 0x00007764a07cf680 Implicit null exception at 0x000077649068e10e to 0x00007764906906b4
Event: 3.572 Thread 0x00007764a07c1470 Implicit null exception at 0x000077649068e10e to 0x00007764906906b4

ZGC Phase Switch (0 events):
No events

VM Operations (20 events):
Event: 2.996 Executing VM operation: ICBufferFull done
Event: 3.090 Executing VM operation: ThirdPartyHeapOperation
Event: 3.105 Executing VM operation: ThirdPartyHeapOperation done
Event: 3.109 Executing VM operation: ThirdPartyHeapOperation
Event: 3.140 Executing VM operation: ThirdPartyHeapOperation done
Event: 3.223 Executing VM operation: ThirdPartyHeapOperation
Event: 3.240 Executing VM operation: ThirdPartyHeapOperation done
Event: 3.244 Executing VM operation: ThirdPartyHeapOperation
Event: 3.281 Executing VM operation: ThirdPartyHeapOperation done
Event: 3.352 Executing VM operation: ThirdPartyHeapOperation
Event: 3.369 Executing VM operation: ThirdPartyHeapOperation done
Event: 3.373 Executing VM operation: ThirdPartyHeapOperation
Event: 3.419 Executing VM operation: ThirdPartyHeapOperation done
Event: 3.493 Executing VM operation: ThirdPartyHeapOperation
Event: 3.511 Executing VM operation: ThirdPartyHeapOperation done
Event: 3.516 Executing VM operation: ThirdPartyHeapOperation
Event: 3.570 Executing VM operation: ThirdPartyHeapOperation done
Event: 3.636 Executing VM operation: ThirdPartyHeapOperation
Event: 3.655 Executing VM operation: ThirdPartyHeapOperation done
Event: 3.658 Executing VM operation: ThirdPartyHeapOperation

Memory protections (20 events):
Event: 2.612 Protecting memory [0x00006ab7688fa000,0x00006ab7688fe000] with protection modes 0
Event: 2.612 Protecting memory [0x00006ab7687fa000,0x00006ab7687fe000] with protection modes 0
Event: 2.612 Protecting memory [0x00006ab7686fa000,0x00006ab7686fe000] with protection modes 0
Event: 2.612 Protecting memory [0x00006ab7685fa000,0x00006ab7685fe000] with protection modes 0
Event: 2.612 Protecting memory [0x00006ab7684fa000,0x00006ab7684fe000] with protection modes 0
Event: 2.612 Protecting memory [0x00006ab7683fa000,0x00006ab7683fe000] with protection modes 0
Event: 2.612 Protecting memory [0x00006ab7682fa000,0x00006ab7682fe000] with protection modes 0
Event: 2.613 Protecting memory [0x00006ab7681fa000,0x00006ab7681fe000] with protection modes 0
Event: 2.613 Protecting memory [0x00006ab7680fa000,0x00006ab7680fe000] with protection modes 0
Event: 2.613 Protecting memory [0x00006ab64ff00000,0x00006ab64ff04000] with protection modes 0
Event: 2.613 Protecting memory [0x00006ab64fe00000,0x00006ab64fe04000] with protection modes 0
Event: 2.613 Protecting memory [0x00006ab64fd00000,0x00006ab64fd04000] with protection modes 0
Event: 2.613 Protecting memory [0x00006ab64fc00000,0x00006ab64fc04000] with protection modes 0
Event: 2.676 Protecting memory [0x00006ab64fb00000,0x00006ab64fb04000] with protection modes 0
Event: 2.680 Protecting memory [0x00006ab64fa00000,0x00006ab64fa04000] with protection modes 0
Event: 2.689 Protecting memory [0x00006ab64f900000,0x00006ab64f904000] with protection modes 0
Event: 2.708 Protecting memory [0x00006ab64f800000,0x00006ab64f804000] with protection modes 0
Event: 2.711 Protecting memory [0x00006ab64f700000,0x00006ab64f704000] with protection modes 0
Event: 2.711 Protecting memory [0x00006ab64f600000,0x00006ab64f604000] with protection modes 0
Event: 2.711 Protecting memory [0x00006ab64f500000,0x00006ab64f504000] with protection modes 0

Nmethod flushes (0 events):
No events

Events (20 events):
Event: 2.612 Thread 0x00007764a002b240 Thread added: 0x00007764a05dbd70
Event: 2.612 Thread 0x00007764a002b240 Thread added: 0x00007764a05dd210
Event: 2.612 Thread 0x00007764a002b240 Thread added: 0x00007764a05de7f0
Event: 2.612 Thread 0x00007764a002b240 Thread added: 0x00007764a05dfc90
Event: 2.612 Thread 0x00007764a002b240 Thread added: 0x00007764a05e1520
Event: 2.612 Thread 0x00007764a002b240 Thread added: 0x00007764a05cf450
Event: 2.612 Thread 0x00007764a002b240 Thread added: 0x00007764a05d0ca0
Event: 2.613 Thread 0x00007764a002b240 Thread added: 0x00007764a05d24f0
Event: 2.613 Thread 0x00007764a002b240 Thread added: 0x00007764a05d3d40
Event: 2.613 Thread 0x00007764a002b240 Thread added: 0x00007764a05d5570
Event: 2.613 Thread 0x00007764a002b240 Thread added: 0x00007764a05d6f80
Event: 2.613 Thread 0x00007764a002b240 Thread added: 0x00007764a03d4d90
Event: 2.613 Thread 0x00007764a002b240 Thread added: 0x00007764a03d5f80
Event: 2.676 Thread 0x00006ab6c8046050 Thread added: 0x00006ab6c00872a0
Event: 2.680 Thread 0x00006ab6e4046f00 Thread added: 0x00006ab6dc074280
Event: 2.689 Thread 0x00006ab6e4046f00 Thread added: 0x00006ab6dc07e2e0
Event: 2.703 Thread 0x00006ab6e4046f00 Thread added: 0x00006ab6dc07fd20
Event: 2.711 Thread 0x00006ab6c00872a0 Thread added: 0x00006ab63c089b00
Event: 2.711 Thread 0x00006ab6e00c9160 Thread added: 0x00006ab6c4101ea0
Event: 2.711 Thread 0x00006ab6e00c9160 Thread added: 0x00006ab6c41e56b0


Dynamic libraries:
40000000-40400000 rw-p 00000000 00:00 0                                  [anon:mmtk:space:immix]
40400000-40800000 rw-p 00000000 00:00 0                                  [anon:mmtk:space:los]
40800000-41400000 rw-p 00000000 00:00 0                                  [anon:mmtk:space:immix]
41400000-41c00000 rw-p 00000000 00:00 0                                  [anon:mmtk:space:los]
41c00000-42000000 rw-p 00000000 00:00 0                                  [anon:mmtk:space:immix]
42000000-42400000 rw-p 00000000 00:00 0                                  [anon:mmtk:space:los]
42400000-42c00000 rw-p 00000000 00:00 0                                  [anon:mmtk:space:immix]
42c00000-43000000 rw-p 00000000 00:00 0                                  [anon:mmtk:space:los]
43000000-43800000 rw-p 00000000 00:00 0                                  [anon:mmtk:space:immix]
43800000-43c00000 rw-p 00000000 00:00 0                                  [anon:mmtk:space:los]
43c00000-44800000 rw-p 00000000 00:00 0                                  [anon:mmtk:space:immix]
44800000-44c00000 rw-p 00000000 00:00 0                                  [anon:mmtk:space:los]
44c00000-45000000 rw-p 00000000 00:00 0                                  [anon:mmtk:space:immix]
45000000-45400000 rw-p 00000000 00:00 0                                  [anon:mmtk:space:los]
45400000-45c00000 rw-p 00000000 00:00 0                                  [anon:mmtk:space:immix]
45c00000-46000000 rw-p 00000000 00:00 0                                  [anon:mmtk:space:los]
46000000-46400000 rw-p 00000000 00:00 0                                  [anon:mmtk:space:immix]
46400000-46800000 rw-p 00000000 00:00 0                                  [anon:mmtk:space:los]
46800000-46c00000 rw-p 00000000 00:00 0                                  [anon:mmtk:space:immix]
46c00000-47000000 rw-p 00000000 00:00 0                                  [anon:mmtk:space:los]
47000000-47800000 rw-p 00000000 00:00 0                                  [anon:mmtk:space:immix]
47800000-47c00000 rw-p 00000000 00:00 0                                  [anon:mmtk:space:los]
47c00000-48000000 rw-p 00000000 00:00 0                                  [anon:mmtk:space:immix]
48000000-48400000 rw-p 00000000 00:00 0                                  [anon:mmtk:space:los]
48400000-48c00000 rw-p 00000000 00:00 0                                  [anon:mmtk:space:immix]
48c00000-49000000 rw-p 00000000 00:00 0                                  [anon:mmtk:space:los]
49000000-49400000 rw-p 00000000 00:00 0                                  [anon:mmtk:space:immix]
49400000-49800000 rw-p 00000000 00:00 0                                  [anon:mmtk:space:los]
49800000-4a000000 rw-p 00000000 00:00 0                                  [anon:mmtk:space:immix]
4a000000-4a400000 rw-p 00000000 00:00 0                                  [anon:mmtk:space:los]
4a400000-4a800000 rw-p 00000000 00:00 0                                  [anon:mmtk:space:immix]
4a800000-4ac00000 rw-p 00000000 00:00 0                                  [anon:mmtk:space:los]
4ac00000-4b400000 rw-p 00000000 00:00 0                                  [anon:mmtk:space:immix]
4b400000-4b800000 rw-p 00000000 00:00 0                                  [anon:mmtk:space:los]
4b800000-4c000000 rw-p 00000000 00:00 0                                  [anon:mmtk:space:immix]
4c000000-4c400000 rw-p 00000000 00:00 0                                  [anon:mmtk:space:los]
4c400000-4c800000 rw-p 00000000 00:00 0                                  [anon:mmtk:space:immix]
4c800000-4cc00000 rw-p 00000000 00:00 0                                  [anon:mmtk:space:los]
4cc00000-4d400000 rw-p 00000000 00:00 0                                  [anon:mmtk:space:immix]
4d400000-4d800000 rw-p 00000000 00:00 0                                  [anon:mmtk:space:los]
4d800000-4e000000 rw-p 00000000 00:00 0                                  [anon:mmtk:space:immix]
4e000000-4e400000 rw-p 00000000 00:00 0                                  [anon:mmtk:space:los]
4e400000-4ec00000 rw-p 00000000 00:00 0                                  [anon:mmtk:space:immix]
4ec00000-4f000000 rw-p 00000000 00:00 0                                  [anon:mmtk:space:los]
4f000000-4f400000 rw-p 00000000 00:00 0                                  [anon:mmtk:space:immix]
4f400000-4f800000 rw-p 00000000 00:00 0                                  [anon:mmtk:space:los]
4f800000-50000000 rw-p 00000000 00:00 0                                  [anon:mmtk:space:immix]
50000000-50400000 rw-p 00000000 00:00 0                                  [anon:mmtk:space:los]
50400000-50800000 rw-p 00000000 00:00 0                                  [anon:mmtk:space:immix]
50800000-51800000 rw-p 00000000 00:00 0                                  [anon:mmtk:space:los]
51800000-52000000 rw-p 00000000 00:00 0                                  [anon:mmtk:space:immix]
52000000-52400000 rw-p 00000000 00:00 0                                  [anon:mmtk:space:los]
52400000-52c00000 rw-p 00000000 00:00 0                                  [anon:mmtk:space:immix]
52c00000-53000000 rw-p 00000000 00:00 0                                  [anon:mmtk:space:los]
53000000-53400000 rw-p 00000000 00:00 0                                  [anon:mmtk:space:immix]
53400000-53800000 rw-p 00000000 00:00 0                                  [anon:mmtk:space:los]
53800000-53c00000 rw-p 00000000 00:00 0                                  [anon:mmtk:space:immix]
53c00000-54400000 rw-p 00000000 00:00 0                                  [anon:mmtk:space:los]
54400000-54800000 rw-p 00000000 00:00 0                                  [anon:mmtk:space:immix]
54800000-54c00000 rw-p 00000000 00:00 0                                  [anon:mmtk:space:los]
54c00000-55000000 rw-p 00000000 00:00 0                                  [anon:mmtk:space:immix]
55000000-55400000 rw-p 00000000 00:00 0                                  [anon:mmtk:space:los]
55400000-55800000 rw-p 00000000 00:00 0                                  [anon:mmtk:space:immix]
55800000-55c00000 rw-p 00000000 00:00 0                                  [anon:mmtk:space:los]
55c00000-56000000 rw-p 00000000 00:00 0                                  [anon:mmtk:space:immix]
56000000-56400000 rw-p 00000000 00:00 0                                  [anon:mmtk:space:los]
56400000-56800000 rw-p 00000000 00:00 0                                  [anon:mmtk:space:immix]
56800000-56c00000 rw-p 00000000 00:00 0                                  [anon:mmtk:space:immix]
56c00000-57800000 rw-p 00000000 00:00 0                                  [anon:mmtk:space:los]
57800000-57c00000 rw-p 00000000 00:00 0                                  [anon:mmtk:space:immix]
57c00000-58000000 rw-p 00000000 00:00 0                                  [anon:mmtk:space:immix]
200000000000-2000c00c0000 rw-s 00000000 00:10 68                         anon_inode:bpf-map
5eb8a2f9b000-5eb8a2f9c000 r--p 00000000 fc:00 49676352                   /mydata/openjdk-mmtk/build/b0test/images/jdk/bin/java
5eb8a2f9c000-5eb8a2f9d000 r-xp 00001000 fc:00 49676352                   /mydata/openjdk-mmtk/build/b0test/images/jdk/bin/java
5eb8a2f9d000-5eb8a2f9e000 r--p 00002000 fc:00 49676352                   /mydata/openjdk-mmtk/build/b0test/images/jdk/bin/java
5eb8a2f9e000-5eb8a2f9f000 r--p 00002000 fc:00 49676352                   /mydata/openjdk-mmtk/build/b0test/images/jdk/bin/java
5eb8a2f9f000-5eb8a2fa0000 rw-p 00003000 fc:00 49676352                   /mydata/openjdk-mmtk/build/b0test/images/jdk/bin/java
5eb8d6fef000-5eb8d7037000 rw-p 00000000 00:00 0                          [heap]
6ab620000000-6ab6206cf000 rw-p 00000000 00:00 0 
6ab6206cf000-6ab624000000 ---p 00000000 00:00 0 
6ab624000000-6ab624913000 rw-p 00000000 00:00 0 
6ab624913000-6ab628000000 ---p 00000000 00:00 0 
6ab628000000-6ab628cb4000 rw-p 00000000 00:00 0 
6ab628cb4000-6ab62c000000 ---p 00000000 00:00 0 
6ab62c000000-6ab62c63e000 rw-p 00000000 00:00 0 
6ab62c63e000-6ab630000000 ---p 00000000 00:00 0 
6ab630000000-6ab630956000 rw-p 00000000 00:00 0 
6ab630956000-6ab634000000 ---p 00000000 00:00 0 
6ab634000000-6ab6348f2000 rw-p 00000000 00:00 0 
6ab6348f2000-6ab638000000 ---p 00000000 00:00 0 
6ab638000000-6ab638021000 rw-p 00000000 00:00 0 
6ab638021000-6ab63c000000 ---p 00000000 00:00 0 
6ab63c000000-6ab63c98f000 rw-p 00000000 00:00 0 
6ab63c98f000-6ab640000000 ---p 00000000 00:00 0 
6ab640000000-6ab640021000 rw-p 00000000 00:00 0 
6ab640021000-6ab644000000 ---p 00000000 00:00 0 
6ab644000000-6ab64404a000 rw-p 00000000 00:00 0 
6ab64404a000-6ab648000000 ---p 00000000 00:00 0 
6ab648000000-6ab648021000 rw-p 00000000 00:00 0 
6ab648021000-6ab64c000000 ---p 00000000 00:00 0 
6ab64f500000-6ab64f504000 ---p 00000000 00:00 0 
6ab64f504000-6ab64f600000 rw-p 00000000 00:00 0 
6ab64f600000-6ab64f604000 ---p 00000000 00:00 0 
6ab64f604000-6ab64f700000 rw-p 00000000 00:00 0 
6ab64f700000-6ab64f704000 ---p 00000000 00:00 0 
6ab64f704000-6ab64f800000 rw-p 00000000 00:00 0 
6ab64f800000-6ab64f804000 ---p 00000000 00:00 0 
6ab64f804000-6ab64f900000 rw-p 00000000 00:00 0 
6ab64f900000-6ab64f904000 ---p 00000000 00:00 0 
6ab64f904000-6ab64fa00000 rw-p 00000000 00:00 0 
6ab64fa00000-6ab64fa04000 ---p 00000000 00:00 0 
6ab64fa04000-6ab64fb00000 rw-p 00000000 00:00 0 
6ab64fb00000-6ab64fb04000 ---p 00000000 00:00 0 
6ab64fb04000-6ab64fc00000 rw-p 00000000 00:00 0 
6ab64fc00000-6ab64fc04000 ---p 00000000 00:00 0 
6ab64fc04000-6ab64fd00000 rw-p 00000000 00:00 0 
6ab64fd00000-6ab64fd04000 ---p 00000000 00:00 0 
6ab64fd04000-6ab64fe00000 rw-p 00000000 00:00 0 
6ab64fe00000-6ab64fe04000 ---p 00000000 00:00 0 
6ab64fe04000-6ab64ff00000 rw-p 00000000 00:00 0 
6ab64ff00000-6ab64ff04000 ---p 00000000 00:00 0 
6ab64ff04000-6ab650000000 rw-p 00000000 00:00 0 
6ab650000000-6ab650021000 rw-p 00000000 00:00 0 
6ab650021000-6ab654000000 ---p 00000000 00:00 0 
6ab654000000-6ab654021000 rw-p 00000000 00:00 0 
6ab654021000-6ab658000000 ---p 00000000 00:00 0 
6ab658000000-6ab658027000 rw-p 00000000 00:00 0 
6ab658027000-6ab65c000000 ---p 00000000 00:00 0 
6ab65c000000-6ab65c031000 rw-p 00000000 00:00 0 
6ab65c031000-6ab660000000 ---p 00000000 00:00 0 
6ab660000000-6ab660021000 rw-p 00000000 00:00 0 
6ab660021000-6ab664000000 ---p 00000000 00:00 0 
6ab664000000-6ab664021000 rw-p 00000000 00:00 0 
6ab664021000-6ab668000000 ---p 00000000 00:00 0 
6ab668000000-6ab668021000 rw-p 00000000 00:00 0 
6ab668021000-6ab66c000000 ---p 00000000 00:00 0 
6ab66c000000-6ab66c021000 rw-p 00000000 00:00 0 
6ab66c021000-6ab670000000 ---p 00000000 00:00 0 
6ab670000000-6ab670021000 rw-p 00000000 00:00 0 
6ab670021000-6ab674000000 ---p 00000000 00:00 0 
6ab674000000-6ab67405b000 rw-p 00000000 00:00 0 
6ab67405b000-6ab678000000 ---p 00000000 00:00 0 
6ab678000000-6ab67802c000 rw-p 00000000 00:00 0 
6ab67802c000-6ab67c000000 ---p 00000000 00:00 0 
6ab67c000000-6ab67c021000 rw-p 00000000 00:00 0 
6ab67c021000-6ab680000000 ---p 00000000 00:00 0 
6ab680000000-6ab680049000 rw-p 00000000 00:00 0 
6ab680049000-6ab684000000 ---p 00000000 00:00 0 
6ab684000000-6ab684021000 rw-p 00000000 00:00 0 
6ab684021000-6ab688000000 ---p 00000000 00:00 0 
6ab688000000-6ab688021000 rw-p 00000000 00:00 0 
6ab688021000-6ab68c000000 ---p 00000000 00:00 0 
6ab68c000000-6ab68c021000 rw-p 00000000 00:00 0 
6ab68c021000-6ab690000000 ---p 00000000 00:00 0 
6ab690000000-6ab690021000 rw-p 00000000 00:00 0 
6ab690021000-6ab694000000 ---p 00000000 00:00 0 
6ab694000000-6ab694021000 rw-p 00000000 00:00 0 
6ab694021000-6ab698000000 ---p 00000000 00:00 0 
6ab698000000-6ab698021000 rw-p 00000000 00:00 0 
6ab698021000-6ab69c000000 ---p 00000000 00:00 0 
6ab69c000000-6ab69c021000 rw-p 00000000 00:00 0 
6ab69c021000-6ab6a0000000 ---p 00000000 00:00 0 
6ab6a0000000-6ab6a002b000 rw-p 00000000 00:00 0 
6ab6a002b000-6ab6a4000000 ---p 00000000 00:00 0 
6ab6a4000000-6ab6a4021000 rw-p 00000000 00:00 0 
6ab6a4021000-6ab6a8000000 ---p 00000000 00:00 0 
6ab6a8000000-6ab6a804b000 rw-p 00000000 00:00 0 
6ab6a804b000-6ab6ac000000 ---p 00000000 00:00 0 
6ab6ac000000-6ab6ac021000 rw-p 00000000 00:00 0 
6ab6ac021000-6ab6b0000000 ---p 00000000 00:00 0 
6ab6b0000000-6ab6b0022000 rw-p 00000000 00:00 0 
6ab6b0022000-6ab6b4000000 ---p 00000000 00:00 0 
6ab6b4000000-6ab6b405a000 rw-p 00000000 00:00 0 
6ab6b405a000-6ab6b8000000 ---p 00000000 00:00 0 
6ab6b8000000-6ab6b8025000 rw-p 00000000 00:00 0 
6ab6b8025000-6ab6bc000000 ---p 00000000 00:00 0 
6ab6bc000000-6ab6bc021000 rw-p 00000000 00:00 0 
6ab6bc021000-6ab6c0000000 ---p 00000000 00:00 0 
6ab6c0000000-6ab6c01b3000 rw-p 00000000 00:00 0 
6ab6c01b3000-6ab6c4000000 ---p 00000000 00:00 0 
6ab6c4000000-6ab6c4a4f000 rw-p 00000000 00:00 0 
6ab6c4a4f000-6ab6c8000000 ---p 00000000 00:00 0 
6ab6c8000000-6ab6c8dc1000 rw-p 00000000 00:00 0 
6ab6c8dc1000-6ab6cc000000 ---p 00000000 00:00 0 
6ab6cc000000-6ab6cc17c000 rw-p 00000000 00:00 0 
6ab6cc17c000-6ab6d0000000 ---p 00000000 00:00 0 
6ab6d0000000-6ab6d0021000 rw-p 00000000 00:00 0 
6ab6d0021000-6ab6d4000000 ---p 00000000 00:00 0 
6ab6d4000000-6ab6d4021000 rw-p 00000000 00:00 0 
6ab6d4021000-6ab6d8000000 ---p 00000000 00:00 0 
6ab6d8000000-6ab6d838f000 rw-p 00000000 00:00 0 
6ab6d838f000-6ab6dc000000 ---p 00000000 00:00 0 
6ab6dc000000-6ab6dc263000 rw-p 00000000 00:00 0 
6ab6dc263000-6ab6e0000000 ---p 00000000 00:00 0 
6ab6e0000000-6ab6e0bfe000 rw-p 00000000 00:00 0 
6ab6e0bfe000-6ab6e4000000 ---p 00000000 00:00 0 
6ab6e4000000-6ab6e4244000 rw-p 00000000 00:00 0 
6ab6e4244000-6ab6e8000000 ---p 00000000 00:00 0 
6ab6e8000000-6ab6e8021000 rw-p 00000000 00:00 0 
6ab6e8021000-6ab6ec000000 ---p 00000000 00:00 0 
6ab6ec000000-6ab6ec021000 rw-p 00000000 00:00 0 
6ab6ec021000-6ab6f0000000 ---p 00000000 00:00 0 
6ab6f0000000-6ab6f0043000 rw-p 00000000 00:00 0 
6ab6f0043000-6ab6f4000000 ---p 00000000 00:00 0 
6ab6f4000000-6ab6f4021000 rw-p 00000000 00:00 0 
6ab6f4021000-6ab6f8000000 ---p 00000000 00:00 0 
6ab6f8000000-6ab6f805b000 rw-p 00000000 00:00 0 
6ab6f805b000-6ab6fc000000 ---p 00000000 00:00 0 
6ab6fc000000-6ab6fc05b000 rw-p 00000000 00:00 0 
6ab6fc05b000-6ab700000000 ---p 00000000 00:00 0 
6ab700000000-6ab700042000 rw-p 00000000 00:00 0 
6ab700042000-6ab704000000 ---p 00000000 00:00 0 
6ab704000000-6ab70404a000 rw-p 00000000 00:00 0 
6ab70404a000-6ab708000000 ---p 00000000 00:00 0 
6ab708000000-6ab708062000 rw-p 00000000 00:00 0 
6ab708062000-6ab70c000000 ---p 00000000 00:00 0 
6ab70c000000-6ab70c188000 rw-p 00000000 00:00 0 
6ab70c188000-6ab710000000 ---p 00000000 00:00 0 
6ab710000000-6ab71002e000 rw-p 00000000 00:00 0 
6ab71002e000-6ab714000000 ---p 00000000 00:00 0 
6ab714000000-6ab714047000 rw-p 00000000 00:00 0 
6ab714047000-6ab718000000 ---p 00000000 00:00 0 
6ab718000000-6ab718033000 rw-p 00000000 00:00 0 
6ab718033000-6ab71c000000 ---p 00000000 00:00 0 
6ab71c000000-6ab71c04e000 rw-p 00000000 00:00 0 
6ab71c04e000-6ab720000000 ---p 00000000 00:00 0 
6ab720000000-6ab72004a000 rw-p 00000000 00:00 0 
6ab72004a000-6ab724000000 ---p 00000000 00:00 0 
6ab724000000-6ab724328000 rw-p 00000000 00:00 0 
6ab724328000-6ab728000000 ---p 00000000 00:00 0 
6ab728000000-6ab728033000 rw-p 00000000 00:00 0 
6ab728033000-6ab72c000000 ---p 00000000 00:00 0 
6ab72c000000-6ab72c02d000 rw-p 00000000 00:00 0 
6ab72c02d000-6ab730000000 ---p 00000000 00:00 0 
6ab730000000-6ab73005a000 rw-p 00000000 00:00 0 
6ab73005a000-6ab734000000 ---p 00000000 00:00 0 
6ab734000000-6ab7340fe000 rw-p 00000000 00:00 0 
6ab7340fe000-6ab738000000 ---p 00000000 00:00 0 
6ab738000000-6ab738312000 rw-p 00000000 00:00 0 
6ab738312000-6ab73c000000 ---p 00000000 00:00 0 
6ab73c000000-6ab73c042000 rw-p 00000000 00:00 0 
6ab73c042000-6ab740000000 ---p 00000000 00:00 0 
6ab740000000-6ab74003b000 rw-p 00000000 00:00 0 
6ab74003b000-6ab744000000 ---p 00000000 00:00 0 
6ab744000000-6ab74405d000 rw-p 00000000 00:00 0 
6ab74405d000-6ab748000000 ---p 00000000 00:00 0 
6ab748000000-6ab748044000 rw-p 00000000 00:00 0 
6ab748044000-6ab74c000000 ---p 00000000 00:00 0 
6ab74c000000-6ab74c03a000 rw-p 00000000 00:00 0 
6ab74c03a000-6ab750000000 ---p 00000000 00:00 0 
6ab750000000-6ab750021000 rw-p 00000000 00:00 0 
6ab750021000-6ab754000000 ---p 00000000 00:00 0 
6ab754000000-6ab754021000 rw-p 00000000 00:00 0 
6ab754021000-6ab758000000 ---p 00000000 00:00 0 
6ab758000000-6ab758021000 rw-p 00000000 00:00 0 
6ab758021000-6ab75c000000 ---p 00000000 00:00 0 
6ab75c000000-6ab75c021000 rw-p 00000000 00:00 0 
6ab75c021000-6ab760000000 ---p 00000000 00:00 0 
6ab760000000-6ab760280000 rw-p 00000000 00:00 0 
6ab760280000-6ab760400000 ---p 00000000 00:00 0 
6ab760400000-6ab7608c0000 rw-p 00000000 00:00 0 
6ab7608c0000-6ab764000000 ---p 00000000 00:00 0 
6ab764000000-6ab764021000 rw-p 00000000 00:00 0 
6ab764021000-6ab768000000 ---p 00000000 00:00 0 
6ab7680fa000-6ab7680fe000 ---p 00000000 00:00 0 
6ab7680fe000-6ab7681fa000 rw-p 00000000 00:00 0 
6ab7681fa000-6ab7681fe000 ---p 00000000 00:00 0 
6ab7681fe000-6ab7682fa000 rw-p 00000000 00:00 0 
6ab7682fa000-6ab7682fe000 ---p 00000000 00:00 0 
6ab7682fe000-6ab7683fa000 rw-p 00000000 00:00 0 
6ab7683fa000-6ab7683fe000 ---p 00000000 00:00 0 
6ab7683fe000-6ab7684fa000 rw-p 00000000 00:00 0 
6ab7684fa000-6ab7684fe000 ---p 00000000 00:00 0 
6ab7684fe000-6ab7685fa000 rw-p 00000000 00:00 0 
6ab7685fa000-6ab7685fe000 ---p 00000000 00:00 0 
6ab7685fe000-6ab7686fa000 rw-p 00000000 00:00 0 
6ab7686fa000-6ab7686fe000 ---p 00000000 00:00 0 
6ab7686fe000-6ab7687fa000 rw-p 00000000 00:00 0 
6ab7687fa000-6ab7687fe000 ---p 00000000 00:00 0 
6ab7687fe000-6ab7688fa000 rw-p 00000000 00:00 0 
6ab7688fa000-6ab7688fe000 ---p 00000000 00:00 0 
6ab7688fe000-6ab7689fa000 rw-p 00000000 00:00 0 
6ab7689fa000-6ab7689fe000 ---p 00000000 00:00 0 
6ab7689fe000-6ab768afa000 rw-p 00000000 00:00 0 
6ab768afa000-6ab768afe000 ---p 00000000 00:00 0 
6ab768afe000-6ab768bfa000 rw-p 00000000 00:00 0 
6ab768bfa000-6ab768bfe000 ---p 00000000 00:00 0 
6ab768bfe000-6ab768cfa000 rw-p 00000000 00:00 0 
6ab768cfa000-6ab768cfe000 ---p 00000000 00:00 0 
6ab768cfe000-6ab768dfa000 rw-p 00000000 00:00 0 
6ab768dfa000-6ab768dfe000 ---p 00000000 00:00 0 
6ab768dfe000-6ab768efa000 rw-p 00000000 00:00 0 
6ab768efa000-6ab768efe000 ---p 00000000 00:00 0 
6ab768efe000-6ab768ffa000 rw-p 00000000 00:00 0 
6ab768ffa000-6ab768ffe000 ---p 00000000 00:00 0 
6ab768ffe000-6ab7690fa000 rw-p 00000000 00:00 0 
6ab7690fa000-6ab7690fe000 ---p 00000000 00:00 0 
6ab7690fe000-6ab7691fa000 rw-p 00000000 00:00 0 
6ab7691fa000-6ab7691fe000 ---p 00000000 00:00 0 
6ab7691fe000-6ab7692fa000 rw-p 00000000 00:00 0 
6ab7692fa000-6ab7692fe000 ---p 00000000 00:00 0 
6ab7692fe000-6ab7693fa000 rw-p 00000000 00:00 0 
6ab7693fa000-6ab7693fe000 ---p 00000000 00:00 0 
6ab7693fe000-6ab7694fa000 rw-p 00000000 00:00 0 
6ab7694fa000-6ab7694fe000 ---p 00000000 00:00 0 
6ab7694fe000-6ab7695fa000 rw-p 00000000 00:00 0 
6ab7695fa000-6ab7695fe000 ---p 00000000 00:00 0 
6ab7695fe000-6ab7696fa000 rw-p 00000000 00:00 0 
6ab7696fa000-6ab7696fe000 ---p 00000000 00:00 0 
6ab7696fe000-6ab7697fa000 rw-p 00000000 00:00 0 
6ab7697fa000-6ab7697fe000 ---p 00000000 00:00 0 
6ab7697fe000-6ab7698fa000 rw-p 00000000 00:00 0 
6ab7698fa000-6ab7698fe000 ---p 00000000 00:00 0 
6ab7698fe000-6ab7699fa000 rw-p 00000000 00:00 0 
6ab7699fa000-6ab7699fe000 ---p 00000000 00:00 0 
6ab7699fe000-6ab769afa000 rw-p 00000000 00:00 0 
6ab769afa000-6ab769afe000 ---p 00000000 00:00 0 
6ab769afe000-6ab769bfa000 rw-p 00000000 00:00 0 
6ab769bfa000-6ab769bfe000 ---p 00000000 00:00 0 
6ab769bfe000-6ab769cfa000 rw-p 00000000 00:00 0 
6ab769cfa000-6ab769cfe000 ---p 00000000 00:00 0 
6ab769cfe000-6ab769dfa000 rw-p 00000000 00:00 0 
6ab769dfa000-6ab769dfe000 ---p 00000000 00:00 0 
6ab769dfe000-6ab769efa000 rw-p 00000000 00:00 0 
6ab769efa000-6ab769efe000 ---p 00000000 00:00 0 
6ab769efe000-6ab769ffa000 rw-p 00000000 00:00 0 
6ab769ffa000-6ab769ffe000 ---p 00000000 00:00 0 
6ab769ffe000-6ab76a0fa000 rw-p 00000000 00:00 0 
6ab76a0fa000-6ab76a0fe000 ---p 00000000 00:00 0 
6ab76a0fe000-6ab76a1fa000 rw-p 00000000 00:00 0 
6ab76a1fa000-6ab76a1fe000 ---p 00000000 00:00 0 
6ab76a1fe000-6ab76a2fa000 rw-p 00000000 00:00 0 
6ab76a2fa000-6ab76a2fe000 ---p 00000000 00:00 0 
6ab76a2fe000-6ab76a3fa000 rw-p 00000000 00:00 0 
6ab76a3fa000-6ab76a3fe000 ---p 00000000 00:00 0 
6ab76a3fe000-6ab76a4fa000 rw-p 00000000 00:00 0 
6ab76a4fa000-6ab76a4fe000 ---p 00000000 00:00 0 
6ab76a4fe000-6ab76a5fa000 rw-p 00000000 00:00 0 
6ab76a5fa000-6ab76a5fe000 ---p 00000000 00:00 0 
6ab76a5fe000-6ab76a6fa000 rw-p 00000000 00:00 0 
6ab76a6fa000-6ab76a6fe000 ---p 00000000 00:00 0 
6ab76a6fe000-6ab76a7fa000 rw-p 00000000 00:00 0 
6ab76a7fa000-6ab76a7fe000 ---p 00000000 00:00 0 
6ab76a7fe000-6ab76a8fa000 rw-p 00000000 00:00 0 
6ab76a8fa000-6ab76a8fe000 ---p 00000000 00:00 0 
6ab76a8fe000-6ab76a9fa000 rw-p 00000000 00:00 0 
6ab76a9fa000-6ab76a9fb000 ---p 00000000 00:00 0 
6ab76a9fb000-6ab76aafb000 rw-p 00000000 00:00 0 
6ab76aafb000-6ab76aafc000 ---p 00000000 00:00 0 
6ab76aafc000-6ab76abfc000 rw-p 00000000 00:00 0 
6ab76abfc000-6ab76abfd000 ---p 00000000 00:00 0 
6ab76abfd000-6ab76acfd000 rw-p 00000000 00:00 0 
6ab76acfd000-6ab76acfe000 ---p 00000000 00:00 0 
6ab76acfe000-6ab76adfe000 rw-p 00000000 00:00 0 
6ab76adfe000-6ab76adff000 ---p 00000000 00:00 0 
6ab76adff000-6ab76aeff000 rw-p 00000000 00:00 0 
6ab76aeff000-6ab76af00000 ---p 00000000 00:00 0 
6ab76af00000-6ab76b000000 rw-p 00000000 00:00 0 
6ab76b000000-6ab76bca3000 rw-p 00001000 fc:00 49677060                   /mydata/openjdk-mmtk/build/b0test/images/jdk/lib/server/classes.jsa
6ab76bca3000-6ab76c000000 ---p 00000000 00:00 0 
6ab76c000000-6ab76c040000 rw-p 00000000 00:00 0 
6ab76c040000-6ab76c110000 rw-p 00000000 00:00 0 
6ab76c110000-6ab7ac000000 ---p 00000000 00:00 0 
6ab7ac000000-6ab7ac021000 rw-p 00000000 00:00 0 
6ab7ac021000-6ab7b0000000 ---p 00000000 00:00 0 
6ab7b00f3000-6ab7b00f4000 ---p 00000000 00:00 0 
6ab7b00f4000-6ab7b01f4000 rw-p 00000000 00:00 0 
6ab7b01f4000-6ab7b01f5000 ---p 00000000 00:00 0 
6ab7b01f5000-6ab7b02f5000 rw-p 00000000 00:00 0 
6ab7b02f5000-6ab7b02f6000 ---p 00000000 00:00 0 
6ab7b02f6000-6ab7b03f6000 rw-p 00000000 00:00 0 
6ab7b03f6000-6ab7b03f7000 ---p 00000000 00:00 0 
6ab7b03f7000-6ab7b04f7000 rw-p 00000000 00:00 0 
6ab7b04f7000-6ab7b04f8000 ---p 00000000 00:00 0 
6ab7b04f8000-6ab7b05f8000 rw-p 00000000 00:00 0 
6ab7b05f8000-6ab7b05f9000 ---p 00000000 00:00 0 
6ab7b05f9000-6ab7b06f9000 rw-p 00000000 00:00 0 
6ab7b06f9000-6ab7b06fa000 ---p 00000000 00:00 0 
6ab7b06fa000-6ab7b07fa000 rw-p 00000000 00:00 0 
6ab7b07fa000-6ab7b07fb000 ---p 00000000 00:00 0 
6ab7b07fb000-6ab7b08fb000 rw-p 00000000 00:00 0 
6ab7b08fb000-6ab7b08fc000 ---p 00000000 00:00 0 
6ab7b08fc000-6ab7b09fc000 rw-p 00000000 00:00 0 
6ab7b09fc000-6ab7b09fd000 ---p 00000000 00:00 0 
6ab7b09fd000-6ab7b0afd000 rw-p 00000000 00:00 0 
6ab7b0afd000-6ab7b0afe000 ---p 00000000 00:00 0 
6ab7b0afe000-6ab7b0bfe000 rw-p 00000000 00:00 0 
6ab7b0bfe000-6ab7b0bff000 ---p 00000000 00:00 0 
6ab7b0bff000-6ab7b0cff000 rw-p 00000000 00:00 0 
6ab7b0cff000-6ab7b0d00000 ---p 00000000 00:00 0 
6ab7b0d00000-6ab7b0e00000 rw-p 00000000 00:00 0 
6ab7b0e00000-6ab7b10eb000 r--p 00000000 08:03 1410552                    /usr/lib/locale/locale-archive
6ab7b10ff000-6ab7b1100000 ---p 00000000 00:00 0 
6ab7b1100000-6ab7b1200000 rw-p 00000000 00:00 0 
6ab7b1200000-6ab7b4200000 rw-p 00000000 00:00 0 
6ab7b42fb000-6ab7b42fc000 ---p 00000000 00:00 0 
6ab7b42fc000-6ab7b43fc000 rw-p 00000000 00:00 0 
6ab7b43fc000-6ab7e4400000 rw-p 00000000 00:00 0 
6ab7e4400000-6ab7e5400000 ---p 00000000 00:00 0                          [anon:mmtk:sidemeta:all:all-quarantined]
6ab7e5400000-6ab7e5800000 rw-p 00000000 00:00 0                          [anon:mmtk:sidemeta:immix:VO_BIT]
6ab7e5800000-6ab7e5c00000 rw-p 00000000 00:00 0                          [anon:mmtk:sidemeta:los:VO_BIT]
6ab7e5c00000-6cb7e6400000 ---p 00000000 00:00 0                          [anon:mmtk:sidemeta:all:all-quarantined]
6cb7e6400000-6cb7e6800000 rw-p 00000000 00:00 0                          [anon:mmtk:sidemeta:immix:CHUNK_MARK]
6cb7e6800000-6cb7e9400000 ---p 00000000 00:00 0                          [anon:mmtk:sidemeta:all:all-quarantined]
6cb7e9400000-6cb7e9800000 rw-p 00000000 00:00 0                          [anon:mmtk:sidemeta:immix:VMGlobalLogBitSpec]
6cb7e9800000-6cb7e9c00000 rw-p 00000000 00:00 0                          [anon:mmtk:sidemeta:los:VMGlobalLogBitSpec]
6cb7e9c00000-6ebfe8800000 ---p 00000000 00:00 0                          [anon:mmtk:sidemeta:all:all-quarantined]
6ebfe8800000-6ebfe8c00000 rw-p 00000000 00:00 0                          [anon:mmtk:sidemeta:immix:IX_LINE_MARK]
6ebfe8c00000-6f3fe8400000 ---p 00000000 00:00 0                          [anon:mmtk:sidemeta:all:all-quarantined]
6f3fe8400000-6f3fe8800000 rw-p 00000000 00:00 0                          [anon:mmtk:sidemeta:immix:IX_BLOCK_DEFRAG]
6f3fe8800000-6f40e8400000 ---p 00000000 00:00 0                          [anon:mmtk:sidemeta:all:all-quarantined]
6f40e8400000-6f40e8800000 rw-p 00000000 00:00 0                          [anon:mmtk:sidemeta:immix:IX_BLOCK_MARK]
6f40e8800000-756268400000 ---p 00000000 00:00 0                          [anon:mmtk:sidemeta:all:all-quarantined]
756268400000-756268800000 rw-p 00000000 00:00 0                          [anon:mmtk:sidemeta:los:VMLocalLOSMarkNurserySpec]
756268800000-756469400000 ---p 00000000 00:00 0                          [anon:mmtk:sidemeta:all:all-quarantined]
756469400000-756469c00000 rw-p 00000000 00:00 0                          [anon:mmtk:sidemeta:immix:VMLocalMarkBitSpec]
756469c00000-776468400000 ---p 00000000 00:00 0                          [anon:mmtk:sidemeta:all:all-quarantined]
77646842c000-776468431000 r--p 00000000 fc:00 49676433                   /mydata/openjdk-mmtk/build/b0test/images/jdk/lib/libjsvml.so
776468431000-776468472000 r-xp 00005000 fc:00 49676433                   /mydata/openjdk-mmtk/build/b0test/images/jdk/lib/libjsvml.so
776468472000-7764684fb000 r--p 00046000 fc:00 49676433                   /mydata/openjdk-mmtk/build/b0test/images/jdk/lib/libjsvml.so
7764684fb000-7764684fc000 r--p 000ce000 fc:00 49676433                   /mydata/openjdk-mmtk/build/b0test/images/jdk/lib/libjsvml.so
7764684fc000-7764684fd000 rw-p 000cf000 fc:00 49676433                   /mydata/openjdk-mmtk/build/b0test/images/jdk/lib/libjsvml.so
7764684fd000-7764684fe000 ---p 00000000 00:00 0 
7764684fe000-7764685fe000 rw-p 00000000 00:00 0 
7764685fe000-7764685ff000 ---p 00000000 00:00 0 
7764685ff000-7764686ff000 rw-p 00000000 00:00 0 
7764686ff000-776468703000 ---p 00000000 00:00 0 
776468703000-7764687ff000 rw-p 00000000 00:00 0 
7764687ff000-776488800000 rw-p 00000000 00:00 0 
776488800000-776488ed0000 rwxp 00000000 00:00 0 
776488ed0000-77648fc17000 ---p 00000000 00:00 0 
77648fc17000-77648ff97000 rwxp 00000000 00:00 0 
77648ff97000-7764903e8000 ---p 00000000 00:00 0 
7764903e8000-7764906d8000 rwxp 00000000 00:00 0 
7764906d8000-776497800000 ---p 00000000 00:00 0 
776497800000-77649ffa0000 r--s 00000000 fc:00 49676300                   /mydata/openjdk-mmtk/build/b0test/images/jdk/lib/modules
7764a0000000-7764a07f2000 rw-p 00000000 00:00 0 
7764a07f2000-7764a4000000 ---p 00000000 00:00 0 
7764a4042000-7764a4046000 ---p 00000000 00:00 0 
7764a4046000-7764a4142000 rw-p 00000000 00:00 0 
7764a4142000-7764a4146000 ---p 00000000 00:00 0 
7764a4146000-7764a4242000 rw-p 00000000 00:00 0 
7764a4242000-7764a4243000 ---p 00000000 00:00 0 
7764a4243000-7764a4343000 rw-p 00000000 00:00 0 
7764a4343000-7764a4344000 ---p 00000000 00:00 0 
7764a4344000-7764a4444000 rw-p 00000000 00:00 0 
7764a4444000-7764a4445000 ---p 00000000 00:00 0 
7764a4445000-7764a4545000 rw-p 00000000 00:00 0 
7764a4545000-7764a4b46000 rw-p 00000000 00:00 0 
7764a4b46000-7764a4b4a000 r--p 00000000 08:03 1410107                    /usr/lib/x86_64-linux-gnu/libzstd.so.1.5.5
7764a4b4a000-7764a4bf1000 r-xp 00004000 08:03 1410107                    /usr/lib/x86_64-linux-gnu/libzstd.so.1.5.5
7764a4bf1000-7764a4bfe000 r--p 000ab000 08:03 1410107                    /usr/lib/x86_64-linux-gnu/libzstd.so.1.5.5
7764a4bfe000-7764a4bff000 r--p 000b7000 08:03 1410107                    /usr/lib/x86_64-linux-gnu/libzstd.so.1.5.5
7764a4bff000-7764a4c00000 rw-p 000b8000 08:03 1410107                    /usr/lib/x86_64-linux-gnu/libzstd.so.1.5.5
7764a4c00000-7764a4c0c000 r--p 00000000 fc:00 13107796                   /mydata/gc-bpf-fault/shim/libgcbpf.so
7764a4c0c000-7764a4c6e000 r-xp 0000c000 fc:00 13107796                   /mydata/gc-bpf-fault/shim/libgcbpf.so
7764a4c6e000-7764a4ede000 r--p 0006e000 fc:00 13107796                   /mydata/gc-bpf-fault/shim/libgcbpf.so
7764a4ede000-7764a4ee0000 r--p 002de000 fc:00 13107796                   /mydata/gc-bpf-fault/shim/libgcbpf.so
7764a4ee0000-7764a4ee1000 rw-p 002e0000 fc:00 13107796                   /mydata/gc-bpf-fault/shim/libgcbpf.so
7764a4ee1000-7764a4ee2000 rw-p 00000000 00:00 0 
7764a4f17000-7764a4f1d000 rw-p 00000000 00:00 0 
7764a4f1d000-7764a5000000 ---p 00000000 00:00 0 
7764a5000000-7764a5148000 r--p 00000000 fc:00 49676390                   /mydata/openjdk-mmtk/build/b0test/images/jdk/lib/server/libmmtk_openjdk.so
7764a5148000-7764a53c7000 r-xp 00147000 fc:00 49676390                   /mydata/openjdk-mmtk/build/b0test/images/jdk/lib/server/libmmtk_openjdk.so
7764a53c7000-7764a5407000 r--p 003c5000 fc:00 49676390                   /mydata/openjdk-mmtk/build/b0test/images/jdk/lib/server/libmmtk_openjdk.so
7764a5407000-7764a540a000 rw-p 00404000 fc:00 49676390                   /mydata/openjdk-mmtk/build/b0test/images/jdk/lib/server/libmmtk_openjdk.so
7764a540a000-7764a540c000 rw-p 00000000 00:00 0 
7764a5410000-7764a5417000 r--s 00000000 08:03 1436340                    /usr/lib/x86_64-linux-gnu/gconv/gconv-modules.cache
7764a5417000-7764a5425000 rw-p 00000000 00:00 0 
7764a5425000-7764a5500000 ---p 00000000 00:00 0 
7764a5500000-7764a5504000 ---p 00000000 00:00 0 
7764a5504000-7764a5600000 rw-p 00000000 00:00 0 
7764a5600000-7764a58a9000 r--p 00000000 fc:00 49676389                   /mydata/openjdk-mmtk/build/b0test/images/jdk/lib/server/libjvm.so
7764a58a9000-7764a673c000 r-xp 002a9000 fc:00 49676389                   /mydata/openjdk-mmtk/build/b0test/images/jdk/lib/server/libjvm.so
7764a673c000-7764a6a20000 r--p 0113c000 fc:00 49676389                   /mydata/openjdk-mmtk/build/b0test/images/jdk/lib/server/libjvm.so
7764a6a20000-7764a6af6000 r--p 0141f000 fc:00 49676389                   /mydata/openjdk-mmtk/build/b0test/images/jdk/lib/server/libjvm.so
7764a6af6000-7764a6b26000 rw-p 014f5000 fc:00 49676389                   /mydata/openjdk-mmtk/build/b0test/images/jdk/lib/server/libjvm.so
7764a6b26000-7764a6b8c000 rw-p 00000000 00:00 0 
7764a6b8c000-7764a6b90000 r--p 00000000 fc:00 49676379                   /mydata/openjdk-mmtk/build/b0test/images/jdk/lib/libverify.so
7764a6b90000-7764a6b97000 r-xp 00004000 fc:00 49676379                   /mydata/openjdk-mmtk/build/b0test/images/jdk/lib/libverify.so
7764a6b97000-7764a6b99000 r--p 0000b000 fc:00 49676379                   /mydata/openjdk-mmtk/build/b0test/images/jdk/lib/libverify.so
7764a6b99000-7764a6b9b000 r--p 0000c000 fc:00 49676379                   /mydata/openjdk-mmtk/build/b0test/images/jdk/lib/libverify.so
7764a6b9b000-7764a6b9c000 rw-p 0000e000 fc:00 49676379                   /mydata/openjdk-mmtk/build/b0test/images/jdk/lib/libverify.so
7764a6b9c000-7764a6b9e000 r--p 00000000 fc:00 49676380                   /mydata/openjdk-mmtk/build/b0test/images/jdk/lib/libzip.so
7764a6b9e000-7764a6ba3000 r-xp 00002000 fc:00 49676380                   /mydata/openjdk-mmtk/build/b0test/images/jdk/lib/libzip.so
7764a6ba3000-7764a6ba5000 r--p 00007000 fc:00 49676380                   /mydata/openjdk-mmtk/build/b0test/images/jdk/lib/libzip.so
7764a6ba5000-7764a6ba6000 r--p 00008000 fc:00 49676380                   /mydata/openjdk-mmtk/build/b0test/images/jdk/lib/libzip.so
7764a6ba6000-7764a6ba7000 rw-p 00009000 fc:00 49676380                   /mydata/openjdk-mmtk/build/b0test/images/jdk/lib/libzip.so
7764a6ba7000-7764a6bae000 r--p 00000000 fc:00 49676377                   /mydata/openjdk-mmtk/build/b0test/images/jdk/lib/libnio.so
7764a6bae000-7764a6bb7000 r-xp 00007000 fc:00 49676377                   /mydata/openjdk-mmtk/build/b0test/images/jdk/lib/libnio.so
7764a6bb7000-7764a6bbb000 r--p 00010000 fc:00 49676377                   /mydata/openjdk-mmtk/build/b0test/images/jdk/lib/libnio.so
7764a6bbb000-7764a6bbc000 r--p 00014000 fc:00 49676377                   /mydata/openjdk-mmtk/build/b0test/images/jdk/lib/libnio.so
7764a6bbc000-7764a6bbd000 rw-p 00015000 fc:00 49676377                   /mydata/openjdk-mmtk/build/b0test/images/jdk/lib/libnio.so
7764a6bbd000-7764a6bc0000 r--p 00000000 08:03 1410420                    /usr/lib/x86_64-linux-gnu/libelf-0.190.so
7764a6bc0000-7764a6bd6000 r-xp 00003000 08:03 1410420                    /usr/lib/x86_64-linux-gnu/libelf-0.190.so
7764a6bd6000-7764a6bda000 r--p 00019000 08:03 1410420                    /usr/lib/x86_64-linux-gnu/libelf-0.190.so
7764a6bda000-7764a6bdb000 r--p 0001c000 08:03 1410420                    /usr/lib/x86_64-linux-gnu/libelf-0.190.so
7764a6bdb000-7764a6bdc000 rw-p 0001d000 08:03 1410420                    /usr/lib/x86_64-linux-gnu/libelf-0.190.so
7764a6bdc000-7764a6be9000 r--p 00000000 fc:00 49676369                   /mydata/openjdk-mmtk/build/b0test/images/jdk/lib/libjava.so
7764a6be9000-7764a6bf8000 r-xp 0000d000 fc:00 49676369                   /mydata/openjdk-mmtk/build/b0test/images/jdk/lib/libjava.so
7764a6bf8000-7764a6bfd000 r--p 0001c000 fc:00 49676369                   /mydata/openjdk-mmtk/build/b0test/images/jdk/lib/libjava.so
7764a6bfd000-7764a6bfe000 r--p 00021000 fc:00 49676369                   /mydata/openjdk-mmtk/build/b0test/images/jdk/lib/libjava.so
7764a6bfe000-7764a6bff000 rw-p 00022000 fc:00 49676369                   /mydata/openjdk-mmtk/build/b0test/images/jdk/lib/libjava.so
7764a6bff000-7764a6c00000 rw-p 00000000 00:00 0 
7764a6c00000-7764a6c28000 r--p 00000000 08:03 1410238                    /usr/lib/x86_64-linux-gnu/libc.so.6
7764a6c28000-7764a6db0000 r-xp 00028000 08:03 1410238                    /usr/lib/x86_64-linux-gnu/libc.so.6
7764a6db0000-7764a6dff000 r--p 001b0000 08:03 1410238                    /usr/lib/x86_64-linux-gnu/libc.so.6
7764a6dff000-7764a6e03000 r--p 001fe000 08:03 1410238                    /usr/lib/x86_64-linux-gnu/libc.so.6
7764a6e03000-7764a6e05000 rw-p 00202000 08:03 1410238                    /usr/lib/x86_64-linux-gnu/libc.so.6
7764a6e05000-7764a6e12000 rw-p 00000000 00:00 0 
7764a6e14000-7764a6e17000 r--p 00000000 fc:00 49676376                   /mydata/openjdk-mmtk/build/b0test/images/jdk/lib/libnet.so
7764a6e17000-7764a6e1f000 r-xp 00003000 fc:00 49676376                   /mydata/openjdk-mmtk/build/b0test/images/jdk/lib/libnet.so
7764a6e1f000-7764a6e21000 r--p 0000b000 fc:00 49676376                   /mydata/openjdk-mmtk/build/b0test/images/jdk/lib/libnet.so
7764a6e21000-7764a6e22000 r--p 0000c000 fc:00 49676376                   /mydata/openjdk-mmtk/build/b0test/images/jdk/lib/libnet.so
7764a6e22000-7764a6e23000 rw-p 0000d000 fc:00 49676376                   /mydata/openjdk-mmtk/build/b0test/images/jdk/lib/libnet.so
7764a6e23000-7764a6e2a000 rw-p 00000000 00:00 0 
7764a6e2a000-7764a6e33000 ---p 00000000 00:00 0 
7764a6e33000-7764a6e3b000 rw-s 00000000 08:03 237600                     /tmp/hsperfdata_root/449850
7764a6e3b000-7764a6e3f000 r--p 00000000 fc:00 49676370                   /mydata/openjdk-mmtk/build/b0test/images/jdk/lib/libjimage.so
7764a6e3f000-7764a6e56000 r-xp 00004000 fc:00 49676370                   /mydata/openjdk-mmtk/build/b0test/images/jdk/lib/libjimage.so
7764a6e56000-7764a6e5b000 r--p 0001b000 fc:00 49676370                   /mydata/openjdk-mmtk/build/b0test/images/jdk/lib/libjimage.so
7764a6e5b000-7764a6e5d000 r--p 00020000 fc:00 49676370                   /mydata/openjdk-mmtk/build/b0test/images/jdk/lib/libjimage.so
7764a6e5d000-7764a6e5e000 rw-p 00022000 fc:00 49676370                   /mydata/openjdk-mmtk/build/b0test/images/jdk/lib/libjimage.so
7764a6e5e000-7764a6e62000 r--p 00000000 08:03 1410148                    /usr/lib/x86_64-linux-gnu/libgcc_s.so.1
7764a6e62000-7764a6e86000 r-xp 00004000 08:03 1410148                    /usr/lib/x86_64-linux-gnu/libgcc_s.so.1
7764a6e86000-7764a6e8a000 r--p 00028000 08:03 1410148                    /usr/lib/x86_64-linux-gnu/libgcc_s.so.1
7764a6e8a000-7764a6e8b000 r--p 0002b000 08:03 1410148                    /usr/lib/x86_64-linux-gnu/libgcc_s.so.1
7764a6e8b000-7764a6e8c000 rw-p 0002c000 08:03 1410148                    /usr/lib/x86_64-linux-gnu/libgcc_s.so.1
7764a6e8c000-7764a6e9c000 r--p 00000000 08:03 1411099                    /usr/lib/x86_64-linux-gnu/libm.so.6
7764a6e9c000-7764a6f1b000 r-xp 00010000 08:03 1411099                    /usr/lib/x86_64-linux-gnu/libm.so.6
7764a6f1b000-7764a6f73000 r--p 0008f000 08:03 1411099                    /usr/lib/x86_64-linux-gnu/libm.so.6
7764a6f73000-7764a6f74000 r--p 000e7000 08:03 1411099                    /usr/lib/x86_64-linux-gnu/libm.so.6
7764a6f74000-7764a6f75000 rw-p 000e8000 08:03 1411099                    /usr/lib/x86_64-linux-gnu/libm.so.6
7764a6f75000-7764a6f77000 rw-p 00000000 00:00 0 
7764a6f77000-7764a6f79000 r--p 00000000 08:03 1409104                    /usr/lib/x86_64-linux-gnu/libz.so.1.3
7764a6f79000-7764a6f8b000 r-xp 00002000 08:03 1409104                    /usr/lib/x86_64-linux-gnu/libz.so.1.3
7764a6f8b000-7764a6f91000 r--p 00014000 08:03 1409104                    /usr/lib/x86_64-linux-gnu/libz.so.1.3
7764a6f91000-7764a6f92000 r--p 0001a000 08:03 1409104                    /usr/lib/x86_64-linux-gnu/libz.so.1.3
7764a6f92000-7764a6f93000 rw-p 0001b000 08:03 1409104                    /usr/lib/x86_64-linux-gnu/libz.so.1.3
7764a6f98000-7764a6f99000 rw-s 00000000 00:10 68                         anon_inode:bpf-map
7764a6f99000-7764a6f9a000 r--s 00000000 00:10 68                         anon_inode:bpf-map
7764a6f9a000-7764a6f9b000 ---p 00000000 00:00 0 
7764a6f9b000-7764a6f9c000 r--p 00000000 00:00 0 
7764a6f9c000-7764a6f9d000 ---p 00000000 00:00 0 
7764a6f9d000-7764a6f9f000 r--p 00000000 fc:00 49676372                   /mydata/openjdk-mmtk/build/b0test/images/jdk/lib/libjli.so
7764a6f9f000-7764a6fa9000 r-xp 00002000 fc:00 49676372                   /mydata/openjdk-mmtk/build/b0test/images/jdk/lib/libjli.so
7764a6fa9000-7764a6fac000 r--p 0000c000 fc:00 49676372                   /mydata/openjdk-mmtk/build/b0test/images/jdk/lib/libjli.so
7764a6fac000-7764a6fad000 r--p 0000f000 fc:00 49676372                   /mydata/openjdk-mmtk/build/b0test/images/jdk/lib/libjli.so
7764a6fad000-7764a6fae000 rw-p 00010000 fc:00 49676372                   /mydata/openjdk-mmtk/build/b0test/images/jdk/lib/libjli.so
7764a6fae000-7764a6fb0000 rw-p 00000000 00:00 0 
7764a6fb0000-7764a6fb4000 r--p 00000000 00:00 0                          [vvar]
7764a6fb4000-7764a6fb6000 r--p 00000000 00:00 0                          [vvar_vclock]
7764a6fb6000-7764a6fb8000 r-xp 00000000 00:00 0                          [vdso]
7764a6fb8000-7764a6fb9000 r--p 00000000 08:03 1409763                    /usr/lib/x86_64-linux-gnu/ld-linux-x86-64.so.2
7764a6fb9000-7764a6fe4000 r-xp 00001000 08:03 1409763                    /usr/lib/x86_64-linux-gnu/ld-linux-x86-64.so.2
7764a6fe4000-7764a6fee000 r--p 0002c000 08:03 1409763                    /usr/lib/x86_64-linux-gnu/ld-linux-x86-64.so.2
7764a6fee000-7764a6ff0000 r--p 00036000 08:03 1409763                    /usr/lib/x86_64-linux-gnu/ld-linux-x86-64.so.2
7764a6ff0000-7764a6ff2000 rw-p 00038000 08:03 1409763                    /usr/lib/x86_64-linux-gnu/ld-linux-x86-64.so.2
7ffd8b4cb000-7ffd8b4ec000 rw-p 00000000 00:00 0                          [stack]
ffffffffff600000-ffffffffff601000 --xp 00000000 00:00 0                  [vsyscall]
Total number of mappings: 560

JVMTI agents: none


VM Arguments:
jvm_args: -XX:+UseThirdPartyHeap -Xms512m -Xmx512m 
java_command: /mydata/dacapo/dacapo-23.11/dacapo-23.11-MR2-chopin.jar xalan -n 3
java_class_path (initial): /mydata/dacapo/dacapo-23.11/dacapo-23.11-MR2-chopin.jar
Launcher Type: SUN_STANDARD

[Global flags]
     intx CICompilerCount                          = 15                                        {product} {ergonomic}
   size_t InitialHeapSize                          = 536870912                                 {product} {command line}
   size_t MaxHeapSize                              = 536870912                                 {product} {command line}
   size_t MinHeapDeltaBytes                        = 524288                                    {product} {ergonomic}
   size_t MinHeapSize                              = 536870912                                 {product} {command line}
    uintx NonNMethodCodeHeapSize                   = 8192380                                {pd product} {ergonomic}
    uintx NonProfiledCodeHeapSize                  = 121732930                              {pd product} {ergonomic}
    uintx ProfiledCodeHeapSize                     = 121732930                              {pd product} {ergonomic}
    uintx ReservedCodeCacheSize                    = 251658240                              {pd product} {ergonomic}
     bool SegmentedCodeCache                       = true                                      {product} {ergonomic}
   size_t SoftMaxHeapSize                          = 536870912                              {manageable} {ergonomic}
     bool UseCompressedOops                        = true                           {product lp64_product} {ergonomic}

Logging:
Log output configuration:
 #0: stdout all=warning uptime,level,tags foldmultilines=false
 #1: stderr all=off uptime,level,tags foldmultilines=false

Release file:
IMPLEMENTOR="N/A"
JAVA_RUNTIME_VERSION="21.0.9-internal-adhoc.talzuss.openjdk-mmtk"
JAVA_VERSION="21.0.9"
JAVA_VERSION_DATE="2025-10-21"
LIBC="gnu"
MODULES="java.base java.compiler java.datatransfer java.xml java.prefs java.desktop java.instrument java.logging java.management java.security.sasl java.naming java.rmi java.management.rmi java.net.http java.scripting java.security.jgss java.transaction.xa java.sql java.sql.rowset java.xml.crypto java.se java.smartcardio jdk.accessibility jdk.internal.jvmstat jdk.attach jdk.charsets jdk.internal.opt jdk.zipfs jdk.compiler jdk.crypto.ec jdk.crypto.cryptoki jdk.dynalink jdk.internal.ed jdk.editpad jdk.hotspot.agent jdk.httpserver jdk.incubator.vector jdk.internal.le jdk.internal.vm.ci jdk.internal.vm.compiler jdk.internal.vm.compiler.management jdk.jartool jdk.javadoc jdk.jcmd jdk.management jdk.management.agent jdk.jconsole jdk.jdeps jdk.jdwp.agent jdk.jdi jdk.jfr jdk.jlink jdk.jpackage jdk.jshell jdk.jsobject jdk.jstatd jdk.localedata jdk.management.jfr jdk.naming.dns jdk.naming.rmi jdk.net jdk.nio.mapmode jdk.random jdk.sctp jdk.security.auth jdk.security.jgss jdk.unsupported jdk.unsupported.desktop jdk.xml.dom"
OS_ARCH="x86_64"
OS_NAME="Linux"
SOURCE=".:git:b557520f04b3+"

Environment Variables:
PATH=/usr/local/sbin:/usr/local/bin:/usr/sbin:/usr/bin:/sbin:/bin:/snap/bin
SHELL=/bin/bash
LANG=en_US.UTF-8
TERM=tmux-256color

Active Locale:
LC_ALL=en_US.UTF-8
LC_COLLATE=en_US.UTF-8
LC_CTYPE=en_US.UTF-8
LC_MESSAGES=en_US.UTF-8
LC_MONETARY=en_US.UTF-8
LC_NUMERIC=en_US.UTF-8
LC_TIME=en_US.UTF-8

Signal Handlers:
   SIGSEGV: crash_handler in libjvm.so, mask=11100100010111111101111111111110, flags=SA_RESTART|SA_SIGINFO, unblocked
    SIGBUS: crash_handler in libjvm.so, mask=11100100010111111101111111111110, flags=SA_RESTART|SA_SIGINFO, unblocked
    SIGFPE: crash_handler in libjvm.so, mask=11100100010111111101111111111110, flags=SA_RESTART|SA_SIGINFO, unblocked
   SIGPIPE: javaSignalHandler in libjvm.so, mask=11100100010111111101111111111110, flags=SA_RESTART|SA_SIGINFO, blocked
   SIGXFSZ: javaSignalHandler in libjvm.so, mask=11100100010111111101111111111110, flags=SA_RESTART|SA_SIGINFO, blocked
    SIGILL: crash_handler in libjvm.so, mask=11100100010111111101111111111110, flags=SA_RESTART|SA_SIGINFO, unblocked
   SIGUSR2: SR_handler in libjvm.so, mask=00000000000000000000000000000000, flags=SA_RESTART|SA_SIGINFO, blocked
    SIGHUP: UserHandler in libjvm.so, mask=11100100010111111101111111111110, flags=SA_RESTART|SA_SIGINFO, blocked
    SIGINT: UserHandler in libjvm.so, mask=11100100010111111101111111111110, flags=SA_RESTART|SA_SIGINFO, blocked
   SIGTERM: UserHandler in libjvm.so, mask=11100100010111111101111111111110, flags=SA_RESTART|SA_SIGINFO, blocked
   SIGQUIT: UserHandler in libjvm.so, mask=11100100010111111101111111111110, flags=SA_RESTART|SA_SIGINFO, blocked
   SIGTRAP: crash_handler in libjvm.so, mask=11100100010111111101111111111110, flags=SA_RESTART|SA_SIGINFO, unblocked


Periodic native trim disabled

---------------  S Y S T E M  ---------------

OS:
DISTRIB_ID=Ubuntu
DISTRIB_RELEASE=24.04
DISTRIB_CODENAME=noble
DISTRIB_DESCRIPTION="Ubuntu 24.04.4 LTS"
uname: Linux 6.17.0-bpf-fault+ #1 SMP PREEMPT_DYNAMIC Mon Jul  6 16:43:12 MDT 2026 x86_64
OS uptime: 1 days 3:08 hours
libc: glibc 2.39 NPTL 2.39 
rlimit (soft/hard): STACK 8192k/infinity , CORE 0k/0k , NPROC 513205/513205 , NOFILE 1048576/1048576 , AS infinity/infinity , CPU infinity/infinity , DATA infinity/infinity , FSIZE infinity/infinity , MEMLOCK 16436528k/16436528k
load average: 1.36 1.07 0.89

/proc/meminfo:
MemTotal:       131492232 kB
MemFree:        64863524 kB
MemAvailable:   112156488 kB
Buffers:          566976 kB
Cached:         45983308 kB
SwapCached:            0 kB
Active:          4518456 kB
Inactive:       45727140 kB
Active(anon):    3711992 kB
Inactive(anon):        0 kB
Active(file):     806464 kB
Inactive(file): 45727140 kB
Unevictable:       41912 kB
Mlocked:           38840 kB
SwapTotal:       8388604 kB
SwapFree:        8388604 kB
Zswap:                 0 kB
Zswapped:              0 kB
Dirty:             34184 kB
Writeback:             0 kB
AnonPages:       3739188 kB
Mapped:         12904280 kB
Shmem:              5316 kB
KReclaimable:    2011044 kB
Slab:            2553524 kB
SReclaimable:    2011044 kB
SUnreclaim:       542480 kB
KernelStack:       13072 kB
PageTables:        72944 kB
SecPageTables:      9420 kB
NFS_Unstable:          0 kB
Bounce:                0 kB
WritebackTmp:          0 kB
CommitLimit:    74134720 kB
Committed_AS:   165213432 kB
VmallocTotal:   34359738367 kB
VmallocUsed:       38972 kB
VmallocChunk:          0 kB
Percpu:            51072 kB
HardwareCorrupted:     0 kB
AnonHugePages:         0 kB
ShmemHugePages:        0 kB
ShmemPmdMapped:        0 kB
FileHugePages:   2177024 kB
FilePmdMapped:         0 kB
Unaccepted:            0 kB
Balloon:               0 kB
HugePages_Total:       0
HugePages_Free:        0
HugePages_Rsvd:        0
HugePages_Surp:        0
Hugepagesize:       2048 kB
Hugetlb:               0 kB
DirectMap4k:     1114944 kB
DirectMap2M:    30978048 kB
DirectMap1G:    101711872 kB

/sys/kernel/mm/transparent_hugepage/enabled: always [madvise] never
/sys/kernel/mm/transparent_hugepage/hpage_pmd_size: 2097152
/sys/kernel/mm/transparent_hugepage/defrag (defrag/compaction efforts parameter): always defer defer+madvise [madvise] never

Process Memory:
Virtual Size: 13620404312K (peak: 13620404312K)
Resident Set Size: 4324920K (peak: 4324920K) (anon: 1151784K, file: 3173136K, shmem: 0K)
Swapped out: 0K
C-Heap outstanding allocations: 1400067K, retained: 57480K
glibc malloc tunables: (default)

/proc/sys/kernel/threads-max (system-wide limit on the number of threads): 1026411
/proc/sys/vm/max_map_count (maximum number of memory map areas a process may have): 1048576
/proc/sys/vm/swappiness (control to define how aggressively the kernel swaps out anonymous memory): 60
/proc/sys/kernel/pid_max (system-wide limit on number of process identifiers): 4194304

container information not found.
Steal ticks since vm start: 0
Steal ticks percentage since vm start:  0.000

CPU: total 32 (initial active 32) (32 cores per cpu, 2 threads per core) family 23 model 49 stepping 0 microcode 0x830107c, cx8, cmov, fxsr, ht, mmx, 3dnowpref, sse, sse2, sse3, ssse3, sse4a, sse4.1, sse4.2, popcnt, lzcnt, tsc, tscinvbit, avx, avx2, aes, clmul, bmi1, bmi2, adx, sha, fma, vzeroupper, clflush, clflushopt, rdtscp, rdpid, f16c
CPU Model and flags from /proc/cpuinfo:
model name	: AMD EPYC 7302P 16-Core Processor
flags		: fpu vme de pse tsc msr pae mce cx8 apic sep mtrr pge mca cmov pat pse36 clflush mmx fxsr sse sse2 ht syscall nx mmxext fxsr_opt pdpe1gb rdtscp lm constant_tsc rep_good nopl xtopology nonstop_tsc cpuid extd_apicid aperfmperf rapl pni pclmulqdq monitor ssse3 fma cx16 sse4_1 sse4_2 movbe popcnt aes xsave avx f16c rdrand lahf_lm cmp_legacy svm extapic cr8_legacy abm sse4a misalignsse 3dnowprefetch osvw ibs skinit wdt tce topoext perfctr_core perfctr_nb bpext perfctr_llc mwaitx cpb cat_l3 cdp_l3 hw_pstate ssbd mba ibrs ibpb stibp vmmcall fsgsbase bmi1 avx2 smep bmi2 cqm rdt_a rdseed adx smap clflushopt clwb sha_ni xsaveopt xsavec xgetbv1 xsaves cqm_llc cqm_occup_llc cqm_mbm_total cqm_mbm_local clzero irperf xsaveerptr rdpru wbnoinvd amd_ppin arat npt lbrv svm_lock nrip_save tsc_scale vmcb_clean flushbyasid decodeassists pausefilter pfthreshold avic v_vmsave_vmload vgif v_spec_ctrl umip rdpid overflow_recov succor smca sev sev_es

Online cpus: 0-31
Offline cpus: 
BIOS frequency limitation: <Not Available>
Frequency switch latency (ns): <Not Available>
Available cpu frequencies: <Not Available>
Current governor: <Not Available>
Core performance/turbo boost: <Not Available>

Memory: 4k page, physical 131492232k(112156488k free), swap 8388604k(8388604k free)
Page Sizes: 4k

vm_info: OpenJDK 64-Bit Server VM (21.0.9-internal-adhoc.talzuss.openjdk-mmtk) for linux-amd64 JRE (21.0.9-internal-adhoc.talzuss.openjdk-mmtk), built on 2026-07-06T23:13:08Z by "talzuss" with gcc 13.3.0
heap_info: MMTk OpenJDK 0.32.0 (f59b93a-dirty), using MMTk 0.32.0 (3ecdf08-dirty, BUILTIN_ENV_LOGGER, DEFAULT, EAGER_SWEEPING, VO_BIT)P

END.
