#
# A fatal error has been detected by the Java Runtime Environment:
#
#  SIGSEGV (0xb) at pc=0x00007a5e6de776b7, pid=413148, tid=413173
#
# JRE version: OpenJDK Runtime Environment (21.0.9) (build 21.0.9-internal-adhoc.talzuss.openjdk-mmtk)
# Java VM: OpenJDK 64-Bit Server VM (21.0.9-internal-adhoc.talzuss.openjdk-mmtk, mixed mode, sharing, tiered, compressed oops, compressed class ptrs, third-party gc, linux-amd64)
# Problematic frame:
# C  [libmmtk_openjdk.so+0x2776b7]  mmtk::plan::tracing::SlotIterator$LT$VM$GT$::iterate_fields::hbed5683148b475e0+0x37
#
# No core dump will be written. Core dumps have been disabled. To enable core dumping, try "ulimit -c unlimited" before starting Java again
#
# If you would like to submit a bug report, please visit:
#   https://bugreport.java.com/bugreport/crash.jsp
#

---------------  S U M M A R Y ------------

Command Line: -XX:+UseThirdPartyHeap -Xms512m -Xmx512m /mydata/dacapo/dacapo-23.11/dacapo-23.11-MR2-chopin.jar lusearch -n 3

Host: AMD EPYC 7302P 16-Core Processor, 32 cores, 125G, Ubuntu 24.04.4 LTS
Time: Tue Jul  7 18:07:19 2026 MDT elapsed time: 4.955432 seconds (0d 0h 0m 4s)

---------------  T H R E A D  ---------------

Current thread (0x00007a5e6853fde0):  NamedThread "MMTk Collector Thread" [id=413173, stack(0x00006db1789f9000,0x00006db178af9000) (1024K)]

Stack: [0x00006db1789f9000,0x00006db178af9000],  sp=0x00006db178af7860,  free space=1018k
Native frames: (J=compiled Java code, j=interpreted, Vv=VM code, C=native code)
C  [libmmtk_openjdk.so+0x2776b7]  mmtk::plan::tracing::SlotIterator$LT$VM$GT$::iterate_fields::hbed5683148b475e0+0x37

siginfo: si_signo: 11 (SIGSEGV), si_code: 1 (SEGV_MAPERR), si_addr: 0x00007a5fcdc7ba94

Registers:
RAX=0x0000000058000000, RBX=0x00006db178af7940, RCX=0x00007a5e6dc7ba94, RDX=0x00006db133000000
RSP=0x00006db178af7860, RBP=0x00006db0d4006460, RSI=0x00006db133000001, RDI=0x000000004fd27ff8
R8 =0x00006db0d40008e0, R9 =0x0000000000001000, R10=0x00006db0d4000030, R11=0x0bf3c9f3fbfd9fb8
R12=0x00006db178af7940, R13=0x0000000000000000, R14=0x000000004fd27ff8, R15=0x0000000000001008
RIP=0x00007a5e6de776b7, EFLAGS=0x0000000000010206, CSGSFS=0x002b000000000033, ERR=0x0000000000000004
  TRAPNO=0x000000000000000e

XMM[0]=0x0000000000000000 0x0000000000000000
XMM[1]=0x0000000000000000 0x00006db0d4000090
XMM[2]=0x000000004252b380 0x000000004252b370
XMM[3]=0x000000004252b500 0x000000004252b478
XMM[4]=0x0000000000000000 0x00006db0d4000090
XMM[5]=0x000000004252b398 0x000000004252b380
XMM[6]=0x000000004252b318 0x000000004252b278
XMM[7]=0x000000004252b210 0x000000004252b1c8
XMM[8]=0x00000000423decb8 0x00000000421f76d8
XMM[9]=0x0000000000000000 0x0000000000000000
XMM[10]=0x3f3f3f3f3f3f3f3f 0x3f3f3f3f3f3f3f3f
XMM[11]=0x9999999999999999 0x9999999999999999
XMM[12]=0x2020202020202020 0x2020202020202020
XMM[13]=0x0000000000000000 0x0000000000000000
XMM[14]=0x0000000000000000 0x0000000000000000
XMM[15]=0x0000000000000000 0x0000000000000000
  MXCSR=0x00001fa2


Register to memory mapping:

RAX=
[error occurred during error reporting (printing register info), id 0xe0000000, Internal Error (/mydata/mmtk-openjdk/openjdk/share/mmtkHeap.cpp:444)]
RBX=
[error occurred during error reporting (printing register info, attempt 2), id 0xe0000000, Internal Error (/mydata/mmtk-openjdk/openjdk/share/mmtkHeap.cpp:444)]
RCX=
[error occurred during error reporting (printing register info, attempt 3), id 0xe0000000, Internal Error (/mydata/mmtk-openjdk/openjdk/share/mmtkHeap.cpp:444)]
Top of Stack: (sp=0x00006db178af7860)
0x00006db178af7860:   0000000000000000 00006db0d4006460
0x00006db178af7870:   0000000000002000 0000000000000200
0x00006db178af7880:   0000000001fa5200 00007a5e6deacfaa
0x00006db178af7890:   0000000000000008 04006db178af79a0
0x00006db178af78a0:   00006db178af79a0 000000004fd28ff8
0x00006db178af78b0:   00007a5e6dfe6ba8 00006db178af78a8
0x00006db178af78c0:   00006db178af789f 00006db178af7a30
0x00006db178af78d0:   00006db178af7940 0000000000000000
0x00006db178af78e0:   00007a5e6e00e788 0000000000001008
0x00006db178af78f0:   00006db0d4006460 00007a5e6dec43bd
0x00006db178af7900:   0000000000000000 00007a5e683de200
0x00006db178af7910:   0000000000000400 000000004fd27ff8
0x00006db178af7920:   00006db178af7960 1bb3f7d99c127e00
0x00006db178af7930:   00006db0d4000030 00006db0d400e188
0x00006db178af7940:   00007a5e6e00e788 00006db178af7a60
0x00006db178af7950:   00006db178af7980 00006db178af7a48
0x00006db178af7960:   00006db178af7a58 00006db178af799f
0x00006db178af7970:   00006db178af7a18 00006db178af7a30
0x00006db178af7980:   000020000fd28000 0000000000000001
0x00006db178af7990:   0000000000000034 00006db178af7a00
0x00006db178af79a0:   0000000000000400 00006db0d4006460
0x00006db178af79b0:   0000000000000201 00007a5e6dfd0ae0
0x00006db178af79c0:   0000000000000000 0000000000000000
0x00006db178af79d0:   8000000000000000 8000000000000000
0x00006db178af79e0:   00007a5e6806d400 00006db0d400f4f0
0x00006db178af79f0:   00006db178af7a00 00007a5e6de9c204
0x00006db178af7a00:   0000000000000001 0000000000000001
0x00006db178af7a10:   8000000000000000 0000000000001000
0x00006db178af7a20:   00006db0d400aae0 0000000000000942
0x00006db178af7a30:   0000000000008000 00006db0d4019ee0
0x00006db178af7a40:   0000000000004bae 000000004fd28000
0x00006db178af7a50:   00007a5e68070700 0000000040000000 

Instructions: (pc=0x00007a5e6de776b7)
0x00007a5e6de775b7:   d5 05 15 00 e9 ef fd ff ff 48 89 e0 48 89 44 24
0x00007a5e6de775c7:   38 48 8d 44 24 38 48 89 44 24 08 48 8d 3d 93 76
0x00007a5e6de775d7:   19 00 48 8d 0d 58 43 16 00 4c 8d 05 59 86 16 00
0x00007a5e6de775e7:   48 8d 54 24 08 31 f6 e8 9d 05 15 00 48 63 05 6e
0x00007a5e6de775f7:   76 19 00 4d 63 34 06 4d 85 f6 0f 85 db fd ff ff
0x00007a5e6de77607:   e9 f9 fd ff ff 48 89 e0 48 89 44 24 38 48 8d 44
0x00007a5e6de77617:   24 38 48 89 44 24 08 48 8d 3d 23 76 19 00 48 8d
0x00007a5e6de77627:   0d 34 43 16 00 4c 8d 05 0d 86 16 00 48 8d 54 24
0x00007a5e6de77637:   08 31 f6 e8 51 05 15 00 e9 c3 fc ff ff 48 8d 05
0x00007a5e6de77647:   3d 43 16 00 48 89 44 24 08 48 c7 44 24 10 01 00
0x00007a5e6de77657:   00 00 48 c7 44 24 18 08 00 00 00 0f 57 c0 0f 11
0x00007a5e6de77667:   44 24 20 48 8d 35 27 43 16 00 48 8d 7c 24 08 e8
0x00007a5e6de77677:   65 e2 f1 ff cc cc cc cc cc 55 41 57 41 56 41 55
0x00007a5e6de77687:   41 54 53 48 83 ec 68 48 89 f3 49 89 fe 8b 47 08
0x00007a5e6de77697:   48 8b 15 7a 89 19 00 48 8b 0d 7b 89 19 00 48 d3
0x00007a5e6de776a7:   e0 48 8d 34 10 8b 44 10 0c 48 8d 0d dd 43 e0 ff
0x00007a5e6de776b7:   48 63 04 81 48 01 c8 ff e0 48 63 86 28 01 00 00
0x00007a5e6de776c7:   48 85 c0 0f 84 05 03 00 00 48 63 8e ac 00 00 00
0x00007a5e6de776d7:   48 8d 0c ce 48 63 96 2c 01 00 00 48 8d 34 d1 4c
0x00007a5e6de776e7:   8d 24 d1 49 81 c4 d8 01 00 00 4c 8d 2c c6 49 81
0x00007a5e6de776f7:   c5 d8 01 00 00 eb 0f 66 90 49 83 c4 08 4d 39 ec
0x00007a5e6de77707:   0f 84 c8 02 00 00 41 8b 6c 24 04 48 85 ed 74 e9
0x00007a5e6de77717:   4d 63 3c 24 4d 01 f7 66 90 48 89 df 4c 89 fe e8
0x00007a5e6de77727:   65 61 05 00 49 83 c7 04 48 ff cd 75 ec eb ca 4d
0x00007a5e6de77737:   63 7e 0c 4d 85 ff 0f 84 92 02 00 00 49 83 c6 10
0x00007a5e6de77747:   49 c1 e7 02 0f 1f 44 00 00 48 89 df 4c 89 f6 e8
0x00007a5e6de77757:   35 61 05 00 49 83 c6 04 49 83 c7 fc 75 eb e9 6b
0x00007a5e6de77767:   02 00 00 48 63 86 28 01 00 00 48 85 c0 0f 84 5b
0x00007a5e6de77777:   02 00 00 48 63 8e ac 00 00 00 48 8d 0c ce 48 63
0x00007a5e6de77787:   96 2c 01 00 00 48 8d 34 d1 4c 8d 24 d1 49 81 c4
0x00007a5e6de77797:   d8 01 00 00 4c 8d 2c c6 49 81 c5 d8 01 00 00 eb
0x00007a5e6de777a7:   15 0f 1f 84 00 00 00 00 00 49 83 c4 08 4d 39 ec 


Stack slot to memory mapping:

stack at sp + 0 slots: 0x0 is null
stack at sp + 1 slots: 
[error occurred during error reporting (inspecting top of stack), id 0xe0000000, Internal Error (/mydata/mmtk-openjdk/openjdk/share/mmtkHeap.cpp:444)]
stack at sp + 2 slots: 
[error occurred during error reporting (inspecting top of stack, attempt 2), id 0xe0000000, Internal Error (/mydata/mmtk-openjdk/openjdk/share/mmtkHeap.cpp:444)]
stack at sp + 3 slots: 
[error occurred during error reporting (inspecting top of stack, attempt 3), id 0xe0000000, Internal Error (/mydata/mmtk-openjdk/openjdk/share/mmtkHeap.cpp:444)]

---------------  P R O C E S S  ---------------

Threads class SMR info:
_java_thread_list=0x00006db09c0a2b90, length=56, elements={
0x00007a5e6802b240, 0x00007a5e685250b0, 0x00007a5e68526940, 0x00007a5e68528450,
0x00007a5e68546c80, 0x00007a5e685485d0, 0x00007a5e68549e90, 0x00007a5e6854bcd0,
0x00007a5e685556a0, 0x00007a5e6859c460, 0x00007a5e6859f470, 0x00006db0ac097ab0,
0x00006db0ac0ca790, 0x00006db0900223e0, 0x00006db090023390, 0x00006db0900243c0,
0x00007a5e687d05a0, 0x00007a5e687d17c0, 0x00007a5e687d2710, 0x00007a5e687d3aa0,
0x00007a5e687d4ff0, 0x00007a5e687d6490, 0x00007a5e687d7930, 0x00007a5e687d8ea0,
0x00007a5e687da410, 0x00007a5e687db8c0, 0x00007a5e687dcd70, 0x00007a5e687de300,
0x00007a5e687df890, 0x00007a5e687e0d40, 0x00007a5e687e21f0, 0x00007a5e687e36a0,
0x00007a5e687e4b50, 0x00007a5e687e6390, 0x00007a5e687e7950, 0x00007a5e687e8f20,
0x00007a5e687ea4f0, 0x00007a5e687eb990, 0x00007a5e687ecf70, 0x00007a5e687ee560,
0x00007a5e687efb50, 0x00007a5e687f1150, 0x00007a5e687f2750, 0x00007a5e687f3d60,
0x00007a5e687f5760, 0x00007a5e687f6d80, 0x00007a5e687f83a0, 0x00007a5e687f9dc0,
0x00006db09403e3a0, 0x00006db09c0633a0, 0x00006db0ac0c7930, 0x00006db008083990,
0x00006db09c09f4e0, 0x00006db0940949e0, 0x00006db094096140, 0x00006db09c0a16b0
}

Java Threads: ( => current thread )
  0x00007a5e6802b240 JavaThread "main"                              [_thread_blocked, id=413149, stack(0x00007a5e6e017000,0x00007a5e6e117000) (1024K)]
  0x00007a5e685250b0 JavaThread "Reference Handler"          daemon [_thread_blocked, id=413153, stack(0x00007a5e6c900000,0x00007a5e6ca00000) (1024K)]
  0x00007a5e68526940 JavaThread "Finalizer"                  daemon [_thread_blocked, id=413154, stack(0x00007a5e6c800000,0x00007a5e6c900000) (1024K)]
  0x00007a5e68528450 JavaThread "MMTk Finalizer Thread"      daemon [_thread_blocked, id=413155, stack(0x00007a5e6c700000,0x00007a5e6c800000) (1024K)]
  0x00007a5e68546c80 JavaThread "Signal Dispatcher"          daemon [_thread_blocked, id=413179, stack(0x00006db1783f3000,0x00006db1784f3000) (1024K)]
  0x00007a5e685485d0 JavaThread "Service Thread"             daemon [_thread_blocked, id=413180, stack(0x00006db1782f3000,0x00006db1783f3000) (1024K)]
  0x00007a5e68549e90 JavaThread "Monitor Deflation Thread"   daemon [_thread_blocked, id=413181, stack(0x00006db1781f3000,0x00006db1782f3000) (1024K)]
  0x00007a5e6854bcd0 JavaThread "C2 CompilerThread0"         daemon [_thread_blocked, id=413182, stack(0x00006db1780f3000,0x00006db1781f3000) (1024K)]
  0x00007a5e685556a0 JavaThread "C1 CompilerThread0"         daemon [_thread_blocked, id=413183, stack(0x00006db132f00000,0x00006db133000000) (1024K)]
  0x00007a5e6859c460 JavaThread "Notification Thread"        daemon [_thread_blocked, id=413185, stack(0x00006db132d00000,0x00006db132e00000) (1024K)]
  0x00007a5e6859f470 JavaThread "Common-Cleaner"             daemon [_thread_blocked, id=413186, stack(0x00006db132c00000,0x00006db132d00000) (1024K)]
  0x00006db0ac097ab0 JavaThread "C2 CompilerThread1"         daemon [_thread_blocked, id=413194, stack(0x00006db132e00000,0x00006db132f00000) (1024K)]
  0x00006db0ac0ca790 JavaThread "C1 CompilerThread1"         daemon [_thread_blocked, id=413195, stack(0x00006db132a00000,0x00006db132b00000) (1024K)]
  0x00006db0900223e0 JavaThread "C1 CompilerThread2"         daemon [_thread_blocked, id=413196, stack(0x00006db132900000,0x00006db132a00000) (1024K)]
  0x00006db090023390 JavaThread "C1 CompilerThread3"         daemon [_thread_blocked, id=413197, stack(0x00006db132800000,0x00006db132900000) (1024K)]
  0x00006db0900243c0 JavaThread "C1 CompilerThread4"         daemon [_thread_blocked, id=413198, stack(0x00006db132b00000,0x00006db132c00000) (1024K)]
  0x00007a5e687d05a0 JavaThread "Query0"                            [_thread_blocked, id=413199, stack(0x00006db132700000,0x00006db132800000) (1024K)]
  0x00007a5e687d17c0 JavaThread "Query1"                            [_thread_blocked, id=413200, stack(0x00006db132600000,0x00006db132700000) (1024K)]
  0x00007a5e687d2710 JavaThread "Query2"                            [_thread_blocked, id=413201, stack(0x00006db132500000,0x00006db132600000) (1024K)]
  0x00007a5e687d3aa0 JavaThread "Query3"                            [_thread_blocked, id=413202, stack(0x00006db131f00000,0x00006db132000000) (1024K)]
  0x00007a5e687d4ff0 JavaThread "Query4"                            [_thread_blocked, id=413203, stack(0x00006db131900000,0x00006db131a00000) (1024K)]
  0x00007a5e687d6490 JavaThread "Query5"                            [_thread_blocked, id=413204, stack(0x00006db131800000,0x00006db131900000) (1024K)]
  0x00007a5e687d7930 JavaThread "Query6"                            [_thread_blocked, id=413205, stack(0x00006db131700000,0x00006db131800000) (1024K)]
  0x00007a5e687d8ea0 JavaThread "Query7"                            [_thread_blocked, id=413206, stack(0x00006db131600000,0x00006db131700000) (1024K)]
  0x00007a5e687da410 JavaThread "Query8"                            [_thread_blocked, id=413207, stack(0x00006db131500000,0x00006db131600000) (1024K)]
  0x00007a5e687db8c0 JavaThread "Query9"                            [_thread_blocked, id=413208, stack(0x00006db131400000,0x00006db131500000) (1024K)]
  0x00007a5e687dcd70 JavaThread "Query10"                           [_thread_blocked, id=413209, stack(0x00006db131300000,0x00006db131400000) (1024K)]
  0x00007a5e687de300 JavaThread "Query11"                           [_thread_blocked, id=413210, stack(0x00006db131200000,0x00006db131300000) (1024K)]
  0x00007a5e687df890 JavaThread "Query12"                           [_thread_blocked, id=413211, stack(0x00006db131100000,0x00006db131200000) (1024K)]
  0x00007a5e687e0d40 JavaThread "Query13"                           [_thread_blocked, id=413212, stack(0x00006db131000000,0x00006db131100000) (1024K)]
  0x00007a5e687e21f0 JavaThread "Query14"                           [_thread_blocked, id=413213, stack(0x00006db130f00000,0x00006db131000000) (1024K)]
  0x00007a5e687e36a0 JavaThread "Query15"                           [_thread_blocked, id=413214, stack(0x00006db130e00000,0x00006db130f00000) (1024K)]
  0x00007a5e687e4b50 JavaThread "Query16"                           [_thread_blocked, id=413215, stack(0x00006db130d00000,0x00006db130e00000) (1024K)]
  0x00007a5e687e6390 JavaThread "Query17"                           [_thread_blocked, id=413216, stack(0x00006db130c00000,0x00006db130d00000) (1024K)]
  0x00007a5e687e7950 JavaThread "Query18"                           [_thread_blocked, id=413217, stack(0x00006db130b00000,0x00006db130c00000) (1024K)]
  0x00007a5e687e8f20 JavaThread "Query19"                           [_thread_blocked, id=413218, stack(0x00006db130a00000,0x00006db130b00000) (1024K)]
  0x00007a5e687ea4f0 JavaThread "Query20"                           [_thread_blocked, id=413219, stack(0x00006db130900000,0x00006db130a00000) (1024K)]
  0x00007a5e687eb990 JavaThread "Query21"                           [_thread_blocked, id=413220, stack(0x00006db130800000,0x00006db130900000) (1024K)]
  0x00007a5e687ecf70 JavaThread "Query22"                           [_thread_blocked, id=413221, stack(0x00006db130700000,0x00006db130800000) (1024K)]
  0x00007a5e687ee560 JavaThread "Query23"                           [_thread_blocked, id=413222, stack(0x00006db130600000,0x00006db130700000) (1024K)]
  0x00007a5e687efb50 JavaThread "Query24"                           [_thread_blocked, id=413223, stack(0x00006db130500000,0x00006db130600000) (1024K)]
  0x00007a5e687f1150 JavaThread "Query25"                           [_thread_blocked, id=413224, stack(0x00006db130400000,0x00006db130500000) (1024K)]
  0x00007a5e687f2750 JavaThread "Query26"                           [_thread_blocked, id=413225, stack(0x00006db130300000,0x00006db130400000) (1024K)]
  0x00007a5e687f3d60 JavaThread "Query27"                           [_thread_blocked, id=413226, stack(0x00006db130200000,0x00006db130300000) (1024K)]
  0x00007a5e687f5760 JavaThread "Query28"                           [_thread_blocked, id=413227, stack(0x00006db130100000,0x00006db130200000) (1024K)]
  0x00007a5e687f6d80 JavaThread "Query29"                           [_thread_blocked, id=413228, stack(0x00006db130000000,0x00006db130100000) (1024K)]
  0x00007a5e687f83a0 JavaThread "Query30"                           [_thread_blocked, id=413229, stack(0x00006db017f00000,0x00006db018000000) (1024K)]
  0x00007a5e687f9dc0 JavaThread "Query31"                           [_thread_blocked, id=413230, stack(0x00006db017e00000,0x00006db017f00000) (1024K)]
  0x00006db09403e3a0 JavaThread "C2 CompilerThread2"         daemon [_thread_blocked, id=413231, stack(0x00006db017d00000,0x00006db017e00000) (1024K)]
  0x00006db09c0633a0 JavaThread "C2 CompilerThread3"         daemon [_thread_blocked, id=413232, stack(0x00006db017c00000,0x00006db017d00000) (1024K)]
  0x00006db0ac0c7930 JavaThread "C2 CompilerThread4"         daemon [_thread_blocked, id=413233, stack(0x00006db017b00000,0x00006db017c00000) (1024K)]
  0x00006db008083990 JavaThread "C2 CompilerThread5"         daemon [_thread_blocked, id=413234, stack(0x00006db017a00000,0x00006db017b00000) (1024K)]
  0x00006db09c09f4e0 JavaThread "C2 CompilerThread6"         daemon [_thread_blocked, id=413235, stack(0x00006db017900000,0x00006db017a00000) (1024K)]
  0x00006db0940949e0 JavaThread "C2 CompilerThread7"         daemon [_thread_blocked, id=413236, stack(0x00006db017800000,0x00006db017900000) (1024K)]
  0x00006db094096140 JavaThread "C2 CompilerThread8"         daemon [_thread_blocked, id=413237, stack(0x00006db017700000,0x00006db017800000) (1024K)]
  0x00006db09c0a16b0 JavaThread "C2 CompilerThread9"         daemon [_thread_in_native, id=413238, stack(0x00006db017600000,0x00006db017700000) (1024K)]
Total: 56

Other Threads:
  0x00007a5e68519c00 VMThread "VM Thread"                           [id=413152, stack(0x00007a5e6ccfd000,0x00007a5e6cdfd000) (1024K)]
  0x00007a5e685077f0 WatcherThread "VM Periodic Task Thread"        [id=413151, stack(0x00007a5e6cdfe000,0x00007a5e6cefe000) (1024K)]

=>0x00007a5e6853fde0 (exited) NamedThread "MMTk Collector Thread"   [id=413173, stack(0x00006db1789f9000,0x00006db178af9000) (1024K)]
Total: 3

Threads with active compile tasks:
C2 CompilerThread0  4958 2902       4       org.apache.lucene.search.TermQuery$TermWeight::scorer (146 bytes)
C2 CompilerThread1  4958 3014   !   4       org.apache.lucene.util.QueryBuilder::createFieldQuery (390 bytes)
C2 CompilerThread2  4958 2926       4       org.apache.lucene.codecs.lucene90.blocktree.SegmentTermsEnum::docFreq (39 bytes)
C2 CompilerThread3  4958 2924       4       org.apache.lucene.codecs.lucene90.blocktree.SegmentTermsEnum::totalTermFreq (39 bytes)
C2 CompilerThread4  4958 2844       4       org.dacapo.lusearch.Search$QueryProcessor::doPagingSearch (259 bytes)
C2 CompilerThread5  4958 2935       4       org.apache.lucene.index.CodecReader::getNormValues (35 bytes)
C2 CompilerThread6  4958 2890       4       org.apache.lucene.search.TermQuery::createWeight (63 bytes)
C2 CompilerThread7  4958 2877       4       org.apache.lucene.search.IndexSearcher::createWeight (45 bytes)
C2 CompilerThread8  4958 2923       4       org.apache.lucene.codecs.lucene90.blocktree.SegmentTermsEnum::termState (41 bytes)
C2 CompilerThread9  4958 2875   !   4       org.apache.lucene.search.IndexSearcher::search (124 bytes)
Total: 10

VM state: at safepoint (normal execution)

VM Mutex/Monitor currently owned by a thread:  ([mutex/lock_event])
[0x00007a5e6f7580d0] Threads_lock - owner thread: 0x00007a5e68519c00
[0x00007a5e6f757fd0] Heap_lock - owner thread: 0x00007a5e683e3140

Heap address: 0x0000000040000000, size: 3072 MB, Compressed Oops mode: 32-bit

CDS archive(s) mapped at: [0x00006db133000000-0x00006db133ca3000-0x00006db133ca3000), size 13250560, SharedBaseAddress: 0x00006db133000000, ArchiveRelocationMode: 1.
Compressed class space mapped at: 0x00006db134000000-0x00006db174000000, reserved size: 1073741824
Narrow klass base: 0x00006db133000000, Narrow klass shift: 0, Narrow klass range: 0x100000000

GC Precious Log:
<Empty>

Heap:

[error occurred during error reporting (printing heap information), id 0xe0000000, Internal Error (/mydata/mmtk-openjdk/openjdk/share/mmtkHeap.cpp:424)]
Metaspace:

Usage:
  Non-class:      8.72 MB used.
      Class:      1.28 MB used.
       Both:     10.00 MB used.

Virtual space:
  Non-class space:       64.00 MB reserved,       9.31 MB ( 15%) committed,  1 nodes.
      Class space:        1.00 GB reserved,       1.75 MB ( <1%) committed,  1 nodes.
             Both:        1.06 GB reserved,      11.06 MB (  1%) committed. 

Chunk freelists:
   Non-Class:  6.21 MB
       Class:  14.14 MB
        Both:  20.35 MB

MaxMetaspaceSize: unlimited
CompressedClassSpaceSize: 1.00 GB
Initial GC threshold: 21.00 MB
Current GC threshold: 21.00 MB
CDS: on
 - commit_granule_bytes: 65536.
 - commit_granule_words: 8192.
 - virtual_space_node_default_size: 8388608.
 - enlarge_chunks_in_place: 1.
 - use_allocation_guard: 0.


Internal statistics:

num_allocs_failed_limit: 0.
num_arena_births: 1694.
num_arena_deaths: 0.
num_vsnodes_births: 2.
num_vsnodes_deaths: 0.
num_space_committed: 177.
num_space_uncommitted: 0.
num_chunks_returned_to_freelist: 0.
num_chunks_taken_from_freelist: 2606.
num_chunk_merges: 0.
num_chunk_splits: 1413.
num_chunks_enlarged: 271.
num_inconsistent_stats: 0.

CodeHeap 'non-profiled nmethods': size=118880Kb used=1706Kb max_used=1706Kb free=117173Kb
 bounds [0x00007a5e583e8000, 0x00007a5e58658000, 0x00007a5e5f800000]
CodeHeap 'profiled nmethods': size=118876Kb used=5414Kb max_used=5414Kb free=113461Kb
 bounds [0x00007a5e50800000, 0x00007a5e50d50000, 0x00007a5e57c17000]
CodeHeap 'non-nmethods': size=8004Kb used=3482Kb max_used=3566Kb free=4522Kb
 bounds [0x00007a5e57c17000, 0x00007a5e57fa7000, 0x00007a5e583e8000]
CodeCache: size=245760Kb, used=10602Kb, max_used=10686Kb, free=235156Kb
 total_blobs=3501, nmethods=2986, adapters=415, full_count=0
Compilation: enabled, stopped_count=0, restarted_count=0

Compilation events (20 events):
Event: 4.944 Thread 0x00006db0900223e0 3097       2       java.lang.invoke.LambdaForm$MH/0x00006db134108000::invoke (45 bytes)
Event: 4.944 Thread 0x00006db0ac0ca790 nmethod 3096 0x00007a5e50d48290 code [0x00007a5e50d484a0, 0x00007a5e50d489c0]
Event: 4.944 Thread 0x00007a5e685556a0 nmethod 3098 0x00007a5e50d48c90 code [0x00007a5e50d48e20, 0x00007a5e50d48fb0]
Event: 4.946 Thread 0x00006db09c0633a0 2954       4       org.apache.lucene.codecs.lucene90.Lucene90NormsProducer::getDataInput (83 bytes)
Event: 4.946 Thread 0x00006db09403e3a0 2937       4       java.lang.Integer::hashCode (8 bytes)
Event: 4.946 Thread 0x00007a5e685556a0 3099   !   2       java.io.FileInputStream::read (32 bytes)
Event: 4.947 Thread 0x00006db094096140 nmethod 2952 0x00007a5e58590d10 code [0x00007a5e58590ee0, 0x00007a5e58591130]
Event: 4.947 Thread 0x00006db094096140 2963       4       org.apache.lucene.codecs.lucene90.blocktree.CompressionAlgorithm$2::read (7 bytes)
Event: 4.947 Thread 0x00007a5e685556a0 nmethod 3099 0x00007a5e50d49090 code [0x00007a5e50d49260, 0x00007a5e50d49430]
Event: 4.947 Thread 0x00006db09403e3a0 nmethod 2937 0x00007a5e58591310 code [0x00007a5e58591480, 0x00007a5e58591508]
Event: 4.947 Thread 0x00006db09403e3a0 2927       4       org.apache.lucene.search.TermStatistics::<init> (91 bytes)
Event: 4.947 Thread 0x00006db0900223e0 nmethod 3097 0x00007a5e50d49590 code [0x00007a5e50d49760, 0x00007a5e50d49990]
Event: 4.947 Thread 0x00006db094096140 nmethod 2963 0x00007a5e58591610 code [0x00007a5e585917a0, 0x00007a5e58591858]
Event: 4.947 Thread 0x00006db094096140 2938       4       org.apache.lucene.search.IndexSearcher::termStatistics (15 bytes)
Event: 4.947 Thread 0x00006db09403e3a0 nmethod 2927 0x00007a5e58591910 code [0x00007a5e58591aa0, 0x00007a5e58591c00]
Event: 4.947 Thread 0x00006db09403e3a0 2926       4       org.apache.lucene.codecs.lucene90.blocktree.SegmentTermsEnum::docFreq (39 bytes)
Event: 4.948 Thread 0x00006db09c0633a0 nmethod 2954 0x00007a5e58591d10 code [0x00007a5e58591ec0, 0x00007a5e58592140]
Event: 4.948 Thread 0x00006db09c0633a0 2924       4       org.apache.lucene.codecs.lucene90.blocktree.SegmentTermsEnum::totalTermFreq (39 bytes)
Event: 4.948 Thread 0x00006db094096140 nmethod 2938 0x00007a5e58592410 code [0x00007a5e585925a0, 0x00007a5e585927d0]
Event: 4.948 Thread 0x00006db094096140 2923       4       org.apache.lucene.codecs.lucene90.blocktree.SegmentTermsEnum::termState (41 bytes)

GC Heap History (0 events):
No events

Dll operation events (8 events):
Event: 0.001 Loaded shared library /mydata/openjdk-mmtk/build/b0test/images/jdk/lib/libjava.so
Event: 2.216 Loaded shared library /mydata/openjdk-mmtk/build/b0test/images/jdk/lib/libjsvml.so
Event: 2.228 Loaded shared library /mydata/openjdk-mmtk/build/b0test/images/jdk/lib/libnio.so
Event: 2.232 Loaded shared library /mydata/openjdk-mmtk/build/b0test/images/jdk/lib/libzip.so
Event: 2.245 Loaded shared library /mydata/openjdk-mmtk/build/b0test/images/jdk/lib/libjimage.so
Event: 2.271 Loaded shared library /mydata/openjdk-mmtk/build/b0test/images/jdk/lib/libnet.so
Event: 4.174 Loaded shared library /mydata/openjdk-mmtk/build/b0test/images/jdk/lib/libmanagement.so
Event: 4.175 Loaded shared library /mydata/openjdk-mmtk/build/b0test/images/jdk/lib/libmanagement_ext.so

Deoptimization events (20 events):
Event: 4.508 Thread 0x00007a5e687e4b50 DEOPT PACKING pc=0x00007a5e50cf8881 sp=0x00006db130dfdd90
Event: 4.508 Thread 0x00007a5e687e4b50 DEOPT UNPACKING pc=0x00007a5e57c6ab2f sp=0x00006db130dfd248 mode 0
Event: 4.510 Thread 0x00007a5e687f6d80 DEOPT PACKING pc=0x00007a5e50cf8881 sp=0x00006db1300fdd90
Event: 4.510 Thread 0x00007a5e687f6d80 DEOPT UNPACKING pc=0x00007a5e57c6ab2f sp=0x00006db1300fd248 mode 0
Event: 4.510 Thread 0x00007a5e687f9dc0 DEOPT PACKING pc=0x00007a5e50cf8881 sp=0x00006db017efdd90
Event: 4.510 Thread 0x00007a5e687f9dc0 DEOPT UNPACKING pc=0x00007a5e57c6ab2f sp=0x00006db017efd248 mode 0
Event: 4.512 Thread 0x00007a5e687d17c0 DEOPT PACKING pc=0x00007a5e50cf8881 sp=0x00006db1326fdd90
Event: 4.512 Thread 0x00007a5e687d17c0 DEOPT UNPACKING pc=0x00007a5e57c6ab2f sp=0x00006db1326fd248 mode 0
Event: 4.512 Thread 0x00007a5e687da410 DEOPT PACKING pc=0x00007a5e50cf8881 sp=0x00006db1315fdd90
Event: 4.512 Thread 0x00007a5e687da410 DEOPT UNPACKING pc=0x00007a5e57c6ab2f sp=0x00006db1315fd248 mode 0
Event: 4.512 Thread 0x00007a5e687db8c0 DEOPT PACKING pc=0x00007a5e50cf8881 sp=0x00006db1314fdd90
Event: 4.512 Thread 0x00007a5e687db8c0 DEOPT UNPACKING pc=0x00007a5e57c6ab2f sp=0x00006db1314fd248 mode 0
Event: 4.521 Thread 0x00007a5e687e4b50 DEOPT PACKING pc=0x00007a5e509bf4b3 sp=0x00006db130dfe730
Event: 4.521 Thread 0x00007a5e687e4b50 DEOPT UNPACKING pc=0x00007a5e57c6ab2f sp=0x00006db130dfdc58 mode 0
Event: 4.547 Thread 0x00007a5e687f1150 DEOPT PACKING pc=0x00007a5e509bf4b3 sp=0x00006db1304fe730
Event: 4.547 Thread 0x00007a5e687f1150 DEOPT UNPACKING pc=0x00007a5e57c6ab2f sp=0x00006db1304fdc58 mode 0
Event: 4.621 Thread 0x00007a5e687de300 Uncommon trap: trap_request=0xffffff45 fr.pc=0x00007a5e584ee090 relative=0x0000000000001030
Event: 4.621 Thread 0x00007a5e687de300 Uncommon trap: reason=unstable_if action=reinterpret pc=0x00007a5e584ee090 method=org.apache.lucene.queryparser.classic.QueryParserTokenManager.jjMoveNfa_2(II)I @ 2505 c2
Event: 4.621 Thread 0x00007a5e687de300 DEOPT PACKING pc=0x00007a5e584ee090 sp=0x00006db1312fe4b0
Event: 4.621 Thread 0x00007a5e687de300 DEOPT UNPACKING pc=0x00007a5e57c6a399 sp=0x00006db1312fe460 mode 2

Classes loaded (20 events):
Event: 4.270 Loading class java/util/stream/SpinedBuffer$OfPrimitive
Event: 4.270 Loading class java/util/stream/AbstractSpinedBuffer
Event: 4.270 Loading class java/util/stream/AbstractSpinedBuffer done
Event: 4.270 Loading class java/util/stream/SpinedBuffer$OfPrimitive done
Event: 4.270 Loading class java/util/stream/SpinedBuffer$OfInt done
Event: 4.270 Loading class java/util/stream/Nodes$IntSpinedNodeBuilder done
Event: 4.270 Loading class java/util/stream/ReferencePipeline$8$1
Event: 4.270 Loading class java/util/stream/ReferencePipeline$8$1 done
Event: 4.271 Loading class java/util/Spliterators$IntArraySpliterator
Event: 4.271 Loading class java/util/Spliterators$IntArraySpliterator done
Event: 4.271 Loading class java/util/stream/IntPipeline$Head
Event: 4.271 Loading class java/util/stream/IntPipeline$Head done
Event: 4.287 Loading class java/lang/invoke/VarHandleSegmentAsShorts
Event: 4.287 Loading class java/lang/invoke/VarHandleSegmentAsShorts done
Event: 4.302 Loading class java/util/WeakHashMap$KeyIterator
Event: 4.302 Loading class java/util/WeakHashMap$HashIterator
Event: 4.302 Loading class java/util/WeakHashMap$HashIterator done
Event: 4.302 Loading class java/util/WeakHashMap$KeyIterator done
Event: 4.605 Loading class java/io/FileOutputStream$1
Event: 4.605 Loading class java/io/FileOutputStream$1 done

Classes unloaded (0 events):
No events

Classes redefined (0 events):
No events

Internal exceptions (20 events):
Event: 4.239 Thread 0x00007a5e687f1150 Exception <a 'java/lang/NoSuchMethodError'{0x0000000041e6d800}: 'java.lang.Object java.lang.invoke.Invokers$Holder.linkToTargetMethod(java.lang.Object, java.lang.Object, java.lang.Object, int, java.lang.Object)'> (0x0000000041e6d800) 
thrown [src/hotspot/share/interpreter/linkResolver.cpp, line 772]
Event: 4.239 Thread 0x00007a5e687f9dc0 Exception <a 'java/lang/NoSuchMethodError'{0x0000000041dc12f8}: 'java.lang.Object java.lang.invoke.Invokers$Holder.linkToTargetMethod(java.lang.Object, java.lang.Object, java.lang.Object, int, java.lang.Object)'> (0x0000000041dc12f8) 
thrown [src/hotspot/share/interpreter/linkResolver.cpp, line 772]
Event: 4.239 Thread 0x00007a5e687f83a0 Exception <a 'java/lang/NoSuchMethodError'{0x0000000041e44120}: 'java.lang.Object java.lang.invoke.DirectMethodHandle$Holder.invokeSpecial(java.lang.Object, java.lang.Object, java.lang.Object, java.lang.Object, java.lang.Object, int)'> (0x0000000041e44120) 
thrown [src/hotspot/share/interpreter/linkResolver.cpp, line 772]
Event: 4.239 Thread 0x00007a5e687da410 Exception <a 'java/lang/NoSuchMethodError'{0x0000000041df1ce8}: 'java.lang.Object java.lang.invoke.Invokers$Holder.linkToTargetMethod(java.lang.Object, java.lang.Object, java.lang.Object, int, java.lang.Object)'> (0x0000000041df1ce8) 
thrown [src/hotspot/share/interpreter/linkResolver.cpp, line 772]
Event: 4.239 Thread 0x00007a5e687f6d80 Exception <a 'java/lang/NoSuchMethodError'{0x0000000041e5e7e0}: 'java.lang.Object java.lang.invoke.Invokers$Holder.linkToTargetMethod(java.lang.Object, java.lang.Object, java.lang.Object, int, java.lang.Object)'> (0x0000000041e5e7e0) 
thrown [src/hotspot/share/interpreter/linkResolver.cpp, line 772]
Event: 4.239 Thread 0x00007a5e687e6390 Exception <a 'java/lang/NoSuchMethodError'{0x0000000041d98a68}: 'java.lang.Object java.lang.invoke.Invokers$Holder.linkToTargetMethod(java.lang.Object, java.lang.Object, java.lang.Object, int, java.lang.Object)'> (0x0000000041d98a68) 
thrown [src/hotspot/share/interpreter/linkResolver.cpp, line 772]
Event: 4.239 Thread 0x00007a5e687de300 Exception <a 'java/lang/NoSuchMethodError'{0x0000000041e564a8}: 'java.lang.Object java.lang.invoke.Invokers$Holder.linkToTargetMethod(java.lang.Object, java.lang.Object, java.lang.Object, int, java.lang.Object)'> (0x0000000041e564a8) 
thrown [src/hotspot/share/interpreter/linkResolver.cpp, line 772]
Event: 4.240 Thread 0x00007a5e687efb50 Exception <a 'java/lang/NoSuchMethodError'{0x0000000041e0a768}: 'java.lang.Object java.lang.invoke.Invokers$Holder.linkToTargetMethod(java.lang.Object, java.lang.Object, java.lang.Object, int, java.lang.Object)'> (0x0000000041e0a768) 
thrown [src/hotspot/share/interpreter/linkResolver.cpp, line 772]
Event: 4.240 Thread 0x00007a5e687e21f0 Exception <a 'java/lang/NoSuchMethodError'{0x0000000041d88348}: 'java.lang.Object java.lang.invoke.Invokers$Holder.linkToTargetMethod(java.lang.Object, java.lang.Object, java.lang.Object, int, java.lang.Object)'> (0x0000000041d88348) 
thrown [src/hotspot/share/interpreter/linkResolver.cpp, line 772]
Event: 4.240 Thread 0x00007a5e687ecf70 Exception <a 'java/lang/NoSuchMethodError'{0x0000000041dd8aa0}: 'java.lang.Object java.lang.invoke.Invokers$Holder.linkToTargetMethod(java.lang.Object, java.lang.Object, java.lang.Object, int, java.lang.Object)'> (0x0000000041dd8aa0) 
thrown [src/hotspot/share/interpreter/linkResolver.cpp, line 772]
Event: 4.240 Thread 0x00007a5e687f83a0 Exception <a 'java/lang/NoSuchMethodError'{0x0000000041e473c8}: 'java.lang.Object java.lang.invoke.Invokers$Holder.linkToTargetMethod(java.lang.Object, java.lang.Object, java.lang.Object, int, java.lang.Object)'> (0x0000000041e473c8) 
thrown [src/hotspot/share/interpreter/linkResolver.cpp, line 772]
Event: 4.259 Thread 0x00007a5e687f83a0 Implicit null exception at 0x00007a5e584157de to 0x00007a5e58415898
Event: 4.259 Thread 0x00007a5e687d7930 Implicit null exception at 0x00007a5e584157de to 0x00007a5e58415898
Event: 4.259 Thread 0x00007a5e687de300 Implicit null exception at 0x00007a5e584157de to 0x00007a5e58415898
Event: 4.259 Thread 0x00007a5e687efb50 Implicit null exception at 0x00007a5e584157de to 0x00007a5e58415898
Event: 4.259 Thread 0x00007a5e687f1150 Implicit null exception at 0x00007a5e584157de to 0x00007a5e58415898
Event: 4.270 Thread 0x00007a5e687e36a0 Exception <a 'java/lang/NoSuchMethodError'{0x000000004214d148}: 'void java.lang.invoke.DirectMethodHandle$Holder.invokeInterface(java.lang.Object, java.lang.Object, int)'> (0x000000004214d148) 
thrown [src/hotspot/share/interpreter/linkResolver.cpp, line 772]
Event: 4.271 Thread 0x00007a5e687e36a0 Exception <a 'java/lang/IncompatibleClassChangeError'{0x00000000421407a0}: Found class java.lang.Object, but interface was expected> (0x00000000421407a0) 
thrown [src/hotspot/share/interpreter/linkResolver.cpp, line 840]
Event: 4.275 Thread 0x00007a5e687e36a0 Exception <a 'java/lang/NoSuchMethodError'{0x00000000420a69d0}: 'int java.lang.invoke.DirectMethodHandle$Holder.invokeStaticInit(java.lang.Object, java.lang.Object)'> (0x00000000420a69d0) 
thrown [src/hotspot/share/interpreter/linkResolver.cpp, line 772]
Event: 4.276 Thread 0x00007a5e687e36a0 Exception <a 'java/lang/NoSuchMethodError'{0x0000000042088390}: 'java.lang.Object java.lang.invoke.Invokers$Holder.invokeExact_MT(java.lang.Object, java.lang.Object, java.lang.Object, java.lang.Object, java.lang.Object, java.lang.Object)'> (0x0000000042088390) 
thrown [src/hotspot/share/interpreter/linkResolver.cpp, line 772]

ZGC Phase Switch (0 events):
No events

VM Operations (20 events):
Event: 4.477 Executing VM operation: ICBufferFull done
Event: 4.556 Executing VM operation: ThirdPartyHeapOperation
Event: 4.568 Executing VM operation: ThirdPartyHeapOperation done
Event: 4.571 Executing VM operation: ThirdPartyHeapOperation
Event: 4.585 Executing VM operation: ThirdPartyHeapOperation done
Event: 4.664 Executing VM operation: ThirdPartyHeapOperation
Event: 4.677 Executing VM operation: ThirdPartyHeapOperation done
Event: 4.685 Executing VM operation: ThirdPartyHeapOperation
Event: 4.701 Executing VM operation: ThirdPartyHeapOperation done
Event: 4.755 Executing VM operation: ThirdPartyHeapOperation
Event: 4.769 Executing VM operation: ThirdPartyHeapOperation done
Event: 4.773 Executing VM operation: ThirdPartyHeapOperation
Event: 4.787 Executing VM operation: ThirdPartyHeapOperation done
Event: 4.838 Executing VM operation: ThirdPartyHeapOperation
Event: 4.852 Executing VM operation: ThirdPartyHeapOperation done
Event: 4.856 Executing VM operation: ThirdPartyHeapOperation
Event: 4.883 Executing VM operation: ThirdPartyHeapOperation done
Event: 4.930 Executing VM operation: ThirdPartyHeapOperation
Event: 4.944 Executing VM operation: ThirdPartyHeapOperation done
Event: 4.949 Executing VM operation: ThirdPartyHeapOperation

Memory protections (20 events):
Event: 4.221 Protecting memory [0x00006db130900000,0x00006db130904000] with protection modes 0
Event: 4.221 Protecting memory [0x00006db130800000,0x00006db130804000] with protection modes 0
Event: 4.222 Protecting memory [0x00006db130700000,0x00006db130704000] with protection modes 0
Event: 4.222 Protecting memory [0x00006db130600000,0x00006db130604000] with protection modes 0
Event: 4.223 Protecting memory [0x00006db130500000,0x00006db130504000] with protection modes 0
Event: 4.224 Protecting memory [0x00006db130400000,0x00006db130404000] with protection modes 0
Event: 4.224 Protecting memory [0x00006db130300000,0x00006db130304000] with protection modes 0
Event: 4.225 Protecting memory [0x00006db130100000,0x00006db130104000] with protection modes 0
Event: 4.225 Protecting memory [0x00006db130000000,0x00006db130004000] with protection modes 0
Event: 4.225 Protecting memory [0x00006db017f00000,0x00006db017f04000] with protection modes 0
Event: 4.225 Protecting memory [0x00006db017e00000,0x00006db017e04000] with protection modes 0
Event: 4.226 Protecting memory [0x00006db130200000,0x00006db130204000] with protection modes 0
Event: 4.234 Protecting memory [0x00006db017d00000,0x00006db017d04000] with protection modes 0
Event: 4.306 Protecting memory [0x00006db017c00000,0x00006db017c04000] with protection modes 0
Event: 4.444 Protecting memory [0x00006db017b00000,0x00006db017b04000] with protection modes 0
Event: 4.445 Protecting memory [0x00006db017a00000,0x00006db017a04000] with protection modes 0
Event: 4.449 Protecting memory [0x00006db017900000,0x00006db017904000] with protection modes 0
Event: 4.451 Protecting memory [0x00006db017800000,0x00006db017804000] with protection modes 0
Event: 4.451 Protecting memory [0x00006db017700000,0x00006db017704000] with protection modes 0
Event: 4.455 Protecting memory [0x00006db017600000,0x00006db017604000] with protection modes 0

Nmethod flushes (0 events):
No events

Events (20 events):
Event: 4.221 Thread 0x00007a5e6802b240 Thread added: 0x00007a5e687ea4f0
Event: 4.221 Thread 0x00007a5e6802b240 Thread added: 0x00007a5e687eb990
Event: 4.222 Thread 0x00007a5e6802b240 Thread added: 0x00007a5e687ecf70
Event: 4.222 Thread 0x00007a5e6802b240 Thread added: 0x00007a5e687ee560
Event: 4.222 Thread 0x00007a5e6802b240 Thread added: 0x00007a5e687efb50
Event: 4.224 Thread 0x00007a5e6802b240 Thread added: 0x00007a5e687f1150
Event: 4.224 Thread 0x00007a5e6802b240 Thread added: 0x00007a5e687f2750
Event: 4.224 Thread 0x00007a5e6802b240 Thread added: 0x00007a5e687f3d60
Event: 4.225 Thread 0x00007a5e6802b240 Thread added: 0x00007a5e687f5760
Event: 4.225 Thread 0x00007a5e6802b240 Thread added: 0x00007a5e687f6d80
Event: 4.225 Thread 0x00007a5e6802b240 Thread added: 0x00007a5e687f83a0
Event: 4.225 Thread 0x00007a5e6802b240 Thread added: 0x00007a5e687f9dc0
Event: 4.234 Thread 0x00006db0900223e0 Thread added: 0x00006db09403e3a0
Event: 4.306 Thread 0x00006db0900243c0 Thread added: 0x00006db09c0633a0
Event: 4.443 Thread 0x00007a5e685556a0 Thread added: 0x00006db0ac0c7930
Event: 4.445 Thread 0x00006db09403e3a0 Thread added: 0x00006db008083990
Event: 4.446 Thread 0x00006db0900243c0 Thread added: 0x00006db09c09f4e0
Event: 4.450 Thread 0x00006db0900223e0 Thread added: 0x00006db0940949e0
Event: 4.451 Thread 0x00006db0900223e0 Thread added: 0x00006db094096140
Event: 4.453 Thread 0x00006db0900243c0 Thread added: 0x00006db09c0a16b0


Dynamic libraries:
40000000-40400000 rw-p 00000000 00:00 0                                  [anon:mmtk:space:immix]
40400000-41400000 rw-p 00000000 00:00 0                                  [anon:mmtk:space:los]
41400000-41800000 rw-p 00000000 00:00 0                                  [anon:mmtk:space:immix]
41800000-48000000 rw-p 00000000 00:00 0                                  [anon:mmtk:space:los]
48000000-48400000 rw-p 00000000 00:00 0                                  [anon:mmtk:space:immix]
48400000-49800000 rw-p 00000000 00:00 0                                  [anon:mmtk:space:los]
49800000-50000000 rw-p 00000000 00:00 0                                  [anon:mmtk:space:immix]
50000000-52000000 rw-p 00000000 00:00 0                                  [anon:mmtk:space:immix]
52000000-53800000 rw-p 00000000 00:00 0                                  [anon:mmtk:space:immix]
200000000000-2000c00c0000 rw-s 00000000 00:10 68                         anon_inode:bpf-map
55b79490e000-55b79490f000 r--p 00000000 fc:00 49676352                   /mydata/openjdk-mmtk/build/b0test/images/jdk/bin/java
55b79490f000-55b794910000 r-xp 00001000 fc:00 49676352                   /mydata/openjdk-mmtk/build/b0test/images/jdk/bin/java
55b794910000-55b794911000 r--p 00002000 fc:00 49676352                   /mydata/openjdk-mmtk/build/b0test/images/jdk/bin/java
55b794911000-55b794912000 r--p 00002000 fc:00 49676352                   /mydata/openjdk-mmtk/build/b0test/images/jdk/bin/java
55b794912000-55b794913000 rw-p 00003000 fc:00 49676352                   /mydata/openjdk-mmtk/build/b0test/images/jdk/bin/java
55b7964c2000-55b79650a000 rw-p 00000000 00:00 0                          [heap]
6dafe4000000-6dafe5013000 rw-p 00000000 00:00 0 
6dafe5013000-6dafe8000000 ---p 00000000 00:00 0 
6dafec000000-6dafeca71000 rw-p 00000000 00:00 0 
6dafeca71000-6daff0000000 ---p 00000000 00:00 0 
6daff0000000-6daff0612000 rw-p 00000000 00:00 0 
6daff0612000-6daff4000000 ---p 00000000 00:00 0 
6daff4000000-6daff4619000 rw-p 00000000 00:00 0 
6daff4619000-6daff8000000 ---p 00000000 00:00 0 
6daff8000000-6daff8861000 rw-p 00000000 00:00 0 
6daff8861000-6daffc000000 ---p 00000000 00:00 0 
6daffc000000-6daffca03000 rw-p 00000000 00:00 0 
6daffca03000-6db000000000 ---p 00000000 00:00 0 
6db000000000-6db000ad8000 rw-p 00000000 00:00 0 
6db000ad8000-6db004000000 ---p 00000000 00:00 0 
6db004000000-6db004022000 rw-p 00000000 00:00 0 
6db004022000-6db008000000 ---p 00000000 00:00 0 
6db008000000-6db008845000 rw-p 00000000 00:00 0 
6db008845000-6db00c000000 ---p 00000000 00:00 0 
6db00c000000-6db00c03a000 rw-p 00000000 00:00 0 
6db00c03a000-6db010000000 ---p 00000000 00:00 0 
6db010000000-6db010021000 rw-p 00000000 00:00 0 
6db010021000-6db014000000 ---p 00000000 00:00 0 
6db017600000-6db017604000 ---p 00000000 00:00 0 
6db017604000-6db017700000 rw-p 00000000 00:00 0 
6db017700000-6db017704000 ---p 00000000 00:00 0 
6db017704000-6db017800000 rw-p 00000000 00:00 0 
6db017800000-6db017804000 ---p 00000000 00:00 0 
6db017804000-6db017900000 rw-p 00000000 00:00 0 
6db017900000-6db017904000 ---p 00000000 00:00 0 
6db017904000-6db017a00000 rw-p 00000000 00:00 0 
6db017a00000-6db017a04000 ---p 00000000 00:00 0 
6db017a04000-6db017b00000 rw-p 00000000 00:00 0 
6db017b00000-6db017b04000 ---p 00000000 00:00 0 
6db017b04000-6db017c00000 rw-p 00000000 00:00 0 
6db017c00000-6db017c04000 ---p 00000000 00:00 0 
6db017c04000-6db017d00000 rw-p 00000000 00:00 0 
6db017d00000-6db017d04000 ---p 00000000 00:00 0 
6db017d04000-6db017e00000 rw-p 00000000 00:00 0 
6db017e00000-6db017e04000 ---p 00000000 00:00 0 
6db017e04000-6db017f00000 rw-p 00000000 00:00 0 
6db017f00000-6db017f04000 ---p 00000000 00:00 0 
6db017f04000-6db018000000 rw-p 00000000 00:00 0 
6db018000000-6db018021000 rw-p 00000000 00:00 0 
6db018021000-6db01c000000 ---p 00000000 00:00 0 
6db01c000000-6db01c021000 rw-p 00000000 00:00 0 
6db01c021000-6db020000000 ---p 00000000 00:00 0 
6db020000000-6db020021000 rw-p 00000000 00:00 0 
6db020021000-6db024000000 ---p 00000000 00:00 0 
6db024000000-6db024021000 rw-p 00000000 00:00 0 
6db024021000-6db028000000 ---p 00000000 00:00 0 
6db028000000-6db028021000 rw-p 00000000 00:00 0 
6db028021000-6db02c000000 ---p 00000000 00:00 0 
6db02c000000-6db02c021000 rw-p 00000000 00:00 0 
6db02c021000-6db030000000 ---p 00000000 00:00 0 
6db030000000-6db030021000 rw-p 00000000 00:00 0 
6db030021000-6db034000000 ---p 00000000 00:00 0 
6db034000000-6db034021000 rw-p 00000000 00:00 0 
6db034021000-6db038000000 ---p 00000000 00:00 0 
6db038000000-6db038021000 rw-p 00000000 00:00 0 
6db038021000-6db03c000000 ---p 00000000 00:00 0 
6db03c000000-6db03c021000 rw-p 00000000 00:00 0 
6db03c021000-6db040000000 ---p 00000000 00:00 0 
6db040000000-6db040021000 rw-p 00000000 00:00 0 
6db040021000-6db044000000 ---p 00000000 00:00 0 
6db044000000-6db044021000 rw-p 00000000 00:00 0 
6db044021000-6db048000000 ---p 00000000 00:00 0 
6db048000000-6db048022000 rw-p 00000000 00:00 0 
6db048022000-6db04c000000 ---p 00000000 00:00 0 
6db04c000000-6db04c021000 rw-p 00000000 00:00 0 
6db04c021000-6db050000000 ---p 00000000 00:00 0 
6db050000000-6db050021000 rw-p 00000000 00:00 0 
6db050021000-6db054000000 ---p 00000000 00:00 0 
6db054000000-6db054024000 rw-p 00000000 00:00 0 
6db054024000-6db058000000 ---p 00000000 00:00 0 
6db058000000-6db058021000 rw-p 00000000 00:00 0 
6db058021000-6db05c000000 ---p 00000000 00:00 0 
6db05c000000-6db05c021000 rw-p 00000000 00:00 0 
6db05c021000-6db060000000 ---p 00000000 00:00 0 
6db060000000-6db06002e000 rw-p 00000000 00:00 0 
6db06002e000-6db064000000 ---p 00000000 00:00 0 
6db064000000-6db064021000 rw-p 00000000 00:00 0 
6db064021000-6db068000000 ---p 00000000 00:00 0 
6db068000000-6db068046000 rw-p 00000000 00:00 0 
6db068046000-6db06c000000 ---p 00000000 00:00 0 
6db06c000000-6db06c021000 rw-p 00000000 00:00 0 
6db06c021000-6db070000000 ---p 00000000 00:00 0 
6db070000000-6db070021000 rw-p 00000000 00:00 0 
6db070021000-6db074000000 ---p 00000000 00:00 0 
6db074000000-6db074021000 rw-p 00000000 00:00 0 
6db074021000-6db078000000 ---p 00000000 00:00 0 
6db078000000-6db078029000 rw-p 00000000 00:00 0 
6db078029000-6db07c000000 ---p 00000000 00:00 0 
6db07c000000-6db07c021000 rw-p 00000000 00:00 0 
6db07c021000-6db080000000 ---p 00000000 00:00 0 
6db080000000-6db08004b000 rw-p 00000000 00:00 0 
6db08004b000-6db084000000 ---p 00000000 00:00 0 
6db084000000-6db084021000 rw-p 00000000 00:00 0 
6db084021000-6db088000000 ---p 00000000 00:00 0 
6db088000000-6db0880e5000 rw-p 00000000 00:00 0 
6db0880e5000-6db08c000000 ---p 00000000 00:00 0 
6db08c000000-6db08c15a000 rw-p 00000000 00:00 0 
6db08c15a000-6db090000000 ---p 00000000 00:00 0 
6db090000000-6db090139000 rw-p 00000000 00:00 0 
6db090139000-6db094000000 ---p 00000000 00:00 0 
6db094000000-6db09417f000 rw-p 00000000 00:00 0 
6db09417f000-6db098000000 ---p 00000000 00:00 0 
6db098000000-6db098021000 rw-p 00000000 00:00 0 
6db098021000-6db09c000000 ---p 00000000 00:00 0 
6db09c000000-6db09c1ec000 rw-p 00000000 00:00 0 
6db09c1ec000-6db0a0000000 ---p 00000000 00:00 0 
6db0a0000000-6db0a0a1e000 rw-p 00000000 00:00 0 
6db0a0a1e000-6db0a4000000 ---p 00000000 00:00 0 
6db0a4000000-6db0a4021000 rw-p 00000000 00:00 0 
6db0a4021000-6db0a8000000 ---p 00000000 00:00 0 
6db0a8000000-6db0a8a0c000 rw-p 00000000 00:00 0 
6db0a8a0c000-6db0ac000000 ---p 00000000 00:00 0 
6db0ac000000-6db0ac311000 rw-p 00000000 00:00 0 
6db0ac311000-6db0b0000000 ---p 00000000 00:00 0 
6db0b0000000-6db0b0021000 rw-p 00000000 00:00 0 
6db0b0021000-6db0b4000000 ---p 00000000 00:00 0 
6db0b4000000-6db0b4021000 rw-p 00000000 00:00 0 
6db0b4021000-6db0b8000000 ---p 00000000 00:00 0 
6db0b8000000-6db0b804a000 rw-p 00000000 00:00 0 
6db0b804a000-6db0bc000000 ---p 00000000 00:00 0 
6db0bc000000-6db0bc021000 rw-p 00000000 00:00 0 
6db0bc021000-6db0c0000000 ---p 00000000 00:00 0 
6db0c0000000-6db0c003b000 rw-p 00000000 00:00 0 
6db0c003b000-6db0c4000000 ---p 00000000 00:00 0 
6db0c4000000-6db0c403d000 rw-p 00000000 00:00 0 
6db0c403d000-6db0c8000000 ---p 00000000 00:00 0 
6db0c8000000-6db0c8040000 rw-p 00000000 00:00 0 
6db0c8040000-6db0cc000000 ---p 00000000 00:00 0 
6db0cc000000-6db0cc04a000 rw-p 00000000 00:00 0 
6db0cc04a000-6db0d0000000 ---p 00000000 00:00 0 
6db0d0000000-6db0d004d000 rw-p 00000000 00:00 0 
6db0d004d000-6db0d4000000 ---p 00000000 00:00 0 
6db0d4000000-6db0d413c000 rw-p 00000000 00:00 0 
6db0d413c000-6db0d8000000 ---p 00000000 00:00 0 
6db0d8000000-6db0d804b000 rw-p 00000000 00:00 0 
6db0d804b000-6db0dc000000 ---p 00000000 00:00 0 
6db0dc000000-6db0dc04a000 rw-p 00000000 00:00 0 
6db0dc04a000-6db0e0000000 ---p 00000000 00:00 0 
6db0e0000000-6db0e00ca000 rw-p 00000000 00:00 0 
6db0e00ca000-6db0e4000000 ---p 00000000 00:00 0 
6db0e4000000-6db0e40ac000 rw-p 00000000 00:00 0 
6db0e40ac000-6db0e8000000 ---p 00000000 00:00 0 
6db0e8000000-6db0e802b000 rw-p 00000000 00:00 0 
6db0e802b000-6db0ec000000 ---p 00000000 00:00 0 
6db0ec000000-6db0ec03a000 rw-p 00000000 00:00 0 
6db0ec03a000-6db0f0000000 ---p 00000000 00:00 0 
6db0f0000000-6db0f003b000 rw-p 00000000 00:00 0 
6db0f003b000-6db0f4000000 ---p 00000000 00:00 0 
6db0f4000000-6db0f4047000 rw-p 00000000 00:00 0 
6db0f4047000-6db0f8000000 ---p 00000000 00:00 0 
6db0f8000000-6db0f8042000 rw-p 00000000 00:00 0 
6db0f8042000-6db0fc000000 ---p 00000000 00:00 0 
6db0fc000000-6db0fc052000 rw-p 00000000 00:00 0 
6db0fc052000-6db100000000 ---p 00000000 00:00 0 
6db100000000-6db10004b000 rw-p 00000000 00:00 0 
6db10004b000-6db104000000 ---p 00000000 00:00 0 
6db104000000-6db10403c000 rw-p 00000000 00:00 0 
6db10403c000-6db108000000 ---p 00000000 00:00 0 
6db108000000-6db10802b000 rw-p 00000000 00:00 0 
6db10802b000-6db10c000000 ---p 00000000 00:00 0 
6db10c000000-6db10c06b000 rw-p 00000000 00:00 0 
6db10c06b000-6db110000000 ---p 00000000 00:00 0 
6db110000000-6db110033000 rw-p 00000000 00:00 0 
6db110033000-6db114000000 ---p 00000000 00:00 0 
6db114000000-6db114043000 rw-p 00000000 00:00 0 
6db114043000-6db118000000 ---p 00000000 00:00 0 
6db118000000-6db118021000 rw-p 00000000 00:00 0 
6db118021000-6db11c000000 ---p 00000000 00:00 0 
6db11c000000-6db11c021000 rw-p 00000000 00:00 0 
6db11c021000-6db120000000 ---p 00000000 00:00 0 
6db120000000-6db120021000 rw-p 00000000 00:00 0 
6db120021000-6db124000000 ---p 00000000 00:00 0 
6db124000000-6db124021000 rw-p 00000000 00:00 0 
6db124021000-6db128000000 ---p 00000000 00:00 0 
6db128000000-6db128380000 rw-p 00000000 00:00 0 
6db128380000-6db128400000 ---p 00000000 00:00 0 
6db128400000-6db1289d0000 rw-p 00000000 00:00 0 
6db1289d0000-6db12c000000 ---p 00000000 00:00 0 
6db12c000000-6db12c021000 rw-p 00000000 00:00 0 
6db12c021000-6db130004000 ---p 00000000 00:00 0 
6db130004000-6db130100000 rw-p 00000000 00:00 0 
6db130100000-6db130104000 ---p 00000000 00:00 0 
6db130104000-6db130200000 rw-p 00000000 00:00 0 
6db130200000-6db130204000 ---p 00000000 00:00 0 
6db130204000-6db130300000 rw-p 00000000 00:00 0 
6db130300000-6db130304000 ---p 00000000 00:00 0 
6db130304000-6db130400000 rw-p 00000000 00:00 0 
6db130400000-6db130404000 ---p 00000000 00:00 0 
6db130404000-6db130500000 rw-p 00000000 00:00 0 
6db130500000-6db130504000 ---p 00000000 00:00 0 
6db130504000-6db130600000 rw-p 00000000 00:00 0 
6db130600000-6db130604000 ---p 00000000 00:00 0 
6db130604000-6db130700000 rw-p 00000000 00:00 0 
6db130700000-6db130704000 ---p 00000000 00:00 0 
6db130704000-6db130800000 rw-p 00000000 00:00 0 
6db130800000-6db130804000 ---p 00000000 00:00 0 
6db130804000-6db130900000 rw-p 00000000 00:00 0 
6db130900000-6db130904000 ---p 00000000 00:00 0 
6db130904000-6db130a00000 rw-p 00000000 00:00 0 
6db130a00000-6db130a04000 ---p 00000000 00:00 0 
6db130a04000-6db130b00000 rw-p 00000000 00:00 0 
6db130b00000-6db130b04000 ---p 00000000 00:00 0 
6db130b04000-6db130c00000 rw-p 00000000 00:00 0 
6db130c00000-6db130c04000 ---p 00000000 00:00 0 
6db130c04000-6db130d00000 rw-p 00000000 00:00 0 
6db130d00000-6db130d04000 ---p 00000000 00:00 0 
6db130d04000-6db130e00000 rw-p 00000000 00:00 0 
6db130e00000-6db130e04000 ---p 00000000 00:00 0 
6db130e04000-6db130f00000 rw-p 00000000 00:00 0 
6db130f00000-6db130f04000 ---p 00000000 00:00 0 
6db130f04000-6db131000000 rw-p 00000000 00:00 0 
6db131000000-6db131004000 ---p 00000000 00:00 0 
6db131004000-6db131100000 rw-p 00000000 00:00 0 
6db131100000-6db131104000 ---p 00000000 00:00 0 
6db131104000-6db131200000 rw-p 00000000 00:00 0 
6db131200000-6db131204000 ---p 00000000 00:00 0 
6db131204000-6db131300000 rw-p 00000000 00:00 0 
6db131300000-6db131304000 ---p 00000000 00:00 0 
6db131304000-6db131400000 rw-p 00000000 00:00 0 
6db131400000-6db131404000 ---p 00000000 00:00 0 
6db131404000-6db131500000 rw-p 00000000 00:00 0 
6db131500000-6db131504000 ---p 00000000 00:00 0 
6db131504000-6db131600000 rw-p 00000000 00:00 0 
6db131600000-6db131604000 ---p 00000000 00:00 0 
6db131604000-6db131700000 rw-p 00000000 00:00 0 
6db131700000-6db131704000 ---p 00000000 00:00 0 
6db131704000-6db131800000 rw-p 00000000 00:00 0 
6db131800000-6db131804000 ---p 00000000 00:00 0 
6db131804000-6db131900000 rw-p 00000000 00:00 0 
6db131900000-6db131904000 ---p 00000000 00:00 0 
6db131904000-6db131a00000 rw-p 00000000 00:00 0 
6db131a00000-6db131e65000 r--s 00000000 fc:00 7871857                    /mydata/dacapo/dacapo-23.11/dacapo-23.11-MR2-chopin/dat/lusearch/index-default/_3_Lucene90_0.tim
6db131f00000-6db131f04000 ---p 00000000 00:00 0 
6db131f04000-6db132000000 rw-p 00000000 00:00 0 
6db132000000-6db132401000 r--s 00000000 fc:00 7871856                    /mydata/dacapo/dacapo-23.11/dacapo-23.11-MR2-chopin/dat/lusearch/index-default/_3_Lucene90_0.doc
6db132500000-6db132504000 ---p 00000000 00:00 0 
6db132504000-6db132600000 rw-p 00000000 00:00 0 
6db132600000-6db132604000 ---p 00000000 00:00 0 
6db132604000-6db132700000 rw-p 00000000 00:00 0 
6db132700000-6db132704000 ---p 00000000 00:00 0 
6db132704000-6db132800000 rw-p 00000000 00:00 0 
6db132800000-6db132804000 ---p 00000000 00:00 0 
6db132804000-6db132900000 rw-p 00000000 00:00 0 
6db132900000-6db132904000 ---p 00000000 00:00 0 
6db132904000-6db132a00000 rw-p 00000000 00:00 0 
6db132a00000-6db132a04000 ---p 00000000 00:00 0 
6db132a04000-6db132b00000 rw-p 00000000 00:00 0 
6db132b00000-6db132b04000 ---p 00000000 00:00 0 
6db132b04000-6db132c00000 rw-p 00000000 00:00 0 
6db132c00000-6db132c04000 ---p 00000000 00:00 0 
6db132c04000-6db132d00000 rw-p 00000000 00:00 0 
6db132d00000-6db132d04000 ---p 00000000 00:00 0 
6db132d04000-6db132e00000 rw-p 00000000 00:00 0 
6db132e00000-6db132e04000 ---p 00000000 00:00 0 
6db132e04000-6db132f00000 rw-p 00000000 00:00 0 
6db132f00000-6db132f04000 ---p 00000000 00:00 0 
6db132f04000-6db133000000 rw-p 00000000 00:00 0 
6db133000000-6db133ca3000 rw-p 00001000 fc:00 49677059                   /mydata/openjdk-mmtk/build/b0test/images/jdk/lib/server/classes.jsa
6db133ca3000-6db134000000 ---p 00000000 00:00 0 
6db134000000-6db134040000 rw-p 00000000 00:00 0 
6db134040000-6db1340c0000 rw-p 00000000 00:00 0 
6db1340c0000-6db1340e0000 rw-p 00000000 00:00 0 
6db1340e0000-6db134100000 ---p 00000000 00:00 0 
6db134100000-6db1341e0000 rw-p 00000000 00:00 0 
6db1341e0000-6db174000000 ---p 00000000 00:00 0 
6db174000000-6db174021000 rw-p 00000000 00:00 0 
6db174021000-6db178000000 ---p 00000000 00:00 0 
6db1780f3000-6db1780f7000 ---p 00000000 00:00 0 
6db1780f7000-6db1781f3000 rw-p 00000000 00:00 0 
6db1781f3000-6db1781f7000 ---p 00000000 00:00 0 
6db1781f7000-6db1782f3000 rw-p 00000000 00:00 0 
6db1782f3000-6db1782f7000 ---p 00000000 00:00 0 
6db1782f7000-6db1783f3000 rw-p 00000000 00:00 0 
6db1783f3000-6db1783f7000 ---p 00000000 00:00 0 
6db1783f7000-6db1784f3000 rw-p 00000000 00:00 0 
6db1784f3000-6db1784f4000 ---p 00000000 00:00 0 
6db1784f4000-6db1785f4000 rw-p 00000000 00:00 0 
6db1785f4000-6db1785f5000 ---p 00000000 00:00 0 
6db1785f5000-6db1786f5000 rw-p 00000000 00:00 0 
6db1786f5000-6db1786f6000 ---p 00000000 00:00 0 
6db1786f6000-6db1787f6000 rw-p 00000000 00:00 0 
6db1787f6000-6db1787f7000 ---p 00000000 00:00 0 
6db1787f7000-6db1788f7000 rw-p 00000000 00:00 0 
6db1788f7000-6db1788f8000 ---p 00000000 00:00 0 
6db1788f8000-6db1789f8000 rw-p 00000000 00:00 0 
6db1789f8000-6db1789f9000 ---p 00000000 00:00 0 
6db1789f9000-6db178af9000 rw-p 00000000 00:00 0 
6db178af9000-6db178afa000 ---p 00000000 00:00 0 
6db178afa000-6db178bfa000 rw-p 00000000 00:00 0 
6db178bfa000-6db178bfb000 ---p 00000000 00:00 0 
6db178bfb000-6db178cfb000 rw-p 00000000 00:00 0 
6db178cfb000-6db178cfc000 ---p 00000000 00:00 0 
6db178cfc000-6db178dfc000 rw-p 00000000 00:00 0 
6db178dfc000-6db178dfd000 ---p 00000000 00:00 0 
6db178dfd000-6db178efd000 rw-p 00000000 00:00 0 
6db178efd000-6db178efe000 ---p 00000000 00:00 0 
6db178efe000-6db178ffe000 rw-p 00000000 00:00 0 
6db178ffe000-6db178fff000 ---p 00000000 00:00 0 
6db178fff000-6db1790ff000 rw-p 00000000 00:00 0 
6db1790ff000-6db179100000 ---p 00000000 00:00 0 
6db179100000-6db179200000 rw-p 00000000 00:00 0 
6db179200000-6db17c200000 rw-p 00000000 00:00 0 
6db17c2fb000-6db17c2fc000 ---p 00000000 00:00 0 
6db17c2fc000-6db17c3fc000 rw-p 00000000 00:00 0 
6db17c3fc000-6db1ac400000 rw-p 00000000 00:00 0 
6db1ac400000-6db1ad400000 ---p 00000000 00:00 0                          [anon:mmtk:sidemeta:all:all-quarantined]
6db1ad400000-6db1adc00000 rw-p 00000000 00:00 0                          [anon:mmtk:sidemeta:immix:VO_BIT]
6db1adc00000-6fb1ae400000 ---p 00000000 00:00 0                          [anon:mmtk:sidemeta:all:all-quarantined]
6fb1ae400000-6fb1ae800000 rw-p 00000000 00:00 0                          [anon:mmtk:sidemeta:immix:CHUNK_MARK]
6fb1ae800000-6fb1b1400000 ---p 00000000 00:00 0                          [anon:mmtk:sidemeta:all:all-quarantined]
6fb1b1400000-6fb1b1c00000 rw-p 00000000 00:00 0                          [anon:mmtk:sidemeta:immix:VMGlobalLogBitSpec]
6fb1b1c00000-71b9b0800000 ---p 00000000 00:00 0                          [anon:mmtk:sidemeta:all:all-quarantined]
71b9b0800000-71b9b0c00000 rw-p 00000000 00:00 0                          [anon:mmtk:sidemeta:immix:IX_LINE_MARK]
71b9b0c00000-7239b0400000 ---p 00000000 00:00 0                          [anon:mmtk:sidemeta:all:all-quarantined]
7239b0400000-7239b0800000 rw-p 00000000 00:00 0                          [anon:mmtk:sidemeta:immix:IX_BLOCK_DEFRAG]
7239b0800000-723ab0400000 ---p 00000000 00:00 0                          [anon:mmtk:sidemeta:all:all-quarantined]
723ab0400000-723ab0800000 rw-p 00000000 00:00 0                          [anon:mmtk:sidemeta:immix:IX_BLOCK_MARK]
723ab0800000-785c30400000 ---p 00000000 00:00 0                          [anon:mmtk:sidemeta:all:all-quarantined]
785c30400000-785c30800000 rw-p 00000000 00:00 0                          [anon:mmtk:sidemeta:los:VMLocalLOSMarkNurserySpec]
785c30800000-785e31400000 ---p 00000000 00:00 0                          [anon:mmtk:sidemeta:all:all-quarantined]
785e31400000-785e31c00000 rw-p 00000000 00:00 0                          [anon:mmtk:sidemeta:immix:VMLocalMarkBitSpec]
785e31c00000-7a5e30400000 ---p 00000000 00:00 0                          [anon:mmtk:sidemeta:all:all-quarantined]
7a5e304fc000-7a5e304fd000 ---p 00000000 00:00 0 
7a5e304fd000-7a5e305fd000 rw-p 00000000 00:00 0 
7a5e305fd000-7a5e305fe000 ---p 00000000 00:00 0 
7a5e305fe000-7a5e306fe000 rw-p 00000000 00:00 0 
7a5e306fe000-7a5e306ff000 ---p 00000000 00:00 0 
7a5e306ff000-7a5e307ff000 rw-p 00000000 00:00 0 
7a5e307ff000-7a5e50800000 rw-p 00000000 00:00 0 
7a5e50800000-7a5e50d50000 rwxp 00000000 00:00 0 
7a5e50d50000-7a5e57c17000 ---p 00000000 00:00 0 
7a5e57c17000-7a5e57fa7000 rwxp 00000000 00:00 0 
7a5e57fa7000-7a5e583e8000 ---p 00000000 00:00 0 
7a5e583e8000-7a5e58658000 rwxp 00000000 00:00 0 
7a5e58658000-7a5e5f800000 ---p 00000000 00:00 0 
7a5e5f800000-7a5e67fa0000 r--s 00000000 fc:00 49676300                   /mydata/openjdk-mmtk/build/b0test/images/jdk/lib/modules
7a5e68000000-7a5e687fe000 rw-p 00000000 00:00 0 
7a5e687fe000-7a5e6c000000 ---p 00000000 00:00 0 
7a5e6c029000-7a5e6c02e000 r--p 00000000 fc:00 49676433                   /mydata/openjdk-mmtk/build/b0test/images/jdk/lib/libjsvml.so
7a5e6c02e000-7a5e6c06f000 r-xp 00005000 fc:00 49676433                   /mydata/openjdk-mmtk/build/b0test/images/jdk/lib/libjsvml.so
7a5e6c06f000-7a5e6c0f8000 r--p 00046000 fc:00 49676433                   /mydata/openjdk-mmtk/build/b0test/images/jdk/lib/libjsvml.so
7a5e6c0f8000-7a5e6c0f9000 r--p 000ce000 fc:00 49676433                   /mydata/openjdk-mmtk/build/b0test/images/jdk/lib/libjsvml.so
7a5e6c0f9000-7a5e6c0fa000 rw-p 000cf000 fc:00 49676433                   /mydata/openjdk-mmtk/build/b0test/images/jdk/lib/libjsvml.so
7a5e6c0fa000-7a5e6c0fb000 ---p 00000000 00:00 0 
7a5e6c0fb000-7a5e6c1fb000 rw-p 00000000 00:00 0 
7a5e6c1fb000-7a5e6c1fc000 ---p 00000000 00:00 0 
7a5e6c1fc000-7a5e6c2fc000 rw-p 00000000 00:00 0 
7a5e6c2fc000-7a5e6c2fd000 ---p 00000000 00:00 0 
7a5e6c2fd000-7a5e6c3fd000 rw-p 00000000 00:00 0 
7a5e6c3fd000-7a5e6c3fe000 ---p 00000000 00:00 0 
7a5e6c3fe000-7a5e6c4fe000 rw-p 00000000 00:00 0 
7a5e6c4fe000-7a5e6c4ff000 ---p 00000000 00:00 0 
7a5e6c4ff000-7a5e6c5ff000 rw-p 00000000 00:00 0 
7a5e6c5ff000-7a5e6c600000 ---p 00000000 00:00 0 
7a5e6c600000-7a5e6c700000 rw-p 00000000 00:00 0 
7a5e6c700000-7a5e6c704000 ---p 00000000 00:00 0 
7a5e6c704000-7a5e6c800000 rw-p 00000000 00:00 0 
7a5e6c800000-7a5e6c804000 ---p 00000000 00:00 0 
7a5e6c804000-7a5e6c900000 rw-p 00000000 00:00 0 
7a5e6c900000-7a5e6c904000 ---p 00000000 00:00 0 
7a5e6c904000-7a5e6ca00000 rw-p 00000000 00:00 0 
7a5e6ca00000-7a5e6cceb000 r--p 00000000 08:03 1410552                    /usr/lib/locale/locale-archive
7a5e6ccfc000-7a5e6ccfd000 ---p 00000000 00:00 0 
7a5e6ccfd000-7a5e6cdfd000 rw-p 00000000 00:00 0 
7a5e6cdfd000-7a5e6cdfe000 ---p 00000000 00:00 0 
7a5e6cdfe000-7a5e6cefe000 rw-p 00000000 00:00 0 
7a5e6cefe000-7a5e6ceff000 ---p 00000000 00:00 0 
7a5e6ceff000-7a5e6cfff000 rw-p 00000000 00:00 0 
7a5e6cfff000-7a5e6d600000 rw-p 00000000 00:00 0 
7a5e6d600000-7a5e6d60c000 r--p 00000000 fc:00 13107796                   /mydata/gc-bpf-fault/shim/libgcbpf.so
7a5e6d60c000-7a5e6d66e000 r-xp 0000c000 fc:00 13107796                   /mydata/gc-bpf-fault/shim/libgcbpf.so
7a5e6d66e000-7a5e6d8de000 r--p 0006e000 fc:00 13107796                   /mydata/gc-bpf-fault/shim/libgcbpf.so
7a5e6d8de000-7a5e6d8e0000 r--p 002de000 fc:00 13107796                   /mydata/gc-bpf-fault/shim/libgcbpf.so
7a5e6d8e0000-7a5e6d8e1000 rw-p 002e0000 fc:00 13107796                   /mydata/gc-bpf-fault/shim/libgcbpf.so
7a5e6d8e1000-7a5e6d8e2000 rw-p 00000000 00:00 0 
7a5e6d92a000-7a5e6d951000 r--s 00000000 fc:00 7871850                    /mydata/dacapo/dacapo-23.11/dacapo-23.11-MR2-chopin/dat/lusearch/index-default/_3.fdt
7a5e6d951000-7a5e6d974000 r--s 00000000 fc:00 7871858                    /mydata/dacapo/dacapo-23.11/dacapo-23.11-MR2-chopin/dat/lusearch/index-default/_3_Lucene90_0.tip
7a5e6d974000-7a5e6d978000 r--p 00000000 08:03 1410107                    /usr/lib/x86_64-linux-gnu/libzstd.so.1.5.5
7a5e6d978000-7a5e6da1f000 r-xp 00004000 08:03 1410107                    /usr/lib/x86_64-linux-gnu/libzstd.so.1.5.5
7a5e6da1f000-7a5e6da2c000 r--p 000ab000 08:03 1410107                    /usr/lib/x86_64-linux-gnu/libzstd.so.1.5.5
7a5e6da2c000-7a5e6da2d000 r--p 000b7000 08:03 1410107                    /usr/lib/x86_64-linux-gnu/libzstd.so.1.5.5
7a5e6da2d000-7a5e6da2e000 rw-p 000b8000 08:03 1410107                    /usr/lib/x86_64-linux-gnu/libzstd.so.1.5.5
7a5e6da2e000-7a5e6da33000 rw-p 00000000 00:00 0 
7a5e6da33000-7a5e6db17000 ---p 00000000 00:00 0 
7a5e6db17000-7a5e6db22000 rw-p 00000000 00:00 0 
7a5e6db22000-7a5e6dc00000 ---p 00000000 00:00 0 
7a5e6dc00000-7a5e6dd48000 r--p 00000000 fc:00 49676390                   /mydata/openjdk-mmtk/build/b0test/images/jdk/lib/server/libmmtk_openjdk.so
7a5e6dd48000-7a5e6dfcd000 r-xp 00147000 fc:00 49676390                   /mydata/openjdk-mmtk/build/b0test/images/jdk/lib/server/libmmtk_openjdk.so
7a5e6dfcd000-7a5e6e00e000 r--p 003cb000 fc:00 49676390                   /mydata/openjdk-mmtk/build/b0test/images/jdk/lib/server/libmmtk_openjdk.so
7a5e6e00e000-7a5e6e010000 rw-p 0040b000 fc:00 49676390                   /mydata/openjdk-mmtk/build/b0test/images/jdk/lib/server/libmmtk_openjdk.so
7a5e6e010000-7a5e6e013000 rw-p 00000000 00:00 0 
7a5e6e017000-7a5e6e01b000 ---p 00000000 00:00 0 
7a5e6e01b000-7a5e6e117000 rw-p 00000000 00:00 0 
7a5e6e117000-7a5e6e127000 r--p 00000000 08:03 1411099                    /usr/lib/x86_64-linux-gnu/libm.so.6
7a5e6e127000-7a5e6e1a6000 r-xp 00010000 08:03 1411099                    /usr/lib/x86_64-linux-gnu/libm.so.6
7a5e6e1a6000-7a5e6e1fe000 r--p 0008f000 08:03 1411099                    /usr/lib/x86_64-linux-gnu/libm.so.6
7a5e6e1fe000-7a5e6e1ff000 r--p 000e7000 08:03 1411099                    /usr/lib/x86_64-linux-gnu/libm.so.6
7a5e6e1ff000-7a5e6e200000 rw-p 000e8000 08:03 1411099                    /usr/lib/x86_64-linux-gnu/libm.so.6
7a5e6e200000-7a5e6e4a9000 r--p 00000000 fc:00 49676389                   /mydata/openjdk-mmtk/build/b0test/images/jdk/lib/server/libjvm.so
7a5e6e4a9000-7a5e6f33c000 r-xp 002a9000 fc:00 49676389                   /mydata/openjdk-mmtk/build/b0test/images/jdk/lib/server/libjvm.so
7a5e6f33c000-7a5e6f620000 r--p 0113c000 fc:00 49676389                   /mydata/openjdk-mmtk/build/b0test/images/jdk/lib/server/libjvm.so
7a5e6f620000-7a5e6f6f6000 r--p 0141f000 fc:00 49676389                   /mydata/openjdk-mmtk/build/b0test/images/jdk/lib/server/libjvm.so
7a5e6f6f6000-7a5e6f726000 rw-p 014f5000 fc:00 49676389                   /mydata/openjdk-mmtk/build/b0test/images/jdk/lib/server/libjvm.so
7a5e6f726000-7a5e6f78c000 rw-p 00000000 00:00 0 
7a5e6f7a7000-7a5e6f7ae000 r--s 00000000 08:03 1436340                    /usr/lib/x86_64-linux-gnu/gconv/gconv-modules.cache
7a5e6f7ae000-7a5e6f7b0000 r--p 00000000 fc:00 49676482                   /mydata/openjdk-mmtk/build/b0test/images/jdk/lib/libmanagement_ext.so
7a5e6f7b0000-7a5e6f7b3000 r-xp 00002000 fc:00 49676482                   /mydata/openjdk-mmtk/build/b0test/images/jdk/lib/libmanagement_ext.so
7a5e6f7b3000-7a5e6f7b4000 r--p 00005000 fc:00 49676482                   /mydata/openjdk-mmtk/build/b0test/images/jdk/lib/libmanagement_ext.so
7a5e6f7b4000-7a5e6f7b5000 r--p 00006000 fc:00 49676482                   /mydata/openjdk-mmtk/build/b0test/images/jdk/lib/libmanagement_ext.so
7a5e6f7b5000-7a5e6f7b6000 rw-p 00007000 fc:00 49676482                   /mydata/openjdk-mmtk/build/b0test/images/jdk/lib/libmanagement_ext.so
7a5e6f7b6000-7a5e6f7b8000 r--p 00000000 fc:00 49676410                   /mydata/openjdk-mmtk/build/b0test/images/jdk/lib/libmanagement.so
7a5e6f7b8000-7a5e6f7b9000 r-xp 00002000 fc:00 49676410                   /mydata/openjdk-mmtk/build/b0test/images/jdk/lib/libmanagement.so
7a5e6f7b9000-7a5e6f7ba000 r--p 00003000 fc:00 49676410                   /mydata/openjdk-mmtk/build/b0test/images/jdk/lib/libmanagement.so
7a5e6f7ba000-7a5e6f7bb000 r--p 00003000 fc:00 49676410                   /mydata/openjdk-mmtk/build/b0test/images/jdk/lib/libmanagement.so
7a5e6f7bb000-7a5e6f7bc000 rw-p 00004000 fc:00 49676410                   /mydata/openjdk-mmtk/build/b0test/images/jdk/lib/libmanagement.so
7a5e6f7bc000-7a5e6f7bf000 r--p 00000000 fc:00 49676376                   /mydata/openjdk-mmtk/build/b0test/images/jdk/lib/libnet.so
7a5e6f7bf000-7a5e6f7c7000 r-xp 00003000 fc:00 49676376                   /mydata/openjdk-mmtk/build/b0test/images/jdk/lib/libnet.so
7a5e6f7c7000-7a5e6f7c9000 r--p 0000b000 fc:00 49676376                   /mydata/openjdk-mmtk/build/b0test/images/jdk/lib/libnet.so
7a5e6f7c9000-7a5e6f7ca000 r--p 0000c000 fc:00 49676376                   /mydata/openjdk-mmtk/build/b0test/images/jdk/lib/libnet.so
7a5e6f7ca000-7a5e6f7cb000 rw-p 0000d000 fc:00 49676376                   /mydata/openjdk-mmtk/build/b0test/images/jdk/lib/libnet.so
7a5e6f7cb000-7a5e6f7d2000 r--p 00000000 fc:00 49676377                   /mydata/openjdk-mmtk/build/b0test/images/jdk/lib/libnio.so
7a5e6f7d2000-7a5e6f7db000 r-xp 00007000 fc:00 49676377                   /mydata/openjdk-mmtk/build/b0test/images/jdk/lib/libnio.so
7a5e6f7db000-7a5e6f7df000 r--p 00010000 fc:00 49676377                   /mydata/openjdk-mmtk/build/b0test/images/jdk/lib/libnio.so
7a5e6f7df000-7a5e6f7e0000 r--p 00014000 fc:00 49676377                   /mydata/openjdk-mmtk/build/b0test/images/jdk/lib/libnio.so
7a5e6f7e0000-7a5e6f7e1000 rw-p 00015000 fc:00 49676377                   /mydata/openjdk-mmtk/build/b0test/images/jdk/lib/libnio.so
7a5e6f7e1000-7a5e6f7e4000 r--p 00000000 08:03 1410420                    /usr/lib/x86_64-linux-gnu/libelf-0.190.so
7a5e6f7e4000-7a5e6f7fa000 r-xp 00003000 08:03 1410420                    /usr/lib/x86_64-linux-gnu/libelf-0.190.so
7a5e6f7fa000-7a5e6f7fe000 r--p 00019000 08:03 1410420                    /usr/lib/x86_64-linux-gnu/libelf-0.190.so
7a5e6f7fe000-7a5e6f7ff000 r--p 0001c000 08:03 1410420                    /usr/lib/x86_64-linux-gnu/libelf-0.190.so
7a5e6f7ff000-7a5e6f800000 rw-p 0001d000 08:03 1410420                    /usr/lib/x86_64-linux-gnu/libelf-0.190.so
7a5e6f800000-7a5e6f828000 r--p 00000000 08:03 1410238                    /usr/lib/x86_64-linux-gnu/libc.so.6
7a5e6f828000-7a5e6f9b0000 r-xp 00028000 08:03 1410238                    /usr/lib/x86_64-linux-gnu/libc.so.6
7a5e6f9b0000-7a5e6f9ff000 r--p 001b0000 08:03 1410238                    /usr/lib/x86_64-linux-gnu/libc.so.6
7a5e6f9ff000-7a5e6fa03000 r--p 001fe000 08:03 1410238                    /usr/lib/x86_64-linux-gnu/libc.so.6
7a5e6fa03000-7a5e6fa05000 rw-p 00202000 08:03 1410238                    /usr/lib/x86_64-linux-gnu/libc.so.6
7a5e6fa05000-7a5e6fa12000 rw-p 00000000 00:00 0 
7a5e6fa14000-7a5e6fa16000 r--p 00000000 fc:00 49676380                   /mydata/openjdk-mmtk/build/b0test/images/jdk/lib/libzip.so
7a5e6fa16000-7a5e6fa1b000 r-xp 00002000 fc:00 49676380                   /mydata/openjdk-mmtk/build/b0test/images/jdk/lib/libzip.so
7a5e6fa1b000-7a5e6fa1d000 r--p 00007000 fc:00 49676380                   /mydata/openjdk-mmtk/build/b0test/images/jdk/lib/libzip.so
7a5e6fa1d000-7a5e6fa1e000 r--p 00008000 fc:00 49676380                   /mydata/openjdk-mmtk/build/b0test/images/jdk/lib/libzip.so
7a5e6fa1e000-7a5e6fa1f000 rw-p 00009000 fc:00 49676380                   /mydata/openjdk-mmtk/build/b0test/images/jdk/lib/libzip.so
7a5e6fa1f000-7a5e6fa27000 rw-p 00000000 00:00 0 
7a5e6fa27000-7a5e6fa2f000 ---p 00000000 00:00 0 
7a5e6fa2f000-7a5e6fa3c000 r--p 00000000 fc:00 49676369                   /mydata/openjdk-mmtk/build/b0test/images/jdk/lib/libjava.so
7a5e6fa3c000-7a5e6fa4b000 r-xp 0000d000 fc:00 49676369                   /mydata/openjdk-mmtk/build/b0test/images/jdk/lib/libjava.so
7a5e6fa4b000-7a5e6fa50000 r--p 0001c000 fc:00 49676369                   /mydata/openjdk-mmtk/build/b0test/images/jdk/lib/libjava.so
7a5e6fa50000-7a5e6fa51000 r--p 00021000 fc:00 49676369                   /mydata/openjdk-mmtk/build/b0test/images/jdk/lib/libjava.so
7a5e6fa51000-7a5e6fa52000 rw-p 00022000 fc:00 49676369                   /mydata/openjdk-mmtk/build/b0test/images/jdk/lib/libjava.so
7a5e6fa52000-7a5e6fa53000 rw-p 00000000 00:00 0 
7a5e6fa53000-7a5e6fa5b000 rw-s 00000000 08:03 237591                     /tmp/hsperfdata_root/413148
7a5e6fa5b000-7a5e6fa5f000 r--p 00000000 fc:00 49676370                   /mydata/openjdk-mmtk/build/b0test/images/jdk/lib/libjimage.so
7a5e6fa5f000-7a5e6fa76000 r-xp 00004000 fc:00 49676370                   /mydata/openjdk-mmtk/build/b0test/images/jdk/lib/libjimage.so
7a5e6fa76000-7a5e6fa7b000 r--p 0001b000 fc:00 49676370                   /mydata/openjdk-mmtk/build/b0test/images/jdk/lib/libjimage.so
7a5e6fa7b000-7a5e6fa7d000 r--p 00020000 fc:00 49676370                   /mydata/openjdk-mmtk/build/b0test/images/jdk/lib/libjimage.so
7a5e6fa7d000-7a5e6fa7e000 rw-p 00022000 fc:00 49676370                   /mydata/openjdk-mmtk/build/b0test/images/jdk/lib/libjimage.so
7a5e6fa7e000-7a5e6fa82000 r--p 00000000 08:03 1410148                    /usr/lib/x86_64-linux-gnu/libgcc_s.so.1
7a5e6fa82000-7a5e6faa6000 r-xp 00004000 08:03 1410148                    /usr/lib/x86_64-linux-gnu/libgcc_s.so.1
7a5e6faa6000-7a5e6faaa000 r--p 00028000 08:03 1410148                    /usr/lib/x86_64-linux-gnu/libgcc_s.so.1
7a5e6faaa000-7a5e6faab000 r--p 0002b000 08:03 1410148                    /usr/lib/x86_64-linux-gnu/libgcc_s.so.1
7a5e6faab000-7a5e6faac000 rw-p 0002c000 08:03 1410148                    /usr/lib/x86_64-linux-gnu/libgcc_s.so.1
7a5e6faac000-7a5e6faae000 rw-p 00000000 00:00 0 
7a5e6faae000-7a5e6fab0000 r--p 00000000 08:03 1409104                    /usr/lib/x86_64-linux-gnu/libz.so.1.3
7a5e6fab0000-7a5e6fac2000 r-xp 00002000 08:03 1409104                    /usr/lib/x86_64-linux-gnu/libz.so.1.3
7a5e6fac2000-7a5e6fac8000 r--p 00014000 08:03 1409104                    /usr/lib/x86_64-linux-gnu/libz.so.1.3
7a5e6fac8000-7a5e6fac9000 r--p 0001a000 08:03 1409104                    /usr/lib/x86_64-linux-gnu/libz.so.1.3
7a5e6fac9000-7a5e6faca000 rw-p 0001b000 08:03 1409104                    /usr/lib/x86_64-linux-gnu/libz.so.1.3
7a5e6facb000-7a5e6facc000 r--s 00000000 fc:00 7871851                    /mydata/dacapo/dacapo-23.11/dacapo-23.11-MR2-chopin/dat/lusearch/index-default/_3.fdx
7a5e6facd000-7a5e6facf000 r--s 00000000 fc:00 7871853                    /mydata/dacapo/dacapo-23.11/dacapo-23.11-MR2-chopin/dat/lusearch/index-default/_3.nvd
7a5e6facf000-7a5e6fad0000 rw-s 00000000 00:10 68                         anon_inode:bpf-map
7a5e6fad0000-7a5e6fad1000 r--s 00000000 00:10 68                         anon_inode:bpf-map
7a5e6fad1000-7a5e6fad2000 ---p 00000000 00:00 0 
7a5e6fad2000-7a5e6fad3000 r--p 00000000 00:00 0 
7a5e6fad3000-7a5e6fad4000 ---p 00000000 00:00 0 
7a5e6fad4000-7a5e6fad6000 r--p 00000000 fc:00 49676372                   /mydata/openjdk-mmtk/build/b0test/images/jdk/lib/libjli.so
7a5e6fad6000-7a5e6fae0000 r-xp 00002000 fc:00 49676372                   /mydata/openjdk-mmtk/build/b0test/images/jdk/lib/libjli.so
7a5e6fae0000-7a5e6fae3000 r--p 0000c000 fc:00 49676372                   /mydata/openjdk-mmtk/build/b0test/images/jdk/lib/libjli.so
7a5e6fae3000-7a5e6fae4000 r--p 0000f000 fc:00 49676372                   /mydata/openjdk-mmtk/build/b0test/images/jdk/lib/libjli.so
7a5e6fae4000-7a5e6fae5000 rw-p 00010000 fc:00 49676372                   /mydata/openjdk-mmtk/build/b0test/images/jdk/lib/libjli.so
7a5e6fae5000-7a5e6fae7000 rw-p 00000000 00:00 0 
7a5e6fae7000-7a5e6faeb000 r--p 00000000 00:00 0                          [vvar]
7a5e6faeb000-7a5e6faed000 r--p 00000000 00:00 0                          [vvar_vclock]
7a5e6faed000-7a5e6faef000 r-xp 00000000 00:00 0                          [vdso]
7a5e6faef000-7a5e6faf0000 r--p 00000000 08:03 1409763                    /usr/lib/x86_64-linux-gnu/ld-linux-x86-64.so.2
7a5e6faf0000-7a5e6fb1b000 r-xp 00001000 08:03 1409763                    /usr/lib/x86_64-linux-gnu/ld-linux-x86-64.so.2
7a5e6fb1b000-7a5e6fb25000 r--p 0002c000 08:03 1409763                    /usr/lib/x86_64-linux-gnu/ld-linux-x86-64.so.2
7a5e6fb25000-7a5e6fb27000 r--p 00036000 08:03 1409763                    /usr/lib/x86_64-linux-gnu/ld-linux-x86-64.so.2
7a5e6fb27000-7a5e6fb29000 rw-p 00038000 08:03 1409763                    /usr/lib/x86_64-linux-gnu/ld-linux-x86-64.so.2
7ffca5509000-7ffca552a000 rw-p 00000000 00:00 0                          [stack]
ffffffffff600000-ffffffffff601000 --xp 00000000 00:00 0                  [vsyscall]
Total number of mappings: 509

JVMTI agents: none


VM Arguments:
jvm_args: -XX:+UseThirdPartyHeap -Xms512m -Xmx512m 
java_command: /mydata/dacapo/dacapo-23.11/dacapo-23.11-MR2-chopin.jar lusearch -n 3
java_class_path (initial): /mydata/dacapo/dacapo-23.11/dacapo-23.11-MR2-chopin.jar
Launcher Type: SUN_STANDARD

[Global flags]
     intx CICompilerCount                          = 15                                        {product} {ergonomic}
   size_t InitialHeapSize                          = 536870912                                 {product} {command line}
   size_t MaxHeapSize                              = 536870912                                 {product} {command line}
   size_t MinHeapDeltaBytes                        = 524288                                    {product} {ergonomic}
   size_t MinHeapSize                              = 536870912                                 {product} {command line}
    uintx NonNMethodCodeHeapSize                   = 8192380                                {pd product} {ergonomic}
    uintx NonProfiledCodeHeapSize                  = 121732930                              {pd product} {ergonomic}
    uintx ProfiledCodeHeapSize                     = 121732930                              {pd product} {ergonomic}
    uintx ReservedCodeCacheSize                    = 251658240                              {pd product} {ergonomic}
     bool SegmentedCodeCache                       = true                                      {product} {ergonomic}
   size_t SoftMaxHeapSize                          = 536870912                              {manageable} {ergonomic}
     bool UseCompressedOops                        = true                           {product lp64_product} {ergonomic}

Logging:
Log output configuration:
 #0: stdout all=warning uptime,level,tags foldmultilines=false
 #1: stderr all=off uptime,level,tags foldmultilines=false

Release file:
IMPLEMENTOR="N/A"
JAVA_RUNTIME_VERSION="21.0.9-internal-adhoc.talzuss.openjdk-mmtk"
JAVA_VERSION="21.0.9"
JAVA_VERSION_DATE="2025-10-21"
LIBC="gnu"
MODULES="java.base java.compiler java.datatransfer java.xml java.prefs java.desktop java.instrument java.logging java.management java.security.sasl java.naming java.rmi java.management.rmi java.net.http java.scripting java.security.jgss java.transaction.xa java.sql java.sql.rowset java.xml.crypto java.se java.smartcardio jdk.accessibility jdk.internal.jvmstat jdk.attach jdk.charsets jdk.internal.opt jdk.zipfs jdk.compiler jdk.crypto.ec jdk.crypto.cryptoki jdk.dynalink jdk.internal.ed jdk.editpad jdk.hotspot.agent jdk.httpserver jdk.incubator.vector jdk.internal.le jdk.internal.vm.ci jdk.internal.vm.compiler jdk.internal.vm.compiler.management jdk.jartool jdk.javadoc jdk.jcmd jdk.management jdk.management.agent jdk.jconsole jdk.jdeps jdk.jdwp.agent jdk.jdi jdk.jfr jdk.jlink jdk.jpackage jdk.jshell jdk.jsobject jdk.jstatd jdk.localedata jdk.management.jfr jdk.naming.dns jdk.naming.rmi jdk.net jdk.nio.mapmode jdk.random jdk.sctp jdk.security.auth jdk.security.jgss jdk.unsupported jdk.unsupported.desktop jdk.xml.dom"
OS_ARCH="x86_64"
OS_NAME="Linux"
SOURCE=".:git:b557520f04b3+"

Environment Variables:
PATH=/usr/local/sbin:/usr/local/bin:/usr/sbin:/usr/bin:/sbin:/bin:/snap/bin
SHELL=/bin/bash
LANG=en_US.UTF-8
TERM=tmux-256color

Active Locale:
LC_ALL=en_US.UTF-8
LC_COLLATE=en_US.UTF-8
LC_CTYPE=en_US.UTF-8
LC_MESSAGES=en_US.UTF-8
LC_MONETARY=en_US.UTF-8
LC_NUMERIC=en_US.UTF-8
LC_TIME=en_US.UTF-8

Signal Handlers:
   SIGSEGV: crash_handler in libjvm.so, mask=11100100010111111101111111111110, flags=SA_RESTART|SA_SIGINFO, unblocked
    SIGBUS: crash_handler in libjvm.so, mask=11100100010111111101111111111110, flags=SA_RESTART|SA_SIGINFO, unblocked
    SIGFPE: crash_handler in libjvm.so, mask=11100100010111111101111111111110, flags=SA_RESTART|SA_SIGINFO, unblocked
   SIGPIPE: javaSignalHandler in libjvm.so, mask=11100100010111111101111111111110, flags=SA_RESTART|SA_SIGINFO, blocked
   SIGXFSZ: javaSignalHandler in libjvm.so, mask=11100100010111111101111111111110, flags=SA_RESTART|SA_SIGINFO, blocked
    SIGILL: crash_handler in libjvm.so, mask=11100100010111111101111111111110, flags=SA_RESTART|SA_SIGINFO, unblocked
   SIGUSR2: SR_handler in libjvm.so, mask=00000000000000000000000000000000, flags=SA_RESTART|SA_SIGINFO, blocked
    SIGHUP: UserHandler in libjvm.so, mask=11100100010111111101111111111110, flags=SA_RESTART|SA_SIGINFO, blocked
    SIGINT: UserHandler in libjvm.so, mask=11100100010111111101111111111110, flags=SA_RESTART|SA_SIGINFO, blocked
   SIGTERM: UserHandler in libjvm.so, mask=11100100010111111101111111111110, flags=SA_RESTART|SA_SIGINFO, blocked
   SIGQUIT: UserHandler in libjvm.so, mask=11100100010111111101111111111110, flags=SA_RESTART|SA_SIGINFO, blocked
   SIGTRAP: crash_handler in libjvm.so, mask=11100100010111111101111111111110, flags=SA_RESTART|SA_SIGINFO, unblocked


Periodic native trim disabled

---------------  S Y S T E M  ---------------

OS:
DISTRIB_ID=Ubuntu
DISTRIB_RELEASE=24.04
DISTRIB_CODENAME=noble
DISTRIB_DESCRIPTION="Ubuntu 24.04.4 LTS"
uname: Linux 6.17.0-bpf-fault+ #1 SMP PREEMPT_DYNAMIC Mon Jul  6 16:43:12 MDT 2026 x86_64
OS uptime: 1 days 1:10 hours
libc: glibc 2.39 NPTL 2.39 
rlimit (soft/hard): STACK 8192k/infinity , CORE 0k/0k , NPROC 513205/513205 , NOFILE 1048576/1048576 , AS infinity/infinity , CPU infinity/infinity , DATA infinity/infinity , FSIZE infinity/infinity , MEMLOCK 16436528k/16436528k
load average: 8.63 3.34 1.43

/proc/meminfo:
MemTotal:       131492232 kB
MemFree:        64883280 kB
MemAvailable:   112109464 kB
Buffers:          549144 kB
Cached:         45936040 kB
SwapCached:            0 kB
Active:          4459540 kB
Inactive:       45662252 kB
Active(anon):    3653052 kB
Inactive(anon):        0 kB
Active(file):     806488 kB
Inactive(file): 45662252 kB
Unevictable:       41912 kB
Mlocked:           38840 kB
SwapTotal:       8388604 kB
SwapFree:        8388604 kB
Zswap:                 0 kB
Zswapped:              0 kB
Dirty:              5512 kB
Writeback:             0 kB
AnonPages:       3679336 kB
Mapped:         12910668 kB
Shmem:              5308 kB
KReclaimable:    2009128 kB
Slab:            2550620 kB
SReclaimable:    2009128 kB
SUnreclaim:       541492 kB
KernelStack:       12960 kB
PageTables:        72516 kB
SecPageTables:      9196 kB
NFS_Unstable:          0 kB
Bounce:                0 kB
WritebackTmp:          0 kB
CommitLimit:    74134720 kB
Committed_AS:   165122656 kB
VmallocTotal:   34359738367 kB
VmallocUsed:       38852 kB
VmallocChunk:          0 kB
Percpu:            51072 kB
HardwareCorrupted:     0 kB
AnonHugePages:         0 kB
ShmemHugePages:        0 kB
ShmemPmdMapped:        0 kB
FileHugePages:   2177024 kB
FilePmdMapped:         0 kB
Unaccepted:            0 kB
Balloon:               0 kB
HugePages_Total:       0
HugePages_Free:        0
HugePages_Rsvd:        0
HugePages_Surp:        0
Hugepagesize:       2048 kB
Hugetlb:               0 kB
DirectMap4k:      944960 kB
DirectMap2M:    28002304 kB
DirectMap1G:    104857600 kB

/sys/kernel/mm/transparent_hugepage/enabled: always [madvise] never
/sys/kernel/mm/transparent_hugepage/hpage_pmd_size: 2097152
/sys/kernel/mm/transparent_hugepage/defrag (defrag/compaction efforts parameter): always defer defer+madvise [madvise] never

Process Memory:
Virtual Size: 13620342520K (peak: 13620343056K)
Resident Set Size: 4258308K (peak: 4258308K) (anon: 1076860K, file: 3181448K, shmem: 0K)
Swapped out: 0K
C-Heap outstanding allocations: 1426770K, retained: 26209K
glibc malloc tunables: (default)

/proc/sys/kernel/threads-max (system-wide limit on the number of threads): 1026411
/proc/sys/vm/max_map_count (maximum number of memory map areas a process may have): 1048576
/proc/sys/vm/swappiness (control to define how aggressively the kernel swaps out anonymous memory): 60
/proc/sys/kernel/pid_max (system-wide limit on number of process identifiers): 4194304

container information not found.
Steal ticks since vm start: 0
Steal ticks percentage since vm start:  0.000

CPU: total 32 (initial active 32) (32 cores per cpu, 2 threads per core) family 23 model 49 stepping 0 microcode 0x830107c, cx8, cmov, fxsr, ht, mmx, 3dnowpref, sse, sse2, sse3, ssse3, sse4a, sse4.1, sse4.2, popcnt, lzcnt, tsc, tscinvbit, avx, avx2, aes, clmul, bmi1, bmi2, adx, sha, fma, vzeroupper, clflush, clflushopt, rdtscp, rdpid, f16c
CPU Model and flags from /proc/cpuinfo:
model name	: AMD EPYC 7302P 16-Core Processor
flags		: fpu vme de pse tsc msr pae mce cx8 apic sep mtrr pge mca cmov pat pse36 clflush mmx fxsr sse sse2 ht syscall nx mmxext fxsr_opt pdpe1gb rdtscp lm constant_tsc rep_good nopl xtopology nonstop_tsc cpuid extd_apicid aperfmperf rapl pni pclmulqdq monitor ssse3 fma cx16 sse4_1 sse4_2 movbe popcnt aes xsave avx f16c rdrand lahf_lm cmp_legacy svm extapic cr8_legacy abm sse4a misalignsse 3dnowprefetch osvw ibs skinit wdt tce topoext perfctr_core perfctr_nb bpext perfctr_llc mwaitx cpb cat_l3 cdp_l3 hw_pstate ssbd mba ibrs ibpb stibp vmmcall fsgsbase bmi1 avx2 smep bmi2 cqm rdt_a rdseed adx smap clflushopt clwb sha_ni xsaveopt xsavec xgetbv1 xsaves cqm_llc cqm_occup_llc cqm_mbm_total cqm_mbm_local clzero irperf xsaveerptr rdpru wbnoinvd amd_ppin arat npt lbrv svm_lock nrip_save tsc_scale vmcb_clean flushbyasid decodeassists pausefilter pfthreshold avic v_vmsave_vmload vgif v_spec_ctrl umip rdpid overflow_recov succor smca sev sev_es

Online cpus: 0-31
Offline cpus: 
BIOS frequency limitation: <Not Available>
Frequency switch latency (ns): <Not Available>
Available cpu frequencies: <Not Available>
Current governor: <Not Available>
Core performance/turbo boost: <Not Available>

Memory: 4k page, physical 131492232k(112109464k free), swap 8388604k(8388604k free)
Page Sizes: 4k

vm_info: OpenJDK 64-Bit Server VM (21.0.9-internal-adhoc.talzuss.openjdk-mmtk) for linux-amd64 JRE (21.0.9-internal-adhoc.talzuss.openjdk-mmtk), built on 2026-07-06T23:13:08Z by "talzuss" with gcc 13.3.0
heap_info: MMTk OpenJDK 0.32.0 (a3bb9ef-dirty), using MMTk 0.32.0 (ec64c30-dirty, BUILTIN_ENV_LOGGER, DEFAULT, EAGER_SWEEPING, VO_BIT)o^z

END.
