#
# A fatal error has been detected by the Java Runtime Environment:
#
#  SIGSEGV (0xb) at pc=0x00007e95e9784351, pid=460269, tid=460290
#
# JRE version: OpenJDK Runtime Environment (21.0.9) (build 21.0.9-internal-adhoc.talzuss.openjdk-mmtk)
# Java VM: OpenJDK 64-Bit Server VM (21.0.9-internal-adhoc.talzuss.openjdk-mmtk, mixed mode, sharing, tiered, compressed oops, compressed class ptrs, third-party gc, linux-amd64)
# Problematic frame:
# C  0x0000000053534320
#
# No core dump will be written. Core dumps have been disabled. To enable core dumping, try "ulimit -c unlimited" before starting Java again
#
# If you would like to submit a bug report, please visit:
#   https://bugreport.java.com/bugreport/crash.jsp
#

---------------  S U M M A R Y ------------

Command Line: -XX:+UseThirdPartyHeap -Xms512m -Xmx512m /mydata/dacapo/dacapo-23.11/dacapo-23.11-MR2-chopin.jar xalan -n 3

Host: AMD EPYC 7302P 16-Core Processor, 32 cores, 125G, Ubuntu 24.04.4 LTS
Time: Tue Jul  7 20:17:05 2026 MDT elapsed time: 3.356233 seconds (0d 0h 0m 3s)

---------------  T H R E A D  ---------------

Current thread (0x00007e95c453a020):  NamedThread "MMTk Collector Thread" [id=460290, stack(0x00007e958c6ff000,0x00007e958c7ff000) (1024K)]

Stack: [0x00007e958c6ff000,0x00007e958c7ff000],  sp=0x00007e958c7fd918,  free space=1018k
Native frames: (J=compiled Java code, j=interpreted, Vv=VM code, C=native code)
C  0x0000000053534320

siginfo: si_signo: 11 (SIGSEGV), si_code: 1 (SEGV_MAPERR), si_addr: 0x00007e95e9784351

Registers:
RAX=0x00007e95e9784351, RBX=0x00007e95ca5e2308, RCX=0x00007e95ca27bf3c, RDX=0x000071e88f000000
RSP=0x00007e958c7fd910, RBP=0x0000000000000000, RSI=0x000071e88f000010, RDI=0x000000004360f500
R8 =0x000071e83c0008e0, R9 =0x0000000000000007, R10=0x000071e854003550, R11=0xf65f5e57e4531ffe
R12=0x0000000000000008, R13=0x00007e95c43ddf70, R14=0x0000000000000000, R15=0x000000004360f428
RIP=0x00007e95e9784351, EFLAGS=0x0000000000010212, CSGSFS=0x002b000000000033, ERR=0x0000000000000014
  TRAPNO=0x000000000000000e

XMM[0]=0x0000000000000000 0x0000000000000000
XMM[1]=0x0000000000000000 0x000071e854000090
XMM[2]=0xff00ffff0000ffff 0x000000000000ff00
XMM[3]=0x0000000000000000 0x0000000000000000
XMM[4]=0x0000000000000000 0x000071e854000090
XMM[5]=0x0000000040010488 0x000000005161c290
XMM[6]=0x0000000040010940 0x0000000040010920
XMM[7]=0x00000000529a4e68 0x0000000052d103f0
XMM[8]=0x000000004087bea0 0x000000004087be38
XMM[9]=0x0000000000000000 0x0000000000000000
XMM[10]=0x3f3f3f3f3f3f3f3f 0x3f3f3f3f3f3f3f3f
XMM[11]=0x9999999999999999 0x9999999999999999
XMM[12]=0x2020202020202020 0x2020202020202020
XMM[13]=0x0000000000000000 0x0000000000000000
XMM[14]=0x0000000000000000 0x0000000000000000
XMM[15]=0x0000000000000000 0x0000000000000000
  MXCSR=0x00001fa2


Register to memory mapping:

RAX=
[error occurred during error reporting (printing register info), id 0xe0000000, Internal Error (/mydata/mmtk-openjdk/openjdk/share/mmtkHeap.cpp:444)]
RBX=
[error occurred during error reporting (printing register info, attempt 2), id 0xe0000000, Internal Error (/mydata/mmtk-openjdk/openjdk/share/mmtkHeap.cpp:444)]
RCX=
[error occurred during error reporting (printing register info, attempt 3), id 0xe0000000, Internal Error (/mydata/mmtk-openjdk/openjdk/share/mmtkHeap.cpp:444)]
Top of Stack: (sp=0x00007e958c7fd910)
0x00007e958c7fd910:   0000000053534320 0000000000000000
0x00007e958c7fd920:   0000000000000008 0000000000000000
0x00007e958c7fd930:   0000000000000000 00007e95ca609c04
0x00007e958c7fd940:   000071e8540034b0 0000000000000129
0x00007e958c7fd950:   00000000413ba130 000071e83c009e00
0x00007e958c7fd960:   00007e9500000071 00007e95c43de2b0
0x00007e958c7fd970:   0000000000000000 000000000000003f
0x00007e958c7fd980:   00007e95ca5e2308 00007e958c7fd950
0x00007e958c7fd990:   00007e958c7fd938 00007e95c43de2b0
0x00007e958c7fd9a0:   0000000000000000 0000000000000039
0x00007e958c7fd9b0:   0000000000000001 00007e95ca5cb728
0x00007e958c7fd9c0:   00007e958c7fda00 0000000000000000
0x00007e958c7fd9d0:   00007e95c452b1d0 0000000000000000
0x00007e958c7fd9e0:   00007e95c406d200 00007e95c452b070
0x00007e958c7fd9f0:   8000000000000000 00007e95c43ddf70
0x00007e958c7fda00:   00007e958c7fd938 8000000000000000
0x00007e958c7fda10:   000071e88f03f4b0 0000000000000000
0x00007e958c7fda20:   0000000000008000 000071e854019d70
0x00007e958c7fda30:   000000000000332e 00007e958c7fd950
0x00007e958c7fda40:   00007e958c7fd980 0000000000000800
0x00007e958c7fda50:   000071e85400acb0 0000000000000476
0x00007e958c7fda60:   0000000000040000 000071e854019d70
0x00007e958c7fda70:   000000000003ebfb 0000000000020000
0x00007e958c7fda80:   000071e854219d80 0000000000019efe
0x00007e958c7fda90:   0000000000019efc 0000000000000000
0x00007e958c7fdaa0:   0000000000000000 0000000000000000
0x00007e958c7fdab0:   0000000000000002 00007e95ca609c70
0x00007e958c7fdac0:   00007e958c7fd938 00007e958c7fd918
0x00007e958c7fdad0:   00007e95c406d500 00007e95c4046210
0x00007e958c7fdae0:   00007e95c406ce80 0000000000000001
0x00007e958c7fdaf0:   00007e95ca5cb728 0000000000000007
0x00007e958c7fdb00:   0000000000000000 00007e95ca4b658d 

Instructions: (pc=0x0000000053534320)
0x0000000053534220:   00 00 00 00 00 00 00 00 00 00 00 00 00 00 00 00
0x0000000053534230:   00 00 00 00 00 00 00 00 00 00 00 00 00 00 00 00
0x0000000053534240:   00 00 00 00 00 00 00 00 01 00 00 00 00 00 00 00
0x0000000053534250:   10 59 0f 01 10 e6 5e 53 01 00 00 00 00 00 00 00
0x0000000053534260:   70 1d 00 00 01 00 00 00 20 00 00 00 00 00 00 00
0x0000000053534270:   01 00 00 00 00 00 00 00 98 f8 25 00 ff ff ff ff
0x0000000053534280:   10 00 00 00 00 00 00 00 01 00 00 00 01 00 00 00
0x0000000053534290:   01 00 00 00 00 00 00 00 00 00 00 00 00 00 00 00
0x00000000535342a0:   58 42 53 53 00 00 00 00 01 00 00 00 00 00 00 00
0x00000000535342b0:   70 1d 00 00 05 00 00 00 63 00 6c 00 61 00 73 00
0x00000000535342c0:   73 00 00 00 00 00 00 00 01 00 00 00 00 00 00 00
0x00000000535342d0:   98 f8 25 00 ff ff ff ff 10 00 00 00 00 00 00 00
0x00000000535342e0:   05 00 00 00 05 00 00 00 05 00 00 00 00 00 00 00
0x00000000535342f0:   00 00 00 00 00 00 00 00 a8 42 53 53 00 00 00 00
0x0000000053534300:   01 00 00 00 00 00 00 00 70 1d 00 00 02 00 00 00
0x0000000053534310:   3d 00 22 00 00 00 00 00 01 00 00 00 00 00 00 00
0x0000000053534320:   98 f8 25 00 ff ff ff ff 10 00 00 00 00 00 00 00
0x0000000053534330:   02 00 00 00 02 00 00 00 02 00 00 00 00 00 00 00
0x0000000053534340:   00 00 00 00 00 00 00 00 00 43 53 53 00 00 00 00
0x0000000053534350:   01 00 00 00 00 00 00 00 70 1d 00 00 04 00 00 00
0x0000000053534360:   64 00 69 00 76 00 31 00 01 00 00 00 00 00 00 00
0x0000000053534370:   98 f8 25 00 ff ff ff ff 10 00 00 00 00 00 00 00
0x0000000053534380:   04 00 00 00 04 00 00 00 04 00 00 00 00 00 00 00
0x0000000053534390:   00 00 00 00 00 00 00 00 50 43 53 53 00 00 00 00
0x00000000535343a0:   01 00 00 00 00 00 00 00 70 1d 00 00 01 00 00 00
0x00000000535343b0:   22 00 00 00 00 00 00 00 01 00 00 00 00 00 00 00
0x00000000535343c0:   98 f8 25 00 ff ff ff ff 10 00 00 00 00 00 00 00
0x00000000535343d0:   01 00 00 00 01 00 00 00 01 00 00 00 00 00 00 00
0x00000000535343e0:   00 00 00 00 00 00 00 00 a0 43 53 53 00 00 00 00
0x00000000535343f0:   01 00 00 00 00 00 00 00 70 1d 00 00 01 00 00 00
0x0000000053534400:   3e 00 00 00 00 00 00 00 01 00 00 00 00 00 00 00
0x0000000053534410:   98 f8 25 00 ff ff ff ff 10 00 00 00 00 00 00 00 


Stack slot to memory mapping:

stack at sp + 0 slots: 0x0 is null
stack at sp + 1 slots: 
[error occurred during error reporting (inspecting top of stack), id 0xe0000000, Internal Error (/mydata/mmtk-openjdk/openjdk/share/mmtkHeap.cpp:444)]
stack at sp + 2 slots: 0x0 is null
stack at sp + 3 slots: 0x0 is null
stack at sp + 4 slots: 
[error occurred during error reporting (inspecting top of stack, attempt 2), id 0xe0000000, Internal Error (/mydata/mmtk-openjdk/openjdk/share/mmtkHeap.cpp:444)]
stack at sp + 5 slots: 
[error occurred during error reporting (inspecting top of stack, attempt 3), id 0xe0000000, Internal Error (/mydata/mmtk-openjdk/openjdk/share/mmtkHeap.cpp:444)]

---------------  P R O C E S S  ---------------

Threads class SMR info:
_java_thread_list=0x000071e800197130, length=56, elements={
0x00007e95c402b240, 0x00007e95c4524f20, 0x00007e95c45267b0, 0x00007e95c45282c0,
0x00007e95c4546af0, 0x00007e95c4548440, 0x00007e95c4549d00, 0x00007e95c454bb40,
0x00007e95c4555510, 0x000071e8080459d0, 0x000071e7fc001600, 0x00007e95c459c460,
0x00007e95c459f460, 0x000071e80806af10, 0x000071e808085d50, 0x000071e8080873c0,
0x000071e7ec035ed0, 0x00007e95c4799cb0, 0x00007e95c479a900, 0x00007e95c47a7210,
0x00007e95c47a8600, 0x00007e95c47a9940, 0x00007e95c47aace0, 0x00007e95c47ac150,
0x00007e95c47ad690, 0x00007e95c47aea30, 0x00007e95c47afee0, 0x00007e95c47b1470,
0x00007e95c47b2a00, 0x00007e95c47b3eb0, 0x00007e95c47b5360, 0x00007e95c43df850,
0x00007e95c43e0270, 0x00007e95c43e1ab0, 0x00007e95c45cf580, 0x00007e95c45d09a0,
0x00007e95c45d1ef0, 0x00007e95c45d34d0, 0x00007e95c45d4ab0, 0x00007e95c45d5f50,
0x00007e95c45d73f0, 0x00007e95c45c5450, 0x00007e95c45c6360, 0x00007e95c45c7750,
0x00007e95c45c8fe0, 0x00007e95c45ca870, 0x00007e95c45cc280, 0x00007e95c45cdb10,
0x00007e95c43d2af0, 0x000071e8000b28c0, 0x000071e7fc0a8f80, 0x000071e7e406d080,
0x000071e7fc0aafb0, 0x000071e800192ea0, 0x000071e8001948b0, 0x000071e800195e60
}

Java Threads: ( => current thread )
  0x00007e95c402b240 JavaThread "main"                              [_thread_blocked, id=460270, stack(0x00007e95ca617000,0x00007e95ca717000) (1024K)]
  0x00007e95c4524f20 JavaThread "Reference Handler"          daemon [_thread_blocked, id=460275, stack(0x00007e95c8f00000,0x00007e95c9000000) (1024K)]
  0x00007e95c45267b0 JavaThread "Finalizer"                  daemon [_thread_blocked, id=460276, stack(0x00007e95c8e00000,0x00007e95c8f00000) (1024K)]
  0x00007e95c45282c0 JavaThread "MMTk Finalizer Thread"      daemon [_thread_blocked, id=460277, stack(0x00007e95c8d00000,0x00007e95c8e00000) (1024K)]
  0x00007e95c4546af0 JavaThread "Signal Dispatcher"          daemon [_thread_blocked, id=460301, stack(0x000071e8d49f9000,0x000071e8d4af9000) (1024K)]
  0x00007e95c4548440 JavaThread "Service Thread"             daemon [_thread_blocked, id=460302, stack(0x000071e8d48f9000,0x000071e8d49f9000) (1024K)]
  0x00007e95c4549d00 JavaThread "Monitor Deflation Thread"   daemon [_thread_blocked, id=460303, stack(0x000071e8d47f9000,0x000071e8d48f9000) (1024K)]
  0x00007e95c454bb40 JavaThread "C2 CompilerThread0"         daemon [_thread_blocked, id=460304, stack(0x000071e8d46f9000,0x000071e8d47f9000) (1024K)]
  0x00007e95c4555510 JavaThread "C1 CompilerThread0"         daemon [_thread_blocked, id=460305, stack(0x000071e8d45f9000,0x000071e8d46f9000) (1024K)]
  0x000071e8080459d0 JavaThread "C1 CompilerThread1"         daemon [_thread_blocked, id=460306, stack(0x000071e8d44f9000,0x000071e8d45f9000) (1024K)]
  0x000071e7fc001600 JavaThread "C1 CompilerThread2"         daemon [_thread_blocked, id=460307, stack(0x000071e8d43f9000,0x000071e8d44f9000) (1024K)]
  0x00007e95c459c460 JavaThread "Notification Thread"        daemon [_thread_blocked, id=460308, stack(0x000071e8d42f9000,0x000071e8d43f9000) (1024K)]
  0x00007e95c459f460 JavaThread "Common-Cleaner"             daemon [_thread_blocked, id=460309, stack(0x000071e8d41f9000,0x000071e8d42f9000) (1024K)]
  0x000071e80806af10 JavaThread "C2 CompilerThread1"         daemon [_thread_in_native, id=460310, stack(0x000071e8d40f9000,0x000071e8d41f9000) (1024K)]
  0x000071e808085d50 JavaThread "C1 CompilerThread3"         daemon [_thread_blocked, id=460311, stack(0x000071e88ef00000,0x000071e88f000000) (1024K)]
  0x000071e8080873c0 JavaThread "C1 CompilerThread4"         daemon [_thread_blocked, id=460312, stack(0x000071e88ee00000,0x000071e88ef00000) (1024K)]
  0x000071e7ec035ed0 JavaThread "C2 CompilerThread2"         daemon [_thread_blocked, id=460313, stack(0x000071e88ed00000,0x000071e88ee00000) (1024K)]
  0x00007e95c4799cb0 JavaThread "Thread-0"                          [_thread_blocked, id=460314, stack(0x000071e88ec00000,0x000071e88ed00000) (1024K)]
  0x00007e95c479a900 JavaThread "Thread-1"                          [_thread_blocked, id=460315, stack(0x000071e88eb00000,0x000071e88ec00000) (1024K)]
  0x00007e95c47a7210 JavaThread "Thread-2"                          [_thread_blocked, id=460316, stack(0x000071e88ea00000,0x000071e88eb00000) (1024K)]
  0x00007e95c47a8600 JavaThread "Thread-3"                          [_thread_blocked, id=460317, stack(0x000071e88e900000,0x000071e88ea00000) (1024K)]
  0x00007e95c47a9940 JavaThread "Thread-4"                          [_thread_blocked, id=460318, stack(0x000071e88e800000,0x000071e88e900000) (1024K)]
  0x00007e95c47aace0 JavaThread "Thread-5"                          [_thread_blocked, id=460319, stack(0x000071e88e700000,0x000071e88e800000) (1024K)]
  0x00007e95c47ac150 JavaThread "Thread-6"                          [_thread_blocked, id=460320, stack(0x000071e88e600000,0x000071e88e700000) (1024K)]
  0x00007e95c47ad690 JavaThread "Thread-7"                          [_thread_blocked, id=460321, stack(0x000071e88e500000,0x000071e88e600000) (1024K)]
  0x00007e95c47aea30 JavaThread "Thread-8"                          [_thread_blocked, id=460322, stack(0x000071e88e400000,0x000071e88e500000) (1024K)]
  0x00007e95c47afee0 JavaThread "Thread-9"                          [_thread_blocked, id=460323, stack(0x000071e88e300000,0x000071e88e400000) (1024K)]
  0x00007e95c47b1470 JavaThread "Thread-10"                         [_thread_blocked, id=460324, stack(0x000071e88e200000,0x000071e88e300000) (1024K)]
  0x00007e95c47b2a00 JavaThread "Thread-11"                         [_thread_blocked, id=460325, stack(0x000071e88e100000,0x000071e88e200000) (1024K)]
  0x00007e95c47b3eb0 JavaThread "Thread-12"                         [_thread_blocked, id=460326, stack(0x000071e88e000000,0x000071e88e100000) (1024K)]
  0x00007e95c47b5360 JavaThread "Thread-13"                         [_thread_blocked, id=460327, stack(0x000071e88df00000,0x000071e88e000000) (1024K)]
  0x00007e95c43df850 JavaThread "Thread-14"                         [_thread_blocked, id=460328, stack(0x000071e88de00000,0x000071e88df00000) (1024K)]
  0x00007e95c43e0270 JavaThread "Thread-15"                         [_thread_blocked, id=460329, stack(0x000071e88dd00000,0x000071e88de00000) (1024K)]
  0x00007e95c43e1ab0 JavaThread "Thread-16"                         [_thread_blocked, id=460330, stack(0x000071e88dc00000,0x000071e88dd00000) (1024K)]
  0x00007e95c45cf580 JavaThread "Thread-17"                         [_thread_blocked, id=460331, stack(0x000071e88db00000,0x000071e88dc00000) (1024K)]
  0x00007e95c45d09a0 JavaThread "Thread-18"                         [_thread_blocked, id=460332, stack(0x000071e88da00000,0x000071e88db00000) (1024K)]
  0x00007e95c45d1ef0 JavaThread "Thread-19"                         [_thread_blocked, id=460333, stack(0x000071e88d900000,0x000071e88da00000) (1024K)]
  0x00007e95c45d34d0 JavaThread "Thread-20"                         [_thread_blocked, id=460334, stack(0x000071e88d800000,0x000071e88d900000) (1024K)]
  0x00007e95c45d4ab0 JavaThread "Thread-21"                         [_thread_blocked, id=460335, stack(0x000071e88d700000,0x000071e88d800000) (1024K)]
  0x00007e95c45d5f50 JavaThread "Thread-22"                         [_thread_blocked, id=460336, stack(0x000071e88d600000,0x000071e88d700000) (1024K)]
  0x00007e95c45d73f0 JavaThread "Thread-23"                         [_thread_blocked, id=460337, stack(0x000071e88d500000,0x000071e88d600000) (1024K)]
  0x00007e95c45c5450 JavaThread "Thread-24"                         [_thread_blocked, id=460338, stack(0x000071e88d400000,0x000071e88d500000) (1024K)]
  0x00007e95c45c6360 JavaThread "Thread-25"                         [_thread_blocked, id=460339, stack(0x000071e88d300000,0x000071e88d400000) (1024K)]
  0x00007e95c45c7750 JavaThread "Thread-26"                         [_thread_blocked, id=460340, stack(0x000071e88d200000,0x000071e88d300000) (1024K)]
  0x00007e95c45c8fe0 JavaThread "Thread-27"                         [_thread_blocked, id=460341, stack(0x000071e88d100000,0x000071e88d200000) (1024K)]
  0x00007e95c45ca870 JavaThread "Thread-28"                         [_thread_blocked, id=460342, stack(0x000071e88d000000,0x000071e88d100000) (1024K)]
  0x00007e95c45cc280 JavaThread "Thread-29"                         [_thread_blocked, id=460343, stack(0x000071e88cf00000,0x000071e88d000000) (1024K)]
  0x00007e95c45cdb10 JavaThread "Thread-30"                         [_thread_blocked, id=460344, stack(0x000071e88ce00000,0x000071e88cf00000) (1024K)]
  0x00007e95c43d2af0 JavaThread "Thread-31"                         [_thread_blocked, id=460345, stack(0x000071e88cd00000,0x000071e88ce00000) (1024K)]
  0x000071e8000b28c0 JavaThread "C2 CompilerThread3"         daemon [_thread_in_native, id=460346, stack(0x000071e88cc00000,0x000071e88cd00000) (1024K)]
  0x000071e7fc0a8f80 JavaThread "C2 CompilerThread4"         daemon [_thread_blocked, id=460347, stack(0x000071e88cb00000,0x000071e88cc00000) (1024K)]
  0x000071e7e406d080 JavaThread "C2 CompilerThread5"         daemon [_thread_blocked, id=460348, stack(0x000071e88ca00000,0x000071e88cb00000) (1024K)]
  0x000071e7fc0aafb0 JavaThread "C2 CompilerThread6"         daemon [_thread_blocked, id=460349, stack(0x000071e88c900000,0x000071e88ca00000) (1024K)]
  0x000071e800192ea0 JavaThread "C2 CompilerThread7"         daemon [_thread_blocked, id=460350, stack(0x000071e88c800000,0x000071e88c900000) (1024K)]
  0x000071e8001948b0 JavaThread "C2 CompilerThread8"         daemon [_thread_blocked, id=460351, stack(0x000071e88c700000,0x000071e88c800000) (1024K)]
  0x000071e800195e60 JavaThread "C2 CompilerThread9"         daemon [_thread_blocked, id=460352, stack(0x000071e88c600000,0x000071e88c700000) (1024K)]
Total: 56

Other Threads:
  0x00007e95c4519a70 VMThread "VM Thread"                           [id=460274, stack(0x00007e95c92fd000,0x00007e95c93fd000) (1024K)]
  0x00007e95c45076c0 WatcherThread "VM Periodic Task Thread"        [id=460273, stack(0x00007e95c93fe000,0x00007e95c94fe000) (1024K)]

=>0x00007e95c453a020 (exited) NamedThread "MMTk Collector Thread"   [id=460290, stack(0x00007e958c6ff000,0x00007e958c7ff000) (1024K)]
Total: 3

Threads with active compile tasks:
C2 CompilerThread0  3359 3119   !   4       org.apache.xalan.templates.ElemElement::execute (371 bytes)
C2 CompilerThread1  3359 2971       4       org.apache.xpath.axes.WalkingIterator::setRoot (31 bytes)
C2 CompilerThread2  3359 3117       4       org.apache.xml.dtm.ref.DTMAxisIteratorBase::<init> (30 bytes)
C2 CompilerThread3  3359 3052       4       org.apache.xalan.transformer.CountersTable::countNode (300 bytes)
C2 CompilerThread4  3359 3157       4       org.apache.xpath.functions.FuncId::execute (202 bytes)
C2 CompilerThread5  3359 3075   !   4       org.apache.xalan.transformer.TransformerImpl::transformToString (269 bytes)
C2 CompilerThread6  3359 3120   !   4       org.apache.xalan.templates.ElemAttribute::constructNode (86 bytes)
C2 CompilerThread7  3359 3109       4       org.apache.xpath.axes.ReverseAxesWalker::setRoot (35 bytes)
C2 CompilerThread8  3359 3228   !   4       org.apache.xalan.templates.ElemNumber::formatNumberList (421 bytes)
C2 CompilerThread9  3359 3111       4       org.apache.xml.dtm.ref.DTMDefaultBaseIterators$ParentIterator::setStartNode (43 bytes)
Total: 10

VM state: at safepoint (normal execution)

VM Mutex/Monitor currently owned by a thread:  ([mutex/lock_event])
[0x00007e95cbd580d0] Threads_lock - owner thread: 0x00007e95c4519a70
[0x00007e95cbd57fd0] Heap_lock - owner thread: 0x00007e95c43e2eb0

Heap address: 0x0000000040000000, size: 3072 MB, Compressed Oops mode: 32-bit

CDS archive(s) mapped at: [0x000071e88f000000-0x000071e88fca3000-0x000071e88fca3000), size 13250560, SharedBaseAddress: 0x000071e88f000000, ArchiveRelocationMode: 1.
Compressed class space mapped at: 0x000071e890000000-0x000071e8d0000000, reserved size: 1073741824
Narrow klass base: 0x000071e88f000000, Narrow klass shift: 0, Narrow klass range: 0x100000000

GC Precious Log:
<Empty>

Heap:

[error occurred during error reporting (printing heap information), id 0xe0000000, Internal Error (/mydata/mmtk-openjdk/openjdk/share/mmtkHeap.cpp:424)]
Metaspace:

Usage:
  Non-class:      7.12 MB used.
      Class:    970.69 KB used.
       Both:      8.07 MB used.

Virtual space:
  Non-class space:       64.00 MB reserved,       7.25 MB ( 11%) committed,  1 nodes.
      Class space:        1.00 GB reserved,       1.06 MB ( <1%) committed,  1 nodes.
             Both:        1.06 GB reserved,       8.31 MB ( <1%) committed. 

Chunk freelists:
   Non-Class:  7.26 MB
       Class:  14.98 MB
        Both:  22.24 MB

MaxMetaspaceSize: unlimited
CompressedClassSpaceSize: 1.00 GB
Initial GC threshold: 21.00 MB
Current GC threshold: 21.00 MB
CDS: on
 - commit_granule_bytes: 65536.
 - commit_granule_words: 8192.
 - virtual_space_node_default_size: 8388608.
 - enlarge_chunks_in_place: 1.
 - use_allocation_guard: 0.


Internal statistics:

num_allocs_failed_limit: 0.
num_arena_births: 138.
num_arena_deaths: 0.
num_vsnodes_births: 2.
num_vsnodes_deaths: 0.
num_space_committed: 133.
num_space_uncommitted: 0.
num_chunks_returned_to_freelist: 0.
num_chunks_taken_from_freelist: 398.
num_chunk_merges: 0.
num_chunk_splits: 276.
num_chunks_enlarged: 206.
num_inconsistent_stats: 0.

CodeHeap 'non-profiled nmethods': size=118880Kb used=2188Kb max_used=2188Kb free=116691Kb
 bounds [0x00007e95b43e8000, 0x00007e95b4658000, 0x00007e95bb800000]
CodeHeap 'profiled nmethods': size=118876Kb used=6803Kb max_used=6803Kb free=112072Kb
 bounds [0x00007e95ac800000, 0x00007e95aceb0000, 0x00007e95b3c17000]
CodeHeap 'non-nmethods': size=8004Kb used=3477Kb max_used=3564Kb free=4526Kb
 bounds [0x00007e95b3c17000, 0x00007e95b3fa7000, 0x00007e95b43e8000]
CodeCache: size=245760Kb, used=12468Kb, max_used=12555Kb, free=233289Kb
 total_blobs=3673, nmethods=3189, adapters=381, full_count=0
Compilation: enabled, stopped_count=0, restarted_count=0

Compilation events (20 events):
Event: 3.294 Thread 0x000071e7ec035ed0 3249   !   4       org.apache.xalan.transformer.TransformerImpl::transformNode (489 bytes)
Event: 3.294 Thread 0x000071e808085d50 nmethod 3250 0x00007e95acea4390 code [0x00007e95acea4540, 0x00007e95acea4668]
Event: 3.298 Thread 0x000071e7fc001600 3254       2       org.apache.xalan.transformer.CountersTable::appendBtoFList (32 bytes)
Event: 3.298 Thread 0x000071e7fc001600 nmethod 3254 0x00007e95acea4710 code [0x00007e95acea4900, 0x00007e95acea4ca8]
Event: 3.302 Thread 0x000071e800192ea0 nmethod 3093 0x00007e95b45fff90 code [0x00007e95b46001e0, 0x00007e95b4600c18]
Event: 3.302 Thread 0x000071e800192ea0 3248   !   4       org.apache.xml.serializer.Encodings::getWriter (79 bytes)
Event: 3.306 Thread 0x000071e800195e60 nmethod 3246 0x00007e95b4601710 code [0x00007e95b4601980, 0x00007e95b4602670]
Event: 3.306 Thread 0x000071e800195e60 3252       4       org.apache.xpath.NodeSetDTM::addElement (27 bytes)
Event: 3.308 Thread 0x000071e800195e60 nmethod 3252 0x00007e95b4602f90 code [0x00007e95b4603120, 0x00007e95b46033e8]
Event: 3.308 Thread 0x000071e800195e60 3107       4       org.apache.xml.serializer.ToStream::ensureAttributesNamespaceIsDeclared (189 bytes)
Event: 3.308 Thread 0x000071e800195e60 nmethod 3107 0x00007e95b4603510 code [0x00007e95b46036a0, 0x00007e95b4603790]
Event: 3.308 Thread 0x000071e800195e60 3112       4       org.apache.xpath.axes.AxesWalker::getNextNode (84 bytes)
Event: 3.310 Thread 0x000071e800192ea0 nmethod 3248 0x00007e95b4603890 code [0x00007e95b4603ae0, 0x00007e95b4604428]
Event: 3.310 Thread 0x000071e800192ea0 3109       4       org.apache.xpath.axes.ReverseAxesWalker::setRoot (35 bytes)
Event: 3.334 Thread 0x000071e800195e60 nmethod 3112 0x00007e95b4604b10 code [0x00007e95b4604d60, 0x00007e95b4605630]
Event: 3.334 Thread 0x000071e800195e60 3124       4       org.apache.xpath.axes.ReverseAxesWalker::detach (10 bytes)
Event: 3.334 Thread 0x000071e800195e60 nmethod 3124 0x00007e95b4605f90 code [0x00007e95b4606100, 0x00007e95b46061a8]
Event: 3.334 Thread 0x000071e800195e60 3111       4       org.apache.xml.dtm.ref.DTMDefaultBaseIterators$ParentIterator::setStartNode (43 bytes)
Event: 3.338 Thread 0x000071e7ec035ed0 nmethod 3249 0x00007e95b4606290 code [0x00007e95b4606740, 0x00007e95b4609120]
Event: 3.338 Thread 0x000071e7ec035ed0 3117       4       org.apache.xml.dtm.ref.DTMAxisIteratorBase::<init> (30 bytes)

GC Heap History (0 events):
No events

Dll operation events (7 events):
Event: 0.001 Loaded shared library /mydata/openjdk-mmtk/build/b0test/images/jdk/lib/libjava.so
Event: 2.207 Loaded shared library /mydata/openjdk-mmtk/build/b0test/images/jdk/lib/libjsvml.so
Event: 2.219 Loaded shared library /mydata/openjdk-mmtk/build/b0test/images/jdk/lib/libnio.so
Event: 2.223 Loaded shared library /mydata/openjdk-mmtk/build/b0test/images/jdk/lib/libzip.so
Event: 2.236 Loaded shared library /mydata/openjdk-mmtk/build/b0test/images/jdk/lib/libjimage.so
Event: 2.262 Loaded shared library /mydata/openjdk-mmtk/build/b0test/images/jdk/lib/libnet.so
Event: 2.372 Loaded shared library /mydata/openjdk-mmtk/build/b0test/images/jdk/lib/libverify.so

Deoptimization events (20 events):
Event: 3.294 Thread 0x00007e95c47a7210 DEOPT PACKING pc=0x00007e95b45ffb1c sp=0x000071e88eafda70
Event: 3.294 Thread 0x00007e95c47a7210 DEOPT UNPACKING pc=0x00007e95b3c6a399 sp=0x000071e88eafda38 mode 2
Event: 3.298 Thread 0x00007e95c4799cb0 Uncommon trap: trap_request=0xffffffde fr.pc=0x00007e95b448aeb0 relative=0x00000000000009b0
Event: 3.298 Thread 0x00007e95c4799cb0 Uncommon trap: reason=class_check action=maybe_recompile pc=0x00007e95b448aeb0 method=java.io.Writer.write(Ljava/lang/String;)V @ 7 c2
Event: 3.298 Thread 0x00007e95c4799cb0 DEOPT PACKING pc=0x00007e95b448aeb0 sp=0x000071e88ecfe7f0
Event: 3.298 Thread 0x00007e95c4799cb0 DEOPT UNPACKING pc=0x00007e95b3c6a399 sp=0x000071e88ecfe7c8 mode 2
Event: 3.298 Thread 0x00007e95c4799cb0 Uncommon trap: trap_request=0xffffffde fr.pc=0x00007e95b4488f98 relative=0x0000000000000718
Event: 3.298 Thread 0x00007e95c4799cb0 Uncommon trap: reason=class_check action=maybe_recompile pc=0x00007e95b4488f98 method=java.nio.charset.CharsetEncoder.encode(Ljava/nio/CharBuffer;Ljava/nio/ByteBuffer;Z)Ljava/nio/charset/CoderResult; @ 57 c2
Event: 3.298 Thread 0x00007e95c4799cb0 DEOPT PACKING pc=0x00007e95b4488f98 sp=0x000071e88ecfe6b0
Event: 3.298 Thread 0x00007e95c4799cb0 DEOPT UNPACKING pc=0x00007e95b3c6a399 sp=0x000071e88ecfe478 mode 2
Event: 3.298 Thread 0x00007e95c4799cb0 Uncommon trap: trap_request=0xffffffde fr.pc=0x00007e95b44f9938 relative=0x00000000000001b8
Event: 3.298 Thread 0x00007e95c4799cb0 Uncommon trap: reason=class_check action=maybe_recompile pc=0x00007e95b44f9938 method=sun.nio.cs.StreamEncoder.writeBytes()V @ 127 c2
Event: 3.298 Thread 0x00007e95c4799cb0 DEOPT PACKING pc=0x00007e95b44f9938 sp=0x000071e88ecfe6a0
Event: 3.298 Thread 0x00007e95c4799cb0 DEOPT UNPACKING pc=0x00007e95b3c6a399 sp=0x000071e88ecfe630 mode 2
Event: 3.302 Thread 0x00007e95c47ad690 DEOPT PACKING pc=0x00007e95acd5a8a6 sp=0x000071e88e5fe550
Event: 3.302 Thread 0x00007e95c47ad690 DEOPT UNPACKING pc=0x00007e95b3c6ab2f sp=0x000071e88e5fdb38 mode 0
Event: 3.303 Thread 0x00007e95c45c8fe0 DEOPT PACKING pc=0x00007e95acd517d0 sp=0x000071e88d1fe4b0
Event: 3.303 Thread 0x00007e95c45c8fe0 DEOPT UNPACKING pc=0x00007e95b3c6ab2f sp=0x000071e88d1fda90 mode 0
Event: 3.310 Thread 0x00007e95c45d5f50 DEOPT PACKING pc=0x00007e95acd5a8a6 sp=0x000071e88d6fe550
Event: 3.310 Thread 0x00007e95c45d5f50 DEOPT UNPACKING pc=0x00007e95b3c6ab2f sp=0x000071e88d6fdb38 mode 0

Classes loaded (20 events):
Event: 2.634 Loading class java/util/ResourceBundle$KeyElementReference
Event: 2.634 Loading class java/util/ResourceBundle$CacheKeyReference
Event: 2.634 Loading class java/util/ResourceBundle$CacheKeyReference done
Event: 2.634 Loading class java/util/ResourceBundle$KeyElementReference done
Event: 2.634 Loading class java/util/ResourceBundle$Control$2
Event: 2.634 Loading class java/util/ResourceBundle$Control$2 done
Event: 2.635 Loading class sun/util/PropertyResourceBundleCharset
Event: 2.635 Loading class sun/util/PropertyResourceBundleCharset done
Event: 2.635 Loading class sun/util/PropertyResourceBundleCharset$PropertiesFileDecoder
Event: 2.635 Loading class sun/util/PropertyResourceBundleCharset$PropertiesFileDecoder done
Event: 2.639 Loading class java/util/ResourceBundle$BundleReference
Event: 2.639 Loading class java/util/ResourceBundle$BundleReference done
Event: 2.639 Loading class sun/util/ResourceBundleEnumeration
Event: 2.639 Loading class sun/util/ResourceBundleEnumeration done
Event: 2.648 Loading class sun/nio/cs/ISO_8859_1$Encoder
Event: 2.648 Loading class sun/nio/cs/ISO_8859_1$Encoder done
Event: 2.682 Loading class java/util/ResourceBundle$Control$1
Event: 2.682 Loading class java/util/ResourceBundle$Control$1 done
Event: 2.704 Loading class java/lang/foreign/MemorySegment
Event: 2.704 Loading class java/lang/foreign/MemorySegment done

Classes unloaded (0 events):
No events

Classes redefined (0 events):
No events

Internal exceptions (13 events):
Event: 2.230 Thread 0x00007e95c402b240 Exception <a 'java/lang/NoSuchMethodError'{0x000000004033c090}: 'java.lang.Object java.lang.invoke.DirectMethodHandle$Holder.newInvokeSpecial(java.lang.Object, int, java.lang.Object)'> (0x000000004033c090) 
thrown [src/hotspot/share/interpreter/linkResolver.cpp, line 772]
Event: 2.239 Thread 0x00007e95c402b240 Exception <a 'java/lang/NoSuchMethodError'{0x00000000402f9e28}: 'void java.lang.invoke.DirectMethodHandle$Holder.invokeStatic(java.lang.Object, java.lang.Object)'> (0x00000000402f9e28) 
thrown [src/hotspot/share/interpreter/linkResolver.cpp, line 772]
Event: 2.239 Thread 0x00007e95c402b240 Exception <a 'java/lang/NoSuchMethodError'{0x00000000402fd820}: 'void java.lang.invoke.DirectMethodHandle$Holder.invokeSpecial(java.lang.Object, java.lang.Object, java.lang.Object)'> (0x00000000402fd820) 
thrown [src/hotspot/share/interpreter/linkResolver.cpp, line 772]
Event: 2.281 Thread 0x00007e95c402b240 Exception <a 'java/lang/NoSuchMethodError'{0x00000000401b5ca8}: 'void java.lang.invoke.DirectMethodHandle$Holder.invokeVirtual(java.lang.Object, java.lang.Object)'> (0x00000000401b5ca8) 
thrown [src/hotspot/share/interpreter/linkResolver.cpp, line 772]
Event: 2.299 Thread 0x00007e95c402b240 Exception <a 'java/io/FileNotFoundException'{0x0000000040188bc0}> (0x0000000040188bc0) 
thrown [src/hotspot/share/prims/jni.cpp, line 520]
Event: 2.310 Thread 0x00007e95c402b240 Exception <a 'java/lang/NoSuchMethodError'{0x00000000401298c8}: 'java.lang.Object java.lang.invoke.Invokers$Holder.invokeExact_MT(java.lang.Object, java.lang.Object, java.lang.Object, java.lang.Object, java.lang.Object)'> (0x00000000401298c8) 
thrown [src/hotspot/share/interpreter/linkResolver.cpp, line 772]
Event: 2.492 Thread 0x00007e95c402b240 Exception <a 'java/lang/NoSuchMethodError'{0x0000000040eb2eb0}: 'void java.lang.invoke.DirectMethodHandle$Holder.invokeVirtual(java.lang.Object, java.lang.Object, int)'> (0x0000000040eb2eb0) 
thrown [src/hotspot/share/interpreter/linkResolver.cpp, line 772]
Event: 2.492 Thread 0x00007e95c402b240 Exception <a 'java/lang/NoSuchMethodError'{0x0000000040eb75d8}: 'int java.lang.invoke.DirectMethodHandle$Holder.invokeSpecial(java.lang.Object, java.lang.Object, java.lang.Object, int)'> (0x0000000040eb75d8) 
thrown [src/hotspot/share/interpreter/linkResolver.cpp, line 772]
Event: 2.494 Thread 0x00007e95c402b240 Exception <a 'java/lang/NoSuchMethodError'{0x0000000040e98930}: 'java.lang.Object java.lang.invoke.DirectMethodHandle$Holder.invokeStatic(java.lang.Object, java.lang.Object, java.lang.Object, java.lang.Object, int)'> (0x0000000040e98930) 
thrown [src/hotspot/share/interpreter/linkResolver.cpp, line 772]
Event: 2.494 Thread 0x00007e95c402b240 Exception <a 'java/lang/NoSuchMethodError'{0x0000000040e93b30}: 'void java.lang.invoke.DelegatingMethodHandle$Holder.reinvoke_L(java.lang.Object, java.lang.Object, int)'> (0x0000000040e93b30) 
thrown [src/hotspot/share/interpreter/linkResolver.cpp, line 772]
Event: 2.495 Thread 0x00007e95c402b240 Exception <a 'java/lang/NoSuchMethodError'{0x0000000040e8a8a0}: 'int java.lang.invoke.DirectMethodHandle$Holder.invokeSpecial(java.lang.Object, java.lang.Object, java.lang.Object)'> (0x0000000040e8a8a0) 
thrown [src/hotspot/share/interpreter/linkResolver.cpp, line 772]
Event: 2.563 Thread 0x00007e95c402b240 Exception <a 'java/lang/NoSuchMethodError'{0x00000000413b6268}: 'void java.lang.invoke.DelegatingMethodHandle$Holder.reinvoke_L(java.lang.Object, java.lang.Object, int, int)'> (0x00000000413b6268) 
thrown [src/hotspot/share/interpreter/linkResolver.cpp, line 772]
Event: 2.632 Thread 0x00007e95c47b1470 Exception <a 'java/lang/NoSuchMethodError'{0x0000000040915b40}: 'java.lang.Object java.lang.invoke.DirectMethodHandle$Holder.invokeInterface(java.lang.Object, java.lang.Object)'> (0x0000000040915b40) 
thrown [src/hotspot/share/interpreter/linkResolver.cpp, line 772]

ZGC Phase Switch (0 events):
No events

VM Operations (20 events):
Event: 2.809 Executing VM operation: ICBufferFull done
Event: 2.809 Executing VM operation: ICBufferFull
Event: 2.814 Executing VM operation: ICBufferFull done
Event: 2.816 Executing VM operation: ICBufferFull
Event: 2.820 Executing VM operation: ICBufferFull done
Event: 2.820 Executing VM operation: ICBufferFull
Event: 2.820 Executing VM operation: ICBufferFull done
Event: 2.820 Executing VM operation: ICBufferFull
Event: 2.820 Executing VM operation: ICBufferFull done
Event: 2.995 Executing VM operation: ThirdPartyHeapOperation
Event: 3.012 Executing VM operation: ThirdPartyHeapOperation done
Event: 3.017 Executing VM operation: ThirdPartyHeapOperation
Event: 3.050 Executing VM operation: ThirdPartyHeapOperation done
Event: 3.186 Executing VM operation: ThirdPartyHeapOperation
Event: 3.203 Executing VM operation: ThirdPartyHeapOperation done
Event: 3.205 Executing VM operation: ThirdPartyHeapOperation
Event: 3.245 Executing VM operation: ThirdPartyHeapOperation done
Event: 3.316 Executing VM operation: ThirdPartyHeapOperation
Event: 3.333 Executing VM operation: ThirdPartyHeapOperation done
Event: 3.338 Executing VM operation: ThirdPartyHeapOperation

Memory protections (20 events):
Event: 2.599 Protecting memory [0x000071e88d900000,0x000071e88d904000] with protection modes 0
Event: 2.599 Protecting memory [0x000071e88d800000,0x000071e88d804000] with protection modes 0
Event: 2.599 Protecting memory [0x000071e88d700000,0x000071e88d704000] with protection modes 0
Event: 2.599 Protecting memory [0x000071e88d600000,0x000071e88d604000] with protection modes 0
Event: 2.599 Protecting memory [0x000071e88d500000,0x000071e88d504000] with protection modes 0
Event: 2.599 Protecting memory [0x000071e88d400000,0x000071e88d404000] with protection modes 0
Event: 2.599 Protecting memory [0x000071e88d300000,0x000071e88d304000] with protection modes 0
Event: 2.600 Protecting memory [0x000071e88d200000,0x000071e88d204000] with protection modes 0
Event: 2.600 Protecting memory [0x000071e88d100000,0x000071e88d104000] with protection modes 0
Event: 2.600 Protecting memory [0x000071e88d000000,0x000071e88d004000] with protection modes 0
Event: 2.600 Protecting memory [0x000071e88cf00000,0x000071e88cf04000] with protection modes 0
Event: 2.600 Protecting memory [0x000071e88ce00000,0x000071e88ce04000] with protection modes 0
Event: 2.600 Protecting memory [0x000071e88cd00000,0x000071e88cd04000] with protection modes 0
Event: 2.648 Protecting memory [0x000071e88cc00000,0x000071e88cc04000] with protection modes 0
Event: 2.680 Protecting memory [0x000071e88cb00000,0x000071e88cb04000] with protection modes 0
Event: 2.681 Protecting memory [0x000071e88ca00000,0x000071e88ca04000] with protection modes 0
Event: 2.682 Protecting memory [0x000071e88c900000,0x000071e88c904000] with protection modes 0
Event: 2.709 Protecting memory [0x000071e88c800000,0x000071e88c804000] with protection modes 0
Event: 2.712 Protecting memory [0x000071e88c700000,0x000071e88c704000] with protection modes 0
Event: 2.714 Protecting memory [0x000071e88c600000,0x000071e88c604000] with protection modes 0

Nmethod flushes (0 events):
No events

Events (20 events):
Event: 2.599 Thread 0x00007e95c402b240 Thread added: 0x00007e95c45d1ef0
Event: 2.599 Thread 0x00007e95c402b240 Thread added: 0x00007e95c45d34d0
Event: 2.599 Thread 0x00007e95c402b240 Thread added: 0x00007e95c45d4ab0
Event: 2.599 Thread 0x00007e95c402b240 Thread added: 0x00007e95c45d5f50
Event: 2.599 Thread 0x00007e95c402b240 Thread added: 0x00007e95c45d73f0
Event: 2.599 Thread 0x00007e95c402b240 Thread added: 0x00007e95c45c5450
Event: 2.599 Thread 0x00007e95c402b240 Thread added: 0x00007e95c45c6360
Event: 2.600 Thread 0x00007e95c402b240 Thread added: 0x00007e95c45c7750
Event: 2.600 Thread 0x00007e95c402b240 Thread added: 0x00007e95c45c8fe0
Event: 2.600 Thread 0x00007e95c402b240 Thread added: 0x00007e95c45ca870
Event: 2.600 Thread 0x00007e95c402b240 Thread added: 0x00007e95c45cc280
Event: 2.600 Thread 0x00007e95c402b240 Thread added: 0x00007e95c45cdb10
Event: 2.600 Thread 0x00007e95c402b240 Thread added: 0x00007e95c43d2af0
Event: 2.648 Thread 0x000071e7fc001600 Thread added: 0x000071e8000b28c0
Event: 2.680 Thread 0x000071e8080459d0 Thread added: 0x000071e7fc0a8f80
Event: 2.681 Thread 0x000071e8080873c0 Thread added: 0x000071e7e406d080
Event: 2.682 Thread 0x000071e8080459d0 Thread added: 0x000071e7fc0aafb0
Event: 2.708 Thread 0x000071e7fc001600 Thread added: 0x000071e800192ea0
Event: 2.712 Thread 0x000071e7fc001600 Thread added: 0x000071e8001948b0
Event: 2.713 Thread 0x000071e7fc001600 Thread added: 0x000071e800195e60


Dynamic libraries:
40000000-40400000 rw-p 00000000 00:00 0                                  [anon:mmtk:space:immix]
40400000-40800000 rw-p 00000000 00:00 0                                  [anon:mmtk:space:los]
40800000-41400000 rw-p 00000000 00:00 0                                  [anon:mmtk:space:immix]
41400000-41800000 rw-p 00000000 00:00 0                                  [anon:mmtk:space:los]
41800000-41c00000 rw-p 00000000 00:00 0                                  [anon:mmtk:space:immix]
41c00000-42000000 rw-p 00000000 00:00 0                                  [anon:mmtk:space:los]
42000000-42400000 rw-p 00000000 00:00 0                                  [anon:mmtk:space:immix]
42400000-42800000 rw-p 00000000 00:00 0                                  [anon:mmtk:space:los]
42800000-43000000 rw-p 00000000 00:00 0                                  [anon:mmtk:space:immix]
43000000-43400000 rw-p 00000000 00:00 0                                  [anon:mmtk:space:los]
43400000-43800000 rw-p 00000000 00:00 0                                  [anon:mmtk:space:immix]
43800000-43c00000 rw-p 00000000 00:00 0                                  [anon:mmtk:space:los]
43c00000-44400000 rw-p 00000000 00:00 0                                  [anon:mmtk:space:immix]
44400000-44800000 rw-p 00000000 00:00 0                                  [anon:mmtk:space:los]
44800000-45000000 rw-p 00000000 00:00 0                                  [anon:mmtk:space:immix]
45000000-45400000 rw-p 00000000 00:00 0                                  [anon:mmtk:space:los]
45400000-45800000 rw-p 00000000 00:00 0                                  [anon:mmtk:space:immix]
45800000-45c00000 rw-p 00000000 00:00 0                                  [anon:mmtk:space:los]
45c00000-46400000 rw-p 00000000 00:00 0                                  [anon:mmtk:space:immix]
46400000-46800000 rw-p 00000000 00:00 0                                  [anon:mmtk:space:los]
46800000-47000000 rw-p 00000000 00:00 0                                  [anon:mmtk:space:immix]
47000000-47400000 rw-p 00000000 00:00 0                                  [anon:mmtk:space:los]
47400000-47800000 rw-p 00000000 00:00 0                                  [anon:mmtk:space:immix]
47800000-47c00000 rw-p 00000000 00:00 0                                  [anon:mmtk:space:los]
47c00000-48000000 rw-p 00000000 00:00 0                                  [anon:mmtk:space:immix]
48000000-48400000 rw-p 00000000 00:00 0                                  [anon:mmtk:space:los]
48400000-48c00000 rw-p 00000000 00:00 0                                  [anon:mmtk:space:immix]
48c00000-49000000 rw-p 00000000 00:00 0                                  [anon:mmtk:space:los]
49000000-49800000 rw-p 00000000 00:00 0                                  [anon:mmtk:space:immix]
49800000-49c00000 rw-p 00000000 00:00 0                                  [anon:mmtk:space:los]
49c00000-4a400000 rw-p 00000000 00:00 0                                  [anon:mmtk:space:immix]
4a400000-4a800000 rw-p 00000000 00:00 0                                  [anon:mmtk:space:los]
4a800000-4ac00000 rw-p 00000000 00:00 0                                  [anon:mmtk:space:immix]
4ac00000-4b000000 rw-p 00000000 00:00 0                                  [anon:mmtk:space:los]
4b000000-4b800000 rw-p 00000000 00:00 0                                  [anon:mmtk:space:immix]
4b800000-4bc00000 rw-p 00000000 00:00 0                                  [anon:mmtk:space:los]
4bc00000-4c000000 rw-p 00000000 00:00 0                                  [anon:mmtk:space:immix]
4c000000-4c400000 rw-p 00000000 00:00 0                                  [anon:mmtk:space:los]
4c400000-4cc00000 rw-p 00000000 00:00 0                                  [anon:mmtk:space:immix]
4cc00000-4d000000 rw-p 00000000 00:00 0                                  [anon:mmtk:space:los]
4d000000-4d400000 rw-p 00000000 00:00 0                                  [anon:mmtk:space:immix]
4d400000-4d800000 rw-p 00000000 00:00 0                                  [anon:mmtk:space:los]
4d800000-4dc00000 rw-p 00000000 00:00 0                                  [anon:mmtk:space:immix]
4dc00000-4e000000 rw-p 00000000 00:00 0                                  [anon:mmtk:space:los]
4e000000-4e800000 rw-p 00000000 00:00 0                                  [anon:mmtk:space:immix]
4e800000-4ec00000 rw-p 00000000 00:00 0                                  [anon:mmtk:space:los]
4ec00000-4f000000 rw-p 00000000 00:00 0                                  [anon:mmtk:space:immix]
4f000000-4f400000 rw-p 00000000 00:00 0                                  [anon:mmtk:space:los]
4f400000-4fc00000 rw-p 00000000 00:00 0                                  [anon:mmtk:space:immix]
4fc00000-50000000 rw-p 00000000 00:00 0                                  [anon:mmtk:space:los]
50000000-50400000 rw-p 00000000 00:00 0                                  [anon:mmtk:space:immix]
50400000-50c00000 rw-p 00000000 00:00 0                                  [anon:mmtk:space:los]
50c00000-51000000 rw-p 00000000 00:00 0                                  [anon:mmtk:space:immix]
51000000-51400000 rw-p 00000000 00:00 0                                  [anon:mmtk:space:los]
51400000-51c00000 rw-p 00000000 00:00 0                                  [anon:mmtk:space:immix]
51c00000-52000000 rw-p 00000000 00:00 0                                  [anon:mmtk:space:los]
52000000-52400000 rw-p 00000000 00:00 0                                  [anon:mmtk:space:immix]
52400000-52800000 rw-p 00000000 00:00 0                                  [anon:mmtk:space:los]
52800000-53000000 rw-p 00000000 00:00 0                                  [anon:mmtk:space:immix]
53000000-53400000 rw-p 00000000 00:00 0                                  [anon:mmtk:space:los]
53400000-53800000 rw-p 00000000 00:00 0                                  [anon:mmtk:space:immix]
53800000-54400000 rw-p 00000000 00:00 0                                  [anon:mmtk:space:los]
54400000-54c00000 rw-p 00000000 00:00 0                                  [anon:mmtk:space:immix]
54c00000-55000000 rw-p 00000000 00:00 0                                  [anon:mmtk:space:los]
55000000-55400000 rw-p 00000000 00:00 0                                  [anon:mmtk:space:immix]
200000000000-2000c00c0000 rw-s 00000000 00:10 68                         anon_inode:bpf-map
6156b0c17000-6156b0c18000 r--p 00000000 fc:00 49676352                   /mydata/openjdk-mmtk/build/b0test/images/jdk/bin/java
6156b0c18000-6156b0c19000 r-xp 00001000 fc:00 49676352                   /mydata/openjdk-mmtk/build/b0test/images/jdk/bin/java
6156b0c19000-6156b0c1a000 r--p 00002000 fc:00 49676352                   /mydata/openjdk-mmtk/build/b0test/images/jdk/bin/java
6156b0c1a000-6156b0c1b000 r--p 00002000 fc:00 49676352                   /mydata/openjdk-mmtk/build/b0test/images/jdk/bin/java
6156b0c1b000-6156b0c1c000 rw-p 00003000 fc:00 49676352                   /mydata/openjdk-mmtk/build/b0test/images/jdk/bin/java
6156b7ed9000-6156b7f21000 rw-p 00000000 00:00 0                          [heap]
71e744000000-71e7445a3000 rw-p 00000000 00:00 0 
71e7445a3000-71e748000000 ---p 00000000 00:00 0 
71e74c000000-71e74c6c7000 rw-p 00000000 00:00 0 
71e74c6c7000-71e750000000 ---p 00000000 00:00 0 
71e750000000-71e75043e000 rw-p 00000000 00:00 0 
71e75043e000-71e754000000 ---p 00000000 00:00 0 
71e754000000-71e7548bd000 rw-p 00000000 00:00 0 
71e7548bd000-71e758000000 ---p 00000000 00:00 0 
71e758000000-71e758ba2000 rw-p 00000000 00:00 0 
71e758ba2000-71e75c000000 ---p 00000000 00:00 0 
71e75c000000-71e75cf46000 rw-p 00000000 00:00 0 
71e75cf46000-71e760000000 ---p 00000000 00:00 0 
71e760000000-71e760782000 rw-p 00000000 00:00 0 
71e760782000-71e764000000 ---p 00000000 00:00 0 
71e764000000-71e764021000 rw-p 00000000 00:00 0 
71e764021000-71e768000000 ---p 00000000 00:00 0 
71e768000000-71e768021000 rw-p 00000000 00:00 0 
71e768021000-71e76c000000 ---p 00000000 00:00 0 
71e76c000000-71e76c05a000 rw-p 00000000 00:00 0 
71e76c05a000-71e770000000 ---p 00000000 00:00 0 
71e770000000-71e770021000 rw-p 00000000 00:00 0 
71e770021000-71e774000000 ---p 00000000 00:00 0 
71e774000000-71e774021000 rw-p 00000000 00:00 0 
71e774021000-71e778000000 ---p 00000000 00:00 0 
71e778000000-71e77802f000 rw-p 00000000 00:00 0 
71e77802f000-71e77c000000 ---p 00000000 00:00 0 
71e77c000000-71e77c021000 rw-p 00000000 00:00 0 
71e77c021000-71e780000000 ---p 00000000 00:00 0 
71e780000000-71e780021000 rw-p 00000000 00:00 0 
71e780021000-71e784000000 ---p 00000000 00:00 0 
71e784000000-71e784021000 rw-p 00000000 00:00 0 
71e784021000-71e788000000 ---p 00000000 00:00 0 
71e788000000-71e788021000 rw-p 00000000 00:00 0 
71e788021000-71e78c000000 ---p 00000000 00:00 0 
71e78c000000-71e78c021000 rw-p 00000000 00:00 0 
71e78c021000-71e790000000 ---p 00000000 00:00 0 
71e790000000-71e790021000 rw-p 00000000 00:00 0 
71e790021000-71e794000000 ---p 00000000 00:00 0 
71e794000000-71e794021000 rw-p 00000000 00:00 0 
71e794021000-71e798000000 ---p 00000000 00:00 0 
71e798000000-71e798021000 rw-p 00000000 00:00 0 
71e798021000-71e79c000000 ---p 00000000 00:00 0 
71e79c000000-71e79c021000 rw-p 00000000 00:00 0 
71e79c021000-71e7a0000000 ---p 00000000 00:00 0 
71e7a0000000-71e7a0047000 rw-p 00000000 00:00 0 
71e7a0047000-71e7a4000000 ---p 00000000 00:00 0 
71e7a4000000-71e7a4040000 rw-p 00000000 00:00 0 
71e7a4040000-71e7a8000000 ---p 00000000 00:00 0 
71e7a8000000-71e7a8029000 rw-p 00000000 00:00 0 
71e7a8029000-71e7ac000000 ---p 00000000 00:00 0 
71e7ac000000-71e7ac021000 rw-p 00000000 00:00 0 
71e7ac021000-71e7b0000000 ---p 00000000 00:00 0 
71e7b0000000-71e7b0021000 rw-p 00000000 00:00 0 
71e7b0021000-71e7b4000000 ---p 00000000 00:00 0 
71e7b4000000-71e7b4022000 rw-p 00000000 00:00 0 
71e7b4022000-71e7b8000000 ---p 00000000 00:00 0 
71e7b8000000-71e7b8021000 rw-p 00000000 00:00 0 
71e7b8021000-71e7bc000000 ---p 00000000 00:00 0 
71e7bc000000-71e7bc049000 rw-p 00000000 00:00 0 
71e7bc049000-71e7c0000000 ---p 00000000 00:00 0 
71e7c0000000-71e7c0021000 rw-p 00000000 00:00 0 
71e7c0021000-71e7c4000000 ---p 00000000 00:00 0 
71e7c4000000-71e7c4021000 rw-p 00000000 00:00 0 
71e7c4021000-71e7c8000000 ---p 00000000 00:00 0 
71e7c8000000-71e7c8021000 rw-p 00000000 00:00 0 
71e7c8021000-71e7cc000000 ---p 00000000 00:00 0 
71e7cc000000-71e7cc021000 rw-p 00000000 00:00 0 
71e7cc021000-71e7d0000000 ---p 00000000 00:00 0 
71e7d0000000-71e7d004a000 rw-p 00000000 00:00 0 
71e7d004a000-71e7d4000000 ---p 00000000 00:00 0 
71e7d4000000-71e7d4028000 rw-p 00000000 00:00 0 
71e7d4028000-71e7d8000000 ---p 00000000 00:00 0 
71e7d8000000-71e7d8021000 rw-p 00000000 00:00 0 
71e7d8021000-71e7dc000000 ---p 00000000 00:00 0 
71e7dc000000-71e7dc021000 rw-p 00000000 00:00 0 
71e7dc021000-71e7e0000000 ---p 00000000 00:00 0 
71e7e0000000-71e7e0021000 rw-p 00000000 00:00 0 
71e7e0021000-71e7e4000000 ---p 00000000 00:00 0 
71e7e4000000-71e7e42ea000 rw-p 00000000 00:00 0 
71e7e42ea000-71e7e8000000 ---p 00000000 00:00 0 
71e7e8000000-71e7e8bde000 rw-p 00000000 00:00 0 
71e7e8bde000-71e7ec000000 ---p 00000000 00:00 0 
71e7ec000000-71e7ece87000 rw-p 00000000 00:00 0 
71e7ece87000-71e7f0000000 ---p 00000000 00:00 0 
71e7f0000000-71e7f03a2000 rw-p 00000000 00:00 0 
71e7f03a2000-71e7f4000000 ---p 00000000 00:00 0 
71e7f4000000-71e7f4021000 rw-p 00000000 00:00 0 
71e7f4021000-71e7f8000000 ---p 00000000 00:00 0 
71e7f8000000-71e7f8021000 rw-p 00000000 00:00 0 
71e7f8021000-71e7fc000000 ---p 00000000 00:00 0 
71e7fc000000-71e7fc390000 rw-p 00000000 00:00 0 
71e7fc390000-71e800000000 ---p 00000000 00:00 0 
71e800000000-71e800374000 rw-p 00000000 00:00 0 
71e800374000-71e804000000 ---p 00000000 00:00 0 
71e804000000-71e8049be000 rw-p 00000000 00:00 0 
71e8049be000-71e808000000 ---p 00000000 00:00 0 
71e808000000-71e8082ff000 rw-p 00000000 00:00 0 
71e8082ff000-71e80c000000 ---p 00000000 00:00 0 
71e80c000000-71e80c021000 rw-p 00000000 00:00 0 
71e80c021000-71e810000000 ---p 00000000 00:00 0 
71e810000000-71e810021000 rw-p 00000000 00:00 0 
71e810021000-71e814000000 ---p 00000000 00:00 0 
71e814000000-71e814032000 rw-p 00000000 00:00 0 
71e814032000-71e818000000 ---p 00000000 00:00 0 
71e818000000-71e818021000 rw-p 00000000 00:00 0 
71e818021000-71e81c000000 ---p 00000000 00:00 0 
71e81c000000-71e81c05a000 rw-p 00000000 00:00 0 
71e81c05a000-71e820000000 ---p 00000000 00:00 0 
71e820000000-71e820054000 rw-p 00000000 00:00 0 
71e820054000-71e824000000 ---p 00000000 00:00 0 
71e824000000-71e82403b000 rw-p 00000000 00:00 0 
71e82403b000-71e828000000 ---p 00000000 00:00 0 
71e828000000-71e82802b000 rw-p 00000000 00:00 0 
71e82802b000-71e82c000000 ---p 00000000 00:00 0 
71e82c000000-71e82c032000 rw-p 00000000 00:00 0 
71e82c032000-71e830000000 ---p 00000000 00:00 0 
71e830000000-71e83003f000 rw-p 00000000 00:00 0 
71e83003f000-71e834000000 ---p 00000000 00:00 0 
71e834000000-71e834193000 rw-p 00000000 00:00 0 
71e834193000-71e838000000 ---p 00000000 00:00 0 
71e838000000-71e838032000 rw-p 00000000 00:00 0 
71e838032000-71e83c000000 ---p 00000000 00:00 0 
71e83c000000-71e83c04b000 rw-p 00000000 00:00 0 
71e83c04b000-71e840000000 ---p 00000000 00:00 0 
71e840000000-71e840042000 rw-p 00000000 00:00 0 
71e840042000-71e844000000 ---p 00000000 00:00 0 
71e844000000-71e844052000 rw-p 00000000 00:00 0 
71e844052000-71e848000000 ---p 00000000 00:00 0 
71e848000000-71e84802a000 rw-p 00000000 00:00 0 
71e84802a000-71e84c000000 ---p 00000000 00:00 0 
71e84c000000-71e84c02b000 rw-p 00000000 00:00 0 
71e84c02b000-71e850000000 ---p 00000000 00:00 0 
71e850000000-71e85003b000 rw-p 00000000 00:00 0 
71e85003b000-71e854000000 ---p 00000000 00:00 0 
71e854000000-71e85431a000 rw-p 00000000 00:00 0 
71e85431a000-71e858000000 ---p 00000000 00:00 0 
71e858000000-71e858033000 rw-p 00000000 00:00 0 
71e858033000-71e85c000000 ---p 00000000 00:00 0 
71e85c000000-71e85c03a000 rw-p 00000000 00:00 0 
71e85c03a000-71e860000000 ---p 00000000 00:00 0 
71e860000000-71e860043000 rw-p 00000000 00:00 0 
71e860043000-71e864000000 ---p 00000000 00:00 0 
71e864000000-71e864044000 rw-p 00000000 00:00 0 
71e864044000-71e868000000 ---p 00000000 00:00 0 
71e868000000-71e86803c000 rw-p 00000000 00:00 0 
71e86803c000-71e86c000000 ---p 00000000 00:00 0 
71e86c000000-71e86c033000 rw-p 00000000 00:00 0 
71e86c033000-71e870000000 ---p 00000000 00:00 0 
71e870000000-71e87002b000 rw-p 00000000 00:00 0 
71e87002b000-71e874000000 ---p 00000000 00:00 0 
71e874000000-71e874021000 rw-p 00000000 00:00 0 
71e874021000-71e878000000 ---p 00000000 00:00 0 
71e878000000-71e878021000 rw-p 00000000 00:00 0 
71e878021000-71e87c000000 ---p 00000000 00:00 0 
71e87c000000-71e87c021000 rw-p 00000000 00:00 0 
71e87c021000-71e880000000 ---p 00000000 00:00 0 
71e880000000-71e880021000 rw-p 00000000 00:00 0 
71e880021000-71e884000000 ---p 00000000 00:00 0 
71e884000000-71e884280000 rw-p 00000000 00:00 0 
71e884280000-71e884400000 ---p 00000000 00:00 0 
71e884400000-71e8848c0000 rw-p 00000000 00:00 0 
71e8848c0000-71e888000000 ---p 00000000 00:00 0 
71e888000000-71e888021000 rw-p 00000000 00:00 0 
71e888021000-71e88c000000 ---p 00000000 00:00 0 
71e88c600000-71e88c604000 ---p 00000000 00:00 0 
71e88c604000-71e88c700000 rw-p 00000000 00:00 0 
71e88c700000-71e88c704000 ---p 00000000 00:00 0 
71e88c704000-71e88c800000 rw-p 00000000 00:00 0 
71e88c800000-71e88c804000 ---p 00000000 00:00 0 
71e88c804000-71e88c900000 rw-p 00000000 00:00 0 
71e88c900000-71e88c904000 ---p 00000000 00:00 0 
71e88c904000-71e88ca00000 rw-p 00000000 00:00 0 
71e88ca00000-71e88ca04000 ---p 00000000 00:00 0 
71e88ca04000-71e88cb00000 rw-p 00000000 00:00 0 
71e88cb00000-71e88cb04000 ---p 00000000 00:00 0 
71e88cb04000-71e88cc00000 rw-p 00000000 00:00 0 
71e88cc00000-71e88cc04000 ---p 00000000 00:00 0 
71e88cc04000-71e88cd00000 rw-p 00000000 00:00 0 
71e88cd00000-71e88cd04000 ---p 00000000 00:00 0 
71e88cd04000-71e88ce00000 rw-p 00000000 00:00 0 
71e88ce00000-71e88ce04000 ---p 00000000 00:00 0 
71e88ce04000-71e88cf00000 rw-p 00000000 00:00 0 
71e88cf00000-71e88cf04000 ---p 00000000 00:00 0 
71e88cf04000-71e88d000000 rw-p 00000000 00:00 0 
71e88d000000-71e88d004000 ---p 00000000 00:00 0 
71e88d004000-71e88d100000 rw-p 00000000 00:00 0 
71e88d100000-71e88d104000 ---p 00000000 00:00 0 
71e88d104000-71e88d200000 rw-p 00000000 00:00 0 
71e88d200000-71e88d204000 ---p 00000000 00:00 0 
71e88d204000-71e88d300000 rw-p 00000000 00:00 0 
71e88d300000-71e88d304000 ---p 00000000 00:00 0 
71e88d304000-71e88d400000 rw-p 00000000 00:00 0 
71e88d400000-71e88d404000 ---p 00000000 00:00 0 
71e88d404000-71e88d500000 rw-p 00000000 00:00 0 
71e88d500000-71e88d504000 ---p 00000000 00:00 0 
71e88d504000-71e88d600000 rw-p 00000000 00:00 0 
71e88d600000-71e88d604000 ---p 00000000 00:00 0 
71e88d604000-71e88d700000 rw-p 00000000 00:00 0 
71e88d700000-71e88d704000 ---p 00000000 00:00 0 
71e88d704000-71e88d800000 rw-p 00000000 00:00 0 
71e88d800000-71e88d804000 ---p 00000000 00:00 0 
71e88d804000-71e88d900000 rw-p 00000000 00:00 0 
71e88d900000-71e88d904000 ---p 00000000 00:00 0 
71e88d904000-71e88da00000 rw-p 00000000 00:00 0 
71e88da00000-71e88da04000 ---p 00000000 00:00 0 
71e88da04000-71e88db00000 rw-p 00000000 00:00 0 
71e88db00000-71e88db04000 ---p 00000000 00:00 0 
71e88db04000-71e88dc00000 rw-p 00000000 00:00 0 
71e88dc00000-71e88dc04000 ---p 00000000 00:00 0 
71e88dc04000-71e88dd00000 rw-p 00000000 00:00 0 
71e88dd00000-71e88dd04000 ---p 00000000 00:00 0 
71e88dd04000-71e88de00000 rw-p 00000000 00:00 0 
71e88de00000-71e88de04000 ---p 00000000 00:00 0 
71e88de04000-71e88df00000 rw-p 00000000 00:00 0 
71e88df00000-71e88df04000 ---p 00000000 00:00 0 
71e88df04000-71e88e000000 rw-p 00000000 00:00 0 
71e88e000000-71e88e004000 ---p 00000000 00:00 0 
71e88e004000-71e88e100000 rw-p 00000000 00:00 0 
71e88e100000-71e88e104000 ---p 00000000 00:00 0 
71e88e104000-71e88e200000 rw-p 00000000 00:00 0 
71e88e200000-71e88e204000 ---p 00000000 00:00 0 
71e88e204000-71e88e300000 rw-p 00000000 00:00 0 
71e88e300000-71e88e304000 ---p 00000000 00:00 0 
71e88e304000-71e88e400000 rw-p 00000000 00:00 0 
71e88e400000-71e88e404000 ---p 00000000 00:00 0 
71e88e404000-71e88e500000 rw-p 00000000 00:00 0 
71e88e500000-71e88e504000 ---p 00000000 00:00 0 
71e88e504000-71e88e600000 rw-p 00000000 00:00 0 
71e88e600000-71e88e604000 ---p 00000000 00:00 0 
71e88e604000-71e88e700000 rw-p 00000000 00:00 0 
71e88e700000-71e88e704000 ---p 00000000 00:00 0 
71e88e704000-71e88e800000 rw-p 00000000 00:00 0 
71e88e800000-71e88e804000 ---p 00000000 00:00 0 
71e88e804000-71e88e900000 rw-p 00000000 00:00 0 
71e88e900000-71e88e904000 ---p 00000000 00:00 0 
71e88e904000-71e88ea00000 rw-p 00000000 00:00 0 
71e88ea00000-71e88ea04000 ---p 00000000 00:00 0 
71e88ea04000-71e88eb00000 rw-p 00000000 00:00 0 
71e88eb00000-71e88eb04000 ---p 00000000 00:00 0 
71e88eb04000-71e88ec00000 rw-p 00000000 00:00 0 
71e88ec00000-71e88ec04000 ---p 00000000 00:00 0 
71e88ec04000-71e88ed00000 rw-p 00000000 00:00 0 
71e88ed00000-71e88ed04000 ---p 00000000 00:00 0 
71e88ed04000-71e88ee00000 rw-p 00000000 00:00 0 
71e88ee00000-71e88ee04000 ---p 00000000 00:00 0 
71e88ee04000-71e88ef00000 rw-p 00000000 00:00 0 
71e88ef00000-71e88ef04000 ---p 00000000 00:00 0 
71e88ef04000-71e88f000000 rw-p 00000000 00:00 0 
71e88f000000-71e88fca3000 rw-p 00001000 fc:00 49677060                   /mydata/openjdk-mmtk/build/b0test/images/jdk/lib/server/classes.jsa
71e88fca3000-71e890000000 ---p 00000000 00:00 0 
71e890000000-71e890040000 rw-p 00000000 00:00 0 
71e890040000-71e890110000 rw-p 00000000 00:00 0 
71e890110000-71e8d0000000 ---p 00000000 00:00 0 
71e8d0000000-71e8d0021000 rw-p 00000000 00:00 0 
71e8d0021000-71e8d4000000 ---p 00000000 00:00 0 
71e8d40f9000-71e8d40fd000 ---p 00000000 00:00 0 
71e8d40fd000-71e8d41f9000 rw-p 00000000 00:00 0 
71e8d41f9000-71e8d41fd000 ---p 00000000 00:00 0 
71e8d41fd000-71e8d42f9000 rw-p 00000000 00:00 0 
71e8d42f9000-71e8d42fd000 ---p 00000000 00:00 0 
71e8d42fd000-71e8d43f9000 rw-p 00000000 00:00 0 
71e8d43f9000-71e8d43fd000 ---p 00000000 00:00 0 
71e8d43fd000-71e8d44f9000 rw-p 00000000 00:00 0 
71e8d44f9000-71e8d44fd000 ---p 00000000 00:00 0 
71e8d44fd000-71e8d45f9000 rw-p 00000000 00:00 0 
71e8d45f9000-71e8d45fd000 ---p 00000000 00:00 0 
71e8d45fd000-71e8d46f9000 rw-p 00000000 00:00 0 
71e8d46f9000-71e8d46fd000 ---p 00000000 00:00 0 
71e8d46fd000-71e8d47f9000 rw-p 00000000 00:00 0 
71e8d47f9000-71e8d47fd000 ---p 00000000 00:00 0 
71e8d47fd000-71e8d48f9000 rw-p 00000000 00:00 0 
71e8d48f9000-71e8d48fd000 ---p 00000000 00:00 0 
71e8d48fd000-71e8d49f9000 rw-p 00000000 00:00 0 
71e8d49f9000-71e8d49fd000 ---p 00000000 00:00 0 
71e8d49fd000-71e8d4af9000 rw-p 00000000 00:00 0 
71e8d4af9000-71e8d4afa000 ---p 00000000 00:00 0 
71e8d4afa000-71e8d4bfa000 rw-p 00000000 00:00 0 
71e8d4bfa000-71e8d4bfb000 ---p 00000000 00:00 0 
71e8d4bfb000-71e8d4cfb000 rw-p 00000000 00:00 0 
71e8d4cfb000-71e8d4cfc000 ---p 00000000 00:00 0 
71e8d4cfc000-71e8d4dfc000 rw-p 00000000 00:00 0 
71e8d4dfc000-71e8d4dfd000 ---p 00000000 00:00 0 
71e8d4dfd000-71e8d4efd000 rw-p 00000000 00:00 0 
71e8d4efd000-71e8d4efe000 ---p 00000000 00:00 0 
71e8d4efe000-71e8d4ffe000 rw-p 00000000 00:00 0 
71e8d4ffe000-71e8d4fff000 ---p 00000000 00:00 0 
71e8d4fff000-71e8d50ff000 rw-p 00000000 00:00 0 
71e8d50ff000-71e8d5100000 ---p 00000000 00:00 0 
71e8d5100000-71e8d5200000 rw-p 00000000 00:00 0 
71e8d5200000-71e8d8200000 rw-p 00000000 00:00 0 
71e8d82fb000-71e8d82fc000 ---p 00000000 00:00 0 
71e8d82fc000-71e8d83fc000 rw-p 00000000 00:00 0 
71e8d83fc000-71e908400000 rw-p 00000000 00:00 0 
71e908400000-71e909400000 ---p 00000000 00:00 0                          [anon:mmtk:sidemeta:all:all-quarantined]
71e909400000-71e909c00000 rw-p 00000000 00:00 0                          [anon:mmtk:sidemeta:immix:VO_BIT]
71e909c00000-73e90a400000 ---p 00000000 00:00 0                          [anon:mmtk:sidemeta:all:all-quarantined]
73e90a400000-73e90a800000 rw-p 00000000 00:00 0                          [anon:mmtk:sidemeta:immix:CHUNK_MARK]
73e90a800000-73e90d400000 ---p 00000000 00:00 0                          [anon:mmtk:sidemeta:all:all-quarantined]
73e90d400000-73e90dc00000 rw-p 00000000 00:00 0                          [anon:mmtk:sidemeta:immix:VMGlobalLogBitSpec]
73e90dc00000-75f10c800000 ---p 00000000 00:00 0                          [anon:mmtk:sidemeta:all:all-quarantined]
75f10c800000-75f10cc00000 rw-p 00000000 00:00 0                          [anon:mmtk:sidemeta:immix:IX_LINE_MARK]
75f10cc00000-76710c400000 ---p 00000000 00:00 0                          [anon:mmtk:sidemeta:all:all-quarantined]
76710c400000-76710c800000 rw-p 00000000 00:00 0                          [anon:mmtk:sidemeta:immix:IX_BLOCK_DEFRAG]
76710c800000-76720c400000 ---p 00000000 00:00 0                          [anon:mmtk:sidemeta:all:all-quarantined]
76720c400000-76720c800000 rw-p 00000000 00:00 0                          [anon:mmtk:sidemeta:immix:IX_BLOCK_MARK]
76720c800000-7c938c400000 ---p 00000000 00:00 0                          [anon:mmtk:sidemeta:all:all-quarantined]
7c938c400000-7c938c800000 rw-p 00000000 00:00 0                          [anon:mmtk:sidemeta:los:VMLocalLOSMarkNurserySpec]
7c938c800000-7c958d400000 ---p 00000000 00:00 0                          [anon:mmtk:sidemeta:all:all-quarantined]
7c958d400000-7c958dc00000 rw-p 00000000 00:00 0                          [anon:mmtk:sidemeta:immix:VMLocalMarkBitSpec]
7c958dc00000-7e958c400000 ---p 00000000 00:00 0                          [anon:mmtk:sidemeta:all:all-quarantined]
7e958c4fc000-7e958c4fd000 ---p 00000000 00:00 0 
7e958c4fd000-7e958c5fd000 rw-p 00000000 00:00 0 
7e958c5fd000-7e958c5fe000 ---p 00000000 00:00 0 
7e958c5fe000-7e958c6fe000 rw-p 00000000 00:00 0 
7e958c6fe000-7e958c6ff000 ---p 00000000 00:00 0 
7e958c6ff000-7e958c7ff000 rw-p 00000000 00:00 0 
7e958c7ff000-7e95ac800000 rw-p 00000000 00:00 0 
7e95ac800000-7e95aceb0000 rwxp 00000000 00:00 0 
7e95aceb0000-7e95b3c17000 ---p 00000000 00:00 0 
7e95b3c17000-7e95b3fa7000 rwxp 00000000 00:00 0 
7e95b3fa7000-7e95b43e8000 ---p 00000000 00:00 0 
7e95b43e8000-7e95b4658000 rwxp 00000000 00:00 0 
7e95b4658000-7e95bb800000 ---p 00000000 00:00 0 
7e95bb800000-7e95c3fa0000 r--s 00000000 fc:00 49676300                   /mydata/openjdk-mmtk/build/b0test/images/jdk/lib/modules
7e95c4000000-7e95c47cd000 rw-p 00000000 00:00 0 
7e95c47cd000-7e95c8000000 ---p 00000000 00:00 0 
7e95c8023000-7e95c8028000 r--p 00000000 fc:00 49676433                   /mydata/openjdk-mmtk/build/b0test/images/jdk/lib/libjsvml.so
7e95c8028000-7e95c8069000 r-xp 00005000 fc:00 49676433                   /mydata/openjdk-mmtk/build/b0test/images/jdk/lib/libjsvml.so
7e95c8069000-7e95c80f2000 r--p 00046000 fc:00 49676433                   /mydata/openjdk-mmtk/build/b0test/images/jdk/lib/libjsvml.so
7e95c80f2000-7e95c80f3000 r--p 000ce000 fc:00 49676433                   /mydata/openjdk-mmtk/build/b0test/images/jdk/lib/libjsvml.so
7e95c80f3000-7e95c80f4000 rw-p 000cf000 fc:00 49676433                   /mydata/openjdk-mmtk/build/b0test/images/jdk/lib/libjsvml.so
7e95c80f4000-7e95c80f5000 ---p 00000000 00:00 0 
7e95c80f5000-7e95c81f5000 rw-p 00000000 00:00 0 
7e95c81f5000-7e95c81f6000 ---p 00000000 00:00 0 
7e95c81f6000-7e95c82f6000 rw-p 00000000 00:00 0 
7e95c82f6000-7e95c82f7000 ---p 00000000 00:00 0 
7e95c82f7000-7e95c83f7000 rw-p 00000000 00:00 0 
7e95c83f7000-7e95c83f8000 ---p 00000000 00:00 0 
7e95c83f8000-7e95c84f8000 rw-p 00000000 00:00 0 
7e95c84f8000-7e95c84f9000 ---p 00000000 00:00 0 
7e95c84f9000-7e95c85f9000 rw-p 00000000 00:00 0 
7e95c85f9000-7e95c85fa000 ---p 00000000 00:00 0 
7e95c85fa000-7e95c86fa000 rw-p 00000000 00:00 0 
7e95c86fa000-7e95c86fb000 ---p 00000000 00:00 0 
7e95c86fb000-7e95c87fb000 rw-p 00000000 00:00 0 
7e95c87fb000-7e95c87fc000 ---p 00000000 00:00 0 
7e95c87fc000-7e95c88fc000 rw-p 00000000 00:00 0 
7e95c88fc000-7e95c88fd000 ---p 00000000 00:00 0 
7e95c88fd000-7e95c89fd000 rw-p 00000000 00:00 0 
7e95c89fd000-7e95c89fe000 ---p 00000000 00:00 0 
7e95c89fe000-7e95c8afe000 rw-p 00000000 00:00 0 
7e95c8afe000-7e95c8aff000 ---p 00000000 00:00 0 
7e95c8aff000-7e95c8bff000 rw-p 00000000 00:00 0 
7e95c8bff000-7e95c8c00000 ---p 00000000 00:00 0 
7e95c8c00000-7e95c8d00000 rw-p 00000000 00:00 0 
7e95c8d00000-7e95c8d04000 ---p 00000000 00:00 0 
7e95c8d04000-7e95c8e00000 rw-p 00000000 00:00 0 
7e95c8e00000-7e95c8e04000 ---p 00000000 00:00 0 
7e95c8e04000-7e95c8f00000 rw-p 00000000 00:00 0 
7e95c8f00000-7e95c8f04000 ---p 00000000 00:00 0 
7e95c8f04000-7e95c9000000 rw-p 00000000 00:00 0 
7e95c9000000-7e95c92eb000 r--p 00000000 08:03 1410552                    /usr/lib/locale/locale-archive
7e95c92fc000-7e95c92fd000 ---p 00000000 00:00 0 
7e95c92fd000-7e95c93fd000 rw-p 00000000 00:00 0 
7e95c93fd000-7e95c93fe000 ---p 00000000 00:00 0 
7e95c93fe000-7e95c94fe000 rw-p 00000000 00:00 0 
7e95c94fe000-7e95c94ff000 ---p 00000000 00:00 0 
7e95c94ff000-7e95c95ff000 rw-p 00000000 00:00 0 
7e95c95ff000-7e95c9c00000 rw-p 00000000 00:00 0 
7e95c9c00000-7e95c9c0c000 r--p 00000000 fc:00 13107796                   /mydata/gc-bpf-fault/shim/libgcbpf.so
7e95c9c0c000-7e95c9c6e000 r-xp 0000c000 fc:00 13107796                   /mydata/gc-bpf-fault/shim/libgcbpf.so
7e95c9c6e000-7e95c9ede000 r--p 0006e000 fc:00 13107796                   /mydata/gc-bpf-fault/shim/libgcbpf.so
7e95c9ede000-7e95c9ee0000 r--p 002de000 fc:00 13107796                   /mydata/gc-bpf-fault/shim/libgcbpf.so
7e95c9ee0000-7e95c9ee1000 rw-p 002e0000 fc:00 13107796                   /mydata/gc-bpf-fault/shim/libgcbpf.so
7e95c9ee1000-7e95c9ee2000 rw-p 00000000 00:00 0 
7e95c9f12000-7e95c9f16000 r--p 00000000 fc:00 49676379                   /mydata/openjdk-mmtk/build/b0test/images/jdk/lib/libverify.so
7e95c9f16000-7e95c9f1d000 r-xp 00004000 fc:00 49676379                   /mydata/openjdk-mmtk/build/b0test/images/jdk/lib/libverify.so
7e95c9f1d000-7e95c9f1f000 r--p 0000b000 fc:00 49676379                   /mydata/openjdk-mmtk/build/b0test/images/jdk/lib/libverify.so
7e95c9f1f000-7e95c9f21000 r--p 0000c000 fc:00 49676379                   /mydata/openjdk-mmtk/build/b0test/images/jdk/lib/libverify.so
7e95c9f21000-7e95c9f22000 rw-p 0000e000 fc:00 49676379                   /mydata/openjdk-mmtk/build/b0test/images/jdk/lib/libverify.so
7e95c9f22000-7e95c9f25000 r--p 00000000 fc:00 49676376                   /mydata/openjdk-mmtk/build/b0test/images/jdk/lib/libnet.so
7e95c9f25000-7e95c9f2d000 r-xp 00003000 fc:00 49676376                   /mydata/openjdk-mmtk/build/b0test/images/jdk/lib/libnet.so
7e95c9f2d000-7e95c9f2f000 r--p 0000b000 fc:00 49676376                   /mydata/openjdk-mmtk/build/b0test/images/jdk/lib/libnet.so
7e95c9f2f000-7e95c9f30000 r--p 0000c000 fc:00 49676376                   /mydata/openjdk-mmtk/build/b0test/images/jdk/lib/libnet.so
7e95c9f30000-7e95c9f31000 rw-p 0000d000 fc:00 49676376                   /mydata/openjdk-mmtk/build/b0test/images/jdk/lib/libnet.so
7e95c9f31000-7e95c9f35000 r--p 00000000 08:03 1410107                    /usr/lib/x86_64-linux-gnu/libzstd.so.1.5.5
7e95c9f35000-7e95c9fdc000 r-xp 00004000 08:03 1410107                    /usr/lib/x86_64-linux-gnu/libzstd.so.1.5.5
7e95c9fdc000-7e95c9fe9000 r--p 000ab000 08:03 1410107                    /usr/lib/x86_64-linux-gnu/libzstd.so.1.5.5
7e95c9fe9000-7e95c9fea000 r--p 000b7000 08:03 1410107                    /usr/lib/x86_64-linux-gnu/libzstd.so.1.5.5
7e95c9fea000-7e95c9feb000 rw-p 000b8000 08:03 1410107                    /usr/lib/x86_64-linux-gnu/libzstd.so.1.5.5
7e95c9feb000-7e95c9fee000 r--p 00000000 08:03 1410420                    /usr/lib/x86_64-linux-gnu/libelf-0.190.so
7e95c9fee000-7e95ca004000 r-xp 00003000 08:03 1410420                    /usr/lib/x86_64-linux-gnu/libelf-0.190.so
7e95ca004000-7e95ca008000 r--p 00019000 08:03 1410420                    /usr/lib/x86_64-linux-gnu/libelf-0.190.so
7e95ca008000-7e95ca009000 r--p 0001c000 08:03 1410420                    /usr/lib/x86_64-linux-gnu/libelf-0.190.so
7e95ca009000-7e95ca00a000 rw-p 0001d000 08:03 1410420                    /usr/lib/x86_64-linux-gnu/libelf-0.190.so
7e95ca00a000-7e95ca00f000 rw-p 00000000 00:00 0 
7e95ca00f000-7e95ca0f3000 ---p 00000000 00:00 0 
7e95ca0f3000-7e95ca101000 rw-p 00000000 00:00 0 
7e95ca101000-7e95ca1dc000 ---p 00000000 00:00 0 
7e95ca1dc000-7e95ca1e9000 r--p 00000000 fc:00 49676369                   /mydata/openjdk-mmtk/build/b0test/images/jdk/lib/libjava.so
7e95ca1e9000-7e95ca1f8000 r-xp 0000d000 fc:00 49676369                   /mydata/openjdk-mmtk/build/b0test/images/jdk/lib/libjava.so
7e95ca1f8000-7e95ca1fd000 r--p 0001c000 fc:00 49676369                   /mydata/openjdk-mmtk/build/b0test/images/jdk/lib/libjava.so
7e95ca1fd000-7e95ca1fe000 r--p 00021000 fc:00 49676369                   /mydata/openjdk-mmtk/build/b0test/images/jdk/lib/libjava.so
7e95ca1fe000-7e95ca1ff000 rw-p 00022000 fc:00 49676369                   /mydata/openjdk-mmtk/build/b0test/images/jdk/lib/libjava.so
7e95ca1ff000-7e95ca200000 rw-p 00000000 00:00 0 
7e95ca200000-7e95ca348000 r--p 00000000 fc:00 49676390                   /mydata/openjdk-mmtk/build/b0test/images/jdk/lib/server/libmmtk_openjdk.so
7e95ca348000-7e95ca5c8000 r-xp 00147000 fc:00 49676390                   /mydata/openjdk-mmtk/build/b0test/images/jdk/lib/server/libmmtk_openjdk.so
7e95ca5c8000-7e95ca609000 r--p 003c6000 fc:00 49676390                   /mydata/openjdk-mmtk/build/b0test/images/jdk/lib/server/libmmtk_openjdk.so
7e95ca609000-7e95ca60b000 rw-p 00406000 fc:00 49676390                   /mydata/openjdk-mmtk/build/b0test/images/jdk/lib/server/libmmtk_openjdk.so
7e95ca60b000-7e95ca60e000 rw-p 00000000 00:00 0 
7e95ca617000-7e95ca61b000 ---p 00000000 00:00 0 
7e95ca61b000-7e95ca717000 rw-p 00000000 00:00 0 
7e95ca717000-7e95ca727000 r--p 00000000 08:03 1411099                    /usr/lib/x86_64-linux-gnu/libm.so.6
7e95ca727000-7e95ca7a6000 r-xp 00010000 08:03 1411099                    /usr/lib/x86_64-linux-gnu/libm.so.6
7e95ca7a6000-7e95ca7fe000 r--p 0008f000 08:03 1411099                    /usr/lib/x86_64-linux-gnu/libm.so.6
7e95ca7fe000-7e95ca7ff000 r--p 000e7000 08:03 1411099                    /usr/lib/x86_64-linux-gnu/libm.so.6
7e95ca7ff000-7e95ca800000 rw-p 000e8000 08:03 1411099                    /usr/lib/x86_64-linux-gnu/libm.so.6
7e95ca800000-7e95caaa9000 r--p 00000000 fc:00 49676389                   /mydata/openjdk-mmtk/build/b0test/images/jdk/lib/server/libjvm.so
7e95caaa9000-7e95cb93c000 r-xp 002a9000 fc:00 49676389                   /mydata/openjdk-mmtk/build/b0test/images/jdk/lib/server/libjvm.so
7e95cb93c000-7e95cbc20000 r--p 0113c000 fc:00 49676389                   /mydata/openjdk-mmtk/build/b0test/images/jdk/lib/server/libjvm.so
7e95cbc20000-7e95cbcf6000 r--p 0141f000 fc:00 49676389                   /mydata/openjdk-mmtk/build/b0test/images/jdk/lib/server/libjvm.so
7e95cbcf6000-7e95cbd26000 rw-p 014f5000 fc:00 49676389                   /mydata/openjdk-mmtk/build/b0test/images/jdk/lib/server/libjvm.so
7e95cbd26000-7e95cbd8c000 rw-p 00000000 00:00 0 
7e95cbd8e000-7e95cbd90000 r--p 00000000 fc:00 49676380                   /mydata/openjdk-mmtk/build/b0test/images/jdk/lib/libzip.so
7e95cbd90000-7e95cbd95000 r-xp 00002000 fc:00 49676380                   /mydata/openjdk-mmtk/build/b0test/images/jdk/lib/libzip.so
7e95cbd95000-7e95cbd97000 r--p 00007000 fc:00 49676380                   /mydata/openjdk-mmtk/build/b0test/images/jdk/lib/libzip.so
7e95cbd97000-7e95cbd98000 r--p 00008000 fc:00 49676380                   /mydata/openjdk-mmtk/build/b0test/images/jdk/lib/libzip.so
7e95cbd98000-7e95cbd99000 rw-p 00009000 fc:00 49676380                   /mydata/openjdk-mmtk/build/b0test/images/jdk/lib/libzip.so
7e95cbd99000-7e95cbda0000 r--p 00000000 fc:00 49676377                   /mydata/openjdk-mmtk/build/b0test/images/jdk/lib/libnio.so
7e95cbda0000-7e95cbda9000 r-xp 00007000 fc:00 49676377                   /mydata/openjdk-mmtk/build/b0test/images/jdk/lib/libnio.so
7e95cbda9000-7e95cbdad000 r--p 00010000 fc:00 49676377                   /mydata/openjdk-mmtk/build/b0test/images/jdk/lib/libnio.so
7e95cbdad000-7e95cbdae000 r--p 00014000 fc:00 49676377                   /mydata/openjdk-mmtk/build/b0test/images/jdk/lib/libnio.so
7e95cbdae000-7e95cbdaf000 rw-p 00015000 fc:00 49676377                   /mydata/openjdk-mmtk/build/b0test/images/jdk/lib/libnio.so
7e95cbdaf000-7e95cbdb3000 r--p 00000000 fc:00 49676370                   /mydata/openjdk-mmtk/build/b0test/images/jdk/lib/libjimage.so
7e95cbdb3000-7e95cbdca000 r-xp 00004000 fc:00 49676370                   /mydata/openjdk-mmtk/build/b0test/images/jdk/lib/libjimage.so
7e95cbdca000-7e95cbdcf000 r--p 0001b000 fc:00 49676370                   /mydata/openjdk-mmtk/build/b0test/images/jdk/lib/libjimage.so
7e95cbdcf000-7e95cbdd1000 r--p 00020000 fc:00 49676370                   /mydata/openjdk-mmtk/build/b0test/images/jdk/lib/libjimage.so
7e95cbdd1000-7e95cbdd2000 rw-p 00022000 fc:00 49676370                   /mydata/openjdk-mmtk/build/b0test/images/jdk/lib/libjimage.so
7e95cbdd2000-7e95cbdd6000 r--p 00000000 08:03 1410148                    /usr/lib/x86_64-linux-gnu/libgcc_s.so.1
7e95cbdd6000-7e95cbdfa000 r-xp 00004000 08:03 1410148                    /usr/lib/x86_64-linux-gnu/libgcc_s.so.1
7e95cbdfa000-7e95cbdfe000 r--p 00028000 08:03 1410148                    /usr/lib/x86_64-linux-gnu/libgcc_s.so.1
7e95cbdfe000-7e95cbdff000 r--p 0002b000 08:03 1410148                    /usr/lib/x86_64-linux-gnu/libgcc_s.so.1
7e95cbdff000-7e95cbe00000 rw-p 0002c000 08:03 1410148                    /usr/lib/x86_64-linux-gnu/libgcc_s.so.1
7e95cbe00000-7e95cbe28000 r--p 00000000 08:03 1410238                    /usr/lib/x86_64-linux-gnu/libc.so.6
7e95cbe28000-7e95cbfb0000 r-xp 00028000 08:03 1410238                    /usr/lib/x86_64-linux-gnu/libc.so.6
7e95cbfb0000-7e95cbfff000 r--p 001b0000 08:03 1410238                    /usr/lib/x86_64-linux-gnu/libc.so.6
7e95cbfff000-7e95cc003000 r--p 001fe000 08:03 1410238                    /usr/lib/x86_64-linux-gnu/libc.so.6
7e95cc003000-7e95cc005000 rw-p 00202000 08:03 1410238                    /usr/lib/x86_64-linux-gnu/libc.so.6
7e95cc005000-7e95cc012000 rw-p 00000000 00:00 0 
7e95cc013000-7e95cc01a000 r--s 00000000 08:03 1436340                    /usr/lib/x86_64-linux-gnu/gconv/gconv-modules.cache
7e95cc01a000-7e95cc022000 rw-p 00000000 00:00 0 
7e95cc022000-7e95cc02a000 ---p 00000000 00:00 0 
7e95cc02a000-7e95cc032000 rw-s 00000000 08:03 237600                     /tmp/hsperfdata_root/460269
7e95cc032000-7e95cc034000 rw-p 00000000 00:00 0 
7e95cc034000-7e95cc036000 r--p 00000000 08:03 1409104                    /usr/lib/x86_64-linux-gnu/libz.so.1.3
7e95cc036000-7e95cc048000 r-xp 00002000 08:03 1409104                    /usr/lib/x86_64-linux-gnu/libz.so.1.3
7e95cc048000-7e95cc04e000 r--p 00014000 08:03 1409104                    /usr/lib/x86_64-linux-gnu/libz.so.1.3
7e95cc04e000-7e95cc04f000 r--p 0001a000 08:03 1409104                    /usr/lib/x86_64-linux-gnu/libz.so.1.3
7e95cc04f000-7e95cc050000 rw-p 0001b000 08:03 1409104                    /usr/lib/x86_64-linux-gnu/libz.so.1.3
7e95cc055000-7e95cc056000 rw-s 00000000 00:10 68                         anon_inode:bpf-map
7e95cc056000-7e95cc057000 r--s 00000000 00:10 68                         anon_inode:bpf-map
7e95cc057000-7e95cc058000 ---p 00000000 00:00 0 
7e95cc058000-7e95cc059000 r--p 00000000 00:00 0 
7e95cc059000-7e95cc05a000 ---p 00000000 00:00 0 
7e95cc05a000-7e95cc05c000 r--p 00000000 fc:00 49676372                   /mydata/openjdk-mmtk/build/b0test/images/jdk/lib/libjli.so
7e95cc05c000-7e95cc066000 r-xp 00002000 fc:00 49676372                   /mydata/openjdk-mmtk/build/b0test/images/jdk/lib/libjli.so
7e95cc066000-7e95cc069000 r--p 0000c000 fc:00 49676372                   /mydata/openjdk-mmtk/build/b0test/images/jdk/lib/libjli.so
7e95cc069000-7e95cc06a000 r--p 0000f000 fc:00 49676372                   /mydata/openjdk-mmtk/build/b0test/images/jdk/lib/libjli.so
7e95cc06a000-7e95cc06b000 rw-p 00010000 fc:00 49676372                   /mydata/openjdk-mmtk/build/b0test/images/jdk/lib/libjli.so
7e95cc06b000-7e95cc06d000 rw-p 00000000 00:00 0 
7e95cc06d000-7e95cc071000 r--p 00000000 00:00 0                          [vvar]
7e95cc071000-7e95cc073000 r--p 00000000 00:00 0                          [vvar_vclock]
7e95cc073000-7e95cc075000 r-xp 00000000 00:00 0                          [vdso]
7e95cc075000-7e95cc076000 r--p 00000000 08:03 1409763                    /usr/lib/x86_64-linux-gnu/ld-linux-x86-64.so.2
7e95cc076000-7e95cc0a1000 r-xp 00001000 08:03 1409763                    /usr/lib/x86_64-linux-gnu/ld-linux-x86-64.so.2
7e95cc0a1000-7e95cc0ab000 r--p 0002c000 08:03 1409763                    /usr/lib/x86_64-linux-gnu/ld-linux-x86-64.so.2
7e95cc0ab000-7e95cc0ad000 r--p 00036000 08:03 1409763                    /usr/lib/x86_64-linux-gnu/ld-linux-x86-64.so.2
7e95cc0ad000-7e95cc0af000 rw-p 00038000 08:03 1409763                    /usr/lib/x86_64-linux-gnu/ld-linux-x86-64.so.2
7ffc950d3000-7ffc950f4000 rw-p 00000000 00:00 0                          [stack]
ffffffffff600000-ffffffffff601000 --xp 00000000 00:00 0                  [vsyscall]
Total number of mappings: 552

JVMTI agents: none


VM Arguments:
jvm_args: -XX:+UseThirdPartyHeap -Xms512m -Xmx512m 
java_command: /mydata/dacapo/dacapo-23.11/dacapo-23.11-MR2-chopin.jar xalan -n 3
java_class_path (initial): /mydata/dacapo/dacapo-23.11/dacapo-23.11-MR2-chopin.jar
Launcher Type: SUN_STANDARD

[Global flags]
     intx CICompilerCount                          = 15                                        {product} {ergonomic}
   size_t InitialHeapSize                          = 536870912                                 {product} {command line}
   size_t MaxHeapSize                              = 536870912                                 {product} {command line}
   size_t MinHeapDeltaBytes                        = 524288                                    {product} {ergonomic}
   size_t MinHeapSize                              = 536870912                                 {product} {command line}
    uintx NonNMethodCodeHeapSize                   = 8192380                                {pd product} {ergonomic}
    uintx NonProfiledCodeHeapSize                  = 121732930                              {pd product} {ergonomic}
    uintx ProfiledCodeHeapSize                     = 121732930                              {pd product} {ergonomic}
    uintx ReservedCodeCacheSize                    = 251658240                              {pd product} {ergonomic}
     bool SegmentedCodeCache                       = true                                      {product} {ergonomic}
   size_t SoftMaxHeapSize                          = 536870912                              {manageable} {ergonomic}
     bool UseCompressedOops                        = true                           {product lp64_product} {ergonomic}

Logging:
Log output configuration:
 #0: stdout all=warning uptime,level,tags foldmultilines=false
 #1: stderr all=off uptime,level,tags foldmultilines=false

Release file:
IMPLEMENTOR="N/A"
JAVA_RUNTIME_VERSION="21.0.9-internal-adhoc.talzuss.openjdk-mmtk"
JAVA_VERSION="21.0.9"
JAVA_VERSION_DATE="2025-10-21"
LIBC="gnu"
MODULES="java.base java.compiler java.datatransfer java.xml java.prefs java.desktop java.instrument java.logging java.management java.security.sasl java.naming java.rmi java.management.rmi java.net.http java.scripting java.security.jgss java.transaction.xa java.sql java.sql.rowset java.xml.crypto java.se java.smartcardio jdk.accessibility jdk.internal.jvmstat jdk.attach jdk.charsets jdk.internal.opt jdk.zipfs jdk.compiler jdk.crypto.ec jdk.crypto.cryptoki jdk.dynalink jdk.internal.ed jdk.editpad jdk.hotspot.agent jdk.httpserver jdk.incubator.vector jdk.internal.le jdk.internal.vm.ci jdk.internal.vm.compiler jdk.internal.vm.compiler.management jdk.jartool jdk.javadoc jdk.jcmd jdk.management jdk.management.agent jdk.jconsole jdk.jdeps jdk.jdwp.agent jdk.jdi jdk.jfr jdk.jlink jdk.jpackage jdk.jshell jdk.jsobject jdk.jstatd jdk.localedata jdk.management.jfr jdk.naming.dns jdk.naming.rmi jdk.net jdk.nio.mapmode jdk.random jdk.sctp jdk.security.auth jdk.security.jgss jdk.unsupported jdk.unsupported.desktop jdk.xml.dom"
OS_ARCH="x86_64"
OS_NAME="Linux"
SOURCE=".:git:b557520f04b3+"

Environment Variables:
PATH=/usr/local/sbin:/usr/local/bin:/usr/sbin:/usr/bin:/sbin:/bin:/snap/bin
SHELL=/bin/bash
LANG=en_US.UTF-8
TERM=tmux-256color

Active Locale:
LC_ALL=en_US.UTF-8
LC_COLLATE=en_US.UTF-8
LC_CTYPE=en_US.UTF-8
LC_MESSAGES=en_US.UTF-8
LC_MONETARY=en_US.UTF-8
LC_NUMERIC=en_US.UTF-8
LC_TIME=en_US.UTF-8

Signal Handlers:
   SIGSEGV: crash_handler in libjvm.so, mask=11100100010111111101111111111110, flags=SA_RESTART|SA_SIGINFO, unblocked
    SIGBUS: crash_handler in libjvm.so, mask=11100100010111111101111111111110, flags=SA_RESTART|SA_SIGINFO, unblocked
    SIGFPE: crash_handler in libjvm.so, mask=11100100010111111101111111111110, flags=SA_RESTART|SA_SIGINFO, unblocked
   SIGPIPE: javaSignalHandler in libjvm.so, mask=11100100010111111101111111111110, flags=SA_RESTART|SA_SIGINFO, blocked
   SIGXFSZ: javaSignalHandler in libjvm.so, mask=11100100010111111101111111111110, flags=SA_RESTART|SA_SIGINFO, blocked
    SIGILL: crash_handler in libjvm.so, mask=11100100010111111101111111111110, flags=SA_RESTART|SA_SIGINFO, unblocked
   SIGUSR2: SR_handler in libjvm.so, mask=00000000000000000000000000000000, flags=SA_RESTART|SA_SIGINFO, blocked
    SIGHUP: UserHandler in libjvm.so, mask=11100100010111111101111111111110, flags=SA_RESTART|SA_SIGINFO, blocked
    SIGINT: UserHandler in libjvm.so, mask=11100100010111111101111111111110, flags=SA_RESTART|SA_SIGINFO, blocked
   SIGTERM: UserHandler in libjvm.so, mask=11100100010111111101111111111110, flags=SA_RESTART|SA_SIGINFO, blocked
   SIGQUIT: UserHandler in libjvm.so, mask=11100100010111111101111111111110, flags=SA_RESTART|SA_SIGINFO, blocked
   SIGTRAP: crash_handler in libjvm.so, mask=11100100010111111101111111111110, flags=SA_RESTART|SA_SIGINFO, unblocked


Periodic native trim disabled

---------------  S Y S T E M  ---------------

OS:
DISTRIB_ID=Ubuntu
DISTRIB_RELEASE=24.04
DISTRIB_CODENAME=noble
DISTRIB_DESCRIPTION="Ubuntu 24.04.4 LTS"
uname: Linux 6.17.0-bpf-fault+ #1 SMP PREEMPT_DYNAMIC Mon Jul  6 16:43:12 MDT 2026 x86_64
OS uptime: 1 days 3:20 hours
libc: glibc 2.39 NPTL 2.39 
rlimit (soft/hard): STACK 8192k/infinity , CORE 0k/0k , NPROC 513205/513205 , NOFILE 1048576/1048576 , AS infinity/infinity , CPU infinity/infinity , DATA infinity/infinity , FSIZE infinity/infinity , MEMLOCK 16436528k/16436528k
load average: 1.20 1.64 1.42

/proc/meminfo:
MemTotal:       131492232 kB
MemFree:        64757244 kB
MemAvailable:   112040828 kB
Buffers:          570736 kB
Cached:         45970452 kB
SwapCached:            0 kB
Active:          4493636 kB
Inactive:       45717904 kB
Active(anon):    3687168 kB
Inactive(anon):        0 kB
Active(file):     806468 kB
Inactive(file): 45717904 kB
Unevictable:       41912 kB
Mlocked:           38840 kB
SwapTotal:       8388604 kB
SwapFree:        8388604 kB
Zswap:                 0 kB
Zswapped:              0 kB
Dirty:             19988 kB
Writeback:             0 kB
AnonPages:       3714004 kB
Mapped:         12904344 kB
Shmem:              5316 kB
KReclaimable:    2010896 kB
Slab:            2553480 kB
SReclaimable:    2010896 kB
SUnreclaim:       542584 kB
KernelStack:       12944 kB
PageTables:        72888 kB
SecPageTables:      9532 kB
NFS_Unstable:          0 kB
Bounce:                0 kB
WritebackTmp:          0 kB
CommitLimit:    74134720 kB
Committed_AS:   165166940 kB
VmallocTotal:   34359738367 kB
VmallocUsed:       38988 kB
VmallocChunk:          0 kB
Percpu:            51072 kB
HardwareCorrupted:     0 kB
AnonHugePages:         0 kB
ShmemHugePages:        0 kB
ShmemPmdMapped:        0 kB
FileHugePages:   2177024 kB
FilePmdMapped:         0 kB
Unaccepted:            0 kB
Balloon:               0 kB
HugePages_Total:       0
HugePages_Free:        0
HugePages_Rsvd:        0
HugePages_Surp:        0
Hugepagesize:       2048 kB
Hugetlb:               0 kB
DirectMap4k:     1164096 kB
DirectMap2M:    30928896 kB
DirectMap1G:    101711872 kB

/sys/kernel/mm/transparent_hugepage/enabled: always [madvise] never
/sys/kernel/mm/transparent_hugepage/hpage_pmd_size: 2097152
/sys/kernel/mm/transparent_hugepage/defrag (defrag/compaction efforts parameter): always defer defer+madvise [madvise] never

Process Memory:
Virtual Size: 13620362272K (peak: 13620362272K)
Resident Set Size: 4278464K (peak: 4278464K) (anon: 1105300K, file: 3173164K, shmem: 0K)
Swapped out: 0K
C-Heap outstanding allocations: 1414448K, retained: 45155K
glibc malloc tunables: (default)

/proc/sys/kernel/threads-max (system-wide limit on the number of threads): 1026411
/proc/sys/vm/max_map_count (maximum number of memory map areas a process may have): 1048576
/proc/sys/vm/swappiness (control to define how aggressively the kernel swaps out anonymous memory): 60
/proc/sys/kernel/pid_max (system-wide limit on number of process identifiers): 4194304

container information not found.
Steal ticks since vm start: 0
Steal ticks percentage since vm start:  0.000

CPU: total 32 (initial active 32) (32 cores per cpu, 2 threads per core) family 23 model 49 stepping 0 microcode 0x830107c, cx8, cmov, fxsr, ht, mmx, 3dnowpref, sse, sse2, sse3, ssse3, sse4a, sse4.1, sse4.2, popcnt, lzcnt, tsc, tscinvbit, avx, avx2, aes, clmul, bmi1, bmi2, adx, sha, fma, vzeroupper, clflush, clflushopt, rdtscp, rdpid, f16c
CPU Model and flags from /proc/cpuinfo:
model name	: AMD EPYC 7302P 16-Core Processor
flags		: fpu vme de pse tsc msr pae mce cx8 apic sep mtrr pge mca cmov pat pse36 clflush mmx fxsr sse sse2 ht syscall nx mmxext fxsr_opt pdpe1gb rdtscp lm constant_tsc rep_good nopl xtopology nonstop_tsc cpuid extd_apicid aperfmperf rapl pni pclmulqdq monitor ssse3 fma cx16 sse4_1 sse4_2 movbe popcnt aes xsave avx f16c rdrand lahf_lm cmp_legacy svm extapic cr8_legacy abm sse4a misalignsse 3dnowprefetch osvw ibs skinit wdt tce topoext perfctr_core perfctr_nb bpext perfctr_llc mwaitx cpb cat_l3 cdp_l3 hw_pstate ssbd mba ibrs ibpb stibp vmmcall fsgsbase bmi1 avx2 smep bmi2 cqm rdt_a rdseed adx smap clflushopt clwb sha_ni xsaveopt xsavec xgetbv1 xsaves cqm_llc cqm_occup_llc cqm_mbm_total cqm_mbm_local clzero irperf xsaveerptr rdpru wbnoinvd amd_ppin arat npt lbrv svm_lock nrip_save tsc_scale vmcb_clean flushbyasid decodeassists pausefilter pfthreshold avic v_vmsave_vmload vgif v_spec_ctrl umip rdpid overflow_recov succor smca sev sev_es

Online cpus: 0-31
Offline cpus: 
BIOS frequency limitation: <Not Available>
Frequency switch latency (ns): <Not Available>
Available cpu frequencies: <Not Available>
Current governor: <Not Available>
Core performance/turbo boost: <Not Available>

Memory: 4k page, physical 131492232k(112040828k free), swap 8388604k(8388604k free)
Page Sizes: 4k

vm_info: OpenJDK 64-Bit Server VM (21.0.9-internal-adhoc.talzuss.openjdk-mmtk) for linux-amd64 JRE (21.0.9-internal-adhoc.talzuss.openjdk-mmtk), built on 2026-07-06T23:13:08Z by "talzuss" with gcc 13.3.0
heap_info: MMTk OpenJDK 0.32.0 (f59b93a-dirty), using MMTk 0.32.0 (3ecdf08-dirty, BUILTIN_ENV_LOGGER, DEFAULT, EAGER_SWEEPING, VO_BIT)B

END.
