#
# A fatal error has been detected by the Java Runtime Environment:
#
#  SIGSEGV (0xb) at pc=0x00007d438f277017, pid=419136, tid=419155
#
# JRE version: OpenJDK Runtime Environment (21.0.9) (build 21.0.9-internal-adhoc.talzuss.openjdk-mmtk)
# Java VM: OpenJDK 64-Bit Server VM (21.0.9-internal-adhoc.talzuss.openjdk-mmtk, mixed mode, sharing, tiered, compressed oops, compressed class ptrs, third-party gc, linux-amd64)
# Problematic frame:
# C  [libmmtk_openjdk.so+0x277017]  mmtk::plan::tracing::SlotIterator$LT$VM$GT$::iterate_fields::hbed5683148b475e0+0x37
#
# No core dump will be written. Core dumps have been disabled. To enable core dumping, try "ulimit -c unlimited" before starting Java again
#
# If you would like to submit a bug report, please visit:
#   https://bugreport.java.com/bugreport/crash.jsp
#

---------------  S U M M A R Y ------------

Command Line: -XX:+UseThirdPartyHeap -Xms512m -Xmx512m /mydata/dacapo/dacapo-23.11/dacapo-23.11-MR2-chopin.jar xalan -n 3

Host: AMD EPYC 7302P 16-Core Processor, 32 cores, 125G, Ubuntu 24.04.4 LTS
Time: Tue Jul  7 18:12:11 2026 MDT elapsed time: 3.121883 seconds (0d 0h 0m 3s)

---------------  T H R E A D  ---------------

Current thread (0x00007d4388539b50):  NamedThread "MMTk Collector Thread" [id=419155, stack(0x00007d438cff6000,0x00007d438d0f6000) (1024K)]

Stack: [0x00007d438cff6000,0x00007d438d0f6000],  sp=0x00007d438d0f4840,  free space=1018k
Native frames: (J=compiled Java code, j=interpreted, Vv=VM code, C=native code)
C  [libmmtk_openjdk.so+0x277017]  mmtk::plan::tracing::SlotIterator$LT$VM$GT$::iterate_fields::hbed5683148b475e0+0x37

siginfo: si_signo: 11 (SIGSEGV), si_code: 1 (SEGV_MAPERR), si_addr: 0x00007d44ef07ba34

Registers:
RAX=0x0000000058000000, RBX=0x00007d438d0f4910, RCX=0x00007d438f07ba34, RDX=0x0000709653000000
RSP=0x00007d438d0f4840, RBP=0x0000000000000210, RSI=0x0000709653000001, RDI=0x00000000413a7ff8
R8 =0x00007096cd44ea3f, R9 =0xffffffffffffff20, R10=0x0000000000000007, R11=0xbb2fb6643453ed48
R12=0x0000000000000000, R13=0x00007d438d0f4910, R14=0x00000000413a7ff8, R15=0x00007d438f40d098
RIP=0x00007d438f277017, EFLAGS=0x0000000000010202, CSGSFS=0x002b000000000033, ERR=0x0000000000000004
  TRAPNO=0x000000000000000e

XMM[0]=0x0000000000000000 0x0000000000000000
XMM[1]=0x0000000000000000 0x0000709610000090
XMM[2]=0xff00000000000000 0x0000000000000000
XMM[3]=0x0000000000000000 0x0000000000000000
XMM[4]=0x0000000000000000 0x0000709610000090
XMM[5]=0x00000000403fd920 0x000000004036a750
XMM[6]=0x000000004010ac18 0x00000000403ffed0
XMM[7]=0x0000000040058130 0x0000000040067da0
XMM[8]=0x0000000040067ce0 0x000000004036a750
XMM[9]=0x0000000000000000 0x0000000000000000
XMM[10]=0x3f3f3f3f3f3f3f3f 0x3f3f3f3f3f3f3f3f
XMM[11]=0x9999999999999999 0x9999999999999999
XMM[12]=0x2020202020202020 0x2020202020202020
XMM[13]=0x0000000000000000 0x0000000000000000
XMM[14]=0x0000000000000000 0x0000000000000000
XMM[15]=0x0000000000000000 0x0000000000000000
  MXCSR=0x00001fa2


Register to memory mapping:

RAX=
[error occurred during error reporting (printing register info), id 0xe0000000, Internal Error (/mydata/mmtk-openjdk/openjdk/share/mmtkHeap.cpp:444)]
RBX=
[error occurred during error reporting (printing register info, attempt 2), id 0xe0000000, Internal Error (/mydata/mmtk-openjdk/openjdk/share/mmtkHeap.cpp:444)]
RCX=
[error occurred during error reporting (printing register info, attempt 3), id 0xe0000000, Internal Error (/mydata/mmtk-openjdk/openjdk/share/mmtkHeap.cpp:444)]
Top of Stack: (sp=0x00007d438d0f4840)
0x00007d438d0f4840:   0000000000000000 0000709610011bc0
0x00007d438d0f4850:   0000000000000400 0000000000000040
0x00007d438d0f4860:   0000000000275200 00007d438f2d9e8f
0x00007d438d0f4870:   0000000000000000 04007d438d0f4978
0x00007d438d0f4880:   00007d438d0f4978 00000000413a8fe8
0x00007d438d0f4890:   00007d438f3e6080 00007d438d0f4888
0x00007d438d0f48a0:   00007d438d0f487f 00007d438d0f4a08
0x00007d438d0f48b0:   0000000000000000 00007d438d0f4910
0x00007d438d0f48c0:   0000709610011bc0 00007d438f40d098
0x00007d438d0f48d0:   0000000000000210 00007d438f28c9a9
0x00007d438d0f48e0:   00007d43883dff80 00000000413a7ff8
0x00007d438d0f48f0:   0000000000000001 00007d438f2e8733
0x00007d438d0f4900:   0000000000000080 00007096100063e8
0x00007d438d0f4910:   00007d438f40d098 00007d438d0f4a58
0x00007d438d0f4920:   00007d438d0f4958 00007d438d0f4a20
0x00007d438d0f4930:   00007d438d0f4a50 00007d438d0f4977
0x00007d438d0f4940:   00007d438d0f49e8 00007d438d0f4a08
0x00007d438d0f4950:   000000004f85dc80 00002000013a8000
0x00007d438d0f4960:   00007095d8001c70 000070960c001eb0
0x00007d438d0f4970:   00007d438852ce80 0000000000000080
0x00007d438d0f4980:   0000709610011bc0 0000000000000042
0x00007d438d0f4990:   000000000000002f 00007d438d0f4a00
0x00007d438d0f49a0:   00007d4388058b10 000000000000000e
0x00007d438d0f49b0:   8000000000000000 8000000000000000
0x00007d438d0f49c0:   0000000000000004 0000000000000000
0x00007d438d0f49d0:   00007d438852ce80 8000000000000000
0x00007d438d0f49e0:   00007d438806d200 0000000000000800
0x00007d438d0f49f0:   0000709610005500 000000000000056c
0x00007d438d0f4a00:   0000709610008060 0000000000010000
0x00007d438d0f4a10:   0000709610012b50 000000000000f393
0x00007d438d0f4a20:   00000000413a8000 00007d438806cf00
0x00007d438d0f4a30:   00007d438852ce80 00007096080011e0 

Instructions: (pc=0x00007d438f277017)
0x00007d438f276f17:   75 f5 14 00 e9 ef fd ff ff 48 89 e0 48 89 44 24
0x00007d438f276f27:   38 48 8d 44 24 38 48 89 44 24 08 48 8d 3d 43 66
0x00007d438f276f37:   19 00 48 8d 0d f8 32 16 00 4c 8d 05 19 50 16 00
0x00007d438f276f47:   48 8d 54 24 08 31 f6 e8 3d f5 14 00 48 63 05 1e
0x00007d438f276f57:   66 19 00 4d 63 34 06 4d 85 f6 0f 85 db fd ff ff
0x00007d438f276f67:   e9 f9 fd ff ff 48 89 e0 48 89 44 24 38 48 8d 44
0x00007d438f276f77:   24 38 48 89 44 24 08 48 8d 3d d3 65 19 00 48 8d
0x00007d438f276f87:   0d d4 32 16 00 4c 8d 05 cd 4f 16 00 48 8d 54 24
0x00007d438f276f97:   08 31 f6 e8 f1 f4 14 00 e9 c3 fc ff ff 48 8d 05
0x00007d438f276fa7:   dd 32 16 00 48 89 44 24 08 48 c7 44 24 10 01 00
0x00007d438f276fb7:   00 00 48 c7 44 24 18 08 00 00 00 0f 57 c0 0f 11
0x00007d438f276fc7:   44 24 20 48 8d 35 c7 32 16 00 48 8d 7c 24 08 e8
0x00007d438f276fd7:   d5 e2 f1 ff cc cc cc cc cc 55 41 57 41 56 41 55
0x00007d438f276fe7:   41 54 53 48 83 ec 68 48 89 f3 49 89 fe 8b 47 08
0x00007d438f276ff7:   48 8b 15 1a 79 19 00 48 8b 0d 1b 79 19 00 48 d3
0x00007d438f277007:   e0 48 8d 34 10 8b 44 10 0c 48 8d 0d 1d 4a e0 ff
0x00007d438f277017:   48 63 04 81 48 01 c8 ff e0 48 63 86 28 01 00 00
0x00007d438f277027:   48 85 c0 0f 84 05 03 00 00 48 63 8e ac 00 00 00
0x00007d438f277037:   48 8d 0c ce 48 63 96 2c 01 00 00 48 8d 34 d1 4c
0x00007d438f277047:   8d 24 d1 49 81 c4 d8 01 00 00 4c 8d 2c c6 49 81
0x00007d438f277057:   c5 d8 01 00 00 eb 0f 66 90 49 83 c4 08 4d 39 ec
0x00007d438f277067:   0f 84 c8 02 00 00 41 8b 6c 24 04 48 85 ed 74 e9
0x00007d438f277077:   4d 63 3c 24 4d 01 f7 66 90 48 89 df 4c 89 fe e8
0x00007d438f277087:   e5 f0 01 00 49 83 c7 04 48 ff cd 75 ec eb ca 4d
0x00007d438f277097:   63 7e 0c 4d 85 ff 0f 84 92 02 00 00 49 83 c6 10
0x00007d438f2770a7:   49 c1 e7 02 0f 1f 44 00 00 48 89 df 4c 89 f6 e8
0x00007d438f2770b7:   b5 f0 01 00 49 83 c6 04 49 83 c7 fc 75 eb e9 6b
0x00007d438f2770c7:   02 00 00 48 63 86 28 01 00 00 48 85 c0 0f 84 5b
0x00007d438f2770d7:   02 00 00 48 63 8e ac 00 00 00 48 8d 0c ce 48 63
0x00007d438f2770e7:   96 2c 01 00 00 48 8d 34 d1 4c 8d 24 d1 49 81 c4
0x00007d438f2770f7:   d8 01 00 00 4c 8d 2c c6 49 81 c5 d8 01 00 00 eb
0x00007d438f277107:   15 0f 1f 84 00 00 00 00 00 49 83 c4 08 4d 39 ec 


Stack slot to memory mapping:

stack at sp + 0 slots: 0x0 is null
stack at sp + 1 slots: 
[error occurred during error reporting (inspecting top of stack), id 0xe0000000, Internal Error (/mydata/mmtk-openjdk/openjdk/share/mmtkHeap.cpp:444)]
stack at sp + 2 slots: 
[error occurred during error reporting (inspecting top of stack, attempt 2), id 0xe0000000, Internal Error (/mydata/mmtk-openjdk/openjdk/share/mmtkHeap.cpp:444)]
stack at sp + 3 slots: 
[error occurred during error reporting (inspecting top of stack, attempt 3), id 0xe0000000, Internal Error (/mydata/mmtk-openjdk/openjdk/share/mmtkHeap.cpp:444)]

---------------  P R O C E S S  ---------------

Threads class SMR info:
_java_thread_list=0x00007095cc0eb190, length=56, elements={
0x00007d438802b240, 0x00007d4388526f30, 0x00007d43885287c0, 0x00007d438852a2b0,
0x00007d4388548b00, 0x00007d438854a450, 0x00007d438854bd10, 0x00007d438854db50,
0x00007d4388557520, 0x00007095cc04dc90, 0x00007095c0001710, 0x00007d43885a6380,
0x00007d43885a9380, 0x00007095c000ea40, 0x00007095c00312c0, 0x00007095c00328f0,
0x00007095b001d350, 0x00007d43887ae1d0, 0x00007d43887b1430, 0x00007d43887b1e50,
0x00007d43887b2fd0, 0x00007d43887b4370, 0x00007d43887b5740, 0x00007d43887b6be0,
0x00007d43887b8150, 0x00007d43887b9520, 0x00007d43887ba9d0, 0x00007d43887bbf60,
0x00007d43887bd4f0, 0x00007d43887be9a0, 0x00007d43887bfe50, 0x00007d43887c11f0,
0x00007d43887c26a0, 0x00007d43887c3ee0, 0x00007d43887c54a0, 0x00007d43883e1860,
0x00007d43883e29a0, 0x00007d43883e3f80, 0x00007d43885d9340, 0x00007d43885da780,
0x00007d43885dbc20, 0x00007d43885dd4b0, 0x00007d43885ded40, 0x00007d43885e05d0,
0x00007d43885e1e60, 0x00007d43885cfc80, 0x00007d43885d1690, 0x00007d43885d2f20,
0x00007d43885d47b0, 0x00007095ac09c400, 0x00007095a80935b0, 0x00007095b4076c50,
0x00007095c40c9da0, 0x00007095c40cb500, 0x00007095b40a8be0, 0x00007095cc0e9cf0
}

Java Threads: ( => current thread )
  0x00007d438802b240 JavaThread "main"                              [_thread_blocked, id=419137, stack(0x00007d438f417000,0x00007d438f517000) (1024K)]
  0x00007d4388526f30 JavaThread "Reference Handler"          daemon [_thread_blocked, id=419142, stack(0x00007d438dd00000,0x00007d438de00000) (1024K)]
  0x00007d43885287c0 JavaThread "Finalizer"                  daemon [_thread_blocked, id=419143, stack(0x00007d438dc00000,0x00007d438dd00000) (1024K)]
  0x00007d438852a2b0 JavaThread "MMTk Finalizer Thread"      daemon [_thread_blocked, id=419144, stack(0x00007d438db00000,0x00007d438dc00000) (1024K)]
  0x00007d4388548b00 JavaThread "Signal Dispatcher"          daemon [_thread_blocked, id=419168, stack(0x00007d438c2e9000,0x00007d438c3e9000) (1024K)]
  0x00007d438854a450 JavaThread "Service Thread"             daemon [_thread_blocked, id=419169, stack(0x00007d438c1e9000,0x00007d438c2e9000) (1024K)]
  0x00007d438854bd10 JavaThread "Monitor Deflation Thread"   daemon [_thread_blocked, id=419170, stack(0x00007d438c0e9000,0x00007d438c1e9000) (1024K)]
  0x00007d438854db50 JavaThread "C2 CompilerThread0"         daemon [_thread_blocked, id=419171, stack(0x00007d43506ff000,0x00007d43507ff000) (1024K)]
  0x00007d4388557520 JavaThread "C1 CompilerThread0"         daemon [_thread_blocked, id=419172, stack(0x00007d43505ff000,0x00007d43506ff000) (1024K)]
  0x00007095cc04dc90 JavaThread "C1 CompilerThread1"         daemon [_thread_blocked, id=419173, stack(0x00007d43504ff000,0x00007d43505ff000) (1024K)]
  0x00007095c0001710 JavaThread "C1 CompilerThread2"         daemon [_thread_blocked, id=419174, stack(0x000070969c2fc000,0x000070969c3fc000) (1024K)]
  0x00007d43885a6380 JavaThread "Notification Thread"        daemon [_thread_blocked, id=419175, stack(0x0000709699100000,0x0000709699200000) (1024K)]
  0x00007d43885a9380 JavaThread "Common-Cleaner"             daemon [_thread_blocked, id=419176, stack(0x0000709699000000,0x0000709699100000) (1024K)]
  0x00007095c000ea40 JavaThread "C2 CompilerThread1"         daemon [_thread_blocked, id=419177, stack(0x0000709698f00000,0x0000709699000000) (1024K)]
  0x00007095c00312c0 JavaThread "C1 CompilerThread3"         daemon [_thread_blocked, id=419178, stack(0x0000709698e00000,0x0000709698f00000) (1024K)]
  0x00007095c00328f0 JavaThread "C1 CompilerThread4"         daemon [_thread_blocked, id=419179, stack(0x0000709698d00000,0x0000709698e00000) (1024K)]
  0x00007095b001d350 JavaThread "C2 CompilerThread2"         daemon [_thread_in_native, id=419180, stack(0x0000709698c00000,0x0000709698d00000) (1024K)]
  0x00007d43887ae1d0 JavaThread "Thread-0"                          [_thread_blocked, id=419181, stack(0x0000709698b00000,0x0000709698c00000) (1024K)]
  0x00007d43887b1430 JavaThread "Thread-1"                          [_thread_blocked, id=419182, stack(0x0000709698a00000,0x0000709698b00000) (1024K)]
  0x00007d43887b1e50 JavaThread "Thread-2"                          [_thread_blocked, id=419183, stack(0x0000709698900000,0x0000709698a00000) (1024K)]
  0x00007d43887b2fd0 JavaThread "Thread-3"                          [_thread_blocked, id=419184, stack(0x0000709698800000,0x0000709698900000) (1024K)]
  0x00007d43887b4370 JavaThread "Thread-4"                          [_thread_blocked, id=419185, stack(0x0000709698700000,0x0000709698800000) (1024K)]
  0x00007d43887b5740 JavaThread "Thread-5"                          [_thread_blocked, id=419186, stack(0x0000709698600000,0x0000709698700000) (1024K)]
  0x00007d43887b6be0 JavaThread "Thread-6"                          [_thread_blocked, id=419187, stack(0x0000709698500000,0x0000709698600000) (1024K)]
  0x00007d43887b8150 JavaThread "Thread-7"                          [_thread_blocked, id=419188, stack(0x0000709698400000,0x0000709698500000) (1024K)]
  0x00007d43887b9520 JavaThread "Thread-8"                          [_thread_blocked, id=419189, stack(0x0000709698300000,0x0000709698400000) (1024K)]
  0x00007d43887ba9d0 JavaThread "Thread-9"                          [_thread_blocked, id=419190, stack(0x0000709698200000,0x0000709698300000) (1024K)]
  0x00007d43887bbf60 JavaThread "Thread-10"                         [_thread_blocked, id=419191, stack(0x0000709698100000,0x0000709698200000) (1024K)]
  0x00007d43887bd4f0 JavaThread "Thread-11"                         [_thread_blocked, id=419192, stack(0x0000709698000000,0x0000709698100000) (1024K)]
  0x00007d43887be9a0 JavaThread "Thread-12"                         [_thread_blocked, id=419193, stack(0x0000709652f00000,0x0000709653000000) (1024K)]
  0x00007d43887bfe50 JavaThread "Thread-13"                         [_thread_blocked, id=419194, stack(0x0000709652e00000,0x0000709652f00000) (1024K)]
  0x00007d43887c11f0 JavaThread "Thread-14"                         [_thread_blocked, id=419195, stack(0x0000709652d00000,0x0000709652e00000) (1024K)]
  0x00007d43887c26a0 JavaThread "Thread-15"                         [_thread_blocked, id=419196, stack(0x0000709652c00000,0x0000709652d00000) (1024K)]
  0x00007d43887c3ee0 JavaThread "Thread-16"                         [_thread_blocked, id=419197, stack(0x0000709652b00000,0x0000709652c00000) (1024K)]
  0x00007d43887c54a0 JavaThread "Thread-17"                         [_thread_blocked, id=419198, stack(0x0000709652a00000,0x0000709652b00000) (1024K)]
  0x00007d43883e1860 JavaThread "Thread-18"                         [_thread_blocked, id=419199, stack(0x0000709652900000,0x0000709652a00000) (1024K)]
  0x00007d43883e29a0 JavaThread "Thread-19"                         [_thread_blocked, id=419200, stack(0x0000709652800000,0x0000709652900000) (1024K)]
  0x00007d43883e3f80 JavaThread "Thread-20"                         [_thread_blocked, id=419201, stack(0x0000709652700000,0x0000709652800000) (1024K)]
  0x00007d43885d9340 JavaThread "Thread-21"                         [_thread_blocked, id=419202, stack(0x0000709652600000,0x0000709652700000) (1024K)]
  0x00007d43885da780 JavaThread "Thread-22"                         [_thread_blocked, id=419203, stack(0x0000709652500000,0x0000709652600000) (1024K)]
  0x00007d43885dbc20 JavaThread "Thread-23"                         [_thread_blocked, id=419204, stack(0x0000709652400000,0x0000709652500000) (1024K)]
  0x00007d43885dd4b0 JavaThread "Thread-24"                         [_thread_blocked, id=419205, stack(0x0000709652300000,0x0000709652400000) (1024K)]
  0x00007d43885ded40 JavaThread "Thread-25"                         [_thread_blocked, id=419206, stack(0x0000709652200000,0x0000709652300000) (1024K)]
  0x00007d43885e05d0 JavaThread "Thread-26"                         [_thread_blocked, id=419207, stack(0x0000709652100000,0x0000709652200000) (1024K)]
  0x00007d43885e1e60 JavaThread "Thread-27"                         [_thread_blocked, id=419208, stack(0x0000709652000000,0x0000709652100000) (1024K)]
  0x00007d43885cfc80 JavaThread "Thread-28"                         [_thread_blocked, id=419209, stack(0x0000709651f00000,0x0000709652000000) (1024K)]
  0x00007d43885d1690 JavaThread "Thread-29"                         [_thread_blocked, id=419210, stack(0x0000709651e00000,0x0000709651f00000) (1024K)]
  0x00007d43885d2f20 JavaThread "Thread-30"                         [_thread_blocked, id=419211, stack(0x0000709651d00000,0x0000709651e00000) (1024K)]
  0x00007d43885d47b0 JavaThread "Thread-31"                         [_thread_blocked, id=419212, stack(0x0000709651c00000,0x0000709651d00000) (1024K)]
  0x00007095ac09c400 JavaThread "C2 CompilerThread3"         daemon [_thread_blocked, id=419213, stack(0x0000709651b00000,0x0000709651c00000) (1024K)]
  0x00007095a80935b0 JavaThread "C2 CompilerThread4"         daemon [_thread_blocked, id=419214, stack(0x0000709651a00000,0x0000709651b00000) (1024K)]
  0x00007095b4076c50 JavaThread "C2 CompilerThread5"         daemon [_thread_blocked, id=419215, stack(0x0000709651900000,0x0000709651a00000) (1024K)]
  0x00007095c40c9da0 JavaThread "C2 CompilerThread6"         daemon [_thread_blocked, id=419216, stack(0x0000709651800000,0x0000709651900000) (1024K)]
  0x00007095c40cb500 JavaThread "C2 CompilerThread7"         daemon [_thread_in_native, id=419217, stack(0x0000709651700000,0x0000709651800000) (1024K)]
  0x00007095b40a8be0 JavaThread "C2 CompilerThread8"         daemon [_thread_blocked, id=419218, stack(0x0000709651600000,0x0000709651700000) (1024K)]
  0x00007095cc0e9cf0 JavaThread "C2 CompilerThread9"         daemon [_thread_blocked, id=419219, stack(0x0000709651500000,0x0000709651600000) (1024K)]
Total: 56

Other Threads:
  0x00007d438851ba80 VMThread "VM Thread"                           [id=419141, stack(0x00007d438e0fd000,0x00007d438e1fd000) (1024K)]
  0x00007d43885096d0 WatcherThread "VM Periodic Task Thread"        [id=419140, stack(0x00007d438e1fe000,0x00007d438e2fe000) (1024K)]

=>0x00007d4388539b50 (exited) NamedThread "MMTk Collector Thread"   [id=419155, stack(0x00007d438cff6000,0x00007d438d0f6000) (1024K)]
Total: 3

Threads with active compile tasks:
C2 CompilerThread0  3124 2889       4       org.apache.xpath.operations.Variable::execute (7 bytes)
C2 CompilerThread1  3124 2969 % !   4       org.apache.xerces.impl.XMLDocumentFragmentScannerImpl$FragmentContentDispatcher::dispatch @ 145 (1118 bytes)
C2 CompilerThread2  3124 2913       4       org.apache.xerces.impl.XMLScanner::scanAttributeValue (995 bytes)
C2 CompilerThread3  3124 2891       4       org.apache.xpath.VariableStack::getLocalVariable (79 bytes)
C2 CompilerThread4  3124 2980       4       org.apache.xalan.templates.ElemChoose::execute (259 bytes)
C2 CompilerThread5  3124 2857       4       org.apache.xalan.templates.ElemNumber::getCountMatchPattern (318 bytes)
C2 CompilerThread6  3124 2712       4       org.apache.xerces.impl.XMLNSDocumentScannerImpl::scanStartElement (866 bytes)
C2 CompilerThread7  3124 2297   !   4       org.apache.xalan.templates.ElemApplyTemplates::transformSelectedNodes (979 bytes)
C2 CompilerThread8  3124 2885       4       org.apache.xalan.transformer.Counter::getPreviouslyCounted (91 bytes)
C2 CompilerThread9  3124 2976       4       org.apache.xalan.transformer.CountersTable::countNode (300 bytes)
Total: 10

VM state: at safepoint (normal execution)

VM Mutex/Monitor currently owned by a thread:  ([mutex/lock_event])
[0x00007d4390b580d0] Threads_lock - owner thread: 0x00007d438851ba80
[0x00007d4390b57fd0] Heap_lock - owner thread: 0x00007d43883e4ec0

Heap address: 0x0000000040000000, size: 3072 MB, Compressed Oops mode: 32-bit

CDS archive(s) mapped at: [0x0000709653000000-0x0000709653ca3000-0x0000709653ca3000), size 13250560, SharedBaseAddress: 0x0000709653000000, ArchiveRelocationMode: 1.
Compressed class space mapped at: 0x0000709654000000-0x0000709694000000, reserved size: 1073741824
Narrow klass base: 0x0000709653000000, Narrow klass shift: 0, Narrow klass range: 0x100000000

GC Precious Log:
<Empty>

Heap:

[error occurred during error reporting (printing heap information), id 0xe0000000, Internal Error (/mydata/mmtk-openjdk/openjdk/share/mmtkHeap.cpp:424)]
Metaspace:

Usage:
  Non-class:      6.98 MB used.
      Class:    963.94 KB used.
       Both:      7.93 MB used.

Virtual space:
  Non-class space:       64.00 MB reserved,       7.06 MB ( 11%) committed,  1 nodes.
      Class space:        1.00 GB reserved,       1.06 MB ( <1%) committed,  1 nodes.
             Both:        1.06 GB reserved,       8.12 MB ( <1%) committed. 

Chunk freelists:
   Non-Class:  7.38 MB
       Class:  14.99 MB
        Both:  22.38 MB

MaxMetaspaceSize: unlimited
CompressedClassSpaceSize: 1.00 GB
Initial GC threshold: 21.00 MB
Current GC threshold: 21.00 MB
CDS: on
 - commit_granule_bytes: 65536.
 - commit_granule_words: 8192.
 - virtual_space_node_default_size: 8388608.
 - enlarge_chunks_in_place: 1.
 - use_allocation_guard: 0.


Internal statistics:

num_allocs_failed_limit: 0.
num_arena_births: 118.
num_arena_deaths: 0.
num_vsnodes_births: 2.
num_vsnodes_deaths: 0.
num_space_committed: 130.
num_space_uncommitted: 0.
num_chunks_returned_to_freelist: 0.
num_chunks_taken_from_freelist: 360.
num_chunk_merges: 0.
num_chunk_splits: 254.
num_chunks_enlarged: 204.
num_inconsistent_stats: 0.

CodeHeap 'non-profiled nmethods': size=118880Kb used=1693Kb max_used=1693Kb free=117186Kb
 bounds [0x00007d43783e8000, 0x00007d4378658000, 0x00007d437f800000]
CodeHeap 'profiled nmethods': size=118876Kb used=6481Kb max_used=6481Kb free=112394Kb
 bounds [0x00007d4370800000, 0x00007d4370e60000, 0x00007d4377c17000]
CodeHeap 'non-nmethods': size=8004Kb used=3477Kb max_used=3537Kb free=4526Kb
 bounds [0x00007d4377c17000, 0x00007d4377f97000, 0x00007d43783e8000]
CodeCache: size=245760Kb, used=11651Kb, max_used=11711Kb, free=234106Kb
 total_blobs=3432, nmethods=2948, adapters=381, full_count=0
Compilation: enabled, stopped_count=0, restarted_count=0

Compilation events (20 events):
Event: 3.091 Thread 0x00007095a80935b0 2980       4       org.apache.xalan.templates.ElemChoose::execute (259 bytes)
Event: 3.110 Thread 0x00007095b40a8be0 nmethod 2871 0x00007d437857e410 code [0x00007d437857e5c0, 0x00007d437857e860]
Event: 3.110 Thread 0x00007095b40a8be0 2977       4       org.apache.xerces.impl.XMLEntityScanner::reset (21 bytes)
Event: 3.110 Thread 0x00007095b40a8be0 nmethod 2977 0x00007d437857e990 code [0x00007d437857eb00, 0x00007d437857eba0]
Event: 3.110 Thread 0x00007095b40a8be0 2884       4       org.apache.xpath.operations.Variable::execute (112 bytes)
Event: 3.112 Thread 0x00007d4388557520 2981       3       org.apache.xerces.impl.XMLEntityManager$CharacterBufferPool::returnToPool (73 bytes)
Event: 3.112 Thread 0x00007d4388557520 nmethod 2981 0x00007d4370e53d90 code [0x00007d4370e53f60, 0x00007d4370e54400]
Event: 3.113 Thread 0x00007d438854db50 nmethod 2825 0x00007d437857ec90 code [0x00007d437857ef80, 0x00007d43785808e8]
Event: 3.113 Thread 0x00007d438854db50 2865       4       org.apache.xpath.Expression::execute (6 bytes)
Event: 3.113 Thread 0x00007d438854db50 nmethod 2865 0x00007d4378581a10 code [0x00007d4378581ba0, 0x00007d4378581c50]
Event: 3.113 Thread 0x00007d438854db50 2889       4       org.apache.xpath.operations.Variable::execute (7 bytes)
Event: 3.114 Thread 0x00007095ac09c400 nmethod 2794 0x00007d4378581d10 code [0x00007d4378582040, 0x00007d4378584158]
Event: 3.115 Thread 0x00007095ac09c400 2890   !   4       org.apache.xpath.objects.XNodeSet::getFresh (30 bytes)
Event: 3.116 Thread 0x00007095b40a8be0 nmethod 2884 0x00007d4378585410 code [0x00007d4378585600, 0x00007d4378585af8]
Event: 3.116 Thread 0x00007095b40a8be0 2366       4       org.apache.xpath.objects.XString::xstr (2 bytes)
Event: 3.116 Thread 0x00007095ac09c400 nmethod 2890 0x00007d4378585f90 code [0x00007d4378586120, 0x00007d4378586318]
Event: 3.116 Thread 0x00007095ac09c400 2891       4       org.apache.xpath.VariableStack::getLocalVariable (79 bytes)
Event: 3.116 Thread 0x00007095b40a8be0 nmethod 2366 0x00007d4378586490 code [0x00007d4378586600, 0x00007d4378586688]
Event: 3.116 Thread 0x00007095b40a8be0 2885       4       org.apache.xalan.transformer.Counter::getPreviouslyCounted (91 bytes)
Event: 3.118 Thread 0x00007095c40c9da0 nmethod 2712 0x00007d4378586790 code [0x00007d4378587120, 0x00007d437858c288]

GC Heap History (0 events):
No events

Dll operation events (7 events):
Event: 0.001 Loaded shared library /mydata/openjdk-mmtk/build/b0test/images/jdk/lib/libjava.so
Event: 2.209 Loaded shared library /mydata/openjdk-mmtk/build/b0test/images/jdk/lib/libjsvml.so
Event: 2.222 Loaded shared library /mydata/openjdk-mmtk/build/b0test/images/jdk/lib/libnio.so
Event: 2.225 Loaded shared library /mydata/openjdk-mmtk/build/b0test/images/jdk/lib/libzip.so
Event: 2.239 Loaded shared library /mydata/openjdk-mmtk/build/b0test/images/jdk/lib/libjimage.so
Event: 2.265 Loaded shared library /mydata/openjdk-mmtk/build/b0test/images/jdk/lib/libnet.so
Event: 2.362 Loaded shared library /mydata/openjdk-mmtk/build/b0test/images/jdk/lib/libverify.so

Deoptimization events (20 events):
Event: 3.052 Thread 0x00007d43887bbf60 Uncommon trap: reason=loop_limit_check action=maybe_recompile pc=0x00007d43785521b4 method=org.apache.xalan.templates.ElemLiteralResult.execute(Lorg/apache/xalan/transformer/TransformerImpl;)V @ 110 c2
Event: 3.054 Thread 0x00007d43887bbf60 DEOPT PACKING pc=0x00007d43785521b4 sp=0x00007096981fcdd0
Event: 3.054 Thread 0x00007d43887bbf60 DEOPT UNPACKING pc=0x00007d4377c6a399 sp=0x00007096981fcdc0 mode 2
Event: 3.055 Thread 0x00007d43887bd4f0 DEOPT UNPACKING pc=0x00007d4377c6a399 sp=0x00007096980fd8c0 mode 2
Event: 3.055 Thread 0x00007d43885e05d0 Uncommon trap: reason=loop_limit_check action=maybe_recompile pc=0x00007d43785521b4 method=org.apache.xalan.templates.ElemLiteralResult.execute(Lorg/apache/xalan/transformer/TransformerImpl;)V @ 110 c2
Event: 3.055 Thread 0x00007d43885e05d0 DEOPT PACKING pc=0x00007d43785521b4 sp=0x00007096521fd300
Event: 3.055 Thread 0x00007d43885e05d0 DEOPT UNPACKING pc=0x00007d4377c6a399 sp=0x00007096521fd2f0 mode 2
Event: 3.056 Thread 0x00007d43887ae1d0 Uncommon trap: reason=loop_limit_check action=maybe_recompile pc=0x00007d43785521b4 method=org.apache.xalan.templates.ElemLiteralResult.execute(Lorg/apache/xalan/transformer/TransformerImpl;)V @ 110 c2
Event: 3.056 Thread 0x00007d43887ae1d0 DEOPT PACKING pc=0x00007d43785521b4 sp=0x0000709698bfcdd0
Event: 3.056 Thread 0x00007d43887ae1d0 DEOPT UNPACKING pc=0x00007d4377c6a399 sp=0x0000709698bfcdc0 mode 2
Event: 3.061 Thread 0x00007d43885cfc80 DEOPT PACKING pc=0x00007d4370ccacbd sp=0x0000709651ffe0a0
Event: 3.061 Thread 0x00007d43885cfc80 DEOPT UNPACKING pc=0x00007d4377c6ab2f sp=0x0000709651ffd598 mode 0
Event: 3.077 Thread 0x00007d43885e05d0 DEOPT PACKING pc=0x00007d4370d122b9 sp=0x00007096521fd690
Event: 3.077 Thread 0x00007d43885e05d0 DEOPT UNPACKING pc=0x00007d4377c6ab2f sp=0x00007096521fcad8 mode 0
Event: 3.083 Thread 0x00007d43885ded40 DEOPT PACKING pc=0x00007d4370d437dc sp=0x00007096522fe390
Event: 3.083 Thread 0x00007d43885ded40 DEOPT UNPACKING pc=0x00007d4377c6ab2f sp=0x00007096522fd8e8 mode 0
Event: 3.088 Thread 0x00007d43887b5740 DEOPT PACKING pc=0x00007d4370d437dc sp=0x00007096986fe2f0
Event: 3.088 Thread 0x00007d43887b5740 DEOPT UNPACKING pc=0x00007d4377c6ab2f sp=0x00007096986fd848 mode 0
Event: 3.111 Thread 0x00007d43887be9a0 DEOPT PACKING pc=0x00007d4370d437dc sp=0x0000709652ffe2f0
Event: 3.111 Thread 0x00007d43887be9a0 DEOPT UNPACKING pc=0x00007d4377c6ab2f sp=0x0000709652ffd848 mode 0

Classes loaded (20 events):
Event: 2.622 Loading class java/util/ResourceBundle$KeyElementReference
Event: 2.622 Loading class java/util/ResourceBundle$CacheKeyReference
Event: 2.622 Loading class java/util/ResourceBundle$CacheKeyReference done
Event: 2.622 Loading class java/util/ResourceBundle$KeyElementReference done
Event: 2.622 Loading class java/util/ResourceBundle$Control$2
Event: 2.622 Loading class java/util/ResourceBundle$Control$2 done
Event: 2.623 Loading class sun/util/PropertyResourceBundleCharset
Event: 2.623 Loading class sun/util/PropertyResourceBundleCharset done
Event: 2.623 Loading class sun/util/PropertyResourceBundleCharset$PropertiesFileDecoder
Event: 2.624 Loading class sun/util/PropertyResourceBundleCharset$PropertiesFileDecoder done
Event: 2.625 Loading class java/util/ResourceBundle$BundleReference
Event: 2.625 Loading class java/util/ResourceBundle$BundleReference done
Event: 2.626 Loading class sun/util/ResourceBundleEnumeration
Event: 2.626 Loading class sun/util/ResourceBundleEnumeration done
Event: 2.642 Loading class sun/nio/cs/ISO_8859_1$Encoder
Event: 2.642 Loading class sun/nio/cs/ISO_8859_1$Encoder done
Event: 2.673 Loading class java/util/ResourceBundle$Control$1
Event: 2.673 Loading class java/util/ResourceBundle$Control$1 done
Event: 2.694 Loading class java/lang/foreign/MemorySegment
Event: 2.695 Loading class java/lang/foreign/MemorySegment done

Classes unloaded (0 events):
No events

Classes redefined (0 events):
No events

Internal exceptions (13 events):
Event: 2.232 Thread 0x00007d438802b240 Exception <a 'java/lang/NoSuchMethodError'{0x000000004033c090}: 'java.lang.Object java.lang.invoke.DirectMethodHandle$Holder.newInvokeSpecial(java.lang.Object, int, java.lang.Object)'> (0x000000004033c090) 
thrown [src/hotspot/share/interpreter/linkResolver.cpp, line 772]
Event: 2.241 Thread 0x00007d438802b240 Exception <a 'java/lang/NoSuchMethodError'{0x00000000402f9e28}: 'void java.lang.invoke.DirectMethodHandle$Holder.invokeStatic(java.lang.Object, java.lang.Object)'> (0x00000000402f9e28) 
thrown [src/hotspot/share/interpreter/linkResolver.cpp, line 772]
Event: 2.242 Thread 0x00007d438802b240 Exception <a 'java/lang/NoSuchMethodError'{0x00000000402fd820}: 'void java.lang.invoke.DirectMethodHandle$Holder.invokeSpecial(java.lang.Object, java.lang.Object, java.lang.Object)'> (0x00000000402fd820) 
thrown [src/hotspot/share/interpreter/linkResolver.cpp, line 772]
Event: 2.284 Thread 0x00007d438802b240 Exception <a 'java/lang/NoSuchMethodError'{0x00000000401b5c58}: 'void java.lang.invoke.DirectMethodHandle$Holder.invokeVirtual(java.lang.Object, java.lang.Object)'> (0x00000000401b5c58) 
thrown [src/hotspot/share/interpreter/linkResolver.cpp, line 772]
Event: 2.289 Thread 0x00007d438802b240 Exception <a 'java/io/FileNotFoundException'{0x000000004018f600}> (0x000000004018f600) 
thrown [src/hotspot/share/prims/jni.cpp, line 520]
Event: 2.300 Thread 0x00007d438802b240 Exception <a 'java/lang/NoSuchMethodError'{0x000000004012fb60}: 'java.lang.Object java.lang.invoke.Invokers$Holder.invokeExact_MT(java.lang.Object, java.lang.Object, java.lang.Object, java.lang.Object, java.lang.Object)'> (0x000000004012fb60) 
thrown [src/hotspot/share/interpreter/linkResolver.cpp, line 772]
Event: 2.482 Thread 0x00007d438802b240 Exception <a 'java/lang/NoSuchMethodError'{0x0000000040ec2eb0}: 'void java.lang.invoke.DirectMethodHandle$Holder.invokeVirtual(java.lang.Object, java.lang.Object, int)'> (0x0000000040ec2eb0) 
thrown [src/hotspot/share/interpreter/linkResolver.cpp, line 772]
Event: 2.482 Thread 0x00007d438802b240 Exception <a 'java/lang/NoSuchMethodError'{0x0000000040ec75d8}: 'int java.lang.invoke.DirectMethodHandle$Holder.invokeSpecial(java.lang.Object, java.lang.Object, java.lang.Object, int)'> (0x0000000040ec75d8) 
thrown [src/hotspot/share/interpreter/linkResolver.cpp, line 772]
Event: 2.484 Thread 0x00007d438802b240 Exception <a 'java/lang/NoSuchMethodError'{0x0000000040ea0930}: 'java.lang.Object java.lang.invoke.DirectMethodHandle$Holder.invokeStatic(java.lang.Object, java.lang.Object, java.lang.Object, java.lang.Object, int)'> (0x0000000040ea0930) 
thrown [src/hotspot/share/interpreter/linkResolver.cpp, line 772]
Event: 2.485 Thread 0x00007d438802b240 Exception <a 'java/lang/NoSuchMethodError'{0x0000000040e9bb30}: 'void java.lang.invoke.DelegatingMethodHandle$Holder.reinvoke_L(java.lang.Object, java.lang.Object, int)'> (0x0000000040e9bb30) 
thrown [src/hotspot/share/interpreter/linkResolver.cpp, line 772]
Event: 2.485 Thread 0x00007d438802b240 Exception <a 'java/lang/NoSuchMethodError'{0x0000000040e928a0}: 'int java.lang.invoke.DirectMethodHandle$Holder.invokeSpecial(java.lang.Object, java.lang.Object, java.lang.Object)'> (0x0000000040e928a0) 
thrown [src/hotspot/share/interpreter/linkResolver.cpp, line 772]
Event: 2.554 Thread 0x00007d438802b240 Exception <a 'java/lang/NoSuchMethodError'{0x00000000413c19f0}: 'void java.lang.invoke.DelegatingMethodHandle$Holder.reinvoke_L(java.lang.Object, java.lang.Object, int, int)'> (0x00000000413c19f0) 
thrown [src/hotspot/share/interpreter/linkResolver.cpp, line 772]
Event: 2.620 Thread 0x00007d43887b8150 Exception <a 'java/lang/NoSuchMethodError'{0x0000000040d6a538}: 'java.lang.Object java.lang.invoke.DirectMethodHandle$Holder.invokeInterface(java.lang.Object, java.lang.Object)'> (0x0000000040d6a538) 
thrown [src/hotspot/share/interpreter/linkResolver.cpp, line 772]

ZGC Phase Switch (0 events):
No events

VM Operations (20 events):
Event: 2.728 Executing VM operation: ICBufferFull done
Event: 2.732 Executing VM operation: ICBufferFull
Event: 2.733 Executing VM operation: ICBufferFull done
Event: 2.742 Executing VM operation: ICBufferFull
Event: 2.742 Executing VM operation: ICBufferFull done
Event: 2.746 Executing VM operation: ICBufferFull
Event: 2.747 Executing VM operation: ICBufferFull done
Event: 2.747 Executing VM operation: ICBufferFull
Event: 2.748 Executing VM operation: ICBufferFull done
Event: 2.966 Executing VM operation: ICBufferFull
Event: 2.966 Executing VM operation: ICBufferFull done
Event: 2.971 Executing VM operation: ICBufferFull
Event: 2.971 Executing VM operation: ICBufferFull done
Event: 2.971 Executing VM operation: ICBufferFull
Event: 2.971 Executing VM operation: ICBufferFull done
Event: 2.975 Executing VM operation: ICBufferFull
Event: 2.975 Executing VM operation: ICBufferFull done
Event: 3.091 Executing VM operation: ThirdPartyHeapOperation
Event: 3.110 Executing VM operation: ThirdPartyHeapOperation done
Event: 3.118 Executing VM operation: ThirdPartyHeapOperation

Memory protections (20 events):
Event: 2.588 Protecting memory [0x0000709652800000,0x0000709652804000] with protection modes 0
Event: 2.588 Protecting memory [0x0000709652700000,0x0000709652704000] with protection modes 0
Event: 2.588 Protecting memory [0x0000709652600000,0x0000709652604000] with protection modes 0
Event: 2.588 Protecting memory [0x0000709652500000,0x0000709652504000] with protection modes 0
Event: 2.588 Protecting memory [0x0000709652400000,0x0000709652404000] with protection modes 0
Event: 2.589 Protecting memory [0x0000709652300000,0x0000709652304000] with protection modes 0
Event: 2.589 Protecting memory [0x0000709652200000,0x0000709652204000] with protection modes 0
Event: 2.589 Protecting memory [0x0000709652100000,0x0000709652104000] with protection modes 0
Event: 2.589 Protecting memory [0x0000709652000000,0x0000709652004000] with protection modes 0
Event: 2.589 Protecting memory [0x0000709651f00000,0x0000709651f04000] with protection modes 0
Event: 2.589 Protecting memory [0x0000709651e00000,0x0000709651e04000] with protection modes 0
Event: 2.589 Protecting memory [0x0000709651d00000,0x0000709651d04000] with protection modes 0
Event: 2.589 Protecting memory [0x0000709651c00000,0x0000709651c04000] with protection modes 0
Event: 2.635 Protecting memory [0x0000709651b00000,0x0000709651b04000] with protection modes 0
Event: 2.638 Protecting memory [0x0000709651a00000,0x0000709651a04000] with protection modes 0
Event: 2.691 Protecting memory [0x0000709651900000,0x0000709651904000] with protection modes 0
Event: 2.695 Protecting memory [0x0000709651800000,0x0000709651804000] with protection modes 0
Event: 2.696 Protecting memory [0x0000709651600000,0x0000709651604000] with protection modes 0
Event: 2.697 Protecting memory [0x0000709651700000,0x0000709651704000] with protection modes 0
Event: 2.704 Protecting memory [0x0000709651500000,0x0000709651504000] with protection modes 0

Nmethod flushes (0 events):
No events

Events (20 events):
Event: 2.588 Thread 0x00007d438802b240 Thread added: 0x00007d43883e29a0
Event: 2.588 Thread 0x00007d438802b240 Thread added: 0x00007d43883e3f80
Event: 2.588 Thread 0x00007d438802b240 Thread added: 0x00007d43885d9340
Event: 2.588 Thread 0x00007d438802b240 Thread added: 0x00007d43885da780
Event: 2.588 Thread 0x00007d438802b240 Thread added: 0x00007d43885dbc20
Event: 2.589 Thread 0x00007d438802b240 Thread added: 0x00007d43885dd4b0
Event: 2.589 Thread 0x00007d438802b240 Thread added: 0x00007d43885ded40
Event: 2.589 Thread 0x00007d438802b240 Thread added: 0x00007d43885e05d0
Event: 2.589 Thread 0x00007d438802b240 Thread added: 0x00007d43885e1e60
Event: 2.589 Thread 0x00007d438802b240 Thread added: 0x00007d43885cfc80
Event: 2.589 Thread 0x00007d438802b240 Thread added: 0x00007d43885d1690
Event: 2.589 Thread 0x00007d438802b240 Thread added: 0x00007d43885d2f20
Event: 2.589 Thread 0x00007d438802b240 Thread added: 0x00007d43885d47b0
Event: 2.635 Thread 0x00007095b001d350 Thread added: 0x00007095ac09c400
Event: 2.638 Thread 0x00007095c00328f0 Thread added: 0x00007095a80935b0
Event: 2.690 Thread 0x00007095c00312c0 Thread added: 0x00007095b4076c50
Event: 2.695 Thread 0x00007095c0001710 Thread added: 0x00007095c40c9da0
Event: 2.695 Thread 0x00007095c0001710 Thread added: 0x00007095c40cb500
Event: 2.696 Thread 0x00007095c00312c0 Thread added: 0x00007095b40a8be0
Event: 2.704 Thread 0x00007d4388557520 Thread added: 0x00007095cc0e9cf0


Dynamic libraries:
40000000-40400000 rw-p 00000000 00:00 0                                  [anon:mmtk:space:immix]
40400000-40800000 rw-p 00000000 00:00 0                                  [anon:mmtk:space:los]
40800000-41400000 rw-p 00000000 00:00 0                                  [anon:mmtk:space:immix]
41400000-41800000 rw-p 00000000 00:00 0                                  [anon:mmtk:space:los]
41800000-41c00000 rw-p 00000000 00:00 0                                  [anon:mmtk:space:immix]
41c00000-42000000 rw-p 00000000 00:00 0                                  [anon:mmtk:space:los]
42000000-42800000 rw-p 00000000 00:00 0                                  [anon:mmtk:space:immix]
42800000-42c00000 rw-p 00000000 00:00 0                                  [anon:mmtk:space:los]
42c00000-43000000 rw-p 00000000 00:00 0                                  [anon:mmtk:space:immix]
43000000-43400000 rw-p 00000000 00:00 0                                  [anon:mmtk:space:los]
43400000-43800000 rw-p 00000000 00:00 0                                  [anon:mmtk:space:immix]
43800000-43c00000 rw-p 00000000 00:00 0                                  [anon:mmtk:space:los]
43c00000-44800000 rw-p 00000000 00:00 0                                  [anon:mmtk:space:immix]
44800000-44c00000 rw-p 00000000 00:00 0                                  [anon:mmtk:space:los]
44c00000-45400000 rw-p 00000000 00:00 0                                  [anon:mmtk:space:immix]
45400000-45800000 rw-p 00000000 00:00 0                                  [anon:mmtk:space:los]
45800000-45c00000 rw-p 00000000 00:00 0                                  [anon:mmtk:space:immix]
45c00000-46000000 rw-p 00000000 00:00 0                                  [anon:mmtk:space:los]
46000000-46400000 rw-p 00000000 00:00 0                                  [anon:mmtk:space:immix]
46400000-46800000 rw-p 00000000 00:00 0                                  [anon:mmtk:space:los]
46800000-47000000 rw-p 00000000 00:00 0                                  [anon:mmtk:space:immix]
47000000-47400000 rw-p 00000000 00:00 0                                  [anon:mmtk:space:los]
47400000-47800000 rw-p 00000000 00:00 0                                  [anon:mmtk:space:immix]
47800000-47c00000 rw-p 00000000 00:00 0                                  [anon:mmtk:space:los]
47c00000-48400000 rw-p 00000000 00:00 0                                  [anon:mmtk:space:immix]
48400000-48800000 rw-p 00000000 00:00 0                                  [anon:mmtk:space:los]
48800000-48c00000 rw-p 00000000 00:00 0                                  [anon:mmtk:space:immix]
48c00000-49000000 rw-p 00000000 00:00 0                                  [anon:mmtk:space:los]
49000000-49800000 rw-p 00000000 00:00 0                                  [anon:mmtk:space:immix]
49800000-49c00000 rw-p 00000000 00:00 0                                  [anon:mmtk:space:los]
49c00000-4a000000 rw-p 00000000 00:00 0                                  [anon:mmtk:space:immix]
4a000000-4a400000 rw-p 00000000 00:00 0                                  [anon:mmtk:space:los]
4a400000-4ac00000 rw-p 00000000 00:00 0                                  [anon:mmtk:space:immix]
4ac00000-4b000000 rw-p 00000000 00:00 0                                  [anon:mmtk:space:los]
4b000000-4b800000 rw-p 00000000 00:00 0                                  [anon:mmtk:space:immix]
4b800000-4bc00000 rw-p 00000000 00:00 0                                  [anon:mmtk:space:los]
4bc00000-4c000000 rw-p 00000000 00:00 0                                  [anon:mmtk:space:immix]
4c000000-4c400000 rw-p 00000000 00:00 0                                  [anon:mmtk:space:los]
4c400000-4c800000 rw-p 00000000 00:00 0                                  [anon:mmtk:space:immix]
4c800000-4cc00000 rw-p 00000000 00:00 0                                  [anon:mmtk:space:los]
4cc00000-4d400000 rw-p 00000000 00:00 0                                  [anon:mmtk:space:immix]
4d400000-4d800000 rw-p 00000000 00:00 0                                  [anon:mmtk:space:los]
4d800000-4e000000 rw-p 00000000 00:00 0                                  [anon:mmtk:space:immix]
4e000000-4e400000 rw-p 00000000 00:00 0                                  [anon:mmtk:space:los]
4e400000-4e800000 rw-p 00000000 00:00 0                                  [anon:mmtk:space:immix]
4e800000-4ec00000 rw-p 00000000 00:00 0                                  [anon:mmtk:space:los]
4ec00000-4f400000 rw-p 00000000 00:00 0                                  [anon:mmtk:space:immix]
4f400000-4f800000 rw-p 00000000 00:00 0                                  [anon:mmtk:space:los]
4f800000-4fc00000 rw-p 00000000 00:00 0                                  [anon:mmtk:space:immix]
4fc00000-50000000 rw-p 00000000 00:00 0                                  [anon:mmtk:space:los]
50000000-50400000 rw-p 00000000 00:00 0                                  [anon:mmtk:space:immix]
50400000-50800000 rw-p 00000000 00:00 0                                  [anon:mmtk:space:immix]
200000000000-2000c00c0000 rw-s 00000000 00:10 68                         anon_inode:bpf-map
61a4da68c000-61a4da68d000 r--p 00000000 fc:00 49676352                   /mydata/openjdk-mmtk/build/b0test/images/jdk/bin/java
61a4da68d000-61a4da68e000 r-xp 00001000 fc:00 49676352                   /mydata/openjdk-mmtk/build/b0test/images/jdk/bin/java
61a4da68e000-61a4da68f000 r--p 00002000 fc:00 49676352                   /mydata/openjdk-mmtk/build/b0test/images/jdk/bin/java
61a4da68f000-61a4da690000 r--p 00002000 fc:00 49676352                   /mydata/openjdk-mmtk/build/b0test/images/jdk/bin/java
61a4da690000-61a4da691000 rw-p 00003000 fc:00 49676352                   /mydata/openjdk-mmtk/build/b0test/images/jdk/bin/java
61a50c9fb000-61a50ca43000 rw-p 00000000 00:00 0                          [heap]
709508000000-70950845f000 rw-p 00000000 00:00 0 
70950845f000-70950c000000 ---p 00000000 00:00 0 
709510000000-709510aac000 rw-p 00000000 00:00 0 
709510aac000-709514000000 ---p 00000000 00:00 0 
709514000000-70951454a000 rw-p 00000000 00:00 0 
70951454a000-709518000000 ---p 00000000 00:00 0 
709518000000-709518720000 rw-p 00000000 00:00 0 
709518720000-70951c000000 ---p 00000000 00:00 0 
70951c000000-70951c800000 rw-p 00000000 00:00 0 
70951c800000-709520000000 ---p 00000000 00:00 0 
709520000000-7095204fb000 rw-p 00000000 00:00 0 
7095204fb000-709524000000 ---p 00000000 00:00 0 
709524000000-709524508000 rw-p 00000000 00:00 0 
709524508000-709528000000 ---p 00000000 00:00 0 
709528000000-709528021000 rw-p 00000000 00:00 0 
709528021000-70952c000000 ---p 00000000 00:00 0 
70952c000000-70952c021000 rw-p 00000000 00:00 0 
70952c021000-709530000000 ---p 00000000 00:00 0 
709530000000-709530021000 rw-p 00000000 00:00 0 
709530021000-709534000000 ---p 00000000 00:00 0 
709534000000-709534021000 rw-p 00000000 00:00 0 
709534021000-709538000000 ---p 00000000 00:00 0 
709538000000-709538021000 rw-p 00000000 00:00 0 
709538021000-70953c000000 ---p 00000000 00:00 0 
70953c000000-70953c021000 rw-p 00000000 00:00 0 
70953c021000-709540000000 ---p 00000000 00:00 0 
709540000000-70954004a000 rw-p 00000000 00:00 0 
70954004a000-709544000000 ---p 00000000 00:00 0 
709544000000-709544021000 rw-p 00000000 00:00 0 
709544021000-709548000000 ---p 00000000 00:00 0 
709548000000-709548021000 rw-p 00000000 00:00 0 
709548021000-70954c000000 ---p 00000000 00:00 0 
70954c000000-70954c021000 rw-p 00000000 00:00 0 
70954c021000-709550000000 ---p 00000000 00:00 0 
709550000000-709550021000 rw-p 00000000 00:00 0 
709550021000-709554000000 ---p 00000000 00:00 0 
709554000000-709554021000 rw-p 00000000 00:00 0 
709554021000-709558000000 ---p 00000000 00:00 0 
709558000000-709558021000 rw-p 00000000 00:00 0 
709558021000-70955c000000 ---p 00000000 00:00 0 
70955c000000-70955c021000 rw-p 00000000 00:00 0 
70955c021000-709560000000 ---p 00000000 00:00 0 
709560000000-709560021000 rw-p 00000000 00:00 0 
709560021000-709564000000 ---p 00000000 00:00 0 
709564000000-709564021000 rw-p 00000000 00:00 0 
709564021000-709568000000 ---p 00000000 00:00 0 
709568000000-709568048000 rw-p 00000000 00:00 0 
709568048000-70956c000000 ---p 00000000 00:00 0 
70956c000000-70956c05b000 rw-p 00000000 00:00 0 
70956c05b000-709570000000 ---p 00000000 00:00 0 
709570000000-709570035000 rw-p 00000000 00:00 0 
709570035000-709574000000 ---p 00000000 00:00 0 
709574000000-709574021000 rw-p 00000000 00:00 0 
709574021000-709578000000 ---p 00000000 00:00 0 
709578000000-709578021000 rw-p 00000000 00:00 0 
709578021000-70957c000000 ---p 00000000 00:00 0 
70957c000000-70957c021000 rw-p 00000000 00:00 0 
70957c021000-709580000000 ---p 00000000 00:00 0 
709580000000-709580021000 rw-p 00000000 00:00 0 
709580021000-709584000000 ---p 00000000 00:00 0 
709584000000-709584028000 rw-p 00000000 00:00 0 
709584028000-709588000000 ---p 00000000 00:00 0 
709588000000-709588021000 rw-p 00000000 00:00 0 
709588021000-70958c000000 ---p 00000000 00:00 0 
70958c000000-70958c02d000 rw-p 00000000 00:00 0 
70958c02d000-709590000000 ---p 00000000 00:00 0 
709590000000-709590021000 rw-p 00000000 00:00 0 
709590021000-709594000000 ---p 00000000 00:00 0 
709594000000-709594024000 rw-p 00000000 00:00 0 
709594024000-709598000000 ---p 00000000 00:00 0 
709598000000-709598021000 rw-p 00000000 00:00 0 
709598021000-70959c000000 ---p 00000000 00:00 0 
70959c000000-70959c021000 rw-p 00000000 00:00 0 
70959c021000-7095a0000000 ---p 00000000 00:00 0 
7095a0000000-7095a0021000 rw-p 00000000 00:00 0 
7095a0021000-7095a4000000 ---p 00000000 00:00 0 
7095a4000000-7095a404b000 rw-p 00000000 00:00 0 
7095a404b000-7095a8000000 ---p 00000000 00:00 0 
7095a8000000-7095a81f4000 rw-p 00000000 00:00 0 
7095a81f4000-7095ac000000 ---p 00000000 00:00 0 
7095ac000000-7095ac8b5000 rw-p 00000000 00:00 0 
7095ac8b5000-7095b0000000 ---p 00000000 00:00 0 
7095b0000000-7095b08da000 rw-p 00000000 00:00 0 
7095b08da000-7095b4000000 ---p 00000000 00:00 0 
7095b4000000-7095b42a6000 rw-p 00000000 00:00 0 
7095b42a6000-7095b8000000 ---p 00000000 00:00 0 
7095b8000000-7095b8021000 rw-p 00000000 00:00 0 
7095b8021000-7095bc000000 ---p 00000000 00:00 0 
7095bc000000-7095bc021000 rw-p 00000000 00:00 0 
7095bc021000-7095c0000000 ---p 00000000 00:00 0 
7095c0000000-7095c028f000 rw-p 00000000 00:00 0 
7095c028f000-7095c4000000 ---p 00000000 00:00 0 
7095c4000000-7095c421c000 rw-p 00000000 00:00 0 
7095c421c000-7095c8000000 ---p 00000000 00:00 0 
7095c8000000-7095c8bb8000 rw-p 00000000 00:00 0 
7095c8bb8000-7095cc000000 ---p 00000000 00:00 0 
7095cc000000-7095cc32d000 rw-p 00000000 00:00 0 
7095cc32d000-7095d0000000 ---p 00000000 00:00 0 
7095d0000000-7095d0021000 rw-p 00000000 00:00 0 
7095d0021000-7095d4000000 ---p 00000000 00:00 0 
7095d4000000-7095d4021000 rw-p 00000000 00:00 0 
7095d4021000-7095d8000000 ---p 00000000 00:00 0 
7095d8000000-7095d8023000 rw-p 00000000 00:00 0 
7095d8023000-7095dc000000 ---p 00000000 00:00 0 
7095dc000000-7095dc021000 rw-p 00000000 00:00 0 
7095dc021000-7095e0000000 ---p 00000000 00:00 0 
7095e0000000-7095e0021000 rw-p 00000000 00:00 0 
7095e0021000-7095e4000000 ---p 00000000 00:00 0 
7095e4000000-7095e4021000 rw-p 00000000 00:00 0 
7095e4021000-7095e8000000 ---p 00000000 00:00 0 
7095e8000000-7095e8022000 rw-p 00000000 00:00 0 
7095e8022000-7095ec000000 ---p 00000000 00:00 0 
7095ec000000-7095ec02b000 rw-p 00000000 00:00 0 
7095ec02b000-7095f0000000 ---p 00000000 00:00 0 
7095f0000000-7095f002b000 rw-p 00000000 00:00 0 
7095f002b000-7095f4000000 ---p 00000000 00:00 0 
7095f4000000-7095f4032000 rw-p 00000000 00:00 0 
7095f4032000-7095f8000000 ---p 00000000 00:00 0 
7095f8000000-7095f803a000 rw-p 00000000 00:00 0 
7095f803a000-7095fc000000 ---p 00000000 00:00 0 
7095fc000000-7095fc021000 rw-p 00000000 00:00 0 
7095fc021000-709600000000 ---p 00000000 00:00 0 
709600000000-70960002a000 rw-p 00000000 00:00 0 
70960002a000-709604000000 ---p 00000000 00:00 0 
709604000000-70960404b000 rw-p 00000000 00:00 0 
70960404b000-709608000000 ---p 00000000 00:00 0 
709608000000-7096080ef000 rw-p 00000000 00:00 0 
7096080ef000-70960c000000 ---p 00000000 00:00 0 
70960c000000-70960c023000 rw-p 00000000 00:00 0 
70960c023000-709610000000 ---p 00000000 00:00 0 
709610000000-7096100d3000 rw-p 00000000 00:00 0 
7096100d3000-709614000000 ---p 00000000 00:00 0 
709614000000-709614021000 rw-p 00000000 00:00 0 
709614021000-709618000000 ---p 00000000 00:00 0 
709618000000-70961803a000 rw-p 00000000 00:00 0 
70961803a000-70961c000000 ---p 00000000 00:00 0 
70961c000000-70961c022000 rw-p 00000000 00:00 0 
70961c022000-709620000000 ---p 00000000 00:00 0 
709620000000-70962003b000 rw-p 00000000 00:00 0 
70962003b000-709624000000 ---p 00000000 00:00 0 
709624000000-709624022000 rw-p 00000000 00:00 0 
709624022000-709628000000 ---p 00000000 00:00 0 
709628000000-709628023000 rw-p 00000000 00:00 0 
709628023000-70962c000000 ---p 00000000 00:00 0 
70962c000000-70962c04c000 rw-p 00000000 00:00 0 
70962c04c000-709630000000 ---p 00000000 00:00 0 
709630000000-70963004c000 rw-p 00000000 00:00 0 
70963004c000-709634000000 ---p 00000000 00:00 0 
709634000000-709634021000 rw-p 00000000 00:00 0 
709634021000-709638000000 ---p 00000000 00:00 0 
709638000000-709638021000 rw-p 00000000 00:00 0 
709638021000-70963c000000 ---p 00000000 00:00 0 
70963c000000-70963c021000 rw-p 00000000 00:00 0 
70963c021000-709640000000 ---p 00000000 00:00 0 
709640000000-709640021000 rw-p 00000000 00:00 0 
709640021000-709644000000 ---p 00000000 00:00 0 
709644000000-709644021000 rw-p 00000000 00:00 0 
709644021000-709648000000 ---p 00000000 00:00 0 
709648000000-709648270000 rw-p 00000000 00:00 0 
709648270000-709648400000 ---p 00000000 00:00 0 
709648400000-7096488a0000 rw-p 00000000 00:00 0 
7096488a0000-70964c000000 ---p 00000000 00:00 0 
70964c000000-70964c021000 rw-p 00000000 00:00 0 
70964c021000-709650000000 ---p 00000000 00:00 0 
7096512ca000-709651500000 rw-p 00000000 00:00 0 
709651500000-709651504000 ---p 00000000 00:00 0 
709651504000-709651600000 rw-p 00000000 00:00 0 
709651600000-709651604000 ---p 00000000 00:00 0 
709651604000-709651700000 rw-p 00000000 00:00 0 
709651700000-709651704000 ---p 00000000 00:00 0 
709651704000-709651800000 rw-p 00000000 00:00 0 
709651800000-709651804000 ---p 00000000 00:00 0 
709651804000-709651900000 rw-p 00000000 00:00 0 
709651900000-709651904000 ---p 00000000 00:00 0 
709651904000-709651a00000 rw-p 00000000 00:00 0 
709651a00000-709651a04000 ---p 00000000 00:00 0 
709651a04000-709651b00000 rw-p 00000000 00:00 0 
709651b00000-709651b04000 ---p 00000000 00:00 0 
709651b04000-709651c00000 rw-p 00000000 00:00 0 
709651c00000-709651c04000 ---p 00000000 00:00 0 
709651c04000-709651d00000 rw-p 00000000 00:00 0 
709651d00000-709651d04000 ---p 00000000 00:00 0 
709651d04000-709651e00000 rw-p 00000000 00:00 0 
709651e00000-709651e04000 ---p 00000000 00:00 0 
709651e04000-709651f00000 rw-p 00000000 00:00 0 
709651f00000-709651f04000 ---p 00000000 00:00 0 
709651f04000-709652000000 rw-p 00000000 00:00 0 
709652000000-709652004000 ---p 00000000 00:00 0 
709652004000-709652100000 rw-p 00000000 00:00 0 
709652100000-709652104000 ---p 00000000 00:00 0 
709652104000-709652200000 rw-p 00000000 00:00 0 
709652200000-709652204000 ---p 00000000 00:00 0 
709652204000-709652300000 rw-p 00000000 00:00 0 
709652300000-709652304000 ---p 00000000 00:00 0 
709652304000-709652400000 rw-p 00000000 00:00 0 
709652400000-709652404000 ---p 00000000 00:00 0 
709652404000-709652500000 rw-p 00000000 00:00 0 
709652500000-709652504000 ---p 00000000 00:00 0 
709652504000-709652600000 rw-p 00000000 00:00 0 
709652600000-709652604000 ---p 00000000 00:00 0 
709652604000-709652700000 rw-p 00000000 00:00 0 
709652700000-709652704000 ---p 00000000 00:00 0 
709652704000-709652800000 rw-p 00000000 00:00 0 
709652800000-709652804000 ---p 00000000 00:00 0 
709652804000-709652900000 rw-p 00000000 00:00 0 
709652900000-709652904000 ---p 00000000 00:00 0 
709652904000-709652a00000 rw-p 00000000 00:00 0 
709652a00000-709652a04000 ---p 00000000 00:00 0 
709652a04000-709652b00000 rw-p 00000000 00:00 0 
709652b00000-709652b04000 ---p 00000000 00:00 0 
709652b04000-709652c00000 rw-p 00000000 00:00 0 
709652c00000-709652c04000 ---p 00000000 00:00 0 
709652c04000-709652d00000 rw-p 00000000 00:00 0 
709652d00000-709652d04000 ---p 00000000 00:00 0 
709652d04000-709652e00000 rw-p 00000000 00:00 0 
709652e00000-709652e04000 ---p 00000000 00:00 0 
709652e04000-709652f00000 rw-p 00000000 00:00 0 
709652f00000-709652f04000 ---p 00000000 00:00 0 
709652f04000-709653000000 rw-p 00000000 00:00 0 
709653000000-709653ca3000 rw-p 00001000 fc:00 49677060                   /mydata/openjdk-mmtk/build/b0test/images/jdk/lib/server/classes.jsa
709653ca3000-709654000000 ---p 00000000 00:00 0 
709654000000-709654040000 rw-p 00000000 00:00 0 
709654040000-709654110000 rw-p 00000000 00:00 0 
709654110000-709694000000 ---p 00000000 00:00 0 
709694000000-709694021000 rw-p 00000000 00:00 0 
709694021000-709698004000 ---p 00000000 00:00 0 
709698004000-709698100000 rw-p 00000000 00:00 0 
709698100000-709698104000 ---p 00000000 00:00 0 
709698104000-709698200000 rw-p 00000000 00:00 0 
709698200000-709698204000 ---p 00000000 00:00 0 
709698204000-709698300000 rw-p 00000000 00:00 0 
709698300000-709698304000 ---p 00000000 00:00 0 
709698304000-709698400000 rw-p 00000000 00:00 0 
709698400000-709698404000 ---p 00000000 00:00 0 
709698404000-709698500000 rw-p 00000000 00:00 0 
709698500000-709698504000 ---p 00000000 00:00 0 
709698504000-709698600000 rw-p 00000000 00:00 0 
709698600000-709698604000 ---p 00000000 00:00 0 
709698604000-709698700000 rw-p 00000000 00:00 0 
709698700000-709698704000 ---p 00000000 00:00 0 
709698704000-709698800000 rw-p 00000000 00:00 0 
709698800000-709698804000 ---p 00000000 00:00 0 
709698804000-709698900000 rw-p 00000000 00:00 0 
709698900000-709698904000 ---p 00000000 00:00 0 
709698904000-709698a00000 rw-p 00000000 00:00 0 
709698a00000-709698a04000 ---p 00000000 00:00 0 
709698a04000-709698b00000 rw-p 00000000 00:00 0 
709698b00000-709698b04000 ---p 00000000 00:00 0 
709698b04000-709698c00000 rw-p 00000000 00:00 0 
709698c00000-709698c04000 ---p 00000000 00:00 0 
709698c04000-709698d00000 rw-p 00000000 00:00 0 
709698d00000-709698d04000 ---p 00000000 00:00 0 
709698d04000-709698e00000 rw-p 00000000 00:00 0 
709698e00000-709698e04000 ---p 00000000 00:00 0 
709698e04000-709698f00000 rw-p 00000000 00:00 0 
709698f00000-709698f04000 ---p 00000000 00:00 0 
709698f04000-709699000000 rw-p 00000000 00:00 0 
709699000000-709699004000 ---p 00000000 00:00 0 
709699004000-709699100000 rw-p 00000000 00:00 0 
709699100000-709699104000 ---p 00000000 00:00 0 
709699104000-709699200000 rw-p 00000000 00:00 0 
709699200000-70969c200000 rw-p 00000000 00:00 0 
70969c2fc000-70969c300000 ---p 00000000 00:00 0 
70969c300000-70969c3fc000 rw-p 00000000 00:00 0 
70969c3fc000-7096cc400000 rw-p 00000000 00:00 0 
7096cc400000-7096cd400000 ---p 00000000 00:00 0                          [anon:mmtk:sidemeta:all:all-quarantined]
7096cd400000-7096cdc00000 rw-p 00000000 00:00 0                          [anon:mmtk:sidemeta:immix:VO_BIT]
7096cdc00000-7296ce400000 ---p 00000000 00:00 0                          [anon:mmtk:sidemeta:all:all-quarantined]
7296ce400000-7296ce800000 rw-p 00000000 00:00 0                          [anon:mmtk:sidemeta:immix:CHUNK_MARK]
7296ce800000-7296d1400000 ---p 00000000 00:00 0                          [anon:mmtk:sidemeta:all:all-quarantined]
7296d1400000-7296d1c00000 rw-p 00000000 00:00 0                          [anon:mmtk:sidemeta:immix:VMGlobalLogBitSpec]
7296d1c00000-749ed0800000 ---p 00000000 00:00 0                          [anon:mmtk:sidemeta:all:all-quarantined]
749ed0800000-749ed0c00000 rw-p 00000000 00:00 0                          [anon:mmtk:sidemeta:immix:IX_LINE_MARK]
749ed0c00000-751ed0400000 ---p 00000000 00:00 0                          [anon:mmtk:sidemeta:all:all-quarantined]
751ed0400000-751ed0800000 rw-p 00000000 00:00 0                          [anon:mmtk:sidemeta:immix:IX_BLOCK_DEFRAG]
751ed0800000-751fd0400000 ---p 00000000 00:00 0                          [anon:mmtk:sidemeta:all:all-quarantined]
751fd0400000-751fd0800000 rw-p 00000000 00:00 0                          [anon:mmtk:sidemeta:immix:IX_BLOCK_MARK]
751fd0800000-7b4150400000 ---p 00000000 00:00 0                          [anon:mmtk:sidemeta:all:all-quarantined]
7b4150400000-7b4150800000 rw-p 00000000 00:00 0                          [anon:mmtk:sidemeta:los:VMLocalLOSMarkNurserySpec]
7b4150800000-7b4351400000 ---p 00000000 00:00 0                          [anon:mmtk:sidemeta:all:all-quarantined]
7b4351400000-7b4351c00000 rw-p 00000000 00:00 0                          [anon:mmtk:sidemeta:immix:VMLocalMarkBitSpec]
7b4351c00000-7d4350400000 ---p 00000000 00:00 0                          [anon:mmtk:sidemeta:all:all-quarantined]
7d43504ff000-7d4350503000 ---p 00000000 00:00 0 
7d4350503000-7d43505ff000 rw-p 00000000 00:00 0 
7d43505ff000-7d4350603000 ---p 00000000 00:00 0 
7d4350603000-7d43506ff000 rw-p 00000000 00:00 0 
7d43506ff000-7d4350703000 ---p 00000000 00:00 0 
7d4350703000-7d43507ff000 rw-p 00000000 00:00 0 
7d43507ff000-7d4370800000 rw-p 00000000 00:00 0 
7d4370800000-7d4370e60000 rwxp 00000000 00:00 0 
7d4370e60000-7d4377c17000 ---p 00000000 00:00 0 
7d4377c17000-7d4377f97000 rwxp 00000000 00:00 0 
7d4377f97000-7d43783e8000 ---p 00000000 00:00 0 
7d43783e8000-7d4378658000 rwxp 00000000 00:00 0 
7d4378658000-7d437f800000 ---p 00000000 00:00 0 
7d437f800000-7d4387fa0000 r--s 00000000 fc:00 49676300                   /mydata/openjdk-mmtk/build/b0test/images/jdk/lib/modules
7d4388000000-7d43887e3000 rw-p 00000000 00:00 0 
7d43887e3000-7d438c000000 ---p 00000000 00:00 0 
7d438c018000-7d438c01d000 r--p 00000000 fc:00 49676433                   /mydata/openjdk-mmtk/build/b0test/images/jdk/lib/libjsvml.so
7d438c01d000-7d438c05e000 r-xp 00005000 fc:00 49676433                   /mydata/openjdk-mmtk/build/b0test/images/jdk/lib/libjsvml.so
7d438c05e000-7d438c0e7000 r--p 00046000 fc:00 49676433                   /mydata/openjdk-mmtk/build/b0test/images/jdk/lib/libjsvml.so
7d438c0e7000-7d438c0e8000 r--p 000ce000 fc:00 49676433                   /mydata/openjdk-mmtk/build/b0test/images/jdk/lib/libjsvml.so
7d438c0e8000-7d438c0e9000 rw-p 000cf000 fc:00 49676433                   /mydata/openjdk-mmtk/build/b0test/images/jdk/lib/libjsvml.so
7d438c0e9000-7d438c0ed000 ---p 00000000 00:00 0 
7d438c0ed000-7d438c1e9000 rw-p 00000000 00:00 0 
7d438c1e9000-7d438c1ed000 ---p 00000000 00:00 0 
7d438c1ed000-7d438c2e9000 rw-p 00000000 00:00 0 
7d438c2e9000-7d438c2ed000 ---p 00000000 00:00 0 
7d438c2ed000-7d438c3e9000 rw-p 00000000 00:00 0 
7d438c3e9000-7d438c3ea000 ---p 00000000 00:00 0 
7d438c3ea000-7d438c4ea000 rw-p 00000000 00:00 0 
7d438c4ea000-7d438c4eb000 ---p 00000000 00:00 0 
7d438c4eb000-7d438c5eb000 rw-p 00000000 00:00 0 
7d438c5eb000-7d438c5ec000 ---p 00000000 00:00 0 
7d438c5ec000-7d438c6ec000 rw-p 00000000 00:00 0 
7d438c6ec000-7d438c6ed000 ---p 00000000 00:00 0 
7d438c6ed000-7d438c7ed000 rw-p 00000000 00:00 0 
7d438c7ed000-7d438c7ee000 ---p 00000000 00:00 0 
7d438c7ee000-7d438c8ee000 rw-p 00000000 00:00 0 
7d438c8ee000-7d438c8ef000 ---p 00000000 00:00 0 
7d438c8ef000-7d438c9ef000 rw-p 00000000 00:00 0 
7d438c9ef000-7d438c9f0000 ---p 00000000 00:00 0 
7d438c9f0000-7d438caf0000 rw-p 00000000 00:00 0 
7d438caf0000-7d438caf1000 ---p 00000000 00:00 0 
7d438caf1000-7d438cbf1000 rw-p 00000000 00:00 0 
7d438cbf1000-7d438cbf2000 ---p 00000000 00:00 0 
7d438cbf2000-7d438ccf2000 rw-p 00000000 00:00 0 
7d438ccf2000-7d438ccf3000 ---p 00000000 00:00 0 
7d438ccf3000-7d438cdf3000 rw-p 00000000 00:00 0 
7d438cdf3000-7d438cdf4000 ---p 00000000 00:00 0 
7d438cdf4000-7d438cef4000 rw-p 00000000 00:00 0 
7d438cef4000-7d438cef5000 ---p 00000000 00:00 0 
7d438cef5000-7d438cff5000 rw-p 00000000 00:00 0 
7d438cff5000-7d438cff6000 ---p 00000000 00:00 0 
7d438cff6000-7d438d0f6000 rw-p 00000000 00:00 0 
7d438d0f6000-7d438d0f7000 ---p 00000000 00:00 0 
7d438d0f7000-7d438d1f7000 rw-p 00000000 00:00 0 
7d438d1f7000-7d438d1f8000 ---p 00000000 00:00 0 
7d438d1f8000-7d438d2f8000 rw-p 00000000 00:00 0 
7d438d2f8000-7d438d2f9000 ---p 00000000 00:00 0 
7d438d2f9000-7d438d3f9000 rw-p 00000000 00:00 0 
7d438d3f9000-7d438d3fa000 ---p 00000000 00:00 0 
7d438d3fa000-7d438d4fa000 rw-p 00000000 00:00 0 
7d438d4fa000-7d438d4fb000 ---p 00000000 00:00 0 
7d438d4fb000-7d438d5fb000 rw-p 00000000 00:00 0 
7d438d5fb000-7d438d5fc000 ---p 00000000 00:00 0 
7d438d5fc000-7d438d6fc000 rw-p 00000000 00:00 0 
7d438d6fc000-7d438d6fd000 ---p 00000000 00:00 0 
7d438d6fd000-7d438d7fd000 rw-p 00000000 00:00 0 
7d438d7fd000-7d438d7fe000 ---p 00000000 00:00 0 
7d438d7fe000-7d438d8fe000 rw-p 00000000 00:00 0 
7d438d8fe000-7d438d8ff000 ---p 00000000 00:00 0 
7d438d8ff000-7d438d9ff000 rw-p 00000000 00:00 0 
7d438d9ff000-7d438da00000 ---p 00000000 00:00 0 
7d438da00000-7d438db00000 rw-p 00000000 00:00 0 
7d438db00000-7d438db04000 ---p 00000000 00:00 0 
7d438db04000-7d438dc00000 rw-p 00000000 00:00 0 
7d438dc00000-7d438dc04000 ---p 00000000 00:00 0 
7d438dc04000-7d438dd00000 rw-p 00000000 00:00 0 
7d438dd00000-7d438dd04000 ---p 00000000 00:00 0 
7d438dd04000-7d438de00000 rw-p 00000000 00:00 0 
7d438de00000-7d438e0eb000 r--p 00000000 08:03 1410552                    /usr/lib/locale/locale-archive
7d438e0fc000-7d438e0fd000 ---p 00000000 00:00 0 
7d438e0fd000-7d438e1fd000 rw-p 00000000 00:00 0 
7d438e1fd000-7d438e1fe000 ---p 00000000 00:00 0 
7d438e1fe000-7d438e2fe000 rw-p 00000000 00:00 0 
7d438e2fe000-7d438e2ff000 ---p 00000000 00:00 0 
7d438e2ff000-7d438e3ff000 rw-p 00000000 00:00 0 
7d438e3ff000-7d438ea00000 rw-p 00000000 00:00 0 
7d438ea00000-7d438ea0c000 r--p 00000000 fc:00 13107796                   /mydata/gc-bpf-fault/shim/libgcbpf.so
7d438ea0c000-7d438ea6e000 r-xp 0000c000 fc:00 13107796                   /mydata/gc-bpf-fault/shim/libgcbpf.so
7d438ea6e000-7d438ecde000 r--p 0006e000 fc:00 13107796                   /mydata/gc-bpf-fault/shim/libgcbpf.so
7d438ecde000-7d438ece0000 r--p 002de000 fc:00 13107796                   /mydata/gc-bpf-fault/shim/libgcbpf.so
7d438ece0000-7d438ece1000 rw-p 002e0000 fc:00 13107796                   /mydata/gc-bpf-fault/shim/libgcbpf.so
7d438ece1000-7d438ece2000 rw-p 00000000 00:00 0 
7d438ecf5000-7d438ecfc000 r--s 00000000 08:03 1436340                    /usr/lib/x86_64-linux-gnu/gconv/gconv-modules.cache
7d438ecfc000-7d438ed00000 r--p 00000000 fc:00 49676379                   /mydata/openjdk-mmtk/build/b0test/images/jdk/lib/libverify.so
7d438ed00000-7d438ed07000 r-xp 00004000 fc:00 49676379                   /mydata/openjdk-mmtk/build/b0test/images/jdk/lib/libverify.so
7d438ed07000-7d438ed09000 r--p 0000b000 fc:00 49676379                   /mydata/openjdk-mmtk/build/b0test/images/jdk/lib/libverify.so
7d438ed09000-7d438ed0b000 r--p 0000c000 fc:00 49676379                   /mydata/openjdk-mmtk/build/b0test/images/jdk/lib/libverify.so
7d438ed0b000-7d438ed0c000 rw-p 0000e000 fc:00 49676379                   /mydata/openjdk-mmtk/build/b0test/images/jdk/lib/libverify.so
7d438ed0c000-7d438ed0f000 r--p 00000000 fc:00 49676376                   /mydata/openjdk-mmtk/build/b0test/images/jdk/lib/libnet.so
7d438ed0f000-7d438ed17000 r-xp 00003000 fc:00 49676376                   /mydata/openjdk-mmtk/build/b0test/images/jdk/lib/libnet.so
7d438ed17000-7d438ed19000 r--p 0000b000 fc:00 49676376                   /mydata/openjdk-mmtk/build/b0test/images/jdk/lib/libnet.so
7d438ed19000-7d438ed1a000 r--p 0000c000 fc:00 49676376                   /mydata/openjdk-mmtk/build/b0test/images/jdk/lib/libnet.so
7d438ed1a000-7d438ed1b000 rw-p 0000d000 fc:00 49676376                   /mydata/openjdk-mmtk/build/b0test/images/jdk/lib/libnet.so
7d438ed1b000-7d438ed22000 r--p 00000000 fc:00 49676377                   /mydata/openjdk-mmtk/build/b0test/images/jdk/lib/libnio.so
7d438ed22000-7d438ed2b000 r-xp 00007000 fc:00 49676377                   /mydata/openjdk-mmtk/build/b0test/images/jdk/lib/libnio.so
7d438ed2b000-7d438ed2f000 r--p 00010000 fc:00 49676377                   /mydata/openjdk-mmtk/build/b0test/images/jdk/lib/libnio.so
7d438ed2f000-7d438ed30000 r--p 00014000 fc:00 49676377                   /mydata/openjdk-mmtk/build/b0test/images/jdk/lib/libnio.so
7d438ed30000-7d438ed31000 rw-p 00015000 fc:00 49676377                   /mydata/openjdk-mmtk/build/b0test/images/jdk/lib/libnio.so
7d438ed31000-7d438ed35000 r--p 00000000 08:03 1410107                    /usr/lib/x86_64-linux-gnu/libzstd.so.1.5.5
7d438ed35000-7d438eddc000 r-xp 00004000 08:03 1410107                    /usr/lib/x86_64-linux-gnu/libzstd.so.1.5.5
7d438eddc000-7d438ede9000 r--p 000ab000 08:03 1410107                    /usr/lib/x86_64-linux-gnu/libzstd.so.1.5.5
7d438ede9000-7d438edea000 r--p 000b7000 08:03 1410107                    /usr/lib/x86_64-linux-gnu/libzstd.so.1.5.5
7d438edea000-7d438edeb000 rw-p 000b8000 08:03 1410107                    /usr/lib/x86_64-linux-gnu/libzstd.so.1.5.5
7d438edeb000-7d438edee000 r--p 00000000 08:03 1410420                    /usr/lib/x86_64-linux-gnu/libelf-0.190.so
7d438edee000-7d438ee04000 r-xp 00003000 08:03 1410420                    /usr/lib/x86_64-linux-gnu/libelf-0.190.so
7d438ee04000-7d438ee08000 r--p 00019000 08:03 1410420                    /usr/lib/x86_64-linux-gnu/libelf-0.190.so
7d438ee08000-7d438ee09000 r--p 0001c000 08:03 1410420                    /usr/lib/x86_64-linux-gnu/libelf-0.190.so
7d438ee09000-7d438ee0a000 rw-p 0001d000 08:03 1410420                    /usr/lib/x86_64-linux-gnu/libelf-0.190.so
7d438ee0a000-7d438ee0f000 rw-p 00000000 00:00 0 
7d438ee0f000-7d438eef3000 ---p 00000000 00:00 0 
7d438eef3000-7d438ef00000 rw-p 00000000 00:00 0 
7d438ef00000-7d438efdc000 ---p 00000000 00:00 0 
7d438efdc000-7d438efe9000 r--p 00000000 fc:00 49676369                   /mydata/openjdk-mmtk/build/b0test/images/jdk/lib/libjava.so
7d438efe9000-7d438eff8000 r-xp 0000d000 fc:00 49676369                   /mydata/openjdk-mmtk/build/b0test/images/jdk/lib/libjava.so
7d438eff8000-7d438effd000 r--p 0001c000 fc:00 49676369                   /mydata/openjdk-mmtk/build/b0test/images/jdk/lib/libjava.so
7d438effd000-7d438effe000 r--p 00021000 fc:00 49676369                   /mydata/openjdk-mmtk/build/b0test/images/jdk/lib/libjava.so
7d438effe000-7d438efff000 rw-p 00022000 fc:00 49676369                   /mydata/openjdk-mmtk/build/b0test/images/jdk/lib/libjava.so
7d438efff000-7d438f000000 rw-p 00000000 00:00 0 
7d438f000000-7d438f148000 r--p 00000000 fc:00 49676390                   /mydata/openjdk-mmtk/build/b0test/images/jdk/lib/server/libmmtk_openjdk.so
7d438f148000-7d438f3cc000 r-xp 00147000 fc:00 49676390                   /mydata/openjdk-mmtk/build/b0test/images/jdk/lib/server/libmmtk_openjdk.so
7d438f3cc000-7d438f40c000 r--p 003ca000 fc:00 49676390                   /mydata/openjdk-mmtk/build/b0test/images/jdk/lib/server/libmmtk_openjdk.so
7d438f40c000-7d438f40f000 rw-p 00409000 fc:00 49676390                   /mydata/openjdk-mmtk/build/b0test/images/jdk/lib/server/libmmtk_openjdk.so
7d438f40f000-7d438f411000 rw-p 00000000 00:00 0 
7d438f417000-7d438f41b000 ---p 00000000 00:00 0 
7d438f41b000-7d438f517000 rw-p 00000000 00:00 0 
7d438f517000-7d438f527000 r--p 00000000 08:03 1411099                    /usr/lib/x86_64-linux-gnu/libm.so.6
7d438f527000-7d438f5a6000 r-xp 00010000 08:03 1411099                    /usr/lib/x86_64-linux-gnu/libm.so.6
7d438f5a6000-7d438f5fe000 r--p 0008f000 08:03 1411099                    /usr/lib/x86_64-linux-gnu/libm.so.6
7d438f5fe000-7d438f5ff000 r--p 000e7000 08:03 1411099                    /usr/lib/x86_64-linux-gnu/libm.so.6
7d438f5ff000-7d438f600000 rw-p 000e8000 08:03 1411099                    /usr/lib/x86_64-linux-gnu/libm.so.6
7d438f600000-7d438f8a9000 r--p 00000000 fc:00 49676389                   /mydata/openjdk-mmtk/build/b0test/images/jdk/lib/server/libjvm.so
7d438f8a9000-7d439073c000 r-xp 002a9000 fc:00 49676389                   /mydata/openjdk-mmtk/build/b0test/images/jdk/lib/server/libjvm.so
7d439073c000-7d4390a20000 r--p 0113c000 fc:00 49676389                   /mydata/openjdk-mmtk/build/b0test/images/jdk/lib/server/libjvm.so
7d4390a20000-7d4390af6000 r--p 0141f000 fc:00 49676389                   /mydata/openjdk-mmtk/build/b0test/images/jdk/lib/server/libjvm.so
7d4390af6000-7d4390b26000 rw-p 014f5000 fc:00 49676389                   /mydata/openjdk-mmtk/build/b0test/images/jdk/lib/server/libjvm.so
7d4390b26000-7d4390b8c000 rw-p 00000000 00:00 0 
7d4390b8c000-7d4390b8e000 r--p 00000000 fc:00 49676380                   /mydata/openjdk-mmtk/build/b0test/images/jdk/lib/libzip.so
7d4390b8e000-7d4390b93000 r-xp 00002000 fc:00 49676380                   /mydata/openjdk-mmtk/build/b0test/images/jdk/lib/libzip.so
7d4390b93000-7d4390b95000 r--p 00007000 fc:00 49676380                   /mydata/openjdk-mmtk/build/b0test/images/jdk/lib/libzip.so
7d4390b95000-7d4390b96000 r--p 00008000 fc:00 49676380                   /mydata/openjdk-mmtk/build/b0test/images/jdk/lib/libzip.so
7d4390b96000-7d4390b97000 rw-p 00009000 fc:00 49676380                   /mydata/openjdk-mmtk/build/b0test/images/jdk/lib/libzip.so
7d4390b97000-7d4390b9e000 rw-p 00000000 00:00 0 
7d4390b9e000-7d4390ba7000 ---p 00000000 00:00 0 
7d4390ba7000-7d4390baf000 rw-s 00000000 08:03 237591                     /tmp/hsperfdata_root/419136
7d4390baf000-7d4390bb3000 r--p 00000000 fc:00 49676370                   /mydata/openjdk-mmtk/build/b0test/images/jdk/lib/libjimage.so
7d4390bb3000-7d4390bca000 r-xp 00004000 fc:00 49676370                   /mydata/openjdk-mmtk/build/b0test/images/jdk/lib/libjimage.so
7d4390bca000-7d4390bcf000 r--p 0001b000 fc:00 49676370                   /mydata/openjdk-mmtk/build/b0test/images/jdk/lib/libjimage.so
7d4390bcf000-7d4390bd1000 r--p 00020000 fc:00 49676370                   /mydata/openjdk-mmtk/build/b0test/images/jdk/lib/libjimage.so
7d4390bd1000-7d4390bd2000 rw-p 00022000 fc:00 49676370                   /mydata/openjdk-mmtk/build/b0test/images/jdk/lib/libjimage.so
7d4390bd2000-7d4390bd6000 r--p 00000000 08:03 1410148                    /usr/lib/x86_64-linux-gnu/libgcc_s.so.1
7d4390bd6000-7d4390bfa000 r-xp 00004000 08:03 1410148                    /usr/lib/x86_64-linux-gnu/libgcc_s.so.1
7d4390bfa000-7d4390bfe000 r--p 00028000 08:03 1410148                    /usr/lib/x86_64-linux-gnu/libgcc_s.so.1
7d4390bfe000-7d4390bff000 r--p 0002b000 08:03 1410148                    /usr/lib/x86_64-linux-gnu/libgcc_s.so.1
7d4390bff000-7d4390c00000 rw-p 0002c000 08:03 1410148                    /usr/lib/x86_64-linux-gnu/libgcc_s.so.1
7d4390c00000-7d4390c28000 r--p 00000000 08:03 1410238                    /usr/lib/x86_64-linux-gnu/libc.so.6
7d4390c28000-7d4390db0000 r-xp 00028000 08:03 1410238                    /usr/lib/x86_64-linux-gnu/libc.so.6
7d4390db0000-7d4390dff000 r--p 001b0000 08:03 1410238                    /usr/lib/x86_64-linux-gnu/libc.so.6
7d4390dff000-7d4390e03000 r--p 001fe000 08:03 1410238                    /usr/lib/x86_64-linux-gnu/libc.so.6
7d4390e03000-7d4390e05000 rw-p 00202000 08:03 1410238                    /usr/lib/x86_64-linux-gnu/libc.so.6
7d4390e05000-7d4390e12000 rw-p 00000000 00:00 0 
7d4390e18000-7d4390e1a000 rw-p 00000000 00:00 0 
7d4390e1a000-7d4390e1c000 r--p 00000000 08:03 1409104                    /usr/lib/x86_64-linux-gnu/libz.so.1.3
7d4390e1c000-7d4390e2e000 r-xp 00002000 08:03 1409104                    /usr/lib/x86_64-linux-gnu/libz.so.1.3
7d4390e2e000-7d4390e34000 r--p 00014000 08:03 1409104                    /usr/lib/x86_64-linux-gnu/libz.so.1.3
7d4390e34000-7d4390e35000 r--p 0001a000 08:03 1409104                    /usr/lib/x86_64-linux-gnu/libz.so.1.3
7d4390e35000-7d4390e36000 rw-p 0001b000 08:03 1409104                    /usr/lib/x86_64-linux-gnu/libz.so.1.3
7d4390e3b000-7d4390e3c000 rw-s 00000000 00:10 68                         anon_inode:bpf-map
7d4390e3c000-7d4390e3d000 r--s 00000000 00:10 68                         anon_inode:bpf-map
7d4390e3d000-7d4390e3e000 ---p 00000000 00:00 0 
7d4390e3e000-7d4390e3f000 r--p 00000000 00:00 0 
7d4390e3f000-7d4390e40000 ---p 00000000 00:00 0 
7d4390e40000-7d4390e42000 r--p 00000000 fc:00 49676372                   /mydata/openjdk-mmtk/build/b0test/images/jdk/lib/libjli.so
7d4390e42000-7d4390e4c000 r-xp 00002000 fc:00 49676372                   /mydata/openjdk-mmtk/build/b0test/images/jdk/lib/libjli.so
7d4390e4c000-7d4390e4f000 r--p 0000c000 fc:00 49676372                   /mydata/openjdk-mmtk/build/b0test/images/jdk/lib/libjli.so
7d4390e4f000-7d4390e50000 r--p 0000f000 fc:00 49676372                   /mydata/openjdk-mmtk/build/b0test/images/jdk/lib/libjli.so
7d4390e50000-7d4390e51000 rw-p 00010000 fc:00 49676372                   /mydata/openjdk-mmtk/build/b0test/images/jdk/lib/libjli.so
7d4390e51000-7d4390e53000 rw-p 00000000 00:00 0 
7d4390e53000-7d4390e57000 r--p 00000000 00:00 0                          [vvar]
7d4390e57000-7d4390e59000 r--p 00000000 00:00 0                          [vvar_vclock]
7d4390e59000-7d4390e5b000 r-xp 00000000 00:00 0                          [vdso]
7d4390e5b000-7d4390e5c000 r--p 00000000 08:03 1409763                    /usr/lib/x86_64-linux-gnu/ld-linux-x86-64.so.2
7d4390e5c000-7d4390e87000 r-xp 00001000 08:03 1409763                    /usr/lib/x86_64-linux-gnu/ld-linux-x86-64.so.2
7d4390e87000-7d4390e91000 r--p 0002c000 08:03 1409763                    /usr/lib/x86_64-linux-gnu/ld-linux-x86-64.so.2
7d4390e91000-7d4390e93000 r--p 00036000 08:03 1409763                    /usr/lib/x86_64-linux-gnu/ld-linux-x86-64.so.2
7d4390e93000-7d4390e95000 rw-p 00038000 08:03 1409763                    /usr/lib/x86_64-linux-gnu/ld-linux-x86-64.so.2
7ffe8f7aa000-7ffe8f7cb000 rw-p 00000000 00:00 0                          [stack]
ffffffffff600000-ffffffffff601000 --xp 00000000 00:00 0                  [vsyscall]
Total number of mappings: 539

JVMTI agents: none


VM Arguments:
jvm_args: -XX:+UseThirdPartyHeap -Xms512m -Xmx512m 
java_command: /mydata/dacapo/dacapo-23.11/dacapo-23.11-MR2-chopin.jar xalan -n 3
java_class_path (initial): /mydata/dacapo/dacapo-23.11/dacapo-23.11-MR2-chopin.jar
Launcher Type: SUN_STANDARD

[Global flags]
     intx CICompilerCount                          = 15                                        {product} {ergonomic}
   size_t InitialHeapSize                          = 536870912                                 {product} {command line}
   size_t MaxHeapSize                              = 536870912                                 {product} {command line}
   size_t MinHeapDeltaBytes                        = 524288                                    {product} {ergonomic}
   size_t MinHeapSize                              = 536870912                                 {product} {command line}
    uintx NonNMethodCodeHeapSize                   = 8192380                                {pd product} {ergonomic}
    uintx NonProfiledCodeHeapSize                  = 121732930                              {pd product} {ergonomic}
    uintx ProfiledCodeHeapSize                     = 121732930                              {pd product} {ergonomic}
    uintx ReservedCodeCacheSize                    = 251658240                              {pd product} {ergonomic}
     bool SegmentedCodeCache                       = true                                      {product} {ergonomic}
   size_t SoftMaxHeapSize                          = 536870912                              {manageable} {ergonomic}
     bool UseCompressedOops                        = true                           {product lp64_product} {ergonomic}

Logging:
Log output configuration:
 #0: stdout all=warning uptime,level,tags foldmultilines=false
 #1: stderr all=off uptime,level,tags foldmultilines=false

Release file:
IMPLEMENTOR="N/A"
JAVA_RUNTIME_VERSION="21.0.9-internal-adhoc.talzuss.openjdk-mmtk"
JAVA_VERSION="21.0.9"
JAVA_VERSION_DATE="2025-10-21"
LIBC="gnu"
MODULES="java.base java.compiler java.datatransfer java.xml java.prefs java.desktop java.instrument java.logging java.management java.security.sasl java.naming java.rmi java.management.rmi java.net.http java.scripting java.security.jgss java.transaction.xa java.sql java.sql.rowset java.xml.crypto java.se java.smartcardio jdk.accessibility jdk.internal.jvmstat jdk.attach jdk.charsets jdk.internal.opt jdk.zipfs jdk.compiler jdk.crypto.ec jdk.crypto.cryptoki jdk.dynalink jdk.internal.ed jdk.editpad jdk.hotspot.agent jdk.httpserver jdk.incubator.vector jdk.internal.le jdk.internal.vm.ci jdk.internal.vm.compiler jdk.internal.vm.compiler.management jdk.jartool jdk.javadoc jdk.jcmd jdk.management jdk.management.agent jdk.jconsole jdk.jdeps jdk.jdwp.agent jdk.jdi jdk.jfr jdk.jlink jdk.jpackage jdk.jshell jdk.jsobject jdk.jstatd jdk.localedata jdk.management.jfr jdk.naming.dns jdk.naming.rmi jdk.net jdk.nio.mapmode jdk.random jdk.sctp jdk.security.auth jdk.security.jgss jdk.unsupported jdk.unsupported.desktop jdk.xml.dom"
OS_ARCH="x86_64"
OS_NAME="Linux"
SOURCE=".:git:b557520f04b3+"

Environment Variables:
PATH=/usr/local/sbin:/usr/local/bin:/usr/sbin:/usr/bin:/sbin:/bin:/snap/bin
SHELL=/bin/bash
LANG=en_US.UTF-8
TERM=tmux-256color

Active Locale:
LC_ALL=en_US.UTF-8
LC_COLLATE=en_US.UTF-8
LC_CTYPE=en_US.UTF-8
LC_MESSAGES=en_US.UTF-8
LC_MONETARY=en_US.UTF-8
LC_NUMERIC=en_US.UTF-8
LC_TIME=en_US.UTF-8

Signal Handlers:
   SIGSEGV: crash_handler in libjvm.so, mask=11100100010111111101111111111110, flags=SA_RESTART|SA_SIGINFO, unblocked
    SIGBUS: crash_handler in libjvm.so, mask=11100100010111111101111111111110, flags=SA_RESTART|SA_SIGINFO, unblocked
    SIGFPE: crash_handler in libjvm.so, mask=11100100010111111101111111111110, flags=SA_RESTART|SA_SIGINFO, unblocked
   SIGPIPE: javaSignalHandler in libjvm.so, mask=11100100010111111101111111111110, flags=SA_RESTART|SA_SIGINFO, blocked
   SIGXFSZ: javaSignalHandler in libjvm.so, mask=11100100010111111101111111111110, flags=SA_RESTART|SA_SIGINFO, blocked
    SIGILL: crash_handler in libjvm.so, mask=11100100010111111101111111111110, flags=SA_RESTART|SA_SIGINFO, unblocked
   SIGUSR2: SR_handler in libjvm.so, mask=00000000000000000000000000000000, flags=SA_RESTART|SA_SIGINFO, blocked
    SIGHUP: UserHandler in libjvm.so, mask=11100100010111111101111111111110, flags=SA_RESTART|SA_SIGINFO, blocked
    SIGINT: UserHandler in libjvm.so, mask=11100100010111111101111111111110, flags=SA_RESTART|SA_SIGINFO, blocked
   SIGTERM: UserHandler in libjvm.so, mask=11100100010111111101111111111110, flags=SA_RESTART|SA_SIGINFO, blocked
   SIGQUIT: UserHandler in libjvm.so, mask=11100100010111111101111111111110, flags=SA_RESTART|SA_SIGINFO, blocked
   SIGTRAP: crash_handler in libjvm.so, mask=11100100010111111101111111111110, flags=SA_RESTART|SA_SIGINFO, unblocked


Periodic native trim disabled

---------------  S Y S T E M  ---------------

OS:
DISTRIB_ID=Ubuntu
DISTRIB_RELEASE=24.04
DISTRIB_CODENAME=noble
DISTRIB_DESCRIPTION="Ubuntu 24.04.4 LTS"
uname: Linux 6.17.0-bpf-fault+ #1 SMP PREEMPT_DYNAMIC Mon Jul  6 16:43:12 MDT 2026 x86_64
OS uptime: 1 days 1:15 hours
libc: glibc 2.39 NPTL 2.39 
rlimit (soft/hard): STACK 8192k/infinity , CORE 0k/0k , NPROC 513205/513205 , NOFILE 1048576/1048576 , AS infinity/infinity , CPU infinity/infinity , DATA infinity/infinity , FSIZE infinity/infinity , MEMLOCK 16436528k/16436528k
load average: 1.66 2.75 1.74

/proc/meminfo:
MemTotal:       131492232 kB
MemFree:        65133580 kB
MemAvailable:   112362308 kB
Buffers:          550300 kB
Cached:         45937552 kB
SwapCached:            0 kB
Active:          4345184 kB
Inactive:       45664880 kB
Active(anon):    3538700 kB
Inactive(anon):        0 kB
Active(file):     806484 kB
Inactive(file): 45664880 kB
Unevictable:       41912 kB
Mlocked:           38840 kB
SwapTotal:       8388604 kB
SwapFree:        8388604 kB
Zswap:                 0 kB
Zswapped:              0 kB
Dirty:            755328 kB
Writeback:             0 kB
AnonPages:       3565664 kB
Mapped:         12902504 kB
Shmem:              5308 kB
KReclaimable:    2009048 kB
Slab:            2550888 kB
SReclaimable:    2009048 kB
SUnreclaim:       541840 kB
KernelStack:       12912 kB
PageTables:        72376 kB
SecPageTables:      9196 kB
NFS_Unstable:          0 kB
Bounce:                0 kB
WritebackTmp:          0 kB
CommitLimit:    74134720 kB
Committed_AS:   165053744 kB
VmallocTotal:   34359738367 kB
VmallocUsed:       38804 kB
VmallocChunk:          0 kB
Percpu:            51072 kB
HardwareCorrupted:     0 kB
AnonHugePages:         0 kB
ShmemHugePages:        0 kB
ShmemPmdMapped:        0 kB
FileHugePages:   2177024 kB
FilePmdMapped:         0 kB
Unaccepted:            0 kB
Balloon:               0 kB
HugePages_Total:       0
HugePages_Free:        0
HugePages_Rsvd:        0
HugePages_Surp:        0
Hugepagesize:       2048 kB
Hugetlb:               0 kB
DirectMap4k:      957248 kB
DirectMap2M:    29038592 kB
DirectMap1G:    103809024 kB

/sys/kernel/mm/transparent_hugepage/enabled: always [madvise] never
/sys/kernel/mm/transparent_hugepage/hpage_pmd_size: 2097152
/sys/kernel/mm/transparent_hugepage/defrag (defrag/compaction efforts parameter): always defer defer+madvise [madvise] never

Process Memory:
Virtual Size: 13620286724K (peak: 13620286724K)
Resident Set Size: 4161204K (peak: 4161204K) (anon: 988020K, file: 3173184K, shmem: 0K)
Swapped out: 0K
C-Heap outstanding allocations: 1390719K, retained: 31148K
glibc malloc tunables: (default)

/proc/sys/kernel/threads-max (system-wide limit on the number of threads): 1026411
/proc/sys/vm/max_map_count (maximum number of memory map areas a process may have): 1048576
/proc/sys/vm/swappiness (control to define how aggressively the kernel swaps out anonymous memory): 60
/proc/sys/kernel/pid_max (system-wide limit on number of process identifiers): 4194304

container information not found.
Steal ticks since vm start: 0
Steal ticks percentage since vm start:  0.000

CPU: total 32 (initial active 32) (32 cores per cpu, 2 threads per core) family 23 model 49 stepping 0 microcode 0x830107c, cx8, cmov, fxsr, ht, mmx, 3dnowpref, sse, sse2, sse3, ssse3, sse4a, sse4.1, sse4.2, popcnt, lzcnt, tsc, tscinvbit, avx, avx2, aes, clmul, bmi1, bmi2, adx, sha, fma, vzeroupper, clflush, clflushopt, rdtscp, rdpid, f16c
CPU Model and flags from /proc/cpuinfo:
model name	: AMD EPYC 7302P 16-Core Processor
flags		: fpu vme de pse tsc msr pae mce cx8 apic sep mtrr pge mca cmov pat pse36 clflush mmx fxsr sse sse2 ht syscall nx mmxext fxsr_opt pdpe1gb rdtscp lm constant_tsc rep_good nopl xtopology nonstop_tsc cpuid extd_apicid aperfmperf rapl pni pclmulqdq monitor ssse3 fma cx16 sse4_1 sse4_2 movbe popcnt aes xsave avx f16c rdrand lahf_lm cmp_legacy svm extapic cr8_legacy abm sse4a misalignsse 3dnowprefetch osvw ibs skinit wdt tce topoext perfctr_core perfctr_nb bpext perfctr_llc mwaitx cpb cat_l3 cdp_l3 hw_pstate ssbd mba ibrs ibpb stibp vmmcall fsgsbase bmi1 avx2 smep bmi2 cqm rdt_a rdseed adx smap clflushopt clwb sha_ni xsaveopt xsavec xgetbv1 xsaves cqm_llc cqm_occup_llc cqm_mbm_total cqm_mbm_local clzero irperf xsaveerptr rdpru wbnoinvd amd_ppin arat npt lbrv svm_lock nrip_save tsc_scale vmcb_clean flushbyasid decodeassists pausefilter pfthreshold avic v_vmsave_vmload vgif v_spec_ctrl umip rdpid overflow_recov succor smca sev sev_es

Online cpus: 0-31
Offline cpus: 
BIOS frequency limitation: <Not Available>
Frequency switch latency (ns): <Not Available>
Available cpu frequencies: <Not Available>
Current governor: <Not Available>
Core performance/turbo boost: <Not Available>

Memory: 4k page, physical 131492232k(112362308k free), swap 8388604k(8388604k free)
Page Sizes: 4k

vm_info: OpenJDK 64-Bit Server VM (21.0.9-internal-adhoc.talzuss.openjdk-mmtk) for linux-amd64 JRE (21.0.9-internal-adhoc.talzuss.openjdk-mmtk), built on 2026-07-06T23:13:08Z by "talzuss" with gcc 13.3.0
heap_info: MMTk OpenJDK 0.32.0 (a3bb9ef-dirty), using MMTk 0.32.0 (ec64c30-dirty, BUILTIN_ENV_LOGGER, DEFAULT, EAGER_SWEEPING, VO_BIT)

END.
