#
# A fatal error has been detected by the Java Runtime Environment:
#
#  SIGSEGV (0xb) at pc=0x000079d6656e5ffb, pid=457181, tid=457203
#
# JRE version: OpenJDK Runtime Environment (21.0.9) (build 21.0.9-internal-adhoc.talzuss.openjdk-mmtk)
# Java VM: OpenJDK 64-Bit Server VM (21.0.9-internal-adhoc.talzuss.openjdk-mmtk, mixed mode, sharing, tiered, compressed oops, compressed class ptrs, third-party gc, linux-amd64)
# Problematic frame:
# C  [libmmtk_openjdk.so+0x2e5ffb]  _$LT$mmtk..plan..concurrent..immix..gc_work..SatbFinalDrain$LT$VM$GT$$u20$as$u20$mmtk..scheduler..work..GCWork$LT$VM$GT$$GT$::do_work::h99199484dacfec84+0x101b
#
# No core dump will be written. Core dumps have been disabled. To enable core dumping, try "ulimit -c unlimited" before starting Java again
#
# If you would like to submit a bug report, please visit:
#   https://bugreport.java.com/bugreport/crash.jsp
#

---------------  S U M M A R Y ------------

Command Line: -XX:+UseThirdPartyHeap -Xms512m -Xmx512m /mydata/dacapo/dacapo-23.11/dacapo-23.11-MR2-chopin.jar xalan -n 3

Host: AMD EPYC 7302P 16-Core Processor, 32 cores, 125G, Ubuntu 24.04.4 LTS
Time: Tue Jul  7 20:13:28 2026 MDT elapsed time: 3.324434 seconds (0d 0h 0m 3s)

---------------  T H R E A D  ---------------

Current thread (0x000079d660538ea0):  NamedThread "MMTk Collector Thread" [id=457203, stack(0x00006d29708f8000,0x00006d29709f8000) (1024K)]

Stack: [0x00006d29708f8000,0x00006d29709f8000],  sp=0x00006d29709f6910,  free space=1018k
Native frames: (J=compiled Java code, j=interpreted, Vv=VM code, C=native code)
C  [libmmtk_openjdk.so+0x2e5ffb]  _$LT$mmtk..plan..concurrent..immix..gc_work..SatbFinalDrain$LT$VM$GT$$u20$as$u20$mmtk..scheduler..work..GCWork$LT$VM$GT$$GT$::do_work::h99199484dacfec84+0x101b

siginfo: si_signo: 11 (SIGSEGV), si_code: 1 (SEGV_MAPERR), si_addr: 0x000079d7116fc79c

Registers:
RAX=0x000000002b0a00a4, RBX=0x000079d6657dfbf0, RCX=0x000079d66547c50c, RDX=0x00006d292b000000
RSP=0x00006d29709f6910, RBP=0x0000000000000070, RSI=0x00006d292b740061, RDI=0x0000000040f29500
R8 =0x00006d28e40008e0, R9 =0x0000000000000007, R10=0x00006d290c01b400, R11=0x17de2dba2fe8bd86
R12=0x00006d290c01b400, R13=0x000079d6603de370, R14=0x00000000413c0550, R15=0x0000000000000070
RIP=0x000079d6656e5ffb, EFLAGS=0x0000000000010202, CSGSFS=0x002b000000000033, ERR=0x0000000000000004
  TRAPNO=0x000000000000000e

XMM[0]=0x00006d290c000090 0x00006d290c000090
XMM[1]=0x0000000000000000 0x00006d290c000090
XMM[2]=0x00000000413c0470 0x00000000413c0450
XMM[3]=0x00000000413c03f0 0x00000000413c03d0
XMM[4]=0x0000000000000000 0x00006d290c000090
XMM[5]=0x0000000043592cf0 0x0000000043592c80
XMM[6]=0x0000000043592bc8 0x0000000043592380
XMM[7]=0x0000000043592298 0x00000000435921a8
XMM[8]=0x00000000435920f0 0x00000000435920b8
XMM[9]=0x0000000000000000 0x0000000000000000
XMM[10]=0x3f3f3f3f3f3f3f3f 0x3f3f3f3f3f3f3f3f
XMM[11]=0x9999999999999999 0x9999999999999999
XMM[12]=0x2020202020202020 0x2020202020202020
XMM[13]=0x0000000000000000 0x0000000000000000
XMM[14]=0x0000000000000000 0x0000000000000000
XMM[15]=0x0000000000000000 0x0000000000000000
  MXCSR=0x00001fa2


Register to memory mapping:

RAX=
[error occurred during error reporting (printing register info), id 0xe0000000, Internal Error (/mydata/mmtk-openjdk/openjdk/share/mmtkHeap.cpp:444)]
RBX=
[error occurred during error reporting (printing register info, attempt 2), id 0xe0000000, Internal Error (/mydata/mmtk-openjdk/openjdk/share/mmtkHeap.cpp:444)]
RCX=
[error occurred during error reporting (printing register info, attempt 3), id 0xe0000000, Internal Error (/mydata/mmtk-openjdk/openjdk/share/mmtkHeap.cpp:444)]
Top of Stack: (sp=0x00006d29709f6910)
0x00006d29709f6910:   0000000053432068 0000000000000000
0x00006d29709f6920:   0000000000000008 0000000000000000
0x00006d29709f6930:   0000000000000010 000079d665809704
0x00006d29709f6940:   00006d290c011f10 000000000000010c
0x00006d29709f6950:   00000000413c0550 000079d66559d580
0x00006d29709f6960:   00006d29709f69e8 000079d66559d580
0x00006d29709f6970:   0000000000000000 0000000000000040
0x00006d29709f6980:   000079d6657dfbf0 00006d29709f6950
0x00006d29709f6990:   00006d29709f6938 0000000000000002
0x00006d29709f69a0:   0000000000000000 000079d66559d580
0x00006d29709f69b0:   00006d29709f6a18 000079d66559d580
0x00006d29709f69c0:   00006d29709f6aa8 000079d66559d580
0x00006d29709f69d0:   00006d29709f6ab0 000079d66559d580
0x00006d29709f69e0:   000079d66006d400 0000000000000000
0x00006d29709f69f0:   0000000000000001 000079d6603de370
0x00006d29709f6a00:   00006d29709f6938 8000000000000000
0x00006d29709f6a10:   00006d292b03f4b0 0000000000000000
0x00006d29709f6a20:   0000000000008000 00006d290c02a610
0x00006d29709f6a30:   00000000000028ac 00006d29709f6950
0x00006d29709f6a40:   00006d29709f6980 0000000000000800
0x00006d29709f6a50:   00006d290c001c10 0000000000000421
0x00006d29709f6a60:   0000000000040000 00006d290c02a610
0x00006d29709f6a70:   000000000003c163 0000000000020000
0x00006d29709f6a80:   00006d290c22a620 000000000001957b
0x00006d29709f6a90:   000000000001957a 0000000000000000
0x00006d29709f6aa0:   0000000000000000 0000000000000000
0x00006d29709f6ab0:   0000000000000001 000079d665809738
0x00006d29709f6ac0:   00006d29709f6938 00006d29709f6918
0x00006d29709f6ad0:   000000000000010c 000079d660046210
0x00006d29709f6ae0:   000079d66006d080 0000000000000001
0x00006d29709f6af0:   000079d6657cb1a8 0000000000000008
0x00006d29709f6b00:   0000000000000000 000079d6656f6b7d 

Instructions: (pc=0x000079d6656e5ffb)
0x000079d6656e5efb:   ed 48 8d 74 24 70 e8 8a 60 e7 ff 31 ed eb 03 40
0x000079d6656e5f0b:   b5 01 4c 8b 64 24 08 4c 8b 74 24 10 48 8b 5c 24
0x000079d6656e5f1b:   18 48 c1 e3 03 45 31 ed 4c 8d bc 24 10 01 00 00
0x000079d6656e5f2b:   0f 1f 44 00 00 4c 39 eb 74 1a 4b 8b 14 2e 49 83
0x000079d6656e5f3b:   c5 08 48 8b bc 24 e8 00 00 00 4c 89 fe e8 53 c9
0x000079d6656e5f4b:   f9 ff eb e1 4d 85 e4 74 09 4c 89 f7 ff 15 4b 1b
0x000079d6656e5f5b:   12 00 40 84 ed 4c 8b ac 24 e8 00 00 00 74 13 48
0x000079d6656e5f6b:   83 7c 24 28 00 74 0b 48 8b 7c 24 30 ff 15 2b 1b
0x000079d6656e5f7b:   12 00 48 8b 84 24 20 01 00 00 48 85 c0 0f 84 87
0x000079d6656e5f8b:   0c 00 00 48 8d 4c 24 70 48 89 8c 24 30 01 00 00
0x000079d6656e5f9b:   0f 1f 44 00 00 48 8d 48 ff 48 89 8c 24 20 01 00
0x000079d6656e5fab:   00 48 8b 8c 24 18 01 00 00 48 8b 44 c1 f8 48 c7
0x000079d6656e5fbb:   44 24 08 00 00 00 00 48 c7 44 24 10 08 00 00 00
0x000079d6656e5fcb:   48 c7 44 24 18 00 00 00 00 48 89 04 24 8b 40 08
0x000079d6656e5fdb:   48 8b 15 36 48 12 00 48 8b 0d 37 48 12 00 48 d3
0x000079d6656e5feb:   e0 48 8d 34 10 8b 44 10 0c 48 8d 0d 11 65 d9 ff
0x000079d6656e5ffb:   48 63 04 81 48 01 c8 ff e0 48 63 86 28 01 00 00
0x000079d6656e600b:   48 85 c0 0f 84 cc 07 00 00 48 63 8e ac 00 00 00
0x000079d6656e601b:   48 8d 0c ce 48 63 96 2c 01 00 00 48 8d 34 d1 4c
0x000079d6656e602b:   8d 34 d1 49 81 c6 d8 01 00 00 48 8d 04 c6 48 05
0x000079d6656e603b:   d8 01 00 00 48 89 44 24 20 b8 08 00 00 00 45 31
0x000079d6656e604b:   e4 eb 11 66 90 49 83 c6 08 4c 3b 74 24 20 0f 84
0x000079d6656e605b:   81 07 00 00 41 8b 6e 04 48 85 ed 74 e8 4d 63 3e
0x000079d6656e606b:   4c 03 3c 24 48 be ff ff ff ff ff ff ff 7f eb 1f
0x000079d6656e607b:   4a 89 1c e0 49 ff c4 4c 89 64 24 18 48 be ff ff
0x000079d6656e608b:   ff ff ff ff ff 7f 49 83 c7 04 48 ff cd 74 b6 4c
0x000079d6656e609b:   89 f9 48 21 f1 48 8b 15 a9 2f 12 00 48 39 d1 72
0x000079d6656e60ab:   e5 48 03 15 a5 2f 12 00 48 39 d1 73 d9 4d 85 ff
0x000079d6656e60bb:   78 1e 41 8b 1f 48 85 db 74 c2 48 8b 15 8c 47 12
0x000079d6656e60cb:   00 48 8b 0d 8d 47 12 00 48 d3 e3 48 01 d3 eb 08
0x000079d6656e60db:   48 8b 19 48 85 db 74 a4 4c 3b 64 24 08 75 91 48
0x000079d6656e60eb:   8d 7c 24 08 e8 0c cd ee ff 48 8b 44 24 10 eb 80 


Stack slot to memory mapping:

stack at sp + 0 slots: 
[error occurred during error reporting (inspecting top of stack), id 0xe0000000, Internal Error (/mydata/mmtk-openjdk/openjdk/share/mmtkHeap.cpp:444)]
stack at sp + 1 slots: 0x0 is null
stack at sp + 2 slots: 
[error occurred during error reporting (inspecting top of stack, attempt 2), id 0xe0000000, Internal Error (/mydata/mmtk-openjdk/openjdk/share/mmtkHeap.cpp:444)]
stack at sp + 3 slots: 0x0 is null
stack at sp + 4 slots: 
[error occurred during error reporting (inspecting top of stack, attempt 3), id 0xe0000000, Internal Error (/mydata/mmtk-openjdk/openjdk/share/mmtkHeap.cpp:444)]

---------------  P R O C E S S  ---------------

Threads class SMR info:
_java_thread_list=0x00006d289c10d740, length=56, elements={
0x000079d66002b240, 0x000079d660525010, 0x000079d6605268a0, 0x000079d6605283b0,
0x000079d660546be0, 0x000079d660548530, 0x000079d660549df0, 0x000079d66054bc30,
0x000079d660555600, 0x00006d28a403dae0, 0x00006d28980015f0, 0x000079d6605a46b0,
0x000079d6605a76b0, 0x00006d28a4062b70, 0x00006d28a407ce70, 0x00006d28a407e4e0,
0x00006d28a00d1700, 0x000079d6607c2ef0, 0x000079d6607c6900, 0x000079d6607c77c0,
0x000079d6607c8b90, 0x000079d6607c9f30, 0x000079d6607cb300, 0x000079d6607cc7a0,
0x000079d6607cdd10, 0x000079d6607cf0e0, 0x000079d6607d0590, 0x000079d6607d1b20,
0x000079d6607d30b0, 0x000079d6607d4560, 0x000079d6607d5a10, 0x000079d6603dfb50,
0x000079d6603e0570, 0x000079d6603e1b00, 0x000079d6605cd6a0, 0x000079d6605cea50,
0x000079d6605d0020, 0x000079d6605d14c0, 0x000079d6605d2960, 0x000079d6605d3e00,
0x000079d6605d5690, 0x000079d6605d7510, 0x000079d6605d8d60, 0x000079d6605da5b0,
0x000079d6605dbe00, 0x000079d6605dd650, 0x000079d6605df020, 0x000079d6603d2a00,
0x000079d6603d37d0, 0x00006d288c038f70, 0x00006d288c076670, 0x00006d2880045e90,
0x00006d2880084b60, 0x00006d28841026b0, 0x00006d2898141b80, 0x00006d289c10c2a0
}

Java Threads: ( => current thread )
  0x000079d66002b240 JavaThread "main"                              [_thread_blocked, id=457182, stack(0x000079d665900000,0x000079d665a00000) (1024K)]
  0x000079d660525010 JavaThread "Reference Handler"          daemon [_thread_blocked, id=457189, stack(0x000079d664100000,0x000079d664200000) (1024K)]
  0x000079d6605268a0 JavaThread "Finalizer"                  daemon [_thread_blocked, id=457190, stack(0x000079d664000000,0x000079d664100000) (1024K)]
  0x000079d6605283b0 JavaThread "MMTk Finalizer Thread"      daemon [_thread_blocked, id=457191, stack(0x000079d6286ff000,0x000079d6287ff000) (1024K)]
  0x000079d660546be0 JavaThread "Signal Dispatcher"          daemon [_thread_blocked, id=457215, stack(0x00006d292abfd000,0x00006d292acfd000) (1024K)]
  0x000079d660548530 JavaThread "Service Thread"             daemon [_thread_blocked, id=457216, stack(0x00006d292aafd000,0x00006d292abfd000) (1024K)]
  0x000079d660549df0 JavaThread "Monitor Deflation Thread"   daemon [_thread_blocked, id=457217, stack(0x00006d292a9fd000,0x00006d292aafd000) (1024K)]
  0x000079d66054bc30 JavaThread "C2 CompilerThread0"         daemon [_thread_in_native, id=457218, stack(0x00006d292a8fd000,0x00006d292a9fd000) (1024K)]
  0x000079d660555600 JavaThread "C1 CompilerThread0"         daemon [_thread_blocked, id=457219, stack(0x00006d292a7fd000,0x00006d292a8fd000) (1024K)]
  0x00006d28a403dae0 JavaThread "C1 CompilerThread1"         daemon [_thread_blocked, id=457220, stack(0x00006d292a6fd000,0x00006d292a7fd000) (1024K)]
  0x00006d28980015f0 JavaThread "C1 CompilerThread2"         daemon [_thread_blocked, id=457221, stack(0x00006d292a5fd000,0x00006d292a6fd000) (1024K)]
  0x000079d6605a46b0 JavaThread "Notification Thread"        daemon [_thread_blocked, id=457222, stack(0x00006d292a4fd000,0x00006d292a5fd000) (1024K)]
  0x000079d6605a76b0 JavaThread "Common-Cleaner"             daemon [_thread_blocked, id=457223, stack(0x00006d292a3fd000,0x00006d292a4fd000) (1024K)]
  0x00006d28a4062b70 JavaThread "C2 CompilerThread1"         daemon [_thread_blocked, id=457224, stack(0x00006d292a2fd000,0x00006d292a3fd000) (1024K)]
  0x00006d28a407ce70 JavaThread "C1 CompilerThread3"         daemon [_thread_blocked, id=457225, stack(0x00006d292a1fd000,0x00006d292a2fd000) (1024K)]
  0x00006d28a407e4e0 JavaThread "C1 CompilerThread4"         daemon [_thread_blocked, id=457226, stack(0x00006d292a0fd000,0x00006d292a1fd000) (1024K)]
  0x00006d28a00d1700 JavaThread "C2 CompilerThread2"         daemon [_thread_blocked, id=457227, stack(0x00006d2929ffd000,0x00006d292a0fd000) (1024K)]
  0x000079d6607c2ef0 JavaThread "Thread-0"                          [_thread_blocked, id=457228, stack(0x00006d2929efd000,0x00006d2929ffd000) (1024K)]
  0x000079d6607c6900 JavaThread "Thread-1"                          [_thread_blocked, id=457229, stack(0x00006d2929dfd000,0x00006d2929efd000) (1024K)]
  0x000079d6607c77c0 JavaThread "Thread-2"                          [_thread_blocked, id=457230, stack(0x00006d2929cfd000,0x00006d2929dfd000) (1024K)]
  0x000079d6607c8b90 JavaThread "Thread-3"                          [_thread_blocked, id=457231, stack(0x00006d2929bfd000,0x00006d2929cfd000) (1024K)]
  0x000079d6607c9f30 JavaThread "Thread-4"                          [_thread_blocked, id=457232, stack(0x00006d2929afd000,0x00006d2929bfd000) (1024K)]
  0x000079d6607cb300 JavaThread "Thread-5"                          [_thread_blocked, id=457233, stack(0x00006d29299fd000,0x00006d2929afd000) (1024K)]
  0x000079d6607cc7a0 JavaThread "Thread-6"                          [_thread_blocked, id=457234, stack(0x00006d29298fd000,0x00006d29299fd000) (1024K)]
  0x000079d6607cdd10 JavaThread "Thread-7"                          [_thread_blocked, id=457235, stack(0x00006d29297fd000,0x00006d29298fd000) (1024K)]
  0x000079d6607cf0e0 JavaThread "Thread-8"                          [_thread_blocked, id=457236, stack(0x00006d29296fd000,0x00006d29297fd000) (1024K)]
  0x000079d6607d0590 JavaThread "Thread-9"                          [_thread_blocked, id=457237, stack(0x00006d29295fd000,0x00006d29296fd000) (1024K)]
  0x000079d6607d1b20 JavaThread "Thread-10"                         [_thread_blocked, id=457238, stack(0x00006d29294fd000,0x00006d29295fd000) (1024K)]
  0x000079d6607d30b0 JavaThread "Thread-11"                         [_thread_blocked, id=457239, stack(0x00006d29293fd000,0x00006d29294fd000) (1024K)]
  0x000079d6607d4560 JavaThread "Thread-12"                         [_thread_blocked, id=457240, stack(0x00006d29292fd000,0x00006d29293fd000) (1024K)]
  0x000079d6607d5a10 JavaThread "Thread-13"                         [_thread_blocked, id=457241, stack(0x00006d29291fd000,0x00006d29292fd000) (1024K)]
  0x000079d6603dfb50 JavaThread "Thread-14"                         [_thread_blocked, id=457242, stack(0x00006d29290fd000,0x00006d29291fd000) (1024K)]
  0x000079d6603e0570 JavaThread "Thread-15"                         [_thread_blocked, id=457243, stack(0x00006d2928ffd000,0x00006d29290fd000) (1024K)]
  0x000079d6603e1b00 JavaThread "Thread-16"                         [_thread_blocked, id=457244, stack(0x00006d2928efd000,0x00006d2928ffd000) (1024K)]
  0x000079d6605cd6a0 JavaThread "Thread-17"                         [_thread_blocked, id=457245, stack(0x00006d2928dfd000,0x00006d2928efd000) (1024K)]
  0x000079d6605cea50 JavaThread "Thread-18"                         [_thread_blocked, id=457246, stack(0x00006d2928cfd000,0x00006d2928dfd000) (1024K)]
  0x000079d6605d0020 JavaThread "Thread-19"                         [_thread_blocked, id=457247, stack(0x00006d2928bfd000,0x00006d2928cfd000) (1024K)]
  0x000079d6605d14c0 JavaThread "Thread-20"                         [_thread_blocked, id=457248, stack(0x00006d2928afd000,0x00006d2928bfd000) (1024K)]
  0x000079d6605d2960 JavaThread "Thread-21"                         [_thread_blocked, id=457249, stack(0x00006d29289fd000,0x00006d2928afd000) (1024K)]
  0x000079d6605d3e00 JavaThread "Thread-22"                         [_thread_blocked, id=457250, stack(0x00006d29288fd000,0x00006d29289fd000) (1024K)]
  0x000079d6605d5690 JavaThread "Thread-23"                         [_thread_blocked, id=457251, stack(0x00006d29287fd000,0x00006d29288fd000) (1024K)]
  0x000079d6605d7510 JavaThread "Thread-24"                         [_thread_blocked, id=457252, stack(0x00006d29286fd000,0x00006d29287fd000) (1024K)]
  0x000079d6605d8d60 JavaThread "Thread-25"                         [_thread_blocked, id=457253, stack(0x00006d29285fd000,0x00006d29286fd000) (1024K)]
  0x000079d6605da5b0 JavaThread "Thread-26"                         [_thread_blocked, id=457254, stack(0x00006d29284fd000,0x00006d29285fd000) (1024K)]
  0x000079d6605dbe00 JavaThread "Thread-27"                         [_thread_blocked, id=457255, stack(0x00006d29283fd000,0x00006d29284fd000) (1024K)]
  0x000079d6605dd650 JavaThread "Thread-28"                         [_thread_blocked, id=457256, stack(0x00006d29282fd000,0x00006d29283fd000) (1024K)]
  0x000079d6605df020 JavaThread "Thread-29"                         [_thread_blocked, id=457257, stack(0x00006d29281fd000,0x00006d29282fd000) (1024K)]
  0x000079d6603d2a00 JavaThread "Thread-30"                         [_thread_blocked, id=457258, stack(0x00006d29280fd000,0x00006d29281fd000) (1024K)]
  0x000079d6603d37d0 JavaThread "Thread-31"                         [_thread_blocked, id=457259, stack(0x00006d2807f00000,0x00006d2808000000) (1024K)]
  0x00006d288c038f70 JavaThread "C2 CompilerThread3"         daemon [_thread_blocked, id=457260, stack(0x00006d2807e00000,0x00006d2807f00000) (1024K)]
  0x00006d288c076670 JavaThread "C2 CompilerThread4"         daemon [_thread_blocked, id=457261, stack(0x00006d2807d00000,0x00006d2807e00000) (1024K)]
  0x00006d2880045e90 JavaThread "C2 CompilerThread5"         daemon [_thread_blocked, id=457262, stack(0x00006d2807c00000,0x00006d2807d00000) (1024K)]
  0x00006d2880084b60 JavaThread "C2 CompilerThread6"         daemon [_thread_blocked, id=457263, stack(0x00006d2807b00000,0x00006d2807c00000) (1024K)]
  0x00006d28841026b0 JavaThread "C2 CompilerThread7"         daemon [_thread_blocked, id=457264, stack(0x00006d2807a00000,0x00006d2807b00000) (1024K)]
  0x00006d2898141b80 JavaThread "C2 CompilerThread8"         daemon [_thread_blocked, id=457265, stack(0x00006d2807900000,0x00006d2807a00000) (1024K)]
  0x00006d289c10c2a0 JavaThread "C2 CompilerThread9"         daemon [_thread_blocked, id=457266, stack(0x00006d2807800000,0x00006d2807900000) (1024K)]
Total: 56

Other Threads:
  0x000079d660519c20 VMThread "VM Thread"                           [id=457188, stack(0x000079d664543000,0x000079d664643000) (1024K)]
  0x000079d660507830 WatcherThread "VM Periodic Task Thread"        [id=457187, stack(0x000079d664644000,0x000079d664744000) (1024K)]

=>0x000079d660538ea0 (exited) NamedThread "MMTk Collector Thread"   [id=457203, stack(0x00006d29708f8000,0x00006d29709f8000) (1024K)]
Total: 3

Threads with active compile tasks:
C2 CompilerThread0  3327 2969       4       org.apache.xpath.axes.WalkingIterator::setRoot (31 bytes)
C2 CompilerThread1  3327 3300   !   4       java.net.URL::<init> (543 bytes)
C2 CompilerThread2  3327 3150   !   4       org.apache.xpath.axes.FilterExprIteratorSimple::executeFilterExpr (124 bytes)
C2 CompilerThread3  3327 3091   !   4       org.apache.xalan.transformer.TransformerImpl::transformToString (269 bytes)
C2 CompilerThread4  3327 3238   !   4       org.apache.xalan.templates.ElemNumber::formatNumberList (421 bytes)
C2 CompilerThread5  3327 3152       4       org.apache.xpath.axes.FilterExprWalker::setRoot (46 bytes)
C2 CompilerThread6  3327 3149       4       org.apache.xpath.functions.FuncId::execute (202 bytes)
C2 CompilerThread7  3327 3298 % !   4       org.apache.xml.serializer.Encodings::getWriter @ 2 (79 bytes)
C2 CompilerThread8  3327 3139   !   4       org.apache.xalan.templates.ElemElement::execute (371 bytes)
C2 CompilerThread9  3327 3195       4       org.apache.xalan.transformer.CountersTable::countNode (300 bytes)
Total: 10

VM state: at safepoint (normal execution)

VM Mutex/Monitor currently owned by a thread:  ([mutex/lock_event])
[0x000079d666f580d0] Threads_lock - owner thread: 0x000079d660519c20
[0x000079d666f57fd0] Heap_lock - owner thread: 0x000079d6603e31b0

Heap address: 0x0000000040000000, size: 3072 MB, Compressed Oops mode: 32-bit

CDS archive(s) mapped at: [0x00006d292b000000-0x00006d292bca3000-0x00006d292bca3000), size 13250560, SharedBaseAddress: 0x00006d292b000000, ArchiveRelocationMode: 1.
Compressed class space mapped at: 0x00006d292c000000-0x00006d296c000000, reserved size: 1073741824
Narrow klass base: 0x00006d292b000000, Narrow klass shift: 0, Narrow klass range: 0x100000000

GC Precious Log:
<Empty>

Heap:

[error occurred during error reporting (printing heap information), id 0xe0000000, Internal Error (/mydata/mmtk-openjdk/openjdk/share/mmtkHeap.cpp:424)]
Metaspace:

Usage:
  Non-class:      7.10 MB used.
      Class:    964.98 KB used.
       Both:      8.04 MB used.

Virtual space:
  Non-class space:       64.00 MB reserved,       7.25 MB ( 11%) committed,  1 nodes.
      Class space:        1.00 GB reserved,       1.06 MB ( <1%) committed,  1 nodes.
             Both:        1.06 GB reserved,       8.31 MB ( <1%) committed. 

Chunk freelists:
   Non-Class:  7.28 MB
       Class:  14.99 MB
        Both:  22.28 MB

MaxMetaspaceSize: unlimited
CompressedClassSpaceSize: 1.00 GB
Initial GC threshold: 21.00 MB
Current GC threshold: 21.00 MB
CDS: on
 - commit_granule_bytes: 65536.
 - commit_granule_words: 8192.
 - virtual_space_node_default_size: 8388608.
 - enlarge_chunks_in_place: 1.
 - use_allocation_guard: 0.


Internal statistics:

num_allocs_failed_limit: 0.
num_arena_births: 118.
num_arena_deaths: 0.
num_vsnodes_births: 2.
num_vsnodes_deaths: 0.
num_space_committed: 133.
num_space_uncommitted: 0.
num_chunks_returned_to_freelist: 0.
num_chunks_taken_from_freelist: 365.
num_chunk_merges: 0.
num_chunk_splits: 261.
num_chunks_enlarged: 209.
num_inconsistent_stats: 0.

CodeHeap 'non-profiled nmethods': size=118880Kb used=2171Kb max_used=2171Kb free=116708Kb
 bounds [0x000079d6503e8000, 0x000079d650658000, 0x000079d657800000]
CodeHeap 'profiled nmethods': size=118876Kb used=7146Kb max_used=7146Kb free=111729Kb
 bounds [0x000079d648800000, 0x000079d648f00000, 0x000079d64fc17000]
CodeHeap 'non-nmethods': size=8004Kb used=3500Kb max_used=3627Kb free=4503Kb
 bounds [0x000079d64fc17000, 0x000079d64ffa7000, 0x000079d6503e8000]
CodeCache: size=245760Kb, used=12817Kb, max_used=12944Kb, free=232940Kb
 total_blobs=3720, nmethods=3236, adapters=381, full_count=0
Compilation: enabled, stopped_count=0, restarted_count=0

Compilation events (20 events):
Event: 3.245 Thread 0x00006d28a403dae0 nmethod 3285 0x000079d648ef2810 code [0x000079d648ef2b20, 0x000079d648ef3d60]
Event: 3.245 Thread 0x00006d28a00d1700 3150   !   4       org.apache.xpath.axes.FilterExprIteratorSimple::executeFilterExpr (124 bytes)
Event: 3.247 Thread 0x00006d28a403dae0 3289       3       org.apache.xpath.objects.XString::bool (16 bytes)
Event: 3.247 Thread 0x00006d28a403dae0 nmethod 3289 0x000079d648ef4410 code [0x000079d648ef45e0, 0x000079d648ef49c8]
Event: 3.249 Thread 0x00006d28a403dae0 3292   !   3       java.net.URL::getURLStreamHandler (191 bytes)
Event: 3.250 Thread 0x00006d28a403dae0 nmethod 3292 0x000079d648ef4b10 code [0x000079d648ef4de0, 0x000079d648ef5b88]
Event: 3.250 Thread 0x00006d28a407e4e0 3294       3       java.util.Vector::grow (43 bytes)
Event: 3.251 Thread 0x00006d28a407e4e0 nmethod 3294 0x000079d648ef6090 code [0x000079d648ef6260, 0x000079d648ef6628]
Event: 3.252 Thread 0x00006d2880045e90 nmethod 3146 0x000079d6505f9090 code [0x000079d6505f9220, 0x000079d6505f94b0]
Event: 3.252 Thread 0x00006d2880045e90 3290       4       org.apache.xalan.transformer.CountersTable::appendBtoFList (32 bytes)
Event: 3.255 Thread 0x00006d28a403dae0 3295       3       java.lang.Class::toString (36 bytes)
Event: 3.256 Thread 0x00006d28a403dae0 nmethod 3295 0x000079d648ef6810 code [0x000079d648ef6bc0, 0x000079d648ef83c0]
Event: 3.258 Thread 0x00006d2880045e90 nmethod 3290 0x000079d6505f9690 code [0x000079d6505f9840, 0x000079d6505f9c98]
Event: 3.258 Thread 0x00006d2880045e90 3152       4       org.apache.xpath.axes.FilterExprWalker::setRoot (46 bytes)
Event: 3.259 Thread 0x00006d28a407e4e0 3296 %     3       org.apache.xml.serializer.ToStream::setOutputFormat @ 14 (129 bytes)
Event: 3.260 Thread 0x00006d28a407e4e0 nmethod 3296% 0x000079d648ef8b90 code [0x000079d648ef8ea0, 0x000079d648efa3e8]
Event: 3.301 Thread 0x00006d28841026b0 nmethod 3277% 0x000079d6505fa010 code [0x000079d6505fa460, 0x000079d6505fcd30]
Event: 3.301 Thread 0x00006d28841026b0 3298 % !   4       org.apache.xml.serializer.Encodings::getWriter @ 2 (79 bytes)
Event: 3.302 Thread 0x00006d28a4062b70 nmethod 3133 0x000079d6505fe810 code [0x000079d6505feda0, 0x000079d650603f48]
Event: 3.302 Thread 0x00006d28a4062b70 3300   !   4       java.net.URL::<init> (543 bytes)

GC Heap History (0 events):
No events

Dll operation events (7 events):
Event: 0.001 Loaded shared library /mydata/openjdk-mmtk/build/b0test/images/jdk/lib/libjava.so
Event: 2.211 Loaded shared library /mydata/openjdk-mmtk/build/b0test/images/jdk/lib/libjsvml.so
Event: 2.224 Loaded shared library /mydata/openjdk-mmtk/build/b0test/images/jdk/lib/libnio.so
Event: 2.228 Loaded shared library /mydata/openjdk-mmtk/build/b0test/images/jdk/lib/libzip.so
Event: 2.241 Loaded shared library /mydata/openjdk-mmtk/build/b0test/images/jdk/lib/libjimage.so
Event: 2.268 Loaded shared library /mydata/openjdk-mmtk/build/b0test/images/jdk/lib/libnet.so
Event: 2.363 Loaded shared library /mydata/openjdk-mmtk/build/b0test/images/jdk/lib/libverify.so

Deoptimization events (20 events):
Event: 3.217 Thread 0x000079d6603d37d0 Uncommon trap: trap_request=0xffffff6e fr.pc=0x000079d6505e6c58 relative=0x0000000000004958
Event: 3.217 Thread 0x000079d6603d37d0 Uncommon trap: reason=loop_limit_check action=maybe_recompile pc=0x000079d6505e6c58 method=org.apache.xalan.transformer.CountersTable.appendBtoFList(Lorg/apache/xpath/NodeSetDTM;Lorg/apache/xpath/NodeSetDTM;)V @ 12 c2
Event: 3.217 Thread 0x000079d6603d37d0 DEOPT PACKING pc=0x000079d6505e6c58 sp=0x00006d2807ffd800
Event: 3.217 Thread 0x000079d6603d37d0 DEOPT UNPACKING pc=0x000079d64fc6a399 sp=0x00006d2807ffd7c8 mode 2
Event: 3.217 Thread 0x000079d6605df020 Uncommon trap: trap_request=0xffffff6e fr.pc=0x000079d6505e6c58 relative=0x0000000000004958
Event: 3.217 Thread 0x000079d6605df020 Uncommon trap: reason=loop_limit_check action=maybe_recompile pc=0x000079d6505e6c58 method=org.apache.xalan.transformer.CountersTable.appendBtoFList(Lorg/apache/xpath/NodeSetDTM;Lorg/apache/xpath/NodeSetDTM;)V @ 12 c2
Event: 3.217 Thread 0x000079d6605df020 DEOPT PACKING pc=0x000079d6505e6c58 sp=0x00006d29282faa40
Event: 3.217 Thread 0x000079d6605df020 DEOPT UNPACKING pc=0x000079d64fc6a399 sp=0x00006d29282faa08 mode 2
Event: 3.278 Thread 0x000079d6607c2ef0 Uncommon trap: trap_request=0xffffffde fr.pc=0x000079d650486bcc relative=0x000000000000030c
Event: 3.278 Thread 0x000079d6607c2ef0 Uncommon trap: reason=class_check action=maybe_recompile pc=0x000079d650486bcc method=java.io.Writer.write(Ljava/lang/String;)V @ 7 c2
Event: 3.278 Thread 0x000079d6607c2ef0 DEOPT PACKING pc=0x000079d650486bcc sp=0x00006d2929ffb810
Event: 3.278 Thread 0x000079d6607c2ef0 DEOPT UNPACKING pc=0x000079d64fc6a399 sp=0x00006d2929ffb7c8 mode 2
Event: 3.278 Thread 0x000079d6607c2ef0 Uncommon trap: trap_request=0xffffffde fr.pc=0x000079d650473f58 relative=0x00000000000006f8
Event: 3.278 Thread 0x000079d6607c2ef0 Uncommon trap: reason=class_check action=maybe_recompile pc=0x000079d650473f58 method=java.nio.charset.CharsetEncoder.encode(Ljava/nio/CharBuffer;Ljava/nio/ByteBuffer;Z)Ljava/nio/charset/CoderResult; @ 57 c2
Event: 3.278 Thread 0x000079d6607c2ef0 DEOPT PACKING pc=0x000079d650473f58 sp=0x00006d2929ffb6c0
Event: 3.278 Thread 0x000079d6607c2ef0 DEOPT UNPACKING pc=0x000079d64fc6a399 sp=0x00006d2929ffb478 mode 2
Event: 3.278 Thread 0x000079d6607c2ef0 Uncommon trap: trap_request=0xffffffde fr.pc=0x000079d65050bfb8 relative=0x00000000000001b8
Event: 3.278 Thread 0x000079d6607c2ef0 Uncommon trap: reason=class_check action=maybe_recompile pc=0x000079d65050bfb8 method=sun.nio.cs.StreamEncoder.writeBytes()V @ 127 c2
Event: 3.278 Thread 0x000079d6607c2ef0 DEOPT PACKING pc=0x000079d65050bfb8 sp=0x00006d2929ffb6a0
Event: 3.278 Thread 0x000079d6607c2ef0 DEOPT UNPACKING pc=0x000079d64fc6a399 sp=0x00006d2929ffb630 mode 2

Classes loaded (20 events):
Event: 2.625 Loading class java/util/ResourceBundle$KeyElementReference
Event: 2.625 Loading class java/util/ResourceBundle$CacheKeyReference
Event: 2.625 Loading class java/util/ResourceBundle$CacheKeyReference done
Event: 2.625 Loading class java/util/ResourceBundle$KeyElementReference done
Event: 2.625 Loading class java/util/ResourceBundle$Control$2
Event: 2.625 Loading class java/util/ResourceBundle$Control$2 done
Event: 2.626 Loading class sun/util/PropertyResourceBundleCharset
Event: 2.626 Loading class sun/util/PropertyResourceBundleCharset done
Event: 2.626 Loading class sun/util/PropertyResourceBundleCharset$PropertiesFileDecoder
Event: 2.626 Loading class sun/util/PropertyResourceBundleCharset$PropertiesFileDecoder done
Event: 2.628 Loading class java/util/ResourceBundle$BundleReference
Event: 2.628 Loading class java/util/ResourceBundle$BundleReference done
Event: 2.628 Loading class sun/util/ResourceBundleEnumeration
Event: 2.628 Loading class sun/util/ResourceBundleEnumeration done
Event: 2.635 Loading class sun/nio/cs/ISO_8859_1$Encoder
Event: 2.635 Loading class sun/nio/cs/ISO_8859_1$Encoder done
Event: 2.663 Loading class java/util/ResourceBundle$Control$1
Event: 2.663 Loading class java/util/ResourceBundle$Control$1 done
Event: 2.685 Loading class java/lang/foreign/MemorySegment
Event: 2.685 Loading class java/lang/foreign/MemorySegment done

Classes unloaded (0 events):
No events

Classes redefined (0 events):
No events

Internal exceptions (13 events):
Event: 2.235 Thread 0x000079d66002b240 Exception <a 'java/lang/NoSuchMethodError'{0x0000000040334090}: 'java.lang.Object java.lang.invoke.DirectMethodHandle$Holder.newInvokeSpecial(java.lang.Object, int, java.lang.Object)'> (0x0000000040334090) 
thrown [src/hotspot/share/interpreter/linkResolver.cpp, line 772]
Event: 2.244 Thread 0x000079d66002b240 Exception <a 'java/lang/NoSuchMethodError'{0x00000000402f9e28}: 'void java.lang.invoke.DirectMethodHandle$Holder.invokeStatic(java.lang.Object, java.lang.Object)'> (0x00000000402f9e28) 
thrown [src/hotspot/share/interpreter/linkResolver.cpp, line 772]
Event: 2.245 Thread 0x000079d66002b240 Exception <a 'java/lang/NoSuchMethodError'{0x00000000402fd820}: 'void java.lang.invoke.DirectMethodHandle$Holder.invokeSpecial(java.lang.Object, java.lang.Object, java.lang.Object)'> (0x00000000402fd820) 
thrown [src/hotspot/share/interpreter/linkResolver.cpp, line 772]
Event: 2.286 Thread 0x000079d66002b240 Exception <a 'java/lang/NoSuchMethodError'{0x00000000401b5ca8}: 'void java.lang.invoke.DirectMethodHandle$Holder.invokeVirtual(java.lang.Object, java.lang.Object)'> (0x00000000401b5ca8) 
thrown [src/hotspot/share/interpreter/linkResolver.cpp, line 772]
Event: 2.291 Thread 0x000079d66002b240 Exception <a 'java/io/FileNotFoundException'{0x000000004018ec88}> (0x000000004018ec88) 
thrown [src/hotspot/share/prims/jni.cpp, line 520]
Event: 2.302 Thread 0x000079d66002b240 Exception <a 'java/lang/NoSuchMethodError'{0x00000000401218b0}: 'java.lang.Object java.lang.invoke.Invokers$Holder.invokeExact_MT(java.lang.Object, java.lang.Object, java.lang.Object, java.lang.Object, java.lang.Object)'> (0x00000000401218b0) 
thrown [src/hotspot/share/interpreter/linkResolver.cpp, line 772]
Event: 2.483 Thread 0x000079d66002b240 Exception <a 'java/lang/NoSuchMethodError'{0x0000000040eb0ad8}: 'void java.lang.invoke.DirectMethodHandle$Holder.invokeVirtual(java.lang.Object, java.lang.Object, int)'> (0x0000000040eb0ad8) 
thrown [src/hotspot/share/interpreter/linkResolver.cpp, line 772]
Event: 2.484 Thread 0x000079d66002b240 Exception <a 'java/lang/NoSuchMethodError'{0x0000000040eb5268}: 'int java.lang.invoke.DirectMethodHandle$Holder.invokeSpecial(java.lang.Object, java.lang.Object, java.lang.Object, int)'> (0x0000000040eb5268) 
thrown [src/hotspot/share/interpreter/linkResolver.cpp, line 772]
Event: 2.485 Thread 0x000079d66002b240 Exception <a 'java/lang/NoSuchMethodError'{0x0000000040e980a8}: 'java.lang.Object java.lang.invoke.DirectMethodHandle$Holder.invokeStatic(java.lang.Object, java.lang.Object, java.lang.Object, java.lang.Object, int)'> (0x0000000040e980a8) 
thrown [src/hotspot/share/interpreter/linkResolver.cpp, line 772]
Event: 2.486 Thread 0x000079d66002b240 Exception <a 'java/lang/NoSuchMethodError'{0x0000000040e932d0}: 'void java.lang.invoke.DelegatingMethodHandle$Holder.reinvoke_L(java.lang.Object, java.lang.Object, int)'> (0x0000000040e932d0) 
thrown [src/hotspot/share/interpreter/linkResolver.cpp, line 772]
Event: 2.487 Thread 0x000079d66002b240 Exception <a 'java/lang/NoSuchMethodError'{0x0000000040e8a048}: 'int java.lang.invoke.DirectMethodHandle$Holder.invokeSpecial(java.lang.Object, java.lang.Object, java.lang.Object)'> (0x0000000040e8a048) 
thrown [src/hotspot/share/interpreter/linkResolver.cpp, line 772]
Event: 2.556 Thread 0x000079d66002b240 Exception <a 'java/lang/NoSuchMethodError'{0x00000000413bc670}: 'void java.lang.invoke.DelegatingMethodHandle$Holder.reinvoke_L(java.lang.Object, java.lang.Object, int, int)'> (0x00000000413bc670) 
thrown [src/hotspot/share/interpreter/linkResolver.cpp, line 772]
Event: 2.623 Thread 0x000079d6603dfb50 Exception <a 'java/lang/NoSuchMethodError'{0x0000000040d2b510}: 'java.lang.Object java.lang.invoke.DirectMethodHandle$Holder.invokeInterface(java.lang.Object, java.lang.Object)'> (0x0000000040d2b510) 
thrown [src/hotspot/share/interpreter/linkResolver.cpp, line 772]

ZGC Phase Switch (0 events):
No events

VM Operations (20 events):
Event: 2.784 Executing VM operation: ICBufferFull done
Event: 2.788 Executing VM operation: ICBufferFull
Event: 2.788 Executing VM operation: ICBufferFull done
Event: 2.791 Executing VM operation: ICBufferFull
Event: 2.791 Executing VM operation: ICBufferFull done
Event: 2.795 Executing VM operation: ICBufferFull
Event: 2.800 Executing VM operation: ICBufferFull done
Event: 2.802 Executing VM operation: ICBufferFull
Event: 2.802 Executing VM operation: ICBufferFull done
Event: 2.971 Executing VM operation: ThirdPartyHeapOperation
Event: 2.988 Executing VM operation: ThirdPartyHeapOperation done
Event: 2.992 Executing VM operation: ThirdPartyHeapOperation
Event: 3.025 Executing VM operation: ThirdPartyHeapOperation done
Event: 3.149 Executing VM operation: ThirdPartyHeapOperation
Event: 3.166 Executing VM operation: ThirdPartyHeapOperation done
Event: 3.171 Executing VM operation: ThirdPartyHeapOperation
Event: 3.213 Executing VM operation: ThirdPartyHeapOperation done
Event: 3.282 Executing VM operation: ThirdPartyHeapOperation
Event: 3.299 Executing VM operation: ThirdPartyHeapOperation done
Event: 3.303 Executing VM operation: ThirdPartyHeapOperation

Memory protections (20 events):
Event: 2.591 Protecting memory [0x00006d2928bfd000,0x00006d2928c01000] with protection modes 0
Event: 2.591 Protecting memory [0x00006d2928afd000,0x00006d2928b01000] with protection modes 0
Event: 2.591 Protecting memory [0x00006d29289fd000,0x00006d2928a01000] with protection modes 0
Event: 2.591 Protecting memory [0x00006d29288fd000,0x00006d2928901000] with protection modes 0
Event: 2.591 Protecting memory [0x00006d29287fd000,0x00006d2928801000] with protection modes 0
Event: 2.591 Protecting memory [0x00006d29286fd000,0x00006d2928701000] with protection modes 0
Event: 2.591 Protecting memory [0x00006d29285fd000,0x00006d2928601000] with protection modes 0
Event: 2.591 Protecting memory [0x00006d29284fd000,0x00006d2928501000] with protection modes 0
Event: 2.591 Protecting memory [0x00006d29283fd000,0x00006d2928401000] with protection modes 0
Event: 2.591 Protecting memory [0x00006d29282fd000,0x00006d2928301000] with protection modes 0
Event: 2.592 Protecting memory [0x00006d29281fd000,0x00006d2928201000] with protection modes 0
Event: 2.592 Protecting memory [0x00006d29280fd000,0x00006d2928101000] with protection modes 0
Event: 2.592 Protecting memory [0x00006d2807f00000,0x00006d2807f04000] with protection modes 0
Event: 2.639 Protecting memory [0x00006d2807e00000,0x00006d2807e04000] with protection modes 0
Event: 2.662 Protecting memory [0x00006d2807d00000,0x00006d2807d04000] with protection modes 0
Event: 2.667 Protecting memory [0x00006d2807c00000,0x00006d2807c04000] with protection modes 0
Event: 2.687 Protecting memory [0x00006d2807b00000,0x00006d2807b04000] with protection modes 0
Event: 2.688 Protecting memory [0x00006d2807a00000,0x00006d2807a04000] with protection modes 0
Event: 2.689 Protecting memory [0x00006d2807900000,0x00006d2807904000] with protection modes 0
Event: 2.696 Protecting memory [0x00006d2807800000,0x00006d2807804000] with protection modes 0

Nmethod flushes (0 events):
No events

Events (20 events):
Event: 2.591 Thread 0x000079d66002b240 Thread added: 0x000079d6605d0020
Event: 2.591 Thread 0x000079d66002b240 Thread added: 0x000079d6605d14c0
Event: 2.591 Thread 0x000079d66002b240 Thread added: 0x000079d6605d2960
Event: 2.591 Thread 0x000079d66002b240 Thread added: 0x000079d6605d3e00
Event: 2.591 Thread 0x000079d66002b240 Thread added: 0x000079d6605d5690
Event: 2.591 Thread 0x000079d66002b240 Thread added: 0x000079d6605d7510
Event: 2.591 Thread 0x000079d66002b240 Thread added: 0x000079d6605d8d60
Event: 2.591 Thread 0x000079d66002b240 Thread added: 0x000079d6605da5b0
Event: 2.591 Thread 0x000079d66002b240 Thread added: 0x000079d6605dbe00
Event: 2.591 Thread 0x000079d66002b240 Thread added: 0x000079d6605dd650
Event: 2.592 Thread 0x000079d66002b240 Thread added: 0x000079d6605df020
Event: 2.592 Thread 0x000079d66002b240 Thread added: 0x000079d6603d2a00
Event: 2.592 Thread 0x000079d66002b240 Thread added: 0x000079d6603d37d0
Event: 2.639 Thread 0x00006d28a407ce70 Thread added: 0x00006d288c038f70
Event: 2.662 Thread 0x00006d28a407ce70 Thread added: 0x00006d288c076670
Event: 2.667 Thread 0x00006d28a407e4e0 Thread added: 0x00006d2880045e90
Event: 2.687 Thread 0x00006d28a407e4e0 Thread added: 0x00006d2880084b60
Event: 2.688 Thread 0x00006d28a00d1700 Thread added: 0x00006d28841026b0
Event: 2.689 Thread 0x00006d28a403dae0 Thread added: 0x00006d2898141b80
Event: 2.695 Thread 0x00006d28980015f0 Thread added: 0x00006d289c10c2a0


Dynamic libraries:
40000000-40400000 rw-p 00000000 00:00 0                                  [anon:mmtk:space:immix]
40400000-40800000 rw-p 00000000 00:00 0                                  [anon:mmtk:space:los]
40800000-41400000 rw-p 00000000 00:00 0                                  [anon:mmtk:space:immix]
41400000-41800000 rw-p 00000000 00:00 0                                  [anon:mmtk:space:los]
41800000-41c00000 rw-p 00000000 00:00 0                                  [anon:mmtk:space:immix]
41c00000-42000000 rw-p 00000000 00:00 0                                  [anon:mmtk:space:los]
42000000-42400000 rw-p 00000000 00:00 0                                  [anon:mmtk:space:immix]
42400000-42800000 rw-p 00000000 00:00 0                                  [anon:mmtk:space:los]
42800000-43000000 rw-p 00000000 00:00 0                                  [anon:mmtk:space:immix]
43000000-43400000 rw-p 00000000 00:00 0                                  [anon:mmtk:space:los]
43400000-43800000 rw-p 00000000 00:00 0                                  [anon:mmtk:space:immix]
43800000-43c00000 rw-p 00000000 00:00 0                                  [anon:mmtk:space:los]
43c00000-44400000 rw-p 00000000 00:00 0                                  [anon:mmtk:space:immix]
44400000-44800000 rw-p 00000000 00:00 0                                  [anon:mmtk:space:los]
44800000-44c00000 rw-p 00000000 00:00 0                                  [anon:mmtk:space:immix]
44c00000-45000000 rw-p 00000000 00:00 0                                  [anon:mmtk:space:los]
45000000-45800000 rw-p 00000000 00:00 0                                  [anon:mmtk:space:immix]
45800000-45c00000 rw-p 00000000 00:00 0                                  [anon:mmtk:space:los]
45c00000-46400000 rw-p 00000000 00:00 0                                  [anon:mmtk:space:immix]
46400000-46800000 rw-p 00000000 00:00 0                                  [anon:mmtk:space:los]
46800000-46c00000 rw-p 00000000 00:00 0                                  [anon:mmtk:space:immix]
46c00000-47000000 rw-p 00000000 00:00 0                                  [anon:mmtk:space:los]
47000000-47800000 rw-p 00000000 00:00 0                                  [anon:mmtk:space:immix]
47800000-47c00000 rw-p 00000000 00:00 0                                  [anon:mmtk:space:los]
47c00000-48400000 rw-p 00000000 00:00 0                                  [anon:mmtk:space:immix]
48400000-48800000 rw-p 00000000 00:00 0                                  [anon:mmtk:space:los]
48800000-48c00000 rw-p 00000000 00:00 0                                  [anon:mmtk:space:immix]
48c00000-49000000 rw-p 00000000 00:00 0                                  [anon:mmtk:space:los]
49000000-49800000 rw-p 00000000 00:00 0                                  [anon:mmtk:space:immix]
49800000-49c00000 rw-p 00000000 00:00 0                                  [anon:mmtk:space:los]
49c00000-4a000000 rw-p 00000000 00:00 0                                  [anon:mmtk:space:immix]
4a000000-4a400000 rw-p 00000000 00:00 0                                  [anon:mmtk:space:los]
4a400000-4ac00000 rw-p 00000000 00:00 0                                  [anon:mmtk:space:immix]
4ac00000-4b000000 rw-p 00000000 00:00 0                                  [anon:mmtk:space:los]
4b000000-4b800000 rw-p 00000000 00:00 0                                  [anon:mmtk:space:immix]
4b800000-4bc00000 rw-p 00000000 00:00 0                                  [anon:mmtk:space:los]
4bc00000-4c000000 rw-p 00000000 00:00 0                                  [anon:mmtk:space:immix]
4c000000-4c400000 rw-p 00000000 00:00 0                                  [anon:mmtk:space:los]
4c400000-4c800000 rw-p 00000000 00:00 0                                  [anon:mmtk:space:immix]
4c800000-4cc00000 rw-p 00000000 00:00 0                                  [anon:mmtk:space:los]
4cc00000-4d400000 rw-p 00000000 00:00 0                                  [anon:mmtk:space:immix]
4d400000-4d800000 rw-p 00000000 00:00 0                                  [anon:mmtk:space:los]
4d800000-4dc00000 rw-p 00000000 00:00 0                                  [anon:mmtk:space:immix]
4dc00000-4e000000 rw-p 00000000 00:00 0                                  [anon:mmtk:space:los]
4e000000-4e800000 rw-p 00000000 00:00 0                                  [anon:mmtk:space:immix]
4e800000-4ec00000 rw-p 00000000 00:00 0                                  [anon:mmtk:space:los]
4ec00000-4f000000 rw-p 00000000 00:00 0                                  [anon:mmtk:space:immix]
4f000000-4f400000 rw-p 00000000 00:00 0                                  [anon:mmtk:space:los]
4f400000-4fc00000 rw-p 00000000 00:00 0                                  [anon:mmtk:space:immix]
4fc00000-50000000 rw-p 00000000 00:00 0                                  [anon:mmtk:space:los]
50000000-50400000 rw-p 00000000 00:00 0                                  [anon:mmtk:space:immix]
50400000-51000000 rw-p 00000000 00:00 0                                  [anon:mmtk:space:los]
51000000-51800000 rw-p 00000000 00:00 0                                  [anon:mmtk:space:immix]
51800000-51c00000 rw-p 00000000 00:00 0                                  [anon:mmtk:space:los]
51c00000-52400000 rw-p 00000000 00:00 0                                  [anon:mmtk:space:immix]
52400000-52800000 rw-p 00000000 00:00 0                                  [anon:mmtk:space:los]
52800000-53000000 rw-p 00000000 00:00 0                                  [anon:mmtk:space:immix]
53000000-53400000 rw-p 00000000 00:00 0                                  [anon:mmtk:space:los]
53400000-53800000 rw-p 00000000 00:00 0                                  [anon:mmtk:space:immix]
53800000-53c00000 rw-p 00000000 00:00 0                                  [anon:mmtk:space:los]
53c00000-54400000 rw-p 00000000 00:00 0                                  [anon:mmtk:space:immix]
54400000-55000000 rw-p 00000000 00:00 0                                  [anon:mmtk:space:los]
55000000-55800000 rw-p 00000000 00:00 0                                  [anon:mmtk:space:immix]
200000000000-2000c00c0000 rw-s 00000000 00:10 68                         anon_inode:bpf-map
56b222aea000-56b222aeb000 r--p 00000000 fc:00 49676352                   /mydata/openjdk-mmtk/build/b0test/images/jdk/bin/java
56b222aeb000-56b222aec000 r-xp 00001000 fc:00 49676352                   /mydata/openjdk-mmtk/build/b0test/images/jdk/bin/java
56b222aec000-56b222aed000 r--p 00002000 fc:00 49676352                   /mydata/openjdk-mmtk/build/b0test/images/jdk/bin/java
56b222aed000-56b222aee000 r--p 00002000 fc:00 49676352                   /mydata/openjdk-mmtk/build/b0test/images/jdk/bin/java
56b222aee000-56b222aef000 rw-p 00003000 fc:00 49676352                   /mydata/openjdk-mmtk/build/b0test/images/jdk/bin/java
56b23890b000-56b238953000 rw-p 00000000 00:00 0                          [heap]
6d27dc000000-6d27dc753000 rw-p 00000000 00:00 0 
6d27dc753000-6d27e0000000 ---p 00000000 00:00 0 
6d27e4000000-6d27e492a000 rw-p 00000000 00:00 0 
6d27e492a000-6d27e8000000 ---p 00000000 00:00 0 
6d27e8000000-6d27e8a7b000 rw-p 00000000 00:00 0 
6d27e8a7b000-6d27ec000000 ---p 00000000 00:00 0 
6d27ec000000-6d27ec6b8000 rw-p 00000000 00:00 0 
6d27ec6b8000-6d27f0000000 ---p 00000000 00:00 0 
6d27f0000000-6d27f0afd000 rw-p 00000000 00:00 0 
6d27f0afd000-6d27f4000000 ---p 00000000 00:00 0 
6d27f4000000-6d27f47bb000 rw-p 00000000 00:00 0 
6d27f47bb000-6d27f8000000 ---p 00000000 00:00 0 
6d27f8000000-6d27f886b000 rw-p 00000000 00:00 0 
6d27f886b000-6d27fc000000 ---p 00000000 00:00 0 
6d27fc000000-6d27fc05b000 rw-p 00000000 00:00 0 
6d27fc05b000-6d2800000000 ---p 00000000 00:00 0 
6d2800000000-6d2800021000 rw-p 00000000 00:00 0 
6d2800021000-6d2804000000 ---p 00000000 00:00 0 
6d2807800000-6d2807804000 ---p 00000000 00:00 0 
6d2807804000-6d2807900000 rw-p 00000000 00:00 0 
6d2807900000-6d2807904000 ---p 00000000 00:00 0 
6d2807904000-6d2807a00000 rw-p 00000000 00:00 0 
6d2807a00000-6d2807a04000 ---p 00000000 00:00 0 
6d2807a04000-6d2807b00000 rw-p 00000000 00:00 0 
6d2807b00000-6d2807b04000 ---p 00000000 00:00 0 
6d2807b04000-6d2807c00000 rw-p 00000000 00:00 0 
6d2807c00000-6d2807c04000 ---p 00000000 00:00 0 
6d2807c04000-6d2807d00000 rw-p 00000000 00:00 0 
6d2807d00000-6d2807d04000 ---p 00000000 00:00 0 
6d2807d04000-6d2807e00000 rw-p 00000000 00:00 0 
6d2807e00000-6d2807e04000 ---p 00000000 00:00 0 
6d2807e04000-6d2807f00000 rw-p 00000000 00:00 0 
6d2807f00000-6d2807f04000 ---p 00000000 00:00 0 
6d2807f04000-6d2808000000 rw-p 00000000 00:00 0 
6d2808000000-6d2808021000 rw-p 00000000 00:00 0 
6d2808021000-6d280c000000 ---p 00000000 00:00 0 
6d280c000000-6d280c048000 rw-p 00000000 00:00 0 
6d280c048000-6d2810000000 ---p 00000000 00:00 0 
6d2810000000-6d2810021000 rw-p 00000000 00:00 0 
6d2810021000-6d2814000000 ---p 00000000 00:00 0 
6d2814000000-6d2814021000 rw-p 00000000 00:00 0 
6d2814021000-6d2818000000 ---p 00000000 00:00 0 
6d2818000000-6d2818021000 rw-p 00000000 00:00 0 
6d2818021000-6d281c000000 ---p 00000000 00:00 0 
6d281c000000-6d281c021000 rw-p 00000000 00:00 0 
6d281c021000-6d2820000000 ---p 00000000 00:00 0 
6d2820000000-6d2820021000 rw-p 00000000 00:00 0 
6d2820021000-6d2824000000 ---p 00000000 00:00 0 
6d2824000000-6d2824021000 rw-p 00000000 00:00 0 
6d2824021000-6d2828000000 ---p 00000000 00:00 0 
6d2828000000-6d2828026000 rw-p 00000000 00:00 0 
6d2828026000-6d282c000000 ---p 00000000 00:00 0 
6d282c000000-6d282c023000 rw-p 00000000 00:00 0 
6d282c023000-6d2830000000 ---p 00000000 00:00 0 
6d2830000000-6d2830044000 rw-p 00000000 00:00 0 
6d2830044000-6d2834000000 ---p 00000000 00:00 0 
6d2834000000-6d2834021000 rw-p 00000000 00:00 0 
6d2834021000-6d2838000000 ---p 00000000 00:00 0 
6d2838000000-6d2838021000 rw-p 00000000 00:00 0 
6d2838021000-6d283c000000 ---p 00000000 00:00 0 
6d283c000000-6d283c021000 rw-p 00000000 00:00 0 
6d283c021000-6d2840000000 ---p 00000000 00:00 0 
6d2840000000-6d2840029000 rw-p 00000000 00:00 0 
6d2840029000-6d2844000000 ---p 00000000 00:00 0 
6d2844000000-6d2844021000 rw-p 00000000 00:00 0 
6d2844021000-6d2848000000 ---p 00000000 00:00 0 
6d2848000000-6d2848024000 rw-p 00000000 00:00 0 
6d2848024000-6d284c000000 ---p 00000000 00:00 0 
6d284c000000-6d284c04b000 rw-p 00000000 00:00 0 
6d284c04b000-6d2850000000 ---p 00000000 00:00 0 
6d2850000000-6d2850021000 rw-p 00000000 00:00 0 
6d2850021000-6d2854000000 ---p 00000000 00:00 0 
6d2854000000-6d2854021000 rw-p 00000000 00:00 0 
6d2854021000-6d2858000000 ---p 00000000 00:00 0 
6d2858000000-6d2858037000 rw-p 00000000 00:00 0 
6d2858037000-6d285c000000 ---p 00000000 00:00 0 
6d285c000000-6d285c021000 rw-p 00000000 00:00 0 
6d285c021000-6d2860000000 ---p 00000000 00:00 0 
6d2860000000-6d2860021000 rw-p 00000000 00:00 0 
6d2860021000-6d2864000000 ---p 00000000 00:00 0 
6d2864000000-6d2864021000 rw-p 00000000 00:00 0 
6d2864021000-6d2868000000 ---p 00000000 00:00 0 
6d2868000000-6d2868021000 rw-p 00000000 00:00 0 
6d2868021000-6d286c000000 ---p 00000000 00:00 0 
6d286c000000-6d286c021000 rw-p 00000000 00:00 0 
6d286c021000-6d2870000000 ---p 00000000 00:00 0 
6d2870000000-6d2870021000 rw-p 00000000 00:00 0 
6d2870021000-6d2874000000 ---p 00000000 00:00 0 
6d2874000000-6d2874021000 rw-p 00000000 00:00 0 
6d2874021000-6d2878000000 ---p 00000000 00:00 0 
6d2878000000-6d2878021000 rw-p 00000000 00:00 0 
6d2878021000-6d287c000000 ---p 00000000 00:00 0 
6d287c000000-6d287c021000 rw-p 00000000 00:00 0 
6d287c021000-6d2880000000 ---p 00000000 00:00 0 
6d2880000000-6d2880268000 rw-p 00000000 00:00 0 
6d2880268000-6d2884000000 ---p 00000000 00:00 0 
6d2884000000-6d2884a95000 rw-p 00000000 00:00 0 
6d2884a95000-6d2888000000 ---p 00000000 00:00 0 
6d2888000000-6d28889b9000 rw-p 00000000 00:00 0 
6d28889b9000-6d288c000000 ---p 00000000 00:00 0 
6d288c000000-6d288c2d1000 rw-p 00000000 00:00 0 
6d288c2d1000-6d2890000000 ---p 00000000 00:00 0 
6d2890000000-6d2890021000 rw-p 00000000 00:00 0 
6d2890021000-6d2894000000 ---p 00000000 00:00 0 
6d2894000000-6d2894021000 rw-p 00000000 00:00 0 
6d2894021000-6d2898000000 ---p 00000000 00:00 0 
6d2898000000-6d2898346000 rw-p 00000000 00:00 0 
6d2898346000-6d289c000000 ---p 00000000 00:00 0 
6d289c000000-6d289c2e5000 rw-p 00000000 00:00 0 
6d289c2e5000-6d28a0000000 ---p 00000000 00:00 0 
6d28a0000000-6d28a12f7000 rw-p 00000000 00:00 0 
6d28a12f7000-6d28a4000000 ---p 00000000 00:00 0 
6d28a4000000-6d28a4291000 rw-p 00000000 00:00 0 
6d28a4291000-6d28a8000000 ---p 00000000 00:00 0 
6d28a8000000-6d28a8021000 rw-p 00000000 00:00 0 
6d28a8021000-6d28ac000000 ---p 00000000 00:00 0 
6d28ac000000-6d28ac021000 rw-p 00000000 00:00 0 
6d28ac021000-6d28b0000000 ---p 00000000 00:00 0 
6d28b0000000-6d28b003c000 rw-p 00000000 00:00 0 
6d28b003c000-6d28b4000000 ---p 00000000 00:00 0 
6d28b4000000-6d28b4021000 rw-p 00000000 00:00 0 
6d28b4021000-6d28b8000000 ---p 00000000 00:00 0 
6d28b8000000-6d28b804a000 rw-p 00000000 00:00 0 
6d28b804a000-6d28bc000000 ---p 00000000 00:00 0 
6d28bc000000-6d28bc023000 rw-p 00000000 00:00 0 
6d28bc023000-6d28c0000000 ---p 00000000 00:00 0 
6d28c0000000-6d28c0039000 rw-p 00000000 00:00 0 
6d28c0039000-6d28c4000000 ---p 00000000 00:00 0 
6d28c4000000-6d28c4023000 rw-p 00000000 00:00 0 
6d28c4023000-6d28c8000000 ---p 00000000 00:00 0 
6d28c8000000-6d28c803b000 rw-p 00000000 00:00 0 
6d28c803b000-6d28cc000000 ---p 00000000 00:00 0 
6d28cc000000-6d28cc032000 rw-p 00000000 00:00 0 
6d28cc032000-6d28d0000000 ---p 00000000 00:00 0 
6d28d0000000-6d28d019f000 rw-p 00000000 00:00 0 
6d28d019f000-6d28d4000000 ---p 00000000 00:00 0 
6d28d4000000-6d28d402a000 rw-p 00000000 00:00 0 
6d28d402a000-6d28d8000000 ---p 00000000 00:00 0 
6d28d8000000-6d28d805b000 rw-p 00000000 00:00 0 
6d28d805b000-6d28dc000000 ---p 00000000 00:00 0 
6d28dc000000-6d28dc06a000 rw-p 00000000 00:00 0 
6d28dc06a000-6d28e0000000 ---p 00000000 00:00 0 
6d28e0000000-6d28e003a000 rw-p 00000000 00:00 0 
6d28e003a000-6d28e4000000 ---p 00000000 00:00 0 
6d28e4000000-6d28e40f5000 rw-p 00000000 00:00 0 
6d28e40f5000-6d28e8000000 ---p 00000000 00:00 0 
6d28e8000000-6d28e802a000 rw-p 00000000 00:00 0 
6d28e802a000-6d28ec000000 ---p 00000000 00:00 0 
6d28ec000000-6d28ec032000 rw-p 00000000 00:00 0 
6d28ec032000-6d28f0000000 ---p 00000000 00:00 0 
6d28f0000000-6d28f002a000 rw-p 00000000 00:00 0 
6d28f002a000-6d28f4000000 ---p 00000000 00:00 0 
6d28f4000000-6d28f402b000 rw-p 00000000 00:00 0 
6d28f402b000-6d28f8000000 ---p 00000000 00:00 0 
6d28f8000000-6d28f802a000 rw-p 00000000 00:00 0 
6d28f802a000-6d28fc000000 ---p 00000000 00:00 0 
6d28fc000000-6d28fc02a000 rw-p 00000000 00:00 0 
6d28fc02a000-6d2900000000 ---p 00000000 00:00 0 
6d2900000000-6d2900023000 rw-p 00000000 00:00 0 
6d2900023000-6d2904000000 ---p 00000000 00:00 0 
6d2904000000-6d290403b000 rw-p 00000000 00:00 0 
6d290403b000-6d2908000000 ---p 00000000 00:00 0 
6d2908000000-6d290805b000 rw-p 00000000 00:00 0 
6d290805b000-6d290c000000 ---p 00000000 00:00 0 
6d290c000000-6d290c32b000 rw-p 00000000 00:00 0 
6d290c32b000-6d2910000000 ---p 00000000 00:00 0 
6d2910000000-6d2910021000 rw-p 00000000 00:00 0 
6d2910021000-6d2914000000 ---p 00000000 00:00 0 
6d2914000000-6d2914021000 rw-p 00000000 00:00 0 
6d2914021000-6d2918000000 ---p 00000000 00:00 0 
6d2918000000-6d2918021000 rw-p 00000000 00:00 0 
6d2918021000-6d291c000000 ---p 00000000 00:00 0 
6d291c000000-6d291c021000 rw-p 00000000 00:00 0 
6d291c021000-6d2920000000 ---p 00000000 00:00 0 
6d2920000000-6d2920280000 rw-p 00000000 00:00 0 
6d2920280000-6d2920400000 ---p 00000000 00:00 0 
6d2920400000-6d29208c0000 rw-p 00000000 00:00 0 
6d29208c0000-6d2924000000 ---p 00000000 00:00 0 
6d2924000000-6d2924021000 rw-p 00000000 00:00 0 
6d2924021000-6d2928000000 ---p 00000000 00:00 0 
6d29280fd000-6d2928101000 ---p 00000000 00:00 0 
6d2928101000-6d29281fd000 rw-p 00000000 00:00 0 
6d29281fd000-6d2928201000 ---p 00000000 00:00 0 
6d2928201000-6d29282fd000 rw-p 00000000 00:00 0 
6d29282fd000-6d2928301000 ---p 00000000 00:00 0 
6d2928301000-6d29283fd000 rw-p 00000000 00:00 0 
6d29283fd000-6d2928401000 ---p 00000000 00:00 0 
6d2928401000-6d29284fd000 rw-p 00000000 00:00 0 
6d29284fd000-6d2928501000 ---p 00000000 00:00 0 
6d2928501000-6d29285fd000 rw-p 00000000 00:00 0 
6d29285fd000-6d2928601000 ---p 00000000 00:00 0 
6d2928601000-6d29286fd000 rw-p 00000000 00:00 0 
6d29286fd000-6d2928701000 ---p 00000000 00:00 0 
6d2928701000-6d29287fd000 rw-p 00000000 00:00 0 
6d29287fd000-6d2928801000 ---p 00000000 00:00 0 
6d2928801000-6d29288fd000 rw-p 00000000 00:00 0 
6d29288fd000-6d2928901000 ---p 00000000 00:00 0 
6d2928901000-6d29289fd000 rw-p 00000000 00:00 0 
6d29289fd000-6d2928a01000 ---p 00000000 00:00 0 
6d2928a01000-6d2928afd000 rw-p 00000000 00:00 0 
6d2928afd000-6d2928b01000 ---p 00000000 00:00 0 
6d2928b01000-6d2928bfd000 rw-p 00000000 00:00 0 
6d2928bfd000-6d2928c01000 ---p 00000000 00:00 0 
6d2928c01000-6d2928cfd000 rw-p 00000000 00:00 0 
6d2928cfd000-6d2928d01000 ---p 00000000 00:00 0 
6d2928d01000-6d2928dfd000 rw-p 00000000 00:00 0 
6d2928dfd000-6d2928e01000 ---p 00000000 00:00 0 
6d2928e01000-6d2928efd000 rw-p 00000000 00:00 0 
6d2928efd000-6d2928f01000 ---p 00000000 00:00 0 
6d2928f01000-6d2928ffd000 rw-p 00000000 00:00 0 
6d2928ffd000-6d2929001000 ---p 00000000 00:00 0 
6d2929001000-6d29290fd000 rw-p 00000000 00:00 0 
6d29290fd000-6d2929101000 ---p 00000000 00:00 0 
6d2929101000-6d29291fd000 rw-p 00000000 00:00 0 
6d29291fd000-6d2929201000 ---p 00000000 00:00 0 
6d2929201000-6d29292fd000 rw-p 00000000 00:00 0 
6d29292fd000-6d2929301000 ---p 00000000 00:00 0 
6d2929301000-6d29293fd000 rw-p 00000000 00:00 0 
6d29293fd000-6d2929401000 ---p 00000000 00:00 0 
6d2929401000-6d29294fd000 rw-p 00000000 00:00 0 
6d29294fd000-6d2929501000 ---p 00000000 00:00 0 
6d2929501000-6d29295fd000 rw-p 00000000 00:00 0 
6d29295fd000-6d2929601000 ---p 00000000 00:00 0 
6d2929601000-6d29296fd000 rw-p 00000000 00:00 0 
6d29296fd000-6d2929701000 ---p 00000000 00:00 0 
6d2929701000-6d29297fd000 rw-p 00000000 00:00 0 
6d29297fd000-6d2929801000 ---p 00000000 00:00 0 
6d2929801000-6d29298fd000 rw-p 00000000 00:00 0 
6d29298fd000-6d2929901000 ---p 00000000 00:00 0 
6d2929901000-6d29299fd000 rw-p 00000000 00:00 0 
6d29299fd000-6d2929a01000 ---p 00000000 00:00 0 
6d2929a01000-6d2929afd000 rw-p 00000000 00:00 0 
6d2929afd000-6d2929b01000 ---p 00000000 00:00 0 
6d2929b01000-6d2929bfd000 rw-p 00000000 00:00 0 
6d2929bfd000-6d2929c01000 ---p 00000000 00:00 0 
6d2929c01000-6d2929cfd000 rw-p 00000000 00:00 0 
6d2929cfd000-6d2929d01000 ---p 00000000 00:00 0 
6d2929d01000-6d2929dfd000 rw-p 00000000 00:00 0 
6d2929dfd000-6d2929e01000 ---p 00000000 00:00 0 
6d2929e01000-6d2929efd000 rw-p 00000000 00:00 0 
6d2929efd000-6d2929f01000 ---p 00000000 00:00 0 
6d2929f01000-6d2929ffd000 rw-p 00000000 00:00 0 
6d2929ffd000-6d292a001000 ---p 00000000 00:00 0 
6d292a001000-6d292a0fd000 rw-p 00000000 00:00 0 
6d292a0fd000-6d292a101000 ---p 00000000 00:00 0 
6d292a101000-6d292a1fd000 rw-p 00000000 00:00 0 
6d292a1fd000-6d292a201000 ---p 00000000 00:00 0 
6d292a201000-6d292a2fd000 rw-p 00000000 00:00 0 
6d292a2fd000-6d292a301000 ---p 00000000 00:00 0 
6d292a301000-6d292a3fd000 rw-p 00000000 00:00 0 
6d292a3fd000-6d292a401000 ---p 00000000 00:00 0 
6d292a401000-6d292a4fd000 rw-p 00000000 00:00 0 
6d292a4fd000-6d292a501000 ---p 00000000 00:00 0 
6d292a501000-6d292a5fd000 rw-p 00000000 00:00 0 
6d292a5fd000-6d292a601000 ---p 00000000 00:00 0 
6d292a601000-6d292a6fd000 rw-p 00000000 00:00 0 
6d292a6fd000-6d292a701000 ---p 00000000 00:00 0 
6d292a701000-6d292a7fd000 rw-p 00000000 00:00 0 
6d292a7fd000-6d292a801000 ---p 00000000 00:00 0 
6d292a801000-6d292a8fd000 rw-p 00000000 00:00 0 
6d292a8fd000-6d292a901000 ---p 00000000 00:00 0 
6d292a901000-6d292a9fd000 rw-p 00000000 00:00 0 
6d292a9fd000-6d292aa01000 ---p 00000000 00:00 0 
6d292aa01000-6d292aafd000 rw-p 00000000 00:00 0 
6d292aafd000-6d292ab01000 ---p 00000000 00:00 0 
6d292ab01000-6d292abfd000 rw-p 00000000 00:00 0 
6d292abfd000-6d292ac01000 ---p 00000000 00:00 0 
6d292ac01000-6d292acfd000 rw-p 00000000 00:00 0 
6d292acfd000-6d292acfe000 ---p 00000000 00:00 0 
6d292acfe000-6d292adfe000 rw-p 00000000 00:00 0 
6d292adfe000-6d292adff000 ---p 00000000 00:00 0 
6d292adff000-6d292aeff000 rw-p 00000000 00:00 0 
6d292aeff000-6d292af00000 ---p 00000000 00:00 0 
6d292af00000-6d292b000000 rw-p 00000000 00:00 0 
6d292b000000-6d292bca3000 rw-p 00001000 fc:00 49677059                   /mydata/openjdk-mmtk/build/b0test/images/jdk/lib/server/classes.jsa
6d292bca3000-6d292c000000 ---p 00000000 00:00 0 
6d292c000000-6d292c040000 rw-p 00000000 00:00 0 
6d292c040000-6d292c110000 rw-p 00000000 00:00 0 
6d292c110000-6d296c000000 ---p 00000000 00:00 0 
6d296c000000-6d296c021000 rw-p 00000000 00:00 0 
6d296c021000-6d2970000000 ---p 00000000 00:00 0 
6d29700ef000-6d29700f0000 ---p 00000000 00:00 0 
6d29700f0000-6d29701f0000 rw-p 00000000 00:00 0 
6d29701f0000-6d29701f1000 ---p 00000000 00:00 0 
6d29701f1000-6d29702f1000 rw-p 00000000 00:00 0 
6d29702f1000-6d29702f2000 ---p 00000000 00:00 0 
6d29702f2000-6d29703f2000 rw-p 00000000 00:00 0 
6d29703f2000-6d29703f3000 ---p 00000000 00:00 0 
6d29703f3000-6d29704f3000 rw-p 00000000 00:00 0 
6d29704f3000-6d29704f4000 ---p 00000000 00:00 0 
6d29704f4000-6d29705f4000 rw-p 00000000 00:00 0 
6d29705f4000-6d29705f5000 ---p 00000000 00:00 0 
6d29705f5000-6d29706f5000 rw-p 00000000 00:00 0 
6d29706f5000-6d29706f6000 ---p 00000000 00:00 0 
6d29706f6000-6d29707f6000 rw-p 00000000 00:00 0 
6d29707f6000-6d29707f7000 ---p 00000000 00:00 0 
6d29707f7000-6d29708f7000 rw-p 00000000 00:00 0 
6d29708f7000-6d29708f8000 ---p 00000000 00:00 0 
6d29708f8000-6d29709f8000 rw-p 00000000 00:00 0 
6d29709f8000-6d29709f9000 ---p 00000000 00:00 0 
6d29709f9000-6d2970af9000 rw-p 00000000 00:00 0 
6d2970af9000-6d2970afa000 ---p 00000000 00:00 0 
6d2970afa000-6d2970bfa000 rw-p 00000000 00:00 0 
6d2970bfa000-6d2970bfb000 ---p 00000000 00:00 0 
6d2970bfb000-6d2970cfb000 rw-p 00000000 00:00 0 
6d2970cfb000-6d2970cfc000 ---p 00000000 00:00 0 
6d2970cfc000-6d2970dfc000 rw-p 00000000 00:00 0 
6d2970dfc000-6d2970dfd000 ---p 00000000 00:00 0 
6d2970dfd000-6d2970efd000 rw-p 00000000 00:00 0 
6d2970efd000-6d2970efe000 ---p 00000000 00:00 0 
6d2970efe000-6d2970ffe000 rw-p 00000000 00:00 0 
6d2970ffe000-6d2970fff000 ---p 00000000 00:00 0 
6d2970fff000-6d29710ff000 rw-p 00000000 00:00 0 
6d29710ff000-6d2971100000 ---p 00000000 00:00 0 
6d2971100000-6d2971200000 rw-p 00000000 00:00 0 
6d2971200000-6d2974200000 rw-p 00000000 00:00 0 
6d29742fb000-6d29742fc000 ---p 00000000 00:00 0 
6d29742fc000-6d29743fc000 rw-p 00000000 00:00 0 
6d29743fc000-6d29a4400000 rw-p 00000000 00:00 0 
6d29a4400000-6d29a5400000 ---p 00000000 00:00 0                          [anon:mmtk:sidemeta:all:all-quarantined]
6d29a5400000-6d29a5c00000 rw-p 00000000 00:00 0                          [anon:mmtk:sidemeta:immix:VO_BIT]
6d29a5c00000-6f29a6400000 ---p 00000000 00:00 0                          [anon:mmtk:sidemeta:all:all-quarantined]
6f29a6400000-6f29a6800000 rw-p 00000000 00:00 0                          [anon:mmtk:sidemeta:immix:CHUNK_MARK]
6f29a6800000-6f29a9400000 ---p 00000000 00:00 0                          [anon:mmtk:sidemeta:all:all-quarantined]
6f29a9400000-6f29a9c00000 rw-p 00000000 00:00 0                          [anon:mmtk:sidemeta:immix:VMGlobalLogBitSpec]
6f29a9c00000-7131a8800000 ---p 00000000 00:00 0                          [anon:mmtk:sidemeta:all:all-quarantined]
7131a8800000-7131a8c00000 rw-p 00000000 00:00 0                          [anon:mmtk:sidemeta:immix:IX_LINE_MARK]
7131a8c00000-71b1a8400000 ---p 00000000 00:00 0                          [anon:mmtk:sidemeta:all:all-quarantined]
71b1a8400000-71b1a8800000 rw-p 00000000 00:00 0                          [anon:mmtk:sidemeta:immix:IX_BLOCK_DEFRAG]
71b1a8800000-71b2a8400000 ---p 00000000 00:00 0                          [anon:mmtk:sidemeta:all:all-quarantined]
71b2a8400000-71b2a8800000 rw-p 00000000 00:00 0                          [anon:mmtk:sidemeta:immix:IX_BLOCK_MARK]
71b2a8800000-77d428400000 ---p 00000000 00:00 0                          [anon:mmtk:sidemeta:all:all-quarantined]
77d428400000-77d428800000 rw-p 00000000 00:00 0                          [anon:mmtk:sidemeta:los:VMLocalLOSMarkNurserySpec]
77d428800000-77d629400000 ---p 00000000 00:00 0                          [anon:mmtk:sidemeta:all:all-quarantined]
77d629400000-77d629c00000 rw-p 00000000 00:00 0                          [anon:mmtk:sidemeta:immix:VMLocalMarkBitSpec]
77d629c00000-79d628400000 ---p 00000000 00:00 0                          [anon:mmtk:sidemeta:all:all-quarantined]
79d62842c000-79d628431000 r--p 00000000 fc:00 49676433                   /mydata/openjdk-mmtk/build/b0test/images/jdk/lib/libjsvml.so
79d628431000-79d628472000 r-xp 00005000 fc:00 49676433                   /mydata/openjdk-mmtk/build/b0test/images/jdk/lib/libjsvml.so
79d628472000-79d6284fb000 r--p 00046000 fc:00 49676433                   /mydata/openjdk-mmtk/build/b0test/images/jdk/lib/libjsvml.so
79d6284fb000-79d6284fc000 r--p 000ce000 fc:00 49676433                   /mydata/openjdk-mmtk/build/b0test/images/jdk/lib/libjsvml.so
79d6284fc000-79d6284fd000 rw-p 000cf000 fc:00 49676433                   /mydata/openjdk-mmtk/build/b0test/images/jdk/lib/libjsvml.so
79d6284fd000-79d6284fe000 ---p 00000000 00:00 0 
79d6284fe000-79d6285fe000 rw-p 00000000 00:00 0 
79d6285fe000-79d6285ff000 ---p 00000000 00:00 0 
79d6285ff000-79d6286ff000 rw-p 00000000 00:00 0 
79d6286ff000-79d628703000 ---p 00000000 00:00 0 
79d628703000-79d6287ff000 rw-p 00000000 00:00 0 
79d6287ff000-79d648800000 rw-p 00000000 00:00 0 
79d648800000-79d648f00000 rwxp 00000000 00:00 0 
79d648f00000-79d64fc17000 ---p 00000000 00:00 0 
79d64fc17000-79d64ffa7000 rwxp 00000000 00:00 0 
79d64ffa7000-79d6503e8000 ---p 00000000 00:00 0 
79d6503e8000-79d650658000 rwxp 00000000 00:00 0 
79d650658000-79d657800000 ---p 00000000 00:00 0 
79d657800000-79d65ffa0000 r--s 00000000 fc:00 49676300                   /mydata/openjdk-mmtk/build/b0test/images/jdk/lib/modules
79d660000000-79d6607f8000 rw-p 00000000 00:00 0 
79d6607f8000-79d664004000 ---p 00000000 00:00 0 
79d664004000-79d664100000 rw-p 00000000 00:00 0 
79d664100000-79d664104000 ---p 00000000 00:00 0 
79d664104000-79d664200000 rw-p 00000000 00:00 0 
79d664200000-79d6644eb000 r--p 00000000 08:03 1410552                    /usr/lib/locale/locale-archive
79d664542000-79d664543000 ---p 00000000 00:00 0 
79d664543000-79d664643000 rw-p 00000000 00:00 0 
79d664643000-79d664644000 ---p 00000000 00:00 0 
79d664644000-79d664744000 rw-p 00000000 00:00 0 
79d664744000-79d664d45000 rw-p 00000000 00:00 0 
79d664d45000-79d664d46000 ---p 00000000 00:00 0 
79d664d46000-79d664f46000 rw-p 00000000 00:00 0 
79d664f46000-79d664f4a000 r--p 00000000 08:03 1410107                    /usr/lib/x86_64-linux-gnu/libzstd.so.1.5.5
79d664f4a000-79d664ff1000 r-xp 00004000 08:03 1410107                    /usr/lib/x86_64-linux-gnu/libzstd.so.1.5.5
79d664ff1000-79d664ffe000 r--p 000ab000 08:03 1410107                    /usr/lib/x86_64-linux-gnu/libzstd.so.1.5.5
79d664ffe000-79d664fff000 r--p 000b7000 08:03 1410107                    /usr/lib/x86_64-linux-gnu/libzstd.so.1.5.5
79d664fff000-79d665000000 rw-p 000b8000 08:03 1410107                    /usr/lib/x86_64-linux-gnu/libzstd.so.1.5.5
79d665000000-79d66500c000 r--p 00000000 fc:00 13107796                   /mydata/gc-bpf-fault/shim/libgcbpf.so
79d66500c000-79d66506e000 r-xp 0000c000 fc:00 13107796                   /mydata/gc-bpf-fault/shim/libgcbpf.so
79d66506e000-79d6652de000 r--p 0006e000 fc:00 13107796                   /mydata/gc-bpf-fault/shim/libgcbpf.so
79d6652de000-79d6652e0000 r--p 002de000 fc:00 13107796                   /mydata/gc-bpf-fault/shim/libgcbpf.so
79d6652e0000-79d6652e1000 rw-p 002e0000 fc:00 13107796                   /mydata/gc-bpf-fault/shim/libgcbpf.so
79d6652e1000-79d6652e2000 rw-p 00000000 00:00 0 
79d665317000-79d66531c000 rw-p 00000000 00:00 0 
79d66531c000-79d665400000 ---p 00000000 00:00 0 
79d665400000-79d665548000 r--p 00000000 fc:00 49676390                   /mydata/openjdk-mmtk/build/b0test/images/jdk/lib/server/libmmtk_openjdk.so
79d665548000-79d6657c8000 r-xp 00147000 fc:00 49676390                   /mydata/openjdk-mmtk/build/b0test/images/jdk/lib/server/libmmtk_openjdk.so
79d6657c8000-79d665808000 r--p 003c6000 fc:00 49676390                   /mydata/openjdk-mmtk/build/b0test/images/jdk/lib/server/libmmtk_openjdk.so
79d665808000-79d66580b000 rw-p 00405000 fc:00 49676390                   /mydata/openjdk-mmtk/build/b0test/images/jdk/lib/server/libmmtk_openjdk.so
79d66580b000-79d66580d000 rw-p 00000000 00:00 0 
79d665817000-79d665825000 rw-p 00000000 00:00 0 
79d665825000-79d665900000 ---p 00000000 00:00 0 
79d665900000-79d665904000 ---p 00000000 00:00 0 
79d665904000-79d665a00000 rw-p 00000000 00:00 0 
79d665a00000-79d665ca9000 r--p 00000000 fc:00 49676389                   /mydata/openjdk-mmtk/build/b0test/images/jdk/lib/server/libjvm.so
79d665ca9000-79d666b3c000 r-xp 002a9000 fc:00 49676389                   /mydata/openjdk-mmtk/build/b0test/images/jdk/lib/server/libjvm.so
79d666b3c000-79d666e20000 r--p 0113c000 fc:00 49676389                   /mydata/openjdk-mmtk/build/b0test/images/jdk/lib/server/libjvm.so
79d666e20000-79d666ef6000 r--p 0141f000 fc:00 49676389                   /mydata/openjdk-mmtk/build/b0test/images/jdk/lib/server/libjvm.so
79d666ef6000-79d666f26000 rw-p 014f5000 fc:00 49676389                   /mydata/openjdk-mmtk/build/b0test/images/jdk/lib/server/libjvm.so
79d666f26000-79d666f8c000 rw-p 00000000 00:00 0 
79d666f95000-79d666f9c000 r--s 00000000 08:03 1436340                    /usr/lib/x86_64-linux-gnu/gconv/gconv-modules.cache
79d666f9c000-79d666fa0000 r--p 00000000 fc:00 49676379                   /mydata/openjdk-mmtk/build/b0test/images/jdk/lib/libverify.so
79d666fa0000-79d666fa7000 r-xp 00004000 fc:00 49676379                   /mydata/openjdk-mmtk/build/b0test/images/jdk/lib/libverify.so
79d666fa7000-79d666fa9000 r--p 0000b000 fc:00 49676379                   /mydata/openjdk-mmtk/build/b0test/images/jdk/lib/libverify.so
79d666fa9000-79d666fab000 r--p 0000c000 fc:00 49676379                   /mydata/openjdk-mmtk/build/b0test/images/jdk/lib/libverify.so
79d666fab000-79d666fac000 rw-p 0000e000 fc:00 49676379                   /mydata/openjdk-mmtk/build/b0test/images/jdk/lib/libverify.so
79d666fac000-79d666faf000 r--p 00000000 fc:00 49676376                   /mydata/openjdk-mmtk/build/b0test/images/jdk/lib/libnet.so
79d666faf000-79d666fb7000 r-xp 00003000 fc:00 49676376                   /mydata/openjdk-mmtk/build/b0test/images/jdk/lib/libnet.so
79d666fb7000-79d666fb9000 r--p 0000b000 fc:00 49676376                   /mydata/openjdk-mmtk/build/b0test/images/jdk/lib/libnet.so
79d666fb9000-79d666fba000 r--p 0000c000 fc:00 49676376                   /mydata/openjdk-mmtk/build/b0test/images/jdk/lib/libnet.so
79d666fba000-79d666fbb000 rw-p 0000d000 fc:00 49676376                   /mydata/openjdk-mmtk/build/b0test/images/jdk/lib/libnet.so
79d666fbb000-79d666fc2000 r--p 00000000 fc:00 49676377                   /mydata/openjdk-mmtk/build/b0test/images/jdk/lib/libnio.so
79d666fc2000-79d666fcb000 r-xp 00007000 fc:00 49676377                   /mydata/openjdk-mmtk/build/b0test/images/jdk/lib/libnio.so
79d666fcb000-79d666fcf000 r--p 00010000 fc:00 49676377                   /mydata/openjdk-mmtk/build/b0test/images/jdk/lib/libnio.so
79d666fcf000-79d666fd0000 r--p 00014000 fc:00 49676377                   /mydata/openjdk-mmtk/build/b0test/images/jdk/lib/libnio.so
79d666fd0000-79d666fd1000 rw-p 00015000 fc:00 49676377                   /mydata/openjdk-mmtk/build/b0test/images/jdk/lib/libnio.so
79d666fd1000-79d666fd4000 r--p 00000000 08:03 1410420                    /usr/lib/x86_64-linux-gnu/libelf-0.190.so
79d666fd4000-79d666fea000 r-xp 00003000 08:03 1410420                    /usr/lib/x86_64-linux-gnu/libelf-0.190.so
79d666fea000-79d666fee000 r--p 00019000 08:03 1410420                    /usr/lib/x86_64-linux-gnu/libelf-0.190.so
79d666fee000-79d666fef000 r--p 0001c000 08:03 1410420                    /usr/lib/x86_64-linux-gnu/libelf-0.190.so
79d666fef000-79d666ff0000 rw-p 0001d000 08:03 1410420                    /usr/lib/x86_64-linux-gnu/libelf-0.190.so
79d666ff0000-79d666ff8000 rw-p 00000000 00:00 0 
79d666ff8000-79d667000000 ---p 00000000 00:00 0 
79d667000000-79d667028000 r--p 00000000 08:03 1410238                    /usr/lib/x86_64-linux-gnu/libc.so.6
79d667028000-79d6671b0000 r-xp 00028000 08:03 1410238                    /usr/lib/x86_64-linux-gnu/libc.so.6
79d6671b0000-79d6671ff000 r--p 001b0000 08:03 1410238                    /usr/lib/x86_64-linux-gnu/libc.so.6
79d6671ff000-79d667203000 r--p 001fe000 08:03 1410238                    /usr/lib/x86_64-linux-gnu/libc.so.6
79d667203000-79d667205000 rw-p 00202000 08:03 1410238                    /usr/lib/x86_64-linux-gnu/libc.so.6
79d667205000-79d667212000 rw-p 00000000 00:00 0 
79d667213000-79d667215000 r--p 00000000 fc:00 49676380                   /mydata/openjdk-mmtk/build/b0test/images/jdk/lib/libzip.so
79d667215000-79d66721a000 r-xp 00002000 fc:00 49676380                   /mydata/openjdk-mmtk/build/b0test/images/jdk/lib/libzip.so
79d66721a000-79d66721c000 r--p 00007000 fc:00 49676380                   /mydata/openjdk-mmtk/build/b0test/images/jdk/lib/libzip.so
79d66721c000-79d66721d000 r--p 00008000 fc:00 49676380                   /mydata/openjdk-mmtk/build/b0test/images/jdk/lib/libzip.so
79d66721d000-79d66721e000 rw-p 00009000 fc:00 49676380                   /mydata/openjdk-mmtk/build/b0test/images/jdk/lib/libzip.so
79d66721e000-79d66722b000 r--p 00000000 fc:00 49676369                   /mydata/openjdk-mmtk/build/b0test/images/jdk/lib/libjava.so
79d66722b000-79d66723a000 r-xp 0000d000 fc:00 49676369                   /mydata/openjdk-mmtk/build/b0test/images/jdk/lib/libjava.so
79d66723a000-79d66723f000 r--p 0001c000 fc:00 49676369                   /mydata/openjdk-mmtk/build/b0test/images/jdk/lib/libjava.so
79d66723f000-79d667240000 r--p 00021000 fc:00 49676369                   /mydata/openjdk-mmtk/build/b0test/images/jdk/lib/libjava.so
79d667240000-79d667241000 rw-p 00022000 fc:00 49676369                   /mydata/openjdk-mmtk/build/b0test/images/jdk/lib/libjava.so
79d667241000-79d667242000 rw-p 00000000 00:00 0 
79d667242000-79d66724a000 rw-s 00000000 08:03 237600                     /tmp/hsperfdata_root/457181
79d66724a000-79d66724e000 r--p 00000000 fc:00 49676370                   /mydata/openjdk-mmtk/build/b0test/images/jdk/lib/libjimage.so
79d66724e000-79d667265000 r-xp 00004000 fc:00 49676370                   /mydata/openjdk-mmtk/build/b0test/images/jdk/lib/libjimage.so
79d667265000-79d66726a000 r--p 0001b000 fc:00 49676370                   /mydata/openjdk-mmtk/build/b0test/images/jdk/lib/libjimage.so
79d66726a000-79d66726c000 r--p 00020000 fc:00 49676370                   /mydata/openjdk-mmtk/build/b0test/images/jdk/lib/libjimage.so
79d66726c000-79d66726d000 rw-p 00022000 fc:00 49676370                   /mydata/openjdk-mmtk/build/b0test/images/jdk/lib/libjimage.so
79d66726d000-79d667271000 r--p 00000000 08:03 1410148                    /usr/lib/x86_64-linux-gnu/libgcc_s.so.1
79d667271000-79d667295000 r-xp 00004000 08:03 1410148                    /usr/lib/x86_64-linux-gnu/libgcc_s.so.1
79d667295000-79d667299000 r--p 00028000 08:03 1410148                    /usr/lib/x86_64-linux-gnu/libgcc_s.so.1
79d667299000-79d66729a000 r--p 0002b000 08:03 1410148                    /usr/lib/x86_64-linux-gnu/libgcc_s.so.1
79d66729a000-79d66729b000 rw-p 0002c000 08:03 1410148                    /usr/lib/x86_64-linux-gnu/libgcc_s.so.1
79d66729b000-79d6672ab000 r--p 00000000 08:03 1411099                    /usr/lib/x86_64-linux-gnu/libm.so.6
79d6672ab000-79d66732a000 r-xp 00010000 08:03 1411099                    /usr/lib/x86_64-linux-gnu/libm.so.6
79d66732a000-79d667382000 r--p 0008f000 08:03 1411099                    /usr/lib/x86_64-linux-gnu/libm.so.6
79d667382000-79d667383000 r--p 000e7000 08:03 1411099                    /usr/lib/x86_64-linux-gnu/libm.so.6
79d667383000-79d667384000 rw-p 000e8000 08:03 1411099                    /usr/lib/x86_64-linux-gnu/libm.so.6
79d667384000-79d667386000 rw-p 00000000 00:00 0 
79d667386000-79d667388000 r--p 00000000 08:03 1409104                    /usr/lib/x86_64-linux-gnu/libz.so.1.3
79d667388000-79d66739a000 r-xp 00002000 08:03 1409104                    /usr/lib/x86_64-linux-gnu/libz.so.1.3
79d66739a000-79d6673a0000 r--p 00014000 08:03 1409104                    /usr/lib/x86_64-linux-gnu/libz.so.1.3
79d6673a0000-79d6673a1000 r--p 0001a000 08:03 1409104                    /usr/lib/x86_64-linux-gnu/libz.so.1.3
79d6673a1000-79d6673a2000 rw-p 0001b000 08:03 1409104                    /usr/lib/x86_64-linux-gnu/libz.so.1.3
79d6673a7000-79d6673a8000 rw-s 00000000 00:10 68                         anon_inode:bpf-map
79d6673a8000-79d6673a9000 r--s 00000000 00:10 68                         anon_inode:bpf-map
79d6673a9000-79d6673aa000 ---p 00000000 00:00 0 
79d6673aa000-79d6673ab000 r--p 00000000 00:00 0 
79d6673ab000-79d6673ac000 ---p 00000000 00:00 0 
79d6673ac000-79d6673ae000 r--p 00000000 fc:00 49676372                   /mydata/openjdk-mmtk/build/b0test/images/jdk/lib/libjli.so
79d6673ae000-79d6673b8000 r-xp 00002000 fc:00 49676372                   /mydata/openjdk-mmtk/build/b0test/images/jdk/lib/libjli.so
79d6673b8000-79d6673bb000 r--p 0000c000 fc:00 49676372                   /mydata/openjdk-mmtk/build/b0test/images/jdk/lib/libjli.so
79d6673bb000-79d6673bc000 r--p 0000f000 fc:00 49676372                   /mydata/openjdk-mmtk/build/b0test/images/jdk/lib/libjli.so
79d6673bc000-79d6673bd000 rw-p 00010000 fc:00 49676372                   /mydata/openjdk-mmtk/build/b0test/images/jdk/lib/libjli.so
79d6673bd000-79d6673bf000 rw-p 00000000 00:00 0 
79d6673bf000-79d6673c3000 r--p 00000000 00:00 0                          [vvar]
79d6673c3000-79d6673c5000 r--p 00000000 00:00 0                          [vvar_vclock]
79d6673c5000-79d6673c7000 r-xp 00000000 00:00 0                          [vdso]
79d6673c7000-79d6673c8000 r--p 00000000 08:03 1409763                    /usr/lib/x86_64-linux-gnu/ld-linux-x86-64.so.2
79d6673c8000-79d6673f3000 r-xp 00001000 08:03 1409763                    /usr/lib/x86_64-linux-gnu/ld-linux-x86-64.so.2
79d6673f3000-79d6673fd000 r--p 0002c000 08:03 1409763                    /usr/lib/x86_64-linux-gnu/ld-linux-x86-64.so.2
79d6673fd000-79d6673ff000 r--p 00036000 08:03 1409763                    /usr/lib/x86_64-linux-gnu/ld-linux-x86-64.so.2
79d6673ff000-79d667401000 rw-p 00038000 08:03 1409763                    /usr/lib/x86_64-linux-gnu/ld-linux-x86-64.so.2
7ffeaa48a000-7ffeaa4ab000 rw-p 00000000 00:00 0                          [stack]
ffffffffff600000-ffffffffff601000 --xp 00000000 00:00 0                  [vsyscall]
Total number of mappings: 549

JVMTI agents: none


VM Arguments:
jvm_args: -XX:+UseThirdPartyHeap -Xms512m -Xmx512m 
java_command: /mydata/dacapo/dacapo-23.11/dacapo-23.11-MR2-chopin.jar xalan -n 3
java_class_path (initial): /mydata/dacapo/dacapo-23.11/dacapo-23.11-MR2-chopin.jar
Launcher Type: SUN_STANDARD

[Global flags]
     intx CICompilerCount                          = 15                                        {product} {ergonomic}
   size_t InitialHeapSize                          = 536870912                                 {product} {command line}
   size_t MaxHeapSize                              = 536870912                                 {product} {command line}
   size_t MinHeapDeltaBytes                        = 524288                                    {product} {ergonomic}
   size_t MinHeapSize                              = 536870912                                 {product} {command line}
    uintx NonNMethodCodeHeapSize                   = 8192380                                {pd product} {ergonomic}
    uintx NonProfiledCodeHeapSize                  = 121732930                              {pd product} {ergonomic}
    uintx ProfiledCodeHeapSize                     = 121732930                              {pd product} {ergonomic}
    uintx ReservedCodeCacheSize                    = 251658240                              {pd product} {ergonomic}
     bool SegmentedCodeCache                       = true                                      {product} {ergonomic}
   size_t SoftMaxHeapSize                          = 536870912                              {manageable} {ergonomic}
     bool UseCompressedOops                        = true                           {product lp64_product} {ergonomic}

Logging:
Log output configuration:
 #0: stdout all=warning uptime,level,tags foldmultilines=false
 #1: stderr all=off uptime,level,tags foldmultilines=false

Release file:
IMPLEMENTOR="N/A"
JAVA_RUNTIME_VERSION="21.0.9-internal-adhoc.talzuss.openjdk-mmtk"
JAVA_VERSION="21.0.9"
JAVA_VERSION_DATE="2025-10-21"
LIBC="gnu"
MODULES="java.base java.compiler java.datatransfer java.xml java.prefs java.desktop java.instrument java.logging java.management java.security.sasl java.naming java.rmi java.management.rmi java.net.http java.scripting java.security.jgss java.transaction.xa java.sql java.sql.rowset java.xml.crypto java.se java.smartcardio jdk.accessibility jdk.internal.jvmstat jdk.attach jdk.charsets jdk.internal.opt jdk.zipfs jdk.compiler jdk.crypto.ec jdk.crypto.cryptoki jdk.dynalink jdk.internal.ed jdk.editpad jdk.hotspot.agent jdk.httpserver jdk.incubator.vector jdk.internal.le jdk.internal.vm.ci jdk.internal.vm.compiler jdk.internal.vm.compiler.management jdk.jartool jdk.javadoc jdk.jcmd jdk.management jdk.management.agent jdk.jconsole jdk.jdeps jdk.jdwp.agent jdk.jdi jdk.jfr jdk.jlink jdk.jpackage jdk.jshell jdk.jsobject jdk.jstatd jdk.localedata jdk.management.jfr jdk.naming.dns jdk.naming.rmi jdk.net jdk.nio.mapmode jdk.random jdk.sctp jdk.security.auth jdk.security.jgss jdk.unsupported jdk.unsupported.desktop jdk.xml.dom"
OS_ARCH="x86_64"
OS_NAME="Linux"
SOURCE=".:git:b557520f04b3+"

Environment Variables:
PATH=/usr/local/sbin:/usr/local/bin:/usr/sbin:/usr/bin:/sbin:/bin:/snap/bin
SHELL=/bin/bash
LANG=en_US.UTF-8
TERM=tmux-256color

Active Locale:
LC_ALL=en_US.UTF-8
LC_COLLATE=en_US.UTF-8
LC_CTYPE=en_US.UTF-8
LC_MESSAGES=en_US.UTF-8
LC_MONETARY=en_US.UTF-8
LC_NUMERIC=en_US.UTF-8
LC_TIME=en_US.UTF-8

Signal Handlers:
   SIGSEGV: crash_handler in libjvm.so, mask=11100100010111111101111111111110, flags=SA_RESTART|SA_SIGINFO, unblocked
    SIGBUS: crash_handler in libjvm.so, mask=11100100010111111101111111111110, flags=SA_RESTART|SA_SIGINFO, unblocked
    SIGFPE: crash_handler in libjvm.so, mask=11100100010111111101111111111110, flags=SA_RESTART|SA_SIGINFO, unblocked
   SIGPIPE: javaSignalHandler in libjvm.so, mask=11100100010111111101111111111110, flags=SA_RESTART|SA_SIGINFO, blocked
   SIGXFSZ: javaSignalHandler in libjvm.so, mask=11100100010111111101111111111110, flags=SA_RESTART|SA_SIGINFO, blocked
    SIGILL: crash_handler in libjvm.so, mask=11100100010111111101111111111110, flags=SA_RESTART|SA_SIGINFO, unblocked
   SIGUSR2: SR_handler in libjvm.so, mask=00000000000000000000000000000000, flags=SA_RESTART|SA_SIGINFO, blocked
    SIGHUP: UserHandler in libjvm.so, mask=11100100010111111101111111111110, flags=SA_RESTART|SA_SIGINFO, blocked
    SIGINT: UserHandler in libjvm.so, mask=11100100010111111101111111111110, flags=SA_RESTART|SA_SIGINFO, blocked
   SIGTERM: UserHandler in libjvm.so, mask=11100100010111111101111111111110, flags=SA_RESTART|SA_SIGINFO, blocked
   SIGQUIT: UserHandler in libjvm.so, mask=11100100010111111101111111111110, flags=SA_RESTART|SA_SIGINFO, blocked
   SIGTRAP: crash_handler in libjvm.so, mask=11100100010111111101111111111110, flags=SA_RESTART|SA_SIGINFO, unblocked


Periodic native trim disabled

---------------  S Y S T E M  ---------------

OS:
DISTRIB_ID=Ubuntu
DISTRIB_RELEASE=24.04
DISTRIB_CODENAME=noble
DISTRIB_DESCRIPTION="Ubuntu 24.04.4 LTS"
uname: Linux 6.17.0-bpf-fault+ #1 SMP PREEMPT_DYNAMIC Mon Jul  6 16:43:12 MDT 2026 x86_64
OS uptime: 1 days 3:16 hours
libc: glibc 2.39 NPTL 2.39 
rlimit (soft/hard): STACK 8192k/infinity , CORE 0k/0k , NPROC 513205/513205 , NOFILE 1048576/1048576 , AS infinity/infinity , CPU infinity/infinity , DATA infinity/infinity , FSIZE infinity/infinity , MEMLOCK 16436528k/16436528k
load average: 1.58 2.12 1.50

/proc/meminfo:
MemTotal:       131492232 kB
MemFree:        64914508 kB
MemAvailable:   112197056 kB
Buffers:          569556 kB
Cached:         45970512 kB
SwapCached:            0 kB
Active:          4518776 kB
Inactive:       45716988 kB
Active(anon):    3712308 kB
Inactive(anon):        0 kB
Active(file):     806468 kB
Inactive(file): 45716988 kB
Unevictable:       41912 kB
Mlocked:           38840 kB
SwapTotal:       8388604 kB
SwapFree:        8388604 kB
Zswap:                 0 kB
Zswapped:              0 kB
Dirty:             47492 kB
Writeback:             0 kB
AnonPages:       3739704 kB
Mapped:         12904400 kB
Shmem:              5316 kB
KReclaimable:    2010776 kB
Slab:            2553264 kB
SReclaimable:    2010776 kB
SUnreclaim:       542488 kB
KernelStack:       12960 kB
PageTables:        72636 kB
SecPageTables:      9524 kB
NFS_Unstable:          0 kB
Bounce:                0 kB
WritebackTmp:          0 kB
CommitLimit:    74134720 kB
Committed_AS:   164997720 kB
VmallocTotal:   34359738367 kB
VmallocUsed:       38908 kB
VmallocChunk:          0 kB
Percpu:            51072 kB
HardwareCorrupted:     0 kB
AnonHugePages:         0 kB
ShmemHugePages:        0 kB
ShmemPmdMapped:        0 kB
FileHugePages:   2177024 kB
FilePmdMapped:         0 kB
Unaccepted:            0 kB
Balloon:               0 kB
HugePages_Total:       0
HugePages_Free:        0
HugePages_Rsvd:        0
HugePages_Surp:        0
Hugepagesize:       2048 kB
Hugetlb:               0 kB
DirectMap4k:     1153856 kB
DirectMap2M:    30939136 kB
DirectMap1G:    101711872 kB

/sys/kernel/mm/transparent_hugepage/enabled: always [madvise] never
/sys/kernel/mm/transparent_hugepage/hpage_pmd_size: 2097152
/sys/kernel/mm/transparent_hugepage/defrag (defrag/compaction efforts parameter): always defer defer+madvise [madvise] never

Process Memory:
Virtual Size: 13620364380K (peak: 13620364380K)
Resident Set Size: 4288548K (peak: 4288548K) (anon: 1115280K, file: 3173268K, shmem: 0K)
Swapped out: 0K
C-Heap outstanding allocations: 1419856K, retained: 42447K
glibc malloc tunables: (default)

/proc/sys/kernel/threads-max (system-wide limit on the number of threads): 1026411
/proc/sys/vm/max_map_count (maximum number of memory map areas a process may have): 1048576
/proc/sys/vm/swappiness (control to define how aggressively the kernel swaps out anonymous memory): 60
/proc/sys/kernel/pid_max (system-wide limit on number of process identifiers): 4194304

container information not found.
Steal ticks since vm start: 0
Steal ticks percentage since vm start:  0.000

CPU: total 32 (initial active 32) (32 cores per cpu, 2 threads per core) family 23 model 49 stepping 0 microcode 0x830107c, cx8, cmov, fxsr, ht, mmx, 3dnowpref, sse, sse2, sse3, ssse3, sse4a, sse4.1, sse4.2, popcnt, lzcnt, tsc, tscinvbit, avx, avx2, aes, clmul, bmi1, bmi2, adx, sha, fma, vzeroupper, clflush, clflushopt, rdtscp, rdpid, f16c
CPU Model and flags from /proc/cpuinfo:
model name	: AMD EPYC 7302P 16-Core Processor
flags		: fpu vme de pse tsc msr pae mce cx8 apic sep mtrr pge mca cmov pat pse36 clflush mmx fxsr sse sse2 ht syscall nx mmxext fxsr_opt pdpe1gb rdtscp lm constant_tsc rep_good nopl xtopology nonstop_tsc cpuid extd_apicid aperfmperf rapl pni pclmulqdq monitor ssse3 fma cx16 sse4_1 sse4_2 movbe popcnt aes xsave avx f16c rdrand lahf_lm cmp_legacy svm extapic cr8_legacy abm sse4a misalignsse 3dnowprefetch osvw ibs skinit wdt tce topoext perfctr_core perfctr_nb bpext perfctr_llc mwaitx cpb cat_l3 cdp_l3 hw_pstate ssbd mba ibrs ibpb stibp vmmcall fsgsbase bmi1 avx2 smep bmi2 cqm rdt_a rdseed adx smap clflushopt clwb sha_ni xsaveopt xsavec xgetbv1 xsaves cqm_llc cqm_occup_llc cqm_mbm_total cqm_mbm_local clzero irperf xsaveerptr rdpru wbnoinvd amd_ppin arat npt lbrv svm_lock nrip_save tsc_scale vmcb_clean flushbyasid decodeassists pausefilter pfthreshold avic v_vmsave_vmload vgif v_spec_ctrl umip rdpid overflow_recov succor smca sev sev_es

Online cpus: 0-31
Offline cpus: 
BIOS frequency limitation: <Not Available>
Frequency switch latency (ns): <Not Available>
Available cpu frequencies: <Not Available>
Current governor: <Not Available>
Core performance/turbo boost: <Not Available>

Memory: 4k page, physical 131492232k(112197056k free), swap 8388604k(8388604k free)
Page Sizes: 4k

vm_info: OpenJDK 64-Bit Server VM (21.0.9-internal-adhoc.talzuss.openjdk-mmtk) for linux-amd64 JRE (21.0.9-internal-adhoc.talzuss.openjdk-mmtk), built on 2026-07-06T23:13:08Z by "talzuss" with gcc 13.3.0
heap_info: MMTk OpenJDK 0.32.0 (f59b93a-dirty), using MMTk 0.32.0 (3ecdf08-dirty, BUILTIN_ENV_LOGGER, DEFAULT, EAGER_SWEEPING, VO_BIT)@

END.
