#
# A fatal error has been detected by the Java Runtime Environment:
#
#  SIGSEGV (0xb) at pc=0x000072c3dcbc1771, pid=315103, tid=315132
#
# JRE version: OpenJDK Runtime Environment (21.0.9) (build 21.0.9-internal-adhoc.talzuss.openjdk-mmtk)
# Java VM: OpenJDK 64-Bit Server VM (21.0.9-internal-adhoc.talzuss.openjdk-mmtk, mixed mode, sharing, tiered, compressed oops, compressed class ptrs, third-party gc, linux-amd64)
# Problematic frame:
# C  [libmmtk_openjdk.so+0x1c1771]  mmtk::util::metadata::side_metadata::global::SideMetadataSpec::side_metadata_access::h2ebe702d7e44aa43+0xa1
#
# Core dump will be written. Default location: Core dumps may be processed with "/usr/share/apport/apport -p%p -s%s -c%c -d%d -P%P -u%u -g%g -F%F -- %E" (or dumping to /mydata/gc-bpf-fault/shim/core.315103)
#
# If you would like to submit a bug report, please visit:
#   https://bugreport.java.com/bugreport/crash.jsp
#

---------------  S U M M A R Y ------------

Command Line: -XX:+UseThirdPartyHeap -Xms512m -Xmx512m /mydata/dacapo/dacapo-23.11/dacapo-23.11-MR2-chopin.jar xalan -n 3

Host: AMD EPYC 7302P 16-Core Processor, 32 cores, 125G, Ubuntu 24.04.4 LTS
Time: Tue Jul  7 13:58:59 2026 MDT elapsed time: 3.042178 seconds (0d 0h 0m 3s)

---------------  T H R E A D  ---------------

Current thread (0x000072c3d8545f10):  NamedThread "MMTk Collector Thread" [id=315132, stack(0x00006616a24f6000,0x00006616a25f6000) (1024K)]

Stack: [0x00006616a24f6000,0x00006616a25f6000],  sp=0x00006616a25f48d0,  free space=1018k
Native frames: (J=compiled Java code, j=interpreted, Vv=VM code, C=native code)
C  [libmmtk_openjdk.so+0x1c1771]  mmtk::util::metadata::side_metadata::global::SideMetadataSpec::side_metadata_access::h2ebe702d7e44aa43+0xa1

siginfo: si_signo: 11 (SIGSEGV), si_code: 2 (SEGV_ACCERR), si_addr: 0x000070c3a0400000

Registers:
RAX=0x000072c3dcbc1771, RBX=0x00000000000acea0, RCX=0x000072c3dca784a0, RDX=0x0000000000000005
RSP=0x00006616a25f48d0, RBP=0x0000000000000001, RSI=0x0000000000000001, RDI=0x00006616a25f49a0
R8 =0x000070c3a0400000, R9 =0xffffffffffffff20, R10=0x0000000000000007, R11=0x0000000000000090
R12=0x0000661634016228, R13=0x0000000000000001, R14=0x00006616340088b0, R15=0x00006616a25f49a0
RIP=0x000072c3dcbc1771, EFLAGS=0x0000000000010206, CSGSFS=0x002b000000000033, ERR=0x0000000000000004
  TRAPNO=0x000000000000000e

XMM[0]=0x0000661634008880 0x0000000000000024
XMM[1]=0x0000000000000000 0x0000000000783020
XMM[2]=0x000000ffff000000 0x00000000ffff00ff
XMM[3]=0x0000000000ff0000 0x0000000000000000
XMM[4]=0x0000000000000000 0x0000661634000090
XMM[5]=0x000000002f676e61 0x00000000676e616c
XMM[6]=0x0000000079537465 0x0000000067246164
XMM[7]=0x00000000532f6c61 0x000000006e726574
XMM[8]=0x000000006c2f6176 0x0000000002000908
XMM[9]=0x0000000000000000 0x0000000000000000
XMM[10]=0x3f3f3f3f3f3f3f3f 0x3f3f3f3f3f3f3f3f
XMM[11]=0x9999999999999999 0x9999999999999999
XMM[12]=0x2020202020202020 0x2020202020202020
XMM[13]=0x0000000000000000 0x0000000000000000
XMM[14]=0x0000000000000000 0x0000000000000000
XMM[15]=0x0000000000000000 0x0000000000000000
  MXCSR=0x00001fa2


Register to memory mapping:

RAX=
[error occurred during error reporting (printing register info), id 0xe0000000, Internal Error (/mydata/mmtk-openjdk/openjdk/share/mmtkHeap.cpp:444)]
RBX=
[error occurred during error reporting (printing register info, attempt 2), id 0xe0000000, Internal Error (/mydata/mmtk-openjdk/openjdk/share/mmtkHeap.cpp:444)]
RCX=
[error occurred during error reporting (printing register info, attempt 3), id 0xe0000000, Internal Error (/mydata/mmtk-openjdk/openjdk/share/mmtkHeap.cpp:444)]
Top of Stack: (sp=0x00006616a25f48d0)
0x00006616a25f48d0:   0000000000000013 0000000000000000
0x00006616a25f48e0:   00006616340088b0 0000000000000060
0x00006616a25f48f0:   00000000000aceb0 0000000000000008
0x00006616a25f4900:   0000000000000000 000072c3dccafc91
0x00006616a25f4910:   000072c3d83dfa10 00006616a31b70e0
0x00006616a25f4920:   00000000503557f0 0000000000020000
0x00006616a25f4930:   0000661634016150 00000000000159ef
0x00006616a25f4940:   0000000000000004 00006616340088b0
0x00006616a25f4950:   0000000000000001 000072c3dce01004
0x00006616a25f4960:   00006616a4087f00 000000004f766130
0x00006616a25f4970:   0000000000000000 0000661634016228
0x00006616a25f4980:   000066167801a5e0 000066167801a758
0x00006616a25f4990:   000072c3d852da00 0000000000000001
0x00006616a25f49a0:   000072c3dcddb9b8 00006616a25f49f0
0x00006616a25f49b0:   00006616a25f4958 0000000000000001
0x00006616a25f49c0:   0000000000000000 00006616a25f4a2f
0x00006616a25f49d0:   00006616a25f4a38 00006616a25f4928
0x00006616a25f49e0:   0000000000000000 0000661634002590
0x00006616a25f49f0:   0000000000000028 000072c3dccc96b0
0x00006616a25f4a00:   000072c3d806d400 000072c3d852d8a0
0x00006616a25f4a10:   00006616a25f4a20 000072c3dccab283
0x00006616a25f4a20:   0000661634002590 0000000000000001
0x00006616a25f4a30:   0000661634002598 0000000000000400
0x00006616a25f4a40:   0000661634003d10 0000000000000331
0x00006616a25f4a50:   0000000040000000 00000000503f9000
0x00006616a25f4a60:   00000000000103f9 00006616a25f4978
0x00006616a25f4a70:   000072c3dce01880 000072c3dce01090
0x00006616a25f4a80:   0000000000000004 00006616a31b6e58
0x00006616a25f4a90:   000000000000001a 00006616a25f49f0
0x00006616a25f4aa0:   0000661634005698 0000661634005698
0x00006616a25f4ab0:   000072c3d806ef00 000072c3d806ec00
0x00006616a25f4ac0:   000072c3d806e900 000072c3d806e600 

Instructions: (pc=0x000072c3dcbc1771)
0x000072c3dcbc1671:   44 24 30 01 00 00 00 48 8d 7c 24 18 e8 ce 9a 1f
0x000072c3dcbc1681:   00 48 83 c4 58 5b 41 5e c3 48 8d 44 24 48 48 89
0x000072c3dcbc1691:   04 24 48 89 e0 48 89 44 24 18 48 8d 3d ae fe 23
0x000072c3dcbc16a1:   00 48 8d 0d 47 78 20 00 4c 8d 05 40 68 21 00 48
0x000072c3dcbc16b1:   8d 54 24 18 31 f6 e8 54 98 1f 00 e9 78 fe ff ff
0x000072c3dcbc16c1:   cc cc cc cc cc cc cc cc cc cc cc cc cc cc cc 48
0x000072c3dcbc16d1:   83 ec 38 48 8b 37 4c 8b 4f 08 4d 8b 01 48 8b 46
0x000072c3dcbc16e1:   18 48 8b 4e 20 ba 03 00 00 00 29 c2 0f 88 8e 00
0x000072c3dcbc16f1:   00 00 48 8b 46 10 44 8b 15 2a 01 24 00 48 03 05
0x000072c3dcbc1701:   1b 01 24 00 49 d3 e8 89 d1 49 d3 e8 49 01 c0 48
0x000072c3dcbc1711:   8b 46 18 48 83 f8 03 0f 83 90 00 00 00 41 ba 07
0x000072c3dcbc1721:   00 00 00 89 c1 49 d3 ea 49 8b 11 0f b6 4e 20 48
0x000072c3dcbc1731:   d3 ea 44 21 d2 89 c1 48 d3 e2 be 01 00 00 00 48
0x000072c3dcbc1741:   d3 e6 49 c7 c1 ff ff ff ff 89 f1 49 d3 e1 41 f6
0x000072c3dcbc1751:   d1 80 e2 07 89 d1 41 d2 e1 48 8b 47 10 0f b6 00
0x000072c3dcbc1761:   48 8d 0d 38 6d eb ff 48 63 04 81 48 01 c8 ff e0
0x000072c3dcbc1771:   41 0f b6 00 44 20 c8 89 d1 d2 e8 48 83 c4 38 c3
0x000072c3dcbc1781:   48 8b 56 10 44 8b 15 9c 00 24 00 49 d3 e8 48 03
0x000072c3dcbc1791:   15 8a 00 24 00 04 3d 89 c1 49 d3 e0 49 01 d0 48
0x000072c3dcbc17a1:   8b 46 18 48 83 f8 03 0f 82 70 ff ff ff 48 8b 47
0x000072c3dcbc17b1:   10 0f b6 00 48 8d 0d d0 6c eb ff 48 63 04 81 48
0x000072c3dcbc17c1:   01 c8 ff e0 41 0f b6 00 48 83 c4 38 c3 48 8d 05
0x000072c3dcbc17d1:   d3 72 21 00 48 89 44 24 08 48 c7 44 24 10 01 00
0x000072c3dcbc17e1:   00 00 48 c7 44 24 18 08 00 00 00 0f 57 c0 0f 11
0x000072c3dcbc17f1:   44 24 20 48 8d 35 bd 72 21 00 48 8d 7c 24 08 e8
0x000072c3dcbc1801:   8b 60 fd ff 48 8d 05 c4 72 21 00 48 89 44 24 08
0x000072c3dcbc1811:   48 c7 44 24 10 01 00 00 00 48 c7 44 24 18 08 00
0x000072c3dcbc1821:   00 00 0f 57 c0 0f 11 44 24 20 48 8d 35 ae 72 21
0x000072c3dcbc1831:   00 48 8d 7c 24 08 e8 54 60 fd ff cc cc cc cc 48
0x000072c3dcbc1841:   81 ec 88 00 00 00 48 8b 07 48 8d 48 28 48 8d 50
0x000072c3dcbc1851:   10 48 8d 78 18 48 89 44 24 08 48 83 c0 20 4c 8d
0x000072c3dcbc1861:   05 1a 2e fe ff 4c 89 44 24 10 48 89 4c 24 18 48 


Stack slot to memory mapping:

stack at sp + 0 slots: 
[error occurred during error reporting (inspecting top of stack), id 0xe0000000, Internal Error (/mydata/mmtk-openjdk/openjdk/share/mmtkHeap.cpp:444)]
stack at sp + 1 slots: 0x0 is null
stack at sp + 2 slots: 
[error occurred during error reporting (inspecting top of stack, attempt 2), id 0xe0000000, Internal Error (/mydata/mmtk-openjdk/openjdk/share/mmtkHeap.cpp:444)]
stack at sp + 3 slots: 
[error occurred during error reporting (inspecting top of stack, attempt 3), id 0xe0000000, Internal Error (/mydata/mmtk-openjdk/openjdk/share/mmtkHeap.cpp:444)]

---------------  P R O C E S S  ---------------

Threads class SMR info:
_java_thread_list=0x000066161c287fa0, length=56, elements={
0x000072c3d802b240, 0x000072c3d8526820, 0x000072c3d85280b0, 0x000072c3d8529ba0,
0x000072c3d85483f0, 0x000072c3d8549d40, 0x000072c3d854b600, 0x000072c3d854d440,
0x000072c3d8556e10, 0x000066161c0558b0, 0x0000661610001650, 0x000072c3d859e1c0,
0x000072c3d85a11c0, 0x0000661614014980, 0x000066161c083fb0, 0x000066161c0855e0,
0x00006616180c91d0, 0x000072c3d87cd490, 0x000072c3d87ce2b0, 0x000072c3d83e1410,
0x000072c3d83e2850, 0x000072c3d83e3c20, 0x000072c3d85cf9c0, 0x000072c3d85d0e60,
0x000072c3d85d23d0, 0x000072c3d85d37a0, 0x000072c3d85d4c50, 0x000072c3d85d61e0,
0x000072c3d85d7770, 0x000072c3d85d9030, 0x000072c3d85da330, 0x000072c3d85db6d0,
0x000072c3d85dcb80, 0x000072c3d85de3c0, 0x000072c3d85df980, 0x000072c3d85e0e20,
0x000072c3d83d40a0, 0x000072c3d83d4e30, 0x000072c3d83d6410, 0x000072c3d83d78b0,
0x000072c3d83d8d50, 0x000072c3d83da1f0, 0x000072c3d83dbbe0, 0x000072c3d83dd470,
0x000072c3d83ded00, 0x000072c3d83bd3e0, 0x000072c3d83bedb0, 0x000072c3d83c0600,
0x000072c3d83c1e50, 0x000066161c0e6be0, 0x0000661604074f90, 0x00006616040765f0,
0x0000661604077c60, 0x000066160413d440, 0x00006616101eb3e0, 0x000066161c286bd0
}

Java Threads: ( => current thread )
  0x000072c3d802b240 JavaThread "main"                              [_thread_blocked, id=315104, stack(0x000072c3dcf00000,0x000072c3dd000000) (1024K)]
  0x000072c3d8526820 JavaThread "Reference Handler"          daemon [_thread_blocked, id=315108, stack(0x000072c3dc1fd000,0x000072c3dc2fd000) (1024K)]
  0x000072c3d85280b0 JavaThread "Finalizer"                  daemon [_thread_blocked, id=315109, stack(0x000072c3dc0fd000,0x000072c3dc1fd000) (1024K)]
  0x000072c3d8529ba0 JavaThread "MMTk Finalizer Thread"      daemon [_thread_blocked, id=315110, stack(0x000072c3a06ff000,0x000072c3a07ff000) (1024K)]
  0x000072c3d85483f0 JavaThread "Signal Dispatcher"          daemon [_thread_blocked, id=315134, stack(0x00006616a22f4000,0x00006616a23f4000) (1024K)]
  0x000072c3d8549d40 JavaThread "Service Thread"             daemon [_thread_blocked, id=315135, stack(0x00006616a21f4000,0x00006616a22f4000) (1024K)]
  0x000072c3d854b600 JavaThread "Monitor Deflation Thread"   daemon [_thread_blocked, id=315136, stack(0x00006616a20f4000,0x00006616a21f4000) (1024K)]
  0x000072c3d854d440 JavaThread "C2 CompilerThread0"         daemon [_thread_blocked, id=315137, stack(0x00006616a1ff4000,0x00006616a20f4000) (1024K)]
  0x000072c3d8556e10 JavaThread "C1 CompilerThread0"         daemon [_thread_blocked, id=315138, stack(0x00006616a1ef4000,0x00006616a1ff4000) (1024K)]
  0x000066161c0558b0 JavaThread "C1 CompilerThread1"         daemon [_thread_blocked, id=315139, stack(0x00006616a1df4000,0x00006616a1ef4000) (1024K)]
  0x0000661610001650 JavaThread "C1 CompilerThread2"         daemon [_thread_blocked, id=315140, stack(0x00006616a1cf4000,0x00006616a1df4000) (1024K)]
  0x000072c3d859e1c0 JavaThread "Notification Thread"        daemon [_thread_blocked, id=315141, stack(0x00006616a1bf4000,0x00006616a1cf4000) (1024K)]
  0x000072c3d85a11c0 JavaThread "Common-Cleaner"             daemon [_thread_blocked, id=315142, stack(0x00006616a1af4000,0x00006616a1bf4000) (1024K)]
  0x0000661614014980 JavaThread "C2 CompilerThread1"         daemon [_thread_blocked, id=315143, stack(0x00006616a19f4000,0x00006616a1af4000) (1024K)]
  0x000066161c083fb0 JavaThread "C1 CompilerThread3"         daemon [_thread_blocked, id=315144, stack(0x00006616a18f4000,0x00006616a19f4000) (1024K)]
  0x000066161c0855e0 JavaThread "C1 CompilerThread4"         daemon [_thread_blocked, id=315145, stack(0x00006616a17f4000,0x00006616a18f4000) (1024K)]
  0x00006616180c91d0 JavaThread "C2 CompilerThread2"         daemon [_thread_in_native, id=315146, stack(0x00006616a16f4000,0x00006616a17f4000) (1024K)]
  0x000072c3d87cd490 JavaThread "Thread-0"                          [_thread_blocked, id=315147, stack(0x00006616a15f4000,0x00006616a16f4000) (1024K)]
  0x000072c3d87ce2b0 JavaThread "Thread-1"                          [_thread_blocked, id=315148, stack(0x00006616a14f4000,0x00006616a15f4000) (1024K)]
  0x000072c3d83e1410 JavaThread "Thread-2"                          [_thread_blocked, id=315149, stack(0x00006616a13f4000,0x00006616a14f4000) (1024K)]
  0x000072c3d83e2850 JavaThread "Thread-3"                          [_thread_blocked, id=315150, stack(0x00006616a12f4000,0x00006616a13f4000) (1024K)]
  0x000072c3d83e3c20 JavaThread "Thread-4"                          [_thread_blocked, id=315151, stack(0x00006616a11f4000,0x00006616a12f4000) (1024K)]
  0x000072c3d85cf9c0 JavaThread "Thread-5"                          [_thread_blocked, id=315152, stack(0x00006616a10f4000,0x00006616a11f4000) (1024K)]
  0x000072c3d85d0e60 JavaThread "Thread-6"                          [_thread_blocked, id=315153, stack(0x00006616a0ff4000,0x00006616a10f4000) (1024K)]
  0x000072c3d85d23d0 JavaThread "Thread-7"                          [_thread_blocked, id=315154, stack(0x00006616a0ef4000,0x00006616a0ff4000) (1024K)]
  0x000072c3d85d37a0 JavaThread "Thread-8"                          [_thread_blocked, id=315155, stack(0x00006616a0df4000,0x00006616a0ef4000) (1024K)]
  0x000072c3d85d4c50 JavaThread "Thread-9"                          [_thread_blocked, id=315156, stack(0x00006616a0cf4000,0x00006616a0df4000) (1024K)]
  0x000072c3d85d61e0 JavaThread "Thread-10"                         [_thread_blocked, id=315157, stack(0x00006616a0bf4000,0x00006616a0cf4000) (1024K)]
  0x000072c3d85d7770 JavaThread "Thread-11"                         [_thread_blocked, id=315158, stack(0x00006616a0af4000,0x00006616a0bf4000) (1024K)]
  0x000072c3d85d9030 JavaThread "Thread-12"                         [_thread_blocked, id=315159, stack(0x00006616a09f4000,0x00006616a0af4000) (1024K)]
  0x000072c3d85da330 JavaThread "Thread-13"                         [_thread_blocked, id=315160, stack(0x00006616a08f4000,0x00006616a09f4000) (1024K)]
  0x000072c3d85db6d0 JavaThread "Thread-14"                         [_thread_blocked, id=315161, stack(0x00006616a07f4000,0x00006616a08f4000) (1024K)]
  0x000072c3d85dcb80 JavaThread "Thread-15"                         [_thread_blocked, id=315162, stack(0x00006616a06f4000,0x00006616a07f4000) (1024K)]
  0x000072c3d85de3c0 JavaThread "Thread-16"                         [_thread_blocked, id=315163, stack(0x00006616a05f4000,0x00006616a06f4000) (1024K)]
  0x000072c3d85df980 JavaThread "Thread-17"                         [_thread_blocked, id=315164, stack(0x00006616a04f4000,0x00006616a05f4000) (1024K)]
  0x000072c3d85e0e20 JavaThread "Thread-18"                         [_thread_blocked, id=315165, stack(0x00006616a03f4000,0x00006616a04f4000) (1024K)]
  0x000072c3d83d40a0 JavaThread "Thread-19"                         [_thread_blocked, id=315166, stack(0x00006616a02f4000,0x00006616a03f4000) (1024K)]
  0x000072c3d83d4e30 JavaThread "Thread-20"                         [_thread_blocked, id=315167, stack(0x00006616a01f4000,0x00006616a02f4000) (1024K)]
  0x000072c3d83d6410 JavaThread "Thread-21"                         [_thread_blocked, id=315168, stack(0x00006616a00f4000,0x00006616a01f4000) (1024K)]
  0x000072c3d83d78b0 JavaThread "Thread-22"                         [_thread_blocked, id=315169, stack(0x000066159ff00000,0x00006615a0000000) (1024K)]
  0x000072c3d83d8d50 JavaThread "Thread-23"                         [_thread_blocked, id=315170, stack(0x000066159fe00000,0x000066159ff00000) (1024K)]
  0x000072c3d83da1f0 JavaThread "Thread-24"                         [_thread_blocked, id=315171, stack(0x000066159fd00000,0x000066159fe00000) (1024K)]
  0x000072c3d83dbbe0 JavaThread "Thread-25"                         [_thread_blocked, id=315172, stack(0x000066159fc00000,0x000066159fd00000) (1024K)]
  0x000072c3d83dd470 JavaThread "Thread-26"                         [_thread_blocked, id=315173, stack(0x000066159fb00000,0x000066159fc00000) (1024K)]
  0x000072c3d83ded00 JavaThread "Thread-27"                         [_thread_blocked, id=315174, stack(0x000066159fa00000,0x000066159fb00000) (1024K)]
  0x000072c3d83bd3e0 JavaThread "Thread-28"                         [_thread_blocked, id=315175, stack(0x000066159f900000,0x000066159fa00000) (1024K)]
  0x000072c3d83bedb0 JavaThread "Thread-29"                         [_thread_blocked, id=315176, stack(0x000066159f800000,0x000066159f900000) (1024K)]
  0x000072c3d83c0600 JavaThread "Thread-30"                         [_thread_blocked, id=315177, stack(0x000066159f700000,0x000066159f800000) (1024K)]
  0x000072c3d83c1e50 JavaThread "Thread-31"                         [_thread_blocked, id=315178, stack(0x000066159f600000,0x000066159f700000) (1024K)]
  0x000066161c0e6be0 JavaThread "C2 CompilerThread3"         daemon [_thread_blocked, id=315179, stack(0x000066159f500000,0x000066159f600000) (1024K)]
  0x0000661604074f90 JavaThread "C2 CompilerThread4"         daemon [_thread_in_native, id=315180, stack(0x000066159f400000,0x000066159f500000) (1024K)]
  0x00006616040765f0 JavaThread "C2 CompilerThread5"         daemon [_thread_blocked, id=315181, stack(0x000066159f300000,0x000066159f400000) (1024K)]
  0x0000661604077c60 JavaThread "C2 CompilerThread6"         daemon [_thread_blocked, id=315182, stack(0x000066159f200000,0x000066159f300000) (1024K)]
  0x000066160413d440 JavaThread "C2 CompilerThread7"         daemon [_thread_in_native, id=315183, stack(0x000066159f100000,0x000066159f200000) (1024K)]
  0x00006616101eb3e0 JavaThread "C2 CompilerThread8"         daemon [_thread_blocked, id=315184, stack(0x000066159f000000,0x000066159f100000) (1024K)]
  0x000066161c286bd0 JavaThread "C2 CompilerThread9"         daemon [_thread_blocked, id=315185, stack(0x000066159ef00000,0x000066159f000000) (1024K)]
Total: 56

Other Threads:
  0x000072c3d851b380 VMThread "VM Thread"                           [id=315107, stack(0x000072c3dc2fe000,0x000072c3dc3fe000) (1024K)]
  0x000072c3d8508fb0 WatcherThread "VM Periodic Task Thread"        [id=315106, stack(0x000072c3dc3ff000,0x000072c3dc4ff000) (1024K)]

=>0x000072c3d8545f10 (exited) NamedThread "MMTk Collector Thread"   [id=315132, stack(0x00006616a24f6000,0x00006616a25f6000) (1024K)]
Total: 3

Threads with active compile tasks:
C2 CompilerThread0  3045 2800       4       org.apache.xml.dtm.ref.sax2dtm.SAX2DTM::getNamespaceURI (17 bytes)
C2 CompilerThread1  3045 2470       4       org.apache.xpath.axes.ChildTestIterator::setRoot (21 bytes)
C2 CompilerThread2  3045 2389       4       org.apache.xml.serializer.ToStream::startPrefixMapping (9 bytes)
C2 CompilerThread3  3045 2983 %     4       java.util.HashMap::putMapEntries @ 110 (170 bytes)
C2 CompilerThread4  3045 2836       4       org.apache.xerces.impl.XMLNSDocumentScannerImpl::scanStartElement (866 bytes)
C2 CompilerThread5  3045 2390   !   4       org.apache.xalan.templates.ElemLiteralResult::execute (312 bytes)
C2 CompilerThread6  3045 2442       4       org.apache.xpath.axes.AttributeIterator::getNextNode (46 bytes)
C2 CompilerThread7  3045 2300   !   4       org.apache.xalan.templates.ElemApplyTemplates::transformSelectedNodes (979 bytes)
C2 CompilerThread8  3045 2436       4       org.apache.xpath.axes.LocPathIterator::asIterator (26 bytes)
C2 CompilerThread9  3045 2895 % !   4       org.apache.xerces.impl.XMLDocumentFragmentScannerImpl$FragmentContentDispatcher::dispatch @ 0 (1118 bytes)
Total: 10

VM state: at safepoint (normal execution)

VM Mutex/Monitor currently owned by a thread:  ([mutex/lock_event])
[0x000072c3de5580d0] Threads_lock - owner thread: 0x000072c3d851b380
[0x000072c3de557fd0] Heap_lock - owner thread: 0x000072c3d83e47f0

Heap address: 0x0000000040000000, size: 3072 MB, Compressed Oops mode: 32-bit

CDS archive(s) mapped at: [0x00006616a3000000-0x00006616a3ca3000-0x00006616a3ca3000), size 13250560, SharedBaseAddress: 0x00006616a3000000, ArchiveRelocationMode: 1.
Compressed class space mapped at: 0x00006616a4000000-0x00006616e4000000, reserved size: 1073741824
Narrow klass base: 0x00006616a3000000, Narrow klass shift: 0, Narrow klass range: 0x100000000

GC Precious Log:
<Empty>

Heap:

[error occurred during error reporting (printing heap information), id 0xe0000000, Internal Error (/mydata/mmtk-openjdk/openjdk/share/mmtkHeap.cpp:424)]
Metaspace:

Usage:
  Non-class:      7.05 MB used.
      Class:    972.38 KB used.
       Both:      8.00 MB used.

Virtual space:
  Non-class space:       64.00 MB reserved,       7.19 MB ( 11%) committed,  1 nodes.
      Class space:        1.00 GB reserved,       1.06 MB ( <1%) committed,  1 nodes.
             Both:        1.06 GB reserved,       8.25 MB ( <1%) committed. 

Chunk freelists:
   Non-Class:  7.33 MB
       Class:  14.98 MB
        Both:  22.31 MB

MaxMetaspaceSize: unlimited
CompressedClassSpaceSize: 1.00 GB
Initial GC threshold: 21.00 MB
Current GC threshold: 21.00 MB
CDS: on
 - commit_granule_bytes: 65536.
 - commit_granule_words: 8192.
 - virtual_space_node_default_size: 8388608.
 - enlarge_chunks_in_place: 1.
 - use_allocation_guard: 0.


Internal statistics:

num_allocs_failed_limit: 0.
num_arena_births: 138.
num_arena_deaths: 0.
num_vsnodes_births: 2.
num_vsnodes_deaths: 0.
num_space_committed: 132.
num_space_uncommitted: 0.
num_chunks_returned_to_freelist: 0.
num_chunks_taken_from_freelist: 398.
num_chunk_merges: 0.
num_chunk_splits: 273.
num_chunks_enlarged: 201.
num_inconsistent_stats: 0.

CodeHeap 'non-profiled nmethods': size=118880Kb used=1425Kb max_used=1425Kb free=117454Kb
 bounds [0x000072c3c83e8000, 0x000072c3c8658000, 0x000072c3cf800000]
CodeHeap 'profiled nmethods': size=118876Kb used=6372Kb max_used=6372Kb free=112503Kb
 bounds [0x000072c3c0800000, 0x000072c3c0e40000, 0x000072c3c7c17000]
CodeHeap 'non-nmethods': size=8004Kb used=3563Kb max_used=3612Kb free=4440Kb
 bounds [0x000072c3c7c17000, 0x000072c3c7fa7000, 0x000072c3c83e8000]
CodeCache: size=245760Kb, used=11360Kb, max_used=11409Kb, free=234397Kb
 total_blobs=3376, nmethods=2894, adapters=379, full_count=0
Compilation: enabled, stopped_count=0, restarted_count=0

Compilation events (20 events):
Event: 3.009 Thread 0x000072c3d8556e10 nmethod 2972 0x000072c3c0e2e790 code [0x000072c3c0e2eac0, 0x000072c3c0e2f818]
Event: 3.011 Thread 0x000066161c0558b0 2985   !   3       org.apache.xml.serializer.Encodings::getWriter (79 bytes)
Event: 3.012 Thread 0x000066161c0855e0 nmethod 2966 0x000072c3c0e2fe90 code [0x000072c3c0e30560, 0x000072c3c0e342b8]
Event: 3.013 Thread 0x000066161c0558b0 nmethod 2985 0x000072c3c0e36510 code [0x000072c3c0e368a0, 0x000072c3c0e38778]
Event: 3.013 Thread 0x000066161c0e6be0 nmethod 2700 0x000072c3c8533910 code [0x000072c3c8533e20, 0x000072c3c8538988]
Event: 3.014 Thread 0x000066161c0e6be0 2983 %     4       java.util.HashMap::putMapEntries @ 110 (170 bytes)
Event: 3.033 Thread 0x000072c3d854d440 nmethod 2396 0x000072c3c853ba10 code [0x000072c3c853bf80, 0x000072c3c853f1d0]
Event: 3.034 Thread 0x000072c3d854d440 2987       4       java.util.HashMap::clear (50 bytes)
Event: 3.034 Thread 0x00006616101eb3e0 nmethod 2441 0x000072c3c8541110 code [0x000072c3c8541340, 0x000072c3c8541c40]
Event: 3.034 Thread 0x00006616101eb3e0 2436       4       org.apache.xpath.axes.LocPathIterator::asIterator (26 bytes)
Event: 3.034 Thread 0x000072c3d854d440 nmethod 2987 0x000072c3c8542210 code [0x000072c3c8542380, 0x000072c3c8542430]
Event: 3.034 Thread 0x000072c3d854d440 2417       4       java.lang.CharacterDataLatin1::getType (11 bytes)
Event: 3.035 Thread 0x0000661604077c60 nmethod 2928 0x000072c3c8542510 code [0x000072c3c85428e0, 0x000072c3c8544870]
Event: 3.035 Thread 0x0000661604077c60 2442       4       org.apache.xpath.axes.AttributeIterator::getNextNode (46 bytes)
Event: 3.035 Thread 0x000072c3d854d440 nmethod 2417 0x000072c3c8545d10 code [0x000072c3c8545e80, 0x000072c3c8545f40]
Event: 3.035 Thread 0x000072c3d854d440 2297       4       org.apache.xerces.impl.XMLScanner::isInvalidLiteral (5 bytes)
Event: 3.036 Thread 0x0000661614014980 nmethod 2391 0x000072c3c8546010 code [0x000072c3c85465a0, 0x000072c3c8549d80]
Event: 3.036 Thread 0x000072c3d854d440 nmethod 2297 0x000072c3c854c110 code [0x000072c3c854c2a0, 0x000072c3c854c398]
Event: 3.036 Thread 0x000072c3d854d440 2800       4       org.apache.xml.dtm.ref.sax2dtm.SAX2DTM::getNamespaceURI (17 bytes)
Event: 3.036 Thread 0x0000661614014980 2470       4       org.apache.xpath.axes.ChildTestIterator::setRoot (21 bytes)

GC Heap History (0 events):
No events

Dll operation events (7 events):
Event: 0.001 Loaded shared library /mydata/openjdk-mmtk/build/b0test/images/jdk/lib/libjava.so
Event: 2.206 Loaded shared library /mydata/openjdk-mmtk/build/b0test/images/jdk/lib/libjsvml.so
Event: 2.219 Loaded shared library /mydata/openjdk-mmtk/build/b0test/images/jdk/lib/libnio.so
Event: 2.223 Loaded shared library /mydata/openjdk-mmtk/build/b0test/images/jdk/lib/libzip.so
Event: 2.236 Loaded shared library /mydata/openjdk-mmtk/build/b0test/images/jdk/lib/libjimage.so
Event: 2.263 Loaded shared library /mydata/openjdk-mmtk/build/b0test/images/jdk/lib/libnet.so
Event: 2.362 Loaded shared library /mydata/openjdk-mmtk/build/b0test/images/jdk/lib/libverify.so

Deoptimization events (20 events):
Event: 2.912 Thread 0x000072c3d83bd3e0 Uncommon trap: trap_request=0xffffff6e fr.pc=0x000072c3c8506c74 relative=0x0000000000000374
Event: 2.912 Thread 0x000072c3d83bd3e0 Uncommon trap: reason=loop_limit_check action=maybe_recompile pc=0x000072c3c8506c74 method=org.apache.xml.dtm.ref.DTMDefaultBase.getFirstAttributeIdentity(I)I @ 19 c2
Event: 2.912 Thread 0x000072c3d83c1e50 Uncommon trap: trap_request=0xffffff6e fr.pc=0x000072c3c8506c74 relative=0x0000000000000374
Event: 2.912 Thread 0x000072c3d83da1f0 Uncommon trap: trap_request=0xffffff6e fr.pc=0x000072c3c8506c74 relative=0x0000000000000374
Event: 2.912 Thread 0x000072c3d83bd3e0 DEOPT PACKING pc=0x000072c3c8506c74 sp=0x000066159f9fc700
Event: 2.912 Thread 0x000072c3d83da1f0 Uncommon trap: reason=loop_limit_check action=maybe_recompile pc=0x000072c3c8506c74 method=org.apache.xml.dtm.ref.DTMDefaultBase.getFirstAttributeIdentity(I)I @ 19 c2
Event: 2.912 Thread 0x000072c3d85cf9c0 Uncommon trap: trap_request=0xffffff6e fr.pc=0x000072c3c8506c74 relative=0x0000000000000374
Event: 2.912 Thread 0x000072c3d85cf9c0 Uncommon trap: reason=loop_limit_check action=maybe_recompile pc=0x000072c3c8506c74 method=org.apache.xml.dtm.ref.DTMDefaultBase.getFirstAttributeIdentity(I)I @ 19 c2
Event: 2.912 Thread 0x000072c3d83da1f0 DEOPT PACKING pc=0x000072c3c8506c74 sp=0x000066159fdfceb0
Event: 2.912 Thread 0x000072c3d85cf9c0 DEOPT PACKING pc=0x000072c3c8506c74 sp=0x00006616a11eede0
Event: 2.912 Thread 0x000072c3d83c1e50 Uncommon trap: reason=loop_limit_check action=maybe_recompile pc=0x000072c3c8506c74 method=org.apache.xml.dtm.ref.DTMDefaultBase.getFirstAttributeIdentity(I)I @ 19 c2
Event: 2.912 Thread 0x000072c3d83bd3e0 DEOPT UNPACKING pc=0x000072c3c7c6a899 sp=0x000066159f9fc6c0 mode 2
Event: 2.912 Thread 0x000072c3d83c1e50 DEOPT PACKING pc=0x000072c3c8506c74 sp=0x000066159f6fc520
Event: 2.912 Thread 0x000072c3d83da1f0 DEOPT UNPACKING pc=0x000072c3c7c6a899 sp=0x000066159fdfce70 mode 2
Event: 2.912 Thread 0x000072c3d85cf9c0 DEOPT UNPACKING pc=0x000072c3c7c6a899 sp=0x00006616a11eeda0 mode 2
Event: 2.912 Thread 0x000072c3d83c1e50 DEOPT UNPACKING pc=0x000072c3c7c6a899 sp=0x000066159f6fc4e0 mode 2
Event: 2.986 Thread 0x000072c3d83bedb0 DEOPT PACKING pc=0x000072c3c0d7d63e sp=0x000066159f8fe540
Event: 2.986 Thread 0x000072c3d83bedb0 DEOPT UNPACKING pc=0x000072c3c7c6b02f sp=0x000066159f8fdb28 mode 0
Event: 3.011 Thread 0x000072c3d85e0e20 DEOPT PACKING pc=0x000072c3c0d72c80 sp=0x00006616a04f24b0
Event: 3.011 Thread 0x000072c3d85e0e20 DEOPT UNPACKING pc=0x000072c3c7c6b02f sp=0x00006616a04f1a90 mode 0

Classes loaded (20 events):
Event: 2.631 Loading class java/util/ResourceBundle$KeyElementReference
Event: 2.631 Loading class java/util/ResourceBundle$CacheKeyReference
Event: 2.631 Loading class java/util/ResourceBundle$CacheKeyReference done
Event: 2.631 Loading class java/util/ResourceBundle$KeyElementReference done
Event: 2.631 Loading class java/util/ResourceBundle$Control$2
Event: 2.632 Loading class java/util/ResourceBundle$Control$2 done
Event: 2.632 Loading class sun/util/PropertyResourceBundleCharset
Event: 2.632 Loading class sun/util/PropertyResourceBundleCharset done
Event: 2.632 Loading class sun/util/PropertyResourceBundleCharset$PropertiesFileDecoder
Event: 2.632 Loading class sun/util/PropertyResourceBundleCharset$PropertiesFileDecoder done
Event: 2.637 Loading class java/util/ResourceBundle$BundleReference
Event: 2.637 Loading class java/util/ResourceBundle$BundleReference done
Event: 2.637 Loading class sun/util/ResourceBundleEnumeration
Event: 2.638 Loading class sun/util/ResourceBundleEnumeration done
Event: 2.662 Loading class sun/nio/cs/ISO_8859_1$Encoder
Event: 2.662 Loading class sun/nio/cs/ISO_8859_1$Encoder done
Event: 2.702 Loading class java/util/ResourceBundle$Control$1
Event: 2.702 Loading class java/util/ResourceBundle$Control$1 done
Event: 2.723 Loading class java/lang/foreign/MemorySegment
Event: 2.724 Loading class java/lang/foreign/MemorySegment done

Classes unloaded (0 events):
No events

Classes redefined (0 events):
No events

Internal exceptions (13 events):
Event: 2.230 Thread 0x000072c3d802b240 Exception <a 'java/lang/NoSuchMethodError'{0x000000004033c090}: 'java.lang.Object java.lang.invoke.DirectMethodHandle$Holder.newInvokeSpecial(java.lang.Object, int, java.lang.Object)'> (0x000000004033c090) 
thrown [src/hotspot/share/interpreter/linkResolver.cpp, line 772]
Event: 2.239 Thread 0x000072c3d802b240 Exception <a 'java/lang/NoSuchMethodError'{0x00000000402f9e28}: 'void java.lang.invoke.DirectMethodHandle$Holder.invokeStatic(java.lang.Object, java.lang.Object)'> (0x00000000402f9e28) 
thrown [src/hotspot/share/interpreter/linkResolver.cpp, line 772]
Event: 2.240 Thread 0x000072c3d802b240 Exception <a 'java/lang/NoSuchMethodError'{0x00000000402fd820}: 'void java.lang.invoke.DirectMethodHandle$Holder.invokeSpecial(java.lang.Object, java.lang.Object, java.lang.Object)'> (0x00000000402fd820) 
thrown [src/hotspot/share/interpreter/linkResolver.cpp, line 772]
Event: 2.282 Thread 0x000072c3d802b240 Exception <a 'java/lang/NoSuchMethodError'{0x00000000401b5ca8}: 'void java.lang.invoke.DirectMethodHandle$Holder.invokeVirtual(java.lang.Object, java.lang.Object)'> (0x00000000401b5ca8) 
thrown [src/hotspot/share/interpreter/linkResolver.cpp, line 772]
Event: 2.288 Thread 0x000072c3d802b240 Exception <a 'java/io/FileNotFoundException'{0x000000004018ec90}> (0x000000004018ec90) 
thrown [src/hotspot/share/prims/jni.cpp, line 520]
Event: 2.298 Thread 0x000072c3d802b240 Exception <a 'java/lang/NoSuchMethodError'{0x00000000401198b0}: 'java.lang.Object java.lang.invoke.Invokers$Holder.invokeExact_MT(java.lang.Object, java.lang.Object, java.lang.Object, java.lang.Object, java.lang.Object)'> (0x00000000401198b0) 
thrown [src/hotspot/share/interpreter/linkResolver.cpp, line 772]
Event: 2.486 Thread 0x000072c3d802b240 Exception <a 'java/lang/NoSuchMethodError'{0x0000000040eaa4f8}: 'void java.lang.invoke.DirectMethodHandle$Holder.invokeVirtual(java.lang.Object, java.lang.Object, int)'> (0x0000000040eaa4f8) 
thrown [src/hotspot/share/interpreter/linkResolver.cpp, line 772]
Event: 2.487 Thread 0x000072c3d802b240 Exception <a 'java/lang/NoSuchMethodError'{0x0000000040eaec20}: 'int java.lang.invoke.DirectMethodHandle$Holder.invokeSpecial(java.lang.Object, java.lang.Object, java.lang.Object, int)'> (0x0000000040eaec20) 
thrown [src/hotspot/share/interpreter/linkResolver.cpp, line 772]
Event: 2.489 Thread 0x000072c3d802b240 Exception <a 'java/lang/NoSuchMethodError'{0x0000000040e909e0}: 'java.lang.Object java.lang.invoke.DirectMethodHandle$Holder.invokeStatic(java.lang.Object, java.lang.Object, java.lang.Object, java.lang.Object, int)'> (0x0000000040e909e0) 
thrown [src/hotspot/share/interpreter/linkResolver.cpp, line 772]
Event: 2.490 Thread 0x000072c3d802b240 Exception <a 'java/lang/NoSuchMethodError'{0x0000000040e8bbe0}: 'void java.lang.invoke.DelegatingMethodHandle$Holder.reinvoke_L(java.lang.Object, java.lang.Object, int)'> (0x0000000040e8bbe0) 
thrown [src/hotspot/share/interpreter/linkResolver.cpp, line 772]
Event: 2.490 Thread 0x000072c3d802b240 Exception <a 'java/lang/NoSuchMethodError'{0x0000000040e82938}: 'int java.lang.invoke.DirectMethodHandle$Holder.invokeSpecial(java.lang.Object, java.lang.Object, java.lang.Object)'> (0x0000000040e82938) 
thrown [src/hotspot/share/interpreter/linkResolver.cpp, line 772]
Event: 2.562 Thread 0x000072c3d802b240 Exception <a 'java/lang/NoSuchMethodError'{0x00000000413ae268}: 'void java.lang.invoke.DelegatingMethodHandle$Holder.reinvoke_L(java.lang.Object, java.lang.Object, int, int)'> (0x00000000413ae268) 
thrown [src/hotspot/share/interpreter/linkResolver.cpp, line 772]
Event: 2.629 Thread 0x000072c3d83d78b0 Exception <a 'java/lang/NoSuchMethodError'{0x0000000040cd8ac8}: 'java.lang.Object java.lang.invoke.DirectMethodHandle$Holder.invokeInterface(java.lang.Object, java.lang.Object)'> (0x0000000040cd8ac8) 
thrown [src/hotspot/share/interpreter/linkResolver.cpp, line 772]

ZGC Phase Switch (0 events):
No events

VM Operations (20 events):
Event: 2.949 Executing VM operation: ICBufferFull done
Event: 2.953 Executing VM operation: ICBufferFull
Event: 2.953 Executing VM operation: ICBufferFull done
Event: 2.953 Executing VM operation: ICBufferFull
Event: 2.953 Executing VM operation: ICBufferFull done
Event: 2.953 Executing VM operation: ICBufferFull
Event: 2.954 Executing VM operation: ICBufferFull done
Event: 2.955 Executing VM operation: ICBufferFull
Event: 2.955 Executing VM operation: ICBufferFull done
Event: 2.957 Executing VM operation: ICBufferFull
Event: 2.957 Executing VM operation: ICBufferFull done
Event: 2.957 Executing VM operation: ICBufferFull
Event: 2.957 Executing VM operation: ICBufferFull done
Event: 2.961 Executing VM operation: ICBufferFull
Event: 2.961 Executing VM operation: ICBufferFull done
Event: 2.962 Executing VM operation: ICBufferFull
Event: 2.968 Executing VM operation: ICBufferFull done
Event: 3.015 Executing VM operation: ThirdPartyHeapOperation
Event: 3.033 Executing VM operation: ThirdPartyHeapOperation done
Event: 3.037 Executing VM operation: ThirdPartyHeapOperation

Memory protections (20 events):
Event: 2.598 Protecting memory [0x00006616a02f4000,0x00006616a02f8000] with protection modes 0
Event: 2.598 Protecting memory [0x00006616a01f4000,0x00006616a01f8000] with protection modes 0
Event: 2.598 Protecting memory [0x00006616a00f4000,0x00006616a00f8000] with protection modes 0
Event: 2.599 Protecting memory [0x000066159ff00000,0x000066159ff04000] with protection modes 0
Event: 2.599 Protecting memory [0x000066159fe00000,0x000066159fe04000] with protection modes 0
Event: 2.599 Protecting memory [0x000066159fd00000,0x000066159fd04000] with protection modes 0
Event: 2.599 Protecting memory [0x000066159fc00000,0x000066159fc04000] with protection modes 0
Event: 2.599 Protecting memory [0x000066159fb00000,0x000066159fb04000] with protection modes 0
Event: 2.599 Protecting memory [0x000066159fa00000,0x000066159fa04000] with protection modes 0
Event: 2.599 Protecting memory [0x000066159f900000,0x000066159f904000] with protection modes 0
Event: 2.599 Protecting memory [0x000066159f800000,0x000066159f804000] with protection modes 0
Event: 2.599 Protecting memory [0x000066159f700000,0x000066159f704000] with protection modes 0
Event: 2.599 Protecting memory [0x000066159f600000,0x000066159f604000] with protection modes 0
Event: 2.640 Protecting memory [0x000066159f500000,0x000066159f504000] with protection modes 0
Event: 2.650 Protecting memory [0x000066159f400000,0x000066159f404000] with protection modes 0
Event: 2.650 Protecting memory [0x000066159f200000,0x000066159f204000] with protection modes 0
Event: 2.651 Protecting memory [0x000066159f300000,0x000066159f304000] with protection modes 0
Event: 2.728 Protecting memory [0x000066159f100000,0x000066159f104000] with protection modes 0
Event: 2.735 Protecting memory [0x000066159f000000,0x000066159f004000] with protection modes 0
Event: 2.737 Protecting memory [0x000066159ef00000,0x000066159ef04000] with protection modes 0

Nmethod flushes (0 events):
No events

Events (20 events):
Event: 2.598 Thread 0x000072c3d802b240 Thread added: 0x000072c3d83d40a0
Event: 2.598 Thread 0x000072c3d802b240 Thread added: 0x000072c3d83d4e30
Event: 2.598 Thread 0x000072c3d802b240 Thread added: 0x000072c3d83d6410
Event: 2.599 Thread 0x000072c3d802b240 Thread added: 0x000072c3d83d78b0
Event: 2.599 Thread 0x000072c3d802b240 Thread added: 0x000072c3d83d8d50
Event: 2.599 Thread 0x000072c3d802b240 Thread added: 0x000072c3d83da1f0
Event: 2.599 Thread 0x000072c3d802b240 Thread added: 0x000072c3d83dbbe0
Event: 2.599 Thread 0x000072c3d802b240 Thread added: 0x000072c3d83dd470
Event: 2.599 Thread 0x000072c3d802b240 Thread added: 0x000072c3d83ded00
Event: 2.599 Thread 0x000072c3d802b240 Thread added: 0x000072c3d83bd3e0
Event: 2.599 Thread 0x000072c3d802b240 Thread added: 0x000072c3d83bedb0
Event: 2.599 Thread 0x000072c3d802b240 Thread added: 0x000072c3d83c0600
Event: 2.599 Thread 0x000072c3d802b240 Thread added: 0x000072c3d83c1e50
Event: 2.640 Thread 0x000072c3d8556e10 Thread added: 0x000066161c0e6be0
Event: 2.650 Thread 0x000066161c083fb0 Thread added: 0x0000661604074f90
Event: 2.650 Thread 0x000066161c083fb0 Thread added: 0x00006616040765f0
Event: 2.650 Thread 0x000066161c083fb0 Thread added: 0x0000661604077c60
Event: 2.728 Thread 0x000066161c083fb0 Thread added: 0x000066160413d440
Event: 2.735 Thread 0x000066161c0558b0 Thread added: 0x00006616101eb3e0
Event: 2.737 Thread 0x000072c3d8556e10 Thread added: 0x000066161c286bd0


Dynamic libraries:
40000000-40400000 rw-p 00000000 00:00 0                                  [anon:mmtk:space:immix]
40400000-40800000 rw-p 00000000 00:00 0                                  [anon:mmtk:space:los]
40800000-41400000 rw-p 00000000 00:00 0                                  [anon:mmtk:space:immix]
41400000-41800000 rw-p 00000000 00:00 0                                  [anon:mmtk:space:los]
41800000-41c00000 rw-p 00000000 00:00 0                                  [anon:mmtk:space:immix]
41c00000-42000000 rw-p 00000000 00:00 0                                  [anon:mmtk:space:los]
42000000-42800000 rw-p 00000000 00:00 0                                  [anon:mmtk:space:immix]
42800000-42c00000 rw-p 00000000 00:00 0                                  [anon:mmtk:space:los]
42c00000-43400000 rw-p 00000000 00:00 0                                  [anon:mmtk:space:immix]
43400000-43800000 rw-p 00000000 00:00 0                                  [anon:mmtk:space:los]
43800000-43c00000 rw-p 00000000 00:00 0                                  [anon:mmtk:space:immix]
43c00000-44000000 rw-p 00000000 00:00 0                                  [anon:mmtk:space:los]
44000000-44400000 rw-p 00000000 00:00 0                                  [anon:mmtk:space:immix]
44400000-44800000 rw-p 00000000 00:00 0                                  [anon:mmtk:space:los]
44800000-45000000 rw-p 00000000 00:00 0                                  [anon:mmtk:space:immix]
45000000-45400000 rw-p 00000000 00:00 0                                  [anon:mmtk:space:los]
45400000-45c00000 rw-p 00000000 00:00 0                                  [anon:mmtk:space:immix]
45c00000-46000000 rw-p 00000000 00:00 0                                  [anon:mmtk:space:los]
46000000-46800000 rw-p 00000000 00:00 0                                  [anon:mmtk:space:immix]
46800000-46c00000 rw-p 00000000 00:00 0                                  [anon:mmtk:space:los]
46c00000-47000000 rw-p 00000000 00:00 0                                  [anon:mmtk:space:immix]
47000000-47400000 rw-p 00000000 00:00 0                                  [anon:mmtk:space:los]
47400000-47800000 rw-p 00000000 00:00 0                                  [anon:mmtk:space:immix]
47800000-47c00000 rw-p 00000000 00:00 0                                  [anon:mmtk:space:los]
47c00000-48400000 rw-p 00000000 00:00 0                                  [anon:mmtk:space:immix]
48400000-48800000 rw-p 00000000 00:00 0                                  [anon:mmtk:space:los]
48800000-49000000 rw-p 00000000 00:00 0                                  [anon:mmtk:space:immix]
49000000-49400000 rw-p 00000000 00:00 0                                  [anon:mmtk:space:los]
49400000-49800000 rw-p 00000000 00:00 0                                  [anon:mmtk:space:immix]
49800000-49c00000 rw-p 00000000 00:00 0                                  [anon:mmtk:space:los]
49c00000-4a400000 rw-p 00000000 00:00 0                                  [anon:mmtk:space:immix]
4a400000-4a800000 rw-p 00000000 00:00 0                                  [anon:mmtk:space:los]
4a800000-4ac00000 rw-p 00000000 00:00 0                                  [anon:mmtk:space:immix]
4ac00000-4b000000 rw-p 00000000 00:00 0                                  [anon:mmtk:space:los]
4b000000-4b800000 rw-p 00000000 00:00 0                                  [anon:mmtk:space:immix]
4b800000-4bc00000 rw-p 00000000 00:00 0                                  [anon:mmtk:space:los]
4bc00000-4c000000 rw-p 00000000 00:00 0                                  [anon:mmtk:space:immix]
4c000000-4c400000 rw-p 00000000 00:00 0                                  [anon:mmtk:space:los]
4c400000-4cc00000 rw-p 00000000 00:00 0                                  [anon:mmtk:space:immix]
4cc00000-4d000000 rw-p 00000000 00:00 0                                  [anon:mmtk:space:los]
4d000000-4d400000 rw-p 00000000 00:00 0                                  [anon:mmtk:space:immix]
4d400000-4d800000 rw-p 00000000 00:00 0                                  [anon:mmtk:space:los]
4d800000-4e000000 rw-p 00000000 00:00 0                                  [anon:mmtk:space:immix]
4e000000-4e400000 rw-p 00000000 00:00 0                                  [anon:mmtk:space:los]
4e400000-4e800000 rw-p 00000000 00:00 0                                  [anon:mmtk:space:immix]
4e800000-4ec00000 rw-p 00000000 00:00 0                                  [anon:mmtk:space:los]
4ec00000-4f000000 rw-p 00000000 00:00 0                                  [anon:mmtk:space:immix]
4f000000-4f400000 rw-p 00000000 00:00 0                                  [anon:mmtk:space:los]
4f400000-4fc00000 rw-p 00000000 00:00 0                                  [anon:mmtk:space:immix]
4fc00000-50000000 rw-p 00000000 00:00 0                                  [anon:mmtk:space:los]
50000000-50400000 rw-p 00000000 00:00 0                                  [anon:mmtk:space:immix]
200000000000-2000c00c0000 rw-s 00000000 00:10 68                         anon_inode:bpf-map
565ee3622000-565ee3623000 r--p 00000000 fc:00 49676337                   /mydata/openjdk-mmtk/build/b0test/images/jdk/bin/java
565ee3623000-565ee3624000 r-xp 00001000 fc:00 49676337                   /mydata/openjdk-mmtk/build/b0test/images/jdk/bin/java
565ee3624000-565ee3625000 r--p 00002000 fc:00 49676337                   /mydata/openjdk-mmtk/build/b0test/images/jdk/bin/java
565ee3625000-565ee3626000 r--p 00002000 fc:00 49676337                   /mydata/openjdk-mmtk/build/b0test/images/jdk/bin/java
565ee3626000-565ee3627000 rw-p 00003000 fc:00 49676337                   /mydata/openjdk-mmtk/build/b0test/images/jdk/bin/java
565f1a93c000-565f1a984000 rw-p 00000000 00:00 0                          [heap]
661558000000-6615585cd000 rw-p 00000000 00:00 0 
6615585cd000-66155c000000 ---p 00000000 00:00 0 
66155c000000-66155c5fe000 rw-p 00000000 00:00 0 
66155c5fe000-661560000000 ---p 00000000 00:00 0 
661560000000-661560821000 rw-p 00000000 00:00 0 
661560821000-661564000000 ---p 00000000 00:00 0 
661564000000-6615647eb000 rw-p 00000000 00:00 0 
6615647eb000-661568000000 ---p 00000000 00:00 0 
661568000000-661568ae6000 rw-p 00000000 00:00 0 
661568ae6000-66156c000000 ---p 00000000 00:00 0 
66156c000000-66156c8d4000 rw-p 00000000 00:00 0 
66156c8d4000-661570000000 ---p 00000000 00:00 0 
661570000000-66157002a000 rw-p 00000000 00:00 0 
66157002a000-661574000000 ---p 00000000 00:00 0 
661574000000-6615746ac000 rw-p 00000000 00:00 0 
6615746ac000-661578000000 ---p 00000000 00:00 0 
661578000000-66157802d000 rw-p 00000000 00:00 0 
66157802d000-66157c000000 ---p 00000000 00:00 0 
66157c000000-66157c021000 rw-p 00000000 00:00 0 
66157c021000-661580000000 ---p 00000000 00:00 0 
661580000000-661580021000 rw-p 00000000 00:00 0 
661580021000-661584000000 ---p 00000000 00:00 0 
661584000000-661584023000 rw-p 00000000 00:00 0 
661584023000-661588000000 ---p 00000000 00:00 0 
661588000000-661588021000 rw-p 00000000 00:00 0 
661588021000-66158c000000 ---p 00000000 00:00 0 
66158c000000-66158c02f000 rw-p 00000000 00:00 0 
66158c02f000-661590000000 ---p 00000000 00:00 0 
661590000000-661590038000 rw-p 00000000 00:00 0 
661590038000-661594000000 ---p 00000000 00:00 0 
661594000000-661594021000 rw-p 00000000 00:00 0 
661594021000-661598000000 ---p 00000000 00:00 0 
661598000000-661598024000 rw-p 00000000 00:00 0 
661598024000-66159c000000 ---p 00000000 00:00 0 
66159eb45000-66159ef00000 rw-p 00000000 00:00 0 
66159ef00000-66159ef04000 ---p 00000000 00:00 0 
66159ef04000-66159f000000 rw-p 00000000 00:00 0 
66159f000000-66159f004000 ---p 00000000 00:00 0 
66159f004000-66159f100000 rw-p 00000000 00:00 0 
66159f100000-66159f104000 ---p 00000000 00:00 0 
66159f104000-66159f200000 rw-p 00000000 00:00 0 
66159f200000-66159f204000 ---p 00000000 00:00 0 
66159f204000-66159f300000 rw-p 00000000 00:00 0 
66159f300000-66159f304000 ---p 00000000 00:00 0 
66159f304000-66159f400000 rw-p 00000000 00:00 0 
66159f400000-66159f404000 ---p 00000000 00:00 0 
66159f404000-66159f500000 rw-p 00000000 00:00 0 
66159f500000-66159f504000 ---p 00000000 00:00 0 
66159f504000-66159f600000 rw-p 00000000 00:00 0 
66159f600000-66159f604000 ---p 00000000 00:00 0 
66159f604000-66159f700000 rw-p 00000000 00:00 0 
66159f700000-66159f704000 ---p 00000000 00:00 0 
66159f704000-66159f800000 rw-p 00000000 00:00 0 
66159f800000-66159f804000 ---p 00000000 00:00 0 
66159f804000-66159f900000 rw-p 00000000 00:00 0 
66159f900000-66159f904000 ---p 00000000 00:00 0 
66159f904000-66159fa00000 rw-p 00000000 00:00 0 
66159fa00000-66159fa04000 ---p 00000000 00:00 0 
66159fa04000-66159fb00000 rw-p 00000000 00:00 0 
66159fb00000-66159fb04000 ---p 00000000 00:00 0 
66159fb04000-66159fc00000 rw-p 00000000 00:00 0 
66159fc00000-66159fc04000 ---p 00000000 00:00 0 
66159fc04000-66159fd00000 rw-p 00000000 00:00 0 
66159fd00000-66159fd04000 ---p 00000000 00:00 0 
66159fd04000-66159fe00000 rw-p 00000000 00:00 0 
66159fe00000-66159fe04000 ---p 00000000 00:00 0 
66159fe04000-66159ff00000 rw-p 00000000 00:00 0 
66159ff00000-66159ff04000 ---p 00000000 00:00 0 
66159ff04000-6615a0000000 rw-p 00000000 00:00 0 
6615a0000000-6615a0025000 rw-p 00000000 00:00 0 
6615a0025000-6615a4000000 ---p 00000000 00:00 0 
6615a4000000-6615a4021000 rw-p 00000000 00:00 0 
6615a4021000-6615a8000000 ---p 00000000 00:00 0 
6615a8000000-6615a8021000 rw-p 00000000 00:00 0 
6615a8021000-6615ac000000 ---p 00000000 00:00 0 
6615ac000000-6615ac02b000 rw-p 00000000 00:00 0 
6615ac02b000-6615b0000000 ---p 00000000 00:00 0 
6615b0000000-6615b0021000 rw-p 00000000 00:00 0 
6615b0021000-6615b4000000 ---p 00000000 00:00 0 
6615b4000000-6615b405a000 rw-p 00000000 00:00 0 
6615b405a000-6615b8000000 ---p 00000000 00:00 0 
6615b8000000-6615b8021000 rw-p 00000000 00:00 0 
6615b8021000-6615bc000000 ---p 00000000 00:00 0 
6615bc000000-6615bc03b000 rw-p 00000000 00:00 0 
6615bc03b000-6615c0000000 ---p 00000000 00:00 0 
6615c0000000-6615c0021000 rw-p 00000000 00:00 0 
6615c0021000-6615c4000000 ---p 00000000 00:00 0 
6615c4000000-6615c403c000 rw-p 00000000 00:00 0 
6615c403c000-6615c8000000 ---p 00000000 00:00 0 
6615c8000000-6615c8031000 rw-p 00000000 00:00 0 
6615c8031000-6615cc000000 ---p 00000000 00:00 0 
6615cc000000-6615cc023000 rw-p 00000000 00:00 0 
6615cc023000-6615d0000000 ---p 00000000 00:00 0 
6615d0000000-6615d002a000 rw-p 00000000 00:00 0 
6615d002a000-6615d4000000 ---p 00000000 00:00 0 
6615d4000000-6615d4021000 rw-p 00000000 00:00 0 
6615d4021000-6615d8000000 ---p 00000000 00:00 0 
6615d8000000-6615d8021000 rw-p 00000000 00:00 0 
6615d8021000-6615dc000000 ---p 00000000 00:00 0 
6615dc000000-6615dc05c000 rw-p 00000000 00:00 0 
6615dc05c000-6615e0000000 ---p 00000000 00:00 0 
6615e0000000-6615e0026000 rw-p 00000000 00:00 0 
6615e0026000-6615e4000000 ---p 00000000 00:00 0 
6615e4000000-6615e4021000 rw-p 00000000 00:00 0 
6615e4021000-6615e8000000 ---p 00000000 00:00 0 
6615e8000000-6615e805c000 rw-p 00000000 00:00 0 
6615e805c000-6615ec000000 ---p 00000000 00:00 0 
6615ec000000-6615ec034000 rw-p 00000000 00:00 0 
6615ec034000-6615f0000000 ---p 00000000 00:00 0 
6615f0000000-6615f004c000 rw-p 00000000 00:00 0 
6615f004c000-6615f4000000 ---p 00000000 00:00 0 
6615f4000000-6615f402a000 rw-p 00000000 00:00 0 
6615f402a000-6615f8000000 ---p 00000000 00:00 0 
6615f8000000-6615f83a7000 rw-p 00000000 00:00 0 
6615f83a7000-6615fc000000 ---p 00000000 00:00 0 
6615fc000000-6615fc962000 rw-p 00000000 00:00 0 
6615fc962000-661600000000 ---p 00000000 00:00 0 
661600000000-661600979000 rw-p 00000000 00:00 0 
661600979000-661604000000 ---p 00000000 00:00 0 
661604000000-6616042b1000 rw-p 00000000 00:00 0 
6616042b1000-661608000000 ---p 00000000 00:00 0 
661608000000-661608021000 rw-p 00000000 00:00 0 
661608021000-66160c000000 ---p 00000000 00:00 0 
66160c000000-66160c021000 rw-p 00000000 00:00 0 
66160c021000-661610000000 ---p 00000000 00:00 0 
661610000000-661610318000 rw-p 00000000 00:00 0 
661610318000-661614000000 ---p 00000000 00:00 0 
661614000000-6616141cf000 rw-p 00000000 00:00 0 
6616141cf000-661618000000 ---p 00000000 00:00 0 
661618000000-6616189a0000 rw-p 00000000 00:00 0 
6616189a0000-66161c000000 ---p 00000000 00:00 0 
66161c000000-66161c395000 rw-p 00000000 00:00 0 
66161c395000-661620000000 ---p 00000000 00:00 0 
661620000000-661620021000 rw-p 00000000 00:00 0 
661620021000-661624000000 ---p 00000000 00:00 0 
661624000000-661624021000 rw-p 00000000 00:00 0 
661624021000-661628000000 ---p 00000000 00:00 0 
661628000000-661628042000 rw-p 00000000 00:00 0 
661628042000-66162c000000 ---p 00000000 00:00 0 
66162c000000-66162c021000 rw-p 00000000 00:00 0 
66162c021000-661630000000 ---p 00000000 00:00 0 
661630000000-661630022000 rw-p 00000000 00:00 0 
661630022000-661634000000 ---p 00000000 00:00 0 
661634000000-6616341f7000 rw-p 00000000 00:00 0 
6616341f7000-661638000000 ---p 00000000 00:00 0 
661638000000-66163802a000 rw-p 00000000 00:00 0 
66163802a000-66163c000000 ---p 00000000 00:00 0 
66163c000000-66163c023000 rw-p 00000000 00:00 0 
66163c023000-661640000000 ---p 00000000 00:00 0 
661640000000-661640022000 rw-p 00000000 00:00 0 
661640022000-661644000000 ---p 00000000 00:00 0 
661644000000-661644021000 rw-p 00000000 00:00 0 
661644021000-661648000000 ---p 00000000 00:00 0 
661648000000-66164802b000 rw-p 00000000 00:00 0 
66164802b000-66164c000000 ---p 00000000 00:00 0 
66164c000000-66164c02a000 rw-p 00000000 00:00 0 
66164c02a000-661650000000 ---p 00000000 00:00 0 
661650000000-66165003a000 rw-p 00000000 00:00 0 
66165003a000-661654000000 ---p 00000000 00:00 0 
661654000000-66165402b000 rw-p 00000000 00:00 0 
66165402b000-661658000000 ---p 00000000 00:00 0 
661658000000-661658052000 rw-p 00000000 00:00 0 
661658052000-66165c000000 ---p 00000000 00:00 0 
66165c000000-66165c02b000 rw-p 00000000 00:00 0 
66165c02b000-661660000000 ---p 00000000 00:00 0 
661660000000-66166002b000 rw-p 00000000 00:00 0 
66166002b000-661664000000 ---p 00000000 00:00 0 
661664000000-66166402b000 rw-p 00000000 00:00 0 
66166402b000-661668000000 ---p 00000000 00:00 0 
661668000000-66166802a000 rw-p 00000000 00:00 0 
66166802a000-66166c000000 ---p 00000000 00:00 0 
66166c000000-66166c021000 rw-p 00000000 00:00 0 
66166c021000-661670000000 ---p 00000000 00:00 0 
661670000000-661670021000 rw-p 00000000 00:00 0 
661670021000-661674000000 ---p 00000000 00:00 0 
661674000000-66167404a000 rw-p 00000000 00:00 0 
66167404a000-661678000000 ---p 00000000 00:00 0 
661678000000-661678023000 rw-p 00000000 00:00 0 
661678023000-66167c000000 ---p 00000000 00:00 0 
66167c000000-66167c02a000 rw-p 00000000 00:00 0 
66167c02a000-661680000000 ---p 00000000 00:00 0 
661680000000-661680021000 rw-p 00000000 00:00 0 
661680021000-661684000000 ---p 00000000 00:00 0 
661684000000-66168402c000 rw-p 00000000 00:00 0 
66168402c000-661688000000 ---p 00000000 00:00 0 
661688000000-661688021000 rw-p 00000000 00:00 0 
661688021000-66168c000000 ---p 00000000 00:00 0 
66168c000000-66168c021000 rw-p 00000000 00:00 0 
66168c021000-661690000000 ---p 00000000 00:00 0 
661690000000-661690021000 rw-p 00000000 00:00 0 
661690021000-661694000000 ---p 00000000 00:00 0 
661694000000-661694021000 rw-p 00000000 00:00 0 
661694021000-661698000000 ---p 00000000 00:00 0 
661698000000-661698280000 rw-p 00000000 00:00 0 
661698280000-661698400000 ---p 00000000 00:00 0 
661698400000-6616988b0000 rw-p 00000000 00:00 0 
6616988b0000-66169c000000 ---p 00000000 00:00 0 
66169c000000-66169c021000 rw-p 00000000 00:00 0 
66169c021000-6616a0000000 ---p 00000000 00:00 0 
6616a00f4000-6616a00f8000 ---p 00000000 00:00 0 
6616a00f8000-6616a01f4000 rw-p 00000000 00:00 0 
6616a01f4000-6616a01f8000 ---p 00000000 00:00 0 
6616a01f8000-6616a02f4000 rw-p 00000000 00:00 0 
6616a02f4000-6616a02f8000 ---p 00000000 00:00 0 
6616a02f8000-6616a03f4000 rw-p 00000000 00:00 0 
6616a03f4000-6616a03f8000 ---p 00000000 00:00 0 
6616a03f8000-6616a04f4000 rw-p 00000000 00:00 0 
6616a04f4000-6616a04f8000 ---p 00000000 00:00 0 
6616a04f8000-6616a05f4000 rw-p 00000000 00:00 0 
6616a05f4000-6616a05f8000 ---p 00000000 00:00 0 
6616a05f8000-6616a06f4000 rw-p 00000000 00:00 0 
6616a06f4000-6616a06f8000 ---p 00000000 00:00 0 
6616a06f8000-6616a07f4000 rw-p 00000000 00:00 0 
6616a07f4000-6616a07f8000 ---p 00000000 00:00 0 
6616a07f8000-6616a08f4000 rw-p 00000000 00:00 0 
6616a08f4000-6616a08f8000 ---p 00000000 00:00 0 
6616a08f8000-6616a09f4000 rw-p 00000000 00:00 0 
6616a09f4000-6616a09f8000 ---p 00000000 00:00 0 
6616a09f8000-6616a0af4000 rw-p 00000000 00:00 0 
6616a0af4000-6616a0af8000 ---p 00000000 00:00 0 
6616a0af8000-6616a0bf4000 rw-p 00000000 00:00 0 
6616a0bf4000-6616a0bf8000 ---p 00000000 00:00 0 
6616a0bf8000-6616a0cf4000 rw-p 00000000 00:00 0 
6616a0cf4000-6616a0cf8000 ---p 00000000 00:00 0 
6616a0cf8000-6616a0df4000 rw-p 00000000 00:00 0 
6616a0df4000-6616a0df8000 ---p 00000000 00:00 0 
6616a0df8000-6616a0ef4000 rw-p 00000000 00:00 0 
6616a0ef4000-6616a0ef8000 ---p 00000000 00:00 0 
6616a0ef8000-6616a0ff4000 rw-p 00000000 00:00 0 
6616a0ff4000-6616a0ff8000 ---p 00000000 00:00 0 
6616a0ff8000-6616a10f4000 rw-p 00000000 00:00 0 
6616a10f4000-6616a10f8000 ---p 00000000 00:00 0 
6616a10f8000-6616a11f4000 rw-p 00000000 00:00 0 
6616a11f4000-6616a11f8000 ---p 00000000 00:00 0 
6616a11f8000-6616a12f4000 rw-p 00000000 00:00 0 
6616a12f4000-6616a12f8000 ---p 00000000 00:00 0 
6616a12f8000-6616a13f4000 rw-p 00000000 00:00 0 
6616a13f4000-6616a13f8000 ---p 00000000 00:00 0 
6616a13f8000-6616a14f4000 rw-p 00000000 00:00 0 
6616a14f4000-6616a14f8000 ---p 00000000 00:00 0 
6616a14f8000-6616a15f4000 rw-p 00000000 00:00 0 
6616a15f4000-6616a15f8000 ---p 00000000 00:00 0 
6616a15f8000-6616a16f4000 rw-p 00000000 00:00 0 
6616a16f4000-6616a16f8000 ---p 00000000 00:00 0 
6616a16f8000-6616a17f4000 rw-p 00000000 00:00 0 
6616a17f4000-6616a17f8000 ---p 00000000 00:00 0 
6616a17f8000-6616a18f4000 rw-p 00000000 00:00 0 
6616a18f4000-6616a18f8000 ---p 00000000 00:00 0 
6616a18f8000-6616a19f4000 rw-p 00000000 00:00 0 
6616a19f4000-6616a19f8000 ---p 00000000 00:00 0 
6616a19f8000-6616a1af4000 rw-p 00000000 00:00 0 
6616a1af4000-6616a1af8000 ---p 00000000 00:00 0 
6616a1af8000-6616a1bf4000 rw-p 00000000 00:00 0 
6616a1bf4000-6616a1bf8000 ---p 00000000 00:00 0 
6616a1bf8000-6616a1cf4000 rw-p 00000000 00:00 0 
6616a1cf4000-6616a1cf8000 ---p 00000000 00:00 0 
6616a1cf8000-6616a1df4000 rw-p 00000000 00:00 0 
6616a1df4000-6616a1df8000 ---p 00000000 00:00 0 
6616a1df8000-6616a1ef4000 rw-p 00000000 00:00 0 
6616a1ef4000-6616a1ef8000 ---p 00000000 00:00 0 
6616a1ef8000-6616a1ff4000 rw-p 00000000 00:00 0 
6616a1ff4000-6616a1ff8000 ---p 00000000 00:00 0 
6616a1ff8000-6616a20f4000 rw-p 00000000 00:00 0 
6616a20f4000-6616a20f8000 ---p 00000000 00:00 0 
6616a20f8000-6616a21f4000 rw-p 00000000 00:00 0 
6616a21f4000-6616a21f8000 ---p 00000000 00:00 0 
6616a21f8000-6616a22f4000 rw-p 00000000 00:00 0 
6616a22f4000-6616a22f8000 ---p 00000000 00:00 0 
6616a22f8000-6616a23f4000 rw-p 00000000 00:00 0 
6616a23f4000-6616a23f5000 ---p 00000000 00:00 0 
6616a23f5000-6616a24f5000 rw-p 00000000 00:00 0 
6616a24f5000-6616a24f6000 ---p 00000000 00:00 0 
6616a24f6000-6616a25f6000 rw-p 00000000 00:00 0 
6616a25f6000-6616a25f7000 ---p 00000000 00:00 0 
6616a25f7000-6616a26f7000 rw-p 00000000 00:00 0 
6616a26f7000-6616a26f8000 ---p 00000000 00:00 0 
6616a26f8000-6616a27f8000 rw-p 00000000 00:00 0 
6616a27f8000-6616a27f9000 ---p 00000000 00:00 0 
6616a27f9000-6616a28f9000 rw-p 00000000 00:00 0 
6616a28f9000-6616a28fa000 ---p 00000000 00:00 0 
6616a28fa000-6616a29fa000 rw-p 00000000 00:00 0 
6616a29fa000-6616a29fb000 ---p 00000000 00:00 0 
6616a29fb000-6616a2afb000 rw-p 00000000 00:00 0 
6616a2afb000-6616a2afc000 ---p 00000000 00:00 0 
6616a2afc000-6616a2bfc000 rw-p 00000000 00:00 0 
6616a2bfc000-6616a2bfd000 ---p 00000000 00:00 0 
6616a2bfd000-6616a2cfd000 rw-p 00000000 00:00 0 
6616a2cfd000-6616a2cfe000 ---p 00000000 00:00 0 
6616a2cfe000-6616a2dfe000 rw-p 00000000 00:00 0 
6616a2dfe000-6616a2dff000 ---p 00000000 00:00 0 
6616a2dff000-6616a2eff000 rw-p 00000000 00:00 0 
6616a2eff000-6616a2f00000 ---p 00000000 00:00 0 
6616a2f00000-6616a3000000 rw-p 00000000 00:00 0 
6616a3000000-6616a3ca3000 rw-p 00001000 fc:00 49677043                   /mydata/openjdk-mmtk/build/b0test/images/jdk/lib/server/classes.jsa
6616a3ca3000-6616a4000000 ---p 00000000 00:00 0 
6616a4000000-6616a4040000 rw-p 00000000 00:00 0 
6616a4040000-6616a4110000 rw-p 00000000 00:00 0 
6616a4110000-6616e4000000 ---p 00000000 00:00 0 
6616e4000000-6616e4021000 rw-p 00000000 00:00 0 
6616e4021000-6616e8000000 ---p 00000000 00:00 0 
6616e80f9000-6616e80fa000 ---p 00000000 00:00 0 
6616e80fa000-6616e81fa000 rw-p 00000000 00:00 0 
6616e81fa000-6616e81fb000 ---p 00000000 00:00 0 
6616e81fb000-6616e82fb000 rw-p 00000000 00:00 0 
6616e82fb000-6616e82fc000 ---p 00000000 00:00 0 
6616e82fc000-6616e83fc000 rw-p 00000000 00:00 0 
6616e83fc000-6616e83fd000 ---p 00000000 00:00 0 
6616e83fd000-6616e84fd000 rw-p 00000000 00:00 0 
6616e84fd000-6616e84fe000 ---p 00000000 00:00 0 
6616e84fe000-6616e85fe000 rw-p 00000000 00:00 0 
6616e85fe000-6616e85ff000 ---p 00000000 00:00 0 
6616e85ff000-6616e86ff000 rw-p 00000000 00:00 0 
6616e86ff000-6616e8700000 ---p 00000000 00:00 0 
6616e8700000-6616e8800000 rw-p 00000000 00:00 0 
6616e8800000-6616e8aeb000 r--p 00000000 08:03 1410552                    /usr/lib/locale/locale-archive
6616e8afe000-6616e8aff000 ---p 00000000 00:00 0 
6616e8aff000-6616e8bff000 rw-p 00000000 00:00 0 
6616e8bff000-6616e9200000 rw-p 00000000 00:00 0 
6616e9200000-6616ec200000 rw-p 00000000 00:00 0 
6616ec2fb000-6616ec2fc000 ---p 00000000 00:00 0 
6616ec2fc000-6616ec3fc000 rw-p 00000000 00:00 0 
6616ec3fc000-66171c400000 rw-p 00000000 00:00 0 
66171c400000-66171d400000 ---p 00000000 00:00 0                          [anon:mmtk:sidemeta:all:all-quarantined]
66171d400000-66171dc00000 rw-p 00000000 00:00 0                          [anon:mmtk:sidemeta:immix:VO_BIT]
66171dc00000-68171e400000 ---p 00000000 00:00 0                          [anon:mmtk:sidemeta:all:all-quarantined]
68171e400000-68171e800000 rw-p 00000000 00:00 0                          [anon:mmtk:sidemeta:immix:CHUNK_MARK]
68171e800000-681721400000 ---p 00000000 00:00 0                          [anon:mmtk:sidemeta:all:all-quarantined]
681721400000-681721c00000 rw-p 00000000 00:00 0                          [anon:mmtk:sidemeta:immix:VMGlobalLogBitSpec]
681721c00000-6a1f20800000 ---p 00000000 00:00 0                          [anon:mmtk:sidemeta:all:all-quarantined]
6a1f20800000-6a1f20c00000 rw-p 00000000 00:00 0                          [anon:mmtk:sidemeta:immix:IX_LINE_MARK]
6a1f20c00000-6a9f20400000 ---p 00000000 00:00 0                          [anon:mmtk:sidemeta:all:all-quarantined]
6a9f20400000-6a9f20800000 rw-p 00000000 00:00 0                          [anon:mmtk:sidemeta:immix:IX_BLOCK_DEFRAG]
6a9f20800000-6aa020400000 ---p 00000000 00:00 0                          [anon:mmtk:sidemeta:all:all-quarantined]
6aa020400000-6aa020800000 rw-p 00000000 00:00 0                          [anon:mmtk:sidemeta:immix:IX_BLOCK_MARK]
6aa020800000-70c1a0400000 ---p 00000000 00:00 0                          [anon:mmtk:sidemeta:all:all-quarantined]
70c1a0400000-70c1a0800000 rw-p 00000000 00:00 0                          [anon:mmtk:sidemeta:los:VMLocalLOSMarkNurserySpec]
70c1a0800000-70c3a1400000 ---p 00000000 00:00 0                          [anon:mmtk:sidemeta:all:all-quarantined]
70c3a1400000-70c3a1c00000 rw-p 00000000 00:00 0                          [anon:mmtk:sidemeta:immix:VMLocalMarkBitSpec]
70c3a1c00000-72c3a0400000 ---p 00000000 00:00 0                          [anon:mmtk:sidemeta:all:all-quarantined]
72c3a04fd000-72c3a04fe000 ---p 00000000 00:00 0 
72c3a04fe000-72c3a05fe000 rw-p 00000000 00:00 0 
72c3a05fe000-72c3a05ff000 ---p 00000000 00:00 0 
72c3a05ff000-72c3a06ff000 rw-p 00000000 00:00 0 
72c3a06ff000-72c3a0703000 ---p 00000000 00:00 0 
72c3a0703000-72c3a07ff000 rw-p 00000000 00:00 0 
72c3a07ff000-72c3c0800000 rw-p 00000000 00:00 0 
72c3c0800000-72c3c0e40000 rwxp 00000000 00:00 0 
72c3c0e40000-72c3c7c17000 ---p 00000000 00:00 0 
72c3c7c17000-72c3c7fa7000 rwxp 00000000 00:00 0 
72c3c7fa7000-72c3c83e8000 ---p 00000000 00:00 0 
72c3c83e8000-72c3c8658000 rwxp 00000000 00:00 0 
72c3c8658000-72c3cf800000 ---p 00000000 00:00 0 
72c3cf800000-72c3d7fa0000 r--s 00000000 fc:00 49676297                   /mydata/openjdk-mmtk/build/b0test/images/jdk/lib/modules
72c3d8000000-72c3d87ed000 rw-p 00000000 00:00 0 
72c3d87ed000-72c3dc000000 ---p 00000000 00:00 0 
72c3dc02c000-72c3dc031000 r--p 00000000 fc:00 49676417                   /mydata/openjdk-mmtk/build/b0test/images/jdk/lib/libjsvml.so
72c3dc031000-72c3dc072000 r-xp 00005000 fc:00 49676417                   /mydata/openjdk-mmtk/build/b0test/images/jdk/lib/libjsvml.so
72c3dc072000-72c3dc0fb000 r--p 00046000 fc:00 49676417                   /mydata/openjdk-mmtk/build/b0test/images/jdk/lib/libjsvml.so
72c3dc0fb000-72c3dc0fc000 r--p 000ce000 fc:00 49676417                   /mydata/openjdk-mmtk/build/b0test/images/jdk/lib/libjsvml.so
72c3dc0fc000-72c3dc0fd000 rw-p 000cf000 fc:00 49676417                   /mydata/openjdk-mmtk/build/b0test/images/jdk/lib/libjsvml.so
72c3dc0fd000-72c3dc101000 ---p 00000000 00:00 0 
72c3dc101000-72c3dc1fd000 rw-p 00000000 00:00 0 
72c3dc1fd000-72c3dc201000 ---p 00000000 00:00 0 
72c3dc201000-72c3dc2fd000 rw-p 00000000 00:00 0 
72c3dc2fd000-72c3dc2fe000 ---p 00000000 00:00 0 
72c3dc2fe000-72c3dc3fe000 rw-p 00000000 00:00 0 
72c3dc3fe000-72c3dc3ff000 ---p 00000000 00:00 0 
72c3dc3ff000-72c3dc4ff000 rw-p 00000000 00:00 0 
72c3dc4ff000-72c3dc500000 ---p 00000000 00:00 0 
72c3dc500000-72c3dc600000 rw-p 00000000 00:00 0 
72c3dc600000-72c3dc60c000 r--p 00000000 fc:00 13107796                   /mydata/gc-bpf-fault/shim/libgcbpf.so
72c3dc60c000-72c3dc66e000 r-xp 0000c000 fc:00 13107796                   /mydata/gc-bpf-fault/shim/libgcbpf.so
72c3dc66e000-72c3dc81b000 r--p 0006e000 fc:00 13107796                   /mydata/gc-bpf-fault/shim/libgcbpf.so
72c3dc81b000-72c3dc81d000 r--p 0021b000 fc:00 13107796                   /mydata/gc-bpf-fault/shim/libgcbpf.so
72c3dc81d000-72c3dc81e000 rw-p 0021d000 fc:00 13107796                   /mydata/gc-bpf-fault/shim/libgcbpf.so
72c3dc81e000-72c3dc81f000 rw-p 00000000 00:00 0 
72c3dc85d000-72c3dc861000 r--p 00000000 08:03 1410107                    /usr/lib/x86_64-linux-gnu/libzstd.so.1.5.5
72c3dc861000-72c3dc908000 r-xp 00004000 08:03 1410107                    /usr/lib/x86_64-linux-gnu/libzstd.so.1.5.5
72c3dc908000-72c3dc915000 r--p 000ab000 08:03 1410107                    /usr/lib/x86_64-linux-gnu/libzstd.so.1.5.5
72c3dc915000-72c3dc916000 r--p 000b7000 08:03 1410107                    /usr/lib/x86_64-linux-gnu/libzstd.so.1.5.5
72c3dc916000-72c3dc917000 rw-p 000b8000 08:03 1410107                    /usr/lib/x86_64-linux-gnu/libzstd.so.1.5.5
72c3dc917000-72c3dc91c000 rw-p 00000000 00:00 0 
72c3dc91c000-72c3dca00000 ---p 00000000 00:00 0 
72c3dca00000-72c3dcb47000 r--p 00000000 fc:00 49676374                   /mydata/openjdk-mmtk/build/b0test/images/jdk/lib/server/libmmtk_openjdk.so
72c3dcb47000-72c3dcdc0000 r-xp 00146000 fc:00 49676374                   /mydata/openjdk-mmtk/build/b0test/images/jdk/lib/server/libmmtk_openjdk.so
72c3dcdc0000-72c3dce00000 r--p 003be000 fc:00 49676374                   /mydata/openjdk-mmtk/build/b0test/images/jdk/lib/server/libmmtk_openjdk.so
72c3dce00000-72c3dce03000 rw-p 003fd000 fc:00 49676374                   /mydata/openjdk-mmtk/build/b0test/images/jdk/lib/server/libmmtk_openjdk.so
72c3dce03000-72c3dce05000 rw-p 00000000 00:00 0 
72c3dce17000-72c3dce24000 rw-p 00000000 00:00 0 
72c3dce24000-72c3dcf00000 ---p 00000000 00:00 0 
72c3dcf00000-72c3dcf04000 ---p 00000000 00:00 0 
72c3dcf04000-72c3dd000000 rw-p 00000000 00:00 0 
72c3dd000000-72c3dd2a9000 r--p 00000000 fc:00 49676373                   /mydata/openjdk-mmtk/build/b0test/images/jdk/lib/server/libjvm.so
72c3dd2a9000-72c3de13c000 r-xp 002a9000 fc:00 49676373                   /mydata/openjdk-mmtk/build/b0test/images/jdk/lib/server/libjvm.so
72c3de13c000-72c3de420000 r--p 0113c000 fc:00 49676373                   /mydata/openjdk-mmtk/build/b0test/images/jdk/lib/server/libjvm.so
72c3de420000-72c3de4f6000 r--p 0141f000 fc:00 49676373                   /mydata/openjdk-mmtk/build/b0test/images/jdk/lib/server/libjvm.so
72c3de4f6000-72c3de526000 rw-p 014f5000 fc:00 49676373                   /mydata/openjdk-mmtk/build/b0test/images/jdk/lib/server/libjvm.so
72c3de526000-72c3de58c000 rw-p 00000000 00:00 0 
72c3de5e5000-72c3de5e9000 r--p 00000000 fc:00 49676364                   /mydata/openjdk-mmtk/build/b0test/images/jdk/lib/libverify.so
72c3de5e9000-72c3de5f0000 r-xp 00004000 fc:00 49676364                   /mydata/openjdk-mmtk/build/b0test/images/jdk/lib/libverify.so
72c3de5f0000-72c3de5f2000 r--p 0000b000 fc:00 49676364                   /mydata/openjdk-mmtk/build/b0test/images/jdk/lib/libverify.so
72c3de5f2000-72c3de5f4000 r--p 0000c000 fc:00 49676364                   /mydata/openjdk-mmtk/build/b0test/images/jdk/lib/libverify.so
72c3de5f4000-72c3de5f5000 rw-p 0000e000 fc:00 49676364                   /mydata/openjdk-mmtk/build/b0test/images/jdk/lib/libverify.so
72c3de5f5000-72c3de5f7000 r--p 00000000 fc:00 49676365                   /mydata/openjdk-mmtk/build/b0test/images/jdk/lib/libzip.so
72c3de5f7000-72c3de5fc000 r-xp 00002000 fc:00 49676365                   /mydata/openjdk-mmtk/build/b0test/images/jdk/lib/libzip.so
72c3de5fc000-72c3de5fe000 r--p 00007000 fc:00 49676365                   /mydata/openjdk-mmtk/build/b0test/images/jdk/lib/libzip.so
72c3de5fe000-72c3de5ff000 r--p 00008000 fc:00 49676365                   /mydata/openjdk-mmtk/build/b0test/images/jdk/lib/libzip.so
72c3de5ff000-72c3de600000 rw-p 00009000 fc:00 49676365                   /mydata/openjdk-mmtk/build/b0test/images/jdk/lib/libzip.so
72c3de600000-72c3de628000 r--p 00000000 08:03 1410238                    /usr/lib/x86_64-linux-gnu/libc.so.6
72c3de628000-72c3de7b0000 r-xp 00028000 08:03 1410238                    /usr/lib/x86_64-linux-gnu/libc.so.6
72c3de7b0000-72c3de7ff000 r--p 001b0000 08:03 1410238                    /usr/lib/x86_64-linux-gnu/libc.so.6
72c3de7ff000-72c3de803000 r--p 001fe000 08:03 1410238                    /usr/lib/x86_64-linux-gnu/libc.so.6
72c3de803000-72c3de805000 rw-p 00202000 08:03 1410238                    /usr/lib/x86_64-linux-gnu/libc.so.6
72c3de805000-72c3de812000 rw-p 00000000 00:00 0 
72c3de816000-72c3de819000 r--p 00000000 fc:00 49676361                   /mydata/openjdk-mmtk/build/b0test/images/jdk/lib/libnet.so
72c3de819000-72c3de821000 r-xp 00003000 fc:00 49676361                   /mydata/openjdk-mmtk/build/b0test/images/jdk/lib/libnet.so
72c3de821000-72c3de823000 r--p 0000b000 fc:00 49676361                   /mydata/openjdk-mmtk/build/b0test/images/jdk/lib/libnet.so
72c3de823000-72c3de824000 r--p 0000c000 fc:00 49676361                   /mydata/openjdk-mmtk/build/b0test/images/jdk/lib/libnet.so
72c3de824000-72c3de825000 rw-p 0000d000 fc:00 49676361                   /mydata/openjdk-mmtk/build/b0test/images/jdk/lib/libnet.so
72c3de825000-72c3de82c000 r--p 00000000 fc:00 49676362                   /mydata/openjdk-mmtk/build/b0test/images/jdk/lib/libnio.so
72c3de82c000-72c3de835000 r-xp 00007000 fc:00 49676362                   /mydata/openjdk-mmtk/build/b0test/images/jdk/lib/libnio.so
72c3de835000-72c3de839000 r--p 00010000 fc:00 49676362                   /mydata/openjdk-mmtk/build/b0test/images/jdk/lib/libnio.so
72c3de839000-72c3de83a000 r--p 00014000 fc:00 49676362                   /mydata/openjdk-mmtk/build/b0test/images/jdk/lib/libnio.so
72c3de83a000-72c3de83b000 rw-p 00015000 fc:00 49676362                   /mydata/openjdk-mmtk/build/b0test/images/jdk/lib/libnio.so
72c3de83b000-72c3de83e000 r--p 00000000 08:03 1410420                    /usr/lib/x86_64-linux-gnu/libelf-0.190.so
72c3de83e000-72c3de854000 r-xp 00003000 08:03 1410420                    /usr/lib/x86_64-linux-gnu/libelf-0.190.so
72c3de854000-72c3de858000 r--p 00019000 08:03 1410420                    /usr/lib/x86_64-linux-gnu/libelf-0.190.so
72c3de858000-72c3de859000 r--p 0001c000 08:03 1410420                    /usr/lib/x86_64-linux-gnu/libelf-0.190.so
72c3de859000-72c3de85a000 rw-p 0001d000 08:03 1410420                    /usr/lib/x86_64-linux-gnu/libelf-0.190.so
72c3de85d000-72c3de864000 r--s 00000000 08:03 1436340                    /usr/lib/x86_64-linux-gnu/gconv/gconv-modules.cache
72c3de864000-72c3de86c000 rw-p 00000000 00:00 0 
72c3de86c000-72c3de874000 ---p 00000000 00:00 0 
72c3de874000-72c3de881000 r--p 00000000 fc:00 49676354                   /mydata/openjdk-mmtk/build/b0test/images/jdk/lib/libjava.so
72c3de881000-72c3de890000 r-xp 0000d000 fc:00 49676354                   /mydata/openjdk-mmtk/build/b0test/images/jdk/lib/libjava.so
72c3de890000-72c3de895000 r--p 0001c000 fc:00 49676354                   /mydata/openjdk-mmtk/build/b0test/images/jdk/lib/libjava.so
72c3de895000-72c3de896000 r--p 00021000 fc:00 49676354                   /mydata/openjdk-mmtk/build/b0test/images/jdk/lib/libjava.so
72c3de896000-72c3de897000 rw-p 00022000 fc:00 49676354                   /mydata/openjdk-mmtk/build/b0test/images/jdk/lib/libjava.so
72c3de897000-72c3de898000 rw-p 00000000 00:00 0 
72c3de898000-72c3de8a0000 rw-s 00000000 08:03 237599                     /tmp/hsperfdata_root/315103
72c3de8a0000-72c3de8a4000 r--p 00000000 fc:00 49676355                   /mydata/openjdk-mmtk/build/b0test/images/jdk/lib/libjimage.so
72c3de8a4000-72c3de8bb000 r-xp 00004000 fc:00 49676355                   /mydata/openjdk-mmtk/build/b0test/images/jdk/lib/libjimage.so
72c3de8bb000-72c3de8c0000 r--p 0001b000 fc:00 49676355                   /mydata/openjdk-mmtk/build/b0test/images/jdk/lib/libjimage.so
72c3de8c0000-72c3de8c2000 r--p 00020000 fc:00 49676355                   /mydata/openjdk-mmtk/build/b0test/images/jdk/lib/libjimage.so
72c3de8c2000-72c3de8c3000 rw-p 00022000 fc:00 49676355                   /mydata/openjdk-mmtk/build/b0test/images/jdk/lib/libjimage.so
72c3de8c3000-72c3de8c7000 r--p 00000000 08:03 1410148                    /usr/lib/x86_64-linux-gnu/libgcc_s.so.1
72c3de8c7000-72c3de8eb000 r-xp 00004000 08:03 1410148                    /usr/lib/x86_64-linux-gnu/libgcc_s.so.1
72c3de8eb000-72c3de8ef000 r--p 00028000 08:03 1410148                    /usr/lib/x86_64-linux-gnu/libgcc_s.so.1
72c3de8ef000-72c3de8f0000 r--p 0002b000 08:03 1410148                    /usr/lib/x86_64-linux-gnu/libgcc_s.so.1
72c3de8f0000-72c3de8f1000 rw-p 0002c000 08:03 1410148                    /usr/lib/x86_64-linux-gnu/libgcc_s.so.1
72c3de8f1000-72c3de901000 r--p 00000000 08:03 1411099                    /usr/lib/x86_64-linux-gnu/libm.so.6
72c3de901000-72c3de980000 r-xp 00010000 08:03 1411099                    /usr/lib/x86_64-linux-gnu/libm.so.6
72c3de980000-72c3de9d8000 r--p 0008f000 08:03 1411099                    /usr/lib/x86_64-linux-gnu/libm.so.6
72c3de9d8000-72c3de9d9000 r--p 000e7000 08:03 1411099                    /usr/lib/x86_64-linux-gnu/libm.so.6
72c3de9d9000-72c3de9da000 rw-p 000e8000 08:03 1411099                    /usr/lib/x86_64-linux-gnu/libm.so.6
72c3de9da000-72c3de9dc000 rw-p 00000000 00:00 0 
72c3de9dc000-72c3de9de000 r--p 00000000 08:03 1409104                    /usr/lib/x86_64-linux-gnu/libz.so.1.3
72c3de9de000-72c3de9f0000 r-xp 00002000 08:03 1409104                    /usr/lib/x86_64-linux-gnu/libz.so.1.3
72c3de9f0000-72c3de9f6000 r--p 00014000 08:03 1409104                    /usr/lib/x86_64-linux-gnu/libz.so.1.3
72c3de9f6000-72c3de9f7000 r--p 0001a000 08:03 1409104                    /usr/lib/x86_64-linux-gnu/libz.so.1.3
72c3de9f7000-72c3de9f8000 rw-p 0001b000 08:03 1409104                    /usr/lib/x86_64-linux-gnu/libz.so.1.3
72c3de9fd000-72c3de9fe000 rw-s 00000000 00:10 68                         anon_inode:bpf-map
72c3de9fe000-72c3de9ff000 r--s 00000000 00:10 68                         anon_inode:bpf-map
72c3de9ff000-72c3dea00000 ---p 00000000 00:00 0 
72c3dea00000-72c3dea01000 r--p 00000000 00:00 0 
72c3dea01000-72c3dea02000 ---p 00000000 00:00 0 
72c3dea02000-72c3dea04000 r--p 00000000 fc:00 49676357                   /mydata/openjdk-mmtk/build/b0test/images/jdk/lib/libjli.so
72c3dea04000-72c3dea0e000 r-xp 00002000 fc:00 49676357                   /mydata/openjdk-mmtk/build/b0test/images/jdk/lib/libjli.so
72c3dea0e000-72c3dea11000 r--p 0000c000 fc:00 49676357                   /mydata/openjdk-mmtk/build/b0test/images/jdk/lib/libjli.so
72c3dea11000-72c3dea12000 r--p 0000f000 fc:00 49676357                   /mydata/openjdk-mmtk/build/b0test/images/jdk/lib/libjli.so
72c3dea12000-72c3dea13000 rw-p 00010000 fc:00 49676357                   /mydata/openjdk-mmtk/build/b0test/images/jdk/lib/libjli.so
72c3dea13000-72c3dea15000 rw-p 00000000 00:00 0 
72c3dea15000-72c3dea19000 r--p 00000000 00:00 0                          [vvar]
72c3dea19000-72c3dea1b000 r--p 00000000 00:00 0                          [vvar_vclock]
72c3dea1b000-72c3dea1d000 r-xp 00000000 00:00 0                          [vdso]
72c3dea1d000-72c3dea1e000 r--p 00000000 08:03 1409763                    /usr/lib/x86_64-linux-gnu/ld-linux-x86-64.so.2
72c3dea1e000-72c3dea49000 r-xp 00001000 08:03 1409763                    /usr/lib/x86_64-linux-gnu/ld-linux-x86-64.so.2
72c3dea49000-72c3dea53000 r--p 0002c000 08:03 1409763                    /usr/lib/x86_64-linux-gnu/ld-linux-x86-64.so.2
72c3dea53000-72c3dea55000 r--p 00036000 08:03 1409763                    /usr/lib/x86_64-linux-gnu/ld-linux-x86-64.so.2
72c3dea55000-72c3dea57000 rw-p 00038000 08:03 1409763                    /usr/lib/x86_64-linux-gnu/ld-linux-x86-64.so.2
7fffca071000-7fffca092000 rw-p 00000000 00:00 0                          [stack]
ffffffffff600000-ffffffffff601000 --xp 00000000 00:00 0                  [vsyscall]
Total number of mappings: 539

JVMTI agents: none


VM Arguments:
jvm_args: -XX:+UseThirdPartyHeap -Xms512m -Xmx512m 
java_command: /mydata/dacapo/dacapo-23.11/dacapo-23.11-MR2-chopin.jar xalan -n 3
java_class_path (initial): /mydata/dacapo/dacapo-23.11/dacapo-23.11-MR2-chopin.jar
Launcher Type: SUN_STANDARD

[Global flags]
     intx CICompilerCount                          = 15                                        {product} {ergonomic}
   size_t InitialHeapSize                          = 536870912                                 {product} {command line}
   size_t MaxHeapSize                              = 536870912                                 {product} {command line}
   size_t MinHeapDeltaBytes                        = 524288                                    {product} {ergonomic}
   size_t MinHeapSize                              = 536870912                                 {product} {command line}
    uintx NonNMethodCodeHeapSize                   = 8192380                                {pd product} {ergonomic}
    uintx NonProfiledCodeHeapSize                  = 121732930                              {pd product} {ergonomic}
    uintx ProfiledCodeHeapSize                     = 121732930                              {pd product} {ergonomic}
    uintx ReservedCodeCacheSize                    = 251658240                              {pd product} {ergonomic}
     bool SegmentedCodeCache                       = true                                      {product} {ergonomic}
   size_t SoftMaxHeapSize                          = 536870912                              {manageable} {ergonomic}
     bool UseCompressedOops                        = true                           {product lp64_product} {ergonomic}

Logging:
Log output configuration:
 #0: stdout all=warning uptime,level,tags foldmultilines=false
 #1: stderr all=off uptime,level,tags foldmultilines=false

Release file:
IMPLEMENTOR="N/A"
JAVA_RUNTIME_VERSION="21.0.9-internal-adhoc.talzuss.openjdk-mmtk"
JAVA_VERSION="21.0.9"
JAVA_VERSION_DATE="2025-10-21"
LIBC="gnu"
MODULES="java.base java.compiler java.datatransfer java.xml java.prefs java.desktop java.instrument java.logging java.management java.security.sasl java.naming java.rmi java.management.rmi java.net.http java.scripting java.security.jgss java.transaction.xa java.sql java.sql.rowset java.xml.crypto java.se java.smartcardio jdk.accessibility jdk.internal.jvmstat jdk.attach jdk.charsets jdk.internal.opt jdk.zipfs jdk.compiler jdk.crypto.ec jdk.crypto.cryptoki jdk.dynalink jdk.internal.ed jdk.editpad jdk.hotspot.agent jdk.httpserver jdk.incubator.vector jdk.internal.le jdk.internal.vm.ci jdk.internal.vm.compiler jdk.internal.vm.compiler.management jdk.jartool jdk.javadoc jdk.jcmd jdk.management jdk.management.agent jdk.jconsole jdk.jdeps jdk.jdwp.agent jdk.jdi jdk.jfr jdk.jlink jdk.jpackage jdk.jshell jdk.jsobject jdk.jstatd jdk.localedata jdk.management.jfr jdk.naming.dns jdk.naming.rmi jdk.net jdk.nio.mapmode jdk.random jdk.sctp jdk.security.auth jdk.security.jgss jdk.unsupported jdk.unsupported.desktop jdk.xml.dom"
OS_ARCH="x86_64"
OS_NAME="Linux"
SOURCE=".:git:b557520f04b3+"

Environment Variables:
PATH=/usr/local/sbin:/usr/local/bin:/usr/sbin:/usr/bin:/sbin:/bin:/snap/bin
SHELL=/bin/bash
LANG=en_US.UTF-8
TERM=tmux-256color

Active Locale:
LC_ALL=en_US.UTF-8
LC_COLLATE=en_US.UTF-8
LC_CTYPE=en_US.UTF-8
LC_MESSAGES=en_US.UTF-8
LC_MONETARY=en_US.UTF-8
LC_NUMERIC=en_US.UTF-8
LC_TIME=en_US.UTF-8

Signal Handlers:
   SIGSEGV: crash_handler in libjvm.so, mask=11100100010111111101111111111110, flags=SA_RESTART|SA_SIGINFO, unblocked
    SIGBUS: crash_handler in libjvm.so, mask=11100100010111111101111111111110, flags=SA_RESTART|SA_SIGINFO, unblocked
    SIGFPE: crash_handler in libjvm.so, mask=11100100010111111101111111111110, flags=SA_RESTART|SA_SIGINFO, unblocked
   SIGPIPE: javaSignalHandler in libjvm.so, mask=11100100010111111101111111111110, flags=SA_RESTART|SA_SIGINFO, blocked
   SIGXFSZ: javaSignalHandler in libjvm.so, mask=11100100010111111101111111111110, flags=SA_RESTART|SA_SIGINFO, blocked
    SIGILL: crash_handler in libjvm.so, mask=11100100010111111101111111111110, flags=SA_RESTART|SA_SIGINFO, unblocked
   SIGUSR2: SR_handler in libjvm.so, mask=00000000000000000000000000000000, flags=SA_RESTART|SA_SIGINFO, blocked
    SIGHUP: UserHandler in libjvm.so, mask=11100100010111111101111111111110, flags=SA_RESTART|SA_SIGINFO, blocked
    SIGINT: UserHandler in libjvm.so, mask=11100100010111111101111111111110, flags=SA_RESTART|SA_SIGINFO, blocked
   SIGTERM: UserHandler in libjvm.so, mask=11100100010111111101111111111110, flags=SA_RESTART|SA_SIGINFO, blocked
   SIGQUIT: UserHandler in libjvm.so, mask=11100100010111111101111111111110, flags=SA_RESTART|SA_SIGINFO, blocked
   SIGTRAP: crash_handler in libjvm.so, mask=11100100010111111101111111111110, flags=SA_RESTART|SA_SIGINFO, unblocked


Periodic native trim disabled

---------------  S Y S T E M  ---------------

OS:
DISTRIB_ID=Ubuntu
DISTRIB_RELEASE=24.04
DISTRIB_CODENAME=noble
DISTRIB_DESCRIPTION="Ubuntu 24.04.4 LTS"
uname: Linux 6.17.0-bpf-fault+ #1 SMP PREEMPT_DYNAMIC Mon Jul  6 16:43:12 MDT 2026 x86_64
OS uptime: 0 days 21:02 hours
libc: glibc 2.39 NPTL 2.39 
rlimit (soft/hard): STACK 8192k/infinity , CORE 0k/0k , NPROC 513205/513205 , NOFILE 1048576/1048576 , AS infinity/infinity , CPU infinity/infinity , DATA infinity/infinity , FSIZE infinity/infinity , MEMLOCK 16436528k/16436528k
load average: 1.70 1.73 0.98

/proc/meminfo:
MemTotal:       131492232 kB
MemFree:        73881824 kB
MemAvailable:   116081248 kB
Buffers:          516956 kB
Cached:         41078412 kB
SwapCached:            0 kB
Active:          3660028 kB
Inactive:       40785932 kB
Active(anon):    2867064 kB
Inactive(anon):        0 kB
Active(file):     792964 kB
Inactive(file): 40785932 kB
Unevictable:       41912 kB
Mlocked:           38840 kB
SwapTotal:       8388604 kB
SwapFree:        8388604 kB
Zswap:                 0 kB
Zswapped:              0 kB
Dirty:           1253692 kB
Writeback:             0 kB
AnonPages:       2894436 kB
Mapped:          9730176 kB
Shmem:              5316 kB
KReclaimable:    1871764 kB
Slab:            2393244 kB
SReclaimable:    1871764 kB
SUnreclaim:       521480 kB
KernelStack:       12048 kB
PageTables:        57208 kB
SecPageTables:      8800 kB
NFS_Unstable:          0 kB
Bounce:                0 kB
WritebackTmp:          0 kB
CommitLimit:    74134720 kB
Committed_AS:   163382176 kB
VmallocTotal:   34359738367 kB
VmallocUsed:       38036 kB
VmallocChunk:          0 kB
Percpu:            48896 kB
HardwareCorrupted:     0 kB
AnonHugePages:         0 kB
ShmemHugePages:        0 kB
ShmemPmdMapped:        0 kB
FileHugePages:   2168832 kB
FilePmdMapped:         0 kB
Unaccepted:            0 kB
Balloon:               0 kB
HugePages_Total:       0
HugePages_Free:        0
HugePages_Rsvd:        0
HugePages_Surp:        0
Hugepagesize:       2048 kB
Hugetlb:               0 kB
DirectMap4k:      697152 kB
DirectMap2M:    24055808 kB
DirectMap1G:    109051904 kB

/sys/kernel/mm/transparent_hugepage/enabled: always [madvise] never
/sys/kernel/mm/transparent_hugepage/hpage_pmd_size: 2097152
/sys/kernel/mm/transparent_hugepage/defrag (defrag/compaction efforts parameter): always defer defer+madvise [madvise] never

Process Memory:
Virtual Size: 13620284916K (peak: 13620284916K)
Resident Set Size: 4181948K (peak: 4181948K) (anon: 1008680K, file: 3173268K, shmem: 0K)
Swapped out: 0K
C-Heap outstanding allocations: 1408476K, retained: 38319K
glibc malloc tunables: (default)

/proc/sys/kernel/threads-max (system-wide limit on the number of threads): 1026411
/proc/sys/vm/max_map_count (maximum number of memory map areas a process may have): 1048576
/proc/sys/vm/swappiness (control to define how aggressively the kernel swaps out anonymous memory): 60
/proc/sys/kernel/pid_max (system-wide limit on number of process identifiers): 4194304

container information not found.
Steal ticks since vm start: 0
Steal ticks percentage since vm start:  0.000

CPU: total 32 (initial active 32) (32 cores per cpu, 2 threads per core) family 23 model 49 stepping 0 microcode 0x830107c, cx8, cmov, fxsr, ht, mmx, 3dnowpref, sse, sse2, sse3, ssse3, sse4a, sse4.1, sse4.2, popcnt, lzcnt, tsc, tscinvbit, avx, avx2, aes, clmul, bmi1, bmi2, adx, sha, fma, vzeroupper, clflush, clflushopt, rdtscp, rdpid, f16c
CPU Model and flags from /proc/cpuinfo:
model name	: AMD EPYC 7302P 16-Core Processor
flags		: fpu vme de pse tsc msr pae mce cx8 apic sep mtrr pge mca cmov pat pse36 clflush mmx fxsr sse sse2 ht syscall nx mmxext fxsr_opt pdpe1gb rdtscp lm constant_tsc rep_good nopl xtopology nonstop_tsc cpuid extd_apicid aperfmperf rapl pni pclmulqdq monitor ssse3 fma cx16 sse4_1 sse4_2 movbe popcnt aes xsave avx f16c rdrand lahf_lm cmp_legacy svm extapic cr8_legacy abm sse4a misalignsse 3dnowprefetch osvw ibs skinit wdt tce topoext perfctr_core perfctr_nb bpext perfctr_llc mwaitx cpb cat_l3 cdp_l3 hw_pstate ssbd mba ibrs ibpb stibp vmmcall fsgsbase bmi1 avx2 smep bmi2 cqm rdt_a rdseed adx smap clflushopt clwb sha_ni xsaveopt xsavec xgetbv1 xsaves cqm_llc cqm_occup_llc cqm_mbm_total cqm_mbm_local clzero irperf xsaveerptr rdpru wbnoinvd amd_ppin arat npt lbrv svm_lock nrip_save tsc_scale vmcb_clean flushbyasid decodeassists pausefilter pfthreshold avic v_vmsave_vmload vgif v_spec_ctrl umip rdpid overflow_recov succor smca sev sev_es

Online cpus: 0-31
Offline cpus: 
BIOS frequency limitation: <Not Available>
Frequency switch latency (ns): <Not Available>
Available cpu frequencies: <Not Available>
Current governor: <Not Available>
Core performance/turbo boost: <Not Available>

Memory: 4k page, physical 131492232k(116081248k free), swap 8388604k(8388604k free)
Page Sizes: 4k

vm_info: OpenJDK 64-Bit Server VM (21.0.9-internal-adhoc.talzuss.openjdk-mmtk) for linux-amd64 JRE (21.0.9-internal-adhoc.talzuss.openjdk-mmtk), built on 2026-07-06T23:13:08Z by "talzuss" with gcc 13.3.0
heap_info: MMTk OpenJDK 0.32.0 (a3bb9ef-dirty), using MMTk 0.32.0 (6afa497-dirty, BUILTIN_ENV_LOGGER, DEFAULT, EAGER_SWEEPING, VO_BIT)

END.
