[zheap] active: threshold=2 span=3072MB
BUILT cold=1024MB hot=64MB
HOT ops=4000000
HOT ops=8000000
HOT ops=12000000
[zheap] gc=1 newly=0 decomp=0 total_comp=0KB orig=0KB faults=0
HOT ops=16000000
HOT ops=20000000
HOT ops=24000000
[zheap] gc=2 newly=0 decomp=0 total_comp=0KB orig=0KB faults=0
HOT ops=28000000
HOT ops=32000000
HOT ops=36000000
[zheap] gc=3 newly=77 decomp=0 total_comp=42KB orig=308KB faults=0
HOT ops=40000000
HOT ops=44000000
HOT ops=48000000
[zheap] gc=4 newly=1 decomp=27 total_comp=42KB orig=312KB faults=28
HOT ops=52000000
HOT ops=56000000
HOT ops=60000000
[zheap] gc=5 newly=0 decomp=1 total_comp=42KB orig=312KB faults=29
HOT ops=64000000
HOT ops=68000000
HOT ops=72000000
[zheap] gc=6 newly=27 decomp=0 total_comp=81KB orig=420KB faults=29
HOT ops=76000000
HOT ops=80000000
HOT ops=84000000
[zheap] gc=7 newly=1 decomp=27 total_comp=81KB orig=424KB faults=56
HOT ops=88000000
HOT ops=92000000
HOT ops=96000000
[zheap] gc=8 newly=0 decomp=1 total_comp=81KB orig=424KB faults=57
HOT ops=100000000
HOT ops=104000000
HOT ops=108000000
HOT ops=112000000
[zheap] gc=9 newly=26 decomp=6 total_comp=119KB orig=528KB faults=63
HOT ops=116000000
HOT ops=120000000
HOT ops=124000000
[zheap] gc=10 newly=1 decomp=26 total_comp=120KB orig=532KB faults=89
HOT ops=128000000
HOT ops=132000000
HOT ops=136000000
[zheap] gc=11 newly=7 decomp=1 total_comp=121KB orig=560KB faults=90
HOT ops=140000000
HOT ops=144000000
HOT ops=148000000
[zheap] gc=12 newly=26 decomp=1 total_comp=159KB orig=664KB faults=91
HOT ops=152000000
HOT ops=156000000
HOT ops=160000000
[zheap] gc=13 newly=1 decomp=26 total_comp=159KB orig=668KB faults=117
HOT ops=164000000
HOT ops=168000000
HOT ops=172000000
[zheap] gc=14 newly=1 decomp=1 total_comp=160KB orig=672KB faults=118
HOT ops=176000000
HOT ops=180000000
HOT ops=184000000
[zheap] gc=15 newly=26 decomp=1 total_comp=198KB orig=776KB faults=119
HOT ops=188000000
HOT ops=192000000
HOT ops=196000000
[zheap] gc=16 newly=1 decomp=26 total_comp=198KB orig=780KB faults=145
HOT ops=200000000
HOT ops=204000000
HOT ops=208000000
HOT ops=212000000
[zheap] gc=17 newly=1 decomp=1 total_comp=199KB orig=784KB faults=147
HOT ops=216000000
HOT ops=220000000
HOT ops=224000000
[zheap] gc=18 newly=26 decomp=1 total_comp=237KB orig=888KB faults=148
HOT ops=228000000
HOT ops=232000000
HOT ops=236000000
[zheap] gc=19 newly=1 decomp=26 total_comp=237KB orig=892KB faults=174
HOT ops=240000000
HOT ops=244000000
HOT ops=248000000
[zheap] gc=20 newly=1 decomp=1 total_comp=238KB orig=896KB faults=175
HOT ops=252000000
HOT ops=256000000
HOT ops=260000000
[zheap] gc=21 newly=26 decomp=1 total_comp=276KB orig=1000KB faults=176
HOT ops=264000000
HOT ops=268000000
HOT ops=272000000
[zheap] gc=22 newly=1 decomp=26 total_comp=276KB orig=1004KB faults=202
HOT ops=276000000
HOT ops=280000000
HOT ops=284000000
[zheap] gc=23 newly=1 decomp=1 total_comp=277KB orig=1008KB faults=203
HOT ops=288000000
HOT ops=292000000
HOT ops=296000000
[zheap] gc=24 newly=26 decomp=1 total_comp=315KB orig=1112KB faults=204
HOT ops=300000000
HOT ops=304000000
HOT ops=308000000
[zheap] gc=25 newly=1 decomp=26 total_comp=315KB orig=1116KB faults=230
HOT ops=312000000
HOT ops=316000000
HOT ops=320000000
HOT ops=324000000
[zheap] gc=26 newly=1 decomp=1 total_comp=315KB orig=1120KB faults=231
HOT ops=328000000
HOT ops=332000000
HOT ops=336000000
[zheap] gc=27 newly=26 decomp=1 total_comp=354KB orig=1224KB faults=232
HOT ops=340000000
HOT ops=344000000
HOT ops=348000000
[zheap] gc=28 newly=1 decomp=32 total_comp=354KB orig=1228KB faults=264
HOT ops=352000000
HOT ops=356000000
HOT ops=360000000
[zheap] gc=29 newly=0 decomp=1 total_comp=354KB orig=1228KB faults=265
HOT ops=364000000
HOT ops=368000000
HOT ops=372000000
[zheap] gc=30 newly=33 decomp=0 total_comp=393KB orig=1360KB faults=265
HOT ops=376000000
HOT ops=380000000
HOT ops=384000000
[zheap] gc=31 newly=1 decomp=27 total_comp=393KB orig=1364KB faults=292
HOT ops=388000000
HOT ops=392000000
HOT ops=396000000
[zheap] gc=32 newly=0 decomp=1 total_comp=393KB orig=1364KB faults=293
HOT ops=400000000
HOT ops=404000000
HOT ops=408000000
[zheap] gc=33 newly=27 decomp=0 total_comp=432KB orig=1472KB faults=293
HOT ops=412000000
HOT ops=416000000
HOT ops=420000000
HOT ops=424000000
[zheap] gc=34 newly=1 decomp=27 total_comp=432KB orig=1476KB faults=320
HOT ops=428000000
HOT ops=432000000
HOT ops=436000000
[zheap] gc=35 newly=0 decomp=1 total_comp=432KB orig=1476KB faults=321
HOT ops=440000000
HOT ops=444000000
HOT ops=448000000
[zheap] gc=36 newly=27 decomp=0 total_comp=471KB orig=1584KB faults=321
HOT ops=452000000
HOT ops=456000000
HOT ops=460000000
[zheap] gc=37 newly=1 decomp=27 total_comp=471KB orig=1588KB faults=348
HOT ops=464000000
HOT ops=468000000
HOT ops=472000000
[zheap] gc=38 newly=0 decomp=1 total_comp=471KB orig=1588KB faults=349
HOT ops=476000000
HOT ops=480000000
HOT ops=484000000
[zheap] gc=39 newly=27 decomp=0 total_comp=510KB orig=1696KB faults=349
HOT ops=488000000
HOT ops=492000000
HOT ops=496000000
[zheap] gc=40 newly=1 decomp=33 total_comp=510KB orig=1700KB faults=382
HOT ops=500000000
HOT ops=504000000
HOT ops=508000000
[zheap] gc=41 newly=0 decomp=1 total_comp=510KB orig=1700KB faults=384
HOT ops=512000000
HOT ops=516000000
HOT ops=520000000
HOT ops=524000000
[zheap] gc=42 newly=26 decomp=0 total_comp=548KB orig=1804KB faults=384
HOT ops=528000000
HOT ops=532000000
HOT ops=536000000
[zheap] gc=43 newly=1 decomp=26 total_comp=549KB orig=1808KB faults=410
HOT ops=540000000
HOT ops=544000000
HOT ops=548000000
[zheap] gc=44 newly=7 decomp=1 total_comp=550KB orig=1836KB faults=411
HOT ops=552000000
HOT ops=556000000
HOT ops=560000000
[zheap] gc=45 newly=26 decomp=1 total_comp=588KB orig=1940KB faults=412
HOT ops=564000000
HOT ops=568000000
HOT ops=572000000
[zheap] gc=46 newly=1 decomp=26 total_comp=589KB orig=1944KB faults=438
HOT ops=576000000
HOT ops=580000000
HOT ops=584000000
[zheap] gc=47 newly=1 decomp=1 total_comp=590KB orig=1948KB faults=439
HOT ops=588000000
HOT ops=592000000
HOT ops=596000000
[zheap] gc=48 newly=26 decomp=1 total_comp=628KB orig=2052KB faults=440
HOT ops=600000000
HOT ops=604000000
HOT ops=608000000
[zheap] gc=49 newly=1 decomp=26 total_comp=628KB orig=2056KB faults=466
HOT ops=612000000
HOT ops=616000000
HOT ops=620000000
[zheap] gc=50 newly=1 decomp=1 total_comp=629KB orig=2060KB faults=467
HOT ops=624000000
HOT ops=628000000
HOT ops=632000000
HOT ops=636000000
[zheap] gc=51 newly=26 decomp=1 total_comp=667KB orig=2164KB faults=468
HOT ops=640000000
HOT ops=644000000
HOT ops=648000000
[zheap] gc=52 newly=1 decomp=26 total_comp=667KB orig=2168KB faults=494
HOT ops=652000000
HOT ops=656000000
HOT ops=660000000
[zheap] gc=53 newly=1 decomp=1 total_comp=668KB orig=2172KB faults=495
HOT ops=664000000
HOT ops=668000000
HOT ops=672000000
[zheap] gc=54 newly=26 decomp=1 total_comp=706KB orig=2276KB faults=496
HOT ops=676000000
HOT ops=680000000
HOT ops=684000000
[zheap] gc=55 newly=1 decomp=26 total_comp=707KB orig=2280KB faults=522
HOT ops=688000000
HOT ops=692000000
HOT ops=696000000
[zheap] gc=56 newly=0 decomp=7 total_comp=707KB orig=2280KB faults=529
HOT ops=700000000
HOT ops=704000000
HOT ops=708000000
[zheap] gc=57 newly=26 decomp=0 total_comp=745KB orig=2384KB faults=529
HOT ops=712000000
HOT ops=716000000
HOT ops=720000000
[zheap] gc=58 newly=8 decomp=26 total_comp=747KB orig=2416KB faults=555
HOT ops=724000000
HOT ops=728000000
HOT ops=732000000
HOT ops=736000000
[zheap] gc=59 newly=0 decomp=2 total_comp=747KB orig=2416KB faults=557
HOT ops=740000000
HOT ops=744000000
HOT ops=748000000
[zheap] gc=60 newly=26 decomp=0 total_comp=785KB orig=2520KB faults=557
HOT ops=752000000
HOT ops=756000000
HOT ops=760000000
[zheap] gc=61 newly=2 decomp=26 total_comp=786KB orig=2528KB faults=583
HOT ops=764000000
HOT ops=768000000
HOT ops=772000000
[zheap] gc=62 newly=0 decomp=2 total_comp=786KB orig=2528KB faults=585
HOT ops=776000000
HOT ops=780000000
HOT ops=784000000
[zheap] gc=63 newly=25 decomp=0 total_comp=822KB orig=2628KB faults=585
HOT ops=788000000
HOT ops=792000000
HOT ops=796000000
[zheap] gc=64 newly=3 decomp=25 total_comp=825KB orig=2640KB faults=610
HOT ops=800000000
HOT ops=804000000
HOT ops=808000000
[zheap] gc=65 newly=0 decomp=3 total_comp=825KB orig=2640KB faults=613
HOT ops=812000000
HOT ops=816000000
HOT ops=820000000
[zheap] gc=66 newly=25 decomp=0 total_comp=861KB orig=2740KB faults=613
HOT ops=824000000
HOT ops=828000000
HOT ops=832000000
HOT ops=836000000
[zheap] gc=67 newly=3 decomp=25 total_comp=865KB orig=2752KB faults=638
HOT ops=840000000
HOT ops=844000000
HOT ops=848000000
[zheap] gc=68 newly=0 decomp=3 total_comp=865KB orig=2752KB faults=641
HOT ops=852000000
HOT ops=856000000
HOT ops=860000000
[zheap] gc=69 newly=25 decomp=0 total_comp=901KB orig=2852KB faults=641
HOT ops=864000000
HOT ops=868000000
HOT ops=872000000
[zheap] gc=70 newly=3 decomp=25 total_comp=904KB orig=2864KB faults=666
HOT ops=876000000
HOT ops=880000000
HOT ops=884000000
[zheap] gc=71 newly=0 decomp=3 total_comp=904KB orig=2864KB faults=669
HOT ops=888000000
HOT ops=892000000
HOT ops=896000000
[zheap] gc=72 newly=25 decomp=0 total_comp=940KB orig=2964KB faults=669
HOT ops=900000000
HOT ops=904000000
HOT ops=908000000
[zheap] gc=73 newly=3 decomp=25 total_comp=943KB orig=2976KB faults=694
HOT ops=912000000
HOT ops=916000000
HOT ops=920000000
[zheap] gc=74 newly=0 decomp=3 total_comp=943KB orig=2976KB faults=697
HOT ops=924000000
HOT ops=928000000
HOT ops=932000000
[zheap] gc=75 newly=25 decomp=0 total_comp=980KB orig=3076KB faults=697
HOT ops=936000000
HOT ops=940000000
HOT ops=944000000
HOT ops=948000000
[zheap] gc=76 newly=3 decomp=25 total_comp=983KB orig=3088KB faults=722
HOT ops=952000000
HOT ops=956000000
HOT ops=960000000
[zheap] gc=77 newly=0 decomp=3 total_comp=983KB orig=3088KB faults=725
HOT ops=964000000
HOT ops=968000000
HOT ops=972000000
[zheap] gc=78 newly=25 decomp=0 total_comp=1019KB orig=3188KB faults=725
HOT ops=976000000
HOT ops=980000000
HOT ops=984000000
[zheap] gc=79 newly=3 decomp=25 total_comp=1022KB orig=3200KB faults=750
HOT ops=988000000
HOT ops=992000000
HOT ops=996000000
[zheap] gc=80 newly=0 decomp=3 total_comp=1022KB orig=3200KB faults=753
HOT ops=1000000000
HOT ops=1004000000
HOT ops=1008000000
[zheap] gc=81 newly=25 decomp=0 total_comp=1058KB orig=3300KB faults=753
HOT ops=1012000000
HOT ops=1016000000
HOT ops=1020000000
[zheap] gc=82 newly=2 decomp=31 total_comp=1061KB orig=3308KB faults=784
HOT ops=1024000000
HOT ops=1028000000
HOT ops=1032000000
[zheap] gc=83 newly=0 decomp=2 total_comp=1061KB orig=3308KB faults=786
HOT ops=1036000000
HOT ops=1040000000
HOT ops=1044000000
HOT ops=1048000000
[zheap] gc=84 newly=32 decomp=0 total_comp=1098KB orig=3436KB faults=786
HOT ops=1052000000
HOT ops=1056000000
DONE ops=1057037000 sum=67128905124 check=0
