[zheap] active: threshold=2 span=3072MB
BUILT cold=1024MB hot=64MB
HOT ops=4000000
HOT ops=8000000
HOT ops=12000000
HOT ops=16000000
HOT ops=20000000
HOT ops=24000000
[zheap] gc=1 newly=0 decomp=0 total_comp=0KB orig=0KB faults=0
HOT ops=28000000
HOT ops=32000000
HOT ops=36000000
HOT ops=40000000
HOT ops=44000000
HOT ops=48000000
HOT ops=52000000
[zheap] gc=2 newly=0 decomp=0 total_comp=0KB orig=0KB faults=0
HOT ops=56000000
HOT ops=60000000
HOT ops=64000000
HOT ops=68000000
HOT ops=72000000
HOT ops=76000000
HOT ops=80000000
[zheap] gc=3 newly=278626 decomp=0 total_comp=284206KB orig=1114504KB faults=0
HOT ops=84000000
HOT ops=88000000
HOT ops=92000000
HOT ops=96000000
HOT ops=100000000
HOT ops=104000000
HOT ops=108000000
[zheap] gc=4 newly=1 decomp=16399 total_comp=284207KB orig=1114508KB faults=16399
HOT ops=112000000
HOT ops=116000000
HOT ops=120000000
HOT ops=124000000
HOT ops=128000000
HOT ops=132000000
HOT ops=136000000
[zheap] gc=5 newly=0 decomp=0 total_comp=284207KB orig=1114508KB faults=16399
HOT ops=140000000
HOT ops=144000000
HOT ops=148000000
HOT ops=152000000
HOT ops=156000000
HOT ops=160000000
HOT ops=164000000
[zheap] gc=6 newly=16407 decomp=0 total_comp=302147KB orig=1180136KB faults=16399
HOT ops=168000000
HOT ops=172000000
HOT ops=176000000
HOT ops=180000000
HOT ops=184000000
HOT ops=188000000
HOT ops=192000000
[zheap] gc=7 newly=0 decomp=16398 total_comp=302147KB orig=1180136KB faults=32797
HOT ops=196000000
HOT ops=200000000
HOT ops=204000000
HOT ops=208000000
HOT ops=212000000
HOT ops=216000000
[zheap] gc=8 newly=0 decomp=0 total_comp=302147KB orig=1180136KB faults=32797
HOT ops=220000000
HOT ops=224000000
HOT ops=228000000
HOT ops=232000000
HOT ops=236000000
HOT ops=240000000
HOT ops=244000000
[zheap] gc=9 newly=16398 decomp=0 total_comp=320085KB orig=1245728KB faults=32797
HOT ops=248000000
HOT ops=252000000
HOT ops=256000000
HOT ops=260000000
HOT ops=264000000
HOT ops=268000000
HOT ops=272000000
[zheap] gc=10 newly=0 decomp=16398 total_comp=320085KB orig=1245728KB faults=49195
HOT ops=276000000
HOT ops=280000000
HOT ops=284000000
HOT ops=288000000
HOT ops=292000000
HOT ops=296000000
HOT ops=300000000
[zheap] gc=11 newly=0 decomp=0 total_comp=320085KB orig=1245728KB faults=49195
HOT ops=304000000
HOT ops=308000000
HOT ops=312000000
HOT ops=316000000
HOT ops=320000000
HOT ops=324000000
HOT ops=328000000
[zheap] gc=12 newly=16398 decomp=0 total_comp=338023KB orig=1311320KB faults=49195
HOT ops=332000000
HOT ops=336000000
HOT ops=340000000
HOT ops=344000000
HOT ops=348000000
HOT ops=352000000
HOT ops=356000000
[zheap] gc=13 newly=0 decomp=16398 total_comp=338023KB orig=1311320KB faults=65593
HOT ops=360000000
HOT ops=364000000
HOT ops=368000000
HOT ops=372000000
HOT ops=376000000
HOT ops=380000000
HOT ops=384000000
[zheap] gc=14 newly=0 decomp=0 total_comp=338023KB orig=1311320KB faults=65593
HOT ops=388000000
HOT ops=392000000
HOT ops=396000000
HOT ops=400000000
HOT ops=404000000
HOT ops=408000000
[zheap] gc=15 newly=16414 decomp=0 total_comp=355962KB orig=1376976KB faults=65593
HOT ops=412000000
HOT ops=416000000
HOT ops=420000000
HOT ops=424000000
HOT ops=428000000
HOT ops=432000000
HOT ops=436000000
[zheap] gc=16 newly=0 decomp=16398 total_comp=355962KB orig=1376976KB faults=81991
HOT ops=440000000
HOT ops=444000000
HOT ops=448000000
HOT ops=452000000
HOT ops=456000000
HOT ops=460000000
HOT ops=464000000
[zheap] gc=17 newly=0 decomp=2 total_comp=355962KB orig=1376976KB faults=81993
HOT ops=468000000
HOT ops=472000000
HOT ops=476000000
HOT ops=480000000
HOT ops=484000000
HOT ops=488000000
HOT ops=492000000
[zheap] gc=18 newly=16397 decomp=0 total_comp=373898KB orig=1442564KB faults=81993
HOT ops=496000000
HOT ops=500000000
HOT ops=504000000
HOT ops=508000000
HOT ops=512000000
HOT ops=516000000
HOT ops=520000000
[zheap] gc=19 newly=2 decomp=16399 total_comp=373901KB orig=1442572KB faults=98392
HOT ops=524000000
HOT ops=528000000
HOT ops=532000000
HOT ops=536000000
HOT ops=540000000
HOT ops=544000000
HOT ops=548000000
[zheap] gc=20 newly=17 decomp=0 total_comp=373904KB orig=1442640KB faults=98392
HOT ops=552000000
HOT ops=556000000
HOT ops=560000000
HOT ops=564000000
HOT ops=568000000
HOT ops=572000000
HOT ops=576000000
[zheap] gc=21 newly=16423 decomp=1 total_comp=391845KB orig=1508332KB faults=98393
HOT ops=580000000
HOT ops=584000000
HOT ops=588000000
HOT ops=592000000
HOT ops=596000000
HOT ops=600000000
[zheap] gc=22 newly=0 decomp=16394 total_comp=391845KB orig=1508332KB faults=114787
HOT ops=604000000
HOT ops=608000000
HOT ops=612000000
HOT ops=616000000
HOT ops=620000000
HOT ops=624000000
HOT ops=628000000
[zheap] gc=23 newly=1 decomp=0 total_comp=391846KB orig=1508336KB faults=114787
HOT ops=632000000
HOT ops=636000000
HOT ops=640000000
HOT ops=644000000
HOT ops=648000000
HOT ops=652000000
HOT ops=656000000
[zheap] gc=24 newly=16394 decomp=1 total_comp=409780KB orig=1573912KB faults=114788
HOT ops=660000000
HOT ops=664000000
HOT ops=668000000
HOT ops=672000000
HOT ops=676000000
HOT ops=680000000
HOT ops=684000000
[zheap] gc=25 newly=0 decomp=16396 total_comp=409780KB orig=1573912KB faults=131184
HOT ops=688000000
HOT ops=692000000
HOT ops=696000000
HOT ops=700000000
HOT ops=704000000
HOT ops=708000000
HOT ops=712000000
[zheap] gc=26 newly=1 decomp=0 total_comp=409782KB orig=1573916KB faults=131184
HOT ops=716000000
HOT ops=720000000
HOT ops=724000000
HOT ops=728000000
HOT ops=732000000
HOT ops=736000000
HOT ops=740000000
[zheap] gc=27 newly=16404 decomp=1 total_comp=427720KB orig=1639532KB faults=131185
HOT ops=744000000
HOT ops=748000000
HOT ops=752000000
HOT ops=756000000
HOT ops=760000000
HOT ops=764000000
HOT ops=768000000
[zheap] gc=28 newly=0 decomp=16401 total_comp=427720KB orig=1639532KB faults=147586
HOT ops=772000000
HOT ops=776000000
HOT ops=780000000
HOT ops=784000000
HOT ops=788000000
HOT ops=792000000
[zheap] gc=29 newly=1 decomp=0 total_comp=427722KB orig=1639536KB faults=147586
HOT ops=796000000
HOT ops=800000000
HOT ops=804000000
HOT ops=808000000
HOT ops=812000000
HOT ops=816000000
HOT ops=820000000
[zheap] gc=30 newly=16401 decomp=1 total_comp=445662KB orig=1705140KB faults=147587
HOT ops=824000000
HOT ops=828000000
HOT ops=832000000
HOT ops=836000000
HOT ops=840000000
HOT ops=844000000
HOT ops=848000000
[zheap] gc=31 newly=0 decomp=16394 total_comp=445662KB orig=1705140KB faults=163981
HOT ops=852000000
HOT ops=856000000
HOT ops=860000000
HOT ops=864000000
HOT ops=868000000
HOT ops=872000000
HOT ops=876000000
[zheap] gc=32 newly=1 decomp=2 total_comp=445663KB orig=1705144KB faults=163983
HOT ops=880000000
HOT ops=884000000
HOT ops=888000000
HOT ops=892000000
HOT ops=896000000
HOT ops=900000000
HOT ops=904000000
[zheap] gc=33 newly=16394 decomp=1 total_comp=463597KB orig=1770720KB faults=163984
HOT ops=908000000
HOT ops=912000000
HOT ops=916000000
HOT ops=920000000
HOT ops=924000000
HOT ops=928000000
HOT ops=932000000
[zheap] gc=34 newly=2 decomp=16394 total_comp=463598KB orig=1770728KB faults=180378
HOT ops=936000000
HOT ops=940000000
HOT ops=944000000
HOT ops=948000000
HOT ops=952000000
HOT ops=956000000
HOT ops=960000000
[zheap] gc=35 newly=1 decomp=0 total_comp=463599KB orig=1770732KB faults=180378
HOT ops=964000000
HOT ops=968000000
HOT ops=972000000
HOT ops=976000000
HOT ops=980000000
HOT ops=984000000
[zheap] gc=36 newly=16394 decomp=3 total_comp=481533KB orig=1836308KB faults=180381
HOT ops=988000000
HOT ops=992000000
HOT ops=996000000
HOT ops=1000000000
HOT ops=1004000000
HOT ops=1008000000
HOT ops=1012000000
[zheap] gc=37 newly=0 decomp=16395 total_comp=481533KB orig=1836308KB faults=196776
HOT ops=1016000000
HOT ops=1020000000
HOT ops=1024000000
HOT ops=1028000000
HOT ops=1032000000
HOT ops=1036000000
DONE ops=1038164000 sum=64762442368 check=0
